0,0.6463874313200499,0.6461898238810397
1,0.6098185685378373,0.6105698935190561
2,0.5792568097539063,0.5780337684475817
3,0.5541279274652992,0.5517602920654798
4,0.5304575962850998,0.5302173536570968
5,0.5112648686967182,0.5102474389709059
6,0.4932014507234378,0.4926891541161822
7,0.4793396686424178,0.4781695445324028
8,0.4679423948212892,0.46784000144189275
9,0.4557986904351031,0.4560894080954886
10,0.4461710625246023,0.4476467968553535
11,0.4385416005662454,0.4406911373464285
12,0.43236744481545686,0.43485025913814473
13,0.4273530907072321,0.42932466219751375
14,0.4218646483516646,0.42567554886567327
15,0.41786168012069597,0.42246942575962254
16,0.4114971698988215,0.41865814247809885
17,0.40348189316184874,0.4133302833942283
18,0.3998846292665942,0.41033247884359964
19,0.3953113267801819,0.4068662736191193
20,0.3905767240712564,0.40407114102620134
21,0.3874282537558726,0.4010217623423219
22,0.3845509483370498,0.3999544437407885
23,0.38070763080668324,0.3974307297388436
24,0.37569658684322016,0.3927321073268479
25,0.37268868656350274,0.39052157551804906
26,0.3699136300598506,0.38856615476067224
27,0.36572527132423277,0.3857954398336815
28,0.3635550460523549,0.3847363761265953
29,0.3600322272779333,0.3828134111171104
30,0.35724781618712814,0.38119544213684187
31,0.35440051897264957,0.3787626987656408
32,0.35198155032974526,0.37751896773712784
33,0.3488333584293945,0.37445684999010515
34,0.3457732625136363,0.37258987470785687
35,0.34331449403200665,0.3702863547550835
36,0.341166328532408,0.3681876353446689
37,0.3382057389343883,0.3658792974601164
38,0.33594340427892216,0.3646323045022641
39,0.33366555265614195,0.3638547854887513
40,0.33107214617705505,0.36211358736005306
41,0.32890594822798885,0.3610047468647969
42,0.327279683118323,0.36015994518764727
43,0.32537897174281993,0.3588750118183093
44,0.32328256980224845,0.35840750613036393
45,0.3217179901048685,0.3574139993216012
46,0.319584340608265,0.3550496519918261
47,0.31586416924905625,0.3525954901276074
48,0.3141382095578115,0.3515628758727451
49,0.31325386871630245,0.35022286003306474
50,0.3115538361389583,0.34920110347526273
51,0.31018413235124653,0.34846667714291396
52,0.3083674203181699,0.3470741390033478
53,0.30707187351345394,0.3461570383331177
54,0.3050207555153425,0.34428578920262004
55,0.30264082894946615,0.342922752893203
56,0.3012137845091971,0.34239954008236423
57,0.2992182542216787,0.341848806611006
58,0.2974984989047554,0.34136283101966575
59,0.2949937158145116,0.3403970171172889
60,0.2932541983922273,0.33904405193156245
61,0.29210809925915676,0.33822759767843075
62,0.29066099946740726,0.337444525380197
63,0.2895855532391568,0.33683223398027495
64,0.28785381603801935,0.33574560725985825
65,0.28621599443954365,0.33536436672773995
66,0.28465528913473176,0.33444013848687093
67,0.2827906591356585,0.3329612402422175
68,0.28116227480852785,0.3315820745115419
69,0.2799347225240836,0.3309036284749469
70,0.27911125156618627,0.3308831945412961
71,0.27749864178147005,0.3304437211520577
72,0.2761824229070262,0.3292809007875481
73,0.2743604234427858,0.3283454839887323
74,0.27301155628327967,0.32742938047675235
75,0.2711638943515376,0.32588709901915086
76,0.26896615115301703,0.3258195434417972
77,0.26705302976891454,0.3253914121850434
78,0.26555756643980644,0.3244214250916116
79,0.26431487370416545,0.3241685059163694
80,0.26299691560111804,0.3234917123879964
81,0.2614583301857236,0.3225142249058302
82,0.2604424315230675,0.32187745945037266
83,0.2591693471383599,0.3211891154519678
84,0.25738480056608054,0.3197921069753307
85,0.2562345270653028,0.3196604203580229
86,0.2544207437302032,0.31882839262544804
87,0.253063014564841,0.3179579310972675
88,0.2519625545302899,0.31751053979737115
89,0.25098410634144025,0.31757774197467287
90,0.24959534609994197,0.31700551667560095
91,0.24737930792583435,0.31540825449777715
92,0.24594816453949167,0.31483806697636185
93,0.24398732610159723,0.3139006606785662
94,0.24274390819522979,0.313395450176859
95,0.24158549236805765,0.31264297307333494
96,0.24041376856248434,0.31248456649564
97,0.2392516265846909,0.31236914749327954
98,0.23771021193018735,0.31195077935517923
99,0.23640665012870382,0.311650329068103
100,0.23548223783530578,0.31132932230391375
101,0.23362805366308895,0.3102995808828414
102,0.23248124031036876,0.30962766424982224
103,0.2308974776972989,0.30831129818569714
104,0.22973459913146269,0.3075877876023016
105,0.22860315276866283,0.30697566308994
106,0.22714103810694544,0.30610854433023643
107,0.22577836344896016,0.3060898479180322
108,0.22462024559505767,0.305612431592249
109,0.22324691694909773,0.3048841874108414
110,0.2221590112464612,0.3043270451682617
111,0.22019724254613188,0.3031000327218165
112,0.2188107036747943,0.30318593740920147
113,0.21775398064827486,0.30221858099938187
114,0.21586564336798167,0.3015396478205942
115,0.2148331853819894,0.3010603941211732
116,0.21372896191616167,0.30065009231175893
117,0.21255713793755998,0.2997706993773093
118,0.21134947108806498,0.298878281437872
119,0.210118430403672,0.2978693088182447
120,0.20884507873239191,0.29776018636543206
121,0.20754376327078247,0.29726163755071217
122,0.20629677631244014,0.29618350272594723
123,0.2050655151818892,0.29547753654830944
124,0.20371139542966793,0.29506717195586724
125,0.20246331355975525,0.2942738994038844
126,0.2008648628994789,0.2933831833143665
127,0.19981205653605522,0.29285211872491973
128,0.19854416589243168,0.2924844657242413
129,0.1973978589571733,0.2918830603026567
130,0.19625807362038533,0.29086755118978813
131,0.19549902794761934,0.29058403474230077
132,0.1944968684405081,0.2902128773408486
133,0.19361959491595757,0.2898179292452286
134,0.1929078679582692,0.2896457001446446
135,0.19214468053975708,0.2889835423127737
136,0.1914227940040396,0.28822442637762624
137,0.1901425943426142,0.28723192922616747
138,0.18883473980965554,0.28678177296361057
139,0.18801784911684402,0.2863912329133669
140,0.1873874128094257,0.2863696364589163
141,0.18614362021489567,0.28584051140786876
142,0.18522700951565338,0.28500058215297114
143,0.18437003714328729,0.2842249084059957
144,0.1836891300959625,0.2839478973861193
145,0.18292830591576845,0.2838722613209967
146,0.18221323612845208,0.2836022762333887
147,0.1814098051046804,0.28302418455374484
148,0.18046447140520136,0.2827831529304018
149,0.17957595927464567,0.2825925025680486
150,0.1785743746611419,0.2827342225725601
151,0.17755410344015435,0.2823865967507714
152,0.17656562435536696,0.282584871234886
153,0.17610868055263346,0.2826226507559019
154,0.1750838971308955,0.2825320868001449
155,0.17416246091428453,0.281503123538112
156,0.17316991802529777,0.2809466587847871
157,0.17226787636748964,0.2807305552900057
158,0.1717083067329092,0.28066465879816216
159,0.1709292799064176,0.2805966335445285
160,0.16997777517428905,0.2804038924591619
161,0.16915359513277684,0.28030042921206477
162,0.16794519989050763,0.27976153701950596
163,0.167010751233034,0.2793775677030345
164,0.16633947277342176,0.27909017405812675
165,0.16580337987389848,0.2792985349490439
166,0.1648164514913833,0.27883925706771606
167,0.16402602215351406,0.2787672990161673
168,0.1632530744697946,0.2788392299070767
169,0.16270987627422334,0.27853483469332196
170,0.1619231496898951,0.27843814859985644
171,0.16107362257245014,0.27806019158550255
172,0.1599468827619501,0.2779953715183013
173,0.15923237337503948,0.27709370149810614
174,0.15827686982083652,0.2768807724788381
175,0.15763550139787863,0.27707695887869677
176,0.15705025332339473,0.2765537435814914
177,0.15636716881937593,0.27619975528799373
178,0.1555484440284063,0.2758125847425682
179,0.15482092303875394,0.2760309833836066
180,0.15416768154761676,0.2757344653117106
181,0.15364024872230866,0.27571690303335766
182,0.15266326041894485,0.275865844230107
183,0.1522226489660371,0.27574818197859147
184,0.15149857763960486,0.2751856084176744
185,0.15055929380046956,0.27498778310936955
186,0.1498055989942614,0.2747525245349867
187,0.14881394188531966,0.27448900035150997
188,0.14842659921316198,0.2746524236500568
189,0.14772350962364203,0.2740111444175462
190,0.1470051605965797,0.2741384817357227
191,0.14630537249401362,0.2742909138279087
192,0.14542146647630685,0.2738813444595959
193,0.14476944971760272,0.2741550114924975
194,0.14427129528548838,0.2738116183494645
195,0.14332544555605894,0.27344597578788327
196,0.14261602473530574,0.27304439871430275
197,0.14202142909061888,0.2729574918168812
198,0.1414982387298815,0.27254347048474625
199,0.14111052116881923,0.2728451314627951
200,0.1406778337025512,0.2730450817914807
201,0.14023833984505873,0.2726159434615314
202,0.13951264044650588,0.27296346143187283
203,0.13880803985074847,0.27295162431178416
204,0.13828577791709062,0.2730198669949732
205,0.13764210071054853,0.27294926393281455
206,0.13733170274853232,0.2729384755526398
207,0.1367967612366094,0.27269774974299743
208,0.13638634047986023,0.2726526193037459
209,0.13575740014430693,0.27267444537506513
210,0.13521838087152838,0.27243732341768556
211,0.13442436783306944,0.2722540500079417
212,0.133913815932717,0.27206629769344265
213,0.13350447838622287,0.2721879499906984
214,0.1331067061158573,0.27189620559256156
215,0.13278907181212676,0.2719069390825359
216,0.13247673428655116,0.2718310559893552
217,0.1319114262460626,0.27200951367781023
218,0.13122693820770248,0.271685761377024
219,0.13074603415646358,0.2717166150251132
220,0.13025140182582534,0.2714225811727131
221,0.12984577190895988,0.27122338428317977
222,0.12927493756173974,0.27117819812541155
223,0.12881483461477486,0.2710052884450243
224,0.12843273013741377,0.2708918085019316
225,0.1280597507470753,0.2704552573665462
226,0.12767122399320016,0.2700692378596383
227,0.12730235765360412,0.2703430924972543
228,0.12681622049364907,0.27040093806617077
229,0.12642350277616216,0.27007278468129603
230,0.12577781578706754,0.269872443524446
231,0.12528656112913136,0.26987576076199704
232,0.12480941283564459,0.269918159242827
233,0.12455589769753624,0.26983195642284286
234,0.12423485213243579,0.2696597964282818
235,0.1238691239007907,0.269594126791457
236,0.12351883429157873,0.2694699806939014
237,0.12321135861304666,0.26960705113378264
238,0.1227182198176172,0.2689918523957098
239,0.12231605391193626,0.2687774296495746
240,0.121884858468374,0.2688051907002272
241,0.12151356240970815,0.2689526650301298
242,0.12112459587083581,0.2689940362484887
243,0.1205116956667507,0.2691920004728699
244,0.12007869824744911,0.26945045208188023
245,0.11972599244103675,0.26920143065745195
246,0.11940128619680637,0.2691934926617437
247,0.11917273009388803,0.26918249448029635
248,0.1187279297661953,0.26935351163612437
249,0.11818173431786971,0.2693975043721921
250,0.11747120498782031,0.2687450103752788
251,0.11707648821128845,0.26874143327881117
252,0.11676249275576515,0.26875834467428267
253,0.1161627486701532,0.2691503243242972
254,0.11574654126096251,0.2694995277753735
255,0.11545772525995993,0.2695668586471784
256,0.11521860058617142,0.2695875824564682
257,0.11486113169684965,0.26926969615243634
258,0.11445398928159545,0.26907542863159295
259,0.11409990649891456,0.26879323294358454
260,0.11360101430575813,0.26876634004262545
261,0.11322654859304636,0.2686676192798131
262,0.11297809323728425,0.26904273931738715
263,0.1126638075190189,0.2688245097531612
264,0.11229466437471987,0.2689001229601698
265,0.112031163359609,0.26879143917227727
266,0.1115524053392293,0.26831845462420056
267,0.11116767689948316,0.26822941542831724
268,0.11083297946737575,0.2682607761690738
269,0.1105475581161121,0.2681595916803576
270,0.11030562485188712,0.26790738353116533
271,0.10977148634770356,0.2679500413047701
272,0.10944344229979552,0.2676834659134498
273,0.10919737337221423,0.26781385108627187
274,0.10887407175021725,0.2677490864210251
275,0.10843532451139155,0.26794098977707753
276,0.10801120359669822,0.2678990517911031
277,0.10770186786323616,0.2679249613887774
278,0.10745013309381338,0.26754851686085024
279,0.10707052400683037,0.2672375276118461
280,0.10666342044393952,0.2668778791139888
281,0.1062772450688787,0.26690041868723335
282,0.10589826889548877,0.2668917668909602
283,0.10548354253109969,0.26675303182896826
284,0.1048070906099697,0.2667459994597825
285,0.10442668358837667,0.2663604097362462
286,0.10414704394593617,0.2662993688498229
287,0.1038778058662807,0.26621348211683804
288,0.1036491619595559,0.26636543333100776
289,0.10336086086083322,0.2664055441854159
290,0.10300091069967834,0.26644346653497536
291,0.10281895445292039,0.26635671292716084
292,0.10233334173650283,0.26619798858940324
293,0.10194881348277487,0.26602987311338294
294,0.1018017449506184,0.26620534224762277
295,0.10149129937019691,0.2663721145095078
296,0.10119511279769414,0.26614539193526027
297,0.10076407467757231,0.2661911921902549
298,0.10046239204839823,0.26595463931226965
299,0.10015126832268036,0.2660622350328419
300,0.09977563103253444,0.26617022721707084
301,0.09953362028375139,0.26596754735114253
302,0.09924522679468406,0.2661269894643373
303,0.09901917715810622,0.2663385964862815
304,0.09861599033509261,0.2659359755261962
305,0.09827848542264267,0.26615089970190065
306,0.09795566735202217,0.2661900290624115
307,0.0978007154090102,0.2662533073774939
308,0.0974092819592202,0.26611653770533844
309,0.09712886990230463,0.2660764132667372
310,0.09681177058430383,0.2660955495776482
311,0.0965654582695479,0.26621519919801223
312,0.0963014295222462,0.2663624825339145
313,0.09603614258890505,0.2666638575374789
314,0.09574694283119733,0.26650266731911876
315,0.09549567052691635,0.266428687850107
316,0.09526797843047517,0.26626084772125463
317,0.09513282422313982,0.26616508540519135
318,0.09490960963238756,0.26608573392332496
319,0.09465180563518182,0.265873583275697
320,0.09443915591036116,0.265771800521381
321,0.09412993928072971,0.26581851114415017
322,0.09380369109009316,0.26579369724959706
323,0.09363233229607484,0.26555800686707176
324,0.09325156609895717,0.2655318389949709
325,0.09301227489812426,0.2655736226106836
326,0.0927536381269348,0.26564873018267965
327,0.09264260392727644,0.26547382225623684
328,0.09218947237405138,0.265702234259158
329,0.09200976850977896,0.2656839534392169
330,0.09181882883971342,0.26586844804765924
331,0.09158755991508921,0.2659481906152963
332,0.09133897508536878,0.2657285435016978
333,0.09097714212900923,0.2658394101074298
334,0.09080700216727455,0.26623208750047717
335,0.09036123885157714,0.26598140305481843
336,0.09007763070742841,0.2656848436904284
337,0.08973376853851754,0.26590280687621715
338,0.08941349855721041,0.2658728903859144
339,0.0892003055866359,0.26587127097448804
340,0.08897825641877188,0.2658609316337709
341,0.08868035117290528,0.26553780824951345
342,0.08839686021212463,0.26569586956709823
343,0.0881439100840872,0.2656098194146458
344,0.08792100787839938,0.2653846839648434
345,0.08773350886684184,0.2653617607800673
346,0.08750213255727886,0.2655292095709923
347,0.08718939535995113,0.2654557876704211
348,0.08705457404851617,0.26534845029934756
349,0.08681315167635671,0.26538351415742945
350,0.0866334047163868,0.26527407758774474
351,0.08626394317216425,0.2650838165244381
352,0.08591391380227822,0.26498281477737096
353,0.08563827893016561,0.2647573067956204
354,0.08540744785434974,0.26502052451081665
355,0.08521878191110127,0.2650121464979409
356,0.08501664093973799,0.2648895184114063
357,0.08476317770777282,0.26472556199973585
358,0.08459731248289029,0.2648336853549874
359,0.08439098713909807,0.26479562820066554
360,0.08418557668756485,0.264945398886052
361,0.08395363753723956,0.2650845483682986
362,0.08369950571418668,0.2651613659839199
363,0.08335508603111431,0.26508273989780917
364,0.08306143551265628,0.2651896878148313
365,0.0828235329588797,0.26519488595725843
366,0.0825817723096394,0.2654480656798462
367,0.08243185173241856,0.2653178791625118
368,0.08219837200665314,0.2656775349264307
369,0.0819899809926282,0.26580745565711483
370,0.081803427939309,0.2659538132475228
371,0.08167801816909136,0.26585554361514385
372,0.08145112635788415,0.2659449210047395
373,0.08130434265455981,0.2656904889114196
374,0.08107718380192595,0.26588652546169933
375,0.0808349162255057,0.2658770495408042
376,0.08068971662995594,0.26583270384679
377,0.08043292518552492,0.2659657019292789
378,0.08026291754051418,0.2658826448676289
379,0.08010466897090966,0.26566180929372163
380,0.07985797429539176,0.2659381819718535
381,0.07969428095083128,0.26600268634378943
382,0.07950198784773983,0.26597993246545376
383,0.07933773154770733,0.26597842340749206
384,0.07924335279349567,0.2660728991351868
385,0.07906774363566309,0.2661255435999561
386,0.07885648590945742,0.26599007707086664
387,0.07871681774002257,0.26608479821754866
388,0.07857105501416098,0.26603216328158613
389,0.07827762595944704,0.26637212131364807
390,0.0780794972154678,0.26640204360952274
391,0.0778821668390352,0.266533211414485
392,0.07771729185773919,0.26643489597512443
393,0.0775755310474139,0.2663519225064135
394,0.07738227757428934,0.26648334524104017
395,0.07722743314850233,0.2665137326078305
396,0.07697617224026088,0.26638223568627634
397,0.07684351245659678,0.26631554200261465
398,0.07662619118166378,0.2664935225691672
399,0.07644670411781576,0.2665598395269106
400,0.0761809411271574,0.2665392902955686
401,0.07603456859430842,0.2665876336474843
402,0.07581664789176651,0.2667788415136265
403,0.07556923459600152,0.26683960791496086
404,0.07544248240674019,0.26685735597457505
405,0.07519715957885674,0.26710989911032285
406,0.07500082989847036,0.26727555958633925
407,0.07477416672036404,0.26735217868997785
