0,0.4439505636692047,0.5087251663208008
1,0.3733671009540558,0.40251636505126953
2,0.35964927077293396,0.4031136929988861
3,0.3461657166481018,0.3940002918243408
4,0.3416000008583069,0.3811960220336914
5,0.34250184893608093,0.3773173689842224
6,0.3428315818309784,0.37496230006217957
7,0.3403976857662201,0.3756811022758484
8,0.3383287787437439,0.3743462562561035
9,0.3388056457042694,0.3771103024482727
10,0.33951473236083984,0.37880757451057434
11,0.3383261263370514,0.3786992132663727
12,0.33987370133399963,0.38026461005210876
13,0.33854201436042786,0.38001757860183716
14,0.33796828985214233,0.3807043731212616
15,0.33683398365974426,0.38095760345458984
16,0.3366447985172272,0.38164854049682617
17,0.3363434374332428,0.38204410672187805
18,0.3359971344470978,0.38108187913894653
19,0.33501046895980835,0.3811666965484619
20,0.334222674369812,0.3806071877479553
21,0.334398478269577,0.38118961453437805
22,0.3347451984882355,0.38106250762939453
23,0.3350210189819336,0.3809819221496582
24,0.3345038890838623,0.3804248869419098
25,0.33401018381118774,0.380749374628067
26,0.3343275189399719,0.380605548620224
27,0.3343620002269745,0.3799830675125122
28,0.3343577980995178,0.3792736232280731
29,0.3341395854949951,0.37973806262016296
30,0.3340925872325897,0.3798571825027466
31,0.3342783749103546,0.3803015947341919
32,0.3348315954208374,0.38056066632270813
33,0.33477169275283813,0.3810794949531555
34,0.33530759811401367,0.38136354088783264
35,0.3349546790122986,0.3809778094291687
36,0.3347054719924927,0.38108858466148376
37,0.3349232077598572,0.38130849599838257
38,0.3347606956958771,0.3812980651855469
39,0.3339540660381317,0.38004034757614136
40,0.3334059417247772,0.38037824630737305
41,0.3329377770423889,0.3813113570213318
42,0.33298295736312866,0.3810364902019501
43,0.33278870582580566,0.3808619976043701
44,0.33272498846054077,0.3805665671825409
45,0.3331999182701111,0.38086286187171936
46,0.3327261507511139,0.38061705231666565
47,0.33284229040145874,0.3808356821537018
48,0.33316078782081604,0.3812102973461151
49,0.33359843492507935,0.3818662464618683
50,0.3334782123565674,0.38157057762145996
51,0.3338077664375305,0.3816622197628021
52,0.33393505215644836,0.38173991441726685
53,0.3334822356700897,0.38148877024650574
54,0.3334455192089081,0.38133856654167175
55,0.3340080678462982,0.3814661204814911
56,0.33368709683418274,0.38150542974472046
57,0.3334507644176483,0.38109105825424194
