0,0.6411817067440874,0.641943417977833
1,0.631421478044221,0.6323319086312743
2,0.6215714736650332,0.6224030142228649
3,0.6115350184571702,0.6135680467898448
4,0.603851687725404,0.6061492646093348
5,0.5952228815064619,0.5980047152927007
6,0.5872272133133949,0.5906898626628436
7,0.580474105574232,0.5840164479380178
8,0.5732482742402971,0.5773596334848041
9,0.5669566953494187,0.5708217994481262
10,0.5610151412056579,0.5652402078941559
11,0.5557983213045469,0.5599377163809903
12,0.5502236790003803,0.5549001996159302
13,0.5452018406438096,0.5503375696738981
14,0.5412538344744113,0.5471847287318167
15,0.5365366233291684,0.5435032735226271
16,0.5322244512933982,0.5395431096880179
17,0.5291191962718207,0.536382659387639
18,0.5247592270815464,0.5324151669382797
19,0.5202638430000455,0.5279280093772215
20,0.5161900948019151,0.5246531681391956
21,0.5124560781266366,0.5211780329587343
22,0.5086776992764512,0.5178065037878573
23,0.5055261296457694,0.5155411787000317
24,0.503215965894899,0.5136986219542727
25,0.4997960061500572,0.5103549591519616
26,0.4960384962993137,0.5067582891084427
27,0.4927437639338076,0.5038783028091739
28,0.4893266385233563,0.5006641554734798
29,0.4872920479592967,0.4987904496144417
30,0.48446524740565305,0.4964541105462935
31,0.4819041739695292,0.4944696985421423
32,0.478646172657156,0.49151598662137985
33,0.47668177565545466,0.4898323542487672
34,0.47463767079844726,0.4881720463046312
35,0.47214053447540244,0.48587809337685023
36,0.4698494470016275,0.4837039816833198
37,0.46764093933086875,0.48163574257467817
38,0.46560238226716427,0.479437567805576
39,0.46405320147413315,0.4780459831415599
40,0.4628476703604976,0.47737923429896917
41,0.46101669976037235,0.47561129901644794
42,0.45901479044825255,0.4740291185771562
43,0.456736720403193,0.47292620129489493
44,0.4548928384766861,0.4709591220938315
45,0.45287839108706307,0.4691885304706167
46,0.4508778533139794,0.46776173530386694
47,0.44919838314073884,0.4662817525332813
48,0.44780972135971375,0.46539455793215156
49,0.4461881346506257,0.46402372252865526
50,0.4444128701262946,0.46213219519980236
51,0.44331085415147864,0.4615801203381625
52,0.44173389057176565,0.4602714688192273
53,0.4404600201932378,0.45905386616355776
54,0.4390914508427399,0.45820656713358193
55,0.4376336601091351,0.45662172929035305
56,0.436323117124059,0.4556511467673184
57,0.4353708199154218,0.45505887418040264
58,0.43456362637890855,0.45435246811435415
59,0.4333006440884154,0.45307901081477486
60,0.43235356933500063,0.45211026613574956
61,0.43113980691524495,0.450608635159804
62,0.4297271193082201,0.4501468110357039
63,0.42813978170689976,0.4493873299121164
64,0.4268610220350288,0.44847980616555155
65,0.4256577028329414,0.44743189725229404
66,0.4247906895813774,0.44712090640905733
67,0.4238302000891097,0.44637976585046624
68,0.422550821568036,0.44543273611896006
69,0.4214242689159854,0.4444647870217519
70,0.4205536264379662,0.44375221829380973
71,0.419581202164828,0.4428627576174935
72,0.4186877590293193,0.4421244752544114
73,0.41786357525469225,0.44170425862199914
74,0.4169157449089083,0.4408117007448419
75,0.4159947805581287,0.44033630557326764
76,0.41484323332488476,0.4392780363697551
77,0.413992190830057,0.4389115496702004
78,0.4129079822539503,0.43797948149999655
79,0.4119432941143148,0.43702564587182585
80,0.4109697617110857,0.4364035274325447
81,0.4100740216736429,0.4355547949120434
82,0.40892228638266337,0.43484753777861723
83,0.4080456935717155,0.43435687130124134
84,0.40738815852120114,0.43383670552785314
85,0.40660258655727083,0.43333623547059724
86,0.4056047928686215,0.4325668484771951
87,0.4048397951512473,0.4320265609656813
88,0.40397752705934875,0.4312670423509455
89,0.4031796185124962,0.43060005390248707
90,0.40253230200072554,0.4300534689413033
91,0.4016073479004718,0.42948211683846427
92,0.4005383463690174,0.4285976666716926
93,0.3998708292121078,0.4278827035271939
94,0.398445838047061,0.42672901754572706
95,0.3978299397562598,0.42640462551013925
96,0.39710328310330234,0.425963706949265
97,0.3965496075288655,0.42530093769332195
98,0.3956949666817999,0.4247480619769646
99,0.3949179304455942,0.42417550845028357
100,0.3940614254324407,0.4236556506217566
101,0.3933467173699251,0.4231595936158463
102,0.3925932471852374,0.42267823747770733
103,0.39151255658057404,0.42172145694061075
104,0.39062569378928125,0.4209983998527613
105,0.3895849775234417,0.4200076845299303
106,0.3886924351755349,0.41898265965558573
107,0.38818896389579904,0.41872900347353353
108,0.38747288790333767,0.41791351156872375
109,0.3868243419536949,0.4175416523685194
110,0.38605237296360717,0.4171246866740869
111,0.38551011464321955,0.41664443749650903
112,0.384923361064071,0.41610235317627925
113,0.38387714484531726,0.4159599264776511
114,0.38336217068303147,0.41561671788459664
115,0.38257855263977114,0.4149655692917285
116,0.3821704662049215,0.41465231387562906
117,0.3814903231627674,0.41400186887826085
118,0.38077854862061955,0.41317147009535427
119,0.3803068581080306,0.41286535637973004
120,0.37967332378359714,0.41244414069317675
121,0.3790573105324348,0.41182360817613295
122,0.37854341195712615,0.411551968376674
123,0.37794968712101995,0.41115422370542337
124,0.3773108395579695,0.4111252312979663
125,0.3768287540469816,0.4106363205014714
126,0.37640950850799715,0.41032587347579746
127,0.37558367094697104,0.409525715099179
128,0.3751237813901317,0.40927366629817835
129,0.3746410365133469,0.40897818916943907
130,0.37401156949936487,0.4084939457019338
131,0.37344674016598894,0.40810729998673845
132,0.37260607249213534,0.4072811348318471
133,0.37196453946056407,0.4066909807320708
134,0.37136844955084386,0.40626512030356154
135,0.3707899362419491,0.40611269057238075
136,0.3703426651456232,0.40589635196017854
137,0.3697337189309167,0.4053942455179659
138,0.3692822002707541,0.40514038962235255
139,0.36874036471173066,0.4050932549379262
140,0.36827921487800647,0.4050305919715816
141,0.36782704770566016,0.4046130297236916
142,0.36704608644973047,0.40398996787728547
143,0.3661993515032496,0.4032521394965481
144,0.3654769353687708,0.4029257830368241
145,0.3650181749791297,0.4025961538140778
146,0.3644827116544706,0.4024022015709485
147,0.36407495168449583,0.40216899396020755
148,0.36352932342027044,0.40229347774987334
149,0.36306776751168596,0.40195742083504704
150,0.36269857057060295,0.4018401158688074
151,0.36219810972375754,0.4013997674644009
152,0.3618254164202292,0.40119370065204185
153,0.3614434402540893,0.4011014433947823
154,0.36095747680748197,0.40078034158697623
155,0.36054749720383505,0.4003866727544629
156,0.36001074669905797,0.40016137017232484
157,0.3595278522304003,0.4000028551243104
158,0.35917927052933024,0.3998632489341305
159,0.35873692174583177,0.39982364796511594
160,0.35833519955217136,0.39978958457121605
161,0.3577245387691584,0.39943090791225305
162,0.35729969100459935,0.3993127932978782
163,0.3570121095988219,0.3989511579511408
164,0.3565243722761639,0.39872612683476594
165,0.3560470672491214,0.39840487020393445
166,0.3555964999363228,0.39809646021208506
167,0.3552313362502552,0.39791311952728486
168,0.35487459160406226,0.3979033153380088
169,0.35455392687545784,0.39793103876726477
170,0.3541618953753157,0.3976228515278887
171,0.35369112606975467,0.39706981335973357
172,0.35330131289529726,0.39707010024745043
173,0.3530688605973157,0.3969585305772895
174,0.3523492761760824,0.3965122224861484
175,0.3519926618699978,0.39599291158418704
176,0.35134481210207424,0.39591181010744253
177,0.3509088290538693,0.395481303731968
178,0.35014576045266976,0.39530442909575825
179,0.34980048018180476,0.3948157558071941
180,0.34928237092283637,0.39460644565117065
181,0.34881778078302916,0.39434828284545065
182,0.3484323775649815,0.3941023382289339
183,0.34810241385225915,0.39428665748665437
184,0.347757613064316,0.3943819494772285
185,0.3474159598581448,0.3940183753344618
186,0.34711403617777664,0.3938082424720974
187,0.3463329988229698,0.3932422073557973
188,0.3460477215929453,0.3930016510576467
189,0.34558137071333944,0.3924082331192024
190,0.34517536015293365,0.3923004636025139
191,0.3448661636844762,0.39213794786640566
192,0.344560639708476,0.39198857519665364
193,0.3441913737452626,0.3919249719154507
194,0.3437862245502857,0.3914989099914629
195,0.3431409824900024,0.3911111672718007
196,0.34277553636700847,0.3905300824188216
197,0.3423935584071556,0.38985223623276166
198,0.3419193490281575,0.39018359906030287
199,0.3415374104839538,0.38981234348018756
200,0.34122125132052716,0.38962203717000987
201,0.3408994659454767,0.3894218634646662
202,0.34058462000596496,0.38908809796074134
203,0.34011124458768116,0.38889695194906243
204,0.3395771523738172,0.3890123306438878
205,0.3391544078999873,0.38854084083274887
206,0.3387489666625121,0.3885510595294846
207,0.3383916630137622,0.38834281668094545
208,0.3381004506201901,0.3879277625526784
209,0.3376512942958043,0.38719034551034426
210,0.3374184279990888,0.38671828266016617
211,0.3368497068224169,0.38614443875947696
212,0.3366342018805976,0.3860620438391008
213,0.3362779977952728,0.3860311815613609
214,0.33605580146077596,0.38601439627159156
215,0.33577074691790626,0.3859026100295527
216,0.3354541365798989,0.3856643548571991
217,0.33515104628124964,0.3856125544248657
218,0.3348025405400846,0.3853134988801235
219,0.33419660269744356,0.3850175932514428
220,0.3338495783144453,0.3848692732139532
221,0.3333889823106588,0.3848018207214182
222,0.3330327701605187,0.38482726525060484
223,0.332546766121615,0.38456938915194877
224,0.3322442771768197,0.384393067891172
225,0.3319788572817653,0.3843680676442018
226,0.33145486041492367,0.384108587368992
227,0.33122609798977914,0.38399846757315176
228,0.33086975002951846,0.38354055593272646
229,0.33052147955501004,0.3832747294532084
230,0.3301719912688981,0.382953780259244
231,0.3297830415029692,0.3825938146153808
232,0.32950640833825107,0.3823687010370864
233,0.3291881997330287,0.3820977960472009
234,0.3287019600350476,0.38173103303920247
235,0.32845700224477453,0.38170704482089785
236,0.32822831423102355,0.38162474972678323
237,0.32791985145617625,0.38151620457196966
238,0.3276094000433512,0.381500676427387
239,0.3272574431561534,0.3811864486814774
240,0.3269656159034422,0.3811238123799022
241,0.32652560643509065,0.38084483331406044
242,0.3262077603810926,0.38048558589760173
243,0.326011453270213,0.38029621522696433
244,0.32573415864957683,0.3798560474622191
245,0.32548582116710606,0.3794973512745244
246,0.3252195659340484,0.3792541856221839
247,0.324865573309874,0.3789700521983159
248,0.32445925816230353,0.3786707210096572
249,0.32411507839394105,0.378780094470561
250,0.3237270001733654,0.37843204459104585
251,0.32351647289073476,0.37817028176185163
252,0.3230836033465859,0.37807837600158195
253,0.3228065220475642,0.37813683499505324
254,0.3225753870737295,0.37770209779242253
255,0.32223357914627176,0.37758308765379983
256,0.3219355413101332,0.3777956035816117
257,0.3217045770694154,0.37805269802398744
258,0.3214813625486038,0.3779336432315976
259,0.32115450315115895,0.37741530574188736
260,0.320700046822021,0.3770854765668425
261,0.320399934580555,0.37718887516124133
262,0.320146999539999,0.37719955840433533
263,0.3199066897732839,0.37718054200384776
264,0.3197156204794025,0.377169394030789
265,0.31951807514094005,0.37697829928123106
266,0.31918368903410943,0.37662491135064896
267,0.3189215006403026,0.37637822309914526
268,0.3187076995564571,0.37631588547646083
269,0.3184325415028066,0.37664456103079763
270,0.31815639779167637,0.3765897915509567
271,0.31788033325478193,0.3763225121786877
272,0.31761873935091034,0.37624846987650745
273,0.3170995201579212,0.37597532839471
274,0.3167782828271854,0.37568980730266704
275,0.31655881141920256,0.3751992868514531
276,0.31617969227905507,0.37459372335909047
277,0.3160263481339429,0.37452408639284884
278,0.31573880283925665,0.374480864758176
279,0.31545502887218957,0.37442192810796293
280,0.31522059017775605,0.3742252340231162
281,0.31494953134423354,0.37371942678113995
282,0.31463887279805464,0.37345297428598156
283,0.31416291066590907,0.3731494121603967
284,0.31392465920024804,0.3729127893538409
285,0.3136422510096124,0.3729684422768251
286,0.3133468325637594,0.372559402463367
287,0.31314497874525826,0.37230352283874824
288,0.3129361106853114,0.37238794563724076
289,0.3125088619115779,0.37247408109463076
290,0.3123106159664446,0.3726786280845353
291,0.3119991044076901,0.37245529780536496
292,0.3117840657191129,0.37244623919691
293,0.3114166405306011,0.37229687085347624
294,0.3110187024609517,0.3721309492239496
295,0.3107984325907112,0.37222704336826884
296,0.31057179539469093,0.372236411261961
297,0.3102850768142268,0.3721874776595601
298,0.31009141823839165,0.37173802786099136
299,0.30982420814095324,0.3718345677977266
300,0.3096357518632261,0.3720509957489666
301,0.30943314634271396,0.3722654815766189
302,0.30918055071926054,0.3722374280230447
303,0.3089764904173718,0.3721215131202315
304,0.30872044789312125,0.37231261333367976
305,0.3083447430542804,0.3718235615353409
306,0.3080800112721909,0.3717660771748819
307,0.3078493696355322,0.3716150061409511
308,0.3076417173138083,0.3716436073131836
309,0.3073861280488436,0.3710731812201472
310,0.3069496457817039,0.3709237114964427
311,0.30666976486079883,0.37092764964908065
312,0.30641952762564884,0.37078418265230734
313,0.30607940236666836,0.3701504336923054
314,0.3058117352759142,0.3699833859406987
315,0.30563492202053516,0.37002892486739264
316,0.30544761895390926,0.3701965362606393
317,0.30526443877194137,0.3700379379409667
318,0.3051044424446046,0.3699602733019653
319,0.30491155985089924,0.36983870318746215
320,0.30465670064743583,0.36976134392135557
321,0.3043383652625737,0.36956558988358723
322,0.3040580543056239,0.36930358175278877
323,0.30378461017699515,0.36872944571855565
324,0.30335705155275805,0.36827319714360834
325,0.30300452459643923,0.36829982811474804
326,0.3028171127177691,0.3683042775314837
327,0.30245893079028746,0.3679172674821095
328,0.30222036202982,0.36783691977709926
329,0.3020381821761858,0.3676355985440235
330,0.3017519745534936,0.3674419264714716
331,0.30142629665013393,0.3673891892443051
332,0.3012422147224072,0.3671864412983891
333,0.3009197858543567,0.366703487321317
334,0.3007243212783045,0.36685170287248653
335,0.3005435116882154,0.3667561366093831
336,0.3003645923025335,0.36667216194638036
337,0.30020480298847324,0.3665956751729931
338,0.29991505051486167,0.36638193544843106
339,0.29966313597280164,0.3661956694474282
340,0.299478961898301,0.36611902147844577
341,0.2991805955055661,0.36581696912569506
342,0.2990215274127052,0.36579820987557793
343,0.2987161292618191,0.36564294155244076
344,0.29856420505860587,0.3655446082059231
345,0.2983274819513282,0.36543722378570453
346,0.2981383935513284,0.36530930921730703
347,0.29777731344813074,0.3656788739876873
348,0.29757849922912805,0.36577231647007674
349,0.2973704523090081,0.36543405447233995
350,0.2971987371055245,0.36545266584152586
351,0.2970293319916799,0.36555358004927574
352,0.2968674884258986,0.36542619478319777
353,0.29669526459744233,0.36549427201449636
354,0.2964881919137912,0.3650560798984903
355,0.29631853173431494,0.3647490028300801
356,0.2960459641939186,0.3647415623119018
357,0.2957682308997932,0.36468244711159636
358,0.29547202678333534,0.36455892171931253
359,0.29531365115927427,0.36443121228012676
360,0.29518804993688963,0.3645928245151994
361,0.29499814427621956,0.36467391383847964
362,0.29476559322862583,0.36471343683974766
363,0.29461078230855864,0.36474174923552927
364,0.2944360988880792,0.3644709463071779
365,0.29428481512718757,0.36426793388681716
366,0.29399845259315316,0.3642805638702401
367,0.2938350768254673,0.3643121282071915
368,0.29353435617974244,0.3640023578882777
369,0.2933884088860019,0.36407920157135193
370,0.2930555297483395,0.36369593382761845
371,0.29292774140363853,0.3637461531356009
372,0.29270433483644337,0.3633429953797935
373,0.2925730319145305,0.36331363061116123
374,0.29226616537820044,0.36306729130781634
375,0.29197309117638925,0.36296072563237214
376,0.29178335340932393,0.3629924938034455
377,0.291593501036775,0.3630344460375733
378,0.29139291233782677,0.36286431329913565
379,0.29120249509714896,0.3627409218076073
380,0.2909803317323452,0.3626482502284635
381,0.2908509885713787,0.3626133994062492
382,0.2904249162047224,0.36238211207042587
383,0.290317038289918,0.36234780055831084
384,0.2901384653719898,0.36208028763081745
385,0.28988387015970196,0.36192940669695417
386,0.2897038943870468,0.3618614929359028
387,0.28954461960464434,0.3618110692390412
388,0.28931862839099787,0.36170451268091025
389,0.2889537473373901,0.3618875642629029
390,0.28882071385165015,0.36189987973396687
391,0.28858427289479954,0.36170686827086496
392,0.2883346021454683,0.3614423484925425
393,0.2882178026210751,0.3613089067353444
394,0.2881147189453804,0.36155467300604927
395,0.2879833305812683,0.36149538967888367
396,0.28776726042167405,0.36139408061940453
397,0.28758848709890833,0.3609900811650686
398,0.287450434677778,0.3607695632206619
399,0.28713817660637225,0.36068672235872024
400,0.2869611209871564,0.36066449681310725
401,0.2867997374734318,0.36096752716728486
402,0.2866631753578612,0.3609924059605864
403,0.2863743802063077,0.3608794523613236
404,0.2861785738048974,0.360827249311399
405,0.28601468509616307,0.3608225933278578
406,0.2857135002628218,0.36067756784939053
407,0.2854643541984846,0.36069857078258843
408,0.28520207312404905,0.3604283011104935
409,0.2850782425747089,0.36044585516471533
410,0.2848495778486998,0.3603275624499115
411,0.2847384752447444,0.3601586092763086
412,0.2845685864011421,0.3602542660832129
413,0.2843082599706102,0.36025595816785577
414,0.28412536654952236,0.35996999101241733
415,0.2838997585347408,0.3599483017754558
416,0.2836833639731894,0.3597962609950028
417,0.2834839300513947,0.3595988046238593
418,0.2832507660895332,0.3598030420366269
419,0.2830604776660556,0.3596053481147276
420,0.2828788178035053,0.35943293517965424
421,0.28273487813036396,0.3592385283511833
422,0.2826395316119989,0.35920582985974076
423,0.28246366893588276,0.35888199282054006
424,0.2823102081967791,0.3587997506200838
425,0.2821451527781823,0.3588257249891187
426,0.2819199016501257,0.3587086330102481
427,0.2817827324645026,0.3586195830394067
428,0.2814609431387168,0.3583009326928955
429,0.2811778582486799,0.3582658712463217
430,0.2810549737656395,0.358308072511282
431,0.2809692961867912,0.35824705025695075
432,0.28082268886538203,0.3584336927153237
433,0.2805442377453965,0.35833435504914835
434,0.280232165291836,0.3582140431539047
435,0.2800288931179217,0.358170481450141
436,0.27989179925962804,0.35853266509827697
437,0.2797469969960966,0.3586666004015546
438,0.2795532783343226,0.35853582793643923
439,0.2794362409208969,0.3583487466134694
440,0.27919782518973946,0.3582775688486028
441,0.279047885307505,0.3583340006459595
442,0.2788237213525043,0.3579660301676599
443,0.2787185819838526,0.3579042138330969
444,0.27850184917156745,0.3577547914301287
445,0.278370920959156,0.35760579706980883
446,0.27820413373546105,0.3575088804049701
447,0.2780581452554998,0.35750642044191105
448,0.27786518103837476,0.3573676092780528
449,0.27754189431040294,0.35742762786470134
450,0.2773028400684395,0.3572336140742927
451,0.2771374412186118,0.3571675064561034
452,0.2770134019673421,0.35701886559349244
453,0.276835045789509,0.3566090888282221
454,0.2766820058662212,0.35666038645908876
455,0.2764014259691983,0.3564709701925323
456,0.2762742167026811,0.35630720098188884
457,0.27610143743835275,0.35613594290305195
458,0.2759118464669154,0.35637368235183803
459,0.27550542922178445,0.35603269577187824
460,0.27543392269283745,0.3560838163842646
461,0.27528937089614774,0.35609266973552484
462,0.27514894414064606,0.3563560828062987
463,0.2749661779655363,0.3565321830214527
464,0.27481214873887355,0.3565137130781776
465,0.2746083981802127,0.3566040883554996
466,0.27440391333032466,0.356439090358245
467,0.2741792449384717,0.3566272259989151
468,0.27406605164593806,0.3566055223788775
469,0.27396537897759515,0.35656096727240744
470,0.2738003011324775,0.3564912345386888
471,0.2736848018913422,0.35657485358783264
472,0.273537874824158,0.35654281392687615
473,0.27342701463801566,0.35638067177541155
474,0.2732698612034881,0.3559793629469429
475,0.2731455589539736,0.3560361272463945
476,0.2730132293125613,0.3560584993938469
477,0.2728683906730423,0.35587346148317833
478,0.27277613621135666,0.3557824530453179
479,0.2726140976205228,0.3557890921099659
480,0.2724699204497543,0.35595165495957637
481,0.27230077484997295,0.3562337862033334
482,0.2720061156360451,0.3562042163123808
483,0.27186209261947303,0.35621680031125935
484,0.27158304801485383,0.3560495493017003
485,0.27139862050019703,0.3561853879408509
486,0.2712321456952514,0.3557311674576532
487,0.2711438152610361,0.35572472082630163
488,0.2709816436940546,0.3557892545250916
489,0.2707820481548042,0.355501803795681
490,0.2706885861345569,0.35550722845408667
491,0.2705573422810951,0.3554563785592551
492,0.27032212102837405,0.3551272103210013
493,0.27016295662194467,0.35495242529945453
494,0.27006587753419625,0.35513556110879396
495,0.2699308661462608,0.355183153640406
496,0.2698318911558783,0.3549783643028437
497,0.2695983499812628,0.3550144233935302
498,0.2694337659250421,0.35510002922667405
499,0.26926491254612095,0.3553813799061905
500,0.2691680964248286,0.35526405002288797
501,0.2688398551691741,0.3551733439709956
502,0.2686124672143438,0.3547923032791958
503,0.26844817047713815,0.35497933441559426
504,0.2683171072187682,0.3548484322008033
505,0.2682264955097525,0.355038949956893
506,0.26802501619767993,0.3546876784465246
507,0.2679173547808773,0.35474529346189293
508,0.26765096892404316,0.35439321719430955
509,0.26753636505102735,0.3543087322300351
510,0.2673684074250147,0.3541986894775103
511,0.26725038460343453,0.3541505759703507
512,0.2670419603105703,0.3540993727929201
513,0.26691094332706,0.35401016098386107
514,0.2667448355232474,0.35382842049509655
515,0.26651586327944177,0.35348515105989997
516,0.2664008831998352,0.35336252453911215
517,0.2663044050705656,0.35327080822939616
518,0.266186954701374,0.35309633645908334
519,0.26599280959495103,0.3528216578155937
520,0.2658150036399347,0.35294866411288095
521,0.265722178350105,0.3528485321046009
522,0.265606310351544,0.3529664793051287
523,0.26525428958997027,0.3532010250575703
524,0.2651075327305415,0.3532244637556843
525,0.26488926531403556,0.3529713661943997
526,0.26476593924182984,0.3528959017409894
527,0.26456527203411806,0.3531439308100232
528,0.2644371111096114,0.3531438450567251
529,0.26421009214749935,0.3528186761125347
530,0.26402188101492896,0.3528345605337807
531,0.2638612330304407,0.3526798622196847
532,0.26364139858193836,0.3526755126518538
533,0.26347323941016887,0.3525013945163395
534,0.263372733928907,0.35261822419992234
535,0.26324965381793464,0.35273510764695576
536,0.2630782747813413,0.35260473831136363
537,0.2628225717233076,0.35242276389154764
538,0.2627311846188548,0.35242405143467
539,0.2626019506280104,0.3525373278799551
540,0.26249023819693196,0.35253436667632987
541,0.2621799566872069,0.35214955968182754
542,0.2619431567429857,0.3519831667572996
543,0.2618252003302996,0.3520384216311941
544,0.2617087170773474,0.3521123455436684
545,0.26158807472884826,0.35206174882976476
546,0.2614629201617726,0.35189904167314884
547,0.26127146328448,0.35197215743907323
548,0.26118415958952046,0.3518977509685999
549,0.26105655643703946,0.351845210208656
550,0.26095741112590204,0.3517188702054798
551,0.2608962786952494,0.35206175691238456
552,0.2607365961417326,0.351859403194773
553,0.26060151190873276,0.3519402646280463
554,0.2605094154729224,0.3519012079759743
555,0.26030144651709436,0.35185881524817353
556,0.26019566584031484,0.35174611427729663
557,0.26001304215309684,0.3519146777851897
558,0.2599155665300821,0.35203331910752067
559,0.2598204661365104,0.3517984395502647
560,0.2596435680612294,0.35170201628112546
561,0.25950218478426734,0.35144200834079425
562,0.2593454132139059,0.35128835836833
563,0.2592638779159915,0.35127179462331726
564,0.2590852903369952,0.3507987313864981
565,0.25887396957500886,0.35063541282202665
566,0.2587912211958981,0.35074814637762597
567,0.25860347558419655,0.3506206578873374
568,0.2584830561386344,0.35043948674431746
569,0.2583434496734017,0.3505898623251756
570,0.2581394988861727,0.35035693690665143
571,0.2579857477414324,0.3501498805761168
572,0.2577082391874705,0.3499987304427742
573,0.25761652880874736,0.3498201939138539
574,0.25754318632976453,0.34964881022903777
575,0.2574466477146573,0.3493879174434109
576,0.2572895426528347,0.34926146646689854
577,0.25712390500640886,0.3492175737941287
578,0.25695574369444996,0.3491745384357846
579,0.25671343333110636,0.34889672248428355
580,0.2564765816692784,0.34884485355962314
581,0.2561677580420765,0.3487665068853379
582,0.2560671424292121,0.3488096186453595
583,0.2559320789958421,0.34875310235976753
584,0.2558355862282767,0.3486700183005578
585,0.25555175489652115,0.34867488338373775
586,0.2554218826378259,0.34856045082429066
587,0.2553450011667871,0.3488242636391909
588,0.25524176979679225,0.3485671680562895
589,0.25498629178582394,0.3482934328849008
590,0.25480594092090925,0.3481529671912934
591,0.2546926348933228,0.34823765080342417
592,0.25464474233749324,0.34812192858888885
593,0.254524185502218,0.34818595281263603
594,0.2543959523715619,0.34825905770837207
595,0.2543232606266552,0.34836805775347135
596,0.2542151917635195,0.3482396608554752
597,0.25409944409045643,0.34822938618044436
598,0.25391971917010914,0.3480054273929183
599,0.2537894910483621,0.3480999373257885
600,0.2536531035090604,0.3481814946531836
601,0.2535001498856539,0.34817261743259836
602,0.25340602119058614,0.3480279546146858
603,0.25323156762374316,0.3480241051724921
604,0.25315519674627457,0.3480703433971639
605,0.25306526675399743,0.34816546407188576
606,0.2529909856213213,0.3480945582022638
607,0.2529299576417389,0.3481026432475953
608,0.25284570530450234,0.348125770257591
609,0.25268694596476987,0.3481638597282158
610,0.25257930446455773,0.34819571414556805
611,0.2524210597008581,0.3484100742038166
612,0.25218995883723583,0.34811990931467696
613,0.2520866592041028,0.3480968499459212
614,0.2519334380145271,0.34826022049832506
615,0.251867602738732,0.3481942624516734
616,0.25174108457941996,0.34829550985656443
617,0.2516017739550316,0.34828462406287036
618,0.2514986565153546,0.3482125742320586
619,0.25137898061011393,0.3482922557980141
620,0.25120358719899016,0.3482274141957113
621,0.2511042990064014,0.34791059329087826
622,0.25092827351888786,0.3476958585601304
623,0.2507854037838263,0.34763455268361826
624,0.25062774184941944,0.34755079497225844
625,0.2505381424601618,0.3473669261985161
626,0.2504296557334142,0.3473515519291462
627,0.2503435216883964,0.3473550806963525
628,0.2501190185974993,0.3471136645287921
629,0.2500085083742476,0.3473919615849467
630,0.2497895219616967,0.34726021268496576
631,0.2497073932685142,0.347269777798273
632,0.2495842236526849,0.34726576889760746
633,0.24944992276884595,0.3471933966824966
634,0.2493416518124043,0.3472067333421184
635,0.24911483886322175,0.34699836303406134
636,0.2489976160452405,0.3469835621263954
637,0.248877198162838,0.34673734455385163
638,0.24869027265848898,0.34653365251216367
639,0.2485732530462062,0.3462572908139715
640,0.24847951452279804,0.34638777439655777
641,0.24835321479894273,0.34673031292615525
642,0.24823686466412606,0.34668304640543796
643,0.24813362024675245,0.34679330634219024
644,0.24807616401926086,0.34683584263469497
645,0.24800085406283917,0.3467668869001515
646,0.24785427807173818,0.3466859497787061
647,0.24767719567339783,0.3466341385382068
648,0.24755427834609617,0.34657319432915035
649,0.2474812726714106,0.34653515902783005
650,0.24741939233229235,0.3465761100840371
651,0.24732364643456356,0.34658652655071487
652,0.24718846187500557,0.3465477074218331
653,0.2471176390595522,0.3466996723051571
654,0.24682783230205768,0.34630611180534576
655,0.2467543320329845,0.34629207760111347
656,0.24666862018048683,0.3463657681985776
657,0.24654032029919923,0.34623754450024535
658,0.24647836739810008,0.3462812905564085
659,0.24635985053962103,0.3462495229811945
660,0.24626216925840044,0.34603719679263656
661,0.2461316238276913,0.3458990053528227
662,0.2460325460930786,0.345698794199648
663,0.2459035175195468,0.34583104189375047
664,0.24581473928153294,0.3461030653784205
665,0.24568814598365474,0.3463452205388762
666,0.24559487897858168,0.3463120592295844
667,0.24552216017608314,0.3462782643851578
668,0.24544245805402398,0.34642852003116115
669,0.24536252985417917,0.3461594931571104
670,0.24514783373992016,0.34629750003556803
671,0.24500600621608923,0.3460799988945474
672,0.24487775752470814,0.34601936615210016
673,0.24477590755932477,0.3459181580704836
674,0.24467143220265064,0.34586236493533523
675,0.24457067462568646,0.3459844685288345
676,0.24439441001910162,0.3458698907415195
677,0.24421056243840275,0.34570798343987685
678,0.24406508687554834,0.3460244577244883
679,0.24398358740530315,0.34611723935955163
680,0.24386965795588134,0.3459512995587746
681,0.24373470779175754,0.3458305666257379
682,0.24367415223699881,0.3458769766749946
683,0.24359869252532887,0.34599233109488725
684,0.24352354308277144,0.3459606876815364
685,0.2433934474528314,0.3457137528319851
686,0.24330330124049673,0.34547299532447184
687,0.243179917254515,0.3453996209251738
688,0.24312022671418843,0.34553946651066464
689,0.24296689864725393,0.3455176451503118
690,0.24287407817538142,0.3452439098577084
691,0.24279329858920576,0.3451848908431629
692,0.24265587238446315,0.34499591262063534
693,0.24253893036691596,0.3449422101946508
694,0.24245765741897646,0.3448641381089144
695,0.24226009024961,0.34492209372093435
696,0.24210312980817528,0.34477900865255906
697,0.24201382750137151,0.3448856816673602
698,0.24187814284020878,0.34492052445900934
699,0.2417967319508528,0.3449120738412634
700,0.24173212024692703,0.3447292791001438
701,0.2416018503172468,0.34466471268188004
702,0.24146131803976467,0.34471618482202143
703,0.24133676477785965,0.34455959685651355
704,0.24126864387059843,0.3446717400551256
705,0.2410399206022998,0.3447961857793193
706,0.24091960345755573,0.34453815945050525
707,0.24079280309716375,0.34472856567161014
708,0.24066736278777287,0.34427609602230586
709,0.24054698239310424,0.3441896969740462
710,0.24040709229106413,0.3443359681230381
711,0.2403198617898918,0.34447990985730975
712,0.24019811035776076,0.34421070674301396
713,0.240117649665802,0.3443615705034022
714,0.24001750379907025,0.3443265765137236
715,0.23985875168376553,0.34448066688251994
716,0.23978691416082448,0.3445578401472152
717,0.23970036087699845,0.3446147578003487
718,0.23951695454502003,0.3443947292231299
719,0.23927500234241517,0.3442197670968373
720,0.2391186035942299,0.3438674191924365
721,0.23896648055898614,0.34361422230340893
722,0.23877807119775696,0.3438087400088597
723,0.23869565119255695,0.34396755226297565
724,0.23859284882051632,0.34388832578629486
725,0.23850354635893833,0.344014181761267
726,0.23837133395189417,0.344114937379845
727,0.23824156037906427,0.34401807212652286
728,0.23805444441347878,0.34387471791133817
729,0.23792967106853094,0.34381230694896997
730,0.23781964119579216,0.34395818861315114
731,0.23766371831612992,0.3438728226430716
732,0.23758915224402885,0.34381708063763106
733,0.23750999705735376,0.34383075404653807
734,0.23738522273421564,0.34378117510072304
735,0.23723513804833848,0.3436956090133206
736,0.2370444770525638,0.343555409043223
737,0.2369856543557033,0.34336946165581955
738,0.2368720522763678,0.3432965241210145
739,0.23670341307777412,0.3434391291519178
740,0.23661923621148595,0.34345275405009257
741,0.23649769561258033,0.3435505363841868
742,0.23635707026329486,0.34345874807024057
743,0.23621587383735568,0.3431475392517429
744,0.23614241718051476,0.343093555517855
745,0.23606340018941271,0.3430622775852385
746,0.23585509852416486,0.3429510688645978
747,0.23568060914571629,0.34255810818033405
748,0.23556974820233587,0.34256947859919906
749,0.23540980399616665,0.3424826775389294
750,0.23530616523804632,0.34232631117170953
751,0.23520846068427043,0.3423116396287856
752,0.23514425328321792,0.3421179369435573
753,0.2350740753180663,0.3422034836372254
754,0.2349277594000406,0.34213757589220684
755,0.2347903390266347,0.34227628069725496
756,0.23471185120596325,0.34246811993916304
757,0.23462275645232242,0.34264834868772365
758,0.2344028473866918,0.3425347505936726
759,0.23431364714435185,0.342621694405954
760,0.23417631877117753,0.34268396209601026
761,0.23412784254439054,0.342755178131491
762,0.23405927318852285,0.34298293260317475
763,0.23389620393367044,0.3427817988007361
764,0.2338299330868406,0.3427305585488403
765,0.23373046669581396,0.34286963464123693
766,0.23363447533742537,0.34278133424256396
767,0.2334244556250286,0.34278098472684965
768,0.233321433568136,0.34259599080628245
769,0.23322217236588416,0.34275929887688483
770,0.23312623407957292,0.34301748958241046
771,0.23301322411902978,0.34296436323100077
772,0.23286250528516708,0.3428572741419325
773,0.23279599322968325,0.3427332301110218
774,0.23271212032480051,0.3423844662706129
775,0.23258809240714556,0.3424664312386866
776,0.23252072400521653,0.3422009153521706
777,0.23240976379378647,0.34221975458490544
778,0.23221059161322508,0.34216838225588914
779,0.23208079822618735,0.3420427298249852
780,0.23198714332626208,0.34188834712107175
781,0.23180223399129893,0.3415490960017837
782,0.231716053805193,0.3416405888917919
783,0.23160989808957635,0.3413618683555837
784,0.23151622271077116,0.34142915897925896
785,0.2314557482544861,0.34175132045027135
786,0.2312365086981873,0.3418778855755756
787,0.23115226907042347,0.341462095205679
788,0.23101540197248227,0.3414101545514596
789,0.23097039544997056,0.34171212281469143
790,0.2307850302384079,0.3415979721644218
791,0.23065174750209397,0.3415178672447958
792,0.2305492598305799,0.34161724892408485
793,0.23032727882934687,0.34129085621440164
794,0.23018692116581552,0.3408514701386709
795,0.23009987093487688,0.34079223272959697
796,0.2299683517786277,0.34085961387406083
797,0.229876042135541,0.34082485696849224
798,0.2298424861884949,0.3410705920691793
799,0.22976178234525726,0.34108264361464874
800,0.2297075166988276,0.3414215893257236
801,0.2296288771556951,0.3413783728320301
802,0.22955132031269132,0.34126795000156945
803,0.22945482269808798,0.34117298449911904
804,0.22940042137592465,0.3412202849683163
805,0.22934682968870482,0.34119466559242273
806,0.22931450742733608,0.3411552309213417
807,0.22922083648046807,0.34114840643292876
808,0.22909936322002508,0.3410561884702705
809,0.22899128609003208,0.3407681760423468
810,0.22889378142605668,0.3407795632939321
811,0.22886102513730255,0.34082616216982525
812,0.22874022389176735,0.3408686048302004
813,0.22866118535058286,0.3411319169558459
814,0.2285349255129925,0.3411478307521479
815,0.22842401625943845,0.341056718412136
816,0.22832529766006202,0.34083745598999277
817,0.22823663439611877,0.3408805094882068
818,0.22814887807894194,0.3408183044934622
819,0.22802063565240077,0.34074743068530905
820,0.22789287714922737,0.3409979439098841
821,0.227772042269527,0.3408593101474707
822,0.22768275572130497,0.3407985105321508
823,0.22758520315327094,0.3406747723482874
824,0.22744345028152674,0.34058734167408566
825,0.2272894785559704,0.34050030144309057
826,0.2271598873220772,0.34031171274967553
827,0.2270548130179889,0.34026786990598606
828,0.22694643915724982,0.3400002894472689
829,0.22686387459937857,0.3402056465535543
830,0.22679848146477521,0.3403558917826014
831,0.22665094072380781,0.34031264930860144
832,0.22658591941057193,0.3404690547591276
833,0.22648541171047953,0.3404176041613585
834,0.22642484636864807,0.3403364155297788
835,0.22636111905532005,0.34048829615720594
836,0.22622218651121517,0.3403185137402833
837,0.22614571946585885,0.3403590446844821
838,0.22602286067116856,0.34004756359995814
839,0.22597205588532718,0.3401312611494548
840,0.2258928130681649,0.34014472790086053
841,0.22574774938764283,0.3399505904135117
842,0.22567662243228362,0.33998212841500375
843,0.2255962861734558,0.34005548267346664
844,0.22545152503449076,0.34028352996598765
845,0.2253475708094969,0.34038167728266694
846,0.225229423063675,0.3402317992149927
847,0.22510725968246434,0.34016962883645474
848,0.22500700230117884,0.33994469835644936
849,0.22476623565097792,0.339672608763013
850,0.22466011038793846,0.3397169005168586
851,0.22457136899968222,0.3398226125591118
852,0.2244915694004553,0.3397778064230591
853,0.22441428188951462,0.33998691636934114
854,0.22432017020588585,0.3400733928520028
855,0.22424385751701412,0.3400840630138787
856,0.22410014947360452,0.3398957226355757
857,0.2240470006395163,0.3399760601396011
858,0.22400349091354166,0.3399456532987821
859,0.2239293171169924,0.3397004402659284
860,0.2238638168245318,0.339725830106741
861,0.22377849895428747,0.3398770192334326
862,0.22367821474867153,0.3398195711055812
863,0.22352058049083037,0.33984837227785986
864,0.22340635751682292,0.3399138884867707
865,0.2233544392507094,0.33982148419080666
866,0.22316503799768772,0.3396471196759234
867,0.22309059507984158,0.3397701415032725
868,0.22299892909886948,0.34002421416027717
869,0.22293068163575183,0.33998501563459993
870,0.2228276809619197,0.3398698491139591
871,0.22268862563694752,0.3396940778474024
872,0.22260360149542344,0.33976022274138395
873,0.22248954883867816,0.33981804977021973
874,0.22241573032887407,0.33987621372148696
875,0.22227049122991074,0.33976689756608686
876,0.22220445508861747,0.33961953292108565
877,0.22211565365035016,0.3394354220455607
878,0.22204589024574492,0.339503612763462
879,0.22200367924994688,0.33941090854914097
880,0.22191115975664105,0.3392385368364131
881,0.22179407476795385,0.33887919812314565
882,0.22164855561997843,0.3386833263526919
883,0.22155071282443883,0.33854194617919803
884,0.22149498795887934,0.33850916348354415
885,0.22140219131948197,0.3384000006721042
886,0.2212692021036762,0.33826580125556466
887,0.22118345634534683,0.33844307393778755
888,0.2210359947919708,0.3384744353950748
889,0.22091523367128582,0.3385086973003569
890,0.2208174862720709,0.33836803169862956
891,0.2207129586591653,0.3385442434984848
892,0.22060964620386775,0.3385117682933524
893,0.22055705714496118,0.33845911259801337
894,0.22047245215758804,0.33875576310213185
895,0.2203678170978025,0.3385571726697771
896,0.2202374973848009,0.3383661871975343
897,0.22010338452364672,0.3385514056713204
898,0.21998174664619946,0.338589885599796
899,0.21990984644574768,0.3386507943693704
900,0.21982120389896184,0.33857495115034236
901,0.2197304379952367,0.338337375154575
902,0.21967064949884857,0.3381062838216667
903,0.21957723015455635,0.3382037346050474
904,0.21948967158723687,0.33835339780067963
905,0.2194380318242089,0.338430960240196
906,0.21935454649869068,0.3383371552685522
907,0.21930086572563826,0.3384028611101464
908,0.21924918249211978,0.338479008801881
909,0.2191805089191049,0.33840801484314786
910,0.21913007619733987,0.33815498411619493
911,0.21891265048912179,0.338295879126743
912,0.2187489589355511,0.3381382309328115
913,0.21864471281557069,0.338111397165812
914,0.21856223034936537,0.33821572350984414
915,0.21847116866354205,0.3380167997111399
916,0.21840917860087503,0.33793690502675583
917,0.21832624171421566,0.33807866028032557
918,0.21826525112058454,0.33818242132115367
919,0.21821295835812074,0.33823360686154
920,0.21812629716589252,0.33815913981658136
921,0.21804871349341914,0.3381559926314805
922,0.21797059652364897,0.3381556621422877
923,0.21793057459834672,0.33813292672414624
924,0.21785783014187177,0.3381640931189476
925,0.2177980010828989,0.3383810627511722
926,0.21772953320732583,0.3385604441495234
927,0.21762968288564563,0.3385436609101897
928,0.21756043370788883,0.338406292971196
929,0.21742170164653943,0.33831754020891736
930,0.2173413674597074,0.33843916089375636
931,0.21720925223945434,0.33897398620938396
932,0.21708844184137607,0.33907945939994627
933,0.21699357087558474,0.3389555318930814
934,0.21690738579217272,0.3390162854454058
935,0.21684369030672596,0.33901494544185995
936,0.21674732090285842,0.3389892634711953
937,0.2166821295085145,0.3389597242268223
938,0.2166224179510218,0.3391501227192296
939,0.21653777168293864,0.3391949743474612
940,0.21641415423246055,0.3391928139970767
941,0.21635574902374713,0.33912173352563846
942,0.2162884718969388,0.3390967757482944
943,0.2161662177960344,0.3393146025819136
944,0.2161113382853504,0.3392284151453901
945,0.21604538337550216,0.3392750820051854
946,0.21597359464441354,0.3392326489032958
947,0.2158994820650136,0.3392009546253712
948,0.2158168899058789,0.3392714361343178
949,0.21576346170159102,0.3393378714556696
950,0.2156833476607332,0.33939790874654396
951,0.21560160115366692,0.33954885395427864
952,0.21548441445623961,0.3394127943915198
953,0.21529100840103962,0.33950617156183716
954,0.21518205571615023,0.339266288128618
955,0.21502371105082527,0.33911586756197526
956,0.21494439498288373,0.33916964110504616
957,0.21487009145362915,0.3391210205132958
958,0.21481076961833684,0.3389845524526799
959,0.21464502583903478,0.3389065834991048
960,0.21457661323633637,0.33897853070008865
961,0.21449207311257706,0.33904731353775874
962,0.21440984801939933,0.3391274960351523
963,0.21436856155538983,0.33927734340726884
964,0.21426952895964108,0.33919681768563387
965,0.2140899046692765,0.33908507990584136
966,0.21393376512182094,0.3390800182651123
