0,0.6515147137070944,0.6531773367659462
1,0.6414589571909916,0.6446908428885479
2,0.6319353589550866,0.6362218323802104
3,0.6211420424934373,0.6266050336764897
4,0.6123002990832757,0.6184856217366912
5,0.6032474584308177,0.610420776892078
6,0.5943497099716666,0.6024851039266533
7,0.5872321491473141,0.5950356878315491
8,0.5796021814659188,0.5878604513862205
9,0.5730638928703163,0.5808916882027028
10,0.5668847893229618,0.5752544290203588
11,0.560317456986289,0.5699786289057727
12,0.5537842675870241,0.5638246501270983
13,0.5484818222325043,0.5583782489612649
14,0.5433893379149907,0.5542262156111325
15,0.5384157412372951,0.5504128811664359
16,0.5333643507538312,0.5461033249845273
17,0.5294827617053046,0.5418064208620806
18,0.524543646982936,0.5371302106847795
19,0.5198337559816185,0.5325661369105378
20,0.5157734635280876,0.5287128609841316
21,0.5125235247602098,0.5265476223440265
22,0.5081513782020489,0.5227172773574806
23,0.5052271103847397,0.5197503780770804
24,0.5018430388762574,0.5166611614021352
25,0.4981454269772814,0.5140316404344499
26,0.49497801002737957,0.511441516825065
27,0.49209324654773423,0.5093423589024433
28,0.48883575442580224,0.5064933093497788
29,0.48655433948270377,0.5045107905799369
30,0.4830520953508641,0.5023087545618794
31,0.4794130516119904,0.49892456383173117
32,0.47674440278167346,0.49685421342634545
33,0.4746683905043475,0.4948030501637084
34,0.4722692886942942,0.4930087974746758
35,0.4700698033470252,0.4910239522424779
36,0.4674898194992793,0.4885976364627761
37,0.46520787910047756,0.486835077602998
38,0.46344119555018803,0.4860172058772275
39,0.4616469339212838,0.4845291798478477
40,0.4605809127187907,0.4834931061199865
41,0.4585833593353151,0.48217999377387966
42,0.45716457851932424,0.48161699161643073
43,0.455244207347342,0.4800789171328576
44,0.4533259767063317,0.47834861324739086
45,0.45214916441016156,0.4779729222092914
46,0.44980636191402756,0.47600017881571655
47,0.4476589966567433,0.47483059070831124
48,0.44613747614212046,0.4737904333939584
49,0.4446696607676538,0.47254758615331394
50,0.44324035784446225,0.471702208340267
51,0.44202221106482076,0.4712029833177461
52,0.44073731580734715,0.4702281519184807
53,0.43973606820233735,0.4694284145923482
54,0.4382996632380293,0.4686137230639838
55,0.4370094419901537,0.4672926488896607
56,0.43589645694293583,0.4657786352887898
57,0.4344672182046809,0.46445533562274205
58,0.43327453086237244,0.4642272204870269
59,0.4318445026090705,0.4631518159981648
60,0.43065615695440196,0.4621669143141306
61,0.4293553078287216,0.4615094399580924
62,0.42833870105808425,0.46055283293062005
63,0.4273388987058487,0.4594223600000572
64,0.4263652560557935,0.45864001372756885
65,0.42522888464269415,0.45796961368681455
66,0.4241853716905958,0.45700074729415796
67,0.42315160116987305,0.4561943729941301
68,0.42237110189775856,0.4561105371841693
69,0.42133721472553143,0.45538905203953006
70,0.42042942324205657,0.45500438189255704
71,0.41937483329705455,0.4541765896650908
72,0.41878021406247007,0.45372496227654374
73,0.4176558692602323,0.45356129580161897
74,0.4166927290059304,0.45274219107489255
75,0.41596210915966586,0.4524708950225829
76,0.4151824284953417,0.4525444942546115
77,0.41447174145220256,0.451800840955273
78,0.41343532214075296,0.4510060054015942
79,0.4121183408310808,0.4499020781099862
80,0.41146331393816904,0.4496161415389144
81,0.41062390718481206,0.4486595334099443
82,0.4095028051317505,0.4477794905474713
83,0.4086946240427222,0.44751230029312944
84,0.40753899060204163,0.4471851756336252
85,0.4068813353853253,0.44681231919902964
86,0.406263722800923,0.4459810533033785
87,0.4055650853732413,0.4451682007998426
88,0.4048134886787571,0.44513220842700796
89,0.4041439546695018,0.4444180127596307
90,0.403426220322364,0.44410991984298853
91,0.4028439798922477,0.4439308916013337
92,0.40213037835194804,0.443679186924962
93,0.40137170573979086,0.44284461872654235
94,0.40083334808612237,0.44233906853651156
95,0.4002995502151103,0.4416343263460783
96,0.3996302270488288,0.44096825386326377
97,0.39872113177459995,0.44101080408573545
98,0.39801716612206395,0.4405761712301906
99,0.3973349779483306,0.44034537505090304
100,0.396579720531121,0.4402166175906642
101,0.3959458238235855,0.44005923432319666
102,0.39496354783543797,0.4396334305067329
103,0.39376925607804925,0.43881966048234855
104,0.39303516452835,0.4381468261603435
105,0.3923852545748633,0.4377592478529163
106,0.39127491127466524,0.4368349177368885
107,0.3907982345401275,0.43655513844154736
108,0.3901911476340273,0.43663952050365484
109,0.3895646310282473,0.4359040761599575
110,0.3889286938501916,0.43573160353194046
111,0.38843401701778485,0.43557312465989645
112,0.38784396141233257,0.43551687743197115
113,0.3873729979230559,0.43511756341429975
114,0.3867728032273831,0.43470978732545706
115,0.3861354466389498,0.4346812649765119
116,0.38551918337800245,0.43446927753628817
117,0.38474488711904564,0.43418431588977674
118,0.3842117754801291,0.4342267298936877
119,0.3837248876908483,0.43407797015345306
120,0.3832333340729326,0.4337287955295505
121,0.38244274656204785,0.4333684309442442
122,0.3820436905150571,0.4329698344636894
123,0.38144964351579713,0.43274884359088056
124,0.38098495234843605,0.43240547737525414
125,0.38046088566589,0.43193067367893057
126,0.38002289779554405,0.4318707647732359
127,0.37954459888066433,0.4311842385407203
128,0.3789407366640239,0.4306129967197693
129,0.37839740949424017,0.43032706904937723
130,0.37799107562595874,0.43031766579990766
131,0.37746361403850837,0.4298518625596499
132,0.37696949195257023,0.42943729609787334
133,0.3766237204520038,0.42905899905419165
134,0.3761575154231496,0.42874986516025043
135,0.3758346455443469,0.42831676859503504
136,0.37529747931009255,0.42814669508284836
137,0.37482873596027205,0.427744644990032
138,0.37429785490544476,0.42726834252031143
139,0.37361150160653606,0.4273988859127724
140,0.3732178749883772,0.42701864315471216
141,0.372718354093802,0.42688456388831897
142,0.37217848673658827,0.4265198163463345
143,0.3714715136740571,0.42603552057526406
144,0.37094815831439587,0.42557542449521396
145,0.37060839098781256,0.4253794980727359
146,0.370025144007618,0.42503639059667275
147,0.3694307846290494,0.4246123420241663
148,0.3689553127936082,0.4246130535999934
149,0.3685767546970117,0.4243731503751323
150,0.36807414385333354,0.4242047011555231
151,0.3677743881283862,0.4240952557404572
152,0.36724669982706004,0.42352264760534464
153,0.3668517002073691,0.4230156079396721
154,0.3664227839325197,0.42260515474707117
155,0.3660478204760003,0.422366085032193
156,0.3656026770372113,0.42215691982631304
157,0.3651635047751721,0.4219760640482042
158,0.36446433384688254,0.42154710974073983
159,0.36412322303643274,0.42150291747796215
160,0.36362732907319867,0.42115033152363657
161,0.36329308966177815,0.4205520394560391
162,0.3629836386906608,0.4207625478631915
163,0.3626341336277331,0.4203930479574408
164,0.3622234097139442,0.42006710347959797
165,0.3616390128064063,0.41976940692304443
166,0.36108062787503337,0.41917161198574243
167,0.36055464126274883,0.41896459876001707
168,0.3601762288758492,0.4186842380151367
169,0.3597984582011445,0.4187777341556955
170,0.35940543438281125,0.4190537980051169
171,0.35910348157225136,0.4189004406275213
172,0.35852193785109376,0.41870547591884966
173,0.3579035391778389,0.4186676468922945
174,0.3572734443554376,0.41816547374392665
175,0.35703064644903126,0.4178773770614188
176,0.356540196752877,0.4178114087616866
177,0.35616991256883496,0.41787365008896404
178,0.3556493767513971,0.41754850441979807
179,0.3552870950024732,0.41787992730625345
180,0.35478383685376574,0.4175086368910828
181,0.35442737511623185,0.4175865986742335
182,0.3539827189458264,0.4172902070408726
183,0.35360205019174445,0.4171003563079987
184,0.3530449619661637,0.41674745013856906
185,0.35265997268341004,0.41684981515158714
186,0.35232341505642795,0.4166483690009214
187,0.3519642377441908,0.41631392696263847
188,0.3512488086071022,0.4162150844147765
189,0.35088259351242784,0.41581573659411797
190,0.35060214238542475,0.41570955442506013
191,0.35015309076335444,0.4150896780285675
192,0.34992342818129274,0.4149430633459657
193,0.34953988951802095,0.4149763088689855
194,0.34925595056219183,0.41448211197041035
195,0.3489951179422137,0.4144751941496434
196,0.3485741283605855,0.414292465493182
197,0.3482507680282863,0.4139731289573418
198,0.347730246375615,0.4134162940767698
199,0.3471562079574752,0.41316533160982766
200,0.3469087786865261,0.4130955619040303
201,0.3466522399759475,0.4129256091430239
202,0.3461617824344577,0.4127889765964889
203,0.34585971028517193,0.41267092615790907
204,0.3456229807459362,0.41264211043616467
205,0.34529780755531153,0.412317718993893
206,0.34506769845770635,0.4123238084264355
207,0.3447321789539785,0.4120549677736059
208,0.3444327935370166,0.4115620638416092
209,0.3439907487698419,0.4115303676639367
210,0.3433669653787161,0.4111435440052321
211,0.3431391111685423,0.41090501606431384
212,0.34287179688766295,0.4108536148584084
213,0.34249379439511496,0.41043563701360924
214,0.34221596551846595,0.4103078006128322
215,0.34189943734253214,0.41031186695799543
216,0.34166911615425943,0.4100248358869391
217,0.34139821401994225,0.41006483279729666
218,0.34115582687668355,0.40999232010569336
219,0.34076496995552336,0.40992069046568963
220,0.340484025983933,0.4097192164501206
221,0.3401794526665415,0.4097550304411629
222,0.33989704269433657,0.4097814561633119
223,0.33943051588064077,0.40990437334815943
224,0.3391753118224793,0.4097988019539569
225,0.33871585429477963,0.409595945912928
226,0.3385072212596914,0.40952575651326467
227,0.3382611386497285,0.4098009665286249
228,0.33805767894510574,0.40997428798033203
229,0.33768304656486614,0.4095499891450511
230,0.33746464963195844,0.40928680563483755
231,0.33711045686101926,0.40911439722940196
232,0.33667089714867743,0.40916726205669185
233,0.336130993377834,0.409031408119035
234,0.3358167888214275,0.40895895311270625
235,0.33549682388045016,0.40872972763214643
236,0.3352628223222071,0.40862935744865425
237,0.3349588788284663,0.4087034338380799
238,0.3345961088086721,0.40851532848003186
239,0.33419407863409184,0.4085452172534947
240,0.3338702346571099,0.4085594983812698
241,0.3334833861786072,0.4081195957209927
242,0.3329799054644317,0.4078873927835973
243,0.3326188510863713,0.40784819692100993
244,0.3322165563892355,0.4076760434834359
245,0.33193302817270365,0.40738921119766525
246,0.33165875738816686,0.4072806144804629
247,0.33141790037644164,0.4067056760597244
248,0.3309681372921233,0.40661505618156374
249,0.33075983296478517,0.40699581810812635
250,0.33038750390809934,0.4067309636324603
251,0.3300619689937978,0.4064044741060737
252,0.3297409897450727,0.40627939588053036
253,0.3294969883885086,0.40647127433676905
254,0.3290155798467268,0.40682622307812505
255,0.3287804843271296,0.40656316168049345
256,0.32839776290173756,0.4065674531205474
257,0.32805850332180514,0.40637260883353477
258,0.327732635497328,0.40617896645801227
259,0.32749372737619875,0.40645814567272154
260,0.3270303376639367,0.40653730316834313
261,0.3268321326830407,0.40653326380729743
262,0.32646831079911653,0.4061356708675557
263,0.3261233842463706,0.4057735219156392
264,0.32587955410438585,0.4054802300461082
265,0.32553146275173944,0.405549281782647
266,0.32522470152092187,0.40551572230129873
267,0.32493015377592,0.40516717953696135
268,0.32474177921072767,0.4051487351198405
269,0.32430917498589096,0.4051481003296517
270,0.32407617385180487,0.4050665691934303
271,0.3238945365089259,0.40457513402623524
272,0.32363004153498975,0.40431977841169764
273,0.32340515589889174,0.40418928340985
274,0.3231534497976893,0.40382682030931827
275,0.3227939367917514,0.4035518170346775
276,0.3223684782361878,0.403509286145658
277,0.32207882773917035,0.40334645734227376
278,0.32183354789548957,0.4031143494198926
279,0.32140561982776333,0.4027265882138101
280,0.3211391888957745,0.40264382358364026
281,0.3209388752539868,0.40250963779374677
282,0.3207051920852029,0.4020219353122527
283,0.3205030871245026,0.4017917587636358
284,0.32029898894320585,0.40140288818837994
285,0.3199611914105371,0.4008894286207145
286,0.319703041501204,0.400721633457192
287,0.31945127438805926,0.4006367217938097
288,0.31910251255715955,0.40024172353577836
289,0.318880968177325,0.4004834477216261
290,0.31861174551477184,0.40023979132042026
291,0.31835502716001013,0.4001920672034554
292,0.3181429976618829,0.4002193832761739
293,0.3178922498372052,0.40006150171915655
294,0.3175445150487034,0.39994571647779026
295,0.31712124144641946,0.40004035765263907
296,0.31659014267946983,0.39965687303443914
297,0.31637410648865366,0.39942732151414156
298,0.3161249683268991,0.3992264602814955
299,0.3159149175954329,0.3992286876972315
300,0.31574600830389,0.39916384134571564
301,0.3155327375194652,0.39911525120859676
302,0.3153296656539697,0.3988517723726944
303,0.3151441857888872,0.3986636861067591
304,0.31486502113253917,0.39849127130686063
305,0.31439407539266706,0.3981190225267257
306,0.3141667280915469,0.3983755590108451
307,0.313811650495576,0.39822355573295576
308,0.313631194912089,0.398122457531616
309,0.3134269877275037,0.3978765473968183
310,0.31326240701611224,0.39776797393844326
311,0.3130904698482965,0.3978843872511712
312,0.31281110941296275,0.3975301409492956
313,0.31262471771823264,0.39762988290465867
314,0.3123339002075062,0.3973710060270208
315,0.31215156175483405,0.39696900518085076
316,0.3119656883386672,0.396565731394116
317,0.3115296020801153,0.39631479831798166
318,0.31116375114958517,0.3960004986494837
319,0.3110170904263351,0.39602385259646994
320,0.3107723524233951,0.39602807280014485
321,0.31042370495166227,0.3960872271133263
322,0.31024946371306883,0.39602928500104767
323,0.3099949675715804,0.3960177817140579
324,0.30965836431456223,0.3957904729897266
325,0.3092878799973693,0.39545340421336267
326,0.30906387234113364,0.39521850847174
327,0.3089116171578921,0.39507053044479207
328,0.30838693144235135,0.3948615501636839
329,0.3080904768887652,0.39486728405377775
330,0.30776314732391985,0.39486006038714144
331,0.30748500333246,0.3948216337792097
332,0.307181123500367,0.3945239896680809
333,0.306935803938112,0.3945101167372885
334,0.3067251101328557,0.39445415990590094
335,0.30644325215704915,0.3946348399804144
336,0.3063128340945776,0.3944894762684984
337,0.3060158971771995,0.39475468374661904
338,0.305863913315207,0.39435965031517434
339,0.3056929136329518,0.39417149060496554
340,0.30557077520904424,0.39356421738200853
341,0.3052065351705664,0.3938446698131727
342,0.3049817835425562,0.3940599940439783
343,0.3047104618307239,0.39387165063632196
344,0.3044284238462756,0.3935282333482754
345,0.3041389993328631,0.39353682056037403
346,0.30398484188323305,0.39358796069505786
347,0.3037608199551622,0.3933867767743523
348,0.30355156485125645,0.39344441833140603
349,0.3032460955628075,0.3936190834637125
350,0.30301127973392167,0.39324344853805593
351,0.30289128325202225,0.39328107165027276
352,0.30253280874204813,0.39311865671612073
353,0.30230930562852804,0.39322089531421783
354,0.30213293362985666,0.39344980821538417
355,0.30191160372804166,0.3932503181334857
356,0.3015365628553977,0.39302160947533077
357,0.30137943152254726,0.3928263866649951
358,0.30119093306057604,0.39280397163271896
359,0.30098763601071893,0.39270073547263157
360,0.3007402420526753,0.39273221221451304
361,0.3005471660735979,0.39267842765126054
362,0.300315564067646,0.39289169745743563
363,0.30014438211174266,0.3932220438688144
364,0.2998917315577225,0.39323095924345774
365,0.29958223141789136,0.3933569033793148
366,0.2991756366027322,0.39348902074843933
367,0.2990318167444029,0.3934533880264957
368,0.29885076655857246,0.39343577612331704
369,0.29869291651091545,0.3934725408278847
370,0.29839998580180704,0.3934625203299397
371,0.29822986344797825,0.3934881632558688
372,0.2980670839183781,0.3932874886149382
373,0.2978677986667245,0.39342150479376703
374,0.297661447920179,0.39325005513593214
375,0.29754745223589607,0.393128915877594
376,0.29725393870991634,0.39319629718576365
377,0.2971332138596342,0.3931178077635101
378,0.29689682301143927,0.39294894414557846
379,0.29658893399255903,0.39274273163681295
380,0.2963768136875156,0.39280782449538776
381,0.2962009980900735,0.3927452084414995
382,0.2960737167871382,0.39316291994067654
383,0.2958380431338401,0.39311350610288703
384,0.2957092155255058,0.3929961012673264
385,0.29548891322251003,0.3928736762596441
386,0.29518871640564526,0.3925515976969095
387,0.29503646948602225,0.39245598349392263
388,0.294879426920177,0.39225371678670246
389,0.29470599416762244,0.3921105014175746
390,0.2945766021747138,0.3920614581342667
391,0.2944003104269381,0.3920734719211362
392,0.29422819207865664,0.3921034103831852
393,0.29394898231053346,0.39208757878690625
394,0.2936428718616055,0.39258834709060625
395,0.2934843696205715,0.39245864509678097
396,0.2932853036204813,0.3922979912892343
397,0.29294585094150055,0.392256301054205
398,0.29278498606588477,0.3925016453311235
399,0.2926963082489435,0.39262596285589463
400,0.29236250105228867,0.39226190414968654
401,0.29218612442659175,0.3922705270642887
402,0.29200002689475085,0.39202091778326337
403,0.2916874172311541,0.39186665007807436
404,0.29152068600253483,0.3914267822029017
405,0.2913712566273167,0.3914075635831518
406,0.29119491216480103,0.3914460872139076
407,0.29073891576279237,0.3915458190701448
408,0.2905494589316669,0.39155764175694463
409,0.2903571860378857,0.3915356214796136
410,0.2901691298357238,0.3914755760560045
411,0.2899302660879124,0.3916453346290346
412,0.28970107768253855,0.3915123734370509
413,0.28952253253288374,0.39170600247573506
414,0.2894109932647488,0.3915183874554128
415,0.2893049228349329,0.3917135231205647
416,0.289100202323561,0.3922136563839698
417,0.2888202414962521,0.3923875954667888
418,0.28856256388291274,0.3919300021905893
419,0.2884401527738404,0.3919650288218795
420,0.28832161851621263,0.3916904738736014
421,0.2881251600341369,0.39167558421032217
422,0.28787661195057884,0.3916577807996847
423,0.28772222325061414,0.3916278019615017
424,0.28756050433376174,0.3915606181486381
425,0.28729352130565444,0.3916572281499811
426,0.28717252614866406,0.3916753411980435
427,0.2870330680384103,0.3917180490458295
428,0.28683407282921386,0.39195377075789933
429,0.28662802206052224,0.39174722312977445
430,0.2861986000224657,0.3918687261598224
431,0.28595493525798577,0.3921690237518103
432,0.2857923287301915,0.3919562251458681
433,0.28564306620127083,0.3919777309835052
434,0.28549416734343747,0.39217240342113335
435,0.2852237427345212,0.392389605267093
436,0.2850625501701439,0.39228574194582355
437,0.2849191287877311,0.39212241644944257
438,0.2847278824135102,0.3922121482769776
439,0.28444676518607587,0.3921002995342445
440,0.28432390229763094,0.3923154422063958
441,0.28408047501512174,0.3923348542354415
442,0.28393033151080366,0.39226924408493297
443,0.28379099028159743,0.3925037358713193
444,0.283490399777766,0.3924770117770872
445,0.28329988446984966,0.39242409841324577
446,0.2829223205987132,0.3923223705269739
447,0.28284482630165675,0.3921672874460345
448,0.2826085657253011,0.39161748784864453
449,0.2824935221193453,0.3916069173987889
450,0.2823515835293937,0.3915583577006024
451,0.2822398516171713,0.39156687244384086
452,0.28213407559596737,0.39131228240430643
453,0.282026717119184,0.3912583213809523
454,0.2817419398354149,0.3913015673245929
455,0.28156674978165225,0.39161222534623424
456,0.28138772351067803,0.39187977477033537
457,0.28128799811871424,0.39175827667975216
458,0.2811685737719035,0.39160116018540747
459,0.2809674260728649,0.39152685983069363
460,0.28084266485907045,0.3916497797208115
461,0.2807253575546678,0.3914561496556614
462,0.2804861775006901,0.3915148826980198
463,0.2803463555292555,0.3912095828482042
464,0.28024844640711477,0.391215714374619
465,0.28003882637579025,0.3911133766476506
466,0.27988567624557226,0.39131975411628256
467,0.27974738942590466,0.39147112399787287
468,0.2795475082195303,0.39132667948199995
469,0.2793521987602263,0.391234852922544
470,0.2791868069014875,0.3910739522126678
471,0.27900268176872467,0.3908837700715435
472,0.27888006103330254,0.3906084868527334
473,0.2785777992990867,0.3905764167121759
474,0.27847103178528204,0.3903008790731591
475,0.2783474138058523,0.39036731935618807
476,0.2781934251464493,0.3903673621965108
477,0.2780961949449932,0.39044285181921146
478,0.27794524969892515,0.39058561001234954
479,0.2778309674703816,0.3903653776481467
480,0.2776825753590974,0.3904078566530618
481,0.27755251140786225,0.39049111189684754
482,0.2773810602620255,0.39068389831292355
483,0.2772154474493909,0.3901485353032723
484,0.27700719490920883,0.3905397894460159
485,0.2768975816441985,0.39049419394827317
486,0.276848000902484,0.3904780897771855
487,0.2767262352908449,0.39009944442272854
488,0.27657169651612434,0.3902754313498117
489,0.2763302431151514,0.3901352964863511
490,0.27620360999854676,0.39003487822423344
491,0.27606703289625917,0.39018828421985835
492,0.27593321703964324,0.3902153555958213
493,0.27560261375766354,0.3896996304694489
494,0.2754182381570135,0.38957311789240123
495,0.2752739187012992,0.3895296134221742
496,0.27499696065463924,0.3891058200281856
497,0.27483566685656813,0.38907527685132404
498,0.2747247860312373,0.38905574264961934
499,0.2745608847816748,0.3888628601881955
500,0.27436287671697335,0.3888170020208732
501,0.2741834327691608,0.38900952818334217
502,0.2739557129220577,0.3889958895709374
503,0.2737251259680478,0.38926879085516836
504,0.2735538593773031,0.3891546533913336
505,0.27340891038839615,0.38922467272484246
506,0.2730951220040021,0.3887477776219765
507,0.27297757560167313,0.388643979751902
508,0.27286284208159267,0.38870939820801687
509,0.2726115535425537,0.3887775279715624
510,0.27246613035220624,0.3884341749821605
511,0.272355772471914,0.3883648230090886
512,0.2722324050911615,0.38858410364722346
513,0.2721203838097698,0.3888015936083415
514,0.27199473152100084,0.38866514935346935
515,0.2718105342517997,0.38869572189483886
516,0.2715541667900933,0.38880279694131037
517,0.27138620413025555,0.38874337474396814
518,0.2711913371706177,0.3891318607080113
519,0.2709008396888984,0.38853302659107947
520,0.27079619503324,0.3885069838670884
521,0.27057744945307416,0.3880547205855655
522,0.2703979190891239,0.38805004556695305
523,0.2702887781029608,0.388168418676317
524,0.2701369915830522,0.38826080500524685
525,0.27004607679690557,0.38838570496115876
526,0.26988197678345816,0.38833094253756545
527,0.269745244996729,0.3885921745389341
528,0.26962689090489717,0.3885206268181878
529,0.26942090037481753,0.38815512959814424
530,0.2692409607776851,0.38842618674042934
531,0.26907090803467515,0.3884228173530416
532,0.2689443089147609,0.3884338852802471
533,0.26879874731948783,0.3882697690017872
534,0.26870923143251235,0.38850268211776795
535,0.2685997493080728,0.3885366504120817
536,0.2683198037795807,0.3888239145458388
537,0.2682276097121019,0.38860573229284034
538,0.2681458822802454,0.3884731395186079
539,0.2680554620546195,0.3887108817195328
540,0.26789638421491535,0.3886718184053939
541,0.26780103884423606,0.38875606617553043
542,0.2675842457781092,0.3891623949522208
543,0.26751180919582657,0.38901327338104746
544,0.26744223522898514,0.3888316131266533
545,0.26736505343712835,0.38871428356681265
546,0.26724427421283337,0.38870639049789457
547,0.2670548821057261,0.3887861324752684
548,0.26696389417195227,0.38871233406706673
549,0.266803428664835,0.38870828577130623
550,0.2666955432865035,0.3887637707462549
551,0.2665529428932384,0.3886952694783406
552,0.2664539607184122,0.3887194599987215
553,0.2663185038434441,0.3886803435468541
554,0.26620279403127767,0.3887676064462369
555,0.2660355429507478,0.38879442867149466
556,0.2658628335078598,0.38873703243233604
557,0.2657460907571753,0.38868466995843165
558,0.2656768626572254,0.38857959398142744
559,0.2655522603863141,0.388799767035698
560,0.26525623129585607,0.3884417064540018
561,0.2649809161746712,0.388229404410073
562,0.26483221780458477,0.38812108256195077
563,0.26460730175914166,0.38820623997846415
564,0.26448064650312747,0.3884493341423975
565,0.2643621734333542,0.3882748404350689
566,0.2642809526938357,0.38845765712162517
567,0.26399653088296265,0.38862502120243403
568,0.2638921663742657,0.3882169721267523
569,0.26378105115454853,0.38858952998660157
570,0.26367676250313243,0.38833775628638656
571,0.26365294271005124,0.38858110578122196
572,0.2635495738343698,0.3885878025361255
