0,0.6507867967353047,0.6507601037968037
1,0.639320490673465,0.6405676225095096
2,0.6286449325111089,0.6317939183706726
3,0.6179087776876367,0.6224944013957829
4,0.6094663975840787,0.6161073498419617
5,0.5997745176469896,0.6081298113133292
6,0.5914721780292616,0.6009431076736281
7,0.5841040424548775,0.5953778828167308
8,0.5763079633859965,0.5882882366940825
9,0.5691616874794627,0.582827012074218
10,0.5629673372388942,0.5770106269407642
11,0.5568089702827722,0.5720780770049935
12,0.55106294622948,0.5669985597381824
13,0.5461510837424634,0.5630487689907236
14,0.5411196324978423,0.5591070636826364
15,0.536538568899811,0.5548569838932055
16,0.5313213933609913,0.5508548746077325
17,0.5279253368304088,0.5486045775982497
18,0.5231845526979744,0.5446761981692425
19,0.519141636483561,0.5412367489910865
20,0.5147289027184545,0.5380102522085407
21,0.5099021692204383,0.5335270420690443
22,0.5062019979191381,0.5302407919271444
23,0.5027586355194829,0.5271478357373149
24,0.5001555976034003,0.5248728775700857
25,0.49647513149122596,0.5216915280385931
26,0.49333278892782506,0.5190948694861872
27,0.4902001578496936,0.5163582130309488
28,0.48699096127197655,0.5137573095700669
29,0.48481117430888737,0.5114204849251613
30,0.48175770754524705,0.5090899363589181
31,0.4791020444725307,0.5068357021095085
32,0.47719923851770224,0.5054170495416899
33,0.4748340128309373,0.5040527878541619
34,0.4724860917137377,0.5020766292398554
35,0.47060512277531796,0.5002036735596979
36,0.46808127233405844,0.4981602022005606
37,0.4661204170039623,0.49709888033626615
38,0.4643819754796798,0.4957219820019943
39,0.46239897830913035,0.4941978882730073
40,0.46072070229208617,0.49340438221479177
41,0.4580464347338888,0.4914250815677088
42,0.45631365548171604,0.48983999361528513
43,0.4542237162375503,0.4884349216654451
44,0.45291247755157066,0.4876721603661809
45,0.4507419736364883,0.48572283753029927
46,0.44882606252396723,0.48468520324409076
47,0.4470004591428709,0.48314286989561084
48,0.4456965689643277,0.48172295000300985
49,0.44450466038508635,0.48095921351103027
50,0.4431269910487688,0.48033033093130206
51,0.44129302215907856,0.4790018290066772
52,0.44030045793244277,0.4783580783931982
53,0.4383100777903648,0.47701956312752775
54,0.43688631291549695,0.47578264340131254
55,0.43540241784526496,0.47503061254291173
56,0.4343362125616566,0.4744947536344148
57,0.4334805440384552,0.47349396600890264
58,0.4325559194739145,0.4727815968723986
59,0.4313901182550809,0.4720604205431864
60,0.43021822298009565,0.4716630169373018
61,0.4294054652765344,0.47109640838118355
62,0.4279331881161016,0.4698863130471239
63,0.42636217403711374,0.4683812944298963
64,0.42552176884716897,0.4679123796068817
65,0.42455876510536683,0.4674241784939404
66,0.42336581921326627,0.4662105997494223
67,0.42244626615394487,0.4651400618304644
68,0.42171396232382335,0.46446304537298144
69,0.4209172362729841,0.463926523350435
70,0.4197353077846129,0.46340353931748984
71,0.4189551424674467,0.4628601182264545
72,0.4178285389955043,0.46178585731095384
73,0.4168425749519124,0.4612196052647046
74,0.41608494601665214,0.4607321211876366
75,0.4153476547411667,0.46011993115518246
76,0.41434631108513653,0.45976313487817416
77,0.4135708118977638,0.45934691804266253
78,0.41281698050094995,0.45879935984966963
79,0.4121173986080097,0.4585085889429745
80,0.41102050693348824,0.4578328565885194
81,0.4102890742272304,0.45702701804753093
82,0.40899136346885534,0.45648316982287834
83,0.4082311954610215,0.4559739083422973
84,0.4074230967790862,0.4556052366277803
85,0.40609779154751885,0.4545235567842739
86,0.40534386321322646,0.4540494577783848
87,0.40476634773989917,0.45376656151243616
88,0.40407591332203957,0.45325878685173204
89,0.40354787285263305,0.45290742211192353
90,0.40260702649395447,0.4524253114855798
91,0.40178830389981285,0.45178548571708327
92,0.4006744690913942,0.45120540272407356
93,0.40003611803094,0.4509008910160425
94,0.39958077811162634,0.45104752091952866
95,0.399050987463296,0.4505004715339455
96,0.39828938630317745,0.44990492551066685
97,0.39756292741537375,0.4497220534955049
98,0.3966448137960536,0.44901134692140726
99,0.39587234406900135,0.4486657246278964
100,0.3952729177118742,0.44868725653147845
101,0.3947214008678176,0.4480957856395613
102,0.3938577355495175,0.447608831475756
103,0.3932605077108267,0.4475877219986414
104,0.3924148410201848,0.44691248173729525
105,0.3918379834953155,0.44652907675955184
106,0.39136068985652045,0.4461610244745894
107,0.39086345922519533,0.44609692288667857
108,0.390312647196884,0.44559483854708615
109,0.3896664786472265,0.4452641714252903
110,0.38913089685566965,0.4449286115059788
111,0.3885408439395015,0.4445794083359564
112,0.3879534185880533,0.4439965610166523
113,0.38714532908629773,0.44395501686390054
114,0.38631397162606385,0.4434920599290138
115,0.3856381261942997,0.4432340938399896
116,0.3849581017660169,0.44271751601508885
117,0.3844458697268849,0.44269509999863266
118,0.3839529361988388,0.4422217334764014
119,0.3832144681271475,0.4420832550217081
120,0.38247404171304483,0.44178708054018045
121,0.38193704328702915,0.44156193599344157
122,0.38132950769951884,0.44162519703952313
123,0.38088081043795297,0.44135111336857247
124,0.3802699120369753,0.4410886999244409
125,0.379414066787838,0.4404927793320924
126,0.3788486598379258,0.44008178501529155
127,0.3783943664188706,0.43945542778015334
128,0.3776244697860284,0.43912774816790756
129,0.37722106478233736,0.43892758259609554
130,0.3767590367334254,0.43874749491570864
131,0.37626335954867046,0.4385694156267813
132,0.37571536191478205,0.4383187545308738
133,0.375123127672516,0.43809803255554186
134,0.37444602524715237,0.4377568222578215
135,0.3740337105918622,0.4376094919502537
136,0.3735432051919434,0.43693651282254314
137,0.37300743002048464,0.4366073426053109
138,0.3725783584081462,0.43683383998936526
139,0.3719013918836829,0.4366378930303477
140,0.37153045962804954,0.43655405192742186
141,0.3711062219057847,0.4365783204981523
142,0.3707355047676172,0.4361802438812398
143,0.3701512709152725,0.43587316024186273
144,0.369719440051471,0.4357546226122517
145,0.3693374410371687,0.4355437654779104
146,0.3689286791619454,0.43540081606016534
147,0.3684828729700846,0.4352390081152435
148,0.36818163106908997,0.435249395375599
149,0.3677568566899825,0.43538872543247964
150,0.3671731846762877,0.43474979880797043
151,0.36661001350184036,0.4346210908584074
152,0.3659851968320394,0.43407160246070237
153,0.3654761130736928,0.43416575342932445
154,0.36507736857060513,0.4339785491624808
155,0.3644118088149029,0.433925639458438
156,0.36407534847168016,0.43370436558939296
157,0.3634722740755541,0.43339011902329927
158,0.36309192633588416,0.43297605460524097
159,0.3626502430928172,0.43294965105640765
160,0.3621336525888311,0.4325473797450859
161,0.36157221545657126,0.43219334854004887
162,0.361230833513161,0.43178478347143756
163,0.3609000849754138,0.4316731980833682
164,0.36037064663929697,0.43156199695919933
165,0.3598372403265143,0.4312182158079093
166,0.3593880214637139,0.4307591857508254
167,0.3589143799550848,0.4303348474152972
168,0.35833302506215764,0.4301122351067918
169,0.35773053790049697,0.4297640784215574
170,0.3573682189590049,0.4294888748305696
171,0.3568646125959548,0.4294889753174907
172,0.35647315189710604,0.4296048481165868
173,0.3561249122800716,0.42924201750770985
174,0.3555291616613126,0.42846795438003965
175,0.35495513018090713,0.4280682183205999
176,0.3545927596724554,0.42762724505706484
177,0.35425787742362086,0.42732092556012496
178,0.35393382229992826,0.42713309370666114
179,0.3534381282435893,0.4271327899882399
180,0.35300588161980573,0.42681045686683783
181,0.3527104003521988,0.4264998181917986
182,0.3523688993812771,0.42687579168879314
183,0.35203517369894005,0.426761322217485
184,0.3513904403836352,0.42653685074881265
185,0.35096345805322726,0.4261961502991493
186,0.3505035795746856,0.42563175458197017
187,0.35012414785625945,0.42569316434441906
188,0.34950484115612857,0.4251602669086633
189,0.3491906293875157,0.4252640297120707
190,0.3484637249227106,0.4250620708843138
191,0.348076704229978,0.424642709123047
192,0.34774920304825657,0.42446001600123456
193,0.34748094060776935,0.42423993743056737
194,0.3472325239177888,0.42422639086722896
195,0.34667393524928897,0.42380723811413756
196,0.34624193989927543,0.4233858090921296
197,0.34569359112892956,0.4235354379151565
198,0.3454115698235223,0.42355386622080937
199,0.3445516354894288,0.4232039144912431
200,0.3442532068089059,0.42315089182385707
201,0.3438935952780898,0.42313329615771506
202,0.3436897282291653,0.4228357055718502
203,0.34339978843066193,0.422803128436249
204,0.3430942408505885,0.42279171483469496
205,0.34278983740700186,0.42263179490237535
206,0.3425419691902124,0.42264945884281613
207,0.3423038593143769,0.422826446033808
208,0.34191318872464144,0.42270651299626066
209,0.34145467721517814,0.42239946768034337
210,0.3411061015203884,0.422352451298918
211,0.34077231699403826,0.4220171469910398
212,0.3404424071045343,0.421822722208122
213,0.3401861588307166,0.42162813822473766
214,0.3398713557372449,0.4218288745198931
215,0.3395201120660192,0.4214622622452767
216,0.3391483856113947,0.4211084048479284
217,0.3387342045593652,0.4207790167847543
218,0.33849134749721566,0.42081721539063544
219,0.33793590503619986,0.42028245250544904
220,0.33755703215257304,0.42023262722522914
221,0.33732213011034173,0.420218421670207
222,0.3368134788667591,0.42010232801977154
223,0.33639868731215467,0.4201810993223244
224,0.3360567025356572,0.42053212620862496
225,0.3358088385361192,0.42032392601691937
226,0.33543900153414036,0.42022424820059723
227,0.3350463380038239,0.4203846660831475
228,0.33479568927217757,0.4199652661273415
229,0.3346086207321914,0.419968052382518
230,0.3343301037009826,0.42025030977561956
231,0.33397905023769575,0.42019250892011956
232,0.33373892194398597,0.42057151831934025
233,0.3335350339111675,0.4203255229112862
234,0.33319059967275827,0.42020199575346967
235,0.33280512402999574,0.4197059258857818
236,0.3323659521258402,0.4195961445829896
237,0.332059696864116,0.4193172304625989
238,0.3317657610141607,0.41904907638221517
239,0.3314462679926644,0.41895202530500536
240,0.3312175323114579,0.4191073894527548
241,0.3308611545997444,0.41892525278431997
242,0.3305858765207417,0.418508638762936
243,0.33030567320005955,0.4183058032048155
244,0.3301101232701469,0.4184919330771035
245,0.32988592480223705,0.4187061707112744
246,0.329488595092106,0.41882829673398503
247,0.32922303860162405,0.4187644644921949
248,0.3289678906426267,0.4186341213990634
249,0.32863305803596693,0.4185801125734896
250,0.3282943485956536,0.418423666117521
251,0.3280494280653497,0.4180993628404531
252,0.32776682505049926,0.41803128594905964
253,0.32752535799696136,0.4180970572591125
254,0.32732732092705374,0.4182157827363837
255,0.32698646482636645,0.41794215694919706
256,0.3266179733738202,0.41780292908098976
257,0.32632249080450176,0.41765129892516506
258,0.3257997159949006,0.4173053325425136
259,0.32555186285989013,0.4172204610306856
260,0.3253363983983851,0.41718996532884317
261,0.3251193894419132,0.4173490941222316
262,0.32477356460830353,0.4175338770138102
263,0.32452386289222346,0.41762681580164107
264,0.3242377289359438,0.4172629567300478
265,0.32405354428323707,0.41765352442204656
266,0.32369325636625124,0.41756592329244974
267,0.3232567386357743,0.4172158137129894
268,0.3228456807001272,0.4169298757475121
269,0.3225619483314731,0.41675108856473075
270,0.322243396412212,0.4163085424794031
271,0.32200968860618145,0.4161220591186297
272,0.3216108974794664,0.4154894659481324
273,0.32140675318661505,0.4156588066399205
274,0.3212087771762214,0.4158284502497906
275,0.3207685088890668,0.41564958441460037
276,0.32028821934786017,0.41535971212073963
277,0.32014221055041236,0.415342722711043
278,0.3197870484037853,0.4149773693086573
279,0.3194985866460512,0.41496172773364026
280,0.31914099181949646,0.41475492335004055
281,0.31890813157437853,0.41457573639988027
282,0.3187162456613711,0.4143837077681342
283,0.31846970100299243,0.4144371535658944
284,0.31820313393495203,0.4144545396684709
285,0.3179725743346752,0.41418612907524094
286,0.3176605833898291,0.4139550028431744
287,0.31717614651565335,0.41391500484421107
288,0.3169880568805065,0.41386622136741347
289,0.3167027816369022,0.41385672779770305
290,0.31647302396505234,0.41387864123567825
291,0.31620257063732704,0.4138184960375634
292,0.3160427498323317,0.41380587823127923
293,0.31585430853988805,0.413876509897778
294,0.3153053859622885,0.413397559815665
295,0.3150785399818997,0.41354767857573244
296,0.3147884147016874,0.413397058650154
297,0.31461892951231407,0.4135915240080014
298,0.314354656543299,0.41365617862928367
299,0.3139548396903368,0.4137254906890466
300,0.3137056417449956,0.41355458627984026
301,0.31339025585399066,0.41335824808489496
302,0.31309198490269213,0.41306049749513024
303,0.31290374961534695,0.4130778653564701
304,0.3127128687744717,0.4131410953672324
305,0.31252376017638234,0.4128527467635152
306,0.31226251837253416,0.41282623490795145
307,0.3119906052741545,0.4129656888554873
308,0.311769909412597,0.4127453030778068
309,0.3115840932190086,0.4123986510112304
310,0.311313872536797,0.41226910618324647
311,0.31086709851629574,0.412256291593556
312,0.3107562484291866,0.41219294113999155
313,0.310627601843648,0.4121167268418394
314,0.3104358897182177,0.41242926006163094
315,0.3102324457823919,0.4126392608190807
316,0.310063437743196,0.4127772929088098
317,0.3098279176691675,0.412608946225444
318,0.30940229728792673,0.4124783967778392
319,0.3092535493831209,0.41253919184366744
320,0.3089302867209561,0.4124407390795714
321,0.30862266142094036,0.41241660088265636
322,0.3084054319360752,0.4121327582872571
323,0.30820590856248886,0.41237634513166177
324,0.30799887665268444,0.41228402421654
325,0.30771363427288057,0.4122217773472228
326,0.3073453410877459,0.41216346722329295
327,0.30710975718962963,0.4118024550000843
328,0.3068987893661049,0.41144720032596643
329,0.3067074014136417,0.41142256995394894
330,0.306452979867688,0.4115412590776674
331,0.30617145720391264,0.4116304337278066
332,0.3059606257125922,0.41113225957234356
333,0.3057098854293197,0.4111096435623576
334,0.3055462105749412,0.4106896728496887
335,0.30538034254188956,0.41086762117382847
336,0.3051465676697399,0.41087759159255777
337,0.30492446308100546,0.41096465462655785
338,0.30474910262273625,0.4107500199436861
339,0.3045372575769512,0.4105728359321588
340,0.3043803723562114,0.41047692956281195
341,0.3042533263747306,0.4102711514507937
342,0.30402260740207154,0.4102833387343954
343,0.30380815241333964,0.41007898762824213
344,0.3036665115237302,0.4101765975474709
345,0.3034781372176683,0.4103881627009771
346,0.3031868344920704,0.4102378998726301
347,0.3029271674112717,0.4097804153752683
348,0.3027413065100098,0.4098916492983905
349,0.3024963126000861,0.41006471626646196
350,0.3023151367132971,0.41030454354366885
351,0.3021472362562414,0.41026082057567725
352,0.30195927294080765,0.4101473480501188
353,0.30176505566484907,0.41009952137834604
354,0.3015064982019116,0.409927321225611
355,0.30108596127464027,0.40993527073314123
356,0.30092745683344696,0.4095609414340683
357,0.30082856218018833,0.409760033763875
358,0.30047039550810056,0.40931134745798353
359,0.30029301421740273,0.40919667583501435
360,0.30008864488406517,0.40908204094668726
361,0.2998670481032834,0.40897609356219405
362,0.2996860260057757,0.4090287422303395
363,0.2995528590203168,0.409387009582407
364,0.29940688762905854,0.40915316679945024
365,0.29924324393363416,0.409038981533138
366,0.29887517792494256,0.40888652688661714
367,0.2986316494733288,0.4086801294363202
368,0.2982517497718194,0.4086693914530846
369,0.29809254054614404,0.4088826568911712
370,0.2978883349068658,0.4087644908953652
371,0.29775624286754937,0.4086741823182211
372,0.2976081105939098,0.40853331851590413
373,0.2973113329006552,0.4083264511767548
374,0.2968923930016347,0.4081074898811893
375,0.29659840061824616,0.40820441403553087
376,0.29637324700284395,0.40839218016938694
377,0.2962467494476272,0.40838169054451046
378,0.29607429716747424,0.4083694695754973
379,0.2959030091107368,0.40840277510230016
380,0.2956903483054048,0.40830133481060515
381,0.29554949779815587,0.4081081739386517
382,0.2953119791239956,0.4079428975380635
383,0.29510712270476164,0.4078387784671579
384,0.2948970335938195,0.4076378891019693
385,0.29468319810844923,0.407540690561742
386,0.294296085496989,0.4078004397426093
387,0.2940821559395943,0.4078344134856242
388,0.29391079896750033,0.4079055451955089
389,0.29374943928396513,0.40810340636225206
390,0.29362332289197907,0.4082207048403621
391,0.29343786775245373,0.40824673226431163
392,0.2932285214089742,0.4080695796882732
393,0.29305639036678155,0.4080255249714229
394,0.29291284635881165,0.4079686309157325
395,0.2927941997327449,0.4081442712451376
396,0.2924669861490168,0.40764026078606974
397,0.29232724621261036,0.4074077164225181
398,0.2922024993984114,0.4072861051184857
399,0.29201856966657463,0.40714481481013703
400,0.29188174067156913,0.4069253979683962
401,0.29162845584504093,0.40722064830822785
402,0.29140280522368717,0.4069806823175883
403,0.29130190429739256,0.406991081711437
404,0.29109235390840804,0.40672124323000924
405,0.29089211715268776,0.4067479137234299
406,0.29058958432605697,0.40646632862816734
407,0.29033461392395343,0.4067354973520081
408,0.290223502553806,0.4065047356538301
409,0.2900792779514395,0.40629709552321686
410,0.289701430483748,0.40619631104247594
411,0.28959889619234497,0.4059844377377418
412,0.28936527526605066,0.4060870002086789
413,0.28921817433714797,0.4058264880126563
414,0.2890872384389555,0.4057522284517793
415,0.28892828310994023,0.4058065861654349
416,0.2887658916375366,0.4058172164808707
417,0.2885723611314014,0.4060259531056127
418,0.2884073137472758,0.40623545846932774
419,0.28809841064039304,0.406018324169781
420,0.28796789498836245,0.4059502325265164
421,0.2877898908961267,0.40612711024172565
422,0.287477666124274,0.4059411201565212
423,0.28733327059894653,0.40583728483758436
424,0.2869034779790772,0.40570224360083273
425,0.28666574832754355,0.4054239622811278
426,0.2865290066047086,0.4052755491517212
427,0.28626926228318184,0.40546681334399687
428,0.2861580139770949,0.40540278887717573
429,0.285977634463221,0.4053284366347477
430,0.28580919060542054,0.4052259660527576
431,0.2856530104335145,0.40523402239551826
432,0.2854908752475725,0.40507273297526913
433,0.2853913490250779,0.4050728590475191
434,0.2851843325094916,0.4054252040778222
435,0.2849057380595798,0.40553457312495267
436,0.28477251493976147,0.4054222652095072
437,0.28445009263145976,0.40585270822553554
438,0.28427154874825666,0.4058365341776658
439,0.284157261759577,0.4060702940772967
440,0.2838908684595822,0.4060515197257461
441,0.28375192721737114,0.40625311403895253
442,0.2835595567222991,0.40601789497214463
443,0.28331621366994947,0.4060501397483191
444,0.28304660208959026,0.40583380964529986
445,0.28285343511356764,0.405811447710529
446,0.2827000730113536,0.4058295742114583
447,0.28252914232464355,0.4054034500275063
448,0.28232753248455966,0.4057418687234541
449,0.2821535759542038,0.4059530846621936
450,0.2820556578609282,0.4060025519264938
451,0.2819382437082742,0.40589143064389765
452,0.28177408767746276,0.40623958373559865
453,0.2816299377635827,0.4060714627110223
454,0.28150495181129864,0.40602003337154297
455,0.281292038647394,0.40613100370356103
456,0.28112804767152794,0.40612780412603355
457,0.28101136688937683,0.4063098214547112
458,0.2808252553047369,0.40601265262312164
459,0.28069057847566053,0.405902189533417
460,0.2805108237735837,0.405890932596203
461,0.2804006719390644,0.4058354447842271
462,0.2801752480430604,0.40555525231453593
463,0.28001028909055303,0.40539567472963933
464,0.2798812667163556,0.4052455605490903
465,0.2796821973554337,0.40535935905044185
466,0.2795183286164291,0.4055386916479015
467,0.279406765688975,0.4055238456198696
468,0.27925201208041395,0.4052613297225196
469,0.2791041687744848,0.4053693622572952
470,0.27893327837237514,0.4053062641795143
471,0.2787819696113427,0.4051757168843682
472,0.27857596326663475,0.4050078252271119
473,0.2784324246031982,0.404902445447888
474,0.2783341583522405,0.404756257923914
475,0.2782168895569434,0.40477109561748553
476,0.2779879380830815,0.4048661572919542
477,0.2776568784337021,0.4049335656824789
478,0.2774804392407,0.4049750378580737
479,0.27737232611899715,0.40505191922762274
480,0.27721104033289146,0.40493596111092167
481,0.27700133212060274,0.40515118034567854
482,0.27686415076094517,0.4054040193752667
483,0.27680329587198393,0.405532573081619
484,0.27669324951915736,0.4054137189031485
485,0.27653762311463226,0.405693843106534
486,0.2764628249532409,0.4054252387082219
487,0.2762736439806936,0.4054146163923107
488,0.27601445720176254,0.4053001843084987
489,0.27582806714016667,0.40514085940621664
490,0.27569306729856985,0.4050918753101085
491,0.27541356109981147,0.40514221681712004
492,0.27528541935927514,0.4050591399517748
493,0.2749549072537626,0.4045474512759361
494,0.2748203876915368,0.4044331559387437
495,0.2746418479264774,0.4043937071563278
496,0.2744542447742653,0.4046235449453826
497,0.2741815154517731,0.4047682602051336
498,0.27395736383168356,0.4047454641966906
499,0.27375315094165165,0.4043527119880664
500,0.27354948652519767,0.4043142051819675
501,0.2733710592563699,0.40428262539873167
502,0.27321795299161916,0.4039824444216347
503,0.2731172973928565,0.40393780862550527
504,0.27289085612301783,0.4036365983714293
505,0.2727569590636853,0.40351311051532224
506,0.272584575964691,0.40386732791912466
507,0.2724849405839453,0.4034314366554633
508,0.2723033549975715,0.403279163633862
509,0.2721651622343933,0.4033733870097202
510,0.27203393717233765,0.40355496618387227
511,0.2719125035285933,0.4036824611752528
512,0.2717235272947894,0.40380277370844253
513,0.27158820370505105,0.4037240079461245
514,0.2714211541951692,0.40356151246288346
515,0.2711128432104871,0.40331662186072853
516,0.2708678459102089,0.4033895338300702
517,0.27068183527828027,0.40338733929914866
518,0.27052154956756913,0.40360272522053475
519,0.27031297536434323,0.4034768768420169
520,0.27014798580856186,0.40336216010121323
521,0.2699985769741376,0.4035902123014904
522,0.2698733872000581,0.40347980901161634
523,0.2697030453596435,0.4036917083235076
524,0.2695343464140531,0.40390545861942
525,0.26942998313709604,0.4042084462732357
526,0.26928008952032895,0.4043013645129243
527,0.26905599154862253,0.404196417039613
528,0.26898076644364294,0.40407167871741545
529,0.268817365484446,0.40403193431382467
530,0.2686863754005937,0.4039395721198667
531,0.2684876611674795,0.4040147964303729
532,0.2683242687777008,0.40375376861941603
533,0.26809494850380583,0.40370714442174294
534,0.26800699778618486,0.4036589871296826
535,0.26794793794787247,0.40360255351915114
536,0.2678145173994001,0.40387819946128856
537,0.26773505026361405,0.40384533479918056
538,0.2676326029162141,0.40354636992257736
539,0.2674556596676875,0.40349733904607443
540,0.2673609378878625,0.403412440424818
541,0.2671398148549141,0.4032718976402649
542,0.26700761810375445,0.4029511315214364
543,0.26677723620898464,0.4026583638606884
544,0.2666938374365488,0.4028536796284652
545,0.2665782995354232,0.4031512059626125
546,0.26644089120043885,0.4032988056789564
547,0.2662164226588125,0.40312336606426313
548,0.26612808930368914,0.4028327611983049
549,0.26602300458905753,0.4028743872844953
550,0.2658819999186575,0.40283370355261716
551,0.2657140225275437,0.40294114809590553
552,0.26561349258068534,0.40270122898312477
553,0.2653549044384752,0.4025653169357867
554,0.26522072595767193,0.4026815266114302
555,0.2650057152488629,0.4024851148667542
556,0.2649028978159301,0.4027360265472221
557,0.2647583628246604,0.4029464120481572
558,0.264651949828192,0.40294126763342697
559,0.2645060569591328,0.4027805914323682
560,0.26439590983092526,0.4025941030021782
561,0.2642267717136579,0.4027597135044263
562,0.2641460281856508,0.40280723004036706
563,0.2640432390409967,0.4027822940424188
564,0.2639086693286167,0.4028586424327149
565,0.2637681636973431,0.4028951104682409
566,0.26367091383691027,0.40310766606628773
567,0.26353842470538236,0.40288623850426514
568,0.26337886178246694,0.4027645432760017
569,0.26322806987693975,0.40267131795100086
570,0.2631179258046344,0.40248361553074763
571,0.262863417816082,0.4024261235742152
572,0.26277312012837944,0.4021283388828832
573,0.26265573357856536,0.4025151586997532
574,0.262522212439713,0.4020855389844837
575,0.26244026482403576,0.40190899493724547
576,0.262197656240077,0.40184221451804003
577,0.26203709220618,0.40152524110880716
578,0.2618847367057413,0.4015284175280655
579,0.2617103189294039,0.40139034856961686
580,0.2615566518706149,0.4011962072586523
581,0.26142586626241127,0.4009909308038483
582,0.26136353062937634,0.4008347894148107
583,0.2611115132581305,0.40111767259428477
584,0.26098144593078654,0.4009940515043872
585,0.26088427261987385,0.40093857489844964
586,0.2607053362581415,0.40115400883168034
587,0.26056781970154663,0.4009695762264566
588,0.26036809758099616,0.4011125936307496
589,0.2602555830484338,0.40095770196986086
590,0.26013620635771123,0.40095340814142344
591,0.25991704371208085,0.4010687590773183
592,0.25980508425760324,0.40132154582366386
593,0.25960948841425474,0.40113483736903127
594,0.2594880648519741,0.400845989504992
595,0.25933230916981337,0.4006771155288041
596,0.25910738143020623,0.40035745389383093
597,0.258989339394318,0.40028406185477533
598,0.25891001500215216,0.4001551335504751
599,0.25873972564996406,0.4001417853547196
600,0.2586501697290744,0.40007396978697435
601,0.2585952467123817,0.400160297608067
602,0.2584179022572063,0.3999171028081802
603,0.2582588376908471,0.3999150398374016
604,0.2581737704043522,0.39987983574017116
605,0.25800304866377455,0.399931386840537
606,0.257858077570589,0.3998719860961019
607,0.2577297862828722,0.399750199522163
608,0.2575585417239527,0.39963897214795063
609,0.25741708089007326,0.39980060769970077
610,0.25728178330175505,0.40001916279474836
611,0.25719815814519015,0.40009964775610696
612,0.2571294427893701,0.4001461077383013
613,0.2569661415385104,0.40030094955589907
614,0.25686765778624787,0.3999021457413321
615,0.256797640869485,0.39991785187051443
616,0.2566917756213193,0.40000448245343734
617,0.2566012497701574,0.4001852754858794
618,0.2564821184042595,0.40010938872088153
619,0.2563884001635394,0.40000264138599045
620,0.25623245890049756,0.40008347292852525
621,0.2560100047386616,0.4001595614179412
622,0.2559138460880623,0.4003293460450555
623,0.25586304039116675,0.40003811103546555
624,0.2557530149836547,0.40010520720809023
625,0.25559195064160106,0.4002270367700949
626,0.25550483614758096,0.4002807388455501
627,0.2553929830617055,0.40031796687149573
628,0.25529084032737154,0.4002745772076612
629,0.2551103466752685,0.40043804510512027
630,0.2549202963625711,0.4004961510275512
631,0.25477699960910966,0.4003075095074579
632,0.2546415885927861,0.40037177177919603
633,0.254500430790181,0.4006118477368057
634,0.2543275587657541,0.40079151534043245
635,0.25422581178688597,0.40055692204633153
636,0.25406199772234367,0.4002570652584458
637,0.2539516766469553,0.4002767828778402
638,0.2537710010092128,0.40036795686534377
639,0.253644773031078,0.3999854389602341
640,0.25343601123306975,0.39966054445731836
641,0.2532428831015074,0.399543827509194
642,0.2531556961784636,0.3997238790892283
643,0.25307252292348803,0.39986640321021716
644,0.25296037574633873,0.39981639992723145
645,0.2528306337175035,0.3995827408118126
646,0.2526390804550255,0.3993254903322839
647,0.2525505718944882,0.39899241219038517
648,0.2524505981380416,0.39900530057527117
649,0.25234587739149816,0.39900930572645626
650,0.2522024848054079,0.3990041243834452
651,0.25209044487255416,0.3988178710737869
652,0.25200068846849416,0.3987686837714471
653,0.25190181377188997,0.39865834962041347
654,0.2516768890380027,0.39872580552927467
655,0.2515650522808265,0.3987284191843619
656,0.25136150839513066,0.39857414535286495
657,0.251245740835131,0.3984725369841318
658,0.2511166940194852,0.3985477329890841
659,0.25101667855112586,0.39845149640954625
660,0.2508808794183023,0.3985452385147949
661,0.25072755709796263,0.39856932103875736
662,0.25063609004578014,0.3986535025447254
663,0.2505557734189142,0.39852634618269717
664,0.25038162902549216,0.39901298846134653
665,0.2502734267248183,0.3990020244732986
666,0.25016572590190106,0.3987472902569334
667,0.25006065326948457,0.3986661976488495
668,0.24997937667945758,0.39870676442742004
669,0.2498663879371393,0.39839257781328336
670,0.24972436269963752,0.39868588786539216
671,0.249603287501038,0.39869764746862424
672,0.2494974569264443,0.3989368463172304
673,0.24937607055640953,0.3987276200181882
674,0.2492321153447702,0.3987425348599228
675,0.24913190182370037,0.398871184616393
676,0.24905278085859117,0.39888982591812283
677,0.2487872560588609,0.39894794310318826
678,0.2486840877261367,0.39907629395410177
679,0.248582471460532,0.39927224644162235
680,0.24844011889653567,0.3993131079431778
681,0.24834140084195222,0.3991628418709301
682,0.248253963812982,0.3991744709702658
683,0.24812866784771118,0.3988816506214644
684,0.2480481442202701,0.3988691082936923
685,0.24788499043587645,0.39891248015616737
686,0.2478141228829607,0.3990169837080759
687,0.2475456744695125,0.3990326375635557
688,0.24746637800616234,0.3988038753154187
689,0.24742172099189014,0.3988455494219625
690,0.24720970072310972,0.3987374413179147
691,0.24705096809434895,0.3985953837866995
692,0.24694789675631185,0.39861727923973217
693,0.24685567785196902,0.39884708487082704
694,0.24676050277692285,0.39844020639658634
695,0.2466517640228431,0.3982997126001937
696,0.24651382814399597,0.39806319412541735
697,0.24624460777945292,0.39777398663072755
698,0.24615662730206953,0.3976846978181544
699,0.24607635594368177,0.39783493540848475
700,0.24600133257554505,0.3978421194946851
701,0.2459128296870317,0.3978467145992715
702,0.24586531633191722,0.39792339445621905
703,0.24570845123932847,0.3979760653618826
704,0.24560278726398807,0.39804505402052615
705,0.24551950845601045,0.39807640779443737
706,0.2454180241468991,0.39798083025866715
707,0.24535035709920752,0.3979782464884114
708,0.24524180417509964,0.39804297238345965
709,0.24510328192173597,0.39809522580817974
710,0.24486294047972615,0.39777722931699055
711,0.2447454303040276,0.3976885992472843
712,0.2445164807638783,0.3979747156921469
713,0.24441481718442137,0.39795090680517015
714,0.24430145072021509,0.3981102338511443
715,0.24419471953962588,0.39827652406274905
716,0.24413549903664708,0.39795738325870966
717,0.24405668050217108,0.39780357406899575
718,0.24392245362659673,0.39772017276484894
719,0.24385314370378977,0.39778793657238254
720,0.24377893060737146,0.3977781141331267
721,0.2436753703555852,0.3976923968356231
722,0.2435828525967867,0.39781313295672616
723,0.24346680588157968,0.39776438596717195
724,0.2433612188441811,0.39761464568208243
725,0.24328192814941643,0.3978253458198552
726,0.24321498762588195,0.3973825199137352
727,0.2431002896961441,0.3976169752809482
728,0.24290984070931465,0.3976478526651847
729,0.24270735447261038,0.39747086550100835
730,0.2424956920122197,0.3972484797983433
731,0.2423595782326638,0.39707567049528175
732,0.24228646880749805,0.3972020755088264
733,0.24215271797596225,0.3972981791247914
734,0.24205336060802604,0.3973926410531772
735,0.24196878190964288,0.3976566013504915
736,0.24186104646767104,0.39775596161598314
737,0.2418107915428308,0.39800222169871907
738,0.24157492330675306,0.3978023115690676
739,0.24148133608954392,0.397722626023602
740,0.2413858471351493,0.3981921660479474
741,0.24122768099193387,0.3982183236818542
742,0.24103447200536998,0.3982018700678104
743,0.24095708303486646,0.39796981348123417
744,0.2408558109736735,0.398151447165217
745,0.24076140931645212,0.39822130445285225
746,0.24065052426089728,0.39813632995007786
747,0.24051951111791575,0.39818007605854766
748,0.24041205483037775,0.3979992803467483
749,0.2403361691461215,0.39780467517745133
750,0.24014569241380146,0.39782722332271936
751,0.24002364677983487,0.3978031400617177
752,0.2398895930664437,0.3975591692028738
753,0.23982765336507691,0.3973087829558059
754,0.23975436217807788,0.3970230736358221
755,0.23968972196106456,0.3970226148051361
756,0.23962355712058686,0.397297580461255
757,0.23950806609527345,0.3969918400538334
758,0.23946172112353678,0.3969864891549358
759,0.23939836279258397,0.3968695572776986
760,0.23934846475319077,0.39673503207938554
761,0.23926905962176184,0.39681435072011234
762,0.23919290838930585,0.3968061159207854
763,0.2390923895055934,0.3967557100580174
764,0.2390149336146671,0.3964958534601009
765,0.23892504044734061,0.39645558540724274
766,0.23878154081033579,0.3963299263422125
767,0.23873020989680419,0.39627667030671265
768,0.2386334974167809,0.39613960936829523
769,0.23849966285644167,0.39604041594504
770,0.23843507596694413,0.39577690350430156
771,0.23829504159427234,0.3956599162724168
772,0.23809899358854425,0.39531988003249935
773,0.23799556290095192,0.3954008744939582
774,0.23789168104996977,0.39535395541588814
775,0.2377718163364201,0.39532510423530015
776,0.23767264439524044,0.39522241000129904
777,0.23759986630542043,0.3952705891292897
778,0.23749185553357388,0.3950603634783233
779,0.23743723316363974,0.3950710794713105
780,0.23736260307377519,0.3949768831809015
781,0.23729106600167887,0.39501675348514886
782,0.2370581653738198,0.39485515186079423
783,0.23683804363224517,0.3948687953719248
784,0.23669953968868784,0.3949872608242942
785,0.23661734549839727,0.39493236566144985
786,0.23650714212882612,0.39522426541284106
787,0.236440233781365,0.3953860464644054
788,0.23637032465270094,0.39537029000744844
789,0.2362759666434739,0.3952276474726103
790,0.23620105226989127,0.39527354208153803
791,0.2360958407849851,0.395335574816538
792,0.23601531270920242,0.3952895017792775
793,0.23586933564161752,0.39556262330621367
794,0.23572703011302099,0.39540109463378476
795,0.23555044106202697,0.39521723421463784
796,0.23548523734164398,0.39513746769580543
797,0.23541565831017203,0.39514675254122367
798,0.23529919181032283,0.3949934089880443
799,0.23522256422209825,0.394998690724509
800,0.23512306363608174,0.3947762751074896
801,0.23507967900377733,0.39470419167604914
802,0.2349455261904253,0.39456768310383883
803,0.2347763647509178,0.3944566784499281
804,0.23471402325929472,0.3945210442261034
805,0.23463412854144108,0.39424270802372935
806,0.23448554525242868,0.394002550985233
807,0.23438741399327143,0.39365485295290303
808,0.23428999811522677,0.39354283788335814
809,0.23422053966347056,0.3935995774997495
810,0.23415385692129684,0.3935907329369495
811,0.23408095910479657,0.3935409482856769
812,0.23401400308181253,0.39352036395717666
813,0.23397316829204598,0.3936156408621745
814,0.2338406144519542,0.39339002003611695
815,0.23377404957513698,0.39333647035218566
816,0.233699536456645,0.39313242294563133
817,0.23358632231189597,0.3931009016464622
818,0.23347407124333813,0.3932959127910528
819,0.23338559582063817,0.39350402035200216
820,0.23328216857406617,0.3933348271719635
821,0.23319453619815542,0.39333622058665796
822,0.23313157100095475,0.393372345394491
823,0.23299089038720333,0.3933891925369291
824,0.23288931187561607,0.3931631421861636
825,0.2328178088221105,0.39294314920886264
826,0.23274736898345436,0.39291879962699167
827,0.23266055332966035,0.3928645719586617
828,0.23255097612426365,0.3932714768816126
829,0.23247327334908893,0.3934711988891319
830,0.23241357968045012,0.39343287827328965
831,0.23233268311799204,0.3935102308870336
832,0.23220688165006267,0.3934892125531891
833,0.23215705683819524,0.3935231405595505
834,0.23202983660613505,0.39359418935026946
835,0.23197194683503275,0.39351554616619466
836,0.23187331572574163,0.39349437931695375
837,0.2317868768203883,0.3934292597778694
838,0.23168214321001623,0.39340357552102023
839,0.23164080761666725,0.3935910084138904
840,0.23155873480283798,0.3934645605979256
841,0.2314286414687237,0.39399162655518877
842,0.2313032745903101,0.39394055142782625
843,0.23123067009164053,0.39372120186073367
844,0.23114313346786378,0.3936724713388552
845,0.2310346478659275,0.3938239605497602
846,0.2309016353336911,0.3936483144213766
847,0.2307895642999942,0.39355403968934405
848,0.23068456352638544,0.3933576944963295
849,0.2305016283411984,0.39361964865429855
850,0.23029100018923632,0.3934615213529167
851,0.23019396556255572,0.3934016649640688
852,0.23010571552794412,0.3936287445448863
853,0.23001287947602236,0.39371814409137834
854,0.22998774442395659,0.39373193925080546
855,0.22979567648039692,0.3937692352248808
856,0.22963864898493727,0.39418103200280863
857,0.22953604488511228,0.3940329261471962
858,0.2294377635069794,0.39430520250869383
859,0.22936612963903996,0.3942420596155263
860,0.2292206343162346,0.3938656693208676
861,0.2291256325478433,0.39376293641080873
862,0.22907802135180677,0.3936653259497266
863,0.22901660474723426,0.3938949439939677
864,0.22882460708599262,0.39398677341855554
865,0.22872522372018161,0.39407583463027895
866,0.22863386814082662,0.39421732839406287
867,0.2285486913612093,0.39431885081812107
868,0.22847895116748568,0.39425310379800266
869,0.22836431421924877,0.3943472866064086
870,0.22830035647244326,0.3943781066747281
871,0.2281685091297535,0.39445544755089396
872,0.22806444765542502,0.39452057798892765
873,0.22801109600038608,0.3944173857393331
874,0.227958028909951,0.3945250580013046
875,0.2278482998546904,0.3943885228994219
876,0.22775233121307328,0.39461531476176975
877,0.2274950549691933,0.3943867204495028
