0,0.6507491985148237,0.6518603565618973
1,0.6406665331336483,0.6425206461552105
2,0.6303655161199512,0.6325021071621482
3,0.6194110196475703,0.6233382482135282
4,0.6102910267141702,0.615630869915583
5,0.600775749539154,0.6079464368975968
6,0.5924832968501289,0.6008736481302205
7,0.5856117919532959,0.5948648440877464
8,0.5777278492105495,0.5885522710458517
9,0.571251862732939,0.5829355621984763
10,0.5653133203800467,0.5788245022230898
11,0.5589993364927447,0.5739888567003036
12,0.5540976906370615,0.5699052063795683
13,0.5485345208862691,0.5656258430195805
14,0.5434538569808799,0.5608385779697898
15,0.5382147011360523,0.5565896536556721
16,0.5328794817624826,0.5522815537446097
17,0.5292484526453356,0.5497414478464908
18,0.5242107491589596,0.5461237685690951
19,0.5194422477157012,0.5428109416368924
20,0.5152168695630294,0.5394751261074018
21,0.5108119133913503,0.5357101355676239
22,0.5067369101335968,0.5326980887391375
23,0.5026082577821226,0.529742802314848
24,0.4998020350949577,0.5273402664451504
25,0.4962452900650625,0.5249447575043206
26,0.4932637947796125,0.5229370500871774
27,0.49017948837763115,0.5205136488211379
28,0.48730012145747376,0.5185583093897713
29,0.4841405126644692,0.5160785352817405
30,0.48110089032546693,0.5136838106981015
31,0.4776270533246653,0.5112899177081693
32,0.47561355151755863,0.5097417443792686
33,0.47351387144166435,0.5088465785646887
34,0.4709017997584899,0.507363884915017
35,0.4685771980323929,0.5061308068954535
36,0.46519093912874543,0.5037112984133849
37,0.4632572159418632,0.5022969598472449
38,0.4609774943329765,0.500530708032523
39,0.4590486319692329,0.49925719171036387
40,0.4570750596738139,0.49793601896642714
41,0.45476032422024215,0.496295660899195
42,0.4525666121715228,0.49498823115133894
43,0.4503747509196318,0.4932877406609943
44,0.4479973878575322,0.4918343425209604
45,0.4464702714205712,0.491211775446915
46,0.44419267750628794,0.4896522580644947
47,0.44135543730848387,0.4882382159992838
48,0.43959881614992685,0.48731740889606684
49,0.4379163804790985,0.48611825445495704
50,0.4368879342150533,0.48575080761217726
51,0.43499552242556877,0.4846660220255025
52,0.43395347701301046,0.4842042971406532
53,0.43285576371808154,0.4835477341647164
54,0.4315443310684474,0.48286091482652516
55,0.4301972486839887,0.48214416206295574
56,0.4291328518328609,0.4820517908950911
57,0.42775464075455566,0.4811270391261195
58,0.4267248797054059,0.48078050159107677
59,0.42544752458401297,0.4801981660185726
60,0.4242705956817185,0.47957651826613895
61,0.42253298302730785,0.4787588668935587
62,0.4212672668957829,0.4781191263137466
63,0.4201208985609684,0.47795872615520346
64,0.4191004873829938,0.4775328498915382
65,0.4180846134796821,0.47677225476813606
66,0.41677909861354867,0.4762572905302444
67,0.4158675469084749,0.47615536125758423
68,0.4149914898848778,0.47544123811579225
69,0.41405250182414505,0.4747396182982562
70,0.4132067458307038,0.4747623548010655
71,0.4118623433888355,0.4740489210978827
72,0.4109474646045124,0.4734609126838405
73,0.40995913226485403,0.47304298490665414
74,0.40860012686705155,0.4724019451988892
75,0.4078660138891979,0.4719979802367266
76,0.4069622506893932,0.47175513316412043
77,0.40621868353893986,0.47148480089969214
78,0.4055645531698327,0.47145638549091873
79,0.40474307928327163,0.47109246567295965
80,0.40369982252429637,0.47074310389756824
81,0.40288429277570525,0.4700874955716191
82,0.40199392736535666,0.4699053107900081
83,0.4011584104287334,0.46964022036588204
84,0.4003112577278361,0.4689818022263175
85,0.3995732260756566,0.4687159938793444
86,0.39883957286277666,0.4688140564760067
87,0.39802839042637433,0.46833035812928764
88,0.397352048776557,0.46810469570737806
89,0.3967487017499285,0.4679581823419462
90,0.396114822056821,0.4677314825504523
91,0.3954963367210612,0.4674956144791835
92,0.39442364524499174,0.46667571359645094
93,0.3937793941858945,0.4664913966492693
94,0.392967339952663,0.46630823434612084
95,0.39213431685707084,0.4663653933996972
96,0.3914999502328362,0.4656900984368154
97,0.3909323539998453,0.465351492465615
98,0.39014606164502247,0.46512205932177975
99,0.3893488968247063,0.46495095097922934
100,0.38829085442102446,0.4645115712189331
101,0.3872145270807039,0.46427444551977537
102,0.386572359950753,0.4640535375831498
103,0.3860591759797957,0.46375883285447145
104,0.38525374997964135,0.46347580872401845
105,0.3846138195812306,0.46335394003718333
106,0.38399529843441604,0.46303630931507117
107,0.38347430680574207,0.46287743971865636
108,0.3829457171164362,0.46275680086648674
109,0.3818361905237386,0.4622223876490941
110,0.3812642007481393,0.4618134489066379
111,0.3805297042659854,0.4614658629148373
112,0.3800569806311894,0.4613188954043395
113,0.37938112138016594,0.46105969016742404
114,0.37874891409281214,0.4607902376470079
115,0.3780431720796366,0.46076950926131516
116,0.37726711158115717,0.4603490967258134
117,0.3767685793729031,0.46047005640881206
118,0.3762783071264451,0.4603337673975747
119,0.37540329038655407,0.46044422192076184
120,0.3746174982679824,0.45995274084648025
121,0.3740055067052163,0.45959189292022823
122,0.373503498245208,0.4596660421008155
123,0.37282618637849574,0.45967766457956166
124,0.3722727523220895,0.459054161566552
125,0.3714272738032142,0.45877640902302985
126,0.37093070241522585,0.45835700589474515
127,0.3700195602739512,0.4579680951854682
128,0.36957087268065847,0.45779976165200587
129,0.3691320365020471,0.45731846027690937
130,0.3686628652265211,0.4571115582416108
131,0.3680446411682559,0.45651037321381627
132,0.3676235565373206,0.45639772304145004
133,0.36701636787417324,0.456155572641447
134,0.3665741096621489,0.45602906628791345
135,0.36606564244372997,0.4556719293871509
136,0.36533644204961335,0.4553502134912764
137,0.36492836981978793,0.45550363055499454
138,0.364119328324583,0.45523822790987434
139,0.36375879612055134,0.4553394025688783
140,0.3631400590334995,0.45491241992802944
141,0.3626390713017438,0.45477046535050253
142,0.36206606537586333,0.4544390897871978
143,0.3615630571812944,0.454524737705424
144,0.36117471775307153,0.45446641918102637
145,0.3607176612863567,0.4542159608751948
146,0.3601675556100088,0.45384309112774013
147,0.3597931152736667,0.4540996243393385
148,0.35926400781387374,0.45354161470002213
149,0.3588911375174751,0.45363366118078413
150,0.35834646329555997,0.45360485509508275
151,0.3579807107291439,0.45368977365365554
152,0.35764978016063503,0.4532549129468972
153,0.35707465006484096,0.45300843188763984
154,0.3566694757256529,0.45293157270997103
155,0.35634272856171656,0.4527888610857979
156,0.3557847194661874,0.45288755614846815
157,0.35520419965426986,0.452474428689394
158,0.3544925210877824,0.4521666712149285
159,0.3541726329044675,0.45193467958565237
160,0.3537681548139916,0.4519675426125312
161,0.3529018567251567,0.4517642815596324
162,0.3523349542405914,0.4514365910314197
163,0.3520491975805684,0.4512231310639749
164,0.35173373229225124,0.45132587518510003
165,0.35129288375709755,0.45102565795191435
166,0.3508858330808745,0.45055187036564875
167,0.35025501403347037,0.4501592715024321
168,0.3498745464032943,0.45020190615862904
169,0.34954783563958,0.45028099425009155
170,0.34912998693946706,0.45002187930299165
171,0.34855419701658363,0.44975464281874605
172,0.3479853780926767,0.4495771258702277
173,0.34746874943978934,0.4491965799352127
174,0.34684588897102825,0.4494034386521509
175,0.34642613441673037,0.4494378447918384
176,0.3460682636206291,0.44897732435357435
177,0.34559593003337064,0.4487499728930881
178,0.3451486042649655,0.4484172158659016
179,0.3447662487601323,0.4484651980927814
180,0.3443886684055274,0.4484309819501186
181,0.34399953948623674,0.44833482995192014
182,0.3433733373575618,0.4482562983323998
183,0.34285189320847953,0.44852181918122874
184,0.34260205850923064,0.4486854325934568
185,0.3422520397809063,0.4489215383737256
186,0.34181633638450104,0.4486560707422982
187,0.34132684492542187,0.44820896489391
188,0.34090878445849004,0.44805960876687717
189,0.3406617016864658,0.4479648671757558
190,0.34026685848590793,0.44785792265677304
191,0.3399001941026074,0.4478533221553116
192,0.339536786613396,0.4475751245778017
193,0.33917509945669516,0.44741430207633165
194,0.3388895612820603,0.44770530512162454
195,0.33838554829124934,0.44761443184430844
196,0.33816354242663993,0.447665453620321
197,0.337856792825236,0.44774786063499855
198,0.3375881264612268,0.4478958056629084
199,0.3373151332723206,0.4480106571177691
200,0.3370168424288279,0.4482613892747236
201,0.3366329404484204,0.4480232059303774
202,0.3360585899830714,0.4476452399424771
203,0.3356347208799318,0.4475541683037663
204,0.33535542612604524,0.44741362911893484
205,0.3350651116679698,0.4473405154586944
206,0.3348253961066702,0.44747848605792784
207,0.3345985110397404,0.44751458414051587
208,0.33437261084694897,0.4474866920411752
209,0.33403791353964596,0.447313924458245
210,0.3337847329431202,0.4475052527080838
211,0.33337071210564684,0.4475111566166314
212,0.3330203932142741,0.44764886481186184
213,0.332703238608396,0.44759597918194033
214,0.3323962817609038,0.44742732230318116
215,0.33208480142655133,0.44729551827640235
216,0.33183198796965774,0.4472548189064527
217,0.33147639847682336,0.44763722006697726
218,0.33115294448472354,0.44762307174755456
219,0.33092006491079456,0.4477863879080198
220,0.3304995116615278,0.4478509468464789
221,0.33007805344364005,0.44799597136746444
222,0.3298385785962223,0.44768830041214414
223,0.32938076526618637,0.44732204450094293
224,0.32905863825817605,0.44708729095670374
225,0.32863713671934947,0.44740174778201847
226,0.3282257461482566,0.44743731711781765
227,0.3279381107329056,0.44742281912235027
228,0.32763157590165537,0.44740833716460837
229,0.32731766771609716,0.44703871944191087
230,0.3270203936175966,0.44721324729670253
231,0.32666956518383766,0.4471179158143196
232,0.3261491090553304,0.4471099981300714
233,0.3257738964214193,0.44718092665641446
234,0.3254342679694194,0.44709349403947857
235,0.32516453279827434,0.4469925300800886
236,0.3246789111163785,0.4469785283784798
237,0.32447621875696797,0.4470401984739508
238,0.32425483033937175,0.4471647983668568
239,0.32378980354728243,0.4467063121124277
240,0.3234741278153876,0.44626679784563655
241,0.32290100434239116,0.44593541527833225
242,0.3226341261293281,0.4457784184597119
243,0.32238623394245636,0.44579144357935685
244,0.32210086434171975,0.4454057422638814
245,0.32181982727925545,0.4454943446044378
246,0.32153674509636193,0.4455512436555445
247,0.3210144360703937,0.4456199609694109
248,0.3207358042725,0.4454083428645954
249,0.3202852597324784,0.4452934403277744
250,0.3200491296522193,0.4454126106765934
251,0.31984603219198376,0.44527635920858827
252,0.31957926524412156,0.4452932911547538
253,0.3192823767878119,0.44499993685102823
254,0.3190448694949576,0.4451947419724715
255,0.31853719983984236,0.44551144256993946
256,0.3182900960625233,0.44558850195205224
257,0.318017077259281,0.44565890199357305
258,0.31778340686085826,0.4454484561732573
259,0.3172150506281654,0.44507235548575536
260,0.3170519323275937,0.4454230658610992
261,0.3168552882682144,0.44540199689857934
262,0.31643758744856393,0.44529923617763495
263,0.316081395277605,0.4451625308172482
264,0.3158158494769632,0.4453208921147162
265,0.31539811579634847,0.4453790579579053
266,0.3152019891339733,0.44543274146260264
267,0.31493313745675444,0.4453253061624073
268,0.31471218388222866,0.4452338175423204
269,0.31446475121125594,0.44540948898955385
270,0.31420569272249305,0.4453874883481228
271,0.31402261168742396,0.44541719544973896
272,0.31376435146161696,0.44538624604838023
273,0.31346608369865436,0.44512752774671743
274,0.3132190529883871,0.44491950988847917
275,0.31295683507017014,0.44497725329694987
276,0.3127374680419396,0.4445876722710861
277,0.3124610790455557,0.4442589255096236
278,0.3122401394243667,0.44418386046920105
279,0.3120925346780558,0.44409227106876975
280,0.3118121228902781,0.44421685757352697
281,0.3116538330751697,0.44436353697582814
282,0.3112122425631592,0.44456238548012483
283,0.3110035047185703,0.44445469413686994
284,0.3107753689564581,0.44461820807652436
285,0.3102947214630186,0.4442213789955945
286,0.3100935108228695,0.4442261116143939
287,0.3099407484035027,0.4444508228537648
288,0.3097492256008423,0.44434023153187413
289,0.3095305201923423,0.44453077650332984
290,0.3092583353693854,0.44461123507721545
291,0.3090580841661756,0.44461761372615627
292,0.30888637390767937,0.444573357279989
293,0.30845941621129497,0.4441716987747959
294,0.3082325505112078,0.44424621636875117
295,0.30783237532737273,0.44403082568039615
296,0.3074901643635113,0.443857917601319
297,0.30723118237650343,0.4436547851348801
298,0.3067472009671541,0.4433767732690735
299,0.30651058331877096,0.4433373678501403
300,0.3062362179901669,0.44334711361746587
301,0.3060226262851844,0.44339355024182187
302,0.3058511087915098,0.4433342780513588
303,0.3056715135609552,0.44337206317631656
304,0.30519621520445517,0.44319997293975694
305,0.30490724486028126,0.44305010695744756
306,0.3046951471880266,0.44286870722352617
307,0.30429457969938284,0.4425032200200993
308,0.3040759415753291,0.44278120339290133
309,0.3038044326847413,0.44284332772626117
310,0.3034922927674752,0.4428020698453608
311,0.30331050834730927,0.44281479026317794
312,0.30296240333539404,0.4428860612929379
313,0.3027555124210462,0.442840803505859
314,0.3024738389951747,0.4429223829048045
315,0.30226679637644993,0.4426757424960484
316,0.3020699437479989,0.44244129825919737
317,0.3019719832255283,0.442567315095456
318,0.3017633499787524,0.4426927512319777
319,0.3015230667296743,0.44294960707516834
320,0.3013513536641894,0.44305066276673777
321,0.3011805045967385,0.4432603583541201
322,0.30094137625559414,0.4432078567880143
323,0.3005852369954634,0.44323539288079206
324,0.3003558338765965,0.44312820489005755
325,0.3001860098006742,0.4430309980839557
326,0.300042497265,0.44315978610921125
327,0.2998800445524646,0.44321913756471404
328,0.29956146187493465,0.4431931752822922
329,0.2992787254167976,0.44321673965815905
330,0.2990954709722756,0.4431877320488979
331,0.29886611224309945,0.4432247977601705
332,0.2986752964941174,0.44367729562282116
333,0.29852825398739957,0.4439328486540232
334,0.2982896837906846,0.4437351211985926
335,0.29808667803645766,0.4436772015484118
336,0.2975606962492852,0.4433708602458379
337,0.29733257549843245,0.4437366651519638
338,0.2971184014279296,0.44368747001563347
339,0.2969358621739111,0.44379113595324216
340,0.29682620420354777,0.4438646003043904
341,0.2966609727221274,0.44373871952167415
342,0.2964527705786925,0.44392694125327375
343,0.2962465553230153,0.44424788248060004
344,0.29601383796242786,0.44404660155305664
345,0.29582522727692434,0.44390241775645206
346,0.29560070463256644,0.44409542356010273
347,0.29532276991466505,0.4438766555954493
348,0.2949829614122531,0.44367496630513126
349,0.2948256521236929,0.44359248509354154
350,0.294569013288718,0.44349912848944467
351,0.29433646337062136,0.44307821143340165
352,0.2940985574501753,0.44299963954165744
353,0.29400451832032193,0.44280964066661227
354,0.29364803567379694,0.44279571112135996
355,0.2931615406413205,0.4422674948511519
356,0.29297889442727637,0.4418571530072924
357,0.29274306383980736,0.44162210376349464
358,0.29256051020804535,0.44170147584130365
359,0.2923638570152846,0.4416240183131177
360,0.2920624489625524,0.44165868142099923
361,0.2918914205221674,0.44159254059556496
362,0.29168638723396006,0.4412047315150673
363,0.2915212457262419,0.44114190782136714
364,0.2913926349050888,0.44110812234938773
365,0.2910300620607485,0.44123167456988893
366,0.2908337446573476,0.4409835237946778
367,0.2905791055521714,0.4407806488033487
368,0.29040315467748246,0.44076469947005376
369,0.29018783307433693,0.4409804713730788
370,0.28988460886252454,0.44137457419642695
371,0.2894593105341513,0.44131847278391356
372,0.28930458846653617,0.4412757786628218
373,0.2890969538604939,0.4414318465413206
374,0.2888717583786997,0.44154169133442517
375,0.2885914593204033,0.44171447985458
376,0.28845981658363645,0.4418666572701949
377,0.28829451911838555,0.44158638545527545
378,0.28813810034554216,0.4417797648384012
379,0.2879141688920302,0.44170766617125057
380,0.2876219430484305,0.4414879599769712
381,0.28746024674838067,0.44123979746431097
382,0.2871646836484088,0.4410623722361114
383,0.2869393881389733,0.4409689916873295
384,0.2867262028810049,0.4408914418421801
385,0.28651662478259543,0.4408554571184638
386,0.2863948305561862,0.440739239822838
387,0.2862147474121292,0.44099028562355463
388,0.28605588504261775,0.44115662017109025
389,0.2859320741685433,0.4410715662226584
390,0.28577116044645084,0.4410511503797458
391,0.28564195384423313,0.4408275290239697
392,0.28546159670021437,0.4407807722278269
393,0.2852383874708571,0.440699257293318
394,0.2848898669284385,0.44078289553190964
395,0.28452253865666227,0.4406332170429865
396,0.2842508264346608,0.4402856170009009
397,0.2840929486441884,0.4404925394525848
398,0.28388829288571293,0.44045752974728314
399,0.2836920692164354,0.4403842620387599
400,0.2835294651310424,0.4402518486170921
401,0.28329836420912363,0.4402797093778923
402,0.2831052466521142,0.440246677865168
403,0.28273732781417693,0.44001687513014603
404,0.2825503478337627,0.43985522799616716
405,0.2823613565094132,0.4396140479332131
406,0.2820132766809167,0.4396672000709389
407,0.2818675221342739,0.43986232287857935
408,0.28157241112256837,0.4399418005635209
409,0.2814042090456613,0.4397653879665853
410,0.28117145953420447,0.4391507351959737
411,0.2810155438731222,0.43905452198162265
412,0.2807779805279019,0.4390963880012094
413,0.2806560655148594,0.43932685685567846
414,0.28049225360354935,0.43930559188533874
415,0.2803114929996717,0.43906042847373955
416,0.2800860611126518,0.43884244992976323
417,0.27997810181542554,0.43899571698402384
418,0.27987101872933506,0.43891022937652857
419,0.2796297186949772,0.43885129398603406
420,0.2793726960594424,0.4385289704547793
421,0.2792223489742493,0.43873589498414794
422,0.27889054739158825,0.4390735565292817
423,0.2787305503143931,0.4389319187293194
424,0.27852108906106227,0.4388142984911205
425,0.2783213377830826,0.43911074499051983
426,0.27818006316901484,0.43873657229287366
427,0.2779881087856848,0.4385143821591827
428,0.27773552473768814,0.43823613570915415
429,0.2775954795363287,0.43811772069955657
430,0.2774032523320804,0.43817248916333895
431,0.27717110544950047,0.43791077131248707
432,0.2770106871489895,0.43786662190988584
433,0.276883967281247,0.4378361851116178
434,0.27678611183424034,0.43786129533727824
435,0.27664014831268363,0.438153173210582
436,0.2765028688348603,0.43819617040910175
437,0.2761716441931265,0.43778712549226223
438,0.27584394921560523,0.43761938853433785
439,0.27571341660432463,0.4376895679467784
440,0.27554622869296586,0.4378069579250108
441,0.27542221123120075,0.437593311412262
442,0.2752649279870557,0.4375601950839496
443,0.27512098431851767,0.43732486979840973
444,0.27489187226644674,0.43744974808250725
445,0.2747020135375935,0.4376217057267854
446,0.27448484732374673,0.43794768398079986
447,0.2742610834804513,0.4377928119001174
448,0.2740836388930799,0.4379893356835179
449,0.27397727248536585,0.43806397397192826
450,0.2738406135070092,0.4379687831027522
451,0.27373199600857606,0.43814033193303353
452,0.27355445513316373,0.43807142018469447
453,0.2733374734587451,0.43780107618384845
454,0.2732050568704645,0.43791203258986094
455,0.2730883206895105,0.4381739797311962
456,0.27288577956668847,0.4380856790963523
457,0.2727521496632442,0.43836855585093826
458,0.2726480740026838,0.43832585944124763
459,0.27238926490777043,0.43860472494721875
460,0.27225355624006226,0.4385463572318685
461,0.2720087957732841,0.4385879580416239
462,0.271828583860989,0.43863300282244105
463,0.2715980658336163,0.43895959369436005
464,0.2715105236568416,0.43905634474440386
465,0.27136380941219523,0.43890034112509996
466,0.27119828768346277,0.4387853411645118
467,0.2711091164308332,0.4389033671422085
468,0.2709697554632351,0.43860157863788746
469,0.2707274960710952,0.43861067057138564
470,0.27058597288362873,0.43859877322562213
471,0.2704208189786457,0.4383274941650505
472,0.2703253882989346,0.4382678550974376
473,0.2701599364250033,0.438293295104628
474,0.2700389872149359,0.4383652508477985
475,0.2698628089334228,0.43821783419925375
476,0.2695817885815851,0.4379244143907022
477,0.26934491684361217,0.43827097184062913
478,0.2691641666473674,0.4383715330158976
479,0.26878327235800203,0.438719624232146
480,0.268698384974305,0.439110947695766
481,0.2685619043313938,0.4392792284607285
482,0.2683898175444922,0.43901425748362166
483,0.268245164518851,0.4388953159771579
484,0.268159189228299,0.4393156730373424
485,0.26806460765364726,0.4393930143925773
486,0.26793775792873864,0.43942035892400744
487,0.2676276970830187,0.43938626414464
488,0.26756410022456495,0.4393766914682044
489,0.26743783550095873,0.43958599532176745
490,0.2673512594992241,0.43953882416133727
491,0.2672756339284382,0.4397236227394615
492,0.26719285797523457,0.43969099602691936
493,0.26694390212026076,0.43990528132072376
