0,0.584861730796357,0.5960089607300612
1,0.5371307159729276,0.553112903473383
2,0.49896070599373277,0.5223480393877455
3,0.46730979122684885,0.496365281914485
4,0.43876917920472736,0.4730552364457828
5,0.41409799257266267,0.4549414550427526
6,0.3917206937538094,0.4416655855054443
7,0.37280281257435416,0.42819519262873096
8,0.356083306830228,0.415200967889195
9,0.34142642739520934,0.4055626555087209
10,0.327806144793979,0.39867372854096933
11,0.31484721777182684,0.3909230185875093
12,0.30267917852016707,0.3848273058105429
13,0.29173718506258384,0.3793649794677181
14,0.28053829473588243,0.37237374078974883
15,0.27065714700938676,0.3666724692410931
16,0.2618499079591372,0.36199679684545666
17,0.25241249002292415,0.35833711681207514
18,0.24408491464663384,0.355275750560398
19,0.23672378903790672,0.3519139654493366
20,0.2294265192842683,0.3511208271992623
21,0.2221551976319837,0.34858108666906795
22,0.2157313477962136,0.3451063750747886
23,0.20919474559826448,0.3436111779771539
24,0.20297860181594238,0.3408176617702907
25,0.19719417659270844,0.34103088485465194
26,0.19111151286155684,0.3408912775842581
27,0.18593583456658824,0.33966852877924547
28,0.18048900396363696,0.33905063190157414
29,0.17504538426246447,0.33954075600509115
30,0.17059798728917575,0.3395000287384089
31,0.1663148437993035,0.33988393872860295
32,0.1617819861279603,0.33798958664702455
33,0.15734709451870124,0.34010268622228035
34,0.1535984629761196,0.3405561490406705
35,0.14981456027765055,0.34168116839050205
36,0.14553933901035732,0.3410274382462769
37,0.14218993164933805,0.3397226429592343
38,0.13896309729882678,0.34069598723110656
39,0.13565370194682475,0.3395551344752401
40,0.13210730888695846,0.338324207872573
41,0.1290525923187659,0.3387109022464456
42,0.12585373475075418,0.3391066814735812
43,0.12315505279480464,0.3382075672716973
44,0.12026577722351071,0.3404603660734423
45,0.11759565553090215,0.3403194776716125
46,0.11481208017080687,0.33980354946035957
47,0.1123087522294739,0.33815611220631936
48,0.10955673865861276,0.33821633125774336
49,0.10708224529953876,0.33913490972105503
50,0.10457883940342914,0.3400333992894338
51,0.1019940187809555,0.33977199787714113
52,0.09966576777072325,0.34132465833195946
53,0.09769633024858454,0.34212029944903405
54,0.09560722160443764,0.3438994757212597
55,0.09357773980334137,0.34398199911081806
56,0.09143554748778043,0.34448259369570416
57,0.0895687123614456,0.3442289384753264
58,0.08758751992244801,0.34512979506052127
59,0.08581058093666029,0.34834864905366486
60,0.08391780903387742,0.3487213946336233
61,0.08211693883124169,0.34949872969143625
62,0.08047770032637466,0.3503666971174422
63,0.07879548984132463,0.35116158762599453
64,0.07697321353997645,0.35105398597642445
65,0.0753245645176912,0.35388080010998446
66,0.07371015296215958,0.3547547338781952
67,0.07220014341032154,0.35596576676954844
68,0.07069563126688796,0.3562040964643221
69,0.06916178547403581,0.3567390717372823
70,0.06777530514025142,0.3584147549369665
71,0.06646623705681119,0.3572518895327958
72,0.06521374851311847,0.3593192560642017
73,0.0640750229719609,0.3598054062264974
74,0.06270650709912973,0.358519325390736
75,0.061470413509989066,0.3603961072482051
76,0.060327268909176716,0.3628740563368654
77,0.059161862633955405,0.3643458702469356
78,0.05799708745172945,0.3666204557698127
79,0.05706900122172439,0.3681246068832578
80,0.05609197644550857,0.37035386493595673
81,0.05501441389013655,0.37141577526642217
82,0.05396750685281641,0.3733836587188234
