0,0.5861617127113975,0.5917495350061934
1,0.5364684903477674,0.5498687124883677
2,0.4973809623221344,0.5211614942497049
3,0.4649252529074135,0.49601531124830595
4,0.43732006674986823,0.47302447034806044
5,0.41422203541641806,0.45790193247913047
6,0.39241554157246716,0.4418911313892939
7,0.37379667844954423,0.4280582456506574
8,0.35779851959143766,0.41950220253205395
9,0.34341497471301113,0.4115575835126017
10,0.3303957114806523,0.4038469143693217
11,0.3168364535069093,0.3963913007235981
12,0.30456643990720444,0.39123066225396236
13,0.2928536185680436,0.38717921844668746
14,0.2823170087200842,0.382863966652382
15,0.27195638153546414,0.37792710419247666
16,0.2625495661363825,0.37442576329631544
17,0.25408359607316117,0.3714832362245149
18,0.24638479168196875,0.36791276575304227
19,0.23780883263896324,0.36773665000083744
20,0.2304689444237543,0.36627510816600956
21,0.22326582294446493,0.36323079642107003
22,0.2163139281534039,0.3600401746322815
23,0.20970518161690338,0.36021708728696217
24,0.20324418210028328,0.3572361986981598
25,0.19686450463180877,0.355391511476961
26,0.19094357377203114,0.3546670987882393
27,0.1853384359153939,0.3549368027794083
28,0.18010699794189183,0.35393317513465156
29,0.17540603595296142,0.3545545017762729
30,0.17071222850764353,0.35258938562798625
31,0.16621353241311176,0.35295999904387715
32,0.1617583548438035,0.35220907021460296
33,0.15739697936336128,0.35054845031202286
34,0.15343422773705492,0.3511853636477162
35,0.1497461782752178,0.349997986284805
36,0.14577704786913712,0.3529295625084729
37,0.1418282432338034,0.3524517534438442
38,0.13836227137374596,0.3537893312648199
39,0.1350057191120159,0.3532340814685161
40,0.13191426768891273,0.352322452109551
41,0.12884120079391664,0.3538871848479752
42,0.12567238773236553,0.35262942422329113
43,0.12271483413509762,0.3526880886367156
44,0.11992940277480983,0.35431354430119083
45,0.11708040736547193,0.35495046569007815
46,0.11423579598767074,0.35395660938513857
47,0.11161365482903926,0.354352741685798
48,0.10919719785030353,0.35362886944540417
49,0.10663911328924465,0.3550499580731289
50,0.10407969367939336,0.35562387404223655
51,0.10141634594339927,0.3559562120019514
52,0.0988600703069052,0.3564762702491886
53,0.09652795807933638,0.35624306391068605
54,0.09437241841492115,0.35715427099539665
55,0.0923220541071904,0.3567558724355622
56,0.09038859596620452,0.35858590968427045
57,0.08856406686936019,0.35903485723533946
58,0.08662178845983602,0.36160113780455605
59,0.0847251147445902,0.3598109862494608
60,0.08279811730796069,0.36090374818412146
61,0.08115355756511376,0.3611101495903558
62,0.07962150935758947,0.3627886117617821
63,0.07811759919186931,0.3631326891125821
64,0.07658759901812022,0.36576647756200614
65,0.07488044932341788,0.36752948572217203
66,0.07342068937901372,0.36812167397936446
67,0.07173646635165927,0.369538492252213
68,0.07042531063873032,0.36965646271302327
69,0.06890267859344475,0.3703622133052353
70,0.067510571718977,0.37106640311949807
71,0.06626754969954388,0.3728659713122007
72,0.06501198533414232,0.3740309238693688
73,0.0639170287606971,0.3753913305979623
74,0.06281021975525539,0.3770479641548625
75,0.061583380465334035,0.3780180840577889
76,0.06032171139927286,0.37921906053887167
77,0.059108436957519966,0.3803280715466908
78,0.058033683975519765,0.3814538010527041
79,0.05689013696008165,0.3817604421343451
80,0.05585351807068186,0.38207948563913063
81,0.05482443004268269,0.3821188358405174
82,0.0537466777478488,0.3832403972682777
83,0.052771272991332094,0.3835036729684522
84,0.05184898309750444,0.3836707750306308
85,0.05092473868010245,0.38494047657623337
