0,0.5645319996769386,0.5693502681553659
1,0.5310318075769854,0.5419277694398147
2,0.5024063801806885,0.5201252060234842
3,0.4760299357478069,0.4979855101389113
4,0.45423134545667726,0.4807546099845797
5,0.4338307138490772,0.4656082037336895
6,0.4168409603625455,0.4527058221377588
7,0.4025303858302502,0.442133504531116
8,0.390884283679367,0.4345990530221678
9,0.3788202530934552,0.4260159994456122
10,0.3677309071948104,0.41844089879712615
11,0.35718929779819675,0.41292997698975653
12,0.3465131300297777,0.40454377598742386
13,0.3370896309506872,0.3991675415439781
14,0.32732070223336956,0.3920830364867142
15,0.31959253319786357,0.38639474364206594
16,0.31080635142313034,0.37942070573154013
17,0.30465835975244854,0.3752021629366998
18,0.2987890807087971,0.37148194912499205
19,0.2936034935533719,0.3684391238039513
20,0.28802646386296277,0.36391684259801305
21,0.2825070669583612,0.360611745808366
22,0.279296018497758,0.35839338451919867
23,0.27671388447514117,0.35583163675405416
24,0.2723200324675804,0.3534193557262598
25,0.2690019785686273,0.3529029590666827
26,0.2650690903803433,0.3507491424013865
27,0.2617378447566534,0.3496492079976121
28,0.25786680191651684,0.3468545619268877
29,0.25494332056513846,0.34629674311708786
30,0.2516107173862737,0.3446067799855664
31,0.2487401850789837,0.3441077193768756
32,0.24578815297787232,0.3422302255904544
33,0.24326557843354565,0.3416019994710029
34,0.23921277781988687,0.3395867351083734
35,0.23682444600787578,0.3380979253654299
36,0.23465484192607375,0.3364716193600823
37,0.23109648519720366,0.3336463709839998
38,0.2285030546512798,0.33245768241932044
39,0.22576600923322035,0.3316391921697449
40,0.2232019210131138,0.33064024025516986
41,0.22096889105914305,0.32883026834314666
42,0.218502590673746,0.3293842435412131
43,0.21677303624942784,0.3282035967592213
44,0.21480736418169058,0.3273787290050233
45,0.21318082620838655,0.3264185818431986
46,0.21098238309331446,0.3260013539586383
47,0.20954972886701717,0.32516166459502654
48,0.20818662907958757,0.32437682822957087
49,0.20671334764511984,0.32351183572408576
50,0.20522217222667263,0.3227011211375524
51,0.20393494771053886,0.3214878271275608
52,0.20226226972385053,0.32176459182974954
53,0.20111024875086525,0.32060403167894397
54,0.19960860817396917,0.3199483645365915
55,0.19824416347996032,0.319186275577045
56,0.1969891583583074,0.3188216658327599
57,0.19591744178314033,0.3192046317396743
58,0.1948482560153208,0.3194679747157117
59,0.1932956842266889,0.31836254208680714
60,0.1923840722382052,0.3184605612527753
61,0.19131899796884672,0.3176555186926268
62,0.18943111444651148,0.31701149615110474
63,0.187939847067881,0.3159385551333191
64,0.18631433066813705,0.3145118375690774
65,0.18496661299415468,0.3146969029345099
66,0.18369235550632748,0.31455853628965746
67,0.1823443363756931,0.3144233004303784
68,0.1812444084118344,0.3138215163040096
69,0.17988661768748387,0.3129825687910825
70,0.17878201863651452,0.3123947811866033
71,0.17605621758087553,0.31302659628984947
72,0.17503036981388864,0.31258714049055714
73,0.17405657032560182,0.31222272814550206
74,0.17269723371620865,0.312284339999904
75,0.171396341330601,0.31181010111145374
76,0.170489389015265,0.3123675762974429
77,0.16975952003455066,0.31237239687071877
78,0.16844263245349994,0.31154287751309034
79,0.16758416723857741,0.3116469455350194
80,0.16645773945166747,0.3113440229236532
81,0.16539603463152752,0.31125720587578465
82,0.16411700088096917,0.31099189085933976
83,0.16333713455737167,0.3109255865241226
84,0.16276273931459198,0.310610712958128
85,0.16172316811214701,0.3104203718916958
86,0.16081557532417193,0.31055227312298217
87,0.16005504070412296,0.31048612503423667
88,0.15946591861554366,0.31025173316978827
89,0.15881996830175568,0.3101667666460028
90,0.15789265125452906,0.3095903418012067
91,0.1571693916730851,0.30920129735808904
92,0.1563079763476295,0.3087096034198659
93,0.15565146819700174,0.30823824884436557
94,0.15481636432761076,0.3084011952690558
95,0.15405172698635924,0.3079170235448869
96,0.15273285447949414,0.3079164767977268
97,0.15178866632736485,0.30810835519079544
98,0.15064854613374173,0.3077447178566416
99,0.14962455357884216,0.30692612524181345
100,0.1491416092930921,0.30745787258665036
101,0.1485392763610094,0.30731850021468826
102,0.14767815625821876,0.3078854729101439
103,0.1471304371914851,0.3078411440912989
104,0.14647763878527287,0.30831069860315136
105,0.14594187128730166,0.30803509269352697
106,0.14519715941139213,0.30755310581073114
107,0.14376159070753697,0.3063912135805535
108,0.1432785844680214,0.3061649745169291
109,0.14275852259505667,0.30630823715553873
110,0.14197419430326966,0.3063154788738692
111,0.14100659193177592,0.3055332357146201
112,0.1402354997924203,0.3049635727905558
113,0.13940316861794175,0.3045965339932979
114,0.13854635009968339,0.3055049877823261
115,0.13801316747878756,0.30547996193758753
116,0.13752382024482027,0.30639906364951797
117,0.13699878128856025,0.30634938654778365
118,0.13646246652242128,0.3064460639165328
119,0.13569778312273556,0.30681678259240275
120,0.1348547692223782,0.30685373984486264
121,0.13411800622982734,0.30716199881469786
122,0.13319693456700168,0.30670357491430766
123,0.13266616857179095,0.3060357003131014
124,0.1317742777283405,0.3058546830060945
125,0.1312588180181114,0.3060849402164587
126,0.13080968149705957,0.3068309077703327
127,0.1300186974806829,0.306586442161037
128,0.12939220119129172,0.30651486826119084
129,0.1286917183317405,0.30631340451653244
130,0.12834566550338924,0.3060865628513644
131,0.127977408989658,0.3059851956355377
132,0.12731846170182504,0.30555172269847597
133,0.12654924259942787,0.30527157444727
134,0.12597575463525265,0.30548286842910133
135,0.12553029468741897,0.3055984241255099
136,0.12496010066872809,0.304564503948699
137,0.12458589564582649,0.30436269422914913
138,0.12408030546850914,0.3051549487937077
139,0.12380226673176181,0.3051945815140764
140,0.12333133968090773,0.3052511350166186
141,0.12275282699071974,0.3051906529291003
142,0.12197880954290286,0.30520201094962784
143,0.12141545433648206,0.3053238099656422
144,0.12083380074495358,0.30460576781339005
145,0.12038119997581047,0.30439974149955434
146,0.11987428681262699,0.3050862162431994
147,0.11926579149315623,0.3058993314871936
148,0.11846209780762547,0.30632117023317434
149,0.11787740982520718,0.30600050628433134
150,0.11744360269215799,0.30617429070750873
151,0.1170267146133057,0.30617781067990757
152,0.11676419755705959,0.3062866480166487
153,0.1162717383488923,0.30580632205876357
154,0.11585235644032685,0.3053838975329642
155,0.11538797063724215,0.30498979952003225
156,0.11487036651755592,0.30427567015090806
157,0.11417758019431395,0.30392733506387604
158,0.11385314028035629,0.3038146511873308
159,0.11353324045771042,0.30382992102440387
160,0.11290928467233748,0.30358531267870986
161,0.11252523669812861,0.30357474622687985
162,0.11215525758361362,0.30396794000443517
163,0.11139779823797176,0.30342869394756633
164,0.11120089837777222,0.3032945170845973
165,0.11075793135590803,0.30375382154851654
166,0.11036391334128544,0.3043881510764725
167,0.1101048682225693,0.3040848756751208
168,0.10982544550140601,0.30470398310738384
169,0.10931649872182267,0.3031507412927982
170,0.10874874212930355,0.3030339309174841
171,0.10838263447510416,0.3034499254791656
172,0.10803102912521036,0.3038982973580157
173,0.10752764197018091,0.30354088003762886
174,0.1070617650267128,0.30386381048458055
175,0.10682637232127626,0.30359371886493836
176,0.10650021135310675,0.3034283034771666
177,0.10613763389577255,0.3033853238769886
178,0.10579386610853855,0.30290831022622117
179,0.10513062419192375,0.30297905655405294
180,0.10475637416876189,0.30259283820501054
181,0.1045266058121241,0.30249719648788914
182,0.10389130176400288,0.30292262686076626
183,0.1033881394342786,0.30337941686679676
184,0.10286436283270657,0.3040489570688329
185,0.10256900982628582,0.3039645967955235
186,0.10209185878596695,0.3044976545993725
187,0.10181066039681672,0.3041611342990767
188,0.10136532974297027,0.3045310895255783
189,0.10100881883297576,0.30443788743424144
190,0.10058835860437938,0.3042321591049594
191,0.10031877842900659,0.30458076375010845
192,0.09987724199570204,0.3053716797228577
193,0.0995598315008469,0.3056061070188353
194,0.09919163385659781,0.30550528673773963
195,0.09872803915853026,0.3054379727661932
196,0.09849540757477077,0.30528240826925634
197,0.09826388617258888,0.30550764155328597
198,0.0979873353118694,0.3052222278867844
199,0.09767601270033086,0.30567397289680986
200,0.09738464063466919,0.30593175358813424
201,0.09722346334258751,0.30625403180841887
202,0.09680690551262526,0.30677463513576586
203,0.09644580024556121,0.30734767233307797
204,0.0962154173383947,0.3073537843663161
205,0.0959016115096123,0.30707410505515925
206,0.09570926573090043,0.3074689399350556
207,0.09543367861555013,0.3081075063614242
208,0.09500257878445252,0.3082197763653733
209,0.09466129867981533,0.3090547792204376
210,0.0940824577325465,0.3095429095234643
211,0.09378487492647812,0.3096146935133713
212,0.09356527580629395,0.3100612794984684
213,0.0931379805848156,0.31004413992196345
214,0.09285652538498312,0.30988891384719947
215,0.09244839244564129,0.30996924423015665
216,0.09201202307664899,0.3098856010575998
217,0.09145660778624641,0.30980120805730765
218,0.09129015753050998,0.3102416743581829
219,0.09083089046730959,0.309677843980296
220,0.09049919084011984,0.3090319177938131
221,0.09018181019092122,0.30929102269479913
222,0.08995001318351598,0.30949726097243896
223,0.089492451057611,0.30936912715645665
224,0.08915812552622458,0.3088796533378421
225,0.08885825140307652,0.30912541483654693
226,0.08871255352061425,0.3087213796014549
227,0.088389012313182,0.30898181288721605
228,0.08815874258143848,0.3095281238383507
229,0.08781204295479886,0.31033686595332377
230,0.08746803955774751,0.31049160311575896
231,0.08711157199059096,0.3103889655468656
