0,0.6661676368684221,0.6677666480789639
1,0.6412017891590067,0.6445462651561138
2,0.6182493910837298,0.6233010045692123
3,0.5993134386556259,0.6057696497954456
4,0.5818715905490823,0.5899084666058674
5,0.5651472582340034,0.5756221868940077
6,0.5493760334972134,0.5626873727565392
7,0.5354751611125211,0.5494969726864799
8,0.5234477636040086,0.5384421967509229
9,0.5110951529786653,0.5278759427157929
10,0.501393215792304,0.5191935728828228
11,0.49125345412254157,0.509566747317616
12,0.4826006165895031,0.5022586662037781
13,0.4746166015691872,0.49540716976923604
14,0.4657803181237845,0.4879697146900758
15,0.4570668282707483,0.4809730942201244
16,0.4509220065223851,0.475903719475244
17,0.4439567872546271,0.47101279153818715
18,0.43617621485987107,0.46467527449386153
19,0.4300234928252585,0.4604474821735424
20,0.4246437427462228,0.4558582977901183
21,0.41930564012640253,0.4508721982047597
22,0.4134518187710479,0.44653497872214093
23,0.4095173107355145,0.44333184778410467
24,0.40617884005375277,0.44068593633366465
25,0.403189368685349,0.4384176456178948
26,0.3984935622082282,0.43483461606041734
27,0.39456222605062885,0.43209595070064694
28,0.39109552639895256,0.4290536303862649
29,0.387117330796197,0.42557990902328213
30,0.38310082986125704,0.42346511609616194
31,0.37968725031174705,0.4204550018541228
32,0.376117024399564,0.4181108022656457
33,0.37194257818471416,0.4150742876023351
34,0.3691947066757263,0.41310981365264365
35,0.36576575805671996,0.41136269409928095
36,0.3632608478866205,0.40977821159027844
37,0.3605189824077667,0.40803698415248674
38,0.3560010576172035,0.40499593593533467
39,0.35350332552993124,0.4032744590347461
40,0.3505704709013491,0.4003829332579519
41,0.34793958992232216,0.39831746046999783
42,0.34563355177441096,0.3967317224860852
43,0.34239728048699114,0.3944910935417825
44,0.33924002939733894,0.39250838889523865
45,0.3367469124329469,0.39064197574927967
46,0.33415521358733946,0.3887723611008489
47,0.33225025166023126,0.3880735576453701
48,0.33013046987175293,0.3870510410180848
49,0.32785346071939586,0.386144016760816
50,0.32552130896642506,0.38523113794553593
51,0.32412815558059666,0.3841285667904664
52,0.32266567194492535,0.38342565738355994
53,0.3210562968282952,0.3828031018273371
54,0.3196321619627847,0.38202520411809543
55,0.31798522445591326,0.38084871411954785
56,0.3165485945671079,0.37976620302425423
57,0.31486995150211405,0.3787995067577131
58,0.3134557644623605,0.37800108047794184
59,0.31190913240327,0.37702051313222507
60,0.31027968456542665,0.3762749127490331
61,0.30765658735984724,0.37496526474981035
62,0.3066888925105311,0.37405728614491807
63,0.3050728778844884,0.37297102561650625
64,0.303999826617341,0.37268758137415936
65,0.3025512399176436,0.37205185288267173
66,0.300757867906003,0.37110733698566195
67,0.299558860312954,0.37012464853611754
68,0.2977134828380121,0.3690813136480862
69,0.2958864258615675,0.3681729800395647
70,0.2941051135813299,0.36753428406946226
71,0.2922102125745007,0.36628961512134517
72,0.2907032491808083,0.36556597591742135
73,0.2898352961716209,0.36529210584383576
74,0.2883807933593998,0.3641333121944551
75,0.28726169231077386,0.36344483912317394
76,0.2863592634873471,0.36276670719435833
77,0.2850091045059547,0.3621870310322282
78,0.28369402375903885,0.3614070812652705
79,0.2823961021969299,0.3604850159780736
80,0.2812588521574726,0.3593408783990494
81,0.27902925013940805,0.35846852112581046
82,0.2773495746574332,0.3574836698512646
83,0.2758795406427933,0.3567778496025102
84,0.27499328769774894,0.35648461015120997
85,0.27371840850110823,0.3556509429462504
86,0.2727933451514816,0.3551451088379139
87,0.27177099120736803,0.35443910119028665
88,0.2703761162020327,0.35329611152573875
89,0.269018659924592,0.3529631464580283
90,0.26784079180170534,0.35277180342175496
91,0.26649048905389494,0.3518666294079888
92,0.2651931264398188,0.35095466982145984
93,0.263996603747685,0.3506527664427061
94,0.26253041616234646,0.3502578279246546
95,0.26178738099819143,0.3501126858167988
96,0.26062160456446254,0.3497110267477552
97,0.25966230651300365,0.3492747560597939
98,0.25900554009057586,0.34890244729748765
99,0.25789066586899706,0.34836152359599126
100,0.25675758573374413,0.34766869949193124
101,0.25543882941578794,0.3469838955965821
102,0.2541362668200495,0.34617227003754447
103,0.2530019085910722,0.3451827606756378
104,0.25216716882428847,0.3449118642947737
105,0.2513159106799841,0.3446318689045618
106,0.25069031746087167,0.3443824885786685
107,0.2498799850273834,0.3438403128705393
108,0.2490665978845278,0.3432298062514005
109,0.24813585421095896,0.3427359633466316
110,0.24717358672385006,0.34181036516451435
111,0.24619068625249638,0.3412800426733272
112,0.24539536150481792,0.34078396494449303
113,0.2443554097416977,0.34043241043320827
114,0.2433365346942035,0.3399867935092546
115,0.2425934181721876,0.3395641010952704
116,0.241394748638826,0.33930077745910076
117,0.2406724119230065,0.33918456307036177
118,0.23981062024979785,0.33910342853539766
119,0.2389413086049442,0.33866308506403114
120,0.23766780239470933,0.33832206004432613
121,0.23677473279284666,0.3377145363504372
122,0.23583640862993577,0.3376761976168936
123,0.23483186180009302,0.3370716729659424
124,0.23426057261962704,0.33712442854314056
125,0.2334544558530414,0.3367732800185488
126,0.23267707321908476,0.3362879299887766
127,0.23167668901030497,0.33571957880698305
128,0.23077412647698634,0.33567976560424173
129,0.22993948935596528,0.3349661844288464
130,0.2292323584786517,0.33487248907945005
131,0.22813472434275198,0.3342723862101009
132,0.22718166282411129,0.3336705698305981
133,0.22640987706740914,0.3336139765056399
134,0.2253263849938052,0.33267854767655686
135,0.22440589672712613,0.33255353528232146
136,0.22364928471241335,0.3319215751088106
137,0.22276628998378561,0.3313879710957056
138,0.22208995089815572,0.3309637293794643
139,0.22101157125402895,0.33017298451083643
140,0.2203282168944953,0.3298857524706505
141,0.21921555482744726,0.32915898720605546
142,0.21873705692705842,0.32906595876246447
143,0.21790195582839256,0.3288600595799111
144,0.21705590060657445,0.3287311471078812
145,0.21626725596120672,0.3285708420967703
146,0.21542395835801098,0.3282060313908624
147,0.21451981824427022,0.32780177548149786
148,0.2137226196052657,0.32780787885883783
149,0.21286182620624824,0.32735923965885816
150,0.21206465383391687,0.327024911892015
151,0.21129616642907828,0.32692733093791776
152,0.21062351616531025,0.3267245192097331
153,0.20979051147815397,0.3262329113875681
154,0.2092133362502089,0.3262791685450815
155,0.2081099798537926,0.3257924389406123
156,0.20741874875876842,0.3252208442859404
157,0.20689742033179503,0.32501283988561996
158,0.2063642211322242,0.3247381448938822
159,0.20590273742357038,0.32452670062154704
160,0.20534782139443347,0.324294465980547
161,0.20449917251394512,0.32381883420719293
162,0.2035279449020881,0.32343826484284544
163,0.20291240013181155,0.3237375228202607
164,0.20243186853143338,0.32361307096991865
165,0.2015538047624487,0.3231774712291767
166,0.20077982191750346,0.32304229628610825
167,0.2001654840025219,0.32265326029179875
168,0.1996957898382324,0.3226174082698067
169,0.19904872650608535,0.32241618149059764
170,0.19804766795593115,0.3221097960834423
171,0.19695795150133746,0.32148006657785283
172,0.19609728484452216,0.3214481450109707
173,0.19544427648190385,0.32142499577847294
174,0.1947007280186296,0.32129790287060117
175,0.19375775348712412,0.3212617411690423
176,0.19324597962078532,0.3208139184260088
177,0.19248779520331363,0.3206276861861293
178,0.1916104741607288,0.31998392611091875
179,0.1910144205214162,0.31961859977068424
180,0.1902924310388231,0.3192226896494905
181,0.18973241509281807,0.3191127308786152
182,0.18891540252417882,0.31855225774890444
183,0.1882124696332089,0.318342666100126
184,0.1874964965605909,0.31771624490525424
185,0.1868272677206404,0.3177252701787708
186,0.1861529398690109,0.3177640283934678
187,0.1852139959452701,0.31737999247207954
188,0.18444143625696452,0.31702231902224887
189,0.18374016037271415,0.31678934209552895
190,0.18311760001724503,0.3164515094875441
191,0.18252991388457301,0.3162721797582251
192,0.1819591195872301,0.316183444206732
193,0.18123300202923537,0.3158277511384316
194,0.18031800204949505,0.3156045705898599
195,0.1791511467279395,0.3149533073928624
196,0.17857840388267676,0.3146399333844715
197,0.17795861229024826,0.31444253172524456
198,0.17744052651339898,0.31420092196117194
199,0.17652301958812758,0.31392646894458026
200,0.17569216389161854,0.3134926164442848
201,0.174906927539507,0.31333664490335367
202,0.17455214004374361,0.31339074670218586
203,0.17396779604411566,0.31328759924936816
204,0.17323065842616298,0.3129554338305409
205,0.17256438186027245,0.31306354792721797
206,0.1720456419619476,0.31298616707024374
207,0.17146546092288634,0.3130265273905692
208,0.17051727474401865,0.31273535916236456
209,0.16976953111681461,0.3125866520768369
210,0.16888449057383473,0.31255517437046565
211,0.16830653354464511,0.3123181332978802
212,0.16782823728773533,0.3121955633067229
213,0.16702844292806104,0.3119302129881338
214,0.16640028865188766,0.3119403803525271
215,0.16582595394114377,0.3114484984103007
216,0.165285911044716,0.31126795437082067
217,0.16470558731093993,0.31125894518465297
218,0.16420004300001628,0.31091520813188434
219,0.16368895753809218,0.31114612211935194
220,0.16309336892407555,0.3108075416404131
221,0.16237196522696173,0.31064495864831
222,0.16170538680987334,0.3106586861241178
223,0.16100195317402174,0.3101409395340948
224,0.1604601409622064,0.3098336219227031
225,0.15986183620684047,0.3100663861970955
226,0.15926343158187184,0.31019931424404296
227,0.15867442621446837,0.3096996524867701
228,0.15795435543723177,0.309652745360134
229,0.15741877647004382,0.30962086803146943
230,0.15682472981815973,0.3094736795989506
231,0.15623233398422137,0.3092754681584976
232,0.1556250146849889,0.30899849940735014
233,0.15517795466391685,0.3090212159067982
234,0.15441674699020247,0.30851506593118677
235,0.1537642869867083,0.30807003873956
236,0.15319510408556206,0.30781173143526314
237,0.1528323770502801,0.30785810820445964
238,0.15233401103564548,0.3077773743813948
239,0.15187979073279662,0.3077278704292986
240,0.15106846565838145,0.307556978280214
241,0.15039407122794188,0.30753515264764303
242,0.14989685916892495,0.3073067207957838
243,0.1491058005409943,0.3070558070979786
244,0.148490137244136,0.30683891032737515
245,0.14795470381211578,0.306676066595277
246,0.14741856948943655,0.30652312251334174
247,0.14671690480957958,0.30664115259230174
248,0.1463475418523387,0.30646895773875477
249,0.14578035770357395,0.30668381992043964
250,0.14522653467572072,0.3067586211351887
251,0.14479219566300783,0.30666864949570394
252,0.144242432641445,0.3067521406125913
253,0.14383477733133077,0.3067865819256113
254,0.14342603046583025,0.306790085415065
255,0.1430873997478952,0.3066039345746657
256,0.1424923529295722,0.30663211769360327
257,0.1420214772834978,0.306614815270114
258,0.1414678559768302,0.3063874017888374
259,0.14090042785300358,0.30627237109510297
260,0.14048192670570211,0.30626828476948914
261,0.13995255712675994,0.30615132128375433
262,0.1393446696254739,0.3057770311878857
263,0.13883385281137492,0.30555943438618643
264,0.138342028177085,0.3056440636725043
265,0.1379391730404319,0.3059193869768526
266,0.13763800771087814,0.30578613333296517
267,0.13717352370735,0.30607586637585454
268,0.13686776520771782,0.30600026501750466
269,0.1362489015386637,0.3058780222643886
270,0.1359398980873126,0.30575227984167536
271,0.1354958303092334,0.30531574851104337
272,0.13498670892683112,0.3050108848719027
273,0.13464884072087052,0.3050382867329446
274,0.134224660279239,0.30531199155472005
275,0.13401600672706854,0.3052202043180356
276,0.13352262452133748,0.30489216913284134
277,0.13319169853584759,0.3050294397037376
278,0.13270045354081675,0.3048879865189902
279,0.13236186794218796,0.3049343954919151
280,0.1317674953269402,0.3046796223333752
281,0.13140118924051206,0.3047168630545198
282,0.13101719429812214,0.30476876081873217
283,0.13066269086661367,0.30490157755589326
284,0.13031036750792066,0.3047560083425713
285,0.12992065781341214,0.30477149676454685
286,0.1295805778918704,0.3048381703965334
287,0.12905496243745465,0.3044270788251632
288,0.12863322701430036,0.304397480253112
289,0.12810467969698344,0.3044631155962826
290,0.12766422571784136,0.3043361937263344
291,0.12733149840832977,0.30433491183943595
292,0.12707085094986117,0.30436775231324315
293,0.1266132489081286,0.3042687911287099
294,0.12617661472829025,0.3040423551072439
295,0.1257372362979047,0.30402014306232383
296,0.12537610662006246,0.3038800530873151
297,0.12504181256927116,0.303688734418191
298,0.12468165239383498,0.3034192973347711
299,0.12426097261637767,0.3032610105397739
300,0.12382805758108009,0.30331031688501414
301,0.12327867834397477,0.30293323293604346
302,0.12281050931788132,0.30277424856398183
303,0.12233468876198315,0.3028270822547622
304,0.1219069045578202,0.30288953975561034
305,0.12168978720668426,0.30282833021137595
306,0.12145154110195547,0.3029160669167298
307,0.12110784418417475,0.3028570587274842
308,0.12065306738151275,0.3028437590902863
309,0.12025480824614025,0.3029477939135755
310,0.11988115570777835,0.30289759540425126
311,0.11940913433627659,0.3026847469173925
312,0.118806285012827,0.3024916287093185
313,0.11839539602191655,0.30250654700915386
314,0.11810405444939394,0.3024825123354468
315,0.11768958138693739,0.3022146567124732
316,0.11736840657059122,0.30213377369375555
317,0.11686664600242581,0.30206619215482605
318,0.11653225438085137,0.30207733288187083
319,0.11620438493383983,0.3019674722909655
320,0.11584465861480533,0.3017479655761819
321,0.11545480003588314,0.30199860960470715
322,0.11498954057714758,0.30174830187597496
323,0.11465684406973675,0.3017692782065209
324,0.11442299901043174,0.3019111473601243
325,0.11408346682705535,0.3018444571940357
326,0.1137947666331356,0.30215031567198924
327,0.11349328952536879,0.3021689256934969
328,0.11318507957889028,0.3019838952174807
329,0.11283851747900832,0.3020876559028032
330,0.11254005341438855,0.3020835461747044
331,0.11217803481447289,0.301932554450178
332,0.11194725044007844,0.3017796822267215
333,0.11155196531070523,0.3016819005021562
334,0.11131085403636376,0.3017457107241896
335,0.11098521854566572,0.30189675658207477
336,0.11059713818369697,0.30156600767788977
337,0.11015284868423936,0.3013405550908507
338,0.10993125909111001,0.3013377171240115
339,0.10956013366591111,0.3015518219616589
340,0.10925906883640091,0.30170086883593183
341,0.10896401988425199,0.30142531856221133
342,0.10874244882830407,0.30139668153756694
343,0.10843003333134793,0.30150912068410723
344,0.10796308921021461,0.3015442964570667
345,0.1076165414175936,0.30154282146166733
346,0.10727727305058965,0.3016377753741315
347,0.10687214191859624,0.3017589619676556
348,0.10646832856687995,0.3014959931646319
349,0.10623722937839675,0.3014294929719732
350,0.10593263433586139,0.30148172889088454
351,0.10566361038061009,0.3012968585313533
352,0.10538964787937992,0.301149637566481
353,0.10516010155507692,0.3009568166696208
354,0.10487852500613315,0.30095030793597505
355,0.10452608905338548,0.3011138870563912
356,0.1043702783877123,0.3009495184072691
357,0.1040278847799027,0.30084351159857625
358,0.10375972759040586,0.3007900777704636
359,0.10346645023118727,0.3008991474024196
360,0.10315391826409841,0.3008326268415499
361,0.10296561696243095,0.3007937588631991
362,0.10256208628735214,0.30091531599116855
363,0.10228289993073277,0.3007292381014587
364,0.10205139482714401,0.30066221659591436
365,0.10182357065611815,0.3004931117149174
366,0.10163709297309058,0.30048059422998213
367,0.10138665574623829,0.3001241581449061
368,0.10109120316762751,0.29983886246525476
369,0.10073055684920802,0.29977398231228125
370,0.10045635850643561,0.29953866877702073
371,0.10019624409149487,0.29977750406996284
372,0.1000233381579121,0.2997186568506774
373,0.09986073213673598,0.29978730610922255
374,0.09956436373755014,0.2995095664688552
375,0.09929775272206727,0.2994900950069796
376,0.099081022761344,0.2993755195404737
377,0.09868782886119176,0.2990205284867804
378,0.09848560017714222,0.29893611463063335
379,0.09834068100312034,0.2989026942118537
380,0.09814263340515907,0.2987608213194416
381,0.09794920494838687,0.2987145575191372
382,0.0976744057804435,0.2987984510969112
383,0.09744677548316408,0.29876477664551404
384,0.09708843976865159,0.29881411250395956
385,0.09693999548479897,0.29889512319184025
386,0.0967134220254112,0.29874751741069894
387,0.09650799938735904,0.2987002915869362
388,0.09632988520885205,0.2987969759636778
389,0.0960383622814363,0.2989907694697577
390,0.09585763633168858,0.2990326954631474
391,0.09566124456883521,0.2990296494962929
392,0.09540827355808032,0.2988716006793873
393,0.0951802896193259,0.29883941813221404
394,0.0950097868219943,0.2988644054480886
395,0.09470956353389738,0.29874976733379804
396,0.0945418882640488,0.2988331902963887
397,0.09422158572391723,0.29878252080287143
398,0.09413220332243956,0.29881422468694785
399,0.09397632302473541,0.2988400833738232
400,0.09377369657690772,0.298830154418919
401,0.09356569936385678,0.2989909070039511
402,0.09327341523229603,0.29905536555126827
403,0.09298147951089251,0.29897018238012324
404,0.09275358077924979,0.2990351561859611
405,0.09259134091331404,0.2992256677596039
406,0.09241512588863378,0.29923502983433986
407,0.09224124791307377,0.2990829495364871
408,0.09198122813572415,0.2988617896376643
409,0.09186240008319649,0.2988454774421785
410,0.09173060452756579,0.2988431763799058
411,0.09148728859969092,0.2989187607645478
412,0.09128893298049082,0.29890796533554337
413,0.09114803067959618,0.2989790703100598
414,0.09087130345676121,0.2991374709077206
415,0.09066609963719176,0.2993852836033516
416,0.09030665936670515,0.2991911560941954
417,0.09011012659116059,0.2993469778674107
418,0.08995468988515083,0.2995665250825156
419,0.08985662065064319,0.29959971526380996
420,0.08955906081652379,0.2996735816619656
421,0.08921420514474429,0.29960280168670667
422,0.08912919987402884,0.2994962120260209
423,0.08898446055303548,0.29976431988340885
424,0.08876842387929015,0.2997953862202213
425,0.08852155695442478,0.29964494862570684
426,0.08837757045497943,0.2996015719661517
427,0.08819208200119005,0.29974588907467564
428,0.08809078027183656,0.29971259624447916
429,0.08780134107426331,0.29965138246080186
430,0.08755295647727754,0.2999923935678536
431,0.08731345830405206,0.3002018388032883
432,0.08708004692469004,0.30032238977038267
433,0.08691169790644222,0.30031181040365684
434,0.08662850519252313,0.3005782445992886
435,0.08640132586212483,0.30049710891399434
436,0.08608842573422584,0.30055263111626696
437,0.08590041612593403,0.3005077784618956
