0,0.6392837750231237,0.6412148048373082
1,0.598096528970666,0.6031157699324435
2,0.5768993934163583,0.5818801645590089
3,0.559254168455999,0.5649209373905044
4,0.5438662119698071,0.5505361162394405
5,0.5312940020893895,0.5374051482955566
6,0.5226970454855147,0.5292255823533891
7,0.5120492818239627,0.5184957182088107
8,0.5046513821559527,0.5128591989807858
9,0.4961987227264469,0.5089055958015648
10,0.4842338965256673,0.5005584740316309
11,0.4798683343931686,0.4963272244574952
12,0.4722832322876751,0.48969125855680345
13,0.466780777461433,0.48607470154224597
14,0.46151410802474235,0.4841580268775237
15,0.457211387585888,0.47971299525499506
16,0.4522943476541854,0.4750143563368708
17,0.44797620712828684,0.4710166220590025
18,0.44227654938970007,0.4672840727127704
19,0.43666821856831395,0.46244172105671355
20,0.43154523337366213,0.46007114708477503
21,0.4261820754843585,0.45476401926141813
22,0.4223567970711383,0.45232324661855494
23,0.41971534906431684,0.45130116822590866
24,0.4164231282207981,0.449254807479936
25,0.4114325041498745,0.4453119587495714
26,0.4091382661783166,0.443609900649887
27,0.40558287154796513,0.44027442187667787
28,0.40128024788789973,0.4372962176518469
29,0.3976453656121994,0.4357379191238995
30,0.3932455437884018,0.43287311021948427
31,0.3904958648359045,0.43117408296753085
32,0.38660245415524247,0.4285980415531696
33,0.3841383048898322,0.42523097323702064
34,0.3814246276468354,0.4245839076916938
35,0.37885469916507003,0.4225003332834522
36,0.3742133497435749,0.41894686274672255
37,0.3717625882106402,0.4185144026441788
38,0.3688424818107492,0.41897284792709577
39,0.36513717683626784,0.41801765970190025
40,0.36243940357426,0.41793050221063915
41,0.3600651940634084,0.4160845566064921
42,0.3564654424881078,0.4152763243396394
43,0.3531750281819834,0.4135338954626394
44,0.34905831657554837,0.41178793186644636
45,0.3462748295661007,0.4113716510905094
46,0.3432702675430266,0.41149220832293165
47,0.3401889921998877,0.41140145150646473
48,0.3363880052627015,0.4101674081103666
49,0.33362974525758127,0.4095833139776156
50,0.33046646602058005,0.40670844911517207
51,0.3268892961627081,0.40670754613460874
52,0.3225451866617666,0.40425288705208423
53,0.31952388190819897,0.4040052557917639
54,0.3168250440795124,0.40291855066019006
55,0.3137886418348639,0.4012531161146224
56,0.3104633871647067,0.39997754650195755
57,0.308051046810997,0.3990109792153517
58,0.30599356201688027,0.3988153373956922
59,0.30324436695832785,0.39623240504857893
60,0.3003002594187698,0.39593368319926947
61,0.2973585713489363,0.39567150546026236
62,0.29475896403855045,0.3948130621640051
63,0.2921361298188095,0.39488134667311187
64,0.2897272412419067,0.39356542984828485
65,0.28666741853032507,0.3936049201688187
66,0.28418449417985264,0.3914287408612166
67,0.2807836875350984,0.38888760168659475
68,0.2786740389737216,0.3881180463579673
69,0.27631066868723575,0.3879855025206628
70,0.27401717268639336,0.38739075635306136
71,0.2715428939077365,0.38357500072154954
72,0.2694470847131838,0.38338367727163053
73,0.26731478991518565,0.38273666745281093
74,0.26558073983383984,0.3823370995193249
75,0.2629715836829413,0.38302050455708386
76,0.26073933252572506,0.3810373723092878
77,0.259320603868674,0.3799339546210956
78,0.25742428801780526,0.37941985653977506
79,0.2551170010395332,0.3780456082601052
80,0.25304925769378467,0.37848713228221903
81,0.25102617775915037,0.3780437685981113
82,0.24865906535949062,0.37603286527198215
83,0.24675147477970566,0.3755787206040116
84,0.24474297618261098,0.3758459034010712
85,0.2425574530506739,0.37413025554270896
86,0.24102086395844344,0.3731941165979981
87,0.2395121955468337,0.37341370003095226
88,0.23818937466966172,0.3739156261905629
89,0.23601911032678713,0.37374111447536856
90,0.23429239930360565,0.373138836178082
91,0.23240839048873546,0.3737664549697099
92,0.23060425643437005,0.3728463240607184
93,0.22900766449297205,0.3726356848262762
94,0.22756143453005254,0.3724087810694744
95,0.2258337718487794,0.37188254613496885
96,0.2239323105922965,0.3712312639426933
97,0.22222414883700284,0.37033135012993146
98,0.21995099251164443,0.3682318919331929
99,0.2182935589715744,0.3668570356677096
100,0.21711974516983515,0.36639519583728747
101,0.21609055113842826,0.3655534192073253
102,0.21457675345100258,0.365214632566085
103,0.21296785447360597,0.3654960825949914
104,0.2113850696394358,0.36680324169788475
105,0.210033231255368,0.36599039830309016
106,0.20875142845492534,0.36658231346368825
107,0.2076419564180596,0.36629453704464937
108,0.20639563917357623,0.3662704749674835
109,0.20530020006111258,0.36606605581825147
110,0.20335391409553383,0.3649317620763061
111,0.20205856226463398,0.3657977056762195
112,0.20077882407835623,0.36603975067096395
113,0.1995165383336912,0.36494208896029684
114,0.19810985863586814,0.3654732412171826
115,0.1966979206238438,0.3651666235471442
116,0.19545395832989232,0.36474794892485013
117,0.19422185143759085,0.36438703452986515
118,0.1933543102433767,0.3646125461110307
119,0.1919219680366758,0.3654432996192515
120,0.19091509764592693,0.3668139814128884
121,0.19009986538715645,0.36667538339049005
122,0.18928821394357823,0.3664324474067494
123,0.18817769346983185,0.36605610678800254
124,0.18676280370474366,0.3666752587745703
125,0.18543136951535247,0.36682305449003727
126,0.184253974898421,0.3670413729613945
127,0.18273858036097715,0.36628631023703
128,0.1813279327328059,0.36620810266712717
129,0.18006027576535247,0.36498707803804636
130,0.1791675075668109,0.36450385660120366
131,0.17792138387990553,0.36473424736590576
132,0.17685691397991543,0.3646537855914799
133,0.17606203752642707,0.3640776882010453
134,0.17495106541833214,0.3636752601720046
135,0.17346326896554573,0.3630149385948575
136,0.1724331555356435,0.36241118343169504
137,0.17143084987777485,0.3631118860780494
138,0.17076836680761098,0.3634488074857403
139,0.16979235272074855,0.3633234575025787
140,0.1690270583170917,0.3632556577928939
141,0.16814479061715445,0.3634619701292188
142,0.16709924097040996,0.36421785995975653
143,0.16612543666589588,0.3643812236856175
144,0.16516258449433469,0.3647792099552594
145,0.1643948544911552,0.3647321250236923
146,0.163244057911395,0.3646345322420456
147,0.16235796744929307,0.3648708536990331
148,0.16145766663500924,0.36444283630091256
149,0.16042906940613438,0.3654896773322899
150,0.1596183212312533,0.3656137106670247
151,0.1585336729537609,0.3648347420524214
152,0.15787275447401888,0.3647378838333602
153,0.15735224588728858,0.36462076102499524
154,0.15672542580086382,0.3642525959799302
155,0.15608094358545024,0.36450820354767666
156,0.1553780069814928,0.3649157319260139
157,0.1546245195900915,0.36448430938749077
158,0.15392145394774875,0.3644749136357067
159,0.1531872577949508,0.3634166009742891
160,0.15241596310637717,0.36272984428462207
161,0.15182349949004031,0.36308532243902564
162,0.15121211562045786,0.36262748053975036
163,0.1506121193883787,0.3622625023248837
164,0.14966670352863207,0.3630055903269241
165,0.14868338264320163,0.3636238840920247
166,0.14815495432557313,0.3632923950550159
167,0.14747722859614495,0.3633519789855281
168,0.1466627705676863,0.36376292335672844
169,0.14579098723655523,0.3637969909269401
170,0.14501246639840445,0.3639297970309278
171,0.14416197440084896,0.36368277177099845
172,0.1435008139741345,0.36420853787951585
173,0.1429103020633754,0.36444079033424265
174,0.14197912881540697,0.364844655614289
175,0.14145607172056687,0.36478740788647324
176,0.14079347574181586,0.3646996110464588
177,0.14012896031708344,0.3651036096816061
178,0.13950367256148422,0.3655343975911846
179,0.1390129718417597,0.36515492778989633
180,0.13830035735890428,0.3647724200495778
181,0.1374162669917746,0.3645566281031271
182,0.13683175536593223,0.36459717028040295
183,0.13613877084744153,0.36474670070940113
184,0.13556917928490023,0.3651732381620416
185,0.13488833243952744,0.36580521816520556
186,0.13377435212407504,0.36514541829363756
187,0.13289969768887092,0.36406467657765723
188,0.13224813449206363,0.36361239286347075
189,0.1316308471163534,0.3637171625387122
190,0.13062465417712738,0.36417025249253715
191,0.12994064589131457,0.3634287301818217
192,0.12917898875714356,0.3634007753389496
193,0.12860029192353908,0.3639840184391128
194,0.12787966093099645,0.36467695493181923
195,0.12720341914299932,0.3647459413015156
196,0.1264265838687566,0.3652577004674081
197,0.12548074863425773,0.3659658529439857
198,0.12490999572624868,0.3657992415448716
199,0.1242733364629443,0.36628029088394715
200,0.12391570657806719,0.3657790715582699
201,0.12334277614730609,0.3657484745137072
202,0.12267110715708823,0.36545248209430226
203,0.12210749168476645,0.3657496493371282
204,0.12148125227107558,0.3656952711537264
205,0.12090280544934262,0.3664822452345021
206,0.12059093580185484,0.3663337262679309
207,0.12018244866336879,0.3658484202359925
208,0.11948650432691514,0.3653641651636203
209,0.11894551896141649,0.36561351541160875
210,0.11831837627902847,0.3653387036077372
211,0.11801632967862216,0.36493650896628604
212,0.11755438838902287,0.364841246483028
213,0.1169486338189994,0.3645652314692117
