0,0.6094276832385663,0.6131965910472299
1,0.5496054639406586,0.5565299184535952
2,0.51187937979607,0.5217389449386809
3,0.4835950497853303,0.498886307908988
4,0.4613681449054162,0.4796253651199991
5,0.4438174464972285,0.46587548549230506
6,0.42938962432241096,0.45604172366937934
7,0.41388738825491705,0.4435158388724729
8,0.4038429833654437,0.43666353268235053
9,0.3934738160711617,0.42713983277249595
10,0.3851179200790495,0.42158783870428057
11,0.3769592747151452,0.41845135997432403
12,0.3713301609427307,0.4158018934141088
13,0.36657023759753526,0.41329058237284466
14,0.3604426826733142,0.4086740730437432
15,0.3552292346110674,0.40478906895950817
16,0.3482539376624619,0.4016802719325467
17,0.3429282117780249,0.40053363190674435
18,0.33879874284773037,0.3970373054585738
19,0.33459868058395764,0.3946022602368503
20,0.3293065226770732,0.39014709181438656
21,0.3249499465088883,0.3868425495434869
22,0.3220840363025754,0.3860370384737125
23,0.3173296777177662,0.38463005967255587
24,0.31351915788925816,0.3827328924586883
25,0.309908437246361,0.3796088081501061
26,0.3059550908553503,0.37716056413293214
27,0.30248199003652154,0.37549356001836465
28,0.29758765571964624,0.3724846423481655
29,0.29548293343986387,0.3697658198712664
30,0.2921740110664783,0.3676634878702585
31,0.28782018964362255,0.36668326194674206
32,0.2847565597389009,0.3665475586858924
33,0.2815315164015093,0.36574199693411347
34,0.27705610814629905,0.3634476911613625
35,0.27335294293896983,0.36001102317717953
36,0.2705250544709886,0.3597188626695419
37,0.26645661317143216,0.35582231286617033
38,0.26222725707120864,0.352395485454563
39,0.25896010147317455,0.34884143039470383
40,0.256251685026231,0.34889587870689076
41,0.25336286983875267,0.34875121744572524
42,0.25049261402626444,0.3470822406772099
43,0.24760370841423276,0.34558381453829473
44,0.24530871818408737,0.34287468405067617
45,0.24289769105666886,0.3416353853834697
46,0.24048057253104094,0.3411641370497004
47,0.23756082894556688,0.3399496534134102
48,0.23506330779904183,0.3394747923639912
49,0.231601815048151,0.33794968061566194
50,0.22897810035465904,0.3375973132990676
51,0.22621040527070757,0.33636677310512986
52,0.2235944787142574,0.33595791762586724
53,0.2205121820352681,0.3345187169026604
54,0.2173246155845185,0.3335709727362948
55,0.21487366380819856,0.3311642459950291
56,0.2119521114596857,0.33121994470784133
57,0.20894402881835866,0.330161614413949
58,0.20586441835443584,0.3283262358024733
59,0.20357520755233305,0.3274699091432598
60,0.20145428298827078,0.3281949723844653
61,0.19899655315171172,0.32751112334255206
62,0.1966194723371295,0.32654889287381306
63,0.19509085346043836,0.32699370274640843
64,0.19327319502739848,0.3260941997469832
65,0.1904974310081392,0.3235383288402913
66,0.18896778739076678,0.3229008845350993
67,0.18704565947443832,0.32335271747216165
68,0.18574915228997593,0.3232200110162773
69,0.18306128369139654,0.32305860758601207
70,0.18050000119120851,0.32364421009115707
71,0.1785926305147053,0.3227513184970376
72,0.1772435010640496,0.3236562316322113
73,0.175310141311439,0.3220999450463249
74,0.17340154536873256,0.32132834266808397
75,0.17121988392280296,0.3208406788295591
76,0.16937095774899635,0.32034199927241486
77,0.1680633331035447,0.3195741669603578
78,0.16652254942413267,0.3212299552152155
79,0.165232270519865,0.32153172819849046
80,0.163106670271053,0.32153225920803014
81,0.1610347164366029,0.32128088137003213
82,0.15955543870012445,0.32062189471391034
83,0.15822358456582963,0.3199876275135308
84,0.15635716205410546,0.3205385208852736
85,0.15506849474839537,0.3197786920058011
86,0.15344767554228103,0.31985650599204957
87,0.15236341966113048,0.31992967132447414
88,0.15134540765733823,0.3202168596082355
89,0.15059903728758797,0.3198377118463101
90,0.14926331393098768,0.31877764625438854
91,0.1476296139931894,0.31813741405609197
92,0.1460033829580888,0.3181097732760851
93,0.14465300784926646,0.31877834617924
94,0.14363251226510818,0.31798255461275676
95,0.1427456446198748,0.31748044264534925
96,0.14152380181691554,0.3176546028069125
97,0.13978388518495574,0.3169704995908619
98,0.13875888541400033,0.31576730426194904
99,0.1375160962153575,0.3172082672633082
100,0.1359481835735049,0.316707664862634
101,0.13501482177988297,0.3171552613018417
102,0.13328785503938562,0.31688700468203557
103,0.13215766684412364,0.31687711738923086
104,0.13096439761049752,0.3178544473215669
105,0.1302156663951442,0.3182761267857709
106,0.12924490851098738,0.31822796680044196
107,0.1285637583560929,0.3180498490921054
108,0.12734705483393344,0.31821457675414705
109,0.12602172727595531,0.3184538308764054
110,0.12508297020137896,0.3185830644392915
111,0.12403596539525831,0.3179402935518912
112,0.12338341812172783,0.31752367546772686
113,0.12232404311220174,0.31797400485164085
114,0.12135110554977538,0.31728502765262534
115,0.12039951415376811,0.31775298615970904
116,0.11930476909497327,0.31789989094352367
117,0.1183539970049661,0.3178629390210972
118,0.11762118265092898,0.3185483507494497
119,0.11667053957095336,0.318797446995122
120,0.11570460172284507,0.31833407807381714
121,0.11494479619770473,0.31846354628107715
122,0.11428303326088551,0.3191271465561875
123,0.11342120562525809,0.319220708303084
124,0.11263319807437482,0.3191920444729227
125,0.11190863893981834,0.31912947266441644
126,0.11133272606007123,0.3194761374619237
127,0.1107623900976268,0.31942848070999513
128,0.11000119713843905,0.32011747911380695
129,0.10916660330414417,0.32043254987407754
130,0.10850185839015725,0.3204845215491405
131,0.10810188866984298,0.3200143006364986
132,0.10757392773121181,0.31989976092863465
133,0.10687911129381525,0.3194363376368398
134,0.1063323771187433,0.3189592633951361
135,0.10566705856370495,0.31894843081434904
136,0.10498466953794329,0.3196184778621109
137,0.10414932866939021,0.31989624348633455
138,0.10358910204096611,0.32042521959087933
139,0.10266296290090622,0.32037497075540006
140,0.10192017076615183,0.3200801978180822
141,0.1013255886981453,0.32009336183253956
142,0.10077768193198465,0.3199617749737303
143,0.10018025416009423,0.31919888079500025
144,0.09949065295242555,0.3192639882137094
145,0.09881311746581053,0.3194635890997869
146,0.09822214051002467,0.32007482616021804
147,0.09771094385738967,0.3206236797769421
148,0.09736034001526937,0.32080243129129904
