0,0.6394168467408855,0.6402037648393538
1,0.6279097617050658,0.6291981590537642
2,0.6159109788031734,0.6178425088934364
3,0.604910621197489,0.6080847076016299
4,0.5952297388057749,0.5986104300107815
5,0.5852958633491295,0.5902228738805456
6,0.575857310864839,0.581437215555546
7,0.5683462191456813,0.5746913462499231
8,0.5610149840955031,0.5680989279996517
9,0.5532789335517445,0.5598179180387715
10,0.5458812770383749,0.5531646657191673
11,0.5388106462023039,0.5463875180256039
12,0.5324624117297405,0.540809509791355
13,0.5275619027202103,0.5371219583533027
14,0.5221232853095241,0.5324555875509033
15,0.5173018119526136,0.5282741747402742
16,0.5120678855972318,0.5229763676890863
17,0.5060981652691287,0.5177276986345932
18,0.5012381374245121,0.5137046359274654
19,0.49640676162953795,0.5094123606040413
20,0.4922534549343438,0.5061199878348357
21,0.48814050636608514,0.5024217996927447
22,0.4850741156841944,0.49977456997237296
23,0.4819082322651326,0.49683840237321614
24,0.477524865189227,0.4926464991529825
25,0.473828381352361,0.48947021677838065
26,0.47037329333321054,0.48687732280340307
27,0.467648306210111,0.4846909281740607
28,0.4642010566763956,0.4819008549064965
29,0.4613425553301923,0.4797203477086149
30,0.45842515379623733,0.4775596208807404
31,0.4554101820033661,0.47498033266616924
32,0.45206121250715264,0.47204618315049
33,0.449261329660427,0.4695680314324497
34,0.4465906891559218,0.4671004569161896
35,0.443476828103213,0.46469199117942545
36,0.44119728714850037,0.4631241970079268
37,0.43924957108488166,0.4616311121944645
38,0.43705511296194066,0.4600108935326401
39,0.4348570030421893,0.4585142880599418
40,0.4325152352519241,0.4567137262715031
41,0.4305503632771868,0.45459313306713334
42,0.42874034227492663,0.45318403187154715
43,0.42623208604305945,0.4516642791461239
44,0.4244199119628405,0.4500940982921809
45,0.4221995204338519,0.4484064142292574
46,0.4205957362095956,0.44737850925855605
47,0.41903091149767524,0.44596073337009545
48,0.4172734198646195,0.4446116871580513
49,0.41500416630645165,0.44282059912544225
50,0.41364191913203746,0.44200771496912766
51,0.4115627977535219,0.4406069871668269
52,0.41013030966430186,0.4395720984818252
53,0.4087242944195114,0.43856521887629907
54,0.40701641744933775,0.4378395140698735
55,0.40546096564954215,0.4368173688075192
56,0.40376761734107486,0.43545651427976173
57,0.40168384970821874,0.4341068444320692
58,0.40027666610682605,0.43304844686158994
59,0.3987564751723283,0.4317612791666269
60,0.3976422913683696,0.431253845069014
61,0.39652700340136504,0.430340210987889
62,0.3952272534537829,0.4296710986533767
63,0.39383722497472806,0.4286659302654623
64,0.3926192822740833,0.42811866256804154
65,0.39165338694098023,0.427716375096262
66,0.3904774390528347,0.42727936313627385
67,0.38878107960541475,0.4266636430661944
68,0.3875923995947809,0.4260132505497393
69,0.38660541137356924,0.4257325914237514
70,0.38554516771403047,0.425293505189834
71,0.3844811048864838,0.4251002999668425
72,0.3831154467533568,0.4242899670180949
73,0.38230037994184507,0.42358004184829634
74,0.3814480000515519,0.42311559236326884
75,0.38014124318397996,0.42225857219022817
76,0.37916067085161653,0.4216811236340639
77,0.37818244899229936,0.42107662714104194
78,0.37705659022012655,0.41972188761036444
79,0.37560769832172847,0.4186495428365393
80,0.3747638503442578,0.4179589390227016
81,0.37378217640376943,0.4173215020420404
82,0.3728640642152036,0.41683196694832336
83,0.37204285573333445,0.4163147298575834
84,0.37072084263063615,0.4151465491043211
85,0.3696150607162333,0.41455790082122695
86,0.368174273385798,0.4137261729238527
87,0.36742146146867033,0.41277581084141585
88,0.3665549198464406,0.41213817480187587
89,0.3653619939443133,0.4109119375730544
90,0.36445668684193105,0.41028271265619337
91,0.3631929636283224,0.4092890164198602
92,0.3621792053828913,0.40878940515621837
93,0.36121540912580874,0.40819693651900923
94,0.36011018018116875,0.40775146250697697
95,0.3592395264859194,0.4071330471106078
96,0.3585028396611637,0.4066696994550069
97,0.35784241649391885,0.4062949528220655
98,0.35721375167240843,0.4057736958280584
99,0.3564783417433402,0.4053232356468826
100,0.35589787800789685,0.40466695823499943
101,0.355249827957121,0.4040390646348985
102,0.35440403351965455,0.4033268738998766
103,0.3535939265271989,0.40240535224112534
104,0.35278719758081656,0.40153221858283367
105,0.35159730121563254,0.40044954773156766
106,0.3510315875234016,0.40040423849254975
107,0.35023767116720594,0.40005648109754727
108,0.3493760221020104,0.3993584332322154
109,0.34890081094119507,0.3991175822915616
110,0.34813377636521975,0.39889903644387303
111,0.3473640426322759,0.3984185906902869
112,0.3464879642558037,0.39789692061632304
113,0.34553239473685554,0.39701674834984585
114,0.3450837883164753,0.3967113113080016
115,0.3445023811094122,0.3963467232256844
116,0.343849709016221,0.39574678599869884
117,0.34333440758033845,0.3956701251536403
118,0.3425676460704561,0.3949970285453485
119,0.34188135238716383,0.3945395220740527
120,0.3412110476623881,0.39405100487456135
121,0.3403529632908467,0.39359213653794367
122,0.3392906961888725,0.392553855609897
123,0.3386844077459954,0.39228326945721187
124,0.33815994953695794,0.39178472200416453
125,0.33711448169854735,0.3908858563195733
126,0.3366995545822025,0.39072557220070075
127,0.33614062729133815,0.39023438465523574
128,0.33534315193085257,0.3898086773150898
129,0.3346225464139985,0.38958631950601874
130,0.33416770413978814,0.38950723434363277
131,0.3335555086457403,0.38888772807416777
132,0.3328336164869315,0.3883774045305464
133,0.3319128634082658,0.3877210325323219
134,0.33130894563703184,0.3878240977201304
135,0.33073983948353797,0.38751586451220776
136,0.3302562804609545,0.38756942459880267
137,0.3294907979523906,0.3869240825373608
138,0.32873508150012537,0.3860534489524982
139,0.3281845792787292,0.38551044100048865
140,0.327661684107901,0.38536738185802705
141,0.3270083031804945,0.3849705784211435
142,0.32641500169561477,0.3841510650290306
143,0.3256003751744204,0.38383443447924664
144,0.3251638647251101,0.3836792646011389
145,0.3246382913051728,0.3836911817112776
146,0.32399137344623946,0.38345654728777123
147,0.32338007884540754,0.38303560470024134
148,0.3229191329075649,0.38250804862231963
149,0.3224422965118006,0.3823882884672798
150,0.32178788964875177,0.38223695703910127
151,0.32067335932484786,0.3812810403066461
152,0.32020649222640835,0.3812039268102662
153,0.3198324842107692,0.380812141094278
154,0.31930715556052386,0.38047285929586083
155,0.3185879233591859,0.38017801163091974
156,0.3179912876343675,0.3798977516593518
157,0.3174334829966133,0.3794939192750316
158,0.316843841244973,0.37906277595269033
159,0.3163632079584713,0.3786994282217267
160,0.3159724992643052,0.3781633253010427
161,0.3156487690286079,0.37780635220138453
162,0.3152058482659523,0.37733535037570914
163,0.31429565786793945,0.3770998535721108
164,0.31396798505094525,0.3770521462247185
165,0.3135889195217922,0.376828760141999
166,0.3131222819905514,0.37655835032037777
167,0.31271512438391735,0.37615003554055954
168,0.31217272416879294,0.3757794179311751
169,0.3116468230590811,0.37581379724032465
170,0.3110918734314232,0.37561494327813827
171,0.3107800863023691,0.3753143826944568
172,0.31038266121137303,0.3752263156779851
173,0.30997690608729384,0.3746497513210484
174,0.3094117189307005,0.3741999050202616
175,0.30912348778636256,0.3741513133958675
176,0.30853603478076,0.3741271070866249
177,0.30822652983576443,0.3738202744884216
178,0.30774609841816986,0.3733149772927354
179,0.3074607408528952,0.37312307119680604
180,0.30701136539480695,0.3731898960182896
181,0.3065961386427183,0.3728699325406668
182,0.30587033339769454,0.3725918544639477
183,0.30535707376629484,0.3724427485122812
184,0.3049698478441086,0.3720675126539177
185,0.30456244316951087,0.3719146417135897
186,0.30405978407950085,0.37146186820392835
187,0.30329941767997826,0.3708656722961297
188,0.30275323777354934,0.3704750923952777
189,0.3023997864606188,0.37006867402203647
190,0.30193824064628594,0.3696735047983364
191,0.30156875415374024,0.36918134263462643
192,0.30107796383283575,0.3687595492858936
193,0.30043817232930387,0.36828000494377416
194,0.30004689704118176,0.3682564516491739
195,0.2997362952934937,0.368025410131317
196,0.2992414173403247,0.3678216770051114
197,0.2989334773035691,0.36752044766389197
198,0.29838783217521647,0.3673830381259873
199,0.2981218269798671,0.3670876438189967
200,0.2977699718259358,0.36697657121912464
201,0.2974277876530206,0.366815666105484
202,0.2970761583179793,0.3660997767818513
203,0.2966887648990405,0.365847393448502
204,0.29639921248689816,0.36553689860591143
205,0.2960504438361769,0.3653061013835153
206,0.2957432110831555,0.36499297641115325
207,0.2954186648222737,0.36486763384214843
208,0.2947976330896884,0.3645200793145039
209,0.2943689030908519,0.36407935993803026
210,0.29395790246187037,0.3640000679329368
211,0.29368707700872543,0.3637295752462496
212,0.2932869079437854,0.3636118952380828
213,0.2927846148912432,0.3635632496885365
214,0.29234905360451696,0.3630823389086557
215,0.29200921767100024,0.36316670691072706
216,0.2916936693933898,0.3630688111356855
217,0.29139412191240777,0.36301433762740226
218,0.29103742056828313,0.3627306501918628
219,0.29076323277045446,0.36262651975118965
220,0.29016531161725634,0.36219360590784416
221,0.2898257633481847,0.3619898362479017
222,0.28947565991809615,0.3615118257709273
223,0.2891528977154051,0.3612768445055672
224,0.28887159760993153,0.36103405630025015
225,0.2886099722716458,0.3610330731706422
226,0.2881991390379881,0.3608226965257335
227,0.28764622013483165,0.36055937263894094
228,0.28733424161738824,0.3604453617867366
229,0.28703030857188366,0.3604806265931569
230,0.2866291792630241,0.3603574375968513
231,0.28624588763722897,0.3602071515142713
232,0.285948538415906,0.3600648787954574
233,0.28565354950153893,0.360012744711397
234,0.2853503451191978,0.359974207898531
235,0.28493058671862154,0.3600066783257128
236,0.28466349264746915,0.35984089445956763
237,0.2841401164260667,0.3596960684569084
238,0.2838770732838865,0.359596021652584
239,0.28358278223859923,0.35950656938189385
240,0.2830392223191498,0.35913062269108303
241,0.28257191168750456,0.35859721424461716
242,0.282361468852296,0.3584036061360085
243,0.282042981164558,0.35834388560408736
244,0.2817408923475018,0.35842817846536007
245,0.2814925244294561,0.35805582286923904
246,0.280877024035762,0.3574158683449747
247,0.2806070916765295,0.35728658928464996
248,0.280184733301023,0.35711628480629315
249,0.2798147952110718,0.3568718481541121
250,0.279486168133961,0.35675350464998606
251,0.27918004773823313,0.35645664399824484
252,0.2788105416596635,0.3563318473737821
253,0.27855448413768524,0.35653563363459867
254,0.278283230478398,0.35678700731533636
255,0.27809088541710064,0.35667433255710435
256,0.2779015996039801,0.35651301985004047
257,0.2775521659777391,0.356116161968689
258,0.27723343478164436,0.35594370210273524
259,0.2768070948413718,0.3557318878029306
260,0.2765462357537196,0.3555392684487835
261,0.2762835524998287,0.3554891014139879
262,0.27592595710357326,0.3555939923455037
263,0.2756451426168444,0.3555239935471513
264,0.27538286162008063,0.3554009212172112
265,0.2751230894237857,0.35525956600126724
266,0.274621473149055,0.3549565953570743
267,0.27418410882902533,0.3546952507050066
268,0.2737999621578331,0.35459286824605146
269,0.2734576255661499,0.35440618393993906
270,0.27300319875092716,0.35429364197147145
271,0.272753836571931,0.3543465351085346
272,0.27237300234999406,0.3542999643704462
273,0.2720439550339434,0.3540616943697833
274,0.2717313863600582,0.3539726366682754
275,0.2714544512428606,0.35371598987653063
276,0.2710685421701741,0.35320952728274524
277,0.27078646227874714,0.3529611171546134
278,0.2705061263182604,0.3530510686265096
279,0.27023505356382876,0.35305284100818995
280,0.2699169015719652,0.35280039383912654
281,0.26969707458936854,0.352733448678411
282,0.2693947475013219,0.352384157067787
283,0.2691492179612758,0.35247026313855323
284,0.2688598217227342,0.3524506894616119
285,0.26855821649677125,0.35227829871337907
286,0.26835401810003046,0.3524187143324002
287,0.26794257977768876,0.3521496375058394
288,0.2676590385179875,0.3520996847215067
289,0.2673852142550818,0.3520004940529336
290,0.26720707994066434,0.3522655667336441
291,0.2669629791768491,0.3521576065060153
292,0.26673256644662524,0.35200529640179173
293,0.266411586394243,0.35219302614899767
294,0.2661274415800905,0.3522380513065725
295,0.26567205495595936,0.3519182440154865
296,0.2653999198372755,0.3517339321955483
297,0.26523433857260875,0.3516968879693662
298,0.26489562220890406,0.35115931500669917
299,0.2646237211110513,0.35108883571333543
300,0.2642333734923461,0.35115339799516343
301,0.264017122717719,0.3511353166533701
302,0.26382970722355764,0.3511074199779333
303,0.2635529627596372,0.35105733543237666
304,0.2632434442620887,0.3507254825837036
305,0.26284076222314584,0.3502494737754003
306,0.2626468033733291,0.3500298509739997
307,0.2623556351322758,0.34996042457132565
308,0.2620907485880329,0.3498249695804679
309,0.2619028631291871,0.3497048173511763
310,0.2617063405833687,0.3496584756266381
311,0.26142372472650915,0.3496763644851725
312,0.26107559255364926,0.3495796440335593
313,0.26070901544407915,0.34929297673865467
314,0.2604176726263876,0.3491258949492261
315,0.26014051402888466,0.3491779525154398
316,0.259858001132653,0.34867402189362
317,0.25957982235134164,0.3487452627563294
318,0.25925703271156253,0.348688587017188
319,0.2589673516096829,0.3484942286076461
320,0.25882628830871096,0.3484775103108335
321,0.2585940208318236,0.34824210701827313
322,0.25831841200416816,0.347967987145439
323,0.25799201320309784,0.34796380404118116
324,0.2576594999449132,0.34792300404677556
325,0.25716983740628624,0.3476711212690372
326,0.25699500510984347,0.3475964313895239
327,0.25682914981772637,0.34734914832537794
328,0.25664806980303034,0.3475751679267116
329,0.2563067859455627,0.34730399846902654
330,0.25595866261989797,0.34722070019528756
331,0.25561506514155735,0.34733007965687207
332,0.25533663236518606,0.34723349815322163
333,0.25511792478761053,0.34721310192647237
334,0.2549337577688693,0.3472983450734649
335,0.25463474504131417,0.3474212331285338
336,0.25440958580279766,0.3473548706656373
337,0.25419115582360396,0.3471525310926104
338,0.25397147550747984,0.34726290665955795
339,0.25356351082000766,0.3470045951023761
340,0.25334284672785146,0.3469519263311106
341,0.2531926403986413,0.3467622931453992
342,0.2529191941640123,0.34654053581172667
343,0.2527289474214667,0.3464357801274954
344,0.25250958065150175,0.34636324158786985
345,0.2521955274097351,0.3461315294778876
346,0.2520229421100121,0.3459728693827813
347,0.2517381015866948,0.34585600114800624
348,0.25137159242052853,0.34578951882433745
349,0.2510925913286515,0.3458337955182737
350,0.2509237143919221,0.3459513527949106
351,0.25064281686294076,0.3462286251429744
352,0.2504193064498319,0.34589224055864265
353,0.25024955032157364,0.3458082978013139
354,0.24999087949060253,0.34591367851104
355,0.24983151305653745,0.34590363513085653
356,0.24954511254239667,0.3459030268379107
357,0.24930419456357117,0.3455815477526587
358,0.24899564080459527,0.34542627316475283
359,0.24871032058438958,0.3452515554238784
360,0.24846825429886218,0.34528922689286107
361,0.24829975002398014,0.3451120436091141
362,0.24809727398509407,0.3451717389689908
363,0.24784687407736494,0.34526665826243436
364,0.24766741101366613,0.34524654912399066
365,0.2474594591260845,0.3451596491312486
366,0.24729274856340225,0.3451879106894683
367,0.24711331515105212,0.3452053879504338
368,0.24684952206712338,0.3453123512329341
369,0.24651836910135622,0.345279999219332
370,0.24627365300443171,0.3450691999799137
371,0.24601054244417847,0.3450327724019995
372,0.24572809121818653,0.34462922366299564
373,0.24544907685277795,0.3443444737003837
374,0.24527059805889925,0.3441989504499361
375,0.24499358836194746,0.34425621068259665
376,0.2448269931588481,0.3443452436720606
377,0.24462144217042642,0.3445454573627447
378,0.244369590011623,0.3442868253867876
379,0.24422120812838072,0.3442674213272163
380,0.24406056991428607,0.34431376647776146
381,0.24378970031843905,0.34419423047463993
382,0.24354758885736594,0.34387720161315494
383,0.2432535837983337,0.3439276330970448
384,0.2430886497596198,0.34387980308851335
385,0.2429177176727126,0.3437657720184379
386,0.2426336266314835,0.34350322562453967
387,0.24243033065551342,0.3432366735718841
388,0.24220769409473838,0.3433508947818987
389,0.2418560131691532,0.3430800657317212
390,0.2416555006336753,0.34328308580226674
391,0.24139622813887093,0.34319854670191424
392,0.2412667102457073,0.34323110662589745
393,0.24103415080442425,0.3432288596479923
394,0.2408649545802262,0.3428872317495612
395,0.24066879457889281,0.34302922947471076
396,0.24048406200288586,0.34280195241537037
397,0.2402384079810101,0.3426461565002098
398,0.24010548882000912,0.3427027409406966
399,0.23989804049599556,0.3424777652636115
400,0.2396807204582082,0.34251783417151893
401,0.23947423072100377,0.3423388585001309
402,0.23926004283483446,0.3420835318411533
403,0.23904575912229925,0.34207891065410256
404,0.2388266529493709,0.3419346962532424
405,0.23863845622035773,0.34167131911579274
406,0.2383484697713057,0.3414638040321003
407,0.23815442998462116,0.34132674752722786
408,0.2379373872505923,0.34119978716501465
409,0.2377567877104563,0.34127624511724164
410,0.2374200005732177,0.3408318902180042
411,0.23710859103053597,0.34087016660401137
412,0.23691309702734922,0.34085031211866956
413,0.23674170451907517,0.340752531609687
414,0.23655509350965642,0.340790999203307
415,0.23636394567851532,0.3408935898273788
416,0.23621375669743458,0.3409409464352191
417,0.23600924202571386,0.340869567276399
418,0.23587175856854375,0.34116949723865125
419,0.23567831679093454,0.340944568046475
420,0.23553224122018793,0.34082525872330555
421,0.23524665263884692,0.34074559843169633
422,0.2350175902497308,0.3406991034959803
423,0.2348536037652663,0.3405445529733505
424,0.2347419625871657,0.3405497208073731
425,0.23451989358625844,0.34078427330279687
426,0.2343394915781511,0.3409832244693158
427,0.23412724596911935,0.3411254399025618
428,0.23399846577757027,0.3412773936212134
429,0.23380089641877722,0.3412060643355293
430,0.23358893017768328,0.3411458113616437
431,0.23340587177048105,0.3410286240237342
432,0.23308427460807885,0.34099813500809606
433,0.23288746395938842,0.3411002673355648
434,0.23258537723605396,0.3406535089153789
435,0.2324508877184344,0.34039851768020085
436,0.2322605437355829,0.3401713778211166
437,0.2320905589462144,0.34010876094994785
438,0.23187130318270557,0.3397866782599895
439,0.23169637289256553,0.33949290405913113
440,0.23152920285864145,0.33952647385046664
441,0.23122537335427196,0.33946563968723875
442,0.23106824611396112,0.33932875188478084
443,0.23092181496684663,0.33935367960119067
444,0.2307832922536349,0.339368623002195
445,0.23056131182866235,0.33908300635569294
446,0.23036069644364807,0.3388943326270383
447,0.23013255738511623,0.3389064369031108
448,0.22980597177710574,0.3386930872416212
449,0.22943765393958618,0.33877476328064887
450,0.22918051186588168,0.33842752604542525
451,0.22902400388579694,0.3382965391082148
452,0.2288533641299183,0.3382340198376336
453,0.228732135710869,0.33819766554870223
454,0.22852823773155947,0.3380885324492582
455,0.2283433858138763,0.33825387936132223
456,0.22817669312382327,0.3382221061414419
457,0.228047345175719,0.33816268722303744
458,0.22789223202618203,0.33805612939935137
459,0.22774916488481606,0.338118355915671
460,0.2275493816515088,0.33778425321944283
461,0.2273196147806272,0.33765162910267327
462,0.22714541827409376,0.3376994616622509
463,0.22691498696745577,0.3378311887411273
464,0.22674560220468964,0.33786744053104406
465,0.22653944910011367,0.3375976602966507
466,0.2263153871451683,0.3377075275548007
467,0.22614735654136622,0.33753251082061575
468,0.22602416986498383,0.3376956537446395
469,0.22573472893316,0.33781873266816626
470,0.22550427473190876,0.3376966612071417
471,0.2253344410394882,0.33762401708927947
472,0.22521037075014888,0.3377149793396686
473,0.2250438298398413,0.337775379115121
474,0.2248438680570499,0.3377873336809666
475,0.22467564912221474,0.33806564225977676
476,0.22453213501171393,0.33813624969232203
477,0.22437174514373578,0.33815370897413477
478,0.22421424844370677,0.3380369518197587
479,0.22401059837424092,0.3379917870971953
480,0.22377706443936288,0.3379161055409005
481,0.2235673596642161,0.3379586387340011
482,0.2233283891966016,0.3380141835723734
483,0.22317039746854334,0.3381693030120047
484,0.2229857886524864,0.33833633491906767
485,0.22281151319239234,0.3383709639908911
486,0.22259957487817397,0.3381957310083545
487,0.22235384152047194,0.3378100780906534
488,0.22219536863919506,0.337802673009619
489,0.22200877356135004,0.33739468380272286
490,0.22185939069299537,0.3371596953805278
491,0.22168753213381348,0.33695640360954243
492,0.22150933095673445,0.3369090149957336
493,0.2213931911204882,0.3371230569070286
494,0.221242240689575,0.3371117379656406
495,0.22096748044020395,0.33648894306781246
496,0.22071615722553978,0.3363121309424465
497,0.22044715552184027,0.3364286486044168
498,0.22026385240395388,0.3364158760530807
499,0.21999530962033137,0.33630722580058203
500,0.21983019299634066,0.33616205534935156
501,0.21961471753817102,0.3361522614774757
502,0.21942942993229927,0.3357788590448771
503,0.21929961284357286,0.3358247026004415
504,0.21915837218282716,0.3357284804116974
505,0.21894614188145625,0.3357527285135483
506,0.21880256013609994,0.335875077443601
507,0.21864613540824923,0.3357932842432582
508,0.21842561638227803,0.3358250006401555
509,0.21818282494815747,0.33586035186181684
510,0.21803284837412465,0.3356020234151838
511,0.21789539516899767,0.3357788239248603
512,0.21777856984634755,0.33553980982810233
513,0.21764232730405245,0.3353221123656859
514,0.217505501495884,0.33517826937824974
515,0.21737529299196515,0.3351165069293981
516,0.21723590093505912,0.3350518071055132
517,0.2170809292350311,0.33522640186202973
518,0.21691807226527213,0.33508603826699773
519,0.2166787107956119,0.3349975076597947
520,0.21656657409504773,0.335061114663273
521,0.21638226561387275,0.33514976597599777
522,0.21612798989241885,0.335299482638197
523,0.21597924487390613,0.33517072286170585
524,0.21568450027610983,0.33489268044647014
525,0.21558635169269366,0.33507096732488634
526,0.21540456756326512,0.33527505370551014
527,0.21525293784996458,0.33519236422366616
528,0.21507452100585467,0.3352290403028216
529,0.21492428434288297,0.33536972251920577
530,0.2147646314871517,0.33525514108769744
531,0.2146125656296179,0.33482764691375805
532,0.2144240593491559,0.3347967120122394
533,0.21422389353783466,0.3348210257699937
534,0.21398662570581772,0.3349253789705237
535,0.21387761073939277,0.3351235865004559
536,0.2137278196502338,0.33500309681895696
537,0.21358614115721733,0.33524301312529103
538,0.21344269754000977,0.33512958381425917
539,0.2132825039601273,0.3346914567168872
540,0.21316851291916844,0.3347391237262474
541,0.21300141388895863,0.33449979710652805
542,0.21284309217237707,0.33464850527153156
543,0.21260629585069415,0.33439075981363275
544,0.2124064714583698,0.33410793601328026
545,0.2122728046640625,0.3341205211282569
546,0.21214776769000213,0.33410422124010936
547,0.2119671267519561,0.33396133783623627
548,0.21171997141271748,0.3338707690957238
549,0.21160594749767808,0.3338590609988352
550,0.21147484810524472,0.33378324190546743
551,0.21131684277762733,0.3337366835501667
552,0.21116726246116274,0.3338006928875815
553,0.2110456840182917,0.3338750339928206
554,0.21094414709980186,0.33393769663459294
555,0.2108634277703568,0.33404860669129477
556,0.21065599330719828,0.33414833255851273
557,0.21049613759592234,0.3341837810698491
558,0.21025559597395355,0.3340324245987167
559,0.21015558196474524,0.33405081521694835
560,0.2099996678035843,0.3341406135536567
561,0.20987667628241005,0.3342199056939321
562,0.20966088988267018,0.3342224433529585
563,0.2095073155642949,0.3339538028384101
564,0.20933093494396413,0.333791682217627
565,0.20921129262385146,0.33388839926218455
566,0.2091061437085433,0.33393050124179613
567,0.20890837891081246,0.3341959044197599
568,0.20872873552513468,0.33413219957086493
569,0.20856165777415628,0.334160831692283
570,0.2083569312059779,0.3339171282530872
571,0.20826012093122426,0.33400315707108896
572,0.20808199347437087,0.3341859850712415
573,0.20787252413436433,0.3340926537259204
574,0.20775549581748975,0.334095132972513
575,0.20761721275668105,0.33427949031336474
576,0.2074655016945662,0.3340847309480419
577,0.20733255225924224,0.3342613007571306
578,0.20719955562686038,0.33444335932670366
579,0.2070816522935449,0.3345718472483755
580,0.20694045524121557,0.3344416764584994
581,0.2067806229353124,0.33436991953497497
582,0.2065092461574057,0.33430024010236825
583,0.2063998133320618,0.3341584538420821
584,0.20628030287250376,0.33400040616152854
585,0.20608490086402478,0.33417655798792645
586,0.20594696932878928,0.3340713637023864
587,0.20586058994703574,0.3341887861606665
588,0.20571357805382567,0.3342441183326118
589,0.2055284868730984,0.3343754739979411
590,0.2053190091319862,0.33442847032432715
591,0.2052002955991914,0.3342922126310587
592,0.2050936172437729,0.3343675137012257
593,0.20493655674216887,0.3344967510044451
594,0.20482767459368612,0.3343209253561813
595,0.20465754018851845,0.3341936710153767
596,0.20451183008591853,0.33431234606037147
597,0.2043258200823695,0.3342126064376864
598,0.20419623207326998,0.3343203229443628
599,0.20409101338208607,0.33422717523270573
600,0.20393715423934713,0.3341483919606613
601,0.20384902427693202,0.3341690302574436
