0,0.63858567268452,0.63955071262905
1,0.6265444512125238,0.6277969558634667
2,0.614708168053482,0.6170010364143843
3,0.6031510351575811,0.6065831410897459
4,0.5933347224732287,0.5987260968879212
5,0.5838232584378407,0.5896852984236864
6,0.5748734447003168,0.5809218214379809
7,0.5667304885141629,0.5734404109371137
8,0.5586972395295413,0.5669594636112136
9,0.5515557772704227,0.5604835369055166
10,0.5441594774126534,0.5544986263169547
11,0.5371024664112288,0.5481560665003593
12,0.5312163320414578,0.5430423511983729
13,0.52608860851894,0.53888055625476
14,0.5203400024882769,0.5340619704530557
15,0.5144954508349217,0.5290627497352707
16,0.5092985756437267,0.5244728516606145
17,0.5036570327112734,0.5196737275630172
18,0.49889824402149535,0.5159259832623645
19,0.49376502659485955,0.5119356398193076
20,0.4892898681749593,0.508293140608715
21,0.4842586645744731,0.5044034543677566
22,0.4804716402501805,0.5015405545810564
23,0.4770260897422952,0.4987600291537684
24,0.47446332357680077,0.49686080338649974
25,0.4704356585963359,0.49349570331846937
26,0.46655560248614364,0.4904725497261666
27,0.4628036547291698,0.48772503798689704
28,0.45933425992514576,0.48517339664017173
29,0.4555734422096272,0.48216132951967305
30,0.4528583737492498,0.48034723627579895
31,0.4491902923528051,0.4769281339191735
32,0.4468764622860443,0.47517472776499664
33,0.44371016935093077,0.47266973281795077
34,0.44057867383156507,0.4699757185628752
35,0.4375694387730486,0.4675842033222664
36,0.43463680516419323,0.46485019779230524
37,0.43194197279780494,0.46272212256683354
38,0.42907706812662233,0.46072383413197626
39,0.426720495001683,0.45937440172625393
40,0.42498711140606255,0.45796476508910133
41,0.42266724802732875,0.45611913662490455
42,0.42104266295783144,0.45514601949468475
43,0.4190420748111025,0.45357352607424745
44,0.4168467156002123,0.4521267951857968
45,0.41504873746689463,0.4505964728115603
46,0.41353951781070364,0.44929037100180635
47,0.4114159594462043,0.4475544313831259
48,0.4094949511940631,0.44637188622156987
49,0.4078544857762823,0.44501319036565046
50,0.4061341645265505,0.4438005667888652
51,0.40445287137664315,0.44266511421910554
52,0.40302175968223675,0.44176716330691573
53,0.4014357398794641,0.44050945849187406
54,0.39967711764591385,0.4395353253537013
55,0.3981120790483663,0.4382487259978472
56,0.39684792779565264,0.43734183610194455
57,0.39520192246105174,0.4357234429150631
58,0.3941143528646202,0.4348520774504536
59,0.3931287473208952,0.4339597189275205
60,0.39213183498836734,0.4331787367160363
61,0.39102112159069935,0.4323689660675682
62,0.38988627335576115,0.43144035353335153
63,0.38815433893647183,0.43035373226375206
64,0.38668201410389125,0.42928824645425756
65,0.38555436996443226,0.428177911089241
66,0.3837627402088006,0.4274424685098341
67,0.38299598593679396,0.42724969927182155
68,0.38203646562316024,0.4263277437447336
69,0.3808789738994796,0.4255605348943089
70,0.3798445511369038,0.4249448688842561
71,0.378069113355062,0.42443981292179095
72,0.3771968323268644,0.4237066241252939
73,0.37631048534204337,0.4229594144800847
74,0.3753427201072052,0.4223883525718468
75,0.3740256436714696,0.4214264818981101
76,0.3732674762930602,0.4206502435524135
77,0.37174859943526656,0.4194638866431082
78,0.37095026955591476,0.4188455382192677
79,0.3699871740871885,0.41815184908141295
80,0.369026959617456,0.41717997365227527
81,0.3682809223406393,0.4169399050846066
82,0.3667185530002482,0.41584739024036155
83,0.36590517467681044,0.4152607963071943
84,0.36507128745941786,0.41454685588286555
85,0.3637190206021173,0.4139015648029666
86,0.36260937555428935,0.41312016665455087
87,0.36172720513294493,0.4125759457287243
88,0.3609916473788825,0.41190723331948353
89,0.3600480407855552,0.41161037289220487
90,0.35901753311745865,0.41123321240897787
91,0.3577069155591216,0.41089427097647374
92,0.35685482406518526,0.41022201881686865
93,0.3560111524397864,0.4097133592326375
94,0.35514415018585443,0.40933014832271647
95,0.3543105907873611,0.4091962078747676
96,0.35339725773905617,0.4086185493516336
97,0.3524705269040371,0.4079871475598115
98,0.3516967869069533,0.4075712305661015
99,0.3509685086882066,0.4071279717648666
100,0.349690684884247,0.40629278831420185
101,0.34903661872597797,0.4058104545531704
102,0.34833434146063064,0.40556783701665305
103,0.34711550482473197,0.40439230434982454
104,0.3463455233033604,0.40393021072893076
105,0.3456020349559864,0.4033728919501946
106,0.3446182819982405,0.40285624342184934
107,0.34358264000221256,0.4021665188808774
108,0.3429826515417289,0.40159568066135776
109,0.3422641518311351,0.4009882423861334
110,0.3415281723888343,0.40017908712825395
111,0.34042606843665474,0.39961712852703213
112,0.3399366946241511,0.39942636588552916
113,0.33945817483883,0.39942788564054643
114,0.3386626256774582,0.39920625028576523
115,0.3381939411014141,0.39900711391428306
116,0.3375125391095652,0.3988135753457393
117,0.33698390432843456,0.3988260204143759
118,0.3362084352932014,0.39849277458746324
119,0.33555591836627824,0.39757023396139796
120,0.33492012157816636,0.39690738551547045
121,0.33433477034136955,0.39669813378566354
122,0.33360340228826674,0.3960859215066199
123,0.33284876851929723,0.3957546195665071
124,0.3323258715562331,0.3952129011881197
125,0.33179954325565103,0.3947843265843757
126,0.33112885596827873,0.3942134795281209
127,0.33055522944630494,0.3937154104913453
128,0.3298209059617659,0.3932897453107743
129,0.3291385783576324,0.3929503615541939
130,0.32856904686988186,0.3926165932937118
131,0.3280207182704406,0.39245873918642643
132,0.3271741994144309,0.39189466588340904
133,0.32647783519390466,0.3918325749322394
134,0.32593984534004333,0.39164685032844354
135,0.3252870340238515,0.39148379598860383
136,0.32479843388265034,0.3910960746972367
137,0.3242902737541679,0.39108425464941854
138,0.32376481601764073,0.3907606605771165
139,0.32322891700819345,0.39078457728934024
140,0.32265537871112354,0.3905733654435023
141,0.3220643530087213,0.39019706886631866
142,0.3215688047572397,0.38995307940895224
143,0.3207485517431538,0.3893784175274488
144,0.32012947968141076,0.3891798464746764
145,0.31962076474981643,0.3887335469091732
146,0.31911804206509803,0.38834857119810445
147,0.31868423645030347,0.38817219194969904
148,0.31828939654853783,0.38799155072011765
149,0.3178590226361093,0.3876531025144738
150,0.3173554947523697,0.38744235040234054
151,0.3169860799674771,0.3874474868658796
152,0.3163069355400772,0.387146064720213
153,0.31574872615034444,0.38685707744982795
154,0.3152981390499569,0.3866107828164942
155,0.314836068297612,0.38641662258422493
156,0.3142001599199211,0.3860502051097
157,0.3136849879815745,0.38557218490601625
158,0.31313551769525644,0.3852789225293044
159,0.31266167016437474,0.3849344167397623
160,0.3123116816018351,0.38492814493296673
161,0.3119118996380582,0.3849569000195452
162,0.3113447450350762,0.3847270268517651
163,0.3109394109028975,0.38472546490665377
164,0.3105654715418327,0.3844593491545045
165,0.31013628167287105,0.3841018850283095
166,0.30957424938196215,0.383752221232733
167,0.30916912585756384,0.3833764891640281
168,0.30869468824594265,0.3831902684685213
169,0.3079652866910421,0.38256838332948295
170,0.3075285456836334,0.3820644134013711
171,0.3069643642576847,0.38176386832529347
172,0.3064146913104783,0.3811095405387718
173,0.3059854810212291,0.3804384541114985
174,0.305585165247134,0.38037720764347255
175,0.3048817296653982,0.3802691706590134
176,0.3043130782508926,0.3800582703642043
177,0.3038783392379272,0.37967895584803146
178,0.3031964908297854,0.37926831487349644
179,0.30282989745315125,0.3788549644768191
180,0.3023577787376204,0.37869271426560086
181,0.30188688039464545,0.3783321096187745
182,0.30154109925096656,0.3781336297401194
183,0.3011132802893271,0.37811277340310007
184,0.30055901045046163,0.37781258123576344
185,0.30018890895648115,0.3773814683822407
186,0.299756141280878,0.3772125795269956
187,0.29941366323802404,0.3771725836319231
188,0.29873198703728554,0.3771175019025614
189,0.29837947357615824,0.37670832934167164
190,0.2980907965941882,0.3766193836740362
191,0.29770778625304467,0.37640934078964006
192,0.2969904429875777,0.3760429774681756
193,0.2965711607470244,0.3760155154210978
194,0.296257794002687,0.37580654929917756
195,0.2957063320687643,0.37577765979449684
196,0.29492414773900005,0.3752626231029811
197,0.2944166169685496,0.37557462011966025
198,0.29390996797569147,0.3750586464728404
199,0.2936338572128977,0.37489278729656517
200,0.29321151215483626,0.3747006498245684
201,0.2929560556828566,0.37471454212516864
202,0.29253654750130487,0.37451673853191414
203,0.29223762660063535,0.37469244573017224
204,0.29193777507237506,0.37474433918203964
205,0.29165080726526316,0.3748500116073958
206,0.29130432632400455,0.3747069715590159
207,0.29103874264973306,0.37442467950656616
208,0.2907409975473837,0.3742775415295802
209,0.2902449392287704,0.3739875996092543
210,0.28979851322447003,0.37358184338667394
211,0.28929511510697864,0.37321278594639035
212,0.28875077975100977,0.37281301248834386
213,0.2884284070584142,0.3725579066825223
214,0.28817895874765115,0.3724678746955253
215,0.2877626970162684,0.3723149191790967
216,0.2874786884329687,0.3722597362924501
217,0.2869939778737198,0.3719246782368368
218,0.2866239876853425,0.37179053305150117
219,0.28607539818005473,0.37183392888484385
220,0.2856201441336188,0.3719285791464166
221,0.2852631684426172,0.37190395060200127
222,0.2849759484398514,0.37184828493781547
223,0.2846149647159848,0.3716352801060158
224,0.28410361897992575,0.37166915855805605
225,0.2836014390772909,0.37136150186588046
226,0.283282038544364,0.37143747038729724
227,0.28294068994665256,0.37140025826659345
228,0.28256858451815803,0.3712566112100204
229,0.2823434700996635,0.3712728343358614
230,0.28170570081588303,0.37153722199879147
231,0.28137082755712123,0.3715314738118694
232,0.2811049289500157,0.37168347439925575
233,0.28078663677342497,0.3714116232515949
234,0.28049590581552397,0.3711618027294421
235,0.2801534190621698,0.37119222048229006
236,0.27995082793081294,0.37122912500368677
237,0.279712993951668,0.3710404007536129
238,0.2792743107058037,0.37076999296199914
239,0.2787926717076136,0.37030522844382024
240,0.2782267058321612,0.37022619543057605
241,0.2779074871535072,0.3699985230046208
242,0.27757950557113686,0.3698326740783086
243,0.277123422276853,0.3695289363939882
244,0.2766903050338267,0.36914317738402624
245,0.2764288743584536,0.36920521635932346
246,0.27604995742627325,0.3690408602471111
247,0.27560732944929067,0.3687783277024521
248,0.2753195400660483,0.3684975529255948
249,0.27500924931799964,0.36838868406973385
250,0.2747226182837039,0.3682640002733766
251,0.2744458453119699,0.36822532599715097
252,0.2741693553142176,0.36821320315135786
253,0.27394593135125594,0.36806532705151507
254,0.2736280742437415,0.3681392794653151
255,0.2733854775924724,0.368078490804111
256,0.27300519563971387,0.36779453119816335
257,0.2727206335838775,0.36788776908345505
258,0.27217308579883265,0.36746523120360797
259,0.2718908670572542,0.36744836756804994
260,0.27157050282026,0.3671783285245524
261,0.2713089350328719,0.36698628350551854
262,0.2709615255494661,0.3671054841392333
263,0.27054526641060916,0.3669428028770276
264,0.27031759728548077,0.366941060627472
265,0.2700409270926277,0.3671925830456426
266,0.26974736471912036,0.3672097663584128
267,0.26927105129132417,0.3674364427521029
268,0.268982541199873,0.36726438526574123
269,0.2687391188688563,0.3672919330321524
270,0.26846368385112285,0.36728748347808116
271,0.26818117242751577,0.3670654588041288
272,0.26787647892333993,0.36680555690658806
273,0.26758579858767073,0.3666811165078415
274,0.26734185190807347,0.36670787454987375
275,0.26672115248747114,0.3663751126624384
276,0.26636194221929216,0.3664374696117891
277,0.26607871618643286,0.36626947735855653
278,0.26577437601362175,0.366237056969535
279,0.2654321826280479,0.3662155820834539
280,0.26505847676589933,0.3662317494037768
281,0.2648149613924832,0.36621056881046066
282,0.26440053634184774,0.3661588083430396
283,0.2641345705217114,0.3659642856677868
284,0.26380198393375254,0.36614793542911345
285,0.2635844618955023,0.3658283078274148
286,0.26328506025026804,0.36578352355553784
287,0.26307040827911116,0.3658172922230072
288,0.262723157405196,0.36592442280097015
289,0.2622801022836877,0.36584094919197374
290,0.26195977201227155,0.36551815705953744
291,0.2616176037184309,0.36556613897652723
292,0.26126628168525007,0.365601843786101
293,0.26090508654131156,0.36543343090191366
294,0.26072556594185564,0.365221325315222
295,0.260382635791806,0.36494725328785454
296,0.2599705172052246,0.36477485691427586
297,0.25966871935834096,0.3648254347469925
298,0.259402516938388,0.3647278061079503
299,0.2591166178134676,0.36457605553957306
300,0.2586606719255144,0.3644583346944865
301,0.25835409067005427,0.36458445516223953
302,0.2580958664195207,0.36465895088068573
303,0.25787443306605784,0.36440755709455436
304,0.2575396162103502,0.3642877387089643
305,0.25733570439483505,0.36450537748981354
306,0.2570141903474334,0.3643322818416385
307,0.2568339280587304,0.36440566041404443
308,0.25653633785055185,0.3643014015340449
309,0.25632579133154326,0.3643095761913625
310,0.25617563456771814,0.3643013968466669
311,0.2559235318704943,0.3641701508913953
312,0.25570679164012516,0.3641512850885246
313,0.25536336387338243,0.36393353604415263
314,0.2551444070137365,0.3636507042892864
315,0.25489335643510874,0.3638807636696499
316,0.2546242613151759,0.3638005093814132
317,0.25435519926476474,0.3634006678440311
318,0.2541152015554283,0.36340847798208675
319,0.25379321933225457,0.3633869139314678
320,0.25359224188946555,0.36329678263629434
321,0.25330146887421384,0.36333698849464485
322,0.25281417316463195,0.3630556102150984
323,0.2525378481809669,0.3628023290643902
324,0.25223082520330864,0.3628956052958552
325,0.2520406143950924,0.3626818065866277
326,0.2517946118831353,0.36248917916364354
327,0.25147101162829905,0.36243730881394143
328,0.251186670546592,0.3621747957980142
329,0.25086913349160084,0.3617885361047044
330,0.25066809811552543,0.36180273535239055
331,0.2503521722774537,0.36184253249525133
332,0.25013746005658255,0.3618822029201574
333,0.24989732485161142,0.36200695123423055
334,0.24951039575470674,0.3616605398831417
335,0.24931372230595059,0.361646728649446
336,0.24908833569052358,0.3614628137804048
337,0.24894902738299396,0.361577867074716
338,0.2485961520061721,0.36160293586422193
339,0.2482026555239263,0.3616031660116524
340,0.24797332141006292,0.36157582991930753
341,0.24762848799234832,0.3617234591755969
342,0.24744148736417357,0.36161143048499056
343,0.2472361791011132,0.361582754191403
344,0.24697087067346787,0.36160019062357085
345,0.24679543610064975,0.36135161577735736
346,0.246569834926707,0.36137768919663366
347,0.24644157560001848,0.3611764560028296
348,0.2461320260599228,0.3611191984583047
349,0.245863801763279,0.36092376903715456
350,0.24571418342311768,0.3608650805824387
351,0.24552888406143716,0.36096756193879403
352,0.24529473827392337,0.3609792715244696
353,0.24506511965572308,0.3610735916666466
354,0.24483544914743183,0.3611203408942816
355,0.2446473359736926,0.3609468966693446
356,0.2444105795207954,0.3608650440533781
357,0.2440998340949358,0.36088291365883646
358,0.24396171353123697,0.36080631458699647
359,0.24374914976045392,0.3605950228630193
360,0.24353471382874617,0.36067412779324376
361,0.24329480524597077,0.3606090361197542
362,0.2429747746482727,0.36014266406768247
363,0.24270628272834452,0.36015234765893017
364,0.24259104526012362,0.36005130727973766
365,0.24222566476724441,0.3597983158382796
366,0.2420121006604344,0.35989756118476657
367,0.24173812711000356,0.35986599298580463
368,0.24150180623541898,0.35971392174477806
369,0.24131462314206012,0.35969259906791534
370,0.24109830902272675,0.3597489733328446
371,0.24084581761206608,0.3599706086434471
372,0.2406278609833871,0.3602782231471285
373,0.24046664539139403,0.36045559741525635
374,0.24026729865596655,0.3603147725203275
375,0.24000197824243602,0.36005800020382356
376,0.23970276948160332,0.36009646530460515
377,0.23949260700144712,0.3597842639032308
378,0.23925046231298547,0.3596062521985781
379,0.23908311508549415,0.3596591528938999
380,0.23889245297658834,0.35983920005289444
381,0.23865832091974326,0.3598642198333958
382,0.23831751005360455,0.35951680840233274
383,0.23796906776780652,0.3595015742524624
384,0.2377869840411008,0.35945444383036274
385,0.23750350490379107,0.3595714896969521
386,0.23722894497095362,0.3593801259816069
387,0.23706054498028908,0.3595557160398393
388,0.23674784023901868,0.35937919057871215
389,0.23653582843608206,0.3594197795165695
390,0.23628923034610805,0.358934321289761
391,0.23612062436759426,0.359011577886291
392,0.23587083064010816,0.3590585814826348
393,0.23570903181867733,0.3590347680727652
394,0.23552440662578805,0.3589463825167765
395,0.2352801281119939,0.3588862667506537
396,0.2351126287766062,0.35888610611596866
397,0.23482900218505876,0.35872914470290673
398,0.23454960361471439,0.35886058998889786
399,0.2342921686374752,0.3586680775202602
400,0.2340680297430651,0.3587503696879939
401,0.23389773607442854,0.3588497242023952
402,0.2336905153760351,0.3589405681359302
403,0.23344872584213197,0.3586125075467616
404,0.23314220758142432,0.3587961622195596
405,0.23301450206584018,0.3588226507256648
406,0.23282071841822086,0.35892617623589984
407,0.23254844034299896,0.3589697490039185
408,0.2323867415672278,0.3590510054151813
409,0.23222001499126874,0.35891527929143924
410,0.23206272337603168,0.35882575925103394
411,0.2317626284817103,0.35868101639377276
412,0.23160925566236273,0.3586683491810745
413,0.2314614433514069,0.3586130708110978
414,0.23126245490941258,0.3586045901154967
415,0.23110811271725168,0.3585568697604766
416,0.23089141951633374,0.3585153549762411
417,0.23077241607104407,0.35870475294774823
418,0.23059782280415314,0.3586266700468316
419,0.2303873311566741,0.3585471028825573
420,0.23014278947285857,0.3585022785463351
421,0.2299939111127963,0.3585710672314139
422,0.22981396047126412,0.35865708683968384
423,0.2296745246659079,0.3586486786446164
424,0.22946500709573825,0.35845002957831884
425,0.2292393822394786,0.35833655863773395
426,0.22904487750772412,0.3583255554021466
427,0.22871867262020618,0.35838719291329957
428,0.22852664308222057,0.3585431407251047
429,0.22840077044712978,0.3584520904819607
430,0.22821604153422032,0.3585490234339921
431,0.2280531551420505,0.35847113123921637
432,0.22792151074005576,0.3583937058900631
433,0.22780631240621627,0.35841989202853625
434,0.227494086976799,0.35835974729296516
435,0.22729079260134727,0.35828880479017344
436,0.22712165428252418,0.35824478837542323
437,0.22694797362389862,0.35825758933172863
438,0.22677243249139425,0.3582996328874003
439,0.22645550711847795,0.35797869398930043
440,0.22616975890628122,0.3577784366866802
441,0.2259515894574076,0.3576118473671662
442,0.22577505322190347,0.3576165363559279
443,0.22542199015582534,0.3577539941132803
444,0.2253499734707503,0.3576866612815442
445,0.2251728508539782,0.3579744175846844
446,0.22488691972007574,0.3579281484527291
447,0.2247305111935881,0.3578268490046515
448,0.2245399910665383,0.357890804807816
449,0.22431569386692385,0.3578700595598099
450,0.2241539205298625,0.35806837405794817
451,0.22404313018475838,0.35798706309589307
452,0.22391687011199862,0.3578507649269492
453,0.22372176946452127,0.3579529929634412
454,0.22358249107846817,0.3580560227945874
455,0.22335043784208544,0.3581431018488617
456,0.22305948172473505,0.3580084893934677
457,0.22292584355596448,0.35807414542517896
458,0.2228327513085688,0.358066902965766
459,0.22264536080671218,0.35792668644451076
460,0.2225503983484946,0.35783993381067686
461,0.22225946063538182,0.35791359212823964
462,0.22208945012016593,0.3576733829778714
463,0.2218375343802559,0.35735906503346887
464,0.22167334492686258,0.3573022174921397
465,0.22147892597067423,0.35722453754181616
466,0.22137490046662214,0.3573913448002882
467,0.22122596007248768,0.357219135262841
468,0.22105845418365286,0.35725919991137506
469,0.22086727724101876,0.3572432254864411
470,0.2207077837550627,0.3574239279498665
471,0.22057416660081178,0.35730121350486865
472,0.22028194422997457,0.3568502845100854
473,0.22009504203429334,0.3568054539483507
474,0.219959344859976,0.35686011752999736
475,0.2198047680137007,0.3568645713066468
476,0.2196813761028913,0.35699492329820187
477,0.21937188118601555,0.3570380973290991
478,0.21923189841731772,0.3572315795554575
479,0.21911182126517528,0.3571841481484347
480,0.21898322288367794,0.3570429466947338
481,0.2188274766368476,0.35705184188942635
482,0.21867067899071582,0.3566969854067558
483,0.2185175490666596,0.3567693645030459
484,0.2183192208044769,0.35683683720988324
485,0.2181703370294558,0.3569758033627756
486,0.2180221848422292,0.3569948548154736
487,0.21789333211264086,0.35707116281147555
488,0.21775235305217144,0.3570390231316677
489,0.2175610311320256,0.3567279745523383
490,0.2173959550822519,0.3565768272500046
491,0.2172000830150299,0.3565777951188683
492,0.21700469330129216,0.35659079104339525
493,0.21683641428842687,0.3566174152657689
494,0.21670598954264766,0.3570011775159468
495,0.21650432405988787,0.35693956345251326
496,0.21629512470916942,0.35698569057660423
497,0.21607029985180043,0.3570310470270806
498,0.2159393295007353,0.3571008278154689
499,0.21576792507701606,0.3572437653698797
500,0.2155749453910551,0.35719359354433516
501,0.21537932705011922,0.3570668363104915
502,0.21520970033877093,0.3570027869166688
503,0.21505462229074607,0.3569187129166934
504,0.21483725893054922,0.3567706130081483
505,0.21465518356851362,0.3566409747831742
506,0.2144487641828761,0.35657235007793653
507,0.2142281687932698,0.35642631146178166
508,0.21406647345644356,0.35651850476457364
509,0.21386492972346152,0.3564761108498534
510,0.2137292907438188,0.3564810344512992
511,0.21360204966868437,0.35653550896695646
512,0.2134198793033143,0.3565395812302912
513,0.21321926909981273,0.3563788235610859
514,0.21300127195115462,0.35630759672211565
515,0.21283028336019535,0.356407024621364
516,0.212617413455244,0.3563343941971924
517,0.21248267532705778,0.35616578245840685
518,0.21228187954965527,0.3563778768168038
519,0.21205949231452562,0.356340416582315
520,0.21192406741918235,0.3560565971738873
521,0.21164450522330266,0.3561415914592558
522,0.21150790720291415,0.3561956859482935
523,0.21138467757721752,0.3562134976335604
524,0.21126138746568318,0.35606403284126315
525,0.21114699407184617,0.3559714736378541
526,0.2109395668182981,0.3557850808759484
527,0.21076595420272026,0.3556512129496996
528,0.21064287116554742,0.3557518642420593
529,0.2104694111492537,0.3557577510637548
530,0.21032596820835053,0.3555949429562266
531,0.21015247521808625,0.3557624665932409
532,0.20995106731335028,0.35588654542285714
533,0.20975884109033982,0.3559020656274472
534,0.20957687966080696,0.35584089226615134
535,0.20943644758081986,0.35593475110695477
536,0.20924760411228707,0.3558446181439411
537,0.20908625358422692,0.35585938808193185
538,0.20888660546639495,0.3559863132671512
539,0.208698689977843,0.3560567881398092
540,0.2085465806076439,0.3559847730944124
541,0.2083657587640344,0.3559580728997197
542,0.2081543184601609,0.3557293869732942
543,0.20798359308922956,0.35575645829954067
544,0.2078621482104297,0.355821234202992
545,0.20767208147372906,0.35576283845232887
546,0.20756237263031901,0.3557354330379825
547,0.20733838355661197,0.35556530970937317
548,0.20710757000868124,0.3556322174986783
549,0.20692088781515525,0.3556469896556977
550,0.206815237824745,0.3556343223505809
551,0.2066396852264239,0.3557451958326282
552,0.2064274414793295,0.3556381747879464
553,0.20627551373992778,0.3556319284306969
554,0.2061229394304133,0.35581019894236177
555,0.20596776467273709,0.35588932092976905
556,0.20574065449295806,0.3560957426963823
557,0.20560422001264747,0.3558796115408368
558,0.20543629760096185,0.3559181147805577
559,0.2052976561889893,0.3558289916023226
560,0.2051198659745523,0.35578916204616284
561,0.20501536379203986,0.3555909636139773
562,0.20490667644953464,0.35568608316367917
563,0.20479710629985548,0.3555517875889452
564,0.20463830828829477,0.3557577726121571
565,0.2044962700555163,0.35585850290314197
566,0.2043448044152869,0.35597234272794803
567,0.2042098693220236,0.35580031053201505
568,0.20397188396520147,0.35589736234593594
569,0.2038285229220156,0.35579935167746296
570,0.20362650665130277,0.3557862315369262
571,0.20350220387178,0.3559193582193784
572,0.20327844604586212,0.3559247389693949
573,0.20304205871282302,0.35609479370747493
574,0.20283798908879966,0.3559546096171164
575,0.20272963597374483,0.35590621178694576
576,0.2025877338351551,0.35585839699817934
577,0.20240443526218999,0.3557404960987077
578,0.20224026087111752,0.355862611304943
579,0.20210061660384798,0.35581789886488835
580,0.2019201714126264,0.3561048177687449
581,0.20178953064704683,0.35617012741811077
582,0.2016794512040609,0.3560896886486302
583,0.20152476271201455,0.35617635567745404
584,0.2013961495537878,0.35612811795514604
585,0.20120515538197803,0.35595267221031823
586,0.2009342094894586,0.35583288025568255
587,0.2008538059492064,0.3558513940579994
588,0.2007165762654517,0.3557463870364109
589,0.20059192595221956,0.35561904827948465
590,0.20042376539486767,0.35536745471026293
591,0.20032570348929024,0.3552789602522939
592,0.20016318667108443,0.35529288168687445
593,0.19995091761462822,0.3552815176590383
594,0.19973745487946779,0.3551694917392643
595,0.19961663282103947,0.35504448271492384
596,0.1995061632679713,0.35480672004275776
597,0.1993939950856329,0.35463119937150284
598,0.19928363412074873,0.35438158425729405
599,0.19914575059450879,0.35459880827902474
600,0.19902692321534562,0.35457434375419916
601,0.19890913200517168,0.3545881798111855
602,0.1987432347843362,0.354642582772276
603,0.19859112909657559,0.35458079196060327
604,0.19844922664896059,0.3545927285134544
605,0.19833958369463783,0.35448596165190605
606,0.19815288864091155,0.3546015512618831
607,0.19792765098382792,0.3544192016950462
608,0.19781114845275385,0.3544767639943326
609,0.19767737356711257,0.35437730423149694
610,0.19754024798459746,0.3540861106359047
611,0.19738752345711227,0.3540079595265619
612,0.1972641926322503,0.3540999569070435
613,0.1971552530607945,0.35395286267539133
614,0.19695382972528921,0.3539474036689281
615,0.19685370536604965,0.3538100028459286
616,0.19670355761742642,0.35403067512111835
617,0.19652192561432744,0.3542927677087716
618,0.1963821010802093,0.3543633239611542
619,0.19628647635878277,0.354477845812876
620,0.19610238272254582,0.3545916756115663
621,0.19596308951654223,0.3546162589047553
622,0.19584299742826475,0.35443886035714145
623,0.19563826190713882,0.3544789106066016
624,0.19547976156106261,0.35449284570386147
625,0.1953385818882053,0.3543213881310036
626,0.1952130694918037,0.35438441565365136
627,0.19506127090406158,0.35459376898683787
628,0.19488519128963958,0.3545907115242316
629,0.19477742934429834,0.3546085516051153
630,0.19458926414912778,0.35466941045146794
631,0.19449201051046763,0.3543792041584684
632,0.19432265463753456,0.35430182686152356
633,0.1941531645826644,0.35439230476719685
634,0.19402589666648964,0.3546288069330223
635,0.19387069116415162,0.3545431101333643
636,0.19372180659185637,0.354371617365915
637,0.19362363646255829,0.3543293282447356
638,0.1934609961652394,0.3542423380396563
639,0.19327409658307138,0.35432371551965425
640,0.19306641481730297,0.3543309863275518
641,0.1929292308291932,0.35447114331043034
642,0.19278696083554264,0.3543624790780636
643,0.1926284113747869,0.3543580106696942
644,0.1924602895256526,0.35432880726832666
645,0.19235602052555317,0.3540497219600901
646,0.1922553411473887,0.3539188254391282
647,0.192087736124645,0.35393940854766437
648,0.1919304733099369,0.3539411344337912
649,0.19183797825755552,0.3538080817370294
650,0.19166601877293665,0.3535126132169324
651,0.1915378960385178,0.3535903518033523
652,0.19137993920282104,0.3535028676919951
653,0.19130975686269364,0.35352169192770455
654,0.19115781425491962,0.3536889182014689
655,0.1910322445742402,0.353570499682989
656,0.19085438738934285,0.35357482056730294
657,0.1907346958593227,0.35348477460985195
658,0.1905506676779005,0.3533707127706901
659,0.19043637547879746,0.3532901866934715
660,0.19035176983866148,0.3531216589320352
661,0.19028091830362823,0.3532074962920572
662,0.19017735957888754,0.3532776213291049
663,0.19007417977729515,0.35325361279731105
664,0.18995242506108573,0.3534127884034592
665,0.18982365361941134,0.3533975258732316
666,0.18968941509124077,0.3536668299177655
667,0.18953570241180914,0.35340781174394614
668,0.18937137847497754,0.353429339309191
669,0.18924532789875959,0.35364058201997955
670,0.189122752306281,0.3538178640594839
671,0.18899261558050143,0.3537118664331563
672,0.188792937935214,0.3536133835867838
673,0.1886499584877898,0.3535941772470689
674,0.18853055493522522,0.35363084785107385
675,0.18840030067088365,0.35346726892435043
676,0.1882263260342282,0.35343210174368367
677,0.1880275455943636,0.35339258206615926
678,0.18788284115392237,0.3535804299670409
679,0.18778909349965092,0.3535860066551195
680,0.1876779513214716,0.3536994551252707
681,0.1875367681971754,0.35348626956649826
682,0.18740940883325719,0.35360484558180266
683,0.18727560596176338,0.35343235538221246
684,0.187155724919247,0.3534800146729661
685,0.1870585069418188,0.3535283159317663
686,0.18693574138079935,0.35361787891878066
687,0.18681659937670422,0.3535307106786175
688,0.18667799943437424,0.3535192655245001
689,0.18655370775128113,0.3534314394199381
690,0.18645339581503084,0.353337877297547
691,0.186361898884862,0.35342338783558197
692,0.18618836320707172,0.3534951668380229
693,0.18608963075525675,0.35320668292287727
694,0.18596802299098816,0.3530951310667218
695,0.18582923614048932,0.3529674395874298
696,0.18573671667266378,0.35327948867744546
697,0.18562489871789697,0.3533599362749238
698,0.1855371120500487,0.3534795079817385
699,0.18547437639228206,0.3533972880495274
700,0.18528467268620732,0.35351414011734
701,0.18518322462982828,0.35355183000258666
702,0.18510157678460878,0.3534094080229016
703,0.18494395333702116,0.353497408679625
704,0.18485355235703257,0.3534901474630701
705,0.18471702661407985,0.35335225489405997
706,0.18455818059795495,0.35337657744092493
707,0.18441587806414472,0.3533988211457898
708,0.18428832607090467,0.35343863657422425
709,0.18419336297683417,0.3534218243395995
710,0.18403261750911581,0.35320850564557005
711,0.18391354338617016,0.35329046153361776
712,0.18379674120339634,0.35319293646538635
713,0.1837286046223338,0.3532355491689827
714,0.18359909096495844,0.3531384407715546
715,0.18350686477174716,0.3531522272255229
716,0.1833448219179984,0.3530617193368128
717,0.18319876554025474,0.3533101185241194
718,0.18311638388600993,0.3532848669898777
719,0.1830385420234937,0.3532290939044997
720,0.18294443631806712,0.3534531294393189
721,0.18285257212913128,0.35354941070299345
722,0.18274490102742322,0.3537859328009432
723,0.18260428933193476,0.35360600809450016
724,0.18249154658019068,0.35372371670637914
725,0.18238843270749083,0.353737564623761
726,0.1823098717629491,0.3537570177568822
727,0.18221996916216932,0.3536735061230236
728,0.1821038743356162,0.35350691548423857
729,0.18197317781211353,0.35357421827417634
730,0.18186400717312307,0.35334629767684383
731,0.1817285743863104,0.3534094508520493
732,0.18161975870002112,0.35356959165529256
733,0.1815186507336179,0.3535930153404448
734,0.18142763547439725,0.35356919684158894
735,0.1812867463243151,0.35350893879053086
736,0.1810922857663591,0.3535280471369102
737,0.18096777384038676,0.3536613116436589
738,0.18086374048456283,0.3538721008607763
739,0.18074508071898296,0.35395218406383777
740,0.18060489166433513,0.35383558318558656
741,0.18046609746968506,0.35379093598807476
742,0.18030064153735986,0.354024628641962
743,0.1801736394044273,0.3540120706297275
744,0.18007388147881537,0.35394057687602093
745,0.179957759561866,0.35389650865226846
