0,0.6382465360736898,0.6407887821595715
1,0.6265803206512104,0.6303032106438349
2,0.6150810335352407,0.6198000123145464
3,0.6033812760125069,0.6095200099098254
4,0.5927977433697496,0.6003756267323807
5,0.5832559627072382,0.592417737866809
6,0.5745399445728622,0.5852909188315933
7,0.5664823531411232,0.5789974841267563
8,0.5580096760660828,0.5718992722336889
9,0.5508223233432831,0.5662357743207295
10,0.5432977457069197,0.5600533417049977
11,0.5359599461024191,0.554342994273465
12,0.5294243402300516,0.548535568769588
13,0.5234642598621435,0.5438796232039026
14,0.5183558106075794,0.5400699000750485
15,0.5128248526231971,0.536095393951549
16,0.5077271834783947,0.5323400481842285
17,0.5022578558183176,0.5283936157854112
18,0.4976790131375237,0.5247422248345601
19,0.4930491578104696,0.5209978576788943
20,0.48895971044925607,0.5183110631703071
21,0.4850105798389431,0.5155149741102223
22,0.48210075500778443,0.5130642167830064
23,0.4778414533830275,0.5099731704050844
24,0.47338958488919575,0.5077364950206517
25,0.46949100922945786,0.5051768738658308
26,0.4657244033384758,0.5027597075993743
27,0.4616127585233471,0.4998090907332761
28,0.45865530554158895,0.4983169032107196
29,0.4554653264662906,0.4961689246334057
30,0.45182557422948394,0.49342133227664875
31,0.44839686595303274,0.4913844571982453
32,0.44496249127074455,0.4897304118136397
33,0.4419053086930723,0.48780435324502797
34,0.4386143310912822,0.48534692938087104
35,0.4360291259749806,0.48310825657926454
36,0.4333882118729634,0.4814833901885574
37,0.43138880143200564,0.4803704779051701
38,0.4290005741018074,0.47922803178807644
39,0.42621426721736927,0.47737708090003145
40,0.4240364174902865,0.47577188209675836
41,0.4215881489187739,0.4737103321682071
42,0.41944213681653664,0.47233458974617226
43,0.4177330155767542,0.4713928017481752
44,0.41618474726911076,0.470154744925383
45,0.4133903375838347,0.46836460503034816
46,0.4112931106120403,0.4667562859459735
47,0.40945215577600874,0.4662016316476508
48,0.4078763116484923,0.46509781468021694
49,0.4059006186015559,0.46416333442983115
50,0.40429453098589613,0.4632550034215221
51,0.40264101137099145,0.4624798927440389
52,0.40118041933725157,0.4621498179375873
53,0.39981063716497617,0.46124810979841374
54,0.3980410910912396,0.46011026231985513
55,0.39652428621814706,0.4596459247353024
56,0.39518756062253235,0.45917211325315416
57,0.3935504009385384,0.45834237409570505
58,0.39159760332390364,0.4578874887500832
59,0.3904270324417831,0.4573306178922192
60,0.3894077229298535,0.4571655558434022
61,0.3879880966953963,0.4563806215517743
62,0.38637185308066996,0.4557719804133913
63,0.3851843225205194,0.4550973950997467
64,0.38351472593625324,0.4541287173932501
65,0.3821488556718223,0.4537038686143797
66,0.38090791042471667,0.4537257087115695
67,0.3794527040898382,0.45325470867371837
68,0.37807237523126125,0.4515499129623616
69,0.3768501458514778,0.45094175325277364
70,0.3754301480289146,0.44989407422458144
71,0.3741547091081916,0.44906492252099717
72,0.3730947038701861,0.44862248446697855
73,0.3720859479092154,0.4481698091321056
74,0.37124996369509133,0.4476813690158013
75,0.36995574718421487,0.44648594644125433
76,0.368804838056862,0.44613758580518953
77,0.36790310672208365,0.44620678248179263
78,0.36657881014888055,0.4451382442477925
79,0.3657634408729451,0.4447154346617218
80,0.3647376925148072,0.44443443780430214
81,0.3639647805599972,0.44377246395099995
82,0.363045795842564,0.44353726241013025
83,0.36189098289704674,0.44271909065906895
84,0.36054944017414076,0.44193780714996456
85,0.35953165725476205,0.44130153431070784
86,0.35864492350396043,0.4413918231478075
87,0.3575874675880648,0.4407008526173379
88,0.3567474497397985,0.4402775997532252
89,0.3559228596726825,0.4400109041356196
90,0.35499610125864905,0.4394259121521016
91,0.35426607194568094,0.43893547550465983
92,0.353255728905183,0.4384696332139237
93,0.352637508331138,0.4380480326657
94,0.3516340736932944,0.4372695483539025
95,0.35088409681711175,0.4368930181811306
96,0.35010517268886476,0.43648215473863844
97,0.34949687613455466,0.4364789703144174
98,0.34885799688733415,0.43631971613494147
99,0.3477916827648405,0.4357311378526511
100,0.34701622620189504,0.43513595470351346
101,0.34622664827663385,0.4346582234638249
102,0.345269422117988,0.4342923024039219
103,0.34447637739921927,0.43412855355734553
104,0.3438455410557227,0.43398034654904244
105,0.34328948538784876,0.4336079610491971
106,0.342581671455586,0.4332175074405102
107,0.3419500285599055,0.4331068111057876
108,0.34106637046214744,0.43269006892188155
109,0.3405068349371389,0.4323011596498117
110,0.33983028147536043,0.4321047011122942
111,0.33914635611140176,0.4316625128348553
112,0.3383305307734731,0.43116810419803475
113,0.3376773263716998,0.4305928134532689
114,0.3366279267001146,0.43002266208021006
115,0.335910840615573,0.42967950490482515
116,0.33531191290639084,0.42948692209967443
117,0.33443044618357043,0.4288795131611112
118,0.3336959511118944,0.4285672378970456
119,0.33296963755123093,0.4283988170156425
120,0.3324281014479892,0.42793020298586365
121,0.33170949812449696,0.4279035379810861
122,0.3310876750347123,0.42779022814257045
123,0.33049259213063525,0.42728201303745267
124,0.32988821432568544,0.42724215696284246
125,0.3293756011387512,0.427037796887705
126,0.3287826488806344,0.4266888023615986
127,0.3282367772805058,0.42650990395552735
128,0.3276903208851334,0.42641880669302246
129,0.32669582606955255,0.4261149608226883
130,0.3261138250903103,0.4259736926499636
131,0.32567023112360577,0.4256841041389892
132,0.32474852080387734,0.42566884851799863
133,0.3240153490901269,0.42505979920928433
134,0.3235133565423659,0.4248122470433692
135,0.32303073278207556,0.424579822383506
136,0.3224074644519855,0.424418819596672
137,0.32168496033891214,0.4238390863703733
138,0.32113687509457656,0.4235069376572053
139,0.32062910216388535,0.42308841606239783
140,0.3201025122333,0.42288107363148797
141,0.3195030079721743,0.422532814918145
142,0.318886331193929,0.42196551829096063
143,0.3184207265695866,0.42174732781174823
144,0.3180371187834112,0.4214225560082142
145,0.31757052089800375,0.4214615768272564
146,0.3169217185448917,0.4217129388703998
147,0.3163923482323706,0.4214678445464713
148,0.31590072760033977,0.4210721479273986
149,0.31518815122638316,0.4206743329983937
150,0.3146714333795895,0.42074814175371766
151,0.3136706910621224,0.4201870196504837
152,0.31322451387247713,0.4198383333045304
153,0.3123954865875172,0.4192891352116888
154,0.31180988244998914,0.4194021772270349
155,0.3111312573250288,0.41876544701585244
156,0.310422004109183,0.4179556854197216
157,0.30981564572503917,0.41729663505787956
158,0.3092973938799199,0.4169662770643893
159,0.3087404612781681,0.41633310898287856
160,0.3082676150380852,0.41636196114851387
161,0.3079663844982976,0.4162041037835685
162,0.3075322400357061,0.4156770912564141
163,0.30708475496512605,0.4152336719861337
164,0.3066773868810672,0.41469670322686275
165,0.3059629224198436,0.41400385108022275
166,0.30563734731893716,0.4137379927442549
167,0.3049214087793972,0.4131243868433648
168,0.30420361816397606,0.41287077225579333
169,0.30338014362854065,0.4130615116595182
170,0.30275040040712903,0.41265879028396046
171,0.3022896847912922,0.4125861401490505
172,0.3016743039842296,0.4128406717024555
173,0.3012860146894738,0.4124899012672599
174,0.3007602459811878,0.41218640361804254
175,0.3003485074591511,0.4120668200067152
176,0.2999129844652186,0.4116853505587619
177,0.2995443573257754,0.41152245502615736
178,0.2990826426909465,0.4111408554962649
179,0.2986474120931588,0.41076285331401713
180,0.29798962471405,0.4101331150297068
181,0.29744255830866895,0.41019482742483093
182,0.2969303647884146,0.4099680037044745
183,0.2963163702422027,0.40954542713216163
184,0.2958494402575788,0.40890276450447216
185,0.2955212598635037,0.40883910453762173
186,0.2951545882213072,0.4088910363971927
187,0.29465319653847427,0.40825746371656907
188,0.29438694285971345,0.40840855899196016
189,0.29392089478205274,0.40816897286316794
190,0.2932138587510646,0.40786845043023956
191,0.2928178525591841,0.40753511305264417
192,0.2924047101917055,0.4072217129049803
193,0.292089575639193,0.4069934804844089
194,0.2915955041096987,0.40665349374420895
195,0.2913158884576758,0.40652269256019663
196,0.290918620634763,0.40638113107993
197,0.29044177173396823,0.4062388864017031
198,0.289986537675763,0.40646265453538893
199,0.28964803032202835,0.40667336268289445
200,0.28922451351048684,0.4062375746348412
201,0.2887644364583244,0.4062012937220195
202,0.28843690772417035,0.40611442876044446
203,0.2881436034454318,0.40588724574253326
204,0.2877962146724441,0.40578118889507925
205,0.2872042005842031,0.405475009213562
206,0.2867419552139223,0.40542028042001466
207,0.28624763058108543,0.4051006982042937
208,0.2856680949211432,0.40495861782032766
209,0.2852622130609992,0.40513412958310313
210,0.2847057541548229,0.40491525446267573
211,0.2842216501498662,0.404729248426193
212,0.2837191699124418,0.4046947230145839
213,0.28324016658323364,0.40448530425758633
214,0.28269595943983156,0.40421726608828074
215,0.2820723174741044,0.404195721329625
216,0.2817717071448064,0.4039566651873692
217,0.2814998938618343,0.4032782885624021
218,0.2811290282877214,0.40303795038226276
219,0.2807484109959354,0.402866060711664
220,0.2804167582652232,0.40256379352366634
221,0.28006078634190024,0.4024160840596815
222,0.2796888685468392,0.40218685621624106
223,0.27926883689417625,0.4022809871694912
224,0.27893565937213477,0.40228199365156964
225,0.27868935734131073,0.4019560513005889
226,0.278352594549861,0.40193882285436144
227,0.27806884879487614,0.4016862288772091
228,0.27770151086400247,0.40179699589301443
229,0.2772959095905721,0.401534702316277
230,0.27707751920314305,0.40134355800381877
231,0.2767361157221467,0.4012287713668012
232,0.2763814871382099,0.40121273383356426
233,0.2760949531805677,0.4012694938313098
234,0.275772626513599,0.40124197953565727
235,0.27537306709677384,0.40113602802511816
236,0.27504981479708707,0.4011973839314225
237,0.2746416846098944,0.4011327223689837
238,0.27434819542226546,0.4007822463109727
239,0.27402876898660633,0.40060356983336093
240,0.2734953872405264,0.40012916285656863
241,0.2731175488387876,0.40061989417063354
242,0.2727920211822793,0.4004163280386383
243,0.2723788713590502,0.40025079568964184
244,0.27211281518616076,0.40037441402959223
245,0.2715780015345766,0.3999882140580809
246,0.2712773187576512,0.39993133245628665
247,0.27100748095067845,0.3998613094819422
248,0.27074050626545426,0.3996542244834577
249,0.27052998761866787,0.3996361027512085
250,0.27000093185825375,0.39984528646050277
251,0.2696274179840811,0.40008558710223857
252,0.26920615693090466,0.39984009222690625
253,0.2689335703099663,0.3995074282354039
254,0.26864469365740923,0.3993131169964644
255,0.26825414264011865,0.39919307745991167
256,0.26791270913467835,0.39906841843737484
257,0.26747927713182545,0.3987620543141162
258,0.26720314292317665,0.39892900875084353
259,0.2667872701632339,0.3987187597153405
260,0.26641198253216475,0.3986565139268704
261,0.26606660853050196,0.3983025552156572
262,0.26576411058895333,0.39825115032025454
263,0.26539734415920463,0.3982226820588781
264,0.2650862223889207,0.3980091463033126
265,0.2647734802073996,0.3981714685640473
266,0.26447691346266106,0.3981830288412888
267,0.2641272852939541,0.39781719052585246
268,0.26387047491159693,0.39785262168312235
269,0.26368515876770765,0.3979078342052212
270,0.26345076518296506,0.39766477246819965
271,0.2631684433587118,0.3977705123593113
272,0.2627937867981462,0.39753445595882864
273,0.2625543748477497,0.39741562882361514
274,0.26224168490978145,0.3970481540181282
275,0.26199877578569436,0.3967821452415688
276,0.2616010140455292,0.39664066313735424
277,0.2613391596349407,0.39669729533470405
278,0.2610158249922318,0.3964162733675085
279,0.2606969585691087,0.39619631291884955
280,0.26048579578234476,0.395998017080266
281,0.2602053609816493,0.39589763498578584
282,0.25996918594428964,0.39572518806260704
283,0.2596834183726218,0.3956848548616462
284,0.2594743427041201,0.3954178781162979
285,0.2591159975030264,0.39563922614698943
286,0.2588982673339371,0.39546115339677546
287,0.25838925749079,0.3951917605262435
288,0.25810551781697477,0.3948922880448255
289,0.2578304279126013,0.394733251065575
290,0.2575423194620115,0.3945986575636044
291,0.25718819894992845,0.394650092906167
292,0.25693568885687046,0.39461189053261586
293,0.25668824547250585,0.39442778393615385
294,0.25640836393324246,0.39476488526796344
295,0.25610298101488427,0.394529367493117
296,0.25589812225123026,0.3945017049729481
297,0.2555910181875769,0.39458574963060167
298,0.2553464929360779,0.3945459104679627
299,0.25516129221137934,0.39479573236224114
300,0.25474747799603037,0.3944378226909818
301,0.25452144205526644,0.39419170073282767
302,0.2541504764599278,0.39416645123031635
303,0.2540109789511275,0.3940742832313668
304,0.2537924408737374,0.3943165910979595
305,0.25350227980493384,0.3939372224129744
306,0.25330325347395277,0.39403421214159506
307,0.25313383150287416,0.39371725695968723
308,0.2527887373251169,0.39389553907215125
309,0.25251948377688666,0.393988130162283
310,0.25221185352545683,0.39402645057014113
311,0.2519118851786831,0.3937435438174727
312,0.25158916296704004,0.3935616950287403
313,0.2513365091324791,0.39354237378870255
314,0.2511145845396548,0.39334404392435707
315,0.2509372416879276,0.39343353990050933
316,0.25057799539186837,0.39309505990708354
317,0.2503199657507634,0.39287016579972867
318,0.250111514682252,0.39305350238907233
319,0.24973218355371174,0.39277885242805366
320,0.2493946851802802,0.39249944878175036
321,0.24918058305145926,0.3924396898340036
322,0.24893856722992747,0.39232895752103963
323,0.24867648932210829,0.39234404547935464
324,0.24838140773369793,0.39230937929110243
325,0.24822067385439708,0.3921919706005339
326,0.24794556622553696,0.39190107421141246
327,0.24762260677620862,0.3918177957560899
328,0.247313779339213,0.39161677286742613
329,0.2469729201932431,0.39171142624070904
330,0.246775774795726,0.39197138416183125
331,0.24656090099303465,0.3918861566683923
332,0.24636212115000244,0.39215174669805464
333,0.24618804703623906,0.39213161289900633
334,0.2458432334259314,0.391806120067701
335,0.24559932950943927,0.3916033423110945
336,0.2453117077117611,0.3915282075660575
337,0.24507497437753742,0.39159127490016105
338,0.24489545163349155,0.3915744069838172
339,0.2445785280008966,0.39140096067423374
340,0.24428839116765197,0.3913686340155442
341,0.24402100263903728,0.39081989844963666
342,0.24372949977609704,0.3906977298732524
343,0.24347553279393894,0.39067768717226997
344,0.24329355570071376,0.3907551437726611
345,0.24300117013113587,0.3905205470773177
346,0.24278055989652964,0.39062946644093816
347,0.24252382609378983,0.3900445603514996
348,0.24236574051713367,0.3898456808576857
349,0.2421439947629854,0.3898304753048822
350,0.24194579305112,0.38966562957788403
351,0.2416036377129537,0.389516572502932
352,0.24134624011349548,0.38972081177662193
353,0.24103653297425764,0.38978844932250944
354,0.2407940977255851,0.3900281804956862
355,0.2404803797099695,0.38983308748651224
356,0.2402562388841975,0.389339758090854
357,0.23991573854086626,0.3889609981137751
358,0.23971964880616553,0.38874832621478256
359,0.23938563997135823,0.3888926343496664
360,0.23911420305010508,0.38898613246873487
361,0.23895097974667012,0.38862502278246175
362,0.23869033937072645,0.3888810929191549
363,0.23839887557735903,0.3885194773113367
364,0.23820970423278104,0.3885930921182422
365,0.23806382740816132,0.38865228212486763
366,0.2378287933848822,0.3883731178036078
367,0.23754910423512443,0.3884087492274731
368,0.23729996453180904,0.38840606896552293
369,0.23713320494513612,0.38838024924452125
370,0.23688250554386653,0.38846300604500184
371,0.23666753392891715,0.38831352599060664
372,0.2364795296045809,0.3883898701441492
373,0.23614888161342903,0.38849743575509443
374,0.2359744194207431,0.38859781636103363
375,0.23573080149346023,0.3885832554525371
376,0.23544829138590329,0.3884162510017693
377,0.23519910595136906,0.3886569375772793
378,0.2348645029164801,0.3884548596564255
379,0.23467867450513874,0.3882880952225478
380,0.23451319649356914,0.3882809620260519
381,0.23438131200206772,0.3883793702839832
382,0.23416183093715234,0.38859862376897386
383,0.23395620838201922,0.3883688031150871
384,0.233639673875777,0.38850961575293463
385,0.2333844586974933,0.38819550177703627
386,0.23313432517473173,0.38808424145192
387,0.23291326380868896,0.3881552346911179
388,0.23273794201114434,0.38821477562791606
389,0.23249377268138177,0.3878854726767069
390,0.23221972009630273,0.38769057597059275
391,0.23194049511141995,0.3879505692110899
392,0.23174609461544585,0.38782787220537795
393,0.2313844656812762,0.3880500198318771
394,0.23120575181608974,0.38836072486491546
395,0.23101605619589458,0.38846619520877856
396,0.23072322604688095,0.3883386391510864
397,0.2304711015449104,0.38821217636617167
398,0.23031703451742644,0.38812394521615606
399,0.23014760569935433,0.38787472656515504
400,0.22980609881616423,0.3879955074526901
401,0.22948913211310062,0.3878269483378141
402,0.2293483711728157,0.3878660398512295
403,0.2291547518162039,0.38795700578568365
404,0.22900580887071825,0.38795227874400207
405,0.2287963680045208,0.3879763505438315
406,0.22857681923254045,0.3878396485265675
407,0.2284288819439051,0.3878455823939589
408,0.2281855197381248,0.38766704523127654
409,0.2280384601199258,0.3880034515685372
410,0.2278496475524446,0.3878662860255795
411,0.22767282222664614,0.3873978101709428
412,0.22748525511059087,0.38722176647087436
413,0.22727980878523657,0.3872075207781511
414,0.22708550935379468,0.3870358465091241
415,0.2267586627446175,0.38686690452172917
416,0.22655650774580005,0.38681021638620194
417,0.22630907736160796,0.3866626124552906
418,0.22600348126439257,0.38675565246431587
419,0.22569772365271967,0.3867599780377922
420,0.22552181545153488,0.3868208712387247
421,0.22535309547709462,0.3869244633358165
422,0.22516872789860318,0.3870312970666457
423,0.22501792188406636,0.38699964346203175
424,0.22482366277827032,0.3871516344361706
425,0.22465434265887366,0.3870218616633885
426,0.22439055850307382,0.3871444815190915
427,0.22422612569322073,0.38717384468399807
428,0.2240730126393233,0.38735787716992476
429,0.2239198636130299,0.38750046346952893
430,0.22365010062153465,0.3874092020972309
431,0.223494394608615,0.3873781585952919
432,0.22326859694247278,0.3871465151331852
433,0.22308578746957214,0.387070446401804
434,0.22296758478601197,0.3868664356301013
435,0.22282959083719275,0.3869448464116954
436,0.22268721553646698,0.38691076231420424
437,0.222423327905233,0.3867297353372854
438,0.22225628688428875,0.386651543535619
439,0.22210007320818456,0.38672785993899766
440,0.2219421823353694,0.3870046279415533
441,0.22176010699782933,0.3873881162012569
442,0.22162022463763895,0.38725807916606336
443,0.22141439401269025,0.3870251820918397
444,0.22119234500146004,0.3871062599178148
445,0.22100280636106404,0.38713238776494585
446,0.2207459071279052,0.3870037073707828
447,0.22054604439856595,0.3868929097057521
448,0.22025433220167454,0.38705353202048715
449,0.2200978753944633,0.3870175736504666
450,0.2199553571019948,0.38682458179485524
451,0.21985581921918962,0.38660945777299405
452,0.21964743065767428,0.38653563587110684
453,0.2194565800728856,0.38678178443311545
454,0.21934426726691278,0.3867537865538768
455,0.21918467977409184,0.38705455585029447
456,0.21901723376015275,0.3871707775085883
457,0.21884108337352387,0.38696062450772684
458,0.218734020059255,0.3872225312391802
459,0.2185605353682368,0.3874204506913996
460,0.21838500059995467,0.3873508031335787
461,0.21823725210561337,0.3874115826308296
462,0.218047940164931,0.3873312031379143
463,0.21792637575430682,0.3873054215237331
464,0.21773232803325496,0.38748742126326624
465,0.2175585554055712,0.3875165624711633
466,0.21743566863539898,0.3875095008441245
467,0.217200769523476,0.3877353300266637
468,0.2170411113111936,0.38758765777337206
469,0.2168600644240884,0.38758446907451827
470,0.21671173969206028,0.38733092594232676
471,0.21650597513309908,0.3868624238976884
472,0.21636978794536632,0.38678794199587035
473,0.21622400968802707,0.3869469382851355
474,0.21607287870807426,0.38654116931876925
475,0.21595395716334842,0.3866150898342789
476,0.21578571388106266,0.3866259852503269
477,0.21560014160724783,0.38641876325082136
478,0.21545632959207722,0.38648737094920804
479,0.21526596482922924,0.3864790352087726
480,0.2151128825203629,0.38646162372418674
481,0.2148804141348794,0.3864580628101076
482,0.21471605334404345,0.3862672735599508
483,0.2145749688178164,0.38638527564858
484,0.21445264624359228,0.386499474353027
485,0.21433293277276136,0.38660632984650695
486,0.2141957526933968,0.3865108397347758
487,0.21404440152295626,0.3866012086369438
488,0.21381297032474983,0.3863786231023978
489,0.21368602358672337,0.38625598321427607
490,0.21355005749667463,0.3862326310369891
491,0.2134480960011047,0.3863412656007388
492,0.2132879223080242,0.38616681846444956
493,0.2131545435289313,0.38630583613493674
494,0.21295755845593042,0.3862139350961329
495,0.2126590992492261,0.3861322035521011
496,0.21253597012728018,0.3857788897812786
497,0.2123030770086653,0.3858102592773761
498,0.2121758600712308,0.3859653454249327
499,0.21207092443810116,0.3859603167006974
500,0.21190890373694488,0.3858689899197248
501,0.21178965006632217,0.38582653890944224
502,0.21164157720742857,0.3859785467908761
503,0.21147646418852772,0.38631472809079753
504,0.211339407242523,0.3860249384546339
505,0.21118451706953276,0.38587852481697993
506,0.21099899946222048,0.38601013440990734
507,0.21090774146686786,0.38573566971267487
508,0.2107784312316656,0.38579540825906716
509,0.21055544935031864,0.3858975215814269
510,0.21042457444209198,0.3858328319417291
511,0.2101875476562615,0.3861096391755099
512,0.21001967767367624,0.38610563315963076
513,0.20981681218974937,0.38621278445681373
514,0.20966591212675756,0.38616030549482355
515,0.20951610101368626,0.3861184047219288
516,0.20923803950353245,0.3863198008837698
517,0.2090508095687163,0.38617569336866525
518,0.2089757377384968,0.3863730458153833
519,0.2087875008338729,0.3859777906731147
520,0.2086033750010292,0.3858523319725658
521,0.2084810582648196,0.38570334423942804
522,0.2082757301874745,0.38578683648016754
523,0.20813172557960224,0.3857949370348257
524,0.2079719955991357,0.38573101358429135
525,0.20784512499085203,0.3857286150322835
526,0.20764259330468818,0.38567698255834026
527,0.20744893446798798,0.3858077896747346
528,0.20724300703726758,0.38587136610571576
529,0.20706162476688297,0.3859232470565958
530,0.20686380021598008,0.38609694838280206
531,0.2067406645746377,0.3860838350529308
532,0.20648992601909177,0.3859605358705076
533,0.20629062674438767,0.38620370777592605
534,0.20616379097590476,0.3858296546567454
535,0.2060186831165374,0.38587087379861035
536,0.2059002738426487,0.38576907704150637
537,0.20569087011093865,0.38546740529769796
538,0.20546491401505262,0.38557218527138315
539,0.2053284793890921,0.385423978967725
540,0.2051704283014213,0.3854232132997232
541,0.20500702959703965,0.3852741947827317
542,0.20482817762810762,0.3854615394893372
543,0.20466758062502152,0.38542094148339084
544,0.20451826141941495,0.3851545551552065
545,0.20428664662769128,0.38502094877886744
546,0.20410822055592076,0.3849574750643489
547,0.2039241291551011,0.38489577130598646
548,0.20369797248543225,0.38484466909817333
549,0.20353790620855072,0.3847872667652299
550,0.20341910742405872,0.3846720259791205
551,0.2031674171517925,0.3846768213145092
552,0.20302968742276356,0.3846601348945745
553,0.20289074824276995,0.3847156863984008
554,0.2027307325999064,0.38446250564581663
555,0.20262652004035836,0.3846725528181361
556,0.20243364013819184,0.3846420093123746
557,0.20233308722916474,0.3845793130283587
558,0.20223100239586958,0.384474894494344
559,0.20209683350544888,0.3843428721192665
560,0.20189962649445337,0.38450825383225123
561,0.20176176253878916,0.3845998162702002
562,0.2015674830309541,0.38464399964359625
563,0.20145064341262248,0.38494211880194346
564,0.20127446488659775,0.3849294649789762
565,0.20111539649583612,0.3849626399838045
566,0.2009113072751105,0.38462533482476424
567,0.20078017014521807,0.3845495174612592
568,0.20069885971271434,0.3846770396023441
569,0.20058462555274234,0.38480381495255317
570,0.20044806424358552,0.3848099241762454
571,0.20033614630115132,0.38493165710323685
572,0.20016195932142558,0.3848792630632705
573,0.20002849067958242,0.384658462902404
574,0.19990199380162516,0.3844992862762066
575,0.19976830387627348,0.38464005289776015
576,0.19965858443822287,0.38486260227495006
577,0.19949968324017375,0.38454378607598466
578,0.19930861479512713,0.384554513139664
579,0.19915483535081605,0.3842957764729832
580,0.19906868030335714,0.3844318033040237
581,0.19893051427350514,0.3845395236399766
582,0.1988190107642159,0.3843581824805012
583,0.19868276548245256,0.38425838599342316
584,0.19856653001915897,0.3842057783778582
585,0.19843794395026676,0.38424620681430505
586,0.19828854675794994,0.3841781579671171
587,0.19815110134092492,0.3839546589266477
588,0.19802668908773238,0.38418793098200665
589,0.19787844650443923,0.3841669613757711
590,0.19768749260506832,0.3836763455109409
591,0.19755696784788013,0.3834492312760873
592,0.19745575252927097,0.3838078379849475
593,0.19731924888682695,0.38371637249598034
594,0.19720216860520542,0.38389520246867065
595,0.19706677839630427,0.38390531490079915
596,0.19696374508697687,0.3838213455687813
597,0.19677465930496774,0.38375302439619025
598,0.19664527981783558,0.3836455073981791
599,0.19644400203901058,0.3836805489302877
600,0.19625722484262706,0.3836306119678556
601,0.19610728325242938,0.3836936894537198
602,0.19594546813462294,0.38357380707643635
603,0.19573566940004827,0.3830050767453394
604,0.1955932527750375,0.38293756230465525
605,0.19547477743908492,0.38293733003725994
606,0.1953648595363137,0.38313239608244254
607,0.1952644750056936,0.3829406434423354
608,0.19514069530944642,0.3829824979006988
609,0.19502350426933987,0.38281695042349434
610,0.19484306919774247,0.38272036900321743
611,0.19472464233781614,0.38266223579820885
612,0.19458256167246835,0.3824946606415693
613,0.1944648735240895,0.3825139158482769
614,0.19431945383632748,0.3824744036326546
615,0.19415211227593587,0.3825845333554853
616,0.1940426716988333,0.38270533893845116
617,0.19390829969472625,0.3831186387201832
618,0.19368491975045038,0.3832256317300004
619,0.19351600289715976,0.3832187370963106
620,0.19336775518179114,0.38310697372926716
621,0.19323808231313833,0.3828813380568045
622,0.19306427918476338,0.3828164138272503
623,0.19298579889868353,0.3828077886831857
624,0.19284058898913115,0.3825451275388524
625,0.19268295067409447,0.38249261153451597
626,0.19252156601121864,0.38235488308834337
627,0.19236272223831205,0.382458905857396
628,0.19225977199796382,0.38222219466478374
629,0.19212222385995778,0.3822241759191791
630,0.19193665499146806,0.381987029293207
631,0.19178671626886315,0.3820510492724097
632,0.19168622370617847,0.3820043310683504
633,0.19155358333165415,0.38217178817419284
634,0.191346007982707,0.38246323295565465
635,0.191210092601363,0.38248867944648873
636,0.19103751818959605,0.38242190953187327
637,0.190883969531598,0.38232284436578545
638,0.19072065652881895,0.38262681655640407
639,0.19056472013263928,0.38292795435229393
640,0.19045947074139946,0.38281678748345366
641,0.1903641592563837,0.38306675666255774
642,0.19024929640282098,0.3830532827688997
643,0.19014966529670022,0.3830868690951489
644,0.19000268754350652,0.3829782812760889
645,0.18986446915350166,0.3827473224409222
646,0.18975381388603713,0.3826228521666937
647,0.18960318397994008,0.3823811462862529
648,0.18948242177643565,0.38236422668532105
649,0.18938997178410785,0.38238060115809486
650,0.18919725081761324,0.3824700653318825
651,0.18910431144296844,0.38249969932632905
652,0.18898530021851648,0.38259416409073116
653,0.18885734655662678,0.38225483060686455
654,0.18872670992077537,0.38218436018672347
655,0.18865718901440925,0.3822881995491589
656,0.1885465625176698,0.3822721434447862
657,0.1883770056260184,0.3822709751690996
658,0.18827664423716717,0.3822497107946544
659,0.18809954788402092,0.3821403190013524
660,0.18800540394628554,0.3821407299894637
661,0.18787057831233622,0.3819169047304964
662,0.18774267824539265,0.3818602553381359
663,0.1876220684903217,0.3820218067767835
664,0.18747967143682528,0.3820393705256574
665,0.18734463830716674,0.38219755229395697
666,0.18721822991808657,0.38204533036437177
667,0.18713782986063124,0.38201837579118697
668,0.18695838137363552,0.3817832356011918
669,0.1868144881602089,0.38198371939375864
670,0.18667479649548582,0.38189079197047104
671,0.18655632284520124,0.38141766797334503
672,0.18642017857878673,0.38122404728271364
673,0.1862204111189862,0.38110838623630794
674,0.1861480766758284,0.3810579989880868
675,0.18602159732861687,0.3810504987889046
676,0.1859061672350362,0.38110398438366094
677,0.18576229404163674,0.3808316805782796
678,0.18558866602021593,0.3807592339575341
679,0.1854911695057208,0.3807060466076953
680,0.18537312892814983,0.3806967770551079
681,0.18523365780576848,0.3806634214022502
682,0.1851570377588828,0.380761037336086
683,0.18507031468170967,0.38092562793004603
684,0.18493211197423037,0.38082533304411703
685,0.18479945015968427,0.38072823075966244
686,0.18467057803313533,0.38065914626934233
687,0.18454259822536603,0.3807133723943899
688,0.18444131724166063,0.3805799955316577
689,0.18433056381679264,0.3804997628280646
690,0.18420970467547604,0.38036875235539247
691,0.18412292442452424,0.3802887835365377
692,0.18394622338781466,0.3801716542247133
693,0.18385700872596925,0.38011701448950236
694,0.18377756039578175,0.37999413098779855
695,0.18370065774824043,0.38015824479782406
696,0.18356923447206425,0.38041873449675273
697,0.18347620493806094,0.3803459738560137
698,0.1833244991389003,0.38038640223154563
699,0.1831362528968552,0.3802674686682389
700,0.18292669100178255,0.38025712202484996
701,0.18281614188961257,0.3800394911022811
702,0.18264032732869057,0.37978928609188534
703,0.1825579883339757,0.3797392680202158
704,0.18240066203085015,0.3800615468013236
705,0.1822763021558513,0.3800090736714211
706,0.18215209390813172,0.37999763566337086
707,0.18199126855124503,0.3797696434136999
708,0.181838216013797,0.37991903292404805
709,0.1817399991218828,0.3799864701946644
710,0.1816312537252369,0.3800026360129712
711,0.18147513443208552,0.37994057743682874
712,0.18137766698598543,0.3800175859634449
713,0.18127902818204192,0.3801163336784253
714,0.1811814181031002,0.38015136903369195
715,0.18103514229703838,0.3803779882945324
716,0.18090653526149436,0.3804764247628743
717,0.18080289263665744,0.38041410023648287
718,0.1806448711312185,0.3802602206904812
719,0.1805426960001928,0.38023856692992
720,0.1804394459393072,0.38037678661010965
721,0.18030185588751552,0.38010844161659413
722,0.18012242476149704,0.37986808137999684
723,0.17994033329931167,0.37993833937675564
724,0.17988599012244721,0.37980683018742856
725,0.17977840152288216,0.37993628011357305
726,0.17968660041373308,0.3801808262668549
727,0.17954798342049744,0.3802401531399346
728,0.17944124846119835,0.380314196513665
729,0.17933708422664132,0.3804558890516797
730,0.17923458149749927,0.38048988309576637
731,0.1791229293981536,0.3801659923550145
732,0.17901696588301005,0.37997648617460433
733,0.1789330247674037,0.38014827807694546
734,0.17884439821073778,0.38026225243774575
735,0.17873260966260282,0.3802543057712833
736,0.17864152151087317,0.3804753351307215
737,0.1784973106525171,0.37992039565011726
738,0.1783614840484343,0.3799557592135871
739,0.17821079827086073,0.3797951134756216
740,0.17805731791973745,0.3797911036297892
741,0.1778842782824636,0.37980346725378666
742,0.17774872341129067,0.3798590341496629
743,0.1776235624191309,0.3800136251903624
744,0.17751342172188306,0.3799948504774971
745,0.1773967982681401,0.3798734261910899
746,0.17730557247576428,0.37988026432790717
747,0.17715049025167443,0.37973931122260624
748,0.17704833160600303,0.37980148788474116
749,0.1769287419464212,0.3797311158802795
750,0.17679932463609563,0.3797657093892527
751,0.1767071110066379,0.37977786813040576
752,0.17664777416996352,0.37964487408487674
753,0.1765239945617433,0.3796541035121423
754,0.17644072497043398,0.379740162761306
755,0.17631424761837736,0.37969878915852145
756,0.17622914637206677,0.379665565707137
757,0.1760723275344459,0.37996549558626186
758,0.1759956263634447,0.37990163263489973
759,0.17591187382205725,0.37964895796297804
760,0.17581107161938897,0.37962368999073287
761,0.1756699426400113,0.37944963698251516
762,0.17551677789971123,0.3793416153684472
763,0.17542851793454756,0.3795232154463662
764,0.1753470962552407,0.3796046312788443
765,0.17526890352083732,0.37984216476102206
766,0.17518828477140688,0.37976905944595707
767,0.17509953783800544,0.3797465110449076
768,0.17494855324038774,0.37990725748289556
769,0.17486328283169772,0.3800467318422607
770,0.17473343395111782,0.3796680063819862
771,0.1746376011008372,0.3798061609808732
772,0.1745384245048284,0.37986137136654785
773,0.17441739323451114,0.379801120145968
774,0.17432615815942132,0.37972406113611207
775,0.1742473347844325,0.3798373137701876
776,0.17415924488136666,0.37995520130204835
777,0.17406634668684942,0.3801391248677202
778,0.17398136953957194,0.38004222106299046
779,0.17388185201014553,0.38000446538542776
780,0.17375221243822117,0.37982316116668136
781,0.1736644974906507,0.37967092930604474
782,0.1735586624063719,0.379617289246677
783,0.17346088189239095,0.3798992527663512
784,0.17337167257274863,0.37968346961681265
785,0.17326638124640498,0.3796277863282578
786,0.17309472515848642,0.37959044370982387
787,0.17298664232079602,0.379536011334821
788,0.17285570584547402,0.3796566535019632
789,0.17276310669506886,0.3799283993004954
790,0.17269704444378534,0.3798428729808622
791,0.17259020932748115,0.37996069568055646
792,0.17247866526289277,0.3799998128282627
793,0.17237216523740645,0.37999630110288735
794,0.17226940284652018,0.3801361938924531
795,0.1721557703335869,0.3802078077090898
796,0.17200522434637316,0.38020339276402626
797,0.17193842359175418,0.38014245552690623
798,0.17184451463809972,0.38041045163803877
799,0.17171602031487476,0.38046388139835774
800,0.17161369557491235,0.3805392768793202
801,0.1714975233449719,0.3803623905874263
802,0.17141818171665857,0.3803001106900053
803,0.1712702302544578,0.3803573858213043
804,0.17117762996690297,0.38058357281254973
805,0.17107177048509006,0.38056892566909584
806,0.17093833899564437,0.38063756408309907
807,0.1708543585564625,0.38031936723395077
808,0.17076376518337547,0.38009178540089766
809,0.17067130852805537,0.3801938631303188
810,0.17057745399911775,0.3802549043712999
811,0.17050908160524983,0.38040332475750477
812,0.17044089344051358,0.38059475611138255
