0,0.44722768664360046,0.7284572124481201
1,0.3234104812145233,0.42120611667633057
2,0.316657692193985,0.3912278413772583
3,0.3130103051662445,0.37930193543434143
4,0.3111831843852997,0.38103899359703064
5,0.30829352140426636,0.38081231713294983
6,0.3080903887748718,0.3802233636379242
7,0.30777764320373535,0.3822093904018402
8,0.30557528138160706,0.38113096356391907
9,0.3065672814846039,0.3783223032951355
10,0.3057549297809601,0.37692779302597046
11,0.30506086349487305,0.37600812315940857
12,0.30489054322242737,0.37487486004829407
13,0.30445241928100586,0.3757076859474182
14,0.3037061393260956,0.3761732578277588
15,0.3032025396823883,0.3760927617549896
16,0.30299749970436096,0.37512314319610596
17,0.30303147435188293,0.37524232268333435
18,0.30354127287864685,0.37490054965019226
19,0.3036312162876129,0.3750719726085663
20,0.30362141132354736,0.3746880292892456
21,0.3038071393966675,0.37463298439979553
22,0.30394765734672546,0.373464435338974
23,0.30367788672447205,0.37275412678718567
24,0.3038219213485718,0.3724859356880188
25,0.30355244874954224,0.373557448387146
26,0.3035816550254822,0.3733275234699249
27,0.3036322295665741,0.3734503984451294
28,0.3040160834789276,0.37383323907852173
29,0.30362415313720703,0.373357355594635
30,0.3035825192928314,0.3725903332233429
31,0.30342498421669006,0.3730361759662628
32,0.3032309114933014,0.3734675645828247
33,0.30326706171035767,0.37306106090545654
34,0.3025912940502167,0.37288615107536316
35,0.30254581570625305,0.37327736616134644
36,0.30236688256263733,0.3730165958404541
37,0.30250459909439087,0.3730824291706085
38,0.30262380838394165,0.3737136721611023
39,0.302726149559021,0.37364518642425537
40,0.302982360124588,0.37325504422187805
41,0.3029249906539917,0.3725111484527588
42,0.3028513193130493,0.3728475868701935
43,0.30275747179985046,0.37320882081985474
44,0.30281922221183777,0.37358665466308594
45,0.3027525842189789,0.373478502035141
46,0.3028935492038727,0.3735021650791168
47,0.30285945534706116,0.37286871671676636
48,0.302783727645874,0.3724345564842224
49,0.3028562366962433,0.3725108206272125
50,0.3027387261390686,0.3722849488258362
51,0.30269360542297363,0.37255245447158813
52,0.3025166392326355,0.37251749634742737
53,0.30269142985343933,0.3722381889820099
54,0.30267828702926636,0.37235918641090393
55,0.30275875329971313,0.37252944707870483
56,0.3027656674385071,0.3723561763763428
57,0.3026866614818573,0.3727303743362427
58,0.30272579193115234,0.3723745346069336
59,0.30254966020584106,0.37248891592025757
60,0.30244457721710205,0.3728252351284027
61,0.3024240732192993,0.37298357486724854
62,0.3026474714279175,0.3725406527519226
63,0.3026607930660248,0.3723752498626709
64,0.30276626348495483,0.3727512061595917
65,0.30258119106292725,0.3730042278766632
66,0.3026919364929199,0.3730444312095642
67,0.3027722239494324,0.37284696102142334
68,0.3028230667114258,0.37260422110557556
69,0.30270203948020935,0.3725118339061737
70,0.30256402492523193,0.3728640377521515
71,0.30254316329956055,0.37274229526519775
72,0.3026946187019348,0.3726983070373535
73,0.30268043279647827,0.37240657210350037
74,0.3026847243309021,0.3723353445529938
75,0.302644282579422,0.37191417813301086
76,0.3026416599750519,0.3719925880432129
77,0.3026096820831299,0.3718481957912445
78,0.30257052183151245,0.37177857756614685
79,0.30250248312950134,0.37192392349243164
80,0.30248165130615234,0.3720977306365967
81,0.30243852734565735,0.37183165550231934
82,0.3025110960006714,0.3719525635242462
83,0.3025004267692566,0.37164610624313354
84,0.30253830552101135,0.3717306852340698
85,0.30241385102272034,0.3716987073421478
86,0.30251699686050415,0.37171095609664917
87,0.3025318384170532,0.3714780807495117
88,0.3024376332759857,0.37172579765319824
89,0.30243122577667236,0.37181082367897034
90,0.3024122714996338,0.3719502091407776
91,0.3023932874202728,0.37209630012512207
92,0.3024745285511017,0.3718045651912689
93,0.3023858964443207,0.3719804286956787
94,0.30250224471092224,0.3720299005508423
95,0.3024968206882477,0.37177205085754395
96,0.3024965822696686,0.37173157930374146
97,0.30246981978416443,0.3716626763343811
98,0.3024582862854004,0.3718229830265045
99,0.3024483621120453,0.3718302249908447
100,0.3024224638938904,0.37091219425201416
101,0.30244630575180054,0.3708667755126953
102,0.3024018704891205,0.3708902597427368
103,0.30232781171798706,0.3708573281764984
104,0.302445650100708,0.37076547741889954
105,0.30247142910957336,0.37082457542419434
106,0.30242836475372314,0.37074965238571167
107,0.3024410903453827,0.3704437017440796
108,0.30247989296913147,0.3705328106880188
109,0.3024943470954895,0.3706904947757721
110,0.30241239070892334,0.37069955468177795
111,0.3023875653743744,0.3706633746623993
112,0.3024429976940155,0.3706166744232178
113,0.30244919657707214,0.3705308437347412
114,0.30249184370040894,0.37052392959594727
115,0.30249303579330444,0.37038880586624146
116,0.30246827006340027,0.3705767095088959
117,0.3023737967014313,0.37068143486976624
118,0.3023425340652466,0.3707285523414612
119,0.3022731840610504,0.37070968747138977
120,0.302151620388031,0.3706605136394501
121,0.3022264838218689,0.3706263601779938
122,0.3022572994232178,0.3708060383796692
123,0.3022526502609253,0.3709053099155426
124,0.30226194858551025,0.37089353799819946
125,0.30225422978401184,0.37099844217300415
126,0.30219289660453796,0.3710677921772003
127,0.3021625578403473,0.3708707094192505
128,0.3022496998310089,0.3708789348602295
129,0.3022613227367401,0.3708410859107971
130,0.3023354411125183,0.3708273768424988
131,0.3022577166557312,0.3708895146846771
132,0.30222317576408386,0.37095874547958374
133,0.30225691199302673,0.3709355890750885
134,0.30229926109313965,0.37089040875434875
135,0.3022488057613373,0.37084031105041504
136,0.3022037744522095,0.3707473576068878
137,0.302158385515213,0.3708224594593048
138,0.30218809843063354,0.3709239065647125
139,0.30214065313339233,0.37081480026245117
140,0.30211177468299866,0.37073636054992676
141,0.3021017909049988,0.37070852518081665
142,0.3020901679992676,0.37057411670684814
143,0.3020438849925995,0.37070992588996887
144,0.3020508289337158,0.3706396818161011
145,0.30208712816238403,0.37055203318595886
146,0.302102267742157,0.3705461025238037
147,0.30207040905952454,0.3705463409423828
148,0.3020614683628082,0.3704409897327423
149,0.30201008915901184,0.37045466899871826
150,0.30196523666381836,0.37045860290527344
151,0.30193468928337097,0.37032389640808105
152,0.3019384443759918,0.37027427554130554
153,0.3019319474697113,0.3702809810638428
154,0.3019181191921234,0.3702656924724579
155,0.30198609828948975,0.3702291250228882
156,0.3019953668117523,0.3701966106891632
157,0.3020678460597992,0.3701973855495453
158,0.3020707666873932,0.37021809816360474
159,0.3021303117275238,0.3702619671821594
160,0.3021353781223297,0.37016430497169495
161,0.30214664340019226,0.36999309062957764
162,0.3021341562271118,0.3698539137840271
163,0.30209648609161377,0.3696765899658203
164,0.3020533323287964,0.3697144687175751
165,0.3020995259284973,0.3696853518486023
166,0.3021171987056732,0.3697563111782074
167,0.30214449763298035,0.3697573244571686
168,0.302084356546402,0.3697282373905182
169,0.3020389676094055,0.3698643147945404
170,0.30204591155052185,0.3698703348636627
171,0.3020574450492859,0.36994367837905884
172,0.3021317720413208,0.36992350220680237
173,0.30212780833244324,0.36997315287590027
174,0.30216333270072937,0.3699091970920563
175,0.30212992429733276,0.3699386715888977
176,0.3021182119846344,0.36974436044692993
177,0.302101731300354,0.36969202756881714
178,0.3021184802055359,0.36963459849357605
179,0.3020743727684021,0.3695884048938751
180,0.30205750465393066,0.36958256363868713
181,0.30202385783195496,0.3695429563522339
182,0.30204078555107117,0.3695307672023773
183,0.30204129219055176,0.3695261776447296
184,0.30205804109573364,0.36961016058921814
185,0.30207765102386475,0.3696405291557312
186,0.3020819127559662,0.36969447135925293
187,0.30207136273384094,0.36971989274024963
188,0.3021290600299835,0.3696950078010559
189,0.30211004614830017,0.3697124421596527
190,0.30216366052627563,0.36976152658462524
191,0.302181601524353,0.3697913885116577
192,0.3022006154060364,0.36985498666763306
193,0.30222606658935547,0.3698671758174896
194,0.30218976736068726,0.36987540125846863
195,0.30216842889785767,0.3698667287826538
196,0.30216261744499207,0.36966371536254883
197,0.3021513521671295,0.3696165382862091
198,0.30213943123817444,0.36952292919158936
199,0.3021334409713745,0.36945128440856934
200,0.3021303415298462,0.36936309933662415
201,0.30213382840156555,0.3694090247154236
202,0.30205804109573364,0.36943626403808594
203,0.3020676374435425,0.369428426027298
204,0.3020060658454895,0.36953485012054443
205,0.30198952555656433,0.3695629835128784
206,0.3019672930240631,0.36957603693008423
207,0.30194568634033203,0.3695465922355652
208,0.30193743109703064,0.3696635365486145
209,0.3019532263278961,0.36969003081321716
210,0.30202165246009827,0.3696043789386749
211,0.3019838333129883,0.36972519755363464
212,0.3019448518753052,0.3697204291820526
213,0.30193522572517395,0.36970555782318115
214,0.301908940076828,0.36974212527275085
215,0.3019144833087921,0.36975064873695374
216,0.301929235458374,0.3697463870048523
217,0.30199167132377625,0.36975404620170593
218,0.30197858810424805,0.3697340786457062
219,0.3019845187664032,0.3697742819786072
220,0.30199214816093445,0.3698856234550476
221,0.302006334066391,0.3699544370174408
222,0.30196502804756165,0.37007758021354675
223,0.30196791887283325,0.37013205885887146
224,0.3019729256629944,0.37005966901779175
225,0.3019876778125763,0.3701215088367462
226,0.30200472474098206,0.3700943887233734
227,0.3020082116127014,0.3701167106628418
228,0.301947683095932,0.37019357085227966
229,0.30195409059524536,0.3702954351902008
230,0.3019689619541168,0.3702451288700104
231,0.3019311726093292,0.37026575207710266
232,0.30193454027175903,0.37023040652275085
233,0.30191943049430847,0.37021973729133606
234,0.30193719267845154,0.37007054686546326
235,0.3019520938396454,0.37003225088119507
236,0.3019522726535797,0.3700028359889984
237,0.3019605278968811,0.37002646923065186
238,0.301972359418869,0.3700653314590454
239,0.3019874691963196,0.36996790766716003
240,0.30195873975753784,0.36994120478630066
241,0.3019520044326782,0.3699474036693573
242,0.3019472658634186,0.36998429894447327
243,0.3019809424877167,0.369951456785202
244,0.3019811809062958,0.3698253333568573
245,0.3019692003726959,0.36987584829330444
246,0.3019886910915375,0.3698839247226715
247,0.30195435881614685,0.36990854144096375
248,0.301937997341156,0.3698056936264038
249,0.3019680082798004,0.3698786497116089
