0,0.42909228801727295,0.6647999882698059
1,0.3303069770336151,0.4096735119819641
2,0.3244795501232147,0.3881944715976715
3,0.31949225068092346,0.3770478069782257
4,0.3185960054397583,0.3729163706302643
5,0.3150835931301117,0.3701062500476837
6,0.3117675483226776,0.3679896891117096
7,0.31018775701522827,0.3665647506713867
8,0.30883634090423584,0.36891108751296997
9,0.30908969044685364,0.3671550154685974
10,0.307900607585907,0.3668559193611145
11,0.30719563364982605,0.3656104505062103
12,0.30757179856300354,0.3651772737503052
13,0.3074316382408142,0.36392322182655334
14,0.3077836334705353,0.3624470829963684
15,0.3076925575733185,0.36305826902389526
16,0.30745959281921387,0.36311280727386475
17,0.3068608045578003,0.3637372851371765
18,0.3064938187599182,0.36369895935058594
19,0.30661240220069885,0.36376631259918213
20,0.30645766854286194,0.3631664216518402
21,0.305893212556839,0.36330050230026245
22,0.30542752146720886,0.36242178082466125
23,0.30565595626831055,0.36235862970352173
24,0.30542829632759094,0.3628978431224823
25,0.3051278591156006,0.3630874454975128
26,0.3048708140850067,0.3632885217666626
27,0.3047488331794739,0.36193469166755676
28,0.30505698919296265,0.36172690987586975
29,0.30477896332740784,0.3611051142215729
30,0.3047477900981903,0.36164021492004395
31,0.304382860660553,0.36098605394363403
32,0.30414170026779175,0.3606052100658417
33,0.3040633499622345,0.36087626218795776
34,0.30400314927101135,0.36062341928482056
35,0.303676962852478,0.36054837703704834
36,0.3035068213939667,0.3598659038543701
37,0.3035726547241211,0.3594476878643036
38,0.30354318022727966,0.3593165874481201
39,0.3034754693508148,0.35946834087371826
40,0.3035902976989746,0.3590284287929535
41,0.3039739429950714,0.35893699526786804
42,0.3040960729122162,0.3588404059410095
43,0.3042944669723511,0.3592948913574219
44,0.3042997419834137,0.359223335981369
45,0.3044983744621277,0.3587946593761444
46,0.30453577637672424,0.358725905418396
47,0.30457761883735657,0.3590991497039795
48,0.30450233817100525,0.35923799872398376
49,0.30459752678871155,0.3592803478240967
50,0.30471929907798767,0.359037309885025
51,0.30450770258903503,0.3589977025985718
52,0.30446991324424744,0.3590299189090729
53,0.30456629395484924,0.3587157130241394
54,0.30460089445114136,0.35858750343322754
55,0.3045865595340729,0.3583010733127594
56,0.30440831184387207,0.3581700026988983
57,0.304335355758667,0.35818058252334595
58,0.3043576180934906,0.3582298755645752
59,0.30439287424087524,0.3580818176269531
60,0.30428794026374817,0.3579707145690918
61,0.3042986989021301,0.35791322588920593
62,0.30444368720054626,0.3579058349132538
63,0.304482638835907,0.35763993859291077
64,0.3044506013393402,0.3576205372810364
65,0.30438247323036194,0.35789939761161804
66,0.30446216464042664,0.35820579528808594
67,0.3045547306537628,0.3583075702190399
68,0.3044763207435608,0.35790619254112244
69,0.30438265204429626,0.3578011989593506
70,0.30436211824417114,0.357817679643631
71,0.3043496012687683,0.35790562629699707
72,0.3043074309825897,0.35817354917526245
73,0.30421867966651917,0.3581531345844269
74,0.3041955828666687,0.35796302556991577
75,0.30413442850112915,0.3580162823200226
76,0.30408594012260437,0.3580121397972107
77,0.3040545582771301,0.3579044044017792
78,0.30401965975761414,0.3578437268733978
79,0.30391138792037964,0.35768428444862366
80,0.3038967549800873,0.35771968960762024
81,0.30382996797561646,0.3573492169380188
82,0.3038877248764038,0.35747650265693665
83,0.30393102765083313,0.35735076665878296
84,0.3039817214012146,0.35730722546577454
85,0.30386871099472046,0.3573729395866394
86,0.3037087023258209,0.3574959337711334
87,0.30365991592407227,0.357143759727478
88,0.3036564588546753,0.3570775091648102
89,0.30352774262428284,0.35700350999832153
90,0.30350378155708313,0.3571365773677826
91,0.30359065532684326,0.35705140233039856
92,0.3035406768321991,0.35710373520851135
93,0.30353042483329773,0.3570323586463928
94,0.3034590780735016,0.3571288585662842
95,0.3034830093383789,0.35726398229599
96,0.3034738302230835,0.35728010535240173
97,0.3035304546356201,0.3573002219200134
98,0.30330890417099,0.35743993520736694
99,0.30332833528518677,0.35749301314353943
100,0.3032676577568054,0.3575253486633301
101,0.30327799916267395,0.35758286714553833
102,0.30322977900505066,0.3574558198451996
103,0.3031756579875946,0.3575243353843689
104,0.30314740538597107,0.3574112057685852
105,0.30314967036247253,0.35741525888442993
106,0.30326488614082336,0.35724058747291565
107,0.30326512455940247,0.3573104441165924
108,0.30328550934791565,0.3572067320346832
109,0.30321988463401794,0.3574054539203644
110,0.30326879024505615,0.3573108911514282
111,0.3031614124774933,0.3573332726955414
112,0.3031810224056244,0.35745230317115784
113,0.3032086193561554,0.3572573959827423
114,0.3031163215637207,0.3571898341178894
115,0.30310359597206116,0.357180655002594
116,0.30309444665908813,0.3570605218410492
117,0.30312538146972656,0.35688644647598267
118,0.3030451238155365,0.35688626766204834
119,0.30301758646965027,0.35681918263435364
120,0.3031432628631592,0.35682201385498047
121,0.30316290259361267,0.35674750804901123
122,0.3031570315361023,0.35675203800201416
123,0.30314216017723083,0.356832891702652
124,0.3031768202781677,0.35687026381492615
125,0.3031294047832489,0.35688072443008423
126,0.303065687417984,0.35676339268684387
127,0.30306482315063477,0.35668039321899414
128,0.3030833899974823,0.35660654306411743
129,0.30310937762260437,0.3566494286060333
130,0.30314260721206665,0.356599360704422
131,0.3031487464904785,0.3565923571586609
132,0.3030751049518585,0.3565027713775635
133,0.30310794711112976,0.3564188778400421
134,0.30314162373542786,0.356302410364151
135,0.30318018794059753,0.35617101192474365
136,0.3030721843242645,0.3563537895679474
137,0.3031045198440552,0.35633593797683716
138,0.3030644953250885,0.35641348361968994
139,0.30307212471961975,0.3563413619995117
140,0.3030413091182709,0.3565043807029724
141,0.30299919843673706,0.35665959119796753
142,0.3029722273349762,0.3567558526992798
143,0.3029114603996277,0.35671940445899963
144,0.3028663098812103,0.35670214891433716
145,0.302874356508255,0.35671812295913696
146,0.30291715264320374,0.356650710105896
147,0.303003191947937,0.3567321002483368
148,0.3030262887477875,0.3566725552082062
149,0.3030146062374115,0.3567866384983063
150,0.30302345752716064,0.35675927996635437
151,0.30309978127479553,0.3567284643650055
152,0.3031119406223297,0.3567621409893036
153,0.3031843900680542,0.3568478226661682
154,0.30315062403678894,0.3568175435066223
155,0.30316951870918274,0.35671940445899963
156,0.3031780421733856,0.3566592037677765
157,0.303193598985672,0.35678359866142273
158,0.3032151162624359,0.35675668716430664
159,0.3032446801662445,0.35674843192100525
160,0.30323752760887146,0.35667020082473755
161,0.30325180292129517,0.3567562997341156
162,0.30322617292404175,0.3567972183227539
163,0.30324628949165344,0.3567582666873932
164,0.3031674921512604,0.35675662755966187
165,0.303095281124115,0.3567325472831726
166,0.3030513823032379,0.35679301619529724
167,0.30297356843948364,0.3568921387195587
168,0.3029400706291199,0.3568122684955597
169,0.30289456248283386,0.35675761103630066
170,0.3029322028160095,0.35671719908714294
171,0.3028375208377838,0.35678866505622864
172,0.30284982919692993,0.35674068331718445
173,0.3028935492038727,0.3567229211330414
174,0.30291295051574707,0.3568003177642822
175,0.3028959333896637,0.3569386601448059
176,0.30290916562080383,0.3569585084915161
177,0.30296093225479126,0.35687315464019775
178,0.30297189950942993,0.3568451702594757
179,0.3030017614364624,0.3568747341632843
180,0.3029968738555908,0.35682937502861023
181,0.30305084586143494,0.3568456470966339
182,0.3031073212623596,0.35679057240486145
183,0.3030700385570526,0.3568117916584015
184,0.3030160069465637,0.3568430244922638
