0,0.6234765599381344,0.6259703520113828
1,0.6002682198713244,0.6041301314162199
2,0.5794203320781978,0.5861591998862211
3,0.5596080382707003,0.568273553614894
4,0.5430204057573768,0.5556052357116074
5,0.5276393462523786,0.5413162967988423
6,0.5152089536764972,0.5310749254687123
7,0.5027001592474369,0.5217615709102974
8,0.4914836195626357,0.5117788069147281
9,0.4818731168950524,0.503308925379521
10,0.47132191354168645,0.4943279215110042
11,0.46244541082302815,0.4863245396387009
12,0.45451592526006773,0.48063491391284124
13,0.44821073262150896,0.4756624370340317
14,0.4414767588057553,0.47182005572098273
15,0.43649968343056406,0.46824580514557146
16,0.4298009685167834,0.4632825290321042
17,0.4249459727240006,0.45955115868931723
18,0.41975678548799633,0.45428509519844457
19,0.415381334533021,0.4509057578113344
20,0.4095528554023651,0.44733265511809833
21,0.4046669324926922,0.4440858363080277
22,0.39903307772275004,0.4409928137623759
23,0.39438486445486454,0.43732504946371864
24,0.390686650913067,0.43521549650837504
25,0.3871058164593659,0.43258012781146343
26,0.38504456178369845,0.43046634829154723
27,0.3819254804983436,0.4280177489120178
28,0.3787006515060526,0.4257434526882159
29,0.3757849636125372,0.4234552081733469
30,0.37331661572000585,0.4215018434696412
31,0.3707233623667457,0.41934974946318165
32,0.3674569367628001,0.41756825715342843
33,0.3649176589029213,0.4163049943823978
34,0.36297445649814736,0.4151980575982225
35,0.3611200336789236,0.41330167090017644
36,0.3589733973215383,0.41221683234094625
37,0.3568160055243621,0.41014340574897473
38,0.3550109235559005,0.4089297319313994
39,0.35292980915091016,0.4075130266093072
40,0.3513382152131469,0.4067490235168152
41,0.34975509862435183,0.40525092175870975
42,0.34746437374478795,0.4039213630375723
43,0.34564660604448544,0.40311786437988595
44,0.34280418297748455,0.40050587074427063
45,0.3405908973804866,0.39923758890538935
46,0.3391573005222989,0.3985108817459414
47,0.3375565037968122,0.39784322677071765
48,0.3361882555237469,0.3965458281673294
49,0.3342084739168704,0.39505259732582737
50,0.3323741240572602,0.39466167017718945
51,0.3311817600336674,0.3940383158535475
52,0.3299368715226792,0.39418575197517397
53,0.3281924113713453,0.39289165705580403
54,0.3258759167065537,0.39262569730303115
55,0.32421941493995227,0.3926758852003822
56,0.32307575776583336,0.39135078559457154
57,0.32183061459940515,0.3902646485134644
58,0.32076503503127474,0.3899964040963265
59,0.31784819226921684,0.3888558616309806
60,0.31672946749827047,0.38779059016988393
61,0.3158769751862026,0.38719319553070125
62,0.3142671383741109,0.38633955069497306
63,0.31299476510545843,0.3863549091118984
64,0.31188726834962677,0.38598258782611794
65,0.31064261751023986,0.38584132655449804
66,0.30950416389475705,0.38540701625582874
67,0.30812077424720313,0.3852958602663228
68,0.3068879349464866,0.384074373600423
69,0.30603491571898245,0.3838908539631616
70,0.3042938726613038,0.3832911730098425
71,0.30244213265655306,0.38242348827342826
72,0.30116811566607116,0.3812654573953262
73,0.299844059718568,0.38106841717960027
74,0.29755932009945296,0.37968850114220193
75,0.29641538488665836,0.37959736084772483
76,0.2954317731051814,0.3790526078866115
77,0.2944943210082749,0.37891997723648
78,0.2934312689336889,0.378736170572007
79,0.29254213090477527,0.3779254168991453
80,0.29170067103389635,0.377095894726417
81,0.2907433102558855,0.3765456623811689
82,0.2893303431098962,0.37596900863474403
83,0.28820200532307577,0.3752359831710617
84,0.28750300887456737,0.37451581940468814
85,0.2860851110337966,0.3735745693517543
86,0.2848655029591842,0.37288100808149294
87,0.2840903503096704,0.37268660800659625
88,0.2830152609835952,0.37250959160713054
89,0.2820506709284222,0.372578611578201
90,0.28108209895927966,0.37230101688986733
91,0.2802441593483051,0.3727219694215193
92,0.2793736726799478,0.37188830025070324
93,0.2781961393844332,0.37026301648310095
94,0.2773655521295508,0.36965937520027475
95,0.27579702978882836,0.36850916794525884
96,0.27508740858546504,0.3673038611533465
97,0.2742296348765973,0.3675084362575223
98,0.273123863684043,0.3666791700531369
99,0.2721434420349527,0.36597825022778974
100,0.2713782662533403,0.36557879364610746
101,0.27043259652020374,0.3649048726000483
102,0.2696377519347329,0.36484295996300203
103,0.2692079488644583,0.36453173046971044
104,0.2682275075730513,0.36340858103884827
105,0.2674632962864733,0.36342367412000104
106,0.26612216394413585,0.36296096580773196
107,0.26477832676077123,0.36287493175930446
108,0.26407719530239276,0.3631499751421707
109,0.2630258892343112,0.36242342242458586
110,0.26246722345098894,0.36235677078957595
111,0.2617813136457391,0.362568841673552
112,0.261035424356529,0.36221543393349126
113,0.2603004534578568,0.3624528983533974
114,0.259315648551006,0.3621010276153881
115,0.258625765775892,0.36169635789695553
116,0.2580506771014822,0.3611298742911054
117,0.25717867241160064,0.3607430227174764
118,0.25664097286351506,0.3610830392530829
119,0.2559486643939026,0.3603818297662117
120,0.25557887484947117,0.36115397323396
121,0.25501973271827966,0.3616092343371184
122,0.2545791295761056,0.3616543890026314
123,0.2537872310884491,0.36147935760981115
124,0.25324435944192214,0.3610690501040567
125,0.25252500257957394,0.3613962480823002
126,0.2517003312937809,0.3612647819603798
127,0.25117140811689326,0.36142561263133766
128,0.25023936429084376,0.36097569877882957
129,0.24957704440917994,0.3609385083138785
130,0.24849313779025983,0.3608045576672469
131,0.24804523125577355,0.36032614963543086
132,0.2473107500858413,0.360442351008317
133,0.2467807767365495,0.3602989005920275
134,0.24618022706836853,0.36014671636223006
135,0.24553170724354495,0.3596336614586925
136,0.2447948169475003,0.35947105654677936
137,0.24395076207775745,0.35922866631594913
138,0.2433378546111444,0.35905363556076453
139,0.2429194444403826,0.3587349163545739
140,0.24251322798182584,0.35892427771120633
141,0.24205641894690874,0.35804525328671966
142,0.24143975941010457,0.35782505156147104
143,0.2409378295480303,0.3579227659442319
144,0.2404705757955995,0.35807993656921167
145,0.23997877772794604,0.3582437868456716
146,0.23928632663799662,0.3579593568025206
147,0.2388699352470508,0.3579962583204544
148,0.23847025201174019,0.3573378237999148
149,0.23777199263915066,0.357594278400823
150,0.23719905186028575,0.35732855501131366
151,0.23654222672957292,0.3565566610143318
152,0.23609491517681414,0.3556901866143875
153,0.23557396294495206,0.3558078845307507
154,0.23525809802145237,0.35554803827353726
155,0.23455610863959056,0.3556211796074258
156,0.23399753877151036,0.35527174408971357
157,0.2335607520157009,0.3549765850501086
158,0.2332426695956149,0.354684292064073
159,0.23266710983956013,0.35473891421117715
160,0.23162307142370245,0.3554009183787953
161,0.23117107935487313,0.35513928556302315
162,0.2306576721818099,0.3553813646798806
163,0.23012432913411232,0.3557779847141651
164,0.22969157292883416,0.35566234739260777
165,0.2290381816890862,0.35501984519016727
166,0.22852581924416496,0.35454072352799354
167,0.22791415575113252,0.354034825529233
168,0.22711807585653138,0.35257430506756815
169,0.22664162299502738,0.35230651867388696
170,0.22591293172986615,0.3518297606896826
171,0.22549079246257248,0.3513026115171631
172,0.22463533150285175,0.3504417107144873
173,0.22423357787008208,0.3508659460953875
174,0.22329716049073817,0.3506393894227961
175,0.22283501169876513,0.35049976202309446
176,0.22253373251606692,0.3508063334151216
177,0.22197113642445052,0.3509096128503896
178,0.22151337941003058,0.3511122429435432
179,0.22099404135339545,0.35104887604038354
180,0.22062524416313253,0.35087125137270914
181,0.22015325614939352,0.35058980498502335
182,0.2198318876930004,0.3505727752380408
183,0.21931618183190899,0.35080989317244127
184,0.21817551855923042,0.350651654146523
185,0.21761824573814992,0.3502835698107937
186,0.21734483329713739,0.35070270433992384
187,0.21666951681752827,0.3497590182294882
188,0.21622599987273156,0.3498022379474369
189,0.21567356000841698,0.35031022382456634
190,0.2152093674146866,0.35032043547108377
191,0.2148450341952281,0.3499007664850011
192,0.21437565432463962,0.3497448592207754
193,0.21388223535317513,0.34995366621407725
194,0.21359854965129793,0.35021511834982055
195,0.2128246623975221,0.3504408566990779
196,0.2123244335259089,0.35045702261357475
197,0.21192030662231529,0.3507876170890297
198,0.2113938135666157,0.3506909124385664
199,0.21102867229105685,0.35029388507162884
200,0.21056376966043513,0.34987069248965885
201,0.21021783647282075,0.3498710226390767
202,0.20985237684350494,0.34985698246983465
203,0.20956091782376324,0.34996603396080594
204,0.20919890878784217,0.3502057603922569
205,0.2087979352230405,0.34955301630660573
206,0.2086363217118756,0.3499517020611733
207,0.20837331830272743,0.35021716170333245
208,0.20788879508968064,0.34992352313874536
209,0.207530603128279,0.3499727165836486
210,0.2071300297933084,0.34971925371927676
211,0.2064861105892184,0.34920388978053496
212,0.2060176796299322,0.34897294836389836
213,0.205650066120481,0.3485373347578817
214,0.2052930507187437,0.3494437899250813
215,0.20499529777409511,0.3488076074893966
216,0.2045216214482896,0.3489590258170018
217,0.20432221960641794,0.34839179140697946
218,0.20395381176938318,0.3479736527494554
219,0.20364695372181832,0.3481209343949717
220,0.20336051436677555,0.3479747517028252
221,0.20298407587932998,0.3475596368560449
222,0.20245543083527479,0.34728017057829275
223,0.20218623177788686,0.3474951537084524
224,0.20173708662707837,0.3480559713049501
225,0.20146429153662518,0.34807592105174623
226,0.20103631341454808,0.3477207723326203
227,0.2003936704060707,0.3472691756441558
228,0.20001084989786946,0.3478905886650657
229,0.19942454357961492,0.34799115487889304
230,0.1991205984475289,0.34788751529059103
231,0.19876299271678521,0.34787395049943515
232,0.19835388290569217,0.34772174958011537
233,0.19796319634671594,0.3481737609919427
234,0.19765127101983176,0.3481048764547619
235,0.1972138360363294,0.3485487480410104
236,0.19698292354836663,0.3486855338901656
237,0.1965227086215694,0.34851645125820246
238,0.19625697732426758,0.34869762775722263
239,0.19582028894171247,0.3484737386930704
240,0.19556176418855853,0.34863505271021966
241,0.19523925288453545,0.34880822020639524
242,0.1950179085452464,0.3488483763413218
243,0.19475349388675997,0.34842352325283976
244,0.19440499278194967,0.34869208822357
245,0.19412922478794678,0.3485849787778019
246,0.19384592621830016,0.348805395926339
247,0.19348183894643708,0.3491429983410324
248,0.19313570110550166,0.3494677370696245
249,0.1927404393000557,0.34937746308081186
250,0.19237179867584844,0.3494167646527458
251,0.19195192974974437,0.34939261757209406
252,0.1916537637868078,0.34938770861761576
253,0.19098758690033835,0.34972902244122
254,0.19075493568766,0.34995878269260244
255,0.1902707997361805,0.35007728812649413
256,0.18988584785451892,0.3501799800103067
257,0.18962223533570252,0.3497642126922353
258,0.18930420960844768,0.3495608605850961
259,0.18885280641061822,0.3499865428422622
260,0.18857690741919766,0.3501535505041598
261,0.18798656863060506,0.3498444970071355
262,0.1876812935684058,0.3494186491051334
263,0.1873351066430758,0.3495096938252183
264,0.1869735934201027,0.34948031971866766
265,0.18647264319142334,0.34991541068086884
266,0.18606923431966021,0.3495313068489648
267,0.18554719157748495,0.34939147190883185
268,0.18530945044784497,0.34994782832162896
269,0.18470467389487707,0.3497615150196931
270,0.184266041477411,0.34994739177994055
271,0.18386846832728546,0.35025743467982107
272,0.1836643023857572,0.35021769742175896
273,0.1831716708602971,0.3500141404163851
274,0.1829440775093108,0.35016920650833677
275,0.18262713749583637,0.3501410113619246
276,0.18235592157410904,0.35028402319377555
277,0.18213142393580736,0.35056965341970137
