0,0.6230980361654996,0.6280995942258432
1,0.5986860653899064,0.6080124313622146
2,0.5777707231555261,0.5912976632284563
3,0.5586225714927434,0.5769755478326161
4,0.5413381156784626,0.5634124753465108
5,0.5260971202725555,0.5513157719001962
6,0.5146212834404978,0.5433524353843159
7,0.5018920124191599,0.5325285437936259
8,0.4904619909620083,0.5242052507009869
9,0.4795279419953124,0.5146275308243063
10,0.4681902364695983,0.5048652501426338
11,0.45945106345117326,0.4993777971943135
12,0.452335072269192,0.4954042465014513
13,0.44633506065145423,0.49107914359700605
14,0.43809931657907036,0.4858801715296494
15,0.43042193542050206,0.48124619274858943
16,0.4239755629599016,0.4768343394263854
17,0.418751205938804,0.47327885926399876
18,0.4120313904267627,0.46895936224412715
19,0.4079795194887749,0.4668633075427051
20,0.4019930059360569,0.46265901420777367
21,0.39775542283941284,0.46076096794774746
22,0.3933486467433644,0.4583595149675837
23,0.39041432126186654,0.4569083780136912
24,0.38756072482312287,0.4559560104590264
25,0.383406073977605,0.4530823039713987
26,0.3805192184641646,0.4502876548580904
27,0.37780951371969385,0.4485601861596927
28,0.37474280946545585,0.4473475354544456
29,0.37086059462585336,0.4451610604360164
30,0.36866670287160797,0.4436036416232964
31,0.3660513814543641,0.44242091609232015
32,0.36299651153749996,0.4408122746718862
33,0.3596354849536111,0.4385449387916771
34,0.3575955252737957,0.43697127948729736
35,0.35452449628445654,0.43530098820621066
36,0.352326585820864,0.43571439976498766
37,0.3499554835339679,0.4352080699304477
38,0.34754587920786856,0.4339757951027684
39,0.34577765285982565,0.43304513434802694
40,0.3435011626189974,0.43148670431391883
41,0.34166115930364493,0.430445575785388
42,0.33820276440643393,0.42811962141090293
43,0.33612179099093453,0.4269057469517308
44,0.33435780192869874,0.4266135192025319
45,0.3327365569423706,0.4265753689279138
46,0.33156601922203,0.42621479278536667
47,0.33009636585120367,0.4253517811188581
48,0.3287098250203396,0.4241018143756193
49,0.3270798978067594,0.4235071237169474
50,0.3248748641289788,0.423343369382853
51,0.3231667763601074,0.42198078234997
52,0.3218305701034908,0.4208159227983487
53,0.3205761857859607,0.4202376397308868
54,0.3195238269598647,0.41935369756120017
55,0.31718496878602115,0.418237487762875
56,0.31574194029144925,0.41794370222013705
57,0.31452188055180436,0.41780928296409153
58,0.31270183721336187,0.4174550775247557
59,0.3109220361382364,0.4167785167341646
60,0.30983838962552024,0.4163144079468215
61,0.3085990282676143,0.4164764844796701
62,0.3071390685932861,0.4164621414553697
63,0.30542940706282484,0.41484636502304995
64,0.3042221749757798,0.4141651007866617
65,0.30315043920433943,0.4133548990401969
66,0.30200961022557776,0.41298517572790006
67,0.30065341431700715,0.4125227364012479
68,0.29986174512192204,0.41235680850203016
69,0.2988894377343215,0.4116873520438266
70,0.29744077349185527,0.41037219599574554
71,0.2960104485685678,0.4098644433572621
72,0.29502039184036066,0.4094320015438358
73,0.2937644037625849,0.4096321904289499
74,0.29270048584666436,0.4095126797994461
75,0.29135901536748204,0.40820060681451276
76,0.2904180053998442,0.40776063853197475
77,0.28978434453026336,0.40727748943445513
78,0.2890340744721093,0.40663878275199655
79,0.288058043496342,0.4063776022573464
80,0.2870273763367312,0.406075279536533
81,0.28630033562338003,0.4062280245263122
82,0.28532394563666974,0.40566319715227717
83,0.2843969204198907,0.40505432375277495
84,0.2836219598088653,0.4051350557356561
85,0.2825834103916584,0.4054098886685804
86,0.2817635763088941,0.40493264739858437
87,0.280654552226732,0.4041908164602167
88,0.2798062566087534,0.40479737994739545
89,0.27854355733778635,0.4041310695175231
90,0.277707444003776,0.4042109904823585
91,0.2771446303115626,0.4042533729958838
92,0.2760470394685691,0.40424718657788083
93,0.2751079658150994,0.4031561472719972
94,0.27439066807796303,0.40282924214366184
95,0.27374941541830794,0.40244128832733356
96,0.27283536273276593,0.402004404711669
97,0.27178151525720506,0.4013037002132516
98,0.27065503304482524,0.4010568914711515
99,0.2694250311834938,0.4001380007046553
100,0.26853796957034104,0.39975349396914167
101,0.2676478200501012,0.3997551788394802
102,0.26683155263540465,0.4003592013011255
103,0.2657666451542902,0.40006332977745784
104,0.2648512128396627,0.4002443528970424
105,0.26401945999499776,0.4004320148870853
106,0.26297486462587744,0.40083428375505653
107,0.2618291021864827,0.4017744889304664
108,0.2611520200169653,0.40190033584165663
109,0.2603941859447004,0.40137989668768237
110,0.2591176755522495,0.4006852815331336
111,0.2585295069686519,0.40071631886063036
112,0.257982870913203,0.4004604953107863
113,0.2572438531456022,0.4004275413947751
114,0.25639117434286046,0.399277100250436
115,0.25538660456189366,0.39809028304479305
116,0.25450419356365533,0.39796874169545765
117,0.25370059924004706,0.3973853822741421
118,0.25276366998585537,0.3968965115240257
119,0.25182102327110717,0.39681658567909944
120,0.2512013393986262,0.39668594488635833
121,0.2497097456061136,0.3955206297821391
122,0.24931347363143708,0.3951075634989005
123,0.24843709736074263,0.39529836226262577
124,0.2479482135460216,0.3958335363677256
125,0.24713733522534104,0.39494476282337077
126,0.24600049885095226,0.3941130766228637
127,0.24470092187998232,0.392643743043029
128,0.24385394686276643,0.3922146006042323
129,0.24317199138699466,0.39231759032143976
130,0.2425199145714115,0.3923596386368491
131,0.2417556959733184,0.39131207763853365
132,0.2411499660795231,0.3917625160852396
133,0.24081006278403294,0.39180730428028826
134,0.24041690392640772,0.3912782994542964
135,0.23980844620897865,0.39148725472227225
136,0.23928671852054537,0.391077581188104
137,0.2387598180613364,0.3911677233182705
138,0.23837126904907516,0.39086327069423243
139,0.23752984909461125,0.390350570038343
140,0.2365919956642009,0.3895740433956396
141,0.2359988221669968,0.3896313831146145
142,0.23528807326962228,0.38858005518672584
143,0.2344927129829551,0.3880697458556186
144,0.23421638862047953,0.38738656185279907
145,0.2339283804677672,0.38739106619689245
146,0.23315403846683616,0.38733624853833676
147,0.23236854737293405,0.3874305377716305
148,0.23137990876484762,0.386856364244034
149,0.23097516259651443,0.3869000712897428
150,0.230484460495467,0.38676306975825275
151,0.23001269508748232,0.38598376455328903
152,0.22926509914392404,0.38622925220816406
153,0.22861864538601112,0.38577189298452963
154,0.22820526144766165,0.3853584553174631
155,0.2275943641512434,0.3855215340631721
156,0.22711892291583946,0.3856679059680252
157,0.22651813532070197,0.38606342103629593
158,0.2259400781145442,0.38614828565087067
159,0.22477848762051778,0.3851370902896424
160,0.22444028365157423,0.3853487494560628
161,0.22402081721760933,0.38581853859317555
162,0.22372163189167638,0.38567937972308597
163,0.22326515771130048,0.38601544335849747
164,0.22271770870288676,0.38519407473022144
165,0.22234169057936723,0.38555528667837136
166,0.22170223576488662,0.38566368930465117
167,0.2212328994708215,0.3856015821006228
168,0.2205816473320231,0.3853251216719006
169,0.2199548895557825,0.3849788489960721
170,0.21960778131971725,0.3850660932286747
171,0.21901257957563006,0.38464485789525144
172,0.21822622196115907,0.3850319516250911
173,0.21786552537348344,0.3840968191998284
174,0.217532408940836,0.38368669957740636
175,0.21715908440364415,0.3837560399801689
176,0.21664202493791965,0.38409075231722556
177,0.21603350106286026,0.3847326656850744
178,0.2156004815945486,0.38488930845426406
179,0.21515915454773982,0.38437876919649705
180,0.21482732808887034,0.3846372123497556
181,0.2143646959876905,0.38502984662071643
182,0.21400133950101322,0.38540833054950174
183,0.21336134060704748,0.38532871447467143
184,0.2129737593788366,0.38459926054160254
185,0.21249278814681052,0.3841550607452303
186,0.21202073599788687,0.3836193075575856
187,0.21162291593924623,0.38343379632461555
188,0.21107517148480937,0.3832444765309195
189,0.21062232113427068,0.383221047314132
190,0.21015124659690618,0.3828653911680936
191,0.2097413694976425,0.38301864964346033
192,0.2093150458738866,0.3835054878440802
193,0.208912143632516,0.3837819059091929
194,0.20850046989439042,0.3836780492323165
195,0.2078801781833866,0.383680659032601
196,0.2073461929222452,0.383304280117543
197,0.20683976836132534,0.38304380692017853
198,0.206396464967418,0.3835288927465555
199,0.20608877473926365,0.3834698672093063
200,0.20572829407569884,0.38326348702708285
201,0.2054619303528855,0.3831696223619445
202,0.20528633066612076,0.3827361556934931
203,0.2049107120357953,0.3828278612840161
204,0.2041491498504604,0.38363140458255873
205,0.20389566172637266,0.3839909349692233
206,0.20337705977671336,0.38296418837035356
207,0.2030864814676415,0.38287136675844097
208,0.2025483561549673,0.3823194704521851
209,0.20216182796852017,0.38276417167026877
210,0.20163599212509054,0.3824520864250507
211,0.20117995835335528,0.38265470410603636
212,0.2008738260718477,0.3827073895307228
213,0.2004769889221404,0.3822917910453954
214,0.20010341591938557,0.38236091226665697
215,0.19959268302278446,0.3822662202527168
216,0.1991421940398028,0.3821379147446862
217,0.19892311323495168,0.38234610029830485
218,0.19867190174828475,0.3828131246592664
219,0.19806811964022897,0.38307716472795034
220,0.19760722752971693,0.3832293042752362
221,0.1968496885928804,0.38304996167395233
222,0.19636383808652216,0.3833576830118268
223,0.19587463337553607,0.38431862801171635
224,0.19531543487313044,0.3851670256807729
225,0.19490481513157115,0.3850086964040465
226,0.19447200644749385,0.3853190931428547
227,0.19404902338687804,0.38520737572306823
228,0.19368397398077433,0.3852205745211062
229,0.1932470064094544,0.38547033762207833
230,0.19278622454819114,0.38538577922151757
231,0.19249886357874918,0.3854556401271519
232,0.19221269012587733,0.38564845580614054
233,0.19180968675248872,0.385610340188093
234,0.19142231522950864,0.3859522873507448
235,0.19107096008473906,0.38556155985901547
236,0.190726478471419,0.385257840862923
237,0.19048744311104837,0.38518965823514817
238,0.19014554975739356,0.38518303249525515
239,0.18973079420227465,0.38561322437424556
240,0.18944238621795448,0.3855154703623009
241,0.18917349436462044,0.3853914546660919
242,0.18872037641953962,0.38523563537938643
243,0.188384701697356,0.3859757089674331
244,0.18818852254063995,0.3860139664459184
245,0.1878123023975781,0.38568883118599684
246,0.1875416686559419,0.3852657100220701
247,0.18708396659054438,0.3847882414078409
248,0.18658412191821122,0.3844995234812852
249,0.18624520536582054,0.38527052368918024
250,0.18578202004733754,0.3841533631475959
251,0.18537252284807382,0.3850202371665852
252,0.18523863464894974,0.38548170219962613
253,0.18507157156030107,0.38570111065826834
254,0.18472738725152565,0.38557642710507883
255,0.18444139801631473,0.38570512797381734
256,0.18403658371150616,0.3862464167125992
257,0.18365841463107632,0.3862561217277118
258,0.18339628977040057,0.38571541426109196
259,0.1831827583840201,0.385300367127466
260,0.18271170566592734,0.3854728647838514
261,0.18225685067989003,0.3861507798544324
262,0.1820081419550203,0.3860964242402901
263,0.1816710381554277,0.3865547204810051
264,0.18138055824312158,0.38636788373690467
265,0.1811315038177376,0.38644509363969215
266,0.18073033832596208,0.38578427384827035
