0,0.6633694993517112,0.6646779397583029
1,0.6404677022083113,0.6426587350584693
2,0.6236821309708641,0.6265100622438006
3,0.6087992307247622,0.6119924855674149
4,0.5923130285412262,0.5955361854342828
5,0.5801079328670058,0.584245292229331
6,0.5709518851991939,0.5751915445404728
7,0.5616954456676136,0.5665643582606302
8,0.553458990052689,0.5585401012674939
9,0.544885421656151,0.5498577934216752
10,0.5395554911510637,0.5462412864201804
11,0.5339248689486159,0.5417854848844039
12,0.5300612983945561,0.5400922063135182
13,0.5255990542518664,0.5374741034059943
14,0.5208106655903145,0.5336012408703594
15,0.51494729040037,0.5276259710528785
16,0.5110120712828686,0.5237470802111276
17,0.5072968303527187,0.5195472252111356
18,0.5040619670714687,0.5166414689073869
19,0.4988618814415962,0.5111602045528457
20,0.4958414799567257,0.508757224575388
21,0.4929988611072113,0.5056359811621609
22,0.4894383694606402,0.5020868156332297
23,0.4870660310063755,0.5001044281685291
24,0.4835610903846789,0.49782582175145207
25,0.481098263762718,0.49620702207066186
26,0.4766336969290929,0.4921523265464689
27,0.4744186240069206,0.4907109515463075
28,0.4708902306586945,0.48866755650788296
29,0.46842817826704547,0.48673090377666345
30,0.46626252704644555,0.48508650389597224
31,0.4642312047849498,0.4833744725821813
32,0.4623544059898586,0.4812299043489371
33,0.45995564692620244,0.47984586652278405
34,0.4580227486930992,0.4781328451900279
35,0.4560499775989363,0.47673096891744965
36,0.4546293294959038,0.47523216328686246
37,0.4531182900039641,0.4748553302822524
38,0.4507795983086681,0.4719070466602294
39,0.44880963379938554,0.47080715096126513
40,0.4468921233937302,0.46972150110555205
41,0.4448208314923857,0.4681313252694119
42,0.4428853524915764,0.46752257503926803
43,0.4415480631854519,0.4661396806517242
44,0.43876712468411405,0.46345378535861337
45,0.4371495317455074,0.463143437324834
46,0.43479551674195627,0.4609017835821879
47,0.4337542092321287,0.46006154247319936
48,0.43252182813325846,0.45856821402590875
49,0.43032759491031314,0.45627142894932865
50,0.4284252465149313,0.4552613823421294
51,0.4274599748736456,0.4547520961349977
52,0.42627301528640327,0.453518035828963
53,0.42499779344361127,0.45225150706644274
54,0.4228563369202563,0.45022367832351334
55,0.4212508413302722,0.4487959757598107
56,0.4193888496898949,0.44707878025011455
57,0.41769334982615947,0.4460039142326818
58,0.4165704900568182,0.4452534074543421
59,0.41493705765641514,0.44314323801211275
60,0.41354421732541624,0.44186024025827103
61,0.4118991714703356,0.44157960937485785
62,0.4101040539731435,0.4404787652041945
63,0.40880637945130816,0.4396143742867084
64,0.40722262682924815,0.4393172328263622
65,0.40603644147231766,0.4389540032216913
66,0.4049344536617997,0.4385255723724584
67,0.40396247202447805,0.43779120129803606
68,0.4031206255987381,0.4370919978648999
69,0.4017409149234441,0.43578425747978966
70,0.39988408481847915,0.4341538638411523
71,0.3983614318718618,0.43343776836965553
72,0.39722131321848575,0.43346891594672904
73,0.3960216433502907,0.4330553009693079
74,0.39490842920025104,0.4322019467745298
75,0.39376895573880155,0.431434195921782
76,0.3923336617790367,0.43082781087160216
77,0.3912194798411073,0.4300473484455244
78,0.3897281187029268,0.4288394371843266
79,0.3883504403822014,0.42867053226005936
80,0.3872773894295884,0.42791719021690333
81,0.3861235604477735,0.4269406247842303
82,0.38440212386859146,0.4262154969493429
83,0.3831210952984606,0.4256722018883513
84,0.381935587393053,0.42540289649019963
85,0.3802712180397727,0.4241456754757875
86,0.379184069643565,0.4237763235425937
87,0.3775677993484078,0.42297254699867143
88,0.3763116751866411,0.42241413369666
89,0.3749618691571419,0.42181573762788244
90,0.37345131355914707,0.42109151917842835
91,0.37202618137222515,0.4200285685788125
92,0.37088357872993194,0.41976679465769007
93,0.3696073568396538,0.4190527617334972
94,0.3682628736435485,0.4185578543795845
95,0.3669616505661172,0.4169828740613115
96,0.3657748522768565,0.41702827149572735
97,0.3643523008576407,0.41544978735075716
98,0.3628775856711648,0.4158139591414122
99,0.3610881136033298,0.41480001442822384
100,0.35969856375115616,0.4136744332371167
101,0.3582830771835359,0.4132318251479997
102,0.3566045781270646,0.4122316970060167
103,0.3551896077129856,0.4120912563330658
104,0.35396316237983944,0.41044497115193435
105,0.3520249735729387,0.41053522024299577
106,0.3506481985209104,0.409667871605826
107,0.3491255778338894,0.40923013583312906
108,0.3474081091850555,0.4083552986661281
109,0.34634973634877114,0.40798042702565657
110,0.34518161636578354,0.4072666807903497
111,0.3437046752671611,0.40626870398521936
112,0.34261955922552195,0.40530031905783054
113,0.3412853668406448,0.40483126863990226
114,0.340277512532208,0.4048159709597939
115,0.33830703186938427,0.4039005961019731
116,0.3369668714591867,0.4037457357532163
117,0.3357433617493063,0.4037765663925207
118,0.33418609425583046,0.4030281507865284
119,0.3330427819024181,0.40265445646160203
120,0.3320708970438854,0.40212324019752904
121,0.3308717110696353,0.40109819252319306
122,0.3295744881821485,0.39995659011425905
123,0.3285352775460822,0.3999481097794908
124,0.32753723015492864,0.3989595922550401
125,0.32648789000561573,0.39874067380645134
126,0.32547093849101477,0.39784371584355627
127,0.3241804901187566,0.39740515641055046
128,0.3229359794116676,0.3967191405509598
129,0.32171727638163977,0.3957818315211338
130,0.32058199666771275,0.3960149407476961
131,0.3193430991303845,0.39522602055749056
132,0.31824814391186573,0.3944972084100399
133,0.317105186414013,0.39478390557158755
134,0.3157857689242534,0.39404530613087335
135,0.3145919057833972,0.3943684142708876
136,0.3133714284755715,0.3936089135735496
137,0.31246661131780196,0.3932046347030794
138,0.31153988989412656,0.39310132591431074
139,0.31056687594972254,0.39263321982162286
140,0.3096074755549683,0.39126736925295347
141,0.3088284708228726,0.39057331984869725
142,0.3075973801078554,0.39011254241167165
143,0.30652100641682084,0.3897926270020765
144,0.30544347138031847,0.3889985559302231
145,0.3042755449549088,0.3889483931932018
146,0.3031490075915863,0.38835766371102387
147,0.30192875610093484,0.3880804166204576
148,0.3010538435889601,0.3878271973940705
149,0.30008166839406053,0.38757733435873887
150,0.2992451125421181,0.387191596598707
151,0.2983696516170058,0.38635182243228927
152,0.2974631569602273,0.385424625876311
153,0.29654756509728464,0.3850635150154701
154,0.29561861776146275,0.3846053700849652
155,0.2945392761875661,0.3840907369715892
156,0.29355387455817256,0.3839046095972787
157,0.29276086916127114,0.38381747097594027
158,0.2919150870647793,0.38372913157257416
159,0.2910232705243294,0.3828210938472599
160,0.2900870970389304,0.38274255534492574
161,0.28895281737248946,0.38237617021493353
162,0.28810158340421843,0.381844490888363
163,0.287208928114264,0.38158202767794547
164,0.286142393600109,0.38134877221487595
165,0.2853812606843783,0.38140823290293985
166,0.28442263451993594,0.3809963999902815
167,0.28342203862067256,0.3806870886464814
168,0.28252838328323204,0.380580911624313
169,0.28169002089389533,0.3796858177011875
170,0.280834109284157,0.3791827203800195
171,0.27980422167142904,0.379021517034094
172,0.278851757089885,0.3793683305339024
173,0.27799913595897197,0.37939834554908486
174,0.27689479319792215,0.37939459545182397
175,0.276002460503931,0.37924981848456446
176,0.27519474473110467,0.3787459734592862
177,0.27441561096062367,0.3788829030226743
178,0.27361518585656713,0.3790394482320337
179,0.2728576337560287,0.37817090945910653
180,0.2719211699342627,0.377621418994185
181,0.27101867546742864,0.37751874956107573
182,0.2701540698964802,0.3772614734523762
183,0.2694732956351992,0.37740698629931296
184,0.26852805720323236,0.3767770929949391
185,0.2674580225228759,0.3767371374098453
186,0.2665138325277897,0.3762566867070724
187,0.2659866300748216,0.376269336421851
188,0.2650590699016418,0.3765929936795001
189,0.2642520638399346,0.37609805209416486
190,0.2636505836664244,0.37590987814872273
191,0.2628929670466933,0.37545967972552585
192,0.26222419335524577,0.37538558604331235
193,0.2609664884732591,0.37479016771519597
194,0.26021229137073865,0.3742894451519173
195,0.2595096128435518,0.3739246446039645
196,0.2587539963187929,0.3737194920650389
197,0.2581451609573203,0.37321197087839786
198,0.2574004804357162,0.372524922115544
199,0.2565379556087308,0.3724676730546357
200,0.2557402887001602,0.3725145611014663
201,0.2551703906714538,0.3724890038076421
202,0.25442182286849235,0.37191203885520185
203,0.25383956941439284,0.3716041075388542
204,0.2531446331903244,0.3716972346726383
205,0.2522227829656944,0.3712752762880325
206,0.25157375214719874,0.37148046464317386
207,0.2508025864970104,0.37140641360165133
208,0.2501747824928977,0.3712640762351768
209,0.24943774749562303,0.3714393298214342
210,0.2486056434679737,0.3713694879256843
211,0.2479340309320494,0.37101876616903545
212,0.24710318502865686,0.37071907343452654
213,0.24626591946559526,0.36998482748220957
214,0.24527304973965217,0.3696829067222481
215,0.24451986881441595,0.369230411019147
216,0.24378493069090248,0.36881938272466813
217,0.24273565506078223,0.3682932576585262
218,0.2420907534706164,0.3685858018845688
219,0.24136099301231337,0.36842856831757875
220,0.2406489108127973,0.36850870945305114
221,0.2401286603028376,0.36819671589621816
222,0.23945182171230842,0.36764902982941505
223,0.2389015859075631,0.36724799183595597
224,0.23814988892375794,0.3672267665884788
225,0.237293428900882,0.36731877042143196
226,0.23655595839905688,0.3668113640178816
227,0.23577722787353,0.36665850140846395
228,0.2353428040195973,0.36674033001578044
229,0.2346037527975522,0.3669544974844848
230,0.23371562998088166,0.36595154292508236
231,0.23325943089942852,0.3661862581919525
232,0.23264654695861686,0.36581881255501153
233,0.23200088726793736,0.365883071884622
234,0.23133017800071023,0.36635011285676455
235,0.23083721910924287,0.36618319974721675
236,0.2304157636130335,0.36591202801802686
237,0.2297088913383242,0.3655270572573777
238,0.22917747900803548,0.3655222679461728
239,0.2286207267648322,0.365511106094433
240,0.22807376530911402,0.3654253702004232
241,0.2273890231174848,0.364974865803026
242,0.2268028985118261,0.3647761577111998
243,0.22603097476112413,0.3640156824426048
244,0.22552299902756673,0.3639931042633248
245,0.22494771364627378,0.363814413821627
246,0.22440276841532605,0.36363327382318056
247,0.22384374187058173,0.3636141036564276
248,0.22319864672283793,0.3632812253912996
249,0.222583165884522,0.3628935941433705
250,0.22192952194375165,0.36251990895521174
251,0.2213897705078125,0.36194521418945147
252,0.22083542160453554,0.3620092656338525
253,0.22036135070671742,0.3616812481363496
254,0.21981288917977007,0.3615251174199768
255,0.2191434219070015,0.3610354136416862
256,0.2184708577129856,0.36153268978388187
257,0.21780000327757498,0.36190155112787387
258,0.21729049521319205,0.3614521983063398
259,0.21676771232492073,0.36161922368940774
260,0.21627620511528806,0.3615661392100667
261,0.2157991985942042,0.36117359332666504
262,0.21534217689304472,0.361249841439398
263,0.21474174515641517,0.36117479337342456
264,0.2142156395297222,0.3609600629507422
265,0.2138359279511595,0.36116949197558507
266,0.21338190639245838,0.36076999487753736
267,0.21291299703005254,0.36080016815194293
268,0.21242560291895152,0.360923759874416
269,0.21193328921941068,0.3615081434281907
270,0.211468347787353,0.36164347891741366
271,0.21100792269878105,0.361602953011739
272,0.21044810579392673,0.36174200881853347
273,0.2099386783785346,0.3615177378036324
274,0.20942565401815208,0.36133158601411947
275,0.20899235925009085,0.3610327143903501
276,0.20841757389254095,0.3607412262003819
277,0.20796732670661006,0.36062505440038434
278,0.20746401248472185,0.36032762406566055
279,0.2069967322319305,0.36052498716740006
280,0.2064292052835541,0.3603703207994188
281,0.20580867581841306,0.36007308493138324
282,0.20532526576745838,0.3600710067844001
283,0.20482609690369813,0.35992268437616776
284,0.2044702735562153,0.3599193374111639
285,0.20400968716966172,0.3599192689308974
286,0.20335262371168075,0.35972694216534884
287,0.20282192109251124,0.3596618988141828
288,0.2024544520307545,0.35952422134256556
289,0.20196178347565408,0.35939160228812184
290,0.20161373469088598,0.3593992703838681
291,0.20090060405448928,0.3595765340218403
292,0.2004676802717858,0.359922824211609
293,0.20008824289979188,0.35959978346298016
294,0.19979971307024644,0.35954759156294874
295,0.19942446944577497,0.35979408365207166
296,0.19906287163054967,0.35948608221850636
297,0.19867867596809757,0.3596277435649228
298,0.19835377344369384,0.3594419284079953
299,0.19774259926148752,0.3592028590327729
300,0.19723968828455338,0.3596317075515041
301,0.19668285539235927,0.3598147373115288
302,0.19629186908488042,0.36028613375947616
303,0.19561980491460756,0.35992113935684295
304,0.19481376664079017,0.3597796228819398
305,0.19438555275915037,0.35969467243092207
306,0.19388539997770216,0.3595131454063388
307,0.193405893337903,0.3594260724009178
308,0.19286065777058833,0.35913063089968317
309,0.1924107331806207,0.35916070406825823
310,0.19193440411105972,0.3593886258679518
311,0.1914546232646918,0.35890349936275
312,0.19094661527153806,0.3591837210358688
313,0.1904708507449128,0.3588166537436316
314,0.19007276732624206,0.3586718402204071
315,0.1895905831399478,0.358730328972851
316,0.18927871349246003,0.35897220636932126
317,0.18881870777864032,0.3590662235365332
318,0.18855996968630254,0.3590517562936515
319,0.18811151290796777,0.35888672986038667
320,0.1877323497425426,0.3588890686422924
321,0.1872452620976067,0.3593196381154804
322,0.18685435643911866,0.3593069126931846
323,0.1865134208953406,0.35960700021415193
324,0.18617919534759844,0.3597496427325329
325,0.1857291417192455,0.35965979115487084
326,0.18529768574817487,0.35933272342345135
327,0.18478506463274644,0.3592808015834829
328,0.1843022997737183,0.3590726018461102
329,0.18373349857128699,0.3588571131733204
330,0.1833065589437021,0.35857185333218805
331,0.18295615520840217,0.35868105004991396
332,0.18262057475761428,0.3587501715393135
333,0.18220494211854188,0.3584052027217299
334,0.18186861969703852,0.35851337070229694
335,0.181547588324194,0.3581779886939657
336,0.1810159824363273,0.35788725178524156
337,0.18066464317273387,0.3578099937156091
338,0.18033427264675278,0.357767505621036
339,0.17992996312599102,0.3578152359532503
340,0.17954478354585096,0.3579184996311715
341,0.17923917226005054,0.3580560280397712
342,0.17887129995333972,0.35808537959188785
343,0.1785793667363818,0.3580145518589475
344,0.17806419711284355,0.358127004492499
345,0.17770219605266419,0.3580244011266821
346,0.17749944448975125,0.3581242662147176
347,0.17713424972953554,0.357918933926974
348,0.1767591351434494,0.3578849984270386
349,0.17633090513201144,0.35715950787188483
350,0.17572640868624473,0.35768494594695927
351,0.17538190845707255,0.3575858828334331
352,0.1750270206378832,0.35704903810603394
353,0.17458083816108946,0.356897204261811
354,0.17425543561294266,0.3566501280325695
355,0.17377702579941862,0.3570820896147619
356,0.17334197288335756,0.3569489953714242
357,0.17299626291932313,0.35680206390418107
358,0.1726005183213861,0.35681252297995186
359,0.17222643604238239,0.3566057332526804
360,0.17158687341540863,0.35721399825083683
361,0.1713285385680249,0.35745949960596685
362,0.17087440410073665,0.35776204980493204
363,0.1705072898945395,0.3574692656900599
364,0.170150014865222,0.3571875961083156
365,0.16984220992687138,0.35733906594762116
366,0.16946180476698763,0.3577073834583839
367,0.16911296562210953,0.3575874824689738
368,0.16886795398800872,0.35749144857786735
369,0.16859290866972781,0.3573768733246016
370,0.16816653358507863,0.35729109245124496
371,0.16775211068086845,0.3568630329616846
372,0.167414594654301,0.3573028311160042
373,0.16702575360997787,0.3571764075721013
374,0.16685571327774015,0.3570317057168128
375,0.16660368518143828,0.35732153512653625
376,0.16629696093956461,0.35686402626866637
377,0.1659418795627973,0.356643663599279
378,0.16558189472738835,0.356598325503954
379,0.16527073479101975,0.35645334799884393
380,0.16500201235361886,0.3568430719256982
381,0.16460833236984673,0.35672741040211764
382,0.16438216034000067,0.3569010130013873
383,0.16403793431739727,0.35685308847477515
384,0.16373012937904666,0.3568602366474046
385,0.1633689509385736,0.35746276084632006
386,0.16298490044430497,0.3569531067196114
387,0.16269337047230115,0.3571525025559922
388,0.16244245533207255,0.3570549400847315
389,0.1619564322538154,0.3567947261151446
390,0.16161552896963366,0.35682884714456636
391,0.16133646733161006,0.3570453084806932
392,0.16093917427304935,0.3570222647119141
393,0.16062238503712176,0.3570663646677345
394,0.1602263823624141,0.35679746853375527
395,0.1599547565613438,0.3568561946761146
396,0.15960357859573204,0.3568392514660435
397,0.1593357916866246,0.35704596479569245
398,0.15901432480922964,0.35688847293953996
399,0.15852925338906415,0.3563990708494741
400,0.1582340458230791,0.35612413770614226
401,0.15802848767528574,0.35616095529243286
402,0.15759228954355511,0.3559342587921917
403,0.15729627548766187,0.35594346319918563
404,0.15685460935435386,0.35580719228344243
405,0.156324664835698,0.35559545475582605
406,0.15600218178101877,0.35559249551006855
407,0.1556990544841355,0.3555424238101674
408,0.1554302513977438,0.3551362950164166
409,0.15521983818070328,0.3553502671011473
410,0.1548328681929671,0.35534457892767773
411,0.1544804966222912,0.3555373746366632
412,0.1541484647270993,0.3553892253088847
413,0.15383120772702497,0.3554571586888098
414,0.15357648595442983,0.3555320729084968
415,0.1532571159507961,0.3557858867134036
416,0.15305613866568116,0.3555777506970819
417,0.15280020715822376,0.3557407449706063
418,0.15259526194276063,0.35573625461361014
419,0.15226310100918342,0.35583556880887496
420,0.15184498438119384,0.35604573755488916
421,0.15155809979106105,0.3558621709148075
422,0.1512144705709897,0.3556855816857104
423,0.15093023126775568,0.355886522949954
424,0.15066673488495969,0.35602569058786265
425,0.15029495916709334,0.3559673098160139
426,0.15008227164851182,0.3560642363818267
427,0.149809307074194,0.35607150947223715
428,0.1495287453649412,0.3561111640573925
429,0.14917292201745838,0.35616350187244294
430,0.14870801284499702,0.35643675884233095
431,0.148476905096913,0.356201170380048
432,0.14815074444825252,0.3565992835198402
433,0.14781788993335426,0.35653948171308697
434,0.1475341506538633,0.3567090887306361
435,0.14731076907909949,0.35685280329199714
436,0.14691336311195163,0.3565526265700616
437,0.14661930076163618,0.35647451345185677
438,0.14638085395538783,0.35659517018305886
439,0.14602695005388644,0.3564783558266708
440,0.14577479291919926,0.35649039960810874
441,0.1454956828917812,0.35672153960462877
442,0.1451660059471211,0.35697855672103845
443,0.14496243176450185,0.3567575952819622
444,0.1446956287730824,0.3565733647289647
445,0.14432459502593156,0.35701797555039355
446,0.14396306172989892,0.3571903471815727
447,0.1436487403530903,0.357259978080577
448,0.14329323960157075,0.35691811778602645
449,0.14289549490866146,0.35708564722887404
450,0.14261430413728032,0.3570287975969116
451,0.14243823126052954,0.35708209869866653
452,0.14214566898144324,0.35731473693221233
453,0.14193928821394358,0.35729189694036095
454,0.14173482689242534,0.35734739495385914
455,0.1415620283647017,0.35748978740790477
456,0.14133596924344277,0.3572874850567265
457,0.14106885978585823,0.35734560959701217
458,0.14081717041531777,0.3571741160211814
