0,0.666796442414175,0.6665064225198245
1,0.6430054386852851,0.6429477538834424
2,0.6264267221241694,0.6280205410861619
3,0.6094273158482143,0.6109755205019388
4,0.595577269561531,0.5985048587312873
5,0.5864571437223145,0.5894482717279232
6,0.5750495851501938,0.5782362933791511
7,0.5647618155410784,0.5693505883133109
8,0.5588637781829665,0.56438880725643
9,0.5530517848491141,0.5604886967055589
10,0.5470726376488095,0.5550419247962035
11,0.5404392719796858,0.5492321034697922
12,0.535341045257129,0.5448858780740846
13,0.5308659786929852,0.5416342893355008
14,0.5253238107674938,0.5380316756487459
15,0.5219060785878669,0.5349814503879949
16,0.5167697640352471,0.5297051625257428
17,0.5119126025228405,0.5255588957910433
18,0.5069841995323747,0.5211143663653788
19,0.5019637030752526,0.5166360399979164
20,0.4987993377651751,0.5133686665467995
21,0.495372683502907,0.5107857872219085
22,0.49257422496842124,0.5084428695645539
23,0.4904073755342435,0.5075062432799932
24,0.48816580365794576,0.5064709255147711
25,0.4859165939381748,0.5043598099081439
26,0.4827310386818245,0.50238776841522
27,0.480478415589528,0.4997240038157547
28,0.4782721940861192,0.4984160465082578
29,0.4756731981718923,0.4965084238556055
30,0.4738409944282946,0.49519615844144516
31,0.47071934696843853,0.49238973439482103
32,0.4686551690761697,0.4908542404643425
33,0.4671687636264535,0.48987315118847646
34,0.46429984091656284,0.486717253045598
35,0.4625738234747024,0.48551490820604426
36,0.46059710902893136,0.4843119617834359
37,0.4586652753625069,0.48350979060005206
38,0.4564843668890158,0.4819055528029214
39,0.45464148368286267,0.48037886326855816
40,0.4525286736810458,0.4796243333706423
41,0.4510801532867871,0.4789465549814082
42,0.44911350997975497,0.47708946629205606
43,0.4470412211032669,0.4758044985263346
44,0.4456419073466051,0.4747314000330941
45,0.44367529783534054,0.47344757910684304
46,0.4422067027551391,0.47185449311965083
47,0.44073594474581257,0.47043214983039333
48,0.439232573820771,0.4687918914217835
49,0.43817415797169157,0.4679611444427421
50,0.4364560487394449,0.46706727451177404
51,0.43483946199300944,0.4662791165400986
52,0.4330189515849945,0.4647107419761254
53,0.4315361960781769,0.4632721799537119
54,0.429951850494013,0.4622526293305483
55,0.4280983554168397,0.46063352961319926
56,0.4261833182469027,0.45792673289979785
57,0.42404914931997506,0.4570345690608932
58,0.42252759627197534,0.4548094054754932
59,0.4211582931569248,0.4545107952233055
60,0.41878606684316166,0.451947315012319
61,0.41703335074491277,0.4511773594382968
62,0.4159232273714355,0.4500881885356214
63,0.41456936892216917,0.44971568383584515
64,0.4129268608219996,0.44915246967949385
65,0.41157269821082504,0.44838144766418175
66,0.40993431319430024,0.44670777408871476
67,0.40857528399259413,0.446174464047793
68,0.4077222788188677,0.44566539041283315
69,0.40661543363484565,0.44445142902355683
70,0.4057533036038725,0.4436180092518104
71,0.40427997711620983,0.4432590216469776
72,0.40249566197527337,0.44152358679196374
73,0.40118110800370294,0.4404608898660638
74,0.39986297168076895,0.4396682730712509
75,0.3985168524622785,0.43881817055973266
76,0.3969485260719477,0.4369855466493104
77,0.3957398204444387,0.4356500291413217
78,0.3944143504399398,0.43555814871694887
79,0.3928431852051322,0.43418264628652203
80,0.3909962127111019,0.43254398120234294
81,0.3895255222933105,0.4317392806592786
82,0.38828535280618426,0.43156856764462675
83,0.3870599858652582,0.4308993843190926
84,0.3854994325014708,0.4291555727735128
85,0.38427436972245294,0.4279749007515121
86,0.3825925909403551,0.42727802112712615
87,0.38113508087192,0.42627733228642334
88,0.3797326241088732,0.42584895278347706
89,0.3784427072518688,0.42538748329927156
90,0.3771179131627215,0.4245913824408175
91,0.3753663123248027,0.42302738264337825
92,0.37363022374420335,0.42206232472801025
93,0.37250087057897285,0.42139927150699014
94,0.3707774554112161,0.4208243330084126
95,0.36935935120777963,0.41967248064937657
96,0.3680242832052879,0.41806197372300824
97,0.3663854588437846,0.4172524276785612
98,0.3648241281773429,0.4165232836075972
99,0.3631287634966777,0.41546022211423544
100,0.36157081240699407,0.4145649434931136
101,0.359772370635209,0.4133020867205228
102,0.3586802942016196,0.412856773784507
103,0.35709841570848905,0.41218902125701595
104,0.3557324921701966,0.4112628274558894
105,0.3544729915040144,0.41108570053843835
106,0.3530282224399571,0.4105650768631916
107,0.351506939758098,0.4092164801887386
108,0.3499388837339078,0.40822834790422174
109,0.34871243532841917,0.4082618459372997
110,0.3473556704431409,0.4080257631093454
111,0.34589917424773325,0.40692378274834773
112,0.34417971318478335,0.40608809926725364
113,0.3428573185951343,0.40642266899242063
114,0.34154198732090946,0.40619358906969294
115,0.34012516735664106,0.40493090774839957
116,0.3389508658205288,0.4040678243052792
117,0.337654054626938,0.402753724611078
118,0.3360734941687431,0.40243285702771187
119,0.33449347444282945,0.4014197014002595
120,0.3333677036289625,0.4000941258337649
121,0.3322866784113718,0.3999693805650943
122,0.3309852709933901,0.39871131177135755
123,0.32988143363268274,0.39862704912745983
124,0.3283905671416459,0.39745770700675737
125,0.3271859845977817,0.39665847421703376
126,0.3260684599512043,0.39623656737847285
127,0.32467100496175944,0.3960939179019416
128,0.32382175111823436,0.39524606939200535
129,0.32269009984080843,0.39479603978906375
130,0.3216311094636801,0.394687533416212
131,0.32064160318469687,0.39379300290642316
132,0.32000674969070114,0.3936584939393163
133,0.3184456893904001,0.393064808069263
134,0.317526782469892,0.3924535040661667
135,0.31644795397719405,0.3919509369156892
136,0.31558714198115656,0.39205525820216514
137,0.31472457260520487,0.39188437900040207
138,0.31385037748520556,0.3913259884959949
139,0.3130045370142061,0.39087096530211246
140,0.3117216158810908,0.39021066311306823
141,0.31074944683087624,0.390196637023098
142,0.30985916492550875,0.3901672999068413
143,0.3089146408131748,0.3901083574184565
144,0.3076928900193798,0.3897348164043003
145,0.3065419413586656,0.38928245154466246
146,0.30549893637960274,0.3886118317755417
147,0.3047697251025228,0.389016811219096
148,0.3037021168046615,0.38843418739845603
149,0.3027236955374446,0.38793828901102795
150,0.30175270933909537,0.3875289391374686
151,0.30062464041303294,0.387184259822066
152,0.2997282076779658,0.3870922190375468
153,0.2989594215570494,0.38698204070562303
154,0.2980506195710479,0.38660057021450256
155,0.2970418159087763,0.38641320015154856
156,0.29616758699300944,0.3857201105830301
157,0.2951582425984565,0.38595512964960194
158,0.29444674030358875,0.38582703830479526
159,0.29323445232471623,0.3853877903329374
160,0.2920428473556029,0.38530645013571424
161,0.290995415130987,0.3849615700776935
162,0.290118617736884,0.3843343487478269
163,0.28932262602306547,0.38396181771410404
164,0.288453838225879,0.3834075978700286
165,0.2873907585608735,0.3820454366562416
166,0.2865260600515642,0.38173671952873217
167,0.2855855576355724,0.3813432504027504
168,0.2845203150414417,0.38098550480926124
169,0.28377535493666944,0.38105542062182446
170,0.2829032720521439,0.38104287117179764
171,0.28201266908698436,0.38088256554287125
172,0.2811686197916667,0.3806685729584288
173,0.2804615278444681,0.3802923481019109
174,0.27969791247599146,0.38047664531034553
175,0.2788527141245761,0.38028636731770094
176,0.27797356792462624,0.3800851385897674
177,0.2773171189351467,0.38003898908813394
178,0.2764010508591154,0.37935706524870544
179,0.2753713276167117,0.37835672850761726
180,0.27436323366555926,0.3777114269427863
181,0.273768360564611,0.37766744162064686
182,0.2728619073844563,0.3771536955229742
183,0.27196042218213595,0.3766681611316921
184,0.2712424648956603,0.3763791826789029
185,0.27046742655774153,0.37627918480230654
186,0.269782318757354,0.37639379808930246
187,0.2690085646586033,0.3766909463802762
188,0.2682075711711829,0.3765576155869787
189,0.26745348620916387,0.37616217800890234
190,0.2666535234926547,0.37592110346123536
191,0.265644162200218,0.37556672500303956
192,0.2646832978342591,0.37532492406268914
193,0.2639159818292324,0.3749306197278662
194,0.26330383909105065,0.3744480845133188
195,0.2623685074274986,0.37388770754128536
196,0.2616017997462884,0.37395780621457525
197,0.2609567061347159,0.37346758674908076
198,0.2601300954554696,0.3733055748895306
199,0.25952216029035163,0.37336134635876067
200,0.25890004780073367,0.3734671045265932
201,0.2581758213993719,0.37358145263161985
202,0.2572419936474772,0.3730109956876904
203,0.2562685741538621,0.3726648663380344
204,0.2554534202398256,0.3724088934536686
205,0.2548704432490656,0.3721880102685793
206,0.2542184553009067,0.37237097132126057
207,0.25347513429086205,0.3722217393296788
208,0.25255796785238444,0.3720681452566717
209,0.25189839275440373,0.3719656200343853
210,0.2512347283685458,0.37171663263370774
211,0.2505552982571117,0.3716550125086803
212,0.2499558965233077,0.37161249746762226
213,0.24921754349109737,0.3712648106465747
214,0.24840808416389812,0.3711122747253524
215,0.24776856685397633,0.3710632285784378
216,0.24725841974235188,0.37118220603177127
217,0.24666589544725048,0.3713705462725515
218,0.24604484752431133,0.37083875515074616
219,0.24550389557053745,0.3711857998987194
220,0.24482441476545197,0.37079944591278363
221,0.24427906936189264,0.37071636638577976
222,0.2435806629269622,0.37081175783353576
223,0.24279170073280038,0.3706689319926304
224,0.2421103780583818,0.370076534789673
225,0.24140668258582504,0.36967196632540333
226,0.24068786350727608,0.3694050828492504
227,0.23992002366785195,0.36971655386679736
228,0.23922763287955082,0.3697216889089508
229,0.23865045186293085,0.3698977557498667
230,0.23802283066319732,0.36968433204777296
231,0.23720431407028655,0.3694194972631479
232,0.23677105232990725,0.36944931336309944
233,0.23624698136203973,0.36918017017071936
234,0.235509304245181,0.3693560410623772
235,0.2348325946930371,0.36983200761969504
236,0.23417247886277512,0.36959168867742065
237,0.2335551146785022,0.3695229553142195
238,0.23264548469619498,0.36867999361668796
239,0.2320815685183503,0.36834168979138315
240,0.23143429507976881,0.3682786331924273
241,0.23070777056621158,0.36851159903502945
242,0.230180404511005,0.36870372163923903
243,0.22966799308295266,0.3680183964310645
244,0.22921921908525403,0.36787907596469127
245,0.2286896394072709,0.36765048883275786
246,0.2280674762240016,0.36734135751818764
247,0.22740232482437014,0.3672510446757271
248,0.22697142878772147,0.36726952178337163
249,0.22656172269734565,0.36714282185315206
250,0.22601443403715046,0.36702702780977425
251,0.225396309448107,0.36688284720296316
252,0.22468835570883514,0.3671768047898993
253,0.22407060287323505,0.3675646531642548
254,0.22345835874775055,0.36748343478421025
255,0.22313949568063055,0.36742658810214085
256,0.2225494553744463,0.36704115716701774
257,0.2219377181854755,0.36692707218865384
258,0.22135440323703973,0.3668657526139089
259,0.22096034458705358,0.3668519969243589
260,0.22039582008539244,0.3663238412896759
261,0.21987631154614826,0.36608853937079955
262,0.21932209475359912,0.36571623066884995
263,0.2189293372406648,0.3658447955255409
264,0.2185080729977765,0.36594255793156266
265,0.2181743059971536,0.3655189859001684
266,0.2177177420750277,0.3654752890764671
267,0.2170831758450564,0.3654198349769519
268,0.21663239099918674,0.3654151211011524
269,0.21620049798739444,0.36525372998491873
270,0.2156533614081534,0.3648694500329745
271,0.21503033643281078,0.36473732129596903
272,0.21442961666407115,0.3640944313829631
273,0.21397445526629982,0.3641291275343858
274,0.21352622200088248,0.36413027341276144
275,0.2129806400269501,0.3640316873313319
276,0.21253320096207087,0.3640916669668975
277,0.21201115774025817,0.36416223744070647
278,0.21146474777002008,0.36423193417471234
279,0.21106053349187603,0.36393989440541813
280,0.21050910485015226,0.36435664279278585
281,0.2101953111481693,0.36435069441714285
282,0.2096669312199353,0.36473528257762017
283,0.20919167823833748,0.36469300207894967
284,0.20858915039603232,0.365104835423132
285,0.20807798941138048,0.3651526160353952
286,0.20750104496513358,0.36509161660429257
287,0.20706415017973942,0.3652626421720818
288,0.2066190937164746,0.36550277729371183
289,0.20613040691726364,0.3653027774974576
290,0.20543965522369012,0.365438964665468
291,0.20475816357043364,0.36524781106298077
292,0.20442120286977436,0.36506975463007985
293,0.2040218044885105,0.3655391861135333
294,0.2035309716580582,0.3652714993351009
295,0.20313153948102677,0.36543507517035406
296,0.20268528326801288,0.3656964195611261
297,0.2019565789274467,0.365721078466784
298,0.20148867652529762,0.36490057744613197
299,0.201001814697536,0.3648274069552704
300,0.20026655397805926,0.36503381249054234
301,0.1997903378170854,0.3648179231516389
302,0.19947160993303573,0.36497066353542734
303,0.1990668549226104,0.3650226036463396
304,0.19847972105243805,0.3650858986694829
305,0.19794735322362958,0.3652197941243952
306,0.19747863972305854,0.3650821384729403
307,0.19709345246206222,0.36496405394346804
308,0.19658541758591155,0.36509689648052934
309,0.19610673433390435,0.3653481490885589
310,0.1957606656738822,0.3656352315546409
311,0.1953334195801322,0.3655948768574652
312,0.19490865747529934,0.36579017149438603
313,0.1944974474732662,0.36589957582915156
314,0.1940638477752111,0.3656104093203281
315,0.19352531221881922,0.3659601861350588
316,0.19314051360915005,0.3658335366320123
317,0.19269633583584234,0.3655889481544983
318,0.19211506553134516,0.3655871760040842
319,0.1915592096440684,0.36580101797224196
320,0.19116957823963523,0.36560098108591055
321,0.19070647483648256,0.3656346557672909
322,0.19030207468161683,0.36574509555670853
323,0.1897962196324751,0.36581169630815924
324,0.18941628761333748,0.3656604841111689
325,0.1890248819311064,0.365702165793821
326,0.18864172241616486,0.36529576768213623
327,0.18829769840008131,0.36555235647807105
328,0.18782207366504014,0.3660133489296067
329,0.18735484717824266,0.366097841845142
