0,0.5820093408442951,0.6001813866499979
1,0.5245202355502997,0.5576594290916144
2,0.4787704893370727,0.5223283058316396
3,0.44043772607177534,0.49474648595902954
4,0.40940176507117104,0.4737003253400551
5,0.38174303845597746,0.45435494934015386
6,0.3587519376066152,0.4442805782280069
7,0.336312164295199,0.42991471144847365
8,0.31718352093762137,0.4177073965380111
9,0.2986926757066119,0.4105470302083459
10,0.2836916231719355,0.4038658272655195
11,0.26921785462773484,0.39810007662238994
12,0.25543132854391454,0.3935329531560054
13,0.24401571023492225,0.3925291259179245
14,0.2336842968612415,0.38963040102183594
15,0.2227076011608678,0.3850841155187243
16,0.213112669753287,0.3801800754413263
17,0.2038532171153422,0.37925050912643715
18,0.19471883179164254,0.37862002926685706
19,0.18737292009622905,0.3759918472080488
20,0.1793401279256728,0.3752897569244717
21,0.17224314553017914,0.3748618469058189
22,0.1657238767039758,0.3746745989545754
23,0.15881592628880958,0.3746728537404716
24,0.15233598207687735,0.3746153243634988
25,0.1466138563018451,0.37600212758037127
26,0.1410588784438531,0.37745009054337114
27,0.13638437661557315,0.37826677739251463
28,0.1310083591135281,0.37969255788773876
29,0.12659959181291225,0.3798487179533263
30,0.12242644211443175,0.381086646455119
31,0.11794195950147016,0.38171792162871704
32,0.11342572085723931,0.38217958632670335
33,0.10942639849580799,0.3828972445870252
34,0.10584030392198393,0.3853435281724337
35,0.10236013885769914,0.38765693968502496
36,0.0993753661043712,0.38873145250569163
37,0.09596518998322869,0.3889018500258146
38,0.09294321108465015,0.3896077756134485
39,0.09009668665067129,0.3911191203749802
40,0.08733285489163081,0.39283325001638913
41,0.08469234017801598,0.39541735898646346
42,0.08206441082956337,0.39613375900851283
43,0.07959313591825933,0.3969392789915896
44,0.0769999524035343,0.3975796034258079
45,0.07472654486703678,0.3966834792445132
46,0.07271965688244418,0.39594920192083627
47,0.07065941768698888,0.39862687309854405
48,0.06876250531550147,0.3995194273189863
49,0.06690049128396294,0.401442196103047
50,0.06491092621899532,0.40270518139738193
51,0.06282055702592033,0.4041831239681804
52,0.06101758687657778,0.4058875485104233
53,0.059221211654535276,0.4088506792074989
54,0.05743417108799793,0.40902366661146194
55,0.055790068197080094,0.41177509820177505
56,0.054262490014613314,0.41309169540661483
57,0.052835371755821356,0.41662657054803354
58,0.05117801335545628,0.4203862981094325
59,0.049898976804208205,0.42133352664278245
60,0.04849895475347413,0.4257419873655541
61,0.04727148604612037,0.4260686068193976
62,0.046077176478091286,0.4275617257757692
63,0.04502197538264598,0.4297404953312029
64,0.04391800832829404,0.4308986978788086
65,0.04282056978329801,0.4309094507949879
66,0.0417010153229205,0.43183469520635276
67,0.04074359989630909,0.43453178703491674
68,0.039669503426396864,0.43594487392350517
69,0.03863798924350092,0.4362128679977109
70,0.0378424528980645,0.435865936792158
71,0.036854122648428675,0.43688791474101546
72,0.035940893324960706,0.43839345600995877
73,0.03518508370772999,0.4394026605397094
74,0.034313589161125056,0.44258292538417193
