0,0.5268025994300842,0.561116635799408
1,0.5030999779701233,0.5368238091468811
2,0.5007533431053162,0.5387264490127563
3,0.4984310567378998,0.5364795923233032
4,0.4959601163864136,0.5357698798179626
5,0.4946175515651703,0.533309817314148
6,0.4950886070728302,0.5335041880607605
7,0.49509474635124207,0.5325825214385986
8,0.4944983422756195,0.5314977169036865
9,0.493560254573822,0.5295976996421814
10,0.49391117691993713,0.5299965739250183
11,0.4930735230445862,0.5287445187568665
12,0.4912870228290558,0.5270720720291138
13,0.49053189158439636,0.5271089673042297
14,0.49062255024909973,0.5256240367889404
15,0.48980212211608887,0.5244030952453613
16,0.48952344059944153,0.5234314799308777
17,0.4894571602344513,0.5233886241912842
18,0.4895875155925751,0.5229128003120422
19,0.48846325278282166,0.5219579339027405
20,0.48875439167022705,0.5230531096458435
21,0.48903900384902954,0.5233280062675476
22,0.48926621675491333,0.523531973361969
23,0.4896745979785919,0.5238392353057861
24,0.48983529210090637,0.5241500735282898
25,0.4897393584251404,0.5243775844573975
26,0.48982638120651245,0.5240413546562195
27,0.4899788498878479,0.5239156484603882
28,0.4898031949996948,0.5240573287010193
29,0.4895855784416199,0.5240052938461304
30,0.4895264208316803,0.5241854190826416
31,0.4895384907722473,0.5242706537246704
32,0.48958611488342285,0.5244261026382446
33,0.48945188522338867,0.5239750146865845
34,0.48965510725975037,0.5237820148468018
35,0.4899163842201233,0.5233992338180542
36,0.4899481236934662,0.5236177444458008
37,0.4903695583343506,0.5240250825881958
38,0.4904259145259857,0.5236508250236511
39,0.49025753140449524,0.5235403180122375
40,0.4898642599582672,0.5225039720535278
41,0.48999834060668945,0.5221723914146423
42,0.48979803919792175,0.5220629572868347
43,0.4900764524936676,0.5224092602729797
44,0.4899815618991852,0.5224461555480957
45,0.4900303781032562,0.5223873853683472
46,0.4900113046169281,0.5224834084510803
47,0.4898361265659332,0.5220776200294495
48,0.4900330901145935,0.5225108861923218
49,0.48990103602409363,0.5222456455230713
50,0.4900277256965637,0.5225498080253601
51,0.4898361563682556,0.5222489833831787
52,0.4900105595588684,0.5222780704498291
53,0.49002739787101746,0.5222745537757874
54,0.49023333191871643,0.5221977829933167
55,0.49051690101623535,0.5225592255592346
56,0.4905489385128021,0.5224804282188416
57,0.4906357228755951,0.5226828455924988
58,0.49069181084632874,0.5227559804916382
59,0.4905480146408081,0.522716224193573
60,0.4905097186565399,0.522911012172699
61,0.49047228693962097,0.5230299234390259
62,0.49053117632865906,0.5230828523635864
63,0.49073877930641174,0.5231149196624756
64,0.49077704548835754,0.5230439901351929
65,0.49073633551597595,0.5231987833976746
66,0.49086666107177734,0.5229700803756714
67,0.49091967940330505,0.5232111811637878
68,0.4907643496990204,0.5230854749679565
