0,0.43484947085380554,0.4979134202003479
1,0.3849059045314789,0.4064338207244873
2,0.376646488904953,0.40237852931022644
3,0.37296316027641296,0.39483699202537537
4,0.3691311776638031,0.3914110064506531
5,0.3656352162361145,0.3881891667842865
6,0.3648090958595276,0.38633695244789124
7,0.3650345802307129,0.38627731800079346
8,0.36427369713783264,0.3854815661907196
9,0.36353784799575806,0.3827340006828308
10,0.36314457654953003,0.3831303119659424
11,0.36252281069755554,0.38289135694503784
12,0.36161184310913086,0.3825664222240448
13,0.36000993847846985,0.3805658221244812
14,0.3599103093147278,0.37939000129699707
15,0.35959339141845703,0.37987759709358215
16,0.36006852984428406,0.3805560767650604
17,0.35974743962287903,0.3812147378921509
18,0.3592781126499176,0.3803284168243408
19,0.3601044714450836,0.3809320330619812
20,0.3600873053073883,0.3811044991016388
21,0.36023953557014465,0.380654513835907
22,0.360495001077652,0.3805217146873474
23,0.359352171421051,0.37855324149131775
24,0.35895442962646484,0.37735429406166077
25,0.3587994873523712,0.3773963749408722
26,0.359205961227417,0.37766581773757935
27,0.35949552059173584,0.37812814116477966
28,0.35916051268577576,0.37793490290641785
29,0.3593028783798218,0.3771446645259857
30,0.3594774901866913,0.3765195310115814
31,0.3586210310459137,0.37550029158592224
32,0.35830360651016235,0.37556126713752747
33,0.357791006565094,0.3752427399158478
34,0.3574703633785248,0.3746240437030792
35,0.3578142821788788,0.37430086731910706
36,0.35731786489486694,0.37392663955688477
37,0.35691002011299133,0.37392258644104004
38,0.3566436767578125,0.373300701379776
39,0.3566049635410309,0.3733614981174469
40,0.3563576340675354,0.37381693720817566
41,0.35637006163597107,0.3745117783546448
42,0.35630932450294495,0.3744924068450928
43,0.35612305998802185,0.37402859330177307
44,0.35617923736572266,0.37402233481407166
45,0.3562554121017456,0.37409737706184387
46,0.35585591197013855,0.3734148144721985
47,0.3555697202682495,0.3738263249397278
48,0.3554719090461731,0.3738787770271301
49,0.35571691393852234,0.37437984347343445
50,0.355779767036438,0.3746332824230194
51,0.35553792119026184,0.3745100200176239
52,0.35555315017700195,0.374586284160614
53,0.35535743832588196,0.37428581714630127
54,0.3555203378200531,0.3741154670715332
55,0.35563790798187256,0.3740445375442505
56,0.3555589020252228,0.3742712438106537
57,0.35566210746765137,0.37436428666114807
58,0.35560446977615356,0.37434375286102295
59,0.35533925890922546,0.37429988384246826
60,0.3555285930633545,0.3739810287952423
61,0.3552666902542114,0.37358084321022034
62,0.3554689884185791,0.3736557364463806
63,0.35539931058883667,0.3738774061203003
64,0.3552190661430359,0.3736998438835144
65,0.35546040534973145,0.37416350841522217
66,0.3552902340888977,0.37367600202560425
67,0.35542407631874084,0.37387704849243164
68,0.35535115003585815,0.3734911382198334
69,0.3554874658584595,0.37360724806785583
70,0.3554860055446625,0.3733918368816376
71,0.3556251525878906,0.3737059533596039
72,0.35567086935043335,0.3736253082752228
73,0.3554755747318268,0.37387874722480774
74,0.35548484325408936,0.3738862872123718
75,0.3558526933193207,0.3740786910057068
76,0.3560650944709778,0.3744460344314575
77,0.3560989201068878,0.37425071001052856
78,0.35610491037368774,0.37408578395843506
79,0.35632848739624023,0.37416937947273254
80,0.356327086687088,0.37418973445892334
81,0.35625195503234863,0.374458372592926
82,0.3561614155769348,0.3743140697479248
83,0.35633590817451477,0.3743674159049988
84,0.35633590817451477,0.37440308928489685
85,0.3564004600048065,0.3744179606437683
86,0.35635101795196533,0.3744122087955475
87,0.3562396764755249,0.37421929836273193
