0,0.6406292784333765,0.6423656650312859
1,0.6305249602807882,0.6329530774286887
2,0.6208351634259643,0.6237646168054536
3,0.6115300719885483,0.6151042317865263
4,0.6030762214966939,0.6072498715264096
5,0.5958120491717059,0.600292223231989
6,0.5888255354654149,0.5940663967336711
7,0.5821044760944035,0.5889959420071595
8,0.5747149980890666,0.5823747235927219
9,0.5681801444949091,0.5765744273808744
10,0.5624604912471305,0.5713097079485718
11,0.5568355753123682,0.5666590578869836
12,0.5512835229913173,0.5619787622487318
13,0.5460476644244612,0.5570629912942459
14,0.5406885326003197,0.5522799267892353
15,0.5362370673694089,0.5487547340560666
16,0.5313364220317822,0.5450902106299461
17,0.526632309921072,0.5414911001038601
18,0.5226123480531484,0.5385266629856938
19,0.518715636076481,0.535918055688982
20,0.5152644082104249,0.5335319392682382
21,0.5117812726174968,0.531265858206386
22,0.5088464792265389,0.5296175087512673
23,0.5058622978058499,0.5277414092868882
24,0.502469914700189,0.5256041096834502
25,0.4992919588609722,0.5229529551846659
26,0.49622182793247616,0.5208624215603631
27,0.49371185845407645,0.5188120864725516
28,0.49117098489696,0.5171875331952507
29,0.48823076714851416,0.5154268889595414
30,0.48569454157396563,0.5142228711577601
31,0.4833052690886109,0.5126439744161627
32,0.48051235570365275,0.5108153734584565
33,0.4782234850897696,0.5098079516066053
34,0.47571779336330283,0.5080997360984443
35,0.47346818151295644,0.5062863132256786
36,0.4712201378197699,0.5049667099597086
37,0.469357918430944,0.5039039148494254
38,0.46735736429533753,0.5024362726503271
39,0.4651806563328033,0.5012046426581908
40,0.4632039487326457,0.5000316309909992
41,0.46118606426887276,0.4986625440245451
42,0.45945704775829654,0.4974232526224335
43,0.45802079480286156,0.4965768603304791
44,0.45652326602344,0.49568219298603167
45,0.45452584293278286,0.49450491371133365
46,0.452788671473213,0.4935094183960626
47,0.45123363756374046,0.4927813696141412
48,0.44940423613801667,0.4918766864880636
49,0.44784109454534055,0.49024741597331856
50,0.4462207819781006,0.4894635549787802
51,0.44491951572904503,0.48837270408112704
52,0.4434555134918918,0.4874412534171696
53,0.4421040315103222,0.4868025730342366
54,0.44055235575655133,0.48583999605766687
55,0.43922689451904734,0.48566043351326005
56,0.4379901916286931,0.4850935819962438
57,0.43661706136874884,0.4842709477589196
58,0.43519084791704804,0.4835157300568093
59,0.43376998183350224,0.4829771398915171
60,0.43210868512019573,0.4818974476205244
61,0.43071596873143725,0.48066009483821925
62,0.4293785228805349,0.47969067974083013
63,0.4278298283900308,0.4792106853321541
64,0.42651486988325865,0.4785429186307792
65,0.42544828583379285,0.4779994576996149
66,0.42439375438944327,0.4775337910606481
67,0.4232996651115491,0.4773338163629899
68,0.42197642725688767,0.47672076911190975
69,0.420835256818293,0.47637518211395874
70,0.41995130663039965,0.4755633080626265
71,0.41900897199672554,0.4751538940632507
72,0.4179195191493559,0.47452706773519265
73,0.41689585766821763,0.4740264113464769
74,0.41605267912580746,0.4734458538721341
75,0.4150391544175745,0.4729472868120885
76,0.41417191093115463,0.4728835472407855
77,0.41319155403883834,0.4726201953567234
78,0.41229185041511873,0.47259888511710263
79,0.4114251509151256,0.4720213901818618
80,0.4104304386141823,0.47159590772559856
81,0.4094368920671603,0.4712127453645585
82,0.4085389546205088,0.4711103882014468
83,0.40769186887782766,0.47056545889946233
84,0.40655974857066,0.4698950671896055
85,0.40569045380281765,0.46937033836286807
86,0.40492739710349224,0.46892840674749514
87,0.40411331571053644,0.46837600749616076
88,0.40323672700203617,0.46815368791069467
89,0.40243462074578534,0.467612588337089
90,0.4016378998063148,0.4672759414983256
91,0.400556277718071,0.4665867951570618
92,0.39979928022655753,0.46595909740641933
93,0.39886670253585954,0.4654136086394715
94,0.3981129433570748,0.46489130798136585
95,0.3974145358975385,0.4647371694504679
96,0.39674649731963363,0.46435563259779716
97,0.39606174910620756,0.46430845383405056
98,0.3953360500463592,0.46372130959359714
99,0.3943158696830753,0.4629966063113848
100,0.39369453115478853,0.462571170889865
101,0.3929302361598098,0.4625028140929549
102,0.3921768889569697,0.4620117049892659
103,0.39133402852756605,0.4614481046110644
104,0.3905421155848312,0.4609396304072808
105,0.3898487013161277,0.46096276588556817
106,0.389194978725046,0.4607801349109027
107,0.3883836466632931,0.46004357688270714
108,0.3876869478943666,0.459630460761897
109,0.38706632950664466,0.45947648945360997
110,0.3865090805767367,0.459521400019621
111,0.38583819967028155,0.4592943199345129
112,0.3850609900805525,0.4589514296450682
113,0.38457261805971354,0.4585250756992756
114,0.3840624165925326,0.4580360676671908
115,0.38354659026886007,0.45788837240784414
116,0.3829700118573316,0.4578712604778482
117,0.38238100461344726,0.4573196343049785
118,0.3817171860819113,0.45665803987603737
119,0.38109001516754226,0.45621452409868574
120,0.38056578017729886,0.45604857783488945
121,0.38000251272087165,0.45591862717285025
122,0.37932330662024705,0.45573787554216433
123,0.3785996034737955,0.4552103627343164
124,0.37791874055597297,0.45498757914149734
125,0.37732011215707634,0.45463337548998584
126,0.3767620912961565,0.45429253007381776
127,0.376013770374289,0.4537546231448808
128,0.37551566852715057,0.45331027417445663
129,0.37495659810089377,0.45272619809845094
130,0.37446420000432273,0.4526461199453656
131,0.3739221754951386,0.4521105565134649
132,0.3732801297772602,0.4518509229840061
133,0.3727525622519179,0.4512335215015908
134,0.37212542933861187,0.45095502652216063
135,0.37158576609995664,0.45073288378362836
136,0.3710614184799973,0.4504832132231153
137,0.37064318597255685,0.4501099642937172
138,0.3701739010920277,0.44955141501241297
139,0.3694702989401844,0.4491782137114027
140,0.3689578398892288,0.4492622011441572
141,0.36864322183435594,0.44925350564222855
142,0.36820692685709694,0.4489835418995084
143,0.3676262799349591,0.44869933181282834
144,0.3671695756505138,0.44834776708647517
145,0.3667956136593936,0.44831432026946805
146,0.3662583965189241,0.4481319815135043
147,0.3656227897405585,0.44824339800571383
148,0.365150856602806,0.447976843663639
149,0.36467270476104974,0.4478260657964688
150,0.36401191592377,0.44751160934441436
151,0.3634902108187398,0.4470502412110079
152,0.36302338791122407,0.4466675462587156
153,0.36249658869426304,0.44634184202899957
154,0.36203633936625756,0.4461262910390552
155,0.36153820419633337,0.4459749272863044
156,0.36105693279224677,0.44591468038139803
157,0.3606221114644476,0.44548353477012975
158,0.3601653908123096,0.4454101084989454
159,0.35966708641420503,0.44527509406181426
160,0.35920835730449613,0.4450972516967838
161,0.3587869965859563,0.444854502584864
162,0.3583836782528686,0.4450249203852915
163,0.35783975605466145,0.4445891192017505
164,0.3574463540583282,0.44456106433290477
165,0.35683221315919267,0.4437790237953906
166,0.3562942091705479,0.44370872187221433
167,0.35583238384459676,0.44335832180116663
168,0.35533879288062825,0.44297271321801346
169,0.354943522556921,0.4428431046407977
170,0.3545169027262726,0.4424609483247249
171,0.35416565670629613,0.442387118387227
172,0.3537347180541864,0.44224304615876325
173,0.35336870645566054,0.4419382298571977
174,0.3529477220096586,0.4415625260048103
175,0.3525377117188959,0.44113722938874905
176,0.3520814909501493,0.44070386648056026
177,0.3516749384227826,0.44063435579073196
178,0.35113345384558386,0.44016690753167986
179,0.35070021313369204,0.44008600015693344
180,0.3501175824646818,0.43971791963563567
181,0.34970667658527826,0.4394930804878804
182,0.34936904840263905,0.4392864698943845
183,0.3490223950481654,0.439158566079514
184,0.34864050644333444,0.4388459979942419
185,0.3482264977858404,0.43835484348906967
186,0.34785232258856713,0.438431023494055
187,0.3474392863214528,0.43787652904061447
188,0.3470449463183421,0.43759895518252795
189,0.34651392464755687,0.43711170458961396
190,0.34613976098780214,0.4370506505922948
191,0.34579322350482494,0.4368600444740224
192,0.3454842901333946,0.4367739443734178
193,0.345106392618768,0.4365659990342015
194,0.34481549737819905,0.43631823819689847
195,0.3444260503198659,0.4362802663414363
196,0.3440748392231319,0.4361793087129865
197,0.34366771662245893,0.4359334783026078
198,0.34323408036558495,0.4360422158621677
199,0.3427960579205987,0.43580715670634307
200,0.3423667389209186,0.43567337811162526
201,0.34205966975348884,0.43556861891795196
202,0.3415052814228436,0.4351712856313753
203,0.3411122394241678,0.434765399883582
204,0.34077207478228094,0.43453444350790427
205,0.34037126154923664,0.4345666090711699
206,0.3400433482918588,0.43439353854704577
207,0.339643282293653,0.43413125583508205
208,0.33926499471353466,0.43393061016676415
209,0.3388622242235043,0.4336856969703091
210,0.33845138406696623,0.4333724155953158
211,0.33811990984602525,0.433312520369529
212,0.337769533454719,0.4330911801268502
213,0.3374120865868734,0.43308139725511474
214,0.3370701384445307,0.43290128022822183
215,0.33681583685796496,0.43300192784586916
216,0.33649244652361865,0.4327499291521889
217,0.3361386142591344,0.43238396054019573
218,0.3358142006507883,0.4327316857139968
219,0.3355147484763807,0.43263823745809654
220,0.3351894670078433,0.4327473637242319
221,0.3348825558732743,0.43260150816563286
222,0.3344954268819993,0.4324709285640337
223,0.33416433954114616,0.4323052178662719
224,0.3339782913196748,0.4322405023968938
225,0.33371994824217893,0.4321005020273877
226,0.333440113311696,0.43186234205027935
227,0.3331588593958093,0.43176594964547543
228,0.33284029811278515,0.43169908837836635
229,0.33241680188684525,0.43139469012348314
230,0.33220076070398785,0.43132389978610025
231,0.33184928621431087,0.4311467977058552
232,0.33155258465139775,0.4310731115400492
233,0.33115809727295203,0.4307983732141405
234,0.33091205252952893,0.4309574911975347
235,0.33061535749461346,0.43075260303443963
236,0.3303515048511228,0.4309622751205301
237,0.330078950431838,0.43071699688992765
238,0.32986042986259834,0.43059084673675985
239,0.32960757219813375,0.4303207925139842
240,0.32926233134193317,0.43006301026921284
241,0.32890548232914263,0.4300822441812691
242,0.32862956991479264,0.42974363120438147
243,0.3282423064981947,0.42961786655673706
244,0.32791786599067757,0.42947669767619095
245,0.3276856144707519,0.42909520540541984
246,0.32742030247777576,0.42891953785876186
247,0.3271154767496129,0.4288125557703878
248,0.3269140743607413,0.4286697226700552
249,0.32670960092964846,0.4284860215117332
250,0.3263908133834912,0.42850003881777693
251,0.32611605668703386,0.42839898425498957
252,0.32584486844767985,0.42840652494596804
253,0.32554785131449493,0.42789326427577273
254,0.32534528974118215,0.42772450326177947
255,0.3250863890231548,0.4277320461466822
256,0.3248399538092636,0.42756581033656793
257,0.3245465881171499,0.42754925499634766
258,0.3243032107025064,0.4275979895871251
259,0.3240570970249645,0.4275983282498795
260,0.32372335730277607,0.4276569704490716
261,0.3234474796959611,0.42761298998881203
262,0.3231541282101479,0.42720842293373074
263,0.3228160768114385,0.4272034055057196
264,0.3225179994193246,0.4272987399704116
265,0.32226953725373614,0.42700593699366407
266,0.3219791519405882,0.4268848073410843
267,0.32173570550086006,0.4267824625283338
268,0.321437573937678,0.4267010244562529
269,0.32103907323496317,0.42674785583175673
270,0.32077177110141153,0.42661651742622947
271,0.3205438951524469,0.4267546098662568
272,0.3201895249831979,0.42644815204367753
273,0.31994997814520226,0.4262291099782639
274,0.3196746829233447,0.4261216187872284
275,0.3194832295541753,0.4260878928756857
276,0.3192290855127754,0.4262345424438797
277,0.31897479273598445,0.4262194554090114
278,0.3185763110285081,0.42566351680799797
279,0.31829660734102155,0.42536791456995204
280,0.31800063505181375,0.4253125040103774
281,0.3177269351873729,0.42521014508257676
282,0.31748878318514107,0.4251235077560271
283,0.3172245780929249,0.4250079424831284
284,0.3169843021096101,0.4250089260916881
285,0.31664669326748557,0.42474146648044314
286,0.3163640560740332,0.4245040587087538
287,0.3160784958271906,0.4243763497022491
288,0.31580692964566354,0.42393288409227137
289,0.31544509563634937,0.4237153235966651
290,0.31522076035203017,0.42346696673506523
291,0.3149373096085498,0.42347303402302966
292,0.3147428061224977,0.4232423670184316
293,0.31449917286593576,0.42339342540862474
294,0.31431972599218316,0.42347469286014566
295,0.31402434422648084,0.4231890448217475
296,0.31377236449467166,0.4230538305790059
297,0.31350294573005055,0.4229655192518138
298,0.31321638683620334,0.4227211310318523
299,0.3129957473408229,0.42266944489130714
300,0.31272915668491136,0.4224061696311699
301,0.312447283602734,0.4222733948899563
302,0.3122621198123734,0.4221444855233454
303,0.31211006245865114,0.42199881184485843
304,0.3119393465010203,0.4223574349020724
305,0.31162171121051535,0.4222458867719456
306,0.31142743623503066,0.4223295519769341
307,0.31115242938823484,0.4221742942616202
308,0.3108872099201747,0.42208376325210106
309,0.3106510087829492,0.4217789826356465
310,0.31042697303405287,0.42190513740998575
311,0.310247079070688,0.4217555347685338
312,0.31005079821150966,0.42179377186338535
313,0.3098225234477172,0.42175114516072354
314,0.3094872196524756,0.4216836322099955
315,0.309307608852902,0.4216352914840015
316,0.30912481322677765,0.4216400991128974
317,0.3089470116771411,0.4215084202351328
318,0.3085893835445771,0.4213322804080043
319,0.3083177348779785,0.42126001693046483
320,0.3079962891552616,0.42108271532026503
321,0.30778313347488295,0.42096897248861953
322,0.3075814742386684,0.4208545769170029
323,0.3073594766900883,0.4207508428554872
324,0.3071237634037782,0.4208153598931033
325,0.3068632647825221,0.4207163807974408
326,0.30662204808918175,0.42046906108609605
327,0.30649770468465065,0.42047889171961705
328,0.3061801894037868,0.4199623645511682
329,0.30593615520756345,0.4197287815549149
330,0.30567048829956806,0.41947092470392017
331,0.3054867346810205,0.41921557716328267
332,0.3052777223481777,0.41918216376411815
333,0.3050642828374585,0.41920411219893233
334,0.3047619486729113,0.41914926998388125
335,0.30456578545383134,0.4191349128799722
336,0.3043319787707021,0.4189639548750409
337,0.3040762343427928,0.41861670618644475
338,0.3038748840634257,0.4184825046088381
339,0.3036153674733259,0.41829973814691995
340,0.3033202127093154,0.41817153649636984
341,0.30307672294031535,0.4179599751663211
342,0.30286362364446534,0.4177923559316534
343,0.30262976256476143,0.4177956691264799
344,0.3023306509116017,0.41717711461650847
345,0.3021722783247403,0.41713866507033986
346,0.30197417399713816,0.41707466012723426
347,0.30175196530335313,0.41660967707952945
348,0.3015923999619707,0.41657756309243543
349,0.30138796068564994,0.4163102740997815
350,0.30118730022002554,0.416272386629922
351,0.30097594955776547,0.41620834690693914
352,0.30078723523567624,0.41632005081011914
353,0.3005838837476308,0.4164889187775513
354,0.3004346353467431,0.41636173895768913
355,0.3002314405211627,0.41596840978767446
356,0.3000444051810963,0.4160684694626603
357,0.2998609801186527,0.415804682541678
358,0.29970775925659704,0.415755120891168
359,0.2995401824840637,0.4157270901028193
360,0.29931577901938644,0.4155941985155718
361,0.29914077146320023,0.41547944093020694
362,0.29898161348497077,0.41525784148647593
363,0.2988254945603217,0.4151604022844507
364,0.2986048642497194,0.41503236211499644
365,0.29841112592049535,0.4149094745310035
366,0.2982232321263371,0.4147679503927358
367,0.29808177435615535,0.4146302692630539
368,0.2979237899091784,0.4145341741628
369,0.29768394051370056,0.41427638058414795
370,0.29753342643195524,0.4143931767445483
371,0.29733560049163876,0.4140478327622279
372,0.2971877000720405,0.4140317936715361
373,0.29702809279633896,0.4140632335646925
374,0.29680536156928916,0.41394295627261113
375,0.29663856736196736,0.4138076046981847
376,0.29644277375134825,0.4136414594833107
377,0.29628447526820917,0.4136534772821196
378,0.2960722046932454,0.4135302983482327
379,0.295852108059836,0.41342550298114394
380,0.2956232820413987,0.4133447243509141
381,0.29546811303666426,0.41372152487205904
382,0.29527990815467037,0.41357379147968004
383,0.2950452671577958,0.41342647048697884
384,0.29486329180006055,0.413429457858701
385,0.2946812222142929,0.41336853540429636
386,0.2945083410355666,0.4132667179490158
387,0.29433349847334195,0.4134035908856309
388,0.29419313872244357,0.41335176795043727
389,0.29404135169685397,0.4129898903855018
390,0.29385122104946493,0.4131573462291733
391,0.29370725192315483,0.413098945672994
392,0.29354658863351374,0.4131442737129633
393,0.2933914185201411,0.412969202007488
394,0.2932235217448757,0.4127976244800856
395,0.29305930093483235,0.41281232591221273
396,0.292851990201266,0.4128890039407142
397,0.2926125167853029,0.412958593008327
398,0.29247043486109714,0.4130056603089562
399,0.2922707078475584,0.4128626026981067
400,0.29207595228642214,0.4127430947771666
401,0.2919224008202391,0.41251594022341687
402,0.2917657561184523,0.41231374932284687
403,0.2916635537991252,0.4122889262031425
404,0.2914472608946455,0.4123694226578918
405,0.2912553715305548,0.41226338369606447
406,0.2910996197821696,0.4123956238999608
407,0.2909413276450965,0.4124317982757807
408,0.29076178498710664,0.4123002827484023
409,0.2906363408053907,0.41228077976755706
410,0.2904202617667202,0.4120101557168854
411,0.2902515156134498,0.4117668476132932
412,0.29006087209431375,0.4114566712660408
413,0.2898984065951699,0.41143538248621864
414,0.28965616143551565,0.4112114425560058
415,0.28947444589929955,0.41129140026328875
416,0.28925617977413276,0.41130574074934134
417,0.2891151904596984,0.4111643874437901
418,0.2889657392406094,0.4111597469449634
419,0.28882430162267997,0.4112702257993747
420,0.28868643532493826,0.4111546871530967
421,0.2885356514432529,0.41107949138649524
422,0.2884284869449899,0.4111438642325368
423,0.2881983241345512,0.4109781716810441
424,0.28804085765586895,0.4108731086067087
425,0.28783799433250334,0.41078055163758787
426,0.28769293639618343,0.4105717929719552
427,0.28748123406062304,0.4106400309558308
428,0.28730160279884864,0.4103975744618213
429,0.28711903710477105,0.41040848421024445
430,0.2869728786112337,0.41054131254237775
431,0.28682550128823586,0.4105958551186655
432,0.2866635689651729,0.4103914593261751
433,0.2865313190311743,0.41035787811764685
434,0.2863664315586199,0.4102202682880425
435,0.28621646713352455,0.40999966535134436
436,0.2860365415586145,0.41002095185208426
437,0.2858851545386557,0.4100349883883148
438,0.28578491559416597,0.40991865487569396
439,0.2856861436596776,0.40991367965845105
440,0.2855177145502268,0.4096762160391568
441,0.2853509804513084,0.40963883046085414
442,0.28522629665520793,0.4094634379492088
443,0.2850684025260257,0.4092296391662041
444,0.2849467623431827,0.4091107177547618
445,0.284799004000376,0.4088060337603171
446,0.2846363955147209,0.40881478516227443
447,0.28444975701543795,0.40876634045007854
448,0.28428076723767254,0.408728499360034
449,0.2841351699501206,0.408524630844532
450,0.2839440546288275,0.4084316583979879
451,0.2837319494724966,0.4083622268631948
452,0.2835524200715746,0.40814668106665364
453,0.2833704049983969,0.4080103529379929
454,0.2831436482029434,0.4076774076927339
455,0.28294667894417774,0.4078049595090196
456,0.2828242811784882,0.40789259574252984
457,0.282674428984964,0.407906952728793
458,0.2825266457183231,0.4078299342812163
459,0.2823479182617786,0.4077179692816048
460,0.28221926717306733,0.40756564481227203
461,0.28208688199443793,0.40749791985422956
462,0.28189780827877076,0.4073437942168823
463,0.28170880653122166,0.4071511562303768
464,0.281575380670763,0.4072478395944804
465,0.28142140554506684,0.40711652604128623
466,0.2812540887322246,0.40719031893360735
467,0.2811502359791243,0.4070974191595125
468,0.28103846400584004,0.4070674422084813
469,0.2809321363816595,0.40721249120235126
470,0.28078831109483443,0.4072255125945143
471,0.28065653830178783,0.4071169124557351
472,0.2804321931343833,0.40696253882717126
473,0.28031184523343744,0.4070175704282923
474,0.28019677670751314,0.40714666658980936
475,0.2800718663713816,0.40709481939592695
476,0.2799654879219886,0.40710089759124407
477,0.2798173213460683,0.40698361245474246
478,0.2796705347094281,0.4068775665451601
479,0.27953084079090074,0.4066212484224189
480,0.2793519664686882,0.4065581828790931
481,0.2792216437200255,0.40643888633515113
482,0.27914564994578883,0.406329924599553
483,0.27901580640530405,0.40637681466683817
484,0.2788562820986762,0.4062201241097742
485,0.27866463095713884,0.40626854751082864
486,0.2784815592983156,0.4064344751516192
487,0.2783631718227728,0.4064799283742393
488,0.2782624675353761,0.40646713518810285
489,0.27811925584223135,0.4063557139492001
490,0.27794768090299304,0.4060269653236978
491,0.2778376822762128,0.40599726871306757
492,0.27767833685854454,0.4057817558384349
493,0.27746817724941236,0.40580030282207197
494,0.2773602089090452,0.4057398367095758
495,0.2772089869628739,0.40581824994659793
496,0.2770445317596428,0.4057362605490275
497,0.2769057157559223,0.40572041385939017
498,0.2767151827154498,0.4055945619184673
499,0.2766026590317842,0.40554959442167215
500,0.27643211215308333,0.40554326577835675
501,0.27630606320130996,0.40551470691066466
502,0.2761291167215045,0.4056515103190287
503,0.2760054591011395,0.40586782106489777
504,0.2759020593863728,0.40585081191166417
505,0.2757079187344746,0.4057334424983454
506,0.2755619312168554,0.40575708709012354
507,0.2754756479935576,0.4060248287754472
508,0.27535670261406403,0.40587289962498174
509,0.27522204380487114,0.4057718251261321
510,0.2750651760925023,0.4057921674653856
511,0.2749580944051999,0.4058038144048508
512,0.2748170863638085,0.4058546869955016
513,0.2746435634409278,0.4058836594132419
514,0.2745393620516653,0.40582106314057065
515,0.27443861875445746,0.40583199380117274
516,0.27430025692749743,0.40590145894947477
517,0.2741590387428791,0.40566805577994447
518,0.27406889132583206,0.4056667236913484
519,0.2739103016939739,0.40564936075416685
520,0.27375162613948406,0.4055481367824741
521,0.27364664351872403,0.4054929287191067
522,0.2735477525704796,0.4055648602766278
523,0.2734185845864764,0.4052497278207354
524,0.2733183831978218,0.4051785142942141
525,0.2731823291226546,0.4052057353034911
526,0.2730517417962776,0.40518199343329797
527,0.2729042371371975,0.4051894443232692
528,0.2727342739932317,0.40535529439035317
529,0.27261579502589345,0.4052151438197314
530,0.2725105510660608,0.40518543509280125
531,0.27238757082567894,0.4049738268717438
532,0.2723013746188183,0.40474701974020155
533,0.2721895180512003,0.40478124762649
534,0.272048604752186,0.4047251180182044
535,0.27189965417905027,0.4046641899985074
536,0.27180039234525377,0.40443885519196837
537,0.27162624874609903,0.4042200677696887
538,0.2714977964725392,0.4040015778254745
539,0.2713787580614783,0.40408924670794477
540,0.27129847294299664,0.4041616503943258
541,0.2711457011000995,0.4041354227375464
542,0.2709478533964879,0.4042306453819991
543,0.2708596347780352,0.4044124608766878
544,0.2707228540875433,0.4040728282876486
545,0.27056420533202674,0.4039133808870424
546,0.27046574584869193,0.40389905513208124
547,0.27033976330251996,0.4038020483942714
548,0.2702352905611131,0.40403823833937225
549,0.2700755400966583,0.40394926240104573
550,0.2698738904255796,0.40380572662004577
551,0.2697260696831756,0.40390937665628024
552,0.2696448807972536,0.4040733461704373
553,0.26946164872039413,0.4042259555240605
554,0.26935582599078756,0.40423300722638544
555,0.26924649937497613,0.4041919717257527
556,0.2691164177191522,0.4040886049663912
557,0.26900567130496844,0.4039824104749245
558,0.2688948259087727,0.4040709088283766
559,0.2687858928842709,0.40415107539065387
560,0.2686970581875648,0.40411441857177355
561,0.26858007139944823,0.4041794545194882
562,0.2684576594205034,0.4041271227144638
563,0.2683668688767199,0.4040739836154533
564,0.2682290661474062,0.4038394585743558
565,0.2681017037870167,0.40384845081204845
566,0.2679552585890991,0.4039424721138792
567,0.2678064009337926,0.40408292858064937
568,0.26765280936319286,0.4042082403933661
569,0.26755300745585386,0.40423836123004325
570,0.2674199897388354,0.40414736853458627
571,0.26726540753625516,0.4043842318549508
572,0.2671527515108023,0.4043596443844699
573,0.2670693743827243,0.4042536682005279
574,0.2669354460041275,0.4043350552467641
575,0.26684908598019863,0.4042620328225463
576,0.26669045208091424,0.40437699891341333
577,0.26660425390739473,0.4044463963114438
578,0.2665200267013427,0.40426699531335486
579,0.2664102676649266,0.40438914002853604
580,0.26624807326601707,0.40452850934110157
581,0.2661450977647441,0.40458077857202907
582,0.2660305222983593,0.404555532540811
583,0.265889545239261,0.4042514120199054
584,0.26574951776907985,0.4040523297357694
585,0.26559938382899706,0.40401323382269166
586,0.26549424639333824,0.40394032505108535
587,0.2653994516814445,0.4038207708820051
588,0.265277926212284,0.4038363567823702
589,0.2651320987585622,0.4038248500047374
590,0.26501834899081966,0.40358719320000047
591,0.2649176693138005,0.4034895811158077
592,0.2648308745934597,0.4034026080272879
593,0.26469840384166005,0.4034140049607885
594,0.2645329924809549,0.4030292427219474
595,0.2644373983237819,0.4030937900378843
596,0.264336163529271,0.40306425062510287
597,0.26422120582396297,0.40288920048107424
598,0.26410781038531644,0.4027274990172261
599,0.26401458027577623,0.4026344677217523
600,0.2638543371678368,0.402404221928832
601,0.263758590072935,0.40218593501183153
602,0.2636541619305057,0.40238351795559524
603,0.2635192379782933,0.4021625257592873
604,0.263422139749441,0.4023919281623342
605,0.2633256814018519,0.4024681524576887
606,0.2632291542342513,0.4025124003099136
607,0.26316385130104275,0.4023555013841908
608,0.26306602282408,0.4023489656129135
609,0.2629531385737589,0.4025366454464964
610,0.2628452860978719,0.4025330212742265
611,0.26274564259002653,0.402502440259596
612,0.2626305482397804,0.40245134105569197
613,0.2625300921291086,0.40245720219501074
614,0.26241670430709535,0.4023218125736943
615,0.26230234506590716,0.40229450927096777
616,0.26215145390308675,0.4023348225893977
617,0.2619992387290855,0.40226892166661227
618,0.2618946775961067,0.4022106975942149
619,0.26179582137514046,0.40240419314828174
620,0.2616951710886356,0.402207906477805
621,0.261578330297642,0.4021195510240374
622,0.2614998350106032,0.4021484036787155
623,0.26136501180740457,0.4021795495187058
624,0.26125551197353375,0.40189607416579387
625,0.26114398867008554,0.40191523483366143
626,0.2610386376858285,0.4019758564894566
627,0.2609476103786376,0.4020792198006603
628,0.26087169533303955,0.40210867455366006
629,0.26076310199047525,0.4019674526305523
630,0.2605986285060381,0.4018983351916811
631,0.26050187333938357,0.40199427464058873
632,0.26040154691824224,0.4019268466979039
633,0.2603217804087242,0.40200296173686356
634,0.2602470059176693,0.40187501134995735
635,0.2601534320166046,0.40168565380840854
636,0.2600542380977159,0.401909358684642
637,0.2599531396484114,0.40177293605898184
638,0.2598838912951631,0.40193189366131893
639,0.2597644335815009,0.40211047123463917
640,0.2596150545391114,0.4021047914276898
641,0.25953940463751757,0.40201462138295035
642,0.2594090324847218,0.4021530085988786
643,0.2592840621958381,0.40214669914895484
644,0.25918997934209603,0.40213930917311613
645,0.25909980309297737,0.40207991558230477
646,0.2589517418975727,0.40194080506961394
647,0.2588441376024111,0.4017781788254616
648,0.2587517954289353,0.4019363054757826
649,0.2586458533163855,0.4019497531012339
650,0.2585362874943836,0.40186713785981565
651,0.2584650126549455,0.40181689290268285
652,0.25836858597712453,0.4017503207927741
653,0.258273567674234,0.4017186277650836
654,0.2582209818215648,0.4016432377955744
655,0.2580837217693055,0.40155533654036896
656,0.2579832608100571,0.40155689103391523
657,0.25788612224952745,0.4015113649210286
658,0.25779577039028073,0.40139654198347396
659,0.2577007306942053,0.4015692368784258
660,0.25758656052907125,0.40161393419679464
661,0.25748242972276003,0.4018032228050903
662,0.25738793518403463,0.4016664095003164
663,0.2572848808201054,0.4016912985726232
664,0.25720657508459877,0.40171031490924236
665,0.2570648286079578,0.401637261939047
666,0.2569735073861145,0.4015848824260146
667,0.2568824697060507,0.4014530988517424
668,0.25680558088826033,0.40147656471363663
669,0.25669789783537933,0.401293528863095
670,0.256631784786841,0.40144560862532924
671,0.25655975326261293,0.4016992714883411
672,0.256485866889831,0.4017434091578941
673,0.2563559558963762,0.4015798932952948
674,0.2562540165664928,0.40153309006756366
675,0.2561514513450644,0.40164464147024087
676,0.25602171747950664,0.4016634801030553
677,0.25592696832194695,0.4015938457749867
678,0.2558316662708805,0.40169138884089145
679,0.2557239137769524,0.40155038285393063
680,0.25560385662728874,0.40122042346490255
681,0.2554906300069533,0.4011112641951465
682,0.2554063917251359,0.4010217443713278
683,0.25534899475104283,0.40103221388918153
684,0.25524004936131356,0.40111325578244766
685,0.2551654698058533,0.4009730556917507
686,0.2550513537078968,0.4009871253371879
687,0.25493755567137066,0.4010203784690032
688,0.2548005796848367,0.40096081168394254
689,0.2546726175008562,0.4007467713665284
690,0.25457567748307275,0.4006371694629526
691,0.2544602296571352,0.4008100768727207
692,0.2543743289901254,0.40075312801966556
693,0.2542644902601129,0.4008211469762352
694,0.25416152721715657,0.4005293291719014
695,0.2540890641764428,0.40044675088250303
696,0.2539939537640755,0.40029749432546685
697,0.25393517975646934,0.400361406530478
698,0.25384356568232885,0.40042226453054297
699,0.2537526441419814,0.4002633402687665
700,0.2536799283565261,0.4001553771445374
701,0.25360440486606195,0.39993731700359936
702,0.2535217204502312,0.39978952170226595
703,0.253403977664369,0.3997253861346471
704,0.2533156357141457,0.39976756182860046
705,0.2532170906306525,0.3997920555675188
706,0.2531340489374915,0.3998538560180356
707,0.2530221569850318,0.3998679013481761
708,0.2529534366892214,0.40002493742111594
709,0.25279403858311095,0.3999187331454706
710,0.2526915573499057,0.39992302305512545
711,0.252606444136474,0.39988879610040573
712,0.2524985077237243,0.39995842007206395
713,0.25240461604942094,0.39987016383405427
714,0.25229819920743657,0.3999263118166402
715,0.2522125346198057,0.3997670393878935
716,0.2521433562559536,0.39976084439810483
717,0.25200914343065817,0.3997034410592641
718,0.2519265314461757,0.3997789896211447
719,0.2518541355915045,0.39985206721834915
720,0.25169648400079747,0.39971738401394297
721,0.2515900866946766,0.39957341920827116
722,0.2515127889266321,0.3995469924587713
723,0.25137789274469,0.3995637101095158
724,0.2512837130862379,0.3993940019971951
725,0.25119520210502944,0.3994821044220146
726,0.25110146254379234,0.3995296825982392
727,0.2510009690160114,0.39938121679867566
728,0.25087695354821044,0.39935627298421733
729,0.25078817950194826,0.3993758604776638
730,0.2507067493642128,0.39928371518007116
731,0.2506025357654664,0.3991910111755684
732,0.2505185075944409,0.3991454414897559
733,0.2504622445181379,0.39927816475275413
734,0.2503922313796797,0.3994466029534591
735,0.2503044205543135,0.3993063877663038
736,0.2502269002383633,0.39917641854721925
737,0.25013836813692897,0.39913472438604725
738,0.2499688938267464,0.3991912396215631
739,0.24988454542415867,0.39900734796777987
740,0.24979132849038332,0.39891112293695136
741,0.24968077732522007,0.39897855113387937
742,0.24952307022083747,0.3989518700593572
743,0.24944344322845102,0.39879664254582037
744,0.2493757417943674,0.39878079901059527
745,0.24929405278262212,0.3986375456751939
746,0.2492455260620664,0.3986536242589837
747,0.24915169426619768,0.3986415334613689
748,0.2490402408991848,0.3986933181115503
749,0.24896420642611466,0.3983970895886075
750,0.2488653010911459,0.3984068975944848
751,0.2487962255717218,0.3982416055895965
752,0.2487005017442516,0.39811491515378156
753,0.2486124078513222,0.39827165541821896
754,0.2485289809578944,0.39833051265964586
755,0.24844499131932485,0.3982533857649208
756,0.24835715424031868,0.3981065266464402
757,0.24829806779688404,0.39820109410743065
758,0.24822044540226815,0.3982675051206849
759,0.24813035646833365,0.39821169275165796
760,0.24803220352709776,0.3983757344582049
761,0.24794127651162967,0.3981901489598893
762,0.24784791819906238,0.39817444161127025
763,0.24777037362825838,0.3981770766770022
764,0.2477263709849784,0.3980851773689225
765,0.2476199201650759,0.3981193396501316
766,0.24752270788410513,0.39808551487921445
767,0.24743552094952828,0.39810028310420176
768,0.24734695889827524,0.3980638430253002
769,0.2472588639747794,0.397981371498966
770,0.2471855042008742,0.3979712409505337
771,0.2471048299834588,0.3978917042600005
772,0.2470214493555048,0.3979461747761885
773,0.24692140481096994,0.39796803530020614
774,0.24684181297080998,0.3978784907968315
775,0.24676140161771415,0.3976614165644557
776,0.24666048904496585,0.39762024352416575
777,0.2466031956869716,0.3975281152406847
778,0.2465339511383471,0.3975275078718009
779,0.24643348796089912,0.3974909962937098
780,0.24634380560293706,0.39743097721026566
781,0.24626288597245274,0.3975075338394913
782,0.2461952094969463,0.3976555646753557
783,0.2461280845063304,0.39782906590011385
784,0.24605343094377594,0.39781128245146935
785,0.24595179259427485,0.39782309609139926
786,0.24585202147972707,0.39772297237186555
787,0.24573324127588053,0.39767748811459425
788,0.24566166380738153,0.3974578350648997
789,0.2455766038024604,0.3974459367078418
790,0.245473473833719,0.39743344702444827
791,0.2453941744479577,0.39739491416724204
792,0.24530103000756964,0.39715725090662335
793,0.2452138684840603,0.3969269570536187
794,0.24514991451427046,0.39696559096092404
795,0.24505760240198185,0.39711253169798993
796,0.24495683792927933,0.396938734791851
797,0.24482714679063736,0.3969559955663426
798,0.24473313749479186,0.39711808932668985
799,0.24465861902983346,0.39723823979793776
800,0.2445960835498129,0.39728837783030485
801,0.24453158919111598,0.3971716985006789
802,0.24444780096487037,0.3971861197648129
803,0.24435871701591316,0.3972272975167238
804,0.24426387916523407,0.397170728462257
805,0.24418452094643722,0.39706925019864525
806,0.24408729094534964,0.3969960816019465
807,0.24403613491618759,0.39710417164853395
808,0.24394359140242802,0.39712986307886644
809,0.24387194827818018,0.39707998998155997
810,0.2437964615674491,0.3971908073285329
811,0.24368112708089004,0.39706401595521923
812,0.2435790457029266,0.3970001597860956
813,0.24349467545503295,0.39708003526527424
814,0.2434270446414439,0.39705434578385235
815,0.24334045105259014,0.3970286524837372
816,0.2432946582669956,0.3970153805186694
817,0.2432054202915818,0.39699611013674474
818,0.2431608661633805,0.3969547338298882
819,0.2430697554991879,0.39698421943061013
820,0.2429926058016161,0.3969246962834514
821,0.24291274308755934,0.39675166375502396
822,0.24281957550714112,0.396738692280545
823,0.2427149983666093,0.39690024462707213
824,0.24263644285647515,0.39732976637676803
825,0.24253837342592272,0.3972506526034093
826,0.24243409221886283,0.39727696684956054
827,0.24236432450396722,0.3973493646198035
828,0.24228375023702972,0.39733761299010684
829,0.24216254311776836,0.3971270833274716
830,0.24208550081066904,0.3971418595852391
831,0.24199713838713585,0.39700226612026307
832,0.2418876950043871,0.39683192507063586
833,0.24179398828014873,0.396757453193703
834,0.24173406304308676,0.39678408161785755
835,0.24163979001249947,0.3967349225926916
836,0.24154627231630899,0.3965444864480496
837,0.24148886541053954,0.39651902080547996
838,0.2413963593288758,0.39645570335921043
839,0.24133091086343628,0.3963009540396979
840,0.24127346814673825,0.39632086192164667
841,0.24119468948175699,0.3962798881388553
842,0.2410346417530397,0.39627310727997617
843,0.24095171232542362,0.39632182966757284
844,0.240876081681072,0.39641796220409
845,0.24081914599565998,0.39659052404272815
846,0.2407523472068382,0.3966089311944583
847,0.24066252062817164,0.3967329870557991
848,0.24058745666135628,0.39665745409024905
849,0.24049481075418191,0.39663529567640515
850,0.240412022158055,0.39673386889853934
851,0.24035658218226774,0.3967691743395677
852,0.24030681812701593,0.39685086295132704
853,0.24023396055333016,0.39704027503677675
854,0.24017193635653983,0.3969102249921095
855,0.24008325884955278,0.39699821156694753
856,0.2400105661205628,0.3968436049088741
857,0.23994627335682922,0.3967135587071431
858,0.23983666220067615,0.3966195675418673
859,0.23973600703583695,0.39665534908907396
860,0.2396799883067703,0.39689811979049827
861,0.23963462890947704,0.39693725153205256
862,0.23957056851571112,0.3969861226130265
863,0.23950266938830067,0.3968556921147194
864,0.2394215997619672,0.3968307464213719
865,0.23936899472478845,0.3967302710879407
866,0.23927921880972838,0.3967215229852379
867,0.2392306781401214,0.39657504428729384
868,0.2391570549955223,0.3963707731028844
869,0.2390984743880471,0.39624395383837935
870,0.2390402472235821,0.39619220898070234
871,0.23898670635785108,0.39616210322239365
872,0.2389048687033578,0.3961704006753557
873,0.2388539203492209,0.3961681369213381
874,0.23879744976719197,0.39605154021582556
875,0.23871210875697907,0.39622260417691263
876,0.23861008147284277,0.3962046241576746
877,0.2385360899503294,0.39625490973563277
878,0.23845299426629324,0.39617095022015847
879,0.2383385598649668,0.39620081469725255
880,0.23823080825321638,0.3963484193165649
881,0.23817315550052093,0.3963386572124121
882,0.23810376842783065,0.3961785612627864
883,0.23801574920986793,0.39608327447213765
884,0.23797102244642246,0.39614975543426406
885,0.23790348796740465,0.3962434272504073
886,0.23780871316610064,0.396375389169876
887,0.23772178378737546,0.396421169016971
888,0.2376648490197304,0.3963946953296994
889,0.23761164657804823,0.3964114351859897
890,0.2375330151825265,0.39667258067728445
891,0.2374441718794877,0.39668773918230005
892,0.2374032559686172,0.39668316380270946
893,0.23733903974297246,0.39658062176259107
894,0.23728749115185166,0.3965861623449375
895,0.23720684308046205,0.39664778330431755
896,0.2371263098038425,0.39670308920996356
897,0.23705390428649958,0.39670928554086654
898,0.2369828729773133,0.39668605885646613
899,0.23692090068190777,0.3967164412636042
900,0.23683975856378725,0.3967575475574278
901,0.23679097035029245,0.3970294153143309
902,0.23673331809493936,0.39695847542977636
903,0.23666360308298018,0.3970038853835533
904,0.2365987255929349,0.396986382204673
905,0.23654612149626456,0.3968691399726322
906,0.23647653174591457,0.3967606487813658
907,0.23638845087256025,0.3969550494358867
908,0.23633551421622823,0.39697446826937455
909,0.23625346447217496,0.3968949363651601
910,0.23615475312641476,0.39686809236050363
911,0.23607551551176795,0.39674600965506346
912,0.23600483976605555,0.3966426627173179
913,0.23591404176381348,0.3964501426420588
914,0.23587572976332966,0.3965588376366821
915,0.23583093785569492,0.39645801373731826
916,0.2357837050926107,0.39646250892250384
917,0.23568284936840594,0.3963893056976615
918,0.23561176674517376,0.39633153463666076
919,0.23557215716752664,0.3965411443689328
920,0.2354738147969901,0.39642126813255757
921,0.23542236125437893,0.3966580292341165
922,0.23538756430640034,0.39658655097090834
923,0.23529752853301636,0.39668964656551287
924,0.23523561067471394,0.3966984273918735
