0,0.6239858408543196,0.6265415752375567
1,0.5988507101481612,0.604764837436575
2,0.5776908960642321,0.5853581483086581
3,0.5596190063129268,0.5689458530731302
4,0.5440536698456421,0.5567601371063757
5,0.5296865545299857,0.5438378042644925
6,0.5161166942932389,0.5329179760009524
7,0.5034056468010264,0.5228824673506318
8,0.49218197337826264,0.513377891346891
9,0.48343155988301084,0.506505677797807
10,0.4741480596536814,0.4981811541728872
11,0.4658978478727079,0.4926478525633534
12,0.45780150042393936,0.4859571592675315
13,0.4518670845544458,0.48115897012293024
14,0.4424796951166797,0.4729236940148646
15,0.4378570446047546,0.46994502247956693
16,0.4327018144865369,0.466807760109031
17,0.42787413062413576,0.4625096799362273
18,0.4236016839872612,0.45914979867991945
19,0.41871347861663766,0.4566199481881485
20,0.41451317007135574,0.45400135351157694
21,0.40880811456334926,0.4502515404904015
22,0.40592618807894326,0.4484581940782764
23,0.40253449916981365,0.44587079020483156
24,0.39686980454869425,0.44096795628783564
25,0.39461706946042796,0.43990401031557846
26,0.39071999783637534,0.43761671267095065
27,0.38644930531308214,0.43478251536766055
28,0.3824978922099962,0.43325027733962373
29,0.38079069286582884,0.43189406234514777
30,0.3767053301507178,0.4295502816124883
31,0.3741959423273723,0.42893454829063365
32,0.3721845359566088,0.4281105542801833
33,0.3693767310052236,0.4262221051981209
34,0.367412764912798,0.424099229674333
35,0.3657283511575918,0.4227115946511428
36,0.3632788937908044,0.4208608209199849
37,0.3614379917571703,0.4194133193581981
38,0.35913379511246596,0.41738996981549514
39,0.35641028172529476,0.41499318670501156
40,0.35475076277578843,0.4143307033196959
41,0.3528865127672636,0.413644824855069
42,0.3503913433841345,0.4118343502401359
43,0.3483916429786039,0.4105059780830902
44,0.34718266644379236,0.4099154247986104
45,0.34569844818993,0.4088734490787068
46,0.3444978750353171,0.4083398124646573
47,0.3426984933039555,0.40697332843349726
48,0.3411659440549925,0.40725529035405506
49,0.3391223425687001,0.40596279866165585
50,0.33797601342519223,0.4049185339124903
51,0.3364881683479656,0.4042651983244078
52,0.33487602761192503,0.4027888563525661
53,0.3333528554906289,0.401708900323384
54,0.3317397943277987,0.4001888365657241
55,0.329989717462805,0.3992523822401251
56,0.3287530096216289,0.3981834958765715
57,0.3268424297252721,0.3976632087644209
58,0.3257057147105982,0.39682483941257474
59,0.3244711464432405,0.39591583084196796
60,0.3230458438321633,0.39523678185842026
61,0.32200625584210735,0.3945763394482946
62,0.32104956049985994,0.3937323521004704
63,0.31944150038346075,0.39298498348268884
64,0.3179236687387558,0.3918260175951574
65,0.3163224760330741,0.3916419875675014
66,0.3149530491981179,0.39185758552578076
67,0.3140564848108702,0.39153110227158305
68,0.3123671641780298,0.39038755223647786
69,0.31151531099432384,0.3897659711263798
70,0.3107330625445826,0.3899412123870755
71,0.30956726402094015,0.38953122167537607
72,0.3086638571278548,0.3892278731697135
73,0.30704197332218197,0.3884319109270576
74,0.30584032857339205,0.38759218079959434
75,0.3047347677098518,0.38714711149297065
76,0.3036066021690988,0.3867897913194996
77,0.30288764237166316,0.38636931445272193
78,0.3019681277924343,0.3859859971447833
79,0.3009418907510579,0.3854087546438215
80,0.3000481489497674,0.3847941348752963
81,0.2989411023093474,0.38371155973543564
82,0.2979360614961356,0.3833397017111854
83,0.296758122277007,0.3831177840344411
84,0.295871306394978,0.3826797658035522
85,0.2950923355147597,0.38263298510302785
86,0.2939199853912941,0.38219374509419873
87,0.29318224885375443,0.3816484634527966
88,0.2922352072023531,0.38077365660044565
89,0.29109484414583814,0.3802224185549353
90,0.29023599426518537,0.3797206612998649
91,0.28910144404559857,0.3792140996463045
92,0.288402972360812,0.3784920256599666
93,0.2877066808355968,0.378341133170638
94,0.2864052076619975,0.3777294338680804
95,0.2853849231528589,0.376853755702851
96,0.2844969507306322,0.3766503646003979
97,0.28308949324186206,0.3758269528207916
98,0.2824334621150834,0.3755005182486481
99,0.28151913631220604,0.3752187239360951
100,0.28072953784458554,0.37564465941900693
101,0.2796503036700378,0.3754472456699996
102,0.278648557418125,0.37473081117446616
103,0.2777178242788345,0.3736474692949621
104,0.2771551954248885,0.3734362478264504
105,0.2763404744187711,0.37286934732710797
106,0.27548072023552755,0.3727093228636674
107,0.27456861738180527,0.3725655410744289
108,0.27369745966292186,0.37207842407866365
109,0.27297221990851056,0.37244241515953075
110,0.2722796145549692,0.372216124287634
111,0.27154410468282997,0.37189468874561565
112,0.27025077909290995,0.37197031794983165
113,0.2695171473533418,0.3720811712659068
114,0.2689732813805388,0.37181984116052275
115,0.2681131695717648,0.371255840043286
116,0.26746264108867446,0.3712056270815314
117,0.26681858748931,0.37146524575849377
118,0.26637359070552247,0.37161432039781067
119,0.2655491957439865,0.37133155018485414
120,0.26482595370252504,0.37078115565248976
121,0.2642875128512046,0.370458845567037
122,0.2635289789958912,0.37029936043644157
123,0.2629336381845972,0.37005838848128125
124,0.2617760877344382,0.36941653512437983
125,0.2611831045193557,0.36932165964885993
126,0.2604778889629052,0.369348611435779
127,0.2598010861667648,0.3691525390292838
128,0.25922597653999674,0.3686367031241023
129,0.25843648845600614,0.3683233688156756
130,0.2578962207722613,0.36777267789162654
131,0.256557580121942,0.3666770271951993
132,0.25587340549863163,0.36644423318553776
133,0.2552087595929361,0.3661389111679185
134,0.25471437906340133,0.36593962481501635
135,0.25411465983813475,0.36561069605852325
136,0.25300409915440086,0.36606846836903106
137,0.25218857474485806,0.3660085262292158
138,0.2515781392929972,0.3654055269637081
139,0.2512011295060202,0.36545334502207066
140,0.2504351427675231,0.3651475210836719
141,0.24948589263649276,0.365600806585311
142,0.2488408642240168,0.3653377830304659
143,0.2482288892075826,0.36520391714158
144,0.24778431212865742,0.36468032528572375
145,0.2472135257960374,0.3642961895830003
146,0.24654109140535144,0.36471829739542155
147,0.2460096398501137,0.3646097540111335
148,0.24557625213290918,0.36488256304470634
149,0.2450587374623865,0.3645958521184093
150,0.24455413378252236,0.3642110132636926
151,0.24406675762750024,0.36394521916364
152,0.24318239904116115,0.3639884080442171
153,0.24225667179808888,0.3637875218589903
154,0.24130569190624584,0.3635962631043401
155,0.24083456248725493,0.36375198593786945
156,0.24047290002159286,0.36345165648778516
157,0.23988122913083673,0.3634289908819098
158,0.23928868930965777,0.36333512746231267
159,0.23864725699090059,0.3629977029652172
160,0.23787830150784037,0.3629339395495004
161,0.23747349759172717,0.36312392974991803
162,0.2369819051949674,0.36247389355733517
163,0.23630098990959914,0.3627349587512158
164,0.2357526675497854,0.363196419642637
165,0.23545237883956696,0.3632761296256884
166,0.23514194426694826,0.36322107544814347
167,0.23487030510965023,0.3633899242279647
168,0.23443406602738417,0.3634761754383959
169,0.2336665138311957,0.36380853729751256
170,0.23328184866184348,0.3640137878677773
171,0.23277436307226318,0.36355843280673655
172,0.23206110003202007,0.3633014743305033
173,0.2312236659082175,0.36372991072102673
174,0.2309307528841031,0.36374220761307885
175,0.2304031099229101,0.3635494272106342
176,0.23008868356307807,0.36321330909055494
177,0.2296012001203845,0.3629698915133578
178,0.22912611509596384,0.36275726243799367
179,0.22860859551341603,0.3617819421180578
180,0.2282155447867618,0.3617360280851326
181,0.22752696026725636,0.36164755188717096
182,0.22701666249538452,0.3616855618166959
183,0.226181748139813,0.36123777231270515
184,0.2255512909734465,0.36065054685986114
185,0.2249130613168595,0.3601064124223456
186,0.22443633903381335,0.36032514930431725
187,0.22405066977446528,0.36044242717990915
188,0.22377169732756058,0.3606699265778636
189,0.22338980854814158,0.360186000696073
190,0.22297532183184493,0.36022761611036325
191,0.2223411068977664,0.3597105937379181
192,0.22164740808510314,0.35919067728747095
193,0.22103607817325321,0.35888192038219324
194,0.2205384710338028,0.35873024528254827
195,0.22010944219085588,0.3589142191115392
196,0.21981832272881133,0.3589439995222227
197,0.21930611607697142,0.35882788830086904
198,0.21883901984047024,0.35846384654472035
199,0.2183645688498567,0.35851918457879156
200,0.21792827416509172,0.35890305676921297
201,0.2175695303549469,0.35879956359566045
202,0.217128937649911,0.3585750894039554
203,0.21679228826548538,0.3582135416094273
204,0.21642225094045558,0.3583669456870113
205,0.2160647373994636,0.3585706768720041
206,0.2157365050082918,0.35835749658450444
207,0.21532119352878865,0.35835998745502107
208,0.21485659645891372,0.35836007560741295
209,0.2144035134298309,0.3585901458013468
210,0.21358330866894953,0.3582399825094928
211,0.21323840216517914,0.3585201438738122
212,0.21261431878926043,0.35876183432142533
213,0.21208258143157724,0.3583397806905427
214,0.21173127562768243,0.35828282774657644
215,0.21118516058060632,0.35818542568382644
216,0.21074382978066372,0.3581321985847637
217,0.2104798122884149,0.35807492234312965
218,0.21023616110597737,0.3579344419054145
219,0.20957262742072963,0.3578409055913133
220,0.20888331248097605,0.35720731073598716
221,0.20849302008917386,0.35731920899549824
222,0.2076673801233325,0.35678886497484413
223,0.20707444583206588,0.3563828283343119
224,0.20679298845693792,0.3563710167680044
225,0.2062236113598618,0.3566594040436453
226,0.2059766457077516,0.35644175171822545
227,0.20563844578154766,0.35643829781101355
228,0.20487797398492238,0.35663685917524157
229,0.20414509999003824,0.35646329119532966
230,0.20371506183032742,0.35594394508239235
231,0.20342543469332455,0.3558544332414087
232,0.20310056880679772,0.35619032424073865
233,0.2027663168319315,0.3565645079565772
234,0.20250438743651622,0.35685091126653506
235,0.20193400908926742,0.3564689593680361
236,0.20164144775339443,0.35640430485708985
237,0.20136012264726924,0.35661684092314094
238,0.20084003231067116,0.356423981074569
239,0.20060485557415625,0.35648776133404303
240,0.20026988452098302,0.3565008121575894
241,0.19945326444135014,0.3560358561653023
242,0.19915316921131992,0.35617453771749286
243,0.19893583017825034,0.3562511046466334
244,0.19859205896642018,0.35608491401690695
245,0.19823439786676195,0.35601062814769135
246,0.1978296134016985,0.3556697944935569
247,0.1976008339187488,0.35570379394271645
248,0.1974001339838778,0.35570749139361496
249,0.1971764004367564,0.35549497560772886
250,0.19701975701229985,0.35539464696295675
251,0.19645028841527276,0.3552633551269691
252,0.19602449515640447,0.3553238757010106
253,0.19576755147056293,0.3553474050213548
254,0.19553238223228384,0.35528148508238944
255,0.19528771421355717,0.35524511714059387
256,0.19501660840470336,0.3554389600452312
257,0.19469772962421122,0.3551184822280433
258,0.19416902392209717,0.3548980207690013
259,0.19370029985994958,0.3547072093154023
260,0.1933404883093317,0.3545069044081386
261,0.1930243662052963,0.35476714019323624
262,0.192600299511634,0.35479642017572016
263,0.19241458760986035,0.35464230436651856
264,0.19209474119631945,0.3548019964199898
265,0.19168648833113175,0.3547882617208565
266,0.19144498244558394,0.35509796002362337
267,0.19088085713871322,0.3548314512871137
268,0.19064460450174653,0.35505896194631026
269,0.19038874619676036,0.3549299678529943
270,0.18988365694749673,0.3546498002719735
271,0.18895412739399212,0.354228188140101
272,0.18865825893696367,0.35421081663900245
273,0.18841544829259332,0.35428229347438056
274,0.188175508712409,0.35438068617805446
275,0.18784108351637405,0.35446373595851205
276,0.18744878691202288,0.3546598170851924
277,0.18722579574024026,0.35479925127722145
278,0.18683655533143276,0.35485441077108837
279,0.18659563102208357,0.35455925383139403
280,0.18625453180247015,0.35434889467839625
281,0.18608886331583036,0.3543350625313848
282,0.18579000995769035,0.35422988373690123
283,0.18529485957598585,0.3540836876215137
284,0.1849785361655084,0.3541223745992673
285,0.1846000566120502,0.3541937509403815
286,0.18436760862460547,0.353955003625292
287,0.18408731823933475,0.3541260204232352
288,0.18385065661293004,0.35414268921650505
289,0.18370247058799646,0.3541811443431668
290,0.18323588320688183,0.3543633559760613
291,0.18303402917888842,0.3546381229965913
292,0.1825966646301476,0.35420428664527004
293,0.1821649495097256,0.35403991770085497
294,0.181977554093895,0.35404426423579
295,0.1817831711712827,0.3544641790820394
296,0.18157786033224266,0.3547282332890155
297,0.18136026380418682,0.35471973826285824
298,0.18074818407435497,0.3545464146060613
299,0.18057376223798555,0.35443983932713136
300,0.1802756155256638,0.3544581927710198
301,0.17996635065106606,0.3543492611226621
302,0.1797528922211169,0.3543169587945428
303,0.17959332548743756,0.3541232028814087
304,0.17907620740779806,0.35381184969486656
305,0.1786523817443529,0.35379950736954846
306,0.17847189179484393,0.3537241088499305
307,0.178138047602422,0.35387536560224675
308,0.1775384158020856,0.3534698967099998
309,0.17726986302972533,0.3532984265231616
310,0.1770558111509453,0.35305811782785146
311,0.17667085439367683,0.35312011911510366
312,0.17643795683101796,0.353299810496287
313,0.17623260640658445,0.3530944765775795
314,0.17603654494537804,0.35286570909518067
315,0.1758308880664317,0.35293168120360907
316,0.1755729398641432,0.35260122749090894
317,0.17532443663650343,0.3526844288730038
318,0.17497799725844115,0.3529847862648595
319,0.17466671184532234,0.3532201368258847
320,0.17438530709131195,0.3531730048299925
321,0.17397800940217217,0.3532406982476084
322,0.17380396503563855,0.3532959202643257
323,0.17350057903920577,0.35341380147815304
324,0.17319258176290767,0.35335452982018795
325,0.17297856819232904,0.353089016744012
326,0.17257070741313,0.35289520209996406
327,0.1723499660149046,0.35316437292688835
328,0.17206973297716277,0.3529069072974688
329,0.17172163208194008,0.3531053379580265
330,0.17147325392463522,0.35362286856385666
331,0.17093161763320935,0.3533269343615593
332,0.17048322334649013,0.3533283542283003
333,0.17031227713013308,0.3532008623427135
334,0.1699938144862075,0.3532235636089426
335,0.16977591694234795,0.35298424750368146
336,0.16939768655391982,0.3528968974027694
337,0.16913858066552415,0.3527918437070203
338,0.16893634175014843,0.3527217807099174
339,0.16872655793232233,0.35277082828697676
340,0.1685692632217402,0.35287494130541014
341,0.16838863011417335,0.35282865907379707
342,0.16802906578871984,0.35266993796082075
343,0.16782052178101908,0.3527759011323002
344,0.16741447953729152,0.352557574455545
345,0.1671163037898917,0.352258334686073
346,0.16678273825470952,0.35204041965802263
347,0.16651965358251353,0.35201105086986595
348,0.16634130717862664,0.35205415122151845
349,0.16615961908993215,0.3520375166075408
350,0.16587308094332132,0.3518403631046158
351,0.16560094334628542,0.3518291289098906
352,0.16519888496401516,0.35218482809436935
353,0.16494943892281783,0.3524259159897045
354,0.1646687177097915,0.3523929756331854
355,0.1642925570829837,0.3525194525345421
356,0.16388617934344304,0.3524168284513209
357,0.16354795128582578,0.35210463867625025
358,0.16339624633030372,0.3521320029103355
359,0.16319873884222763,0.35232019907272566
360,0.1629308428733147,0.35231324432155353
361,0.1627443634986787,0.3524514556601249
362,0.16262503846066376,0.3524440300002911
363,0.1623778196225955,0.3525978050689292
364,0.16203497712380163,0.3525430495637622
365,0.16189560190704264,0.35235680617507864
366,0.16168386901162085,0.35233423511741596
367,0.1613872877787568,0.35205909799477675
368,0.16126561528857658,0.35194126687045874
369,0.1609681878164557,0.3518940125685062
370,0.16079602372340138,0.35213109919020325
371,0.16054891943104152,0.3523443166571842
372,0.1601018587311042,0.35285905063436884
373,0.1598526826776739,0.3530655667640358
374,0.1595342942269804,0.3526919901694994
375,0.15935760064763815,0.35235415640651746
376,0.15906702527222835,0.3524303931280941
377,0.15872763458868244,0.35263160750997946
378,0.1585736497226098,0.35261967015722473
379,0.15829538049127082,0.35295388796323635
380,0.1580576088669311,0.35329299459810415
381,0.1578416855471997,0.3535483356615745
382,0.15759889591229542,0.3535155833296591
383,0.15739106469087505,0.3533679280356164
384,0.1572100275657643,0.35329190731115107
385,0.1570126449252681,0.35342577226076854
386,0.15663137402290778,0.35373541077287257
387,0.1564555028296567,0.35391074028408165
388,0.15627065851815294,0.3537774358417164
389,0.15616128908626067,0.35393255338659163
390,0.15596810430907157,0.3539884497848261
391,0.15573391083175506,0.35439085830033823
392,0.15543126155751116,0.3544371492349513
393,0.15527285420413728,0.35446645788972825
394,0.15508764940971292,0.35444087865195734
395,0.15498010171526727,0.35433477616158104
396,0.15472010635220562,0.3543980659156294
397,0.15445306818323853,0.35451452825865193
398,0.15429064983793037,0.3541903361639934
399,0.15406853500771792,0.3542383053271647
400,0.15393171238140396,0.35408047400685966
401,0.15355551530743242,0.35383106724410834
