0,0.6241597387798873,0.6282536710669576
1,0.6002641969214915,0.6056560445222492
2,0.5774298257182396,0.5859608633195623
3,0.5593306744993599,0.5695213190344877
4,0.5413801827712441,0.5554922379978615
5,0.5270740964205971,0.5435253128755925
6,0.5147754262986084,0.5331407099899228
7,0.5034897447640764,0.5222782465859649
8,0.49204693082350764,0.5131124565830695
9,0.4832797863560318,0.5056566378026885
10,0.4743637108248187,0.4975583329639274
11,0.4653046810883805,0.4905648298293793
12,0.4566705352807688,0.48324837600989523
13,0.45100140645056214,0.47922124910556235
14,0.4428701580059204,0.4731347976492651
15,0.4369101421447176,0.4684634562306122
16,0.43276654221087957,0.46585518024058475
17,0.4279625772220604,0.46274181247450585
18,0.42221165335181526,0.4579760888335443
19,0.4178688475301333,0.4551133270282889
20,0.41457439289915005,0.45252396175381876
21,0.41098468535548477,0.44985072932208064
22,0.40557699748508175,0.4450355666329253
23,0.40089380926940765,0.4410015239004227
24,0.39508699844836276,0.43682708362822303
25,0.3915822339765363,0.43347195338213673
26,0.3880925455871411,0.43062916331891027
27,0.3836135535973375,0.4270786265773703
28,0.3806196374967872,0.4252926021633201
29,0.3783079812673942,0.4242259754679199
30,0.37420852075126826,0.421970378640984
31,0.3723010162397246,0.4211256546864235
32,0.37018269318136987,0.4203842279144876
33,0.3675553830527114,0.41797917853670696
34,0.3653063630158864,0.4167813361911832
35,0.3631726464725875,0.41569836968536356
36,0.3617076972051923,0.4146213032320992
37,0.35981721561988006,0.4133461645388893
38,0.3581363248791198,0.4118712152301257
39,0.3556957409468248,0.41025193581204017
40,0.3540933531402021,0.40923807406148244
41,0.3521459451885197,0.40803103449205075
42,0.3501449959707613,0.4064217412934873
43,0.3485369363914414,0.4053247062327935
44,0.3464786416786729,0.4044323854018436
45,0.34453516466060063,0.40325567937292645
46,0.3432440315034736,0.40224380157572903
47,0.3415418006548672,0.4011400345531755
48,0.3400836308003496,0.4003479563400748
49,0.3387001926727355,0.39963068422048215
50,0.3377326236911731,0.3992077814568677
51,0.33654229767510274,0.3982361226557236
52,0.3352699363978391,0.3978067219383369
53,0.3337728978769114,0.39708670190423256
54,0.33267610067757203,0.3964088823986939
55,0.3306253351452838,0.39482133257563123
56,0.3290380055592953,0.3935712316943762
57,0.32799049653876067,0.393204059838721
58,0.32716247858491926,0.3928705594112534
59,0.32593082124822803,0.3926556803872828
60,0.32436836893199306,0.39189146472885417
61,0.32305144264574226,0.39118893357608114
62,0.3220065322566995,0.39097020245426933
63,0.3209838526458348,0.39062312031046625
64,0.3197263843795231,0.3900969641570624
65,0.3185168987628985,0.3894853920943594
66,0.317432435481023,0.3885822986620803
67,0.3162940496225782,0.3876973314380104
68,0.3148904363264089,0.386819751388797
69,0.3137855241700471,0.3863188739803011
70,0.3122971585628995,0.3848150104557973
71,0.3105573183149119,0.3839836139891525
72,0.30928347812091056,0.3836913133014474
73,0.3079103220948674,0.38308275177539275
74,0.30706418079710335,0.38237072298417446
75,0.30579652643951843,0.3820281835011035
76,0.3044156737725551,0.3807666010605309
77,0.30352332860641545,0.3800512981762515
78,0.3025021772185932,0.3790475049048237
79,0.30136782110553256,0.3788556902409466
80,0.30021006147422247,0.37793800227607877
81,0.2990964012717306,0.37743995978199657
82,0.2982215119614171,0.37687064873607906
83,0.2973753679961019,0.3769696545860992
84,0.2965227157507016,0.37662275721482447
85,0.2956040691415219,0.3757005468036499
86,0.294461202660382,0.3749078336830426
87,0.2935385445030438,0.3747078014324059
88,0.2927894349172544,0.37431828883756146
89,0.2919918073937267,0.37364915331154197
90,0.29124815221024103,0.3735831437310515
91,0.29006104619101186,0.3727685045741349
92,0.28896740678475763,0.37223193555603684
93,0.287880889721069,0.37162365365417055
94,0.2868786234470902,0.3712564548748264
95,0.28625606908099815,0.37058195681606537
96,0.28556012142077386,0.3705363489513189
97,0.2849127942882823,0.36997715347883614
98,0.28407278428166344,0.3694454590936662
99,0.28322827930276867,0.3691418083329502
100,0.28238801803526514,0.3685074390082504
101,0.2815751276205966,0.3674124604584275
102,0.28096539741089044,0.3679230826637111
103,0.28044657589608724,0.3681571987771624
104,0.27997888997837234,0.3678782494801705
105,0.27917789820701816,0.3680102320882171
106,0.27869306736990823,0.3678127304000099
107,0.2780835026531216,0.36791710795324695
108,0.27726394943587684,0.3676263040279178
109,0.2760320356462329,0.36678553643748635
110,0.2751615772603812,0.3668651558428286
111,0.2742648514518438,0.3666407076088637
112,0.2736011858635141,0.3660320178610538
113,0.2728496019262205,0.3653514471282123
114,0.27227157232849636,0.36527727623263384
115,0.27138831032902405,0.36490814264540816
116,0.27076936089966724,0.36439046808065606
117,0.2699102189853697,0.36413864682755387
118,0.2692715967612692,0.3637118673347819
119,0.268488564434174,0.36338435222264814
120,0.2676539373141695,0.3626904168538355
121,0.2669246730620168,0.3619673436489862
122,0.26577594133502375,0.3611431809537995
123,0.2653424195847896,0.3613365600988206
124,0.26478682155991695,0.36138510164887455
125,0.264026195349769,0.3613439084948228
126,0.2632896787104889,0.361052571349417
127,0.26232696511226816,0.3603325161263819
128,0.2614268314470263,0.35986973011440915
129,0.2606549233426134,0.3594859260002478
130,0.26012558462871266,0.3594538774922191
131,0.259490839765079,0.35923523202796426
132,0.2585495742445454,0.35915101051525494
133,0.258202404772236,0.3590557776045952
134,0.2573572011722856,0.35861232247150426
135,0.2568024550941252,0.35801602665573184
136,0.2558057682682001,0.35724507124669236
137,0.2552083031078168,0.35714562689781143
138,0.25472227343193893,0.35697498284654405
139,0.2542403513150713,0.3570913615691659
140,0.2535575460074501,0.3565933533464746
141,0.2529440881126072,0.3562815892126167
142,0.252437956424818,0.35623509279722015
143,0.25151919704935055,0.3557733073038094
144,0.25110834492231393,0.355724935926621
145,0.2505467699871069,0.3554934786495321
146,0.2500829382720417,0.35544434970345185
147,0.24948657508327732,0.3551874346553641
148,0.24876775234007575,0.35504754220409196
149,0.24817242600365208,0.3550034759415562
150,0.2476020777002745,0.3547101260702388
151,0.2471389339383994,0.35477940873469344
152,0.24634978778787328,0.35476554670109245
153,0.24576787356448002,0.35456057827738574
154,0.2454055100691707,0.3544466068129396
155,0.24487776822420865,0.35437361187332095
156,0.24444067230855074,0.35395491975418686
157,0.24366977816269622,0.35396221981026493
158,0.24329777317837534,0.3538725343436873
159,0.2425738299699284,0.35341082230957527
160,0.24219550288196415,0.35339794042456235
161,0.2416717161470864,0.3534705948884979
162,0.2409570503253918,0.35309755279713095
163,0.24052376042302584,0.3529572164665427
164,0.23989990078421922,0.3524424597942398
165,0.23947073862832036,0.35248427985809017
166,0.23908434477386079,0.3526271677666578
167,0.23841627298173831,0.3525771559088099
168,0.23786614918885612,0.35191399223947933
169,0.23735345503920455,0.3517035335633632
170,0.23657296779618442,0.35159642464184965
171,0.23600679361651633,0.3512305112136725
172,0.23547457290899862,0.3509994937969868
173,0.23466897608651138,0.3505825373520346
174,0.23433040118324017,0.3505841431579106
175,0.23393211173035938,0.3506326820326272
176,0.23362903306428728,0.3507619485119752
177,0.23313036935689274,0.350361779117051
178,0.23252418461283303,0.3501939213702782
179,0.23213826633511964,0.35027646244898336
180,0.23173367533847067,0.3503574091885987
181,0.23123694865863048,0.35011958112609404
182,0.23094212371855236,0.35017658956791914
183,0.2304252352293922,0.3498143841225524
184,0.23004005925682233,0.349470357149229
185,0.22959834520455535,0.3495484454302318
186,0.22913470866416238,0.3493221993595027
187,0.22878246527894994,0.3492059959913358
188,0.22830483503815105,0.3496074025454216
189,0.22764789398723045,0.3496310034723476
190,0.22723977409397725,0.3492377431495666
191,0.22678935042583806,0.3494286247495617
192,0.2263689830088301,0.34902073105454573
193,0.22602654511446024,0.3485917446356617
194,0.22566521787110488,0.3484308611873309
195,0.22540646140954054,0.348324615890298
196,0.22494289972192227,0.3485068460900817
197,0.22430008965904574,0.34853705981363353
198,0.22402765030662833,0.3484943373774594
199,0.2234455559161688,0.34821130595874855
200,0.22300609612803954,0.34821842144780946
201,0.2225349607842721,0.348177179814529
202,0.22165335445483136,0.34784100460524553
203,0.22120665984813315,0.34785083081916834
204,0.22091773391502856,0.34794999635975266
205,0.22063627632227367,0.34791121523272067
206,0.22032395644497965,0.3480661182002761
207,0.21961191431284413,0.3477817321071661
208,0.21938335649798296,0.34768586253464795
209,0.21882384345999556,0.34747293061428125
210,0.21842331321311914,0.34741757664239786
211,0.2180083929387825,0.3471189238279703
212,0.21766126400420843,0.34708270196651303
213,0.2171996888566303,0.3469696515586806
214,0.21696344125990544,0.34694184141699225
215,0.21671377062671252,0.34702640528427375
216,0.21649839394063494,0.3470807333270592
217,0.21588914628597797,0.34648320739352917
218,0.21540312602333903,0.3461732208730267
219,0.21515751582590809,0.346140233700013
220,0.21471131008004285,0.3461806696931188
221,0.21444655936281512,0.346191391369513
222,0.21411523157385423,0.3457605492682482
223,0.21365567930334475,0.345727185035852
224,0.2133593534784992,0.3456256342913963
225,0.2129775173017069,0.3453842366149208
226,0.21256852058080516,0.345251066295182
227,0.2123124858497342,0.3450592861120219
228,0.2120064188798379,0.3451573506834962
229,0.2117020452747497,0.3451466223757358
230,0.2113022482575762,0.3450459156752206
231,0.21071880117289923,0.34490106121664493
232,0.21024426480351094,0.34488868426733865
233,0.21000699688732907,0.34516795793298166
234,0.2096022462932134,0.3452625546495363
235,0.20894032872168478,0.34509088963663487
236,0.2083264893910705,0.3449081100255692
237,0.2079492518910338,0.3447202308771415
238,0.20762389645719234,0.3446585110313137
239,0.20731544694673695,0.3443824376065006
240,0.20701666434582344,0.34437989155295745
241,0.20645202455342448,0.344708850109865
242,0.20596128014174686,0.34473561699158584
243,0.20559614948854993,0.3446587783247075
244,0.20523195920107165,0.3442915371647715
245,0.20492315628774982,0.3444079959982402
246,0.20459394688978239,0.3445897197241828
247,0.20419479541467864,0.34493997677642335
248,0.20362019748217716,0.3448699528180864
249,0.20325085189859235,0.3448723420467775
250,0.20302043251223095,0.3449422768744183
251,0.2028079531925628,0.344788891709893
252,0.20255781447876417,0.34477328698851767
253,0.20235265752029447,0.34499852710472906
254,0.20211894074993744,0.3450831133210451
255,0.20166575016174196,0.34511205971220815
256,0.20128086086019417,0.3448523905200354
257,0.20097247585181274,0.3446570948940548
258,0.20060175797516952,0.344795466415081
259,0.20015861635815418,0.3448529881099091
260,0.1998200729788935,0.34513610715908444
261,0.19962710809585005,0.3450314018846564
262,0.19942012078006524,0.34523425717312883
263,0.19910971195727636,0.3452411639675435
264,0.19870147136212177,0.3452987601550101
265,0.1984678851501326,0.3451892422539493
266,0.19805461616842066,0.3449289555312873
267,0.19786255773941724,0.3447922730071905
268,0.19762712228465815,0.3448816553183022
269,0.1972379245743118,0.34489750702339705
270,0.19687250078194918,0.3443274457274934
271,0.1966612101970115,0.3444487825001592
272,0.19614323348184148,0.34402225552809507
273,0.19587630793745409,0.3438395648016043
274,0.19554739175040026,0.3436561812943017
275,0.1953377647981883,0.3435420711789611
276,0.19490235835150269,0.34302347352906437
277,0.194504176858277,0.34311516947028314
278,0.19427950208230688,0.3429673636560063
279,0.1939592889958985,0.34316616037335784
280,0.19369515933610262,0.3430914119684411
281,0.19330949967805783,0.343233188380311
282,0.19300150137718772,0.3432066988946435
283,0.19233325973504914,0.342650172160963
284,0.19196180715669386,0.34255564628891555
285,0.19170605156031464,0.3425134451852877
286,0.19141632533375755,0.34243741802069855
287,0.19118037148974068,0.34250945872964383
288,0.19062783853202603,0.3424345908122163
289,0.1903630444054081,0.3421395747057491
290,0.18979903791577574,0.3421408338530086
291,0.1891968499720104,0.3419313933119477
292,0.18884269666610354,0.34186453289518737
293,0.18841338473916971,0.34208756331974605
294,0.18811036173419257,0.3417404284228199
295,0.18789070174900582,0.34163116877056837
296,0.18719492032264473,0.3414160252034853
297,0.18687986324851405,0.34183315403134823
298,0.1863398227262955,0.34159750278116685
299,0.18606216663760833,0.34152125934127575
300,0.18576513392817337,0.3416051668435902
301,0.1854172589481943,0.34181412934359107
302,0.18510740076952378,0.3419846315130081
303,0.18476598965227622,0.34205175414383626
304,0.18442299831940484,0.3418239903255773
305,0.18419704159523614,0.34187037188815245
306,0.18380338492553827,0.34153970762047164
307,0.18363551578334056,0.3413930991454095
308,0.1833835727754417,0.3415423182159737
309,0.18305783980354193,0.34114823098642455
310,0.18287254954798296,0.34087449611850323
311,0.18244495331165717,0.34080532238371747
312,0.18228234687034806,0.3408556545828125
313,0.18176034368777907,0.3407230844200529
314,0.18141536980037676,0.3410758890668014
315,0.18121562261309054,0.34085569292227896
316,0.1809296135292365,0.34066111721695513
317,0.18058184764783167,0.3407054479544895
318,0.1804079860075865,0.3406826964696184
319,0.17999534132404063,0.3405910858064993
320,0.17977456965888025,0.34063056924895496
321,0.17944840679481625,0.34033884371606976
322,0.17905278874235855,0.3401316619883897
323,0.17890511025944708,0.340325363784136
324,0.17870786168695074,0.3402985591069996
325,0.17843540051729267,0.34037610512770994
326,0.17814168479623352,0.33989927178081647
327,0.17778808640534557,0.33982498349078455
328,0.17756874457629399,0.3394808519822245
329,0.17738863816170614,0.33946139058035435
330,0.17709166198203433,0.3395510212750613
331,0.17693281922523071,0.33955093369062156
332,0.1766979723342884,0.33907370197991094
333,0.17647221950615516,0.3391754852092099
334,0.17633743909820437,0.3391762340166798
335,0.17602139098877853,0.3387737289257766
336,0.17570517468240032,0.3382655163180505
337,0.1753381934845929,0.33816046228319263
338,0.17507364463677236,0.3380250611696781
339,0.1746444589348976,0.33776546217009906
340,0.17447597194587525,0.33794091287537636
341,0.17427131734160672,0.3381994700631034
342,0.17384190896951018,0.3381984722037577
343,0.17352213207624148,0.338064366319361
344,0.17331967303992396,0.3381918178948556
345,0.1729831702669423,0.338040351136942
346,0.17279993003437863,0.3381626691730633
347,0.17263708088029447,0.338515481166037
348,0.17250206544387997,0.33866180928956113
349,0.17231432954851875,0.33877812902628684
350,0.1720076841955533,0.33858362337222164
351,0.17174272469143098,0.33876749474752643
352,0.17136792715546495,0.3388365112725265
353,0.1712325558289336,0.3387793658662909
354,0.17085316838815875,0.3382827980743734
355,0.1706530244935605,0.33842503390762013
356,0.1704314840967862,0.3385367588265346
357,0.17032171104980304,0.33875512320021106
358,0.17007104359303007,0.33896077993504575
359,0.169882432210466,0.33902426682609277
360,0.16967354573047172,0.33903584500175926
361,0.1695189752364555,0.3391490663141756
362,0.169155937317983,0.33909222312753007
363,0.16890675360946056,0.3390918743511023
364,0.1687348900996348,0.33913952098445854
365,0.1685500849492453,0.33920670739162406
366,0.16819199060584475,0.33899755115677643
367,0.16801093464410674,0.3392926404828818
368,0.167893721307658,0.33933134609482635
369,0.16750891371307935,0.33901915697471474
370,0.167373568312014,0.33902153135122276
371,0.16714095309496702,0.339186666471513
372,0.1667862579341986,0.33921856143136253
373,0.16636889648631673,0.3389597445416651
374,0.16620409139061965,0.3391361978097256
375,0.16581133658765806,0.338908478108628
376,0.16564483479059836,0.3391594940045948
377,0.16551412384142014,0.3392736082073315
378,0.16520250618144738,0.3393217075529856
379,0.16499840067285498,0.339442039159829
380,0.16473213386873592,0.3395420221158256
381,0.16450059427406305,0.33944540213303487
382,0.16418542932114943,0.3399710725500922
383,0.16389719620671372,0.3400214337754279
384,0.16371886251050877,0.34008333865830276
385,0.16349720020120453,0.33975379110816534
386,0.16327541895311556,0.33963522861100565
387,0.1629156816950699,0.3397238287427064
388,0.162621631364587,0.3401209300824605
389,0.16230602899400332,0.34001591386516916
