0,0.6381253760594588,0.6392653719630352
1,0.6241739227316098,0.6276656001428217
2,0.612062641317303,0.6177328903755729
3,0.6000533016182398,0.6077239305789073
4,0.5897231240247943,0.5979604241900918
5,0.5792893155003048,0.5896060069507071
6,0.5688981514285236,0.5819694412750119
7,0.5602875627004184,0.5751089816932698
8,0.5517151909091313,0.5674179468233036
9,0.5433547114793378,0.5611066070343929
10,0.5357083800629652,0.5549522255553252
11,0.5285443363801342,0.5492196140247722
12,0.5221862547688468,0.5436142657826365
13,0.5149871876299335,0.5379262807253299
14,0.5088327009070339,0.5332132864105525
15,0.5026890516178715,0.5286348297971499
16,0.49773992219914714,0.5247905753064609
17,0.4916875593653754,0.5200038607100351
18,0.4864488833485663,0.5161154664911125
19,0.48070668545139233,0.5120513891726417
20,0.47543174258433035,0.5082768683831738
21,0.470621888221744,0.504922806271539
22,0.4668619945909244,0.5023239327409554
23,0.4634410011316934,0.4997414649162938
24,0.459585257721442,0.49697124161787065
25,0.455592756657146,0.4943686850353225
26,0.4519191289642107,0.49148287505194954
27,0.44838174606619013,0.48882521282542835
28,0.4449037810993863,0.4861665314760445
29,0.4413560801615263,0.48381527844052485
30,0.438394674687136,0.48146600284107643
31,0.4354942275746424,0.48004423195287493
32,0.4329145758134834,0.47838199715943214
33,0.4296226646695035,0.47633668192786344
34,0.4260465849408579,0.47435356997126754
35,0.42431237470597905,0.473048298204235
36,0.421621384926804,0.4715078952810855
37,0.41880243135103623,0.47000745746915484
38,0.41672101349304225,0.46837849199897896
39,0.4141921508282289,0.4663903772059127
40,0.4115742272750319,0.4652115106346365
41,0.40924109764024913,0.4631746753687964
42,0.407278858927777,0.46183013212305923
43,0.40571414530001526,0.46068112342273837
44,0.40381976990253243,0.45999248956288774
45,0.40148075111062637,0.4582941627472513
46,0.39875974472166054,0.4565010433209308
47,0.3962216378587706,0.45473931621106434
48,0.3937870113604005,0.4532708709638164
49,0.39176221284350643,0.4520225089484428
50,0.39039251791963714,0.4512893276458437
51,0.38876607959945775,0.44960750223198476
52,0.3868519215416946,0.4485022787823801
53,0.38548669084500864,0.4477183134245822
54,0.383224115639279,0.44651668970463265
55,0.3815369958409061,0.44524901533148886
56,0.37971046126585234,0.4443883004364012
57,0.37838213705954304,0.44369246282990843
58,0.37693271049434485,0.44269752573324306
59,0.3753721619390706,0.4415570925822753
60,0.3742439106353929,0.4404413785517657
61,0.37303553494208,0.439795665931248
62,0.371520852521377,0.4391423663612746
63,0.37045059581475537,0.4382685975646147
64,0.3687124083243545,0.4374820591870057
65,0.3674825477450023,0.4365289539776065
66,0.36636107526089334,0.4363395914407821
67,0.36526855206677844,0.4358960224658125
68,0.36420938783890744,0.4349123386244819
69,0.3631791975309798,0.4337731994408917
70,0.3623626755278222,0.4332991017828091
71,0.3608378715051952,0.43247704515450225
72,0.3597564539553791,0.4315603226974575
73,0.3586474600209388,0.4310179790481925
74,0.35768934475622843,0.4306259697763915
75,0.3565772365923442,0.43004008468209
76,0.3556453579228776,0.4296580601767115
77,0.35431822026485715,0.42884845940305616
78,0.35342660495342243,0.42845983773737706
79,0.3524071283204205,0.42786456399792155
80,0.35140279980640765,0.4273820241802937
81,0.3504755059963704,0.42715439449672843
82,0.3494936793672323,0.426569461739813
83,0.3486447296657521,0.42568204896898654
84,0.34781167079959713,0.42517996670375036
85,0.3466460255656353,0.4245740947693618
86,0.34578252030906304,0.4239188293920511
87,0.3447816438732672,0.4234522994150886
88,0.3436104143808955,0.4230755544080543
89,0.34295428379436604,0.42243654090107813
90,0.3421038432746432,0.42210909688794085
91,0.34146491578501187,0.42144940049834473
92,0.3407977385852144,0.42053494162180205
93,0.3399573665404234,0.4197724297107148
94,0.3388163801523907,0.4187403838888567
95,0.33810280671748427,0.41845934513668837
96,0.33724192766772554,0.41820096305569526
97,0.3362611674866387,0.41754062599886455
98,0.3353239193951606,0.4168618910977455
99,0.3346034656678842,0.41639739143549925
100,0.333646472600347,0.415494070500608
101,0.3328963893864766,0.4148293916848793
102,0.3321521003596916,0.4148051455857165
103,0.3315182243937397,0.4141759494522362
104,0.3306165702060995,0.4137279901557049
105,0.32943751114762054,0.4133886899513608
106,0.32881593953831867,0.4130067164078355
107,0.3281570556382775,0.41242020447437217
108,0.32767823267114593,0.4123336804684165
109,0.32673835529823436,0.4122690125063345
110,0.3260352246619873,0.4119974049379218
111,0.32542419419831936,0.41171135452436186
112,0.3247750857985275,0.41154303825824634
113,0.32410083769419595,0.4112226189730441
114,0.32288067917034974,0.4109368275734842
115,0.32233434827949536,0.4106217719069101
116,0.3217110165096711,0.41031093322859
117,0.320955584997554,0.4098238309030175
118,0.32039736127695045,0.40966109510404836
119,0.31960165666447304,0.40901900588556434
120,0.318921353959459,0.40872412011121845
121,0.3183014010820964,0.4086355058718512
122,0.3178034703920076,0.4084168564268323
123,0.3173003814917057,0.40832207849875374
124,0.3164034517602062,0.4077953731771125
125,0.3155388470040942,0.407403666505405
126,0.31465304324104537,0.407206663425744
127,0.3142507848542301,0.4066957300656867
128,0.3137269610605057,0.4060447638082548
129,0.31324307483375,0.40593262459003776
130,0.31267359575929776,0.40523329543256953
131,0.31189715711509713,0.4049289844128801
132,0.311264590732704,0.40442071911085387
133,0.31078635741314725,0.4042937878221982
134,0.31019079743729655,0.40415229978744754
135,0.3094909260455177,0.40379722408229685
136,0.3089294098412405,0.4036058879016365
137,0.308382755361459,0.4033576103673567
138,0.3077931993010969,0.40310709230133174
139,0.30738484819350503,0.4029783073765468
140,0.3067154713915949,0.40256929470336433
141,0.3063152194633182,0.4027626762840007
142,0.3057022040060906,0.40261520973326004
143,0.30515153981900833,0.40222195690216195
144,0.30446718987276883,0.4018375419659134
145,0.3040455695994527,0.40202648206771474
146,0.3036190732063427,0.4017254553546235
147,0.3030217182357233,0.40179572599727353
148,0.30255562405784137,0.40148259082072696
149,0.30196002500533997,0.4012853111810864
150,0.30124754934162273,0.40089253472000846
151,0.3008248490899823,0.40068679089592985
152,0.30016235223221177,0.4005336238240654
153,0.2996798368922218,0.40034450401884775
154,0.2993056758755226,0.3999775027694775
155,0.2986880339420652,0.3995334271190936
156,0.2982957734560932,0.39927507019906955
157,0.2977165834237941,0.39891911908171
158,0.2972348687267795,0.3984771331341004
159,0.2965652893766113,0.3984023933904344
160,0.2961854518781643,0.3983393636715242
161,0.295776399966091,0.39807564547791463
162,0.29543744908739794,0.3979473383486838
163,0.29497453400534324,0.39784643166731987
164,0.2943672915704464,0.3978959114672754
165,0.2939839022501933,0.39775334834318066
166,0.2936329426629921,0.39740367263730764
167,0.29305064937684755,0.39719623776032625
168,0.29269726509538546,0.39701858901440407
169,0.2919587792505929,0.39678656999130063
170,0.29127536936432413,0.39643097023900997
171,0.29083178526513376,0.3961793165107555
172,0.29028540423561894,0.3959432620605371
173,0.2897005896108629,0.39573976349471485
174,0.2892708772231615,0.39560065524756954
175,0.28870914632970524,0.3952504731995304
176,0.2883537714119716,0.39532158965142505
177,0.2877209555663458,0.39516967039281625
178,0.287149986292317,0.3948635255276023
179,0.2867340587449789,0.3949069299540201
180,0.2860981701735871,0.39463957494821783
181,0.2857335391381774,0.39456147025486976
182,0.2853440097246359,0.394447725407984
183,0.2849023257395262,0.39430794226454596
184,0.2845101682360927,0.39397903835060305
185,0.2839910208364294,0.39376478354361927
186,0.2836209581278613,0.3935116037724433
187,0.28289026915441146,0.3930760941893477
188,0.28239707415591125,0.3927619346810296
189,0.28206599574361785,0.392507584053771
190,0.28166051242158835,0.39243804824432205
191,0.28134099082411235,0.39195602618789904
192,0.28095155439277786,0.39160547671242996
193,0.28043517441999144,0.3915547236749001
194,0.27994958533465514,0.3912986910884243
195,0.27955980143260417,0.3906413053500074
196,0.2792834686936415,0.3906127568895497
197,0.2788620487532765,0.3903956140084369
198,0.27851558524569703,0.3901298076414501
199,0.27814102565764814,0.38996413369155064
200,0.27774007420924357,0.38997553563312515
201,0.27732692764133526,0.38964625447053247
202,0.27702195592669704,0.38952990982683483
203,0.2767371630282325,0.3892785272059911
204,0.2762706344773042,0.3891676844267005
205,0.275803965371077,0.3887567393689458
206,0.2755509267243927,0.3886477078510996
207,0.2750738635542895,0.38838110042806817
208,0.27458068109325473,0.3881791132919679
209,0.273975193839825,0.3881955241979381
210,0.273554025540764,0.3880139080843008
211,0.27312209747498795,0.38780713206733997
212,0.272702620502036,0.38741420272660954
213,0.2722839143769995,0.3871233157225812
214,0.2719787029601671,0.3870150346385736
215,0.27142474165944785,0.38701698375446425
216,0.2709123858812844,0.38662904883039834
217,0.2705838208994847,0.38649241231779624
218,0.27028972550277813,0.3866346470512505
219,0.2700229745111796,0.38636757580890274
220,0.2697201853531491,0.3863345858942221
221,0.26916585280042965,0.38631917227376605
222,0.26879654553891935,0.3863960178239157
223,0.26846748582055946,0.3861519948044796
224,0.2681373168238959,0.38603179962433337
225,0.267720185177282,0.38598632039285674
226,0.26720766574471794,0.3858836682303661
227,0.2668576234202717,0.385915825154778
228,0.2665512412086699,0.3858237267652995
229,0.266179327484914,0.38565575091186005
230,0.2656416372105429,0.3854023136841389
231,0.26517016048055214,0.3851293217172712
232,0.2648410437960486,0.3851149652431863
233,0.2643770694288546,0.3846204837845209
234,0.26410721796759246,0.3843715319047676
235,0.263789062978719,0.38426378193280875
236,0.2634878035753787,0.384185455298449
237,0.263216850325414,0.38415462054493377
238,0.26282904259293055,0.38381894173156705
239,0.2625782298444968,0.3838885467237129
240,0.2621697670057689,0.3837803273986489
241,0.26184415614390966,0.3836148431025993
242,0.26145428603845167,0.3835185467059789
243,0.2610721748549109,0.3834104196259055
244,0.26067257424669515,0.3832421664706772
245,0.2604501070130982,0.38301884571344336
246,0.2601987568384242,0.3828527358127758
247,0.2598472778347993,0.38267928965406467
248,0.25947646617288955,0.3825436455262116
249,0.25918045454515043,0.3825808462675023
250,0.25890018659398384,0.38269474503636386
251,0.258490731547191,0.3825929375293017
252,0.25825569984197083,0.3825697969663967
253,0.2579043589192269,0.3822887556821336
254,0.2575568749404781,0.3823204251738702
255,0.25726197099243225,0.38216656376041636
256,0.257003437049262,0.3819924473568569
257,0.25666643693236163,0.3818489408920899
258,0.2563696220592122,0.38179264849285155
259,0.2561353140721354,0.3816070180121971
260,0.25586778893200235,0.3815394285199947
261,0.2555624993713467,0.38134145504478995
262,0.2552428139250444,0.38142230176715375
263,0.2548729642416825,0.3816552482915542
264,0.25453675981215146,0.38168811845178685
265,0.2542324836450567,0.3814141200747081
266,0.2539596263179051,0.381369438046495
267,0.2536188889752892,0.38120509074935904
268,0.2533802161074583,0.3809807742623431
269,0.2530508079063103,0.3808482920666802
270,0.2527843516455639,0.3805484028147183
271,0.25251920313219617,0.3802316682095724
272,0.2523175536622516,0.3800373050410312
273,0.2519659997464288,0.3799640289618561
274,0.25148005262529316,0.37987963895187427
275,0.2511659664329744,0.37969337010743337
276,0.2507795824686781,0.3796432538668824
277,0.25050488064565823,0.37950102095226373
278,0.25021857337237385,0.3795626886222456
279,0.24990299838478647,0.3795294078129952
280,0.2497307823507099,0.3795834197421572
281,0.24950206839963754,0.37952458564055214
282,0.24930183539137996,0.3792728344347706
283,0.24903373238159146,0.37902856336480273
284,0.24870163488415734,0.37883972345573735
285,0.24828557246534522,0.378970106496834
286,0.24804849220275338,0.3787283035581951
287,0.2477837872469023,0.3786196458910495
288,0.24746306515419414,0.37834689848053116
289,0.2472015395502656,0.37801412740932977
290,0.24679469699131143,0.37774607353158546
291,0.2465691379097394,0.37786736345975946
292,0.246248349013162,0.3777158045621951
293,0.24595931143327088,0.3778513134179054
294,0.2456512571629575,0.3778944297754708
295,0.24521004708262,0.37783030507570214
296,0.24490215590127903,0.377956840431172
297,0.2445432817442291,0.3774985656418875
298,0.24423096021154794,0.37733750976400593
299,0.24396996152958483,0.3772618632114357
300,0.2437396990972961,0.3773939541573528
301,0.2435293707218289,0.3776275478660308
302,0.24330098461587463,0.37774267028840003
303,0.24300531594139582,0.3776352282128165
304,0.2427049937170317,0.37758377312198205
305,0.24248798134536814,0.37756436909809826
306,0.24216357464562366,0.3773237276646598
307,0.24185472636274596,0.377156744059126
308,0.24165433074385587,0.3770985842294042
309,0.24144659780936836,0.3769512495784538
310,0.24127739045792118,0.3770661246148184
311,0.24106499082880292,0.37701691477657956
312,0.24083376749817006,0.37689695739577156
313,0.24046837875669752,0.3768490048119972
314,0.24022069842539365,0.3768556873802879
315,0.23992519774200938,0.37668066418554486
316,0.23961835362801504,0.376467285501814
317,0.23919241160294422,0.37619569378778983
318,0.2389464555087886,0.37626582476897186
319,0.23875175568317253,0.37615598461799415
320,0.23850755633099707,0.37591305151645754
321,0.23828342344420841,0.3758068737651696
322,0.2380297354638169,0.3755698420688703
323,0.23787544988563022,0.3755770989779351
324,0.23765944338426045,0.3755340321074647
325,0.23742394774788836,0.37544651137715124
326,0.23692079705945426,0.3754718083054926
327,0.236632312216003,0.3752858162127597
328,0.2362594684073123,0.3751410421672677
329,0.23596707251243698,0.3751401123425866
330,0.23574293205492886,0.37508782046777145
331,0.23556307060051954,0.37503300689974994
332,0.2352527724707609,0.37508099051497595
333,0.23494673187612056,0.3750343225880607
334,0.23474717376087262,0.37502814264206047
335,0.2344911426418155,0.37489658020004574
336,0.23427752959354875,0.37488034809151977
337,0.23408171816673864,0.3748636944906148
338,0.2337616414550944,0.3746619188228236
339,0.2335676607434157,0.3744454636102164
340,0.2331913315324298,0.3744751248613539
341,0.23302359809675444,0.374518993986233
342,0.23275609154694502,0.3744149253165633
343,0.23247424150293827,0.37425942543547513
344,0.23228513862891037,0.3742050562980811
345,0.23202647246024516,0.374052673299407
346,0.23185746673339602,0.3738467380774639
347,0.23168187771308127,0.3739598559751717
348,0.23126932386176707,0.37390207371184203
349,0.23099634305260974,0.3737473258530587
350,0.2306665989633774,0.3735842952986167
351,0.23011652735431715,0.3735747842778241
352,0.22996191966195131,0.3735423200371445
353,0.2296756571834548,0.37337490160413966
354,0.22942361850699544,0.3732015991952156
355,0.22903365084697486,0.3729747106691815
356,0.22874738897594293,0.3729906258297332
357,0.22855279567142336,0.37306963517030317
358,0.22831400025450949,0.37280816046583093
359,0.22795275772042609,0.3726148359050746
360,0.2277332329187698,0.37257960119509154
361,0.22748639579099672,0.37263835489259634
362,0.22720167453211473,0.3729152339047912
363,0.2269571905647878,0.3730397930476582
364,0.22672283273225835,0.3728767075636434
365,0.22641719947959893,0.3728774170104284
366,0.22613011590731233,0.37286814614755337
367,0.22588311023055593,0.3726924204651018
368,0.22559490798848347,0.37281171418529546
369,0.2252448370709817,0.37250143380606265
370,0.22509465857124966,0.37237226607398094
371,0.2247969448762955,0.3724645009772836
372,0.22461228107884842,0.3723628665433791
373,0.22436244807514688,0.37241452260200825
374,0.22400766622580753,0.3723512439740956
375,0.22380210973198436,0.3721542930440686
376,0.2235758534608066,0.37199321699950916
377,0.22336441394491374,0.37206063463906885
378,0.22309174601828982,0.3719707357037092
379,0.22292899905677865,0.37201369347924024
380,0.22269855796928417,0.37193034323701246
381,0.22249574246295037,0.37188511681260566
382,0.22232138203011892,0.37189186431603394
383,0.22215654407540483,0.371860154912301
384,0.2218617946588974,0.3718793305219397
385,0.2216830752605827,0.3718799506779268
386,0.2215567787278551,0.37188651790915267
387,0.22127528924465686,0.37166942798372077
388,0.220948348275953,0.37163481030816975
389,0.22075536114110397,0.371732465544052
390,0.22040876413447727,0.37190239869445035
391,0.2202467606522026,0.3716602862372514
392,0.22004835664937453,0.3718075055011743
393,0.21991258796752278,0.3717248911352092
394,0.21966002508840973,0.3717030299675846
395,0.21950077523682696,0.37166750390180064
396,0.2193028715243669,0.3715816267847771
397,0.21900156299899223,0.3716343474349432
398,0.21876399000367322,0.3716603247158379
399,0.21851541556503123,0.37147842942078424
400,0.21834769214747438,0.3712478819350962
401,0.2181900302286388,0.3713251474361678
402,0.21805695209493026,0.37106757511332605
403,0.21787121605950066,0.37100626181675234
404,0.21772615625435018,0.3712529219845979
405,0.21755598584501312,0.37119548089692
406,0.21727648955500756,0.371022476095275
407,0.21710213961528022,0.3710508440962321
408,0.216921422867195,0.3708236264827884
409,0.21667954574979545,0.3707009012691271
410,0.2165303520592776,0.37071295323890946
411,0.2163657041884119,0.37078165241303496
412,0.21618997511911095,0.3709381004297283
413,0.21603059131285177,0.37089124600325235
414,0.2158126082066572,0.37066535143542
415,0.21569573182461008,0.3707004743042435
416,0.21550449934220467,0.37052855896468156
417,0.21532227339536544,0.3706000921113149
418,0.21512605596075002,0.3705822633307163
419,0.2149827879749656,0.3704720589952016
420,0.21483033256934664,0.37037457653516254
421,0.21469364622496429,0.3703258132161356
422,0.21455201656326697,0.3704115362069028
423,0.21428545297381002,0.37036439072021754
424,0.21412695586286729,0.3704339311493612
425,0.21399405412215905,0.37029090975475226
426,0.21386308123106731,0.37046210448987127
427,0.2137225478911992,0.370361406398183
428,0.2135135796375424,0.37040856809416356
429,0.21327871206297017,0.3703618141934256
430,0.2131306083370756,0.37046505693748916
431,0.2129100394249541,0.3704725292555094
432,0.21253638978629757,0.3704517789873694
433,0.21239950929968657,0.37056931818320554
434,0.21206877953487988,0.3705187378484208
435,0.21192092465081316,0.3704908442910934
436,0.21171660967322103,0.3703520067568266
437,0.21154500024799777,0.3704367854007782
438,0.21138510374515312,0.37038032117793945
439,0.21114029893430653,0.37037997317119414
440,0.2109995104519659,0.3703767743990924
441,0.21083416411843464,0.3702877931182133
442,0.2106161181660302,0.37022989476591855
443,0.21043765325102431,0.37024468225997975
444,0.21025446001447673,0.37028390199724237
445,0.2101064436640204,0.3703398110395953
446,0.20986853116337173,0.37044362682380555
447,0.20954222642332723,0.37060011150886407
448,0.20937487877531905,0.37067206473452535
449,0.20920737431030237,0.370794568547534
450,0.20890462301260868,0.37101013690538914
451,0.20868207480063075,0.3707632940248035
452,0.20839733751616268,0.37085536851788364
453,0.2081670336668844,0.37067343508955153
454,0.20804359344716306,0.3706220424176345
455,0.20777892337365683,0.3707172184171998
456,0.20757065093277838,0.37079703096749783
457,0.20741014418420176,0.3707952912430226
458,0.2071677539930286,0.37072472451596833
459,0.20696652754088196,0.3708688517266749
460,0.2066877899318675,0.37066582763857003
461,0.20654129611773595,0.3707463996199129
462,0.20638461922583554,0.3708461269322314
463,0.20618117806571112,0.37105108268918807
464,0.20603507783421113,0.3709269199121879
465,0.20586841780405654,0.3708931356727541
466,0.20561809946943277,0.3711590034571913
467,0.2054791782381707,0.37108077177872395
468,0.2052668957078488,0.37104452953966294
469,0.20511309394278465,0.37099197403693684
470,0.20499348335903353,0.37104405656205414
471,0.2047197356432794,0.37072759964941443
472,0.20454990780426,0.3707077959840369
473,0.20434793565526188,0.37088335318927484
474,0.20417348759295875,0.37091126068690633
475,0.2038686233346786,0.37051374182323127
476,0.20373448623218007,0.37047201931628204
477,0.20353753980577333,0.37052825655988525
478,0.2033000657469834,0.37062796658157504
479,0.2031649312355201,0.37080685981356365
480,0.20303909700613015,0.37078503226941595
481,0.20290739151317194,0.37081764069797835
482,0.2026542960267914,0.37076958059111753
483,0.2024608850849944,0.3707878726893144
484,0.20234793664428657,0.3709481579565884
485,0.2021522627763195,0.3709796277172893
486,0.20195039002548046,0.3709361612978667
487,0.20168832012656152,0.37043902087953223
488,0.20154286758095186,0.37036421212668474
489,0.20138933306213783,0.3705073876081706
490,0.20122516190847606,0.37062188765872367
491,0.20099484401559564,0.3705242271474799
492,0.20086610122112236,0.37066851416738095
