0,0.6373831901936629,0.6390101778267806
1,0.6237894296724897,0.6265485461242103
2,0.611144103915358,0.6150153302617103
3,0.5997304412980197,0.6051737561538406
4,0.5880075856046705,0.5947857172746235
5,0.5779381224695035,0.586561868672139
6,0.567927925668001,0.577517252391791
7,0.5591938520766678,0.570244513908854
8,0.5511625273310252,0.5642273383841202
9,0.5434265159801173,0.557354176491814
10,0.5357590854136426,0.5508995596910128
11,0.528214613072714,0.5445683097927565
12,0.5218423295912842,0.5390407849914428
13,0.5164838364766825,0.5347566195541154
14,0.5106175231131618,0.5296704818437518
15,0.5045480436586117,0.524447944369679
16,0.4992647285250927,0.5202082788244866
17,0.4933482542724607,0.5153843178935585
18,0.4883946589209748,0.5117882842682381
19,0.483460720674783,0.5081213316693114
20,0.4785079392780553,0.5038779047938028
21,0.4737577615844929,0.5003224808336817
22,0.469355982812252,0.49662198425599435
23,0.4661331203188368,0.4942232409283424
24,0.46208362916483,0.4908006008297016
25,0.45864875585100745,0.48846332476834664
26,0.4554644766372724,0.4860519635122876
27,0.4513791147900138,0.48279217224229465
28,0.4479521597811163,0.4804431237989198
29,0.4443139097944568,0.477413336141921
30,0.4420709193753339,0.4758656598533057
31,0.43925350351431935,0.4738287714410408
32,0.43608348098754124,0.4710619578149808
33,0.43301004227698875,0.468753828747832
34,0.4306819430583689,0.4673062845135214
35,0.4275050009747299,0.46474272490776364
36,0.4247836237357244,0.46279383730340207
37,0.4230083365652128,0.46151981180647966
38,0.4197036438783325,0.4591085086744003
39,0.41762082066023565,0.4574675845695033
40,0.41546623199142196,0.4558954481980576
41,0.41294189209097315,0.45393531031938106
42,0.41065896881196257,0.451658001772067
43,0.4082100383716776,0.4495061212524488
44,0.40538405916428805,0.44688826040551854
45,0.40336021146398043,0.4446204816272786
46,0.40185335666992944,0.4435702471129486
47,0.3996622725226184,0.44147252252455366
48,0.39777024119143095,0.4400487579208411
49,0.39622083858754503,0.4388716711837948
50,0.39505595390562054,0.43809738253532704
51,0.39332884811052027,0.43693599464808913
52,0.39193162144494853,0.43635707975505017
53,0.3901050271933636,0.4350259531423229
54,0.3883187617439931,0.43365470073077567
55,0.3871459759724556,0.43273077941407107
56,0.3858118061071787,0.43180869355892276
57,0.3845729340658581,0.4308198374552341
58,0.38320998508338416,0.430043301708508
59,0.38117159090240954,0.4288759169623602
60,0.3795170788191596,0.4280485070761427
61,0.37821656734267306,0.42702629162790157
62,0.376658252912332,0.4259725590974849
63,0.37544003177996493,0.4253829380469771
64,0.3738184430034048,0.42434038914125766
65,0.3723774824248139,0.4232796018541521
66,0.37149658092715393,0.4227685160249724
67,0.3707126370829831,0.42253204524698207
68,0.36974524139093556,0.42209853668821223
69,0.3685346929163938,0.42112042490062135
70,0.3673668330357546,0.42012809126600464
71,0.3660183585948795,0.4193210971638182
72,0.3650540203183984,0.4186511948728347
73,0.36409370902066046,0.4181375914424595
74,0.3630138810368527,0.4177321729842912
75,0.3620915307185534,0.4170500913764848
76,0.3608070176514272,0.41637815232044106
77,0.35982669036743853,0.4152867023303443
78,0.35864330102531267,0.4145164323505999
79,0.3579784883725369,0.4138167619598876
80,0.35707036234603856,0.41347195404182024
81,0.35575638910174023,0.4124325983734293
82,0.3551593073408636,0.4117154787446177
83,0.3541598249189388,0.41077775181710213
84,0.3532491192076884,0.4104131009000458
85,0.3516809728869072,0.40967938058220055
86,0.3507119341517823,0.40889058886863777
87,0.3492208298752658,0.4079624530987275
88,0.34819631092988906,0.40728837763595277
89,0.3470100555465535,0.40687064800498096
90,0.34599375770730834,0.40658762621797667
91,0.34546989800190364,0.40629189368140495
92,0.34469264362203345,0.40569554597147234
93,0.3439074062242289,0.40498861047118334
94,0.3429503896020839,0.4047950512156615
95,0.3422083227067768,0.4044385709018145
96,0.3412536549126617,0.40393963956075224
97,0.340250295167875,0.40328956203216226
98,0.33958823593373244,0.4028811852485099
99,0.33879369007733223,0.4022400336217994
100,0.33734406814931395,0.4010216539192071
101,0.33682560794963395,0.400942680872898
102,0.3362584879539145,0.401029045682747
103,0.3354873920690161,0.40045289342423573
104,0.3347275304075546,0.3999715611824951
105,0.3340881579645921,0.39949669974932867
106,0.33338132175411844,0.39894294104072214
107,0.3323494919858619,0.398447713220047
108,0.3317932759475888,0.3982189553514139
109,0.3311618615228396,0.3977553910077658
110,0.33047704231520825,0.3973751811676877
111,0.32969094690638556,0.39724632872792304
112,0.3288263196756848,0.39688118569253616
113,0.3280274609771948,0.39626536454934524
114,0.327276613144044,0.39572857251788546
115,0.3265233260598856,0.3955752445821971
116,0.3259458785596964,0.39550648921762
117,0.3254682412952039,0.39509227785555523
118,0.3250011018066988,0.39457705696005113
119,0.3244004747464745,0.3942394408507639
120,0.3238322499944003,0.3938538331142676
121,0.32319819385236553,0.39349526693024545
122,0.32249899175039737,0.39301946402348215
123,0.3218817631181053,0.39285074038840595
124,0.3214047514623513,0.3925254746984068
125,0.3205699073844999,0.392340566828083
126,0.3199231846441699,0.3920000235837575
127,0.31941397482750356,0.39183959371191757
128,0.3189156654648071,0.39167718887998554
129,0.3183003248843312,0.3912164117475424
130,0.31780252812891613,0.39074675064636333
131,0.31710432653967513,0.3903731632166509
132,0.31663047328557864,0.3901775627304459
133,0.31613276674166746,0.3897816815076841
134,0.31558392696282495,0.38946562161251713
135,0.3150898758774983,0.389243664121527
136,0.3144171072978614,0.388527899598565
137,0.31386420512736873,0.3884298815244285
138,0.313289132751101,0.3880225225966069
139,0.31242379706605045,0.3880795060782979
140,0.31130947438645995,0.3874168924861302
141,0.3106312811211689,0.38710559849345755
142,0.31014338631169125,0.3867674378174146
143,0.30947399770453504,0.3866570828901899
144,0.30895225105680646,0.3861366296029526
145,0.3086010015850526,0.3859414433446136
146,0.30799363041973615,0.3854557290214486
147,0.3074735104717647,0.3850221529112731
148,0.3070831507630991,0.38479347344700554
149,0.3065124180752852,0.38449305809746803
150,0.3059821003302538,0.3840642619383842
151,0.30548702412096085,0.38391589074854365
152,0.3051097323874786,0.38336648803251555
153,0.30468085317220317,0.3831680034037215
154,0.30387462982233343,0.3828157853634426
155,0.3033849252625451,0.3826424223626816
156,0.3030802942978619,0.3824945667888536
157,0.3027604037314553,0.3824543566698992
158,0.30236963276041584,0.38222962982921094
159,0.3017763005346286,0.3816853491008581
160,0.3012136282344397,0.38149496457533594
161,0.30081572388885963,0.38143814620256705
162,0.2999935472479369,0.3810145856131333
163,0.2994967185075565,0.3809035490227599
164,0.29894769567668344,0.3809171256739213
165,0.29841990465977275,0.3805692055199618
166,0.2980825129150212,0.38014424425583276
167,0.2974804769726305,0.3796441727839647
168,0.2968595741180535,0.3791431490480545
169,0.2965308270384411,0.37888531653106167
170,0.29609097681295576,0.37866863557314756
171,0.2956234723874354,0.3783337624259214
172,0.29523343188496626,0.3781729849079037
173,0.2949187281480472,0.37809881027226766
174,0.2946152689503843,0.3777879448809383
175,0.2943452673877052,0.37785511415739237
176,0.29387027197516224,0.37782452447658865
177,0.29346911471086956,0.37766481538246094
178,0.29312812431784113,0.3773495476165231
179,0.2927362845954319,0.37721557364145386
180,0.29237263419259435,0.37689599860311895
181,0.29186014994373777,0.3764560680307771
182,0.2914513396329394,0.376287969342683
183,0.2908334773419877,0.3761426413251603
184,0.2902574410669194,0.3758617214716766
185,0.2898132904044232,0.37539397573185174
186,0.2893965711073417,0.3754507751148942
187,0.28856500382925365,0.3749914853941909
188,0.2882228838271227,0.37486715674750803
189,0.2877772869297286,0.3747274325392652
190,0.28744581983883366,0.3746520936298115
191,0.2870067058377531,0.3745438898967709
192,0.2866862556844666,0.37450857369384744
193,0.2863924091536834,0.3742585001591136
194,0.2857777606953155,0.3739266666494129
195,0.2848863841062537,0.3737764726604589
196,0.2846076097595425,0.3739193026793542
197,0.2841890241399047,0.3735441369640525
198,0.28348641976553624,0.37306539043163917
199,0.2830245914651628,0.3728817022468572
200,0.2826112320127437,0.37277913485982517
201,0.2820283535849712,0.372816752601537
202,0.2817574932508047,0.37290811303995125
203,0.28125652290514846,0.372695164836699
204,0.2808182624184942,0.3726329976677044
205,0.28058004821718385,0.3726230405653033
206,0.28021427315181974,0.37246400211006403
207,0.27989400629576533,0.3723638778966881
208,0.2794114493077093,0.37214821853072444
209,0.2788899314726186,0.37168336513670786
210,0.27849094715376094,0.37153155019311884
211,0.27811585303689934,0.3715468637914009
212,0.2777230867175836,0.3714381294018819
213,0.277202410335024,0.37141281565017287
214,0.2769153591045017,0.3711870014071898
215,0.2765668077585653,0.37115158332929205
216,0.27596732564349274,0.3707315449585181
217,0.2756234798566868,0.3704598740296513
218,0.2752591028330469,0.37053025686123015
219,0.2748435420577963,0.3704377224547769
220,0.27450373222162205,0.3704687568667221
221,0.27416382526091104,0.370438131410727
222,0.273956097375765,0.37036663843377887
223,0.27371516372152255,0.3700151584823921
224,0.2733280133327236,0.36982868274281994
225,0.2730559592727082,0.36963733211090793
226,0.2727146359979604,0.3695271574187213
227,0.2723729875209039,0.3695429704323348
228,0.2719526364441696,0.36930190592937284
229,0.2715619479435536,0.36901545567816046
230,0.2711689736836393,0.3688124077247916
231,0.2708305417597707,0.3686322505215683
232,0.270358341662452,0.3683768278814805
233,0.27000486781141675,0.3682027977726857
234,0.2697270906986011,0.36820253495414434
235,0.26933686109493604,0.36774358864338086
236,0.26907592040959066,0.3677465063317957
237,0.26885527938120846,0.36761221087766105
238,0.2684279593312633,0.3674644869830987
239,0.26816553003202703,0.3672853148572864
240,0.2677803694278183,0.36724635439109743
241,0.2674237313382958,0.36711512999579576
242,0.26704146118318606,0.3670531806327308
243,0.26664064036366636,0.3667878110491401
244,0.26626919006594973,0.36665225733882784
245,0.2659842083641746,0.366517716566845
246,0.2656427175888583,0.36628265066434634
247,0.2653066138909234,0.3664289434828321
248,0.26508260160825403,0.36638567098475455
249,0.26474476767102706,0.366288570480433
250,0.26450186145907706,0.3664043165849675
251,0.264186991198949,0.3664606528486623
252,0.26395586961044526,0.3663898682158763
253,0.2635004406656057,0.36632558564044115
254,0.2631587937624178,0.3662546602861432
255,0.262961868143365,0.3661771832286512
256,0.262683080616396,0.36602756903451683
257,0.26248900225940436,0.3659899552199147
258,0.26205874701059356,0.3659315890653244
259,0.2616899104542344,0.3656663270524445
260,0.2612167138287129,0.3655154597519722
261,0.26090734121017944,0.36575424445799926
262,0.2606540455340974,0.3657894308996794
263,0.26036216538445495,0.3655546535043751
264,0.26014154532394007,0.36537576587964243
265,0.25976506331869054,0.36519345837762385
266,0.2593495764992043,0.3652643131583941
267,0.2589701943882002,0.36510331485416525
268,0.25858398446157876,0.36517457800930125
269,0.25835012269329194,0.3650453135634066
270,0.2581116731248194,0.3652724478375088
271,0.25790765435812035,0.3653889089789789
272,0.2574071652000411,0.3648718564791298
273,0.2570852723689403,0.36466723631739606
274,0.2568903832571808,0.3647518042729967
275,0.25651520086322377,0.36484198798238443
276,0.2561818323836805,0.3648781871839562
277,0.2558852407098764,0.3647663525867337
278,0.2556072488833862,0.3647218156634509
279,0.25520576495702346,0.36458025509358655
280,0.25476902920446015,0.3640591184621929
281,0.25441347344120174,0.3639931851568736
282,0.2541755571175576,0.3642080546335571
283,0.25390928506825594,0.3641518123386857
284,0.25358327809032405,0.36397089262741045
285,0.25338661555808156,0.3639145683372653
286,0.25316924583009276,0.3637131660203026
287,0.2529415438077731,0.36392753523081367
288,0.2525770585647824,0.3638337576571344
289,0.2520818209408913,0.3638738578765793
290,0.25180193898932746,0.36393656265448354
291,0.25152405814489015,0.3637350389599036
292,0.25098907817670885,0.3635976622961599
293,0.2507175682294137,0.36341830817357407
294,0.25046077059574984,0.363270424686896
295,0.2502309041842597,0.3630553308262019
296,0.24988308705994133,0.36298908198810526
297,0.24945124920474587,0.3629808627789147
298,0.2491825607159312,0.362704342904542
299,0.24892593477483363,0.36264819077666
300,0.24863156781038512,0.36238016735493594
301,0.24837034362661986,0.3622737666432023
302,0.24816704055196165,0.36213542868867593
303,0.24793030848436623,0.36203658001459976
304,0.2476954274563926,0.36174804759709
305,0.2474865607811818,0.3619136473340677
306,0.2471567381211162,0.36171051149205335
307,0.24684955859399235,0.36151701222463306
308,0.2465767737960789,0.36146777546713543
309,0.24637774710948185,0.3611766443790643
310,0.24616070460523704,0.36117922482558235
311,0.2459081830165122,0.360963825079323
312,0.24573493954610348,0.3607911786973185
313,0.24533842179815682,0.36099715565009355
314,0.24484109342771063,0.36096735660800905
315,0.24463981640740082,0.36089484697531704
316,0.2443450512688857,0.36073329198827875
317,0.24409481724615853,0.3605075244699264
318,0.24392809859518097,0.360619059425186
319,0.2434904782959225,0.360223937184544
320,0.24297415359718014,0.3601989343006313
321,0.24269511644203368,0.36016359438122414
322,0.24223404408225993,0.35976171471330143
323,0.2420206332387599,0.35980198524122464
324,0.2415903144244138,0.35979110299364464
325,0.24131679733276679,0.3596512952806668
326,0.2410656627260952,0.3595895645546827
327,0.24076466944042574,0.359312509298551
328,0.24054396917366236,0.3592175392448276
329,0.24037078604504156,0.3592269764996545
330,0.2401232094006766,0.3590937030366789
331,0.23975741509388776,0.35904459653586646
332,0.23956668671170564,0.35912019772953246
333,0.23926720406627222,0.3590000633280291
334,0.23904661666654825,0.3591401807594174
335,0.23871867779084485,0.3587858520633291
336,0.2385557430723454,0.35888920261807167
337,0.23825560870993723,0.35895423513018065
338,0.23796175597667618,0.35887063701561284
339,0.23774568614180164,0.3589018119536498
340,0.23754913890387191,0.3588801599115066
341,0.23716398451414267,0.3588110698900436
342,0.23695524161749973,0.3587520482219425
343,0.23667498470421663,0.3585426121542573
344,0.23645223873258012,0.3584738849698178
345,0.23627918313262075,0.3587844907909132
346,0.2359554964086194,0.35842776068128906
347,0.23573907371339597,0.3583044248121647
348,0.23557750995047125,0.3580278782031241
349,0.2354196211287568,0.35805721721025163
350,0.23527606888777597,0.35804699049094973
351,0.23486871160938547,0.3580867185212581
352,0.23459666177047947,0.3580379479423945
353,0.23438663573794316,0.3579945849204519
354,0.2341795815317393,0.3579978395455731
355,0.2340273629881869,0.35799526782355906
356,0.23369385309987845,0.3579933259901482
357,0.2334186556985877,0.35789767058588856
358,0.233243760836372,0.3580149403661509
359,0.23302633986748536,0.3579303994883112
360,0.232770587246867,0.35794292989307047
361,0.2324570644809489,0.3576285805704316
362,0.23202233855518287,0.3573637347524182
363,0.23181700953517523,0.35735389638330833
364,0.2315948116878639,0.3570705634934619
365,0.23134175736403934,0.35692199223392285
366,0.23115150116301802,0.3569207288520253
367,0.23085802200157024,0.35704490643493775
368,0.2306642614375121,0.35722675249517066
369,0.23047614255471377,0.35713663784246574
370,0.23020364094761053,0.3570644728690248
371,0.23003803095679376,0.35702519337489147
372,0.2298474437243581,0.35691022611445655
373,0.22964599916341308,0.35672449248859633
374,0.22932337244763082,0.356609107508328
375,0.2290698855279785,0.35663235035821417
376,0.22887450272050355,0.3568041080126074
377,0.2285777818359705,0.3566774457489312
378,0.22841540134019886,0.3566569767347941
379,0.22813549663308622,0.356306026833443
380,0.227887816864441,0.3562090048134764
381,0.22772892519867724,0.3562720385520378
382,0.22736164193792197,0.35603953507063363
383,0.22717801808199137,0.35603270153652866
384,0.2268928610313533,0.35578355161191594
385,0.22657911929716987,0.355866977589325
386,0.22624111841144712,0.35573755330543955
387,0.2260714234720114,0.355696161644805
388,0.22582084501256708,0.3557412199209391
389,0.22563519417081165,0.3557830266607728
390,0.2252974762754727,0.3555829221391105
391,0.22511134542503397,0.3553878199651219
392,0.22473050094060792,0.35530616376715385
393,0.2245287248937272,0.35542237230928037
394,0.2243703821528247,0.3553458299351478
395,0.22420333003020393,0.3555641932593635
396,0.22398074972621768,0.3557150117677871
397,0.22379715208909168,0.35586665774425824
398,0.22353268666633563,0.35582184294449365
399,0.2233382369169868,0.35567309268101477
400,0.22312271601962136,0.35568444413033534
401,0.22296293788103197,0.3556190535820426
402,0.2227752267032162,0.35550624267498415
403,0.22260201702242388,0.35537306529230556
404,0.2222947192916813,0.35536867816367407
405,0.22208584399296633,0.3556376281999205
406,0.22192442552208705,0.35558851095296473
407,0.22172386620832943,0.3554337826583546
408,0.22148745234316758,0.3554307593950258
409,0.22120346797194687,0.3552873862728114
410,0.22099162318351467,0.35517903755667046
411,0.22080992337213737,0.35502800059969486
412,0.22061586346289677,0.3549603071879895
413,0.22039751784212885,0.35492505536569247
414,0.22009439561583133,0.3547392541633222
415,0.21985946589467978,0.354524235827868
416,0.2195889744490332,0.3543790603235234
417,0.21939357044892285,0.3544520242144619
418,0.2191261628254258,0.3542819642419996
419,0.2187413955941595,0.35425694944163744
420,0.21860476319481548,0.35433402026306454
421,0.2184481964161767,0.35433460222621177
422,0.21830585473815303,0.354268157468266
423,0.21814609926611608,0.35427466528608326
424,0.21789173859266597,0.35430258022248157
425,0.2177359601290416,0.35436342264049103
426,0.2175242851332641,0.35417391368900236
427,0.21729041896082837,0.35403338032277465
428,0.21714415862234843,0.35416540909429567
429,0.21699937386108978,0.3542080619086927
430,0.21684290677714135,0.3541440730532986
431,0.21670291554942253,0.35403578549778053
432,0.21657189208887515,0.3540322149411655
433,0.2163766383991323,0.35404422393178936
434,0.21615337019436284,0.35384023956716726
435,0.2158204144615426,0.35342877689981833
436,0.21565691257744266,0.35339570252102237
437,0.21549146410160652,0.3533709827308685
438,0.21529983808085232,0.3532232202202609
439,0.2151861931342903,0.35326143176170327
440,0.21499482437930342,0.35321006015209916
441,0.21471919874740558,0.3530078501955962
442,0.21458254080119157,0.3530589992632837
443,0.21422510573071407,0.3531025120311409
444,0.2140985700048131,0.35314162541500804
445,0.21388661577496157,0.3532598319311575
446,0.2137279037731209,0.35315315482139203
447,0.21358762420323696,0.3531390798855799
448,0.21341085717431116,0.3533422812537918
449,0.21324117187869854,0.353276500171966
450,0.21311806347184822,0.3532287757325648
451,0.21294193292404578,0.3531865807120682
452,0.2128228590499175,0.3532390614952321
453,0.21262218451262566,0.3532563958482681
454,0.2124561327754845,0.3532334115486897
455,0.2121978148697631,0.35329439373079974
456,0.21193810757807205,0.35324914469216295
457,0.21168094554032463,0.35333250905091756
458,0.21151438077698537,0.35330595661224956
459,0.21138148043861554,0.35332256035306286
460,0.21118597713020412,0.35318411916042
461,0.21091925775673623,0.35310142427763114
462,0.2107767204609051,0.3532294219241125
463,0.21061573535213904,0.35312623941636373
464,0.2103190683599297,0.35301172274463155
465,0.210107552393021,0.3529238282162873
466,0.20992551535642956,0.3526907999352276
467,0.20971022167779996,0.35281617565577195
468,0.20952281191796257,0.35263359036046055
469,0.2094241152288852,0.35258934860601115
470,0.20923497260916468,0.3525859445070623
471,0.20907280099119188,0.35261346819986794
472,0.20890112631975055,0.3524934204847081
473,0.20871455985259416,0.3525771890325377
474,0.2085074885734048,0.3525195987171535
475,0.20837125590491692,0.3525864996576443
476,0.2082375921252679,0.35274189232354375
477,0.20812529729763055,0.35264060453016577
478,0.20791685570888993,0.3524165658263517
479,0.20771904452953158,0.35244239258408117
480,0.20754725292608503,0.3525172770781399
481,0.20739477769370276,0.35262574960985155
482,0.2070613915350019,0.3527141790713989
483,0.20693932430081471,0.35267639753234475
484,0.20681507054765216,0.35263988328642304
485,0.20670016981285763,0.35268321082544324
486,0.20638408271343864,0.3525565019985917
487,0.20616555809495837,0.35265697367700016
488,0.20600369803417531,0.35275714071546277
489,0.20588815899897184,0.35266250258618786
490,0.2056742732602615,0.3525251958628252
491,0.20555098415535197,0.3524884016090122
492,0.20540611509930667,0.352473703627135
493,0.20528684777224043,0.35259349186620215
494,0.20496157263502865,0.35264474674643376
495,0.20483906068849594,0.352612370019434
496,0.20457036004100412,0.35274595575186624
497,0.20443364326846314,0.35269350361733165
498,0.20425789514997816,0.352747601005677
499,0.20406565323668727,0.35286119785078607
500,0.2039005303928164,0.35286738779656707
501,0.20373096974034693,0.35287550664209044
502,0.20358656154455707,0.35287679113921694
503,0.20341461555343718,0.35270739107451304
504,0.20323995783049373,0.35258780105566667
505,0.20310272394561688,0.35249682829270323
506,0.2029461726458922,0.3524440818156872
507,0.20276270936284904,0.3525057684976694
508,0.20256379579470912,0.35246786367860433
509,0.2024092582420669,0.35256078552300146
510,0.20223571839626656,0.35254817687902384
511,0.2019745443910593,0.35235734745204433
512,0.2017162109328602,0.3523368524225285
513,0.20158433088685154,0.35230350010892
514,0.20136009519451692,0.3520833007089526
515,0.20116660731847127,0.3522964888406144
516,0.2010215235153316,0.35217375480880014
517,0.20085563703275555,0.35213294000737466
518,0.20070143663008683,0.35201226259004836
519,0.20052950083283166,0.3520027155024108
520,0.20037715617941995,0.35192045398488697
521,0.2002747859157891,0.3519639314707796
522,0.20013192006437716,0.3518162206682646
523,0.20002063289373026,0.3518420213804655
524,0.19987945187468037,0.35177499294046205
525,0.19966877030209693,0.35187544357846245
526,0.19946499461346712,0.3518155403873326
527,0.19919025081298403,0.3517800953536271
528,0.1990649635377345,0.3517733092801783
529,0.1989608398256954,0.3517950709229168
530,0.198785807774116,0.3515774806620293
531,0.19863375664722865,0.3513782360839823
532,0.19853991282663888,0.3512865229199412
533,0.19838959470491532,0.35126152503118113
534,0.1981653822281285,0.3514077111481331
535,0.19801350037633542,0.35132069282943035
536,0.19789768414061784,0.35143098689297736
537,0.19773623195925566,0.3514453694032383
538,0.19751369060784224,0.3512996749768583
539,0.19733996072064525,0.3513675143310444
540,0.19715840897189346,0.35144888616440695
541,0.19700447363814216,0.3513657002261619
542,0.1968774416097057,0.35132547436012784
543,0.19676457107874415,0.35124685914067644
544,0.1966418279449687,0.351242586856006
545,0.1965387381391287,0.3512861612181516
546,0.19636410826940495,0.3513911655981214
547,0.19611930787130835,0.3513920442529769
548,0.1959689425801613,0.3513788036558084
549,0.1957877396096211,0.3512443555211333
550,0.1956219284046911,0.3511087978291955
551,0.19547254271867326,0.3511195725204628
552,0.1952872656469264,0.35115083894715987
553,0.19515378386363058,0.35112296098739354
554,0.1949651279801865,0.3510066018904752
555,0.19484998139578869,0.3509777385145121
556,0.19474194194176972,0.3510282222736808
557,0.1946200103436187,0.3512237759808622
558,0.19444318192998308,0.3513469868311294
559,0.1942735738896152,0.35139477103552336
560,0.19414209182363223,0.3514878304841845
561,0.19390409850077706,0.351507634273238
562,0.19379193947372056,0.35145480053875416
563,0.1936948915102685,0.3513524448591379
564,0.19357315399004538,0.3512838917938711
565,0.1934444463671858,0.35124561783080394
566,0.1932806827583932,0.35123566181059773
567,0.19307983738315526,0.3508823464818281
568,0.1929733296622869,0.35089201367697453
569,0.19285546869873246,0.3509280735072552
570,0.1926765019237827,0.35105245397438495
571,0.1925644986451171,0.35117923265461365
572,0.19237251625892193,0.35111134353361584
573,0.19226843670458688,0.3510512512074596
574,0.19216366922851205,0.3510570295644091
575,0.1920062346145313,0.35085509092821177
576,0.19189851640696196,0.35063272550870445
577,0.19171379003795655,0.35054576951637767
578,0.191526395760603,0.35047905761061876
579,0.19139830862408472,0.3502373212338553
580,0.1912501289915998,0.3503254314797909
581,0.19106511032818604,0.35035314528903105
582,0.19095120902762283,0.3502722144282933
583,0.19085727866813568,0.35018347044220394
584,0.19069946952926242,0.3501365154355973
585,0.1905786413939574,0.3501987091859263
586,0.19045525054407225,0.35006664175233543
587,0.1902812573786243,0.34997421779288823
588,0.19003319223338141,0.34992481030702954
589,0.18984670061852274,0.35011117660660046
590,0.1897137273773887,0.3502699573985527
591,0.18955529645869623,0.35006727422176553
592,0.1893749043324741,0.35018041202157096
593,0.18926541046601944,0.3501462620906
594,0.1891061150600257,0.35007037902184435
595,0.18898418536721776,0.3500768921600633
596,0.18885840611640223,0.35014418936809566
597,0.18868535371217113,0.34995901369515325
598,0.18858605706362333,0.3498702223354116
599,0.18848307791123908,0.3499202351098148
600,0.18832378324434262,0.34975871098305084
601,0.18819854210601147,0.3495752551289173
602,0.18810061000596434,0.3494720239711317
603,0.18799126209014955,0.3492733654582107
604,0.1878647163221423,0.3490688062643871
605,0.18764092454021689,0.3490453522171713
606,0.1874456182573367,0.3490330014739877
607,0.1871908278076299,0.34890958571515635
608,0.18699077875556808,0.34901323447143756
609,0.18677646869216474,0.34915222618130803
610,0.18667129044753492,0.34915536428785965
611,0.1865276174689557,0.3491565051828718
612,0.1863707349885355,0.3492211869832406
613,0.18628377023683168,0.34923359003209903
614,0.18615773925590046,0.3492837621057337
615,0.18597434898655915,0.3491877020739342
616,0.18582976193327536,0.34911408168598457
617,0.18567127771378317,0.34913373312294627
618,0.18553010300474837,0.34915186971586976
619,0.185377128641166,0.3491695784602115
620,0.18509973299034058,0.3493643825035444
621,0.18494088009623352,0.34949347768525296
622,0.18485600492176166,0.3494820559207088
623,0.1846553414778991,0.34939469871343554
624,0.18450090759940949,0.3493542572511478
625,0.18430431569018507,0.34920760886298186
626,0.18416808176042349,0.3491712134336633
627,0.18405846829827457,0.34935212794759746
628,0.18393708920451754,0.3494947429584688
629,0.18384311827930674,0.34955426832514835
630,0.1837360643269162,0.34950740397346636
631,0.18361955113368497,0.3494540784566075
632,0.18350819052131062,0.3493248765075276
633,0.18339737990159963,0.34910188979015394
634,0.18323550765373564,0.3492142012996016
635,0.183143442310756,0.3493038693961764
636,0.18295283187937472,0.3494572051882992
637,0.18283569916468306,0.349375585680478
638,0.18263606673537747,0.34938011451756745
639,0.18247801312777498,0.34926065155152375
640,0.18238608086249475,0.34928049049615845
641,0.18226873711998282,0.34946560907809177
642,0.18213463185862888,0.34935130355298816
643,0.182034015419625,0.34934268017638137
644,0.18185379811601188,0.34949061067602116
645,0.18170973444016547,0.34950562084281234
646,0.18158110341912617,0.34939308937572056
647,0.18149121830843296,0.34935658017245275
648,0.18139331066518927,0.3492864637393711
649,0.1812728545463697,0.34925814359089513
650,0.18107670769684422,0.3492830454634727
651,0.18097137976543667,0.3493380553864856
652,0.18082673186517537,0.34935177964636815
653,0.18063007937500844,0.34927630132895127
654,0.18053043997028775,0.34930663525390715
655,0.18043411425126205,0.34926680514508224
656,0.18031942473526674,0.3492433949937034
657,0.1801539666184694,0.3491135696879535
