0,0.6384627884369567,0.6396471960726047
1,0.625581552986742,0.6280171041697831
2,0.6126422628882446,0.6160262773644345
3,0.6009253811070505,0.6056597596369132
4,0.5898711539562688,0.5955046895442503
5,0.579774808370024,0.586655055399173
6,0.5694327874927965,0.5768006923145774
7,0.5610506542296817,0.5695658171781778
8,0.5526851958740713,0.561922903355786
9,0.5443287328015614,0.5547933194463399
10,0.5369264593900841,0.5473586966699072
11,0.5296917653079074,0.540082425335875
12,0.523302182275531,0.5340237740198855
13,0.5173202262033775,0.5293222225525163
14,0.5117132355107726,0.5243907297545961
15,0.5058978015772099,0.519560376020743
16,0.5001947997172863,0.5148487653087108
17,0.4942720714516341,0.5095616355853403
18,0.4894817871428847,0.5049920270010735
19,0.48436569540849794,0.5005291216941767
20,0.47957426340703513,0.4965233645120332
21,0.4750382227026972,0.49260330593989216
22,0.47123928790744135,0.4888998104168799
23,0.46763775388762147,0.48574112002082154
24,0.46347126944525796,0.48197162442744157
25,0.4603511419815895,0.4795930244375107
26,0.4574380464440233,0.47693313111651525
27,0.4537680964703255,0.4737789938836723
28,0.4509830382819249,0.471687675806168
29,0.44777855594740196,0.4686318254748056
30,0.44518838156366236,0.466448407462674
31,0.44279086254999933,0.46460639727134534
32,0.4395093744905764,0.46188202485379154
33,0.4364878041558943,0.45993223872201133
34,0.433767837956016,0.4576335079637189
35,0.43112625435739166,0.4561960334804925
36,0.4292626720874076,0.4551109536757681
37,0.42721183690804515,0.45362704359861306
38,0.425251207115267,0.45225365545766044
39,0.42278420892151425,0.4508301070822407
40,0.4205275095955912,0.4488934314480922
41,0.4187340128752264,0.44741608631298985
42,0.4168231393812023,0.44647483786776754
43,0.4145769252801994,0.444599750619106
44,0.4118993636589973,0.4425361790589941
45,0.40964957617445813,0.4409532822967836
46,0.40682159301298276,0.438556600263614
47,0.40550695731251163,0.4372805996225009
48,0.40293089722849657,0.43537071909968117
49,0.4013566607651243,0.434613628919388
50,0.39938922643763913,0.43323920212339523
51,0.39736781634652296,0.43225764613953
52,0.395858902347299,0.43121321534789137
53,0.3946110000407967,0.43041274220097897
54,0.3924227326649492,0.42857317822191854
55,0.39088203632544816,0.4273237708058153
56,0.3892568020943277,0.42607492805078595
57,0.38779258586617965,0.42530513562687355
58,0.386408914954451,0.42454435648770716
59,0.38541558256386105,0.4240459586802799
60,0.3832992549553344,0.42277820351637946
61,0.3812811891808062,0.42172147388753123
62,0.38017387883139453,0.42095199515590204
63,0.37864130241006116,0.42032960781839385
64,0.37716762701449746,0.41936291388411223
65,0.37594638016353576,0.41816782088749443
66,0.37445761818323553,0.41720632045484496
67,0.37320464392451896,0.41639162055620366
68,0.37204015067626633,0.415846509073347
69,0.3706869628293203,0.41476536089314214
70,0.3696443026143385,0.41427379003263237
71,0.36854693157282764,0.4136196438884697
72,0.36744828516592304,0.41257095306985725
73,0.3662567139942196,0.4118860073694782
74,0.36542390925431106,0.4114056529524494
75,0.36452894510729367,0.4106972176723387
76,0.36356683121858735,0.4102345725686839
77,0.3628571364509659,0.4097736121842492
78,0.36189353045301637,0.409001288878442
79,0.3603075075359878,0.4080375353205185
80,0.35940260145032327,0.40747318417030776
81,0.35870132011494604,0.4069883853126215
82,0.3578785864920401,0.4066241187817293
83,0.35702026756728983,0.40630819804643536
84,0.3556489908884095,0.4051816638610296
85,0.3541924304331567,0.4041762724853501
86,0.3534666299563913,0.40406530420345116
87,0.3525451939728307,0.40361207103785957
88,0.35162183149473286,0.40320134071739544
89,0.35074418511989097,0.4030494963943202
90,0.3500026098043593,0.4027609613568504
91,0.34909297195500777,0.40185258667679785
92,0.3482252526334077,0.4013023470522517
93,0.3476376619776886,0.4012747590920354
94,0.34694921337176404,0.4008754194806671
95,0.3462334008148359,0.4007106374252202
96,0.345532692306112,0.4000887649889886
97,0.34461206610100614,0.39920811110371074
98,0.34389625888139586,0.39900391479761166
99,0.34313620157547725,0.39824445642940465
100,0.3424260280922965,0.39802108740288344
101,0.34171449954560196,0.3976191052818478
102,0.3405822532942276,0.3964181649213141
103,0.33990117261334446,0.3960705333848112
104,0.33915792565651,0.39573650290878454
105,0.33856728142745324,0.3954873138587788
106,0.3379432207801604,0.3948489764388296
107,0.33686912717815154,0.3941109705013449
108,0.33584943211689383,0.3935825609794993
109,0.33509803807967053,0.3927924682535861
110,0.3341345703598588,0.39198669191276614
111,0.3332853298269935,0.39163108560282256
112,0.3327366136201071,0.3911990734559521
113,0.332206185848287,0.3909591543330687
114,0.3311429828382731,0.3903990346184256
115,0.3304970827027013,0.38995918742111285
116,0.3299223326046651,0.3894660057742188
117,0.32925958966256813,0.3890426708424728
118,0.32854402662327986,0.38848604317400093
119,0.3280811611803737,0.38800246083624584
120,0.3275667321724222,0.3878061515111752
121,0.3270079632900988,0.38753648581530653
122,0.32640586160157814,0.3871677638697054
123,0.3258103688156167,0.3869523116678834
124,0.3252238407086048,0.38647544065817213
125,0.32450167737810615,0.3862878833139359
126,0.32391960051564583,0.38596358661191343
127,0.323447494961601,0.38565670362384263
128,0.3229684213315711,0.385390434695711
129,0.32213051122803554,0.38487336781943104
130,0.3214027442999663,0.3846314900995766
131,0.32091737024440764,0.3841511697083097
132,0.32044373848260105,0.38366898538714106
133,0.32001479580789655,0.383243966762008
134,0.31935441947512344,0.38297143043265
135,0.3188447587922247,0.38292654195256987
136,0.3183493815451573,0.38303637846292293
137,0.3178662812138361,0.382848030316543
138,0.31737569763398765,0.38255319520968933
139,0.3167668411290574,0.38221967997754003
140,0.3161526022463182,0.3817930148193813
141,0.31573783959912743,0.38165853792962956
142,0.3148922172000574,0.38093064709548813
143,0.3143235078419256,0.3804891344561511
144,0.3136605031171899,0.38026517814903443
145,0.31295637320259356,0.37978175864604163
146,0.31240509664223776,0.3793830120715512
147,0.3118235653048682,0.37899437910595607
148,0.31133384086012433,0.3789016671289727
149,0.31087932179989936,0.3785122593571422
150,0.3103946555689462,0.3783590485091788
151,0.30989365356681586,0.3782204857409142
152,0.3094680135493087,0.3782121815421396
153,0.3090508116067968,0.3776926170841616
154,0.3086431785423861,0.37745883772504096
155,0.3081783356072153,0.377304327745093
156,0.307788672114735,0.37714699183218575
157,0.30731351030146065,0.3768322418840606
158,0.30683137890012524,0.37638070476418617
159,0.3063277351839097,0.3761762665874122
160,0.3057934145966041,0.37563341949725754
161,0.30516987553562064,0.37513413524203965
162,0.3045413812346453,0.37476489384044315
163,0.30411301143706226,0.37464849619307095
164,0.30345793660117615,0.37390761031084013
165,0.3027358930399176,0.37337287961718
166,0.30235756279806136,0.37334557384622713
167,0.30203331200794437,0.37339863144491364
168,0.30168774379924446,0.37341485250973583
169,0.3012173001404813,0.37289234097991886
170,0.3007919210789195,0.3726274243607156
171,0.3003771550563922,0.3722371077996897
172,0.2998025125150349,0.37181058033304504
173,0.29909381047770095,0.3711686901645794
174,0.29862460260250673,0.3708733274118018
175,0.29832345456059234,0.37093481298951514
176,0.29798564810328976,0.37099185504164967
177,0.2974973035180617,0.37085330799757554
178,0.2971243164950143,0.37066366738860296
179,0.2967117515850754,0.37034091745733616
180,0.29605670831038927,0.3699728284630704
181,0.295613866168789,0.3698501290702291
182,0.29527380687775234,0.3697780042967462
183,0.29465202172059085,0.37006453272884604
184,0.294209134710316,0.3697770170731584
185,0.29367527720168085,0.3692416888405717
186,0.2933755214390092,0.36895231276073237
187,0.29309692473697074,0.3687835084274411
188,0.29276678820064095,0.3685814041967246
189,0.29211030342620325,0.368006241749027
190,0.2917888573527941,0.367876023710282
191,0.29146758143334867,0.36786173583730963
192,0.2910289347118607,0.3675003761246438
193,0.2907153634687316,0.36776043380016016
194,0.2901570454882145,0.3673276452187165
195,0.2897503507783193,0.36693815121537443
196,0.2894337202973532,0.3669246948052426
197,0.2888368476039927,0.366826731311433
198,0.28841357055643807,0.3668454294427678
199,0.2879634339024123,0.36677834545025884
200,0.2875546659731919,0.36682540114455114
201,0.286813034510332,0.36637271004020144
202,0.28636729556211904,0.36612304804519796
203,0.2859841781066932,0.36604371379734063
204,0.285392313172606,0.36597874343944575
205,0.2850574756980616,0.3658604159710996
206,0.2845810080492909,0.365420615586529
207,0.2842314387731965,0.36530242234726396
208,0.28378098759592907,0.36487051870291914
209,0.2832957020451881,0.3645836954407717
210,0.28282789435686195,0.3643956512068034
211,0.2825475305886538,0.36444340481907206
212,0.2820225687365917,0.3643347234642389
213,0.2816255446003975,0.36445879885861865
214,0.2812064459853656,0.36403277581685617
215,0.2807643349358023,0.3639429917772661
216,0.2804049426945039,0.3637099673151458
217,0.2799832518058631,0.3636862558985117
218,0.27964546941068125,0.3632400197175826
219,0.27915942948582373,0.36268268282875715
220,0.2788594785782068,0.3625262997986406
221,0.2786111885194546,0.36234696407804373
222,0.27819967354733244,0.36204264417830184
223,0.27791900938931197,0.3620568544827362
224,0.2776772566387115,0.36185405271503895
225,0.27730943239287836,0.36170966037495916
226,0.27682187888555143,0.3614023185544795
227,0.2764124535651941,0.36114753376993786
228,0.27589379725441093,0.3610040703542278
229,0.2756191018175855,0.36117260014425656
230,0.27514165320253714,0.3608842994299093
231,0.27487676609686656,0.3607333542800747
232,0.2745445464676659,0.36056399489624963
233,0.2742564093902315,0.3607677130287525
234,0.27399525391440144,0.36055455291171185
235,0.27363128192671593,0.3603278335541227
236,0.27332000475524065,0.3601599588687975
237,0.27289202033527077,0.360034433957465
238,0.27260305724573747,0.3598404427528594
239,0.2722915031008241,0.35977854346856475
240,0.27192163448740153,0.35962636164147366
241,0.2716692604894863,0.3595712438607726
242,0.2714418257406819,0.3595988974748002
243,0.27108898950618093,0.35932006609693057
244,0.2703876078783424,0.3589621968006215
245,0.27003878956828525,0.3588114522090359
246,0.2697058371814746,0.35855900041067906
247,0.26931652813429025,0.35839296733452514
248,0.26898583760012373,0.3582055502025761
249,0.2686748883478686,0.35815755644838776
250,0.2683035055895642,0.3578501325504299
251,0.26799205204422955,0.3578944725750396
252,0.2678039689135213,0.35765795607610074
253,0.2673607698192797,0.35751039485189173
254,0.2671075170232412,0.35754278107806176
255,0.26682266098200463,0.3574653198665902
256,0.26654253179839404,0.3573576014741948
257,0.26609049603682006,0.35713419021869247
258,0.26580624587914137,0.35710237627252384
259,0.2653608214457382,0.35685343874705044
260,0.26510012829327917,0.35662228296644766
261,0.26466696016133984,0.3565460593985043
262,0.26442108258219477,0.35675438359403394
263,0.26396419964685197,0.35655548377897806
264,0.26371482076910413,0.3563409233958033
265,0.2634286461739589,0.35622532696543896
266,0.2630595588886004,0.35610718525705926
267,0.26249085431035923,0.3557176721296086
268,0.2621584103362472,0.3557414550926875
269,0.26174235314643096,0.35563286352434037
270,0.2614182534057326,0.3554338288137071
271,0.26108600805776244,0.3553848648150934
272,0.2607898129558448,0.35540385115926154
273,0.2604285622808438,0.35539419583195575
274,0.26021487986153924,0.3554550566327567
275,0.2598205020106165,0.3554108165350721
276,0.25948587043664834,0.355302167544929
277,0.25907061407887855,0.35522308031364835
278,0.25876682730911815,0.3550783117930848
279,0.25837559320500103,0.35490939102675095
280,0.25804703400051554,0.3546876543576595
281,0.2577271931330193,0.35457164370828953
282,0.2572800603899179,0.354410517491926
283,0.2570879115333976,0.35431110133253524
284,0.2567579195251358,0.3541026896099121
285,0.2565453897753842,0.3541416112940471
286,0.25628664997275086,0.35392566950549714
287,0.2559109016833913,0.35371147289780613
288,0.2556714918753691,0.3535858906680486
289,0.255086474049346,0.35346686932795834
290,0.25481419741486755,0.353589225743787
291,0.25460828383663187,0.3536030534804005
292,0.2543515281886785,0.3534239851953324
293,0.254127101482727,0.3533249111512841
294,0.253901972398056,0.35314733310121194
295,0.2536444988395544,0.3531853127464097
296,0.25343445649853324,0.3529577477599827
297,0.2529812207260986,0.3528643398915849
298,0.2526562370930065,0.3525187483246401
299,0.2524217976688154,0.3523861280490839
300,0.2520195278939167,0.3523300985296712
301,0.25175700040261856,0.3521693571048334
302,0.2515405722815118,0.3521980676055742
303,0.2513052118493344,0.3518571685241579
304,0.2510163885282272,0.35181241898170335
305,0.25073164795061803,0.351761247606822
306,0.2505319238483547,0.3518277868435543
307,0.2501848747850621,0.3516596721543834
308,0.24988691393985651,0.3514238194637316
309,0.24969304143678878,0.3514889965117387
310,0.2493790005570799,0.35117267840566513
311,0.24916010774093986,0.35120269751430233
312,0.248935696836268,0.35107535889434255
313,0.24860456344467705,0.3508082967127002
314,0.2484138415393474,0.350839779381719
315,0.2481742138090437,0.3509511009531084
316,0.24799625380464468,0.35088895669701187
317,0.24777099564218533,0.3506846331706247
318,0.24744549177422334,0.35060124767079837
319,0.2471083498635225,0.35045517264642845
320,0.2468814090155375,0.3502743101132892
321,0.24655929988766143,0.35009619678335213
322,0.24629270694935718,0.3498940315817721
323,0.2458047853402292,0.34934310411077474
324,0.24552123667961545,0.3491517758084536
325,0.2451409985409927,0.34892080935435943
326,0.24476591851170826,0.34895973233161515
327,0.24436149908951774,0.3487980865258586
328,0.24411055343602264,0.3486306334621259
329,0.2439270256964961,0.3484986714876491
330,0.24353694924018723,0.34849494885398274
331,0.24322981709997707,0.3483901903432957
332,0.2429662663501274,0.3485033409401723
333,0.24273903884847645,0.3485456158738804
334,0.24242786995211318,0.34842454817049584
335,0.24225893170236035,0.34840923430812576
336,0.2420456403173519,0.3482533362974663
337,0.24179394473112478,0.3481460848011482
338,0.24134969870724693,0.3478374132838781
339,0.24113895950186284,0.3476420890662453
340,0.24088825822062274,0.3476973097049287
341,0.24064538936398921,0.34745869130372653
342,0.2402599657960017,0.3471645241550093
343,0.24005500714578587,0.3470318240625981
344,0.23976526640125648,0.3469968139106333
345,0.23957210031125453,0.3469031420925211
346,0.2393425331048669,0.3469089969377827
347,0.23899502186317606,0.34676867604982226
348,0.23863309931670157,0.34656086247847523
349,0.23839044259060269,0.3466871749987751
350,0.2381970273473165,0.3467698680331938
351,0.23772802572379081,0.34687420666876423
352,0.2375461294778524,0.34672442716315005
353,0.2373237219367579,0.34648596202185766
354,0.23698033040013738,0.3462587336979582
355,0.23675221190657372,0.3464151799140289
356,0.2365155488134101,0.3463257866511397
357,0.23627892810265536,0.3461394453454215
358,0.23608746480070175,0.3458981529431
359,0.23585031481321012,0.3458542066292018
360,0.23557064275074743,0.3457506894056211
361,0.2353344368923159,0.34579286103316015
362,0.23501716963178718,0.34589126189096575
363,0.2347819635810977,0.34613638780430256
364,0.23453606284484332,0.34597149958226625
365,0.2343195212398467,0.34583229897888357
366,0.23402669237386348,0.34555967991096587
367,0.23386562107680003,0.34567862678069156
368,0.23367086930376235,0.34553294657630135
369,0.23351030035543016,0.3454753276062578
370,0.23331788985641266,0.34556074722546465
371,0.23307183662867295,0.34539172253261335
372,0.23286626092804497,0.345170998975859
373,0.2326939772648829,0.3450390830656699
374,0.23248466532374604,0.3449227081938602
375,0.2322648048173218,0.34497092012955904
376,0.23208788573093705,0.34505019964966294
377,0.23192719217014265,0.34509220481535174
378,0.2316446200366684,0.34507190114395186
379,0.23145569942724437,0.3448254855813106
380,0.23111518062111394,0.3446810435134293
381,0.23095364514040384,0.3446136091395978
382,0.23076552884068396,0.34459499311712166
383,0.23058353401961787,0.3443546662933831
384,0.2303603258267468,0.34418674940331967
385,0.23012652759740715,0.3442034740032959
386,0.22997097641443442,0.34405266325396583
387,0.2297637908969482,0.3439357529719701
388,0.2295785997447095,0.3440403302679336
389,0.22934896551657782,0.34383333915372993
390,0.22907077899135495,0.34381251608749586
391,0.22882280562677626,0.34387837964970025
392,0.22851213846167837,0.34369638417520115
393,0.22836226202896395,0.34382852916920803
394,0.22816648881786047,0.3438014878466111
395,0.22775149676933892,0.3436361893758731
396,0.22743211782057585,0.34344462267343195
397,0.22728282193291516,0.34336039790133976
398,0.22708486813690956,0.3433735482311014
399,0.22687063920010667,0.34302861918252253
400,0.2266626489239649,0.3429646052036929
401,0.22646589609959264,0.34289061611106747
402,0.22631975804360674,0.342884496813512
403,0.2261904030058771,0.3428546447112682
404,0.22605976954176618,0.3428519631525055
405,0.22583332240414475,0.3426978311155151
406,0.2256918266088353,0.34272644557558435
407,0.22548161520793278,0.3425243913554626
408,0.22528104079234137,0.34239171334430596
409,0.22508568550294972,0.3424231855491133
410,0.2248702853491681,0.3421917581651655
411,0.2246281239477991,0.342138543435083
412,0.22435823538269972,0.34189363617556323
413,0.2241641635959574,0.34180298626182176
414,0.2240107311047254,0.3417413534083892
415,0.22387578817395365,0.34178425423283104
416,0.22372909766433433,0.3416917989718143
417,0.22354312595173256,0.3415455181522287
418,0.22340085465198703,0.3415420446571959
419,0.22308095518607074,0.34145341675884106
420,0.22287773905811742,0.3412616396535495
421,0.22264625854028142,0.3411453388343136
422,0.2223875290398655,0.34088882625331396
423,0.22208213052508538,0.34096608708374376
424,0.22193651318203234,0.34095075369178046
425,0.22180309109794757,0.34096588760658203
426,0.2216961683068196,0.3410437934471779
427,0.22149310339061395,0.3409468821850684
428,0.2213027902977357,0.340995124287226
429,0.2211541921741871,0.34102689442763806
430,0.22096914296847664,0.3410197254721948
431,0.22067004600857384,0.3410083608389005
432,0.22051764323015827,0.34100529332692
433,0.22015226247179795,0.3407777051968563
434,0.21989299661466719,0.3407865852891836
435,0.219663313281488,0.34063119696203153
436,0.2195015837650248,0.3406550691514246
437,0.21932947426478488,0.3408936108264385
438,0.21913673404104808,0.3408367781660886
439,0.21896887301928836,0.34071495686128567
440,0.2188440551083981,0.34073203033595356
441,0.21870284938400436,0.34052605907054695
442,0.218441755892363,0.34042724420810727
443,0.21813114800297428,0.340280763281782
444,0.21792623673942596,0.3401456689575281
445,0.2177685087956237,0.3400503725890734
446,0.2175845989378668,0.34006584956703007
447,0.21728944145063636,0.3399705757404457
448,0.21702983062918058,0.33982168069580887
449,0.2168651823739258,0.34006864607263254
450,0.21668194916282474,0.340046175269348
451,0.2165810277711311,0.34009459524402635
452,0.21633280987266076,0.33996293257444954
453,0.21611470350993628,0.33998728550288304
454,0.21596507204410897,0.34009806805459614
455,0.2158192863505449,0.33999963224696655
456,0.21568624641477138,0.33995331231695175
457,0.21545218301456243,0.339691740381812
458,0.21529572571071662,0.3395566670931669
459,0.21509138933255403,0.3394152955884305
460,0.21490211860101843,0.33926877226096225
461,0.21477577345043053,0.3392343525143476
462,0.21449697541652488,0.3392759470641219
463,0.2143600907641502,0.3389362371025802
464,0.21420446060350604,0.33896844802511933
465,0.2139737202419461,0.33876578452264455
466,0.2138353531421844,0.3386158509756858
467,0.21361876345770603,0.3385355435784347
468,0.21348536906552745,0.33841501119970907
469,0.2132628140568396,0.33836014120951274
470,0.21311693509860064,0.3380923664763897
471,0.2128949083785504,0.33798001337406103
472,0.21265618669095568,0.3378075973155867
473,0.21253597823931708,0.3379012969688977
474,0.21228962248702257,0.3379434686120655
475,0.2121149514138759,0.3379848411346857
476,0.21194486170249827,0.33786161320742286
477,0.21182356001525202,0.33789852208356486
478,0.21171209150433828,0.337827617972848
479,0.2115128076107047,0.3378880147084576
480,0.2113187824360664,0.3378097793347267
481,0.21118587830078145,0.33783876390482376
482,0.21095172214468766,0.33797086718153546
483,0.21072195312840064,0.33773761188838314
484,0.2105863510147638,0.3377538444428807
485,0.21045239570429927,0.33777271486150817
486,0.21020943156494065,0.3376613916503364
487,0.20998183645538449,0.3375381106940486
488,0.20980462568117889,0.3373306010664937
489,0.20968577698916452,0.33743901783145125
490,0.2094728208625883,0.3375172424315963
491,0.20933507177922747,0.33748263844690557
492,0.20913570522983835,0.3372847925908283
493,0.20897676802954313,0.33745522366334085
494,0.20880435255567914,0.33739593556979236
495,0.2086030074364066,0.33725009119604765
496,0.2084816014853609,0.3372419710465742
497,0.20836438189554302,0.3371456767668422
498,0.20819604151940146,0.3372917495251743
499,0.20795597667630628,0.3372755510666448
500,0.2078521486343506,0.33722384384378934
501,0.20761526428428195,0.33714222759811996
502,0.2072447183466836,0.33696031552910743
503,0.207038483292245,0.3370693703430624
504,0.20694477244824905,0.33719908552496336
505,0.20671619501189772,0.3371223404782777
506,0.2065669994333929,0.3370296068365383
507,0.20638061343735817,0.3369519774581505
508,0.20619847432176253,0.3368978091459239
509,0.2059356052325055,0.33680216556034215
510,0.20582592552163737,0.3368351177156024
511,0.20565764446090254,0.33669972777279017
512,0.20548842163592654,0.3367733296061557
513,0.20533051835487828,0.3365808772414196
514,0.2051369925530257,0.33648389717723964
515,0.20493746021040057,0.33646747330369786
516,0.20479879073084162,0.3365961344840412
517,0.20465286169705818,0.33672231682733755
518,0.20454248389028043,0.33689449128931603
519,0.20428846591251834,0.33692314876533896
520,0.20412078477994214,0.3368364868242708
521,0.20401152908497253,0.33678325333489284
522,0.20383161013919657,0.3368680437804169
523,0.2036865938744997,0.33686328194169113
524,0.20354482364462478,0.3369608206770321
525,0.2033745493348438,0.3368237970254003
526,0.20326662640534565,0.33677782273007634
527,0.20304201649542047,0.3368224078001396
528,0.20291346784917666,0.3368144954126978
529,0.2027250391205677,0.3367493002001471
530,0.2025564780445637,0.3366332362243762
531,0.20219162645760333,0.336223656457458
532,0.20204808828227372,0.3360841927572939
533,0.20190966360294918,0.3361798693611406
534,0.20178832092713908,0.33606942682381796
535,0.20160832258145145,0.33620548559689695
536,0.20149995637819712,0.3362291212338018
537,0.20125204805402477,0.3363553580110445
538,0.2010675595299691,0.3365149167714587
539,0.20094619012496415,0.33647382982835977
540,0.2008176661126394,0.3364208810544331
541,0.20059543146556164,0.3363088659537158
542,0.20038423068078132,0.33624389289802503
543,0.2002912237820956,0.33637287349321526
544,0.20006368208243042,0.3361268176659169
545,0.19992065408637036,0.3361276354138389
546,0.19981832850057354,0.33627522073294297
547,0.19966156926097353,0.33627776178111957
548,0.199568225162,0.33610005976109725
549,0.1994477897225175,0.336056684087418
550,0.19933413282859844,0.3361053514509313
551,0.19902782609937736,0.3360318601271482
552,0.19893032644576908,0.3358933405421997
553,0.19882742252017802,0.3358352143157113
554,0.19871979479414803,0.33603429335615465
555,0.1985501124733423,0.33607837481070535
556,0.1982852203410563,0.336158156662
557,0.1981748798440198,0.33589440533666365
558,0.19806273375371208,0.3358424584675151
559,0.19791768501198695,0.3356573216759981
560,0.19777148163488084,0.33563864699269036
561,0.19762402626991932,0.33570872066350776
562,0.19752410711461044,0.33575586973113325
563,0.19742420020766746,0.33583563959700286
564,0.19728202954367466,0.3358072232281869
565,0.1971271700276731,0.33560887004158224
566,0.1969325622733133,0.3356844392420166
567,0.196635656570271,0.33570085238701275
568,0.1964060651878553,0.33540554385805543
569,0.19626617099972357,0.33551518355963117
570,0.1960143083982073,0.3353999322854981
571,0.19589032612239018,0.33535388917548986
572,0.19570149627377303,0.3352635965649832
573,0.19557805702662584,0.335252675948033
574,0.19534487183136975,0.33517885170276446
575,0.19518937430622835,0.33518192216992204
576,0.1950718127810379,0.3349419546958544
577,0.1948946964248282,0.3348166567697259
578,0.1947040614693731,0.3348756463942635
579,0.19455403719169262,0.3348580721414911
580,0.19443799964063158,0.3347344180357635
581,0.19433607073122733,0.3346303236240326
582,0.194081862341666,0.33473877874180874
583,0.19394322475773573,0.3347143564556246
584,0.1938320165570208,0.3346720289176967
585,0.1936619744842515,0.3344179011348376
586,0.1935093961695022,0.334570748930606
587,0.19335929994247528,0.33459150383486924
588,0.19325210025645803,0.33457529877789216
589,0.19314923919800117,0.3347316068996716
590,0.19291098334099294,0.33452633450300745
591,0.1927645370835359,0.3344929682140226
592,0.1925462557891573,0.33450461996687986
593,0.19240201804821694,0.3344199039557866
594,0.1922737239109161,0.33436286704137036
595,0.19215576424375555,0.33431879279527854
596,0.19199135030360134,0.33418382750091885
597,0.19172974836422604,0.33415672050254425
598,0.1915693072341934,0.33424290936090983
599,0.19148028753216886,0.33418349912270745
600,0.1913675009569801,0.3341317981329326
601,0.19126714143391288,0.33428598672346493
602,0.19114329629111357,0.33427751542557077
603,0.19101786403693669,0.33432107986386395
604,0.1909130153165998,0.3341740334864773
605,0.19074548415003809,0.33410045308700614
606,0.1906639010958998,0.3341402495481112
607,0.19054758070785976,0.3340638912821028
608,0.19037606559171036,0.334031913772284
609,0.19027725626196182,0.3340875837082722
610,0.19014136192771097,0.3339724237721115
611,0.19002307593609405,0.3340841373944326
612,0.1898279271491732,0.33413929026961536
613,0.18966737663331315,0.33416796361017936
614,0.18954979131619135,0.33420647893506583
615,0.1894495703223103,0.3342196270300471
616,0.18935764761876545,0.3342176640327369
617,0.18926167569987384,0.33434436456758104
618,0.18911585565011108,0.3344153556311291
619,0.18896628130293983,0.33435856430369465
620,0.1888834743560746,0.3343015372950409
621,0.18876966104927717,0.3344551559013903
622,0.1886528251737151,0.33443841493650867
623,0.18851699007749922,0.33425770960238727
624,0.188384182781852,0.3342444687950313
625,0.18827173156435467,0.3342010584207873
626,0.18819524015822292,0.33417694383660423
627,0.1880387925570464,0.33414204319416996
628,0.18794273196086828,0.334220374440287
629,0.18780780092293867,0.33429820775641395
630,0.18767877942456884,0.3343466656547063
631,0.18758501569718194,0.3343705897721628
632,0.18746756770911144,0.3343826398065712
633,0.18736892005217967,0.3343520043798069
634,0.18715339628212077,0.3344464732938122
635,0.18692994791342396,0.3343020366931132
636,0.1867914636572275,0.3342271220174593
637,0.1866587050221462,0.33438237156256506
638,0.18656249648670498,0.33445852014888866
639,0.18646153453962758,0.3346055348230052
640,0.18630525235346806,0.3347588389946468
641,0.18610284094799634,0.3348008516048247
642,0.18597693832384318,0.3347042340944444
643,0.18586875917841586,0.33472311200586224
644,0.1857098432345029,0.33466415171964703
645,0.18561390718419363,0.33467919076509856
646,0.185518959662565,0.334620570340371
647,0.18540533914684146,0.3346187577951278
648,0.1853268909068024,0.3346026654397499
649,0.1852266519857465,0.3347205891237982
650,0.18493064365828019,0.33474478750037034
651,0.18483872195530548,0.334890494166757
652,0.1847186672748514,0.3349090344391923
653,0.18457459410037022,0.3349782066889443
654,0.18445502716454837,0.3351124235528918
655,0.1843108574821116,0.3350412056754709
656,0.184215812985112,0.33513192627189486
657,0.18405209883128987,0.33516239493826394
658,0.1838118420947543,0.3351377332588915
659,0.18371791982712446,0.335387052454028
660,0.18359656290060797,0.3353894427241809
