0,0.6381867722259641,0.6396404316185643
1,0.6250663064735258,0.6277989797806613
2,0.6130067036894739,0.616534268982196
3,0.6016904973990065,0.6057324461836032
4,0.5908984869372013,0.5965354365961892
5,0.5803269187961144,0.5869506509215744
6,0.5709891523575178,0.5782596307772178
7,0.5626701751987727,0.5703434408341767
8,0.5539053126334766,0.5627391380923135
9,0.5460234038200993,0.5556095820886118
10,0.5382742290138947,0.54861656441575
11,0.5310578457696116,0.5419441862869515
12,0.5241830694680171,0.5353825240223496
13,0.5178110248726215,0.5299101430114614
14,0.5114039056767054,0.5247282347508839
15,0.5056949199766047,0.5203692485258062
16,0.5003431426995212,0.5158270492597863
17,0.49477578451104826,0.5113380086642725
18,0.48962262823752445,0.506954872687027
19,0.4846810396863089,0.5020446502027057
20,0.4804479491406654,0.498449610165818
21,0.4759062790207518,0.49467175271775987
22,0.471829483561202,0.49125955382352154
23,0.4681014350475645,0.48870409066399567
24,0.4637381737228743,0.48586158180047595
25,0.4605534959379702,0.4827784574142209
26,0.45751921834333564,0.480802891044705
27,0.4538702961081052,0.47698292923825125
28,0.45019415735284823,0.47433194035575504
29,0.44716590958751784,0.47247946991649253
30,0.4439867819712574,0.4701644835412187
31,0.4414661500866803,0.4687734357815571
32,0.4390461126019505,0.4670110199186537
33,0.43596381927598227,0.4650114234241228
34,0.4334063869733639,0.4627727838341521
35,0.43029970827120617,0.46028730568904724
36,0.4274623933510095,0.4588199306732763
37,0.42495703829716236,0.4564005762811691
38,0.4221346976725782,0.4544308392695649
39,0.4195317595165388,0.45273757577730867
40,0.41691979677583746,0.45090804200560325
41,0.4148699060460478,0.44965664812575573
42,0.41281932787516845,0.44797827971596565
43,0.41132196499404927,0.4468308288741995
44,0.4090476646452323,0.4453064172316796
45,0.40656976248521604,0.44330074363757693
46,0.4044984109270491,0.441532630721728
47,0.4028645110361861,0.44041752090687475
48,0.40071061161498345,0.4385870396026543
49,0.3985630305322482,0.4369010669568544
50,0.396893774263608,0.4358448649012538
51,0.3954690818745745,0.4344073256093358
52,0.39383777871385345,0.43331625113490396
53,0.39220461656435945,0.43224334860289537
54,0.3906500757461213,0.43085167468303726
55,0.3893041033632502,0.4298142024724887
56,0.38788670016724386,0.4288026718629731
57,0.38578739798436806,0.42740329794546283
58,0.3846652812529237,0.4267544812941677
59,0.3835823696823377,0.42611249229580006
60,0.3820517642426464,0.4247069540714461
61,0.38061563538369697,0.42342288352194285
62,0.3792468623846895,0.4223546877661079
63,0.37812489331758975,0.42133864560534084
64,0.37633907694534946,0.4199138693196118
65,0.3751739213990351,0.4190752219349619
66,0.37333690976806727,0.41759906218993287
67,0.37210257526144513,0.4167472659674271
68,0.3707116705111482,0.41582660261127685
69,0.36961972867689996,0.41496235486218536
70,0.3687545543597582,0.4141346978723372
71,0.36767783957773753,0.41320672960823807
72,0.3664684289752311,0.41249113666908765
73,0.3657113421692594,0.4121677828430341
74,0.36491502912854873,0.41167103383670406
75,0.3637976866908545,0.4113068214543755
76,0.36285783933528776,0.41084967508872666
77,0.36178773525072533,0.40995758793577947
78,0.36037165952066696,0.40861006019016105
79,0.35930214633960394,0.40813300999857133
80,0.358654058074685,0.4078914463441208
81,0.35751716332927536,0.4074581647754977
82,0.35631402831300146,0.40697954860392704
83,0.3552964927247641,0.4059426430967592
84,0.3542709717089921,0.4048903927364677
85,0.35302340211179384,0.4041638534772333
86,0.3520276572503126,0.4040958630423697
87,0.3507246615790445,0.4031158295731065
88,0.35005824758039183,0.402844541955483
89,0.3494351702716682,0.40244746587421526
90,0.3486440056938891,0.4020962924868972
91,0.34770062509663285,0.4014405835341051
92,0.34703704561195464,0.4013408761589773
93,0.34634386783516935,0.4007555007106728
94,0.34565705416210185,0.4002459371156951
95,0.34478452184973934,0.40005759944715513
96,0.3440834550488736,0.39997765878560365
97,0.34312665220507543,0.39928785543396045
98,0.3421489043642686,0.39915475265157446
99,0.341201979920207,0.39887049243879064
100,0.34047653825646446,0.39854992271238376
101,0.33978634419133313,0.3984022808965867
102,0.33909717318700355,0.39763572641091527
103,0.3385765414080045,0.3972039249612304
104,0.3379541007109305,0.39681816639763023
105,0.3371652949497549,0.3965574728798062
106,0.3361566844465207,0.3958659359485542
107,0.3353973037662205,0.3951745286741585
108,0.3347348125533833,0.39463705403641575
109,0.3338764806828869,0.39415419798876555
110,0.3332299328400275,0.3939657887552308
111,0.33247827147611125,0.3936057910618801
112,0.3319753575971622,0.39311553549474826
113,0.331291254836747,0.39281189557775936
114,0.33069818946567364,0.3924516039934975
115,0.32961680996847037,0.39179297129589097
116,0.3290479863109264,0.39155513625690547
117,0.3284568043433555,0.3909754745829752
118,0.32771745067258146,0.39061089088578543
119,0.32693482641412247,0.3900043921101661
120,0.3264396634116773,0.3895116566231957
121,0.3259059005223971,0.3891226626932621
122,0.32539068160939916,0.3891707598364779
123,0.324479811209063,0.38883397311425555
124,0.323834422448587,0.388542287284262
125,0.32326145356065195,0.38820843696791346
126,0.32264348780529584,0.38787335859582067
127,0.3220712827224714,0.38743972832622825
128,0.3215112842047926,0.38697311453935174
129,0.32090720576805165,0.3863349412710815
130,0.3202955554026311,0.3860497173631475
131,0.31968833311597755,0.38596211484677734
132,0.31924959878391934,0.385637962382543
133,0.3188450954973611,0.3854394579118995
134,0.31838794581096885,0.3856224246628622
135,0.3176303025500959,0.384984414433203
136,0.3170583198867427,0.3845312221980994
137,0.3164860938095348,0.3842849302800402
138,0.31585439208065047,0.38366662211243124
139,0.31531890365442783,0.3830516262098201
140,0.3145591833923567,0.38218237199579125
141,0.31386257869306655,0.3819965293010076
142,0.3133416861498996,0.38159761462538017
143,0.31237773264878393,0.3808425488492484
144,0.31189596373464784,0.3806172397746532
145,0.31137363346570207,0.3800725175018506
146,0.3108947932755626,0.3795821190520963
147,0.31038190048738296,0.37933639707487254
148,0.30988715261065386,0.37919602398144664
149,0.30920591684716436,0.37896922104178915
150,0.3087606379552104,0.37878156294307064
151,0.3081720608592242,0.3784066632005667
152,0.3074147595679899,0.3780787738276616
153,0.30693065023468613,0.3777785366243392
154,0.3065047203222276,0.3773615097479215
155,0.3059277605846471,0.3768975352868438
156,0.30542350283601905,0.37673445609570655
157,0.30470129870588103,0.376578238125516
158,0.30425131806378186,0.3762483661403022
159,0.30378671085236036,0.3760745422727374
160,0.3032704369987294,0.37581508906962224
161,0.3029052694056165,0.3755869969025885
162,0.30238879485947745,0.3747736578679116
163,0.30180499990666126,0.37421192361643074
164,0.3013599620457398,0.3740447086464397
165,0.3009368206827702,0.37373688446860465
166,0.3004072150328722,0.3733698740005296
167,0.29982783666102564,0.3730594173482762
168,0.29946606518662816,0.37286393889989805
169,0.29896770256960836,0.3725227165444897
170,0.29856268939821556,0.3723791224477941
171,0.2982263422884189,0.372255111070813
172,0.29782752927437517,0.3720682694719582
173,0.29729458253525975,0.37181928739858366
174,0.2968493725123213,0.3714413659927982
175,0.29615671557202505,0.37101491546780657
176,0.29569434132855227,0.37096641452480406
177,0.2951105100400037,0.3705741934833072
178,0.2944392059863462,0.3704222891248132
179,0.2940175991534181,0.3700279070980965
180,0.29334703450675476,0.3698651326854748
181,0.2930381100837202,0.36954190731393516
182,0.2926852380921848,0.3695422439540308
183,0.29221309788439453,0.3692511384030459
184,0.29179652985670246,0.36947095969583466
185,0.29139788924636667,0.3694819369397703
186,0.2909223015327105,0.369534847328055
187,0.2906053035134099,0.3694703215861289
188,0.29015851121328884,0.3689851387719274
189,0.28963362536160275,0.36873076111571024
190,0.2890600476890948,0.36864482744562405
191,0.28864252716428396,0.368434276444118
192,0.2883169353340534,0.3684007330255573
193,0.28793674559936905,0.3683961148398421
194,0.28764214656186776,0.3682695194940876
195,0.28715096351500585,0.3680801391172858
196,0.28656385329022344,0.3677011907480105
197,0.28610220356082866,0.3674950056418619
198,0.2857181020067507,0.3674766553679195
199,0.2853733388057036,0.36734916763725106
200,0.28483876389075746,0.3670613609259288
201,0.2844998781152373,0.36712798072646063
202,0.28404012798313466,0.3671743790352983
203,0.28364427763959843,0.3674045104543289
204,0.28314772679115574,0.3673359263338464
205,0.2827947789663597,0.3671224690190265
206,0.2822794912682736,0.36693683392146514
207,0.2819364788879524,0.36645967013118835
208,0.2815789393621623,0.36628725458892486
209,0.281147722878452,0.36639324799672796
210,0.2805680488450374,0.3659930624190974
211,0.28030847277380055,0.3657209322053604
212,0.2798799513610293,0.3654598606641961
213,0.27944614989097266,0.3652106264946125
214,0.27897890639170436,0.3650859472100382
215,0.278506226284047,0.3648565024418372
216,0.2780431855907915,0.3648300843988422
217,0.27777435464686545,0.364762582043038
218,0.27738411328619955,0.36464048088454304
219,0.27706168239690604,0.36446499922288156
220,0.27669619485000235,0.36437079148100954
221,0.276394792241128,0.3642599708302114
222,0.27611695556782273,0.3639489193570125
223,0.27580858616911,0.3637783946474354
224,0.2753932073485425,0.363719907395108
225,0.2750996249057471,0.36351743792356167
226,0.2747516129994086,0.3634865942647651
227,0.27441733186248884,0.3634828836928127
228,0.2741189990598752,0.3634685821806588
229,0.2737225980163664,0.3635903217366566
230,0.27339908395535517,0.3634907033649229
231,0.2731013830152983,0.3632881530126921
232,0.2728291674574072,0.36321370804327585
233,0.2725170788544193,0.3629806121954172
234,0.272151800342486,0.36298992569612526
235,0.27179136242467444,0.36295651947714824
236,0.27147289317954787,0.3629307955040266
237,0.27103974979607603,0.36277036429998816
238,0.27062668761524694,0.3627398623858219
239,0.2703172635674318,0.3627454124568474
240,0.27001634088324444,0.3626539118558405
241,0.2696315999092125,0.3621046401846109
242,0.269351723900911,0.3619374205841234
243,0.26907487402429625,0.36191071828571025
244,0.26860382630040347,0.36197311453245307
245,0.2683157845897193,0.3618110344188396
246,0.268021963709701,0.36171505922037694
247,0.2677478618822262,0.3614333709844797
248,0.26734926082018123,0.3611193251012573
249,0.26711500237583147,0.3608717199262212
250,0.26663548671230664,0.3606954656359025
251,0.2663963381819408,0.3607249846962828
252,0.26602028398557975,0.36050352440782324
253,0.26566502685748716,0.3602884855727473
254,0.26542919766814765,0.3601877721706553
255,0.26514117864509906,0.3599500311568143
256,0.2648209024267591,0.35977533191452343
257,0.26452891545490326,0.359441663412052
258,0.26423472808345405,0.3594800905965111
259,0.2639789657602549,0.359480709027223
260,0.2637307145631573,0.35920995916658766
261,0.26332042524915966,0.3587128692710644
262,0.2630627585235214,0.3583365819436651
263,0.2627032768796198,0.3581187398682925
264,0.2624184468284965,0.35807183661877556
265,0.2620683933876383,0.3578956330921895
266,0.26160042432778474,0.3579710104000119
267,0.26120856431051725,0.3580622893474779
268,0.26094606328075337,0.3578666493892867
269,0.26062388115635843,0.3577473226565099
270,0.26026853513452286,0.35772261530155974
271,0.25999339496710455,0.35753977074011883
272,0.25976235240040224,0.35758493358845866
273,0.2593980468437962,0.3574099101638668
274,0.25912219295409866,0.35731011242063704
275,0.2587839975608163,0.3570273812769089
276,0.25847677423341353,0.3570237424224615
277,0.258222559051567,0.3569960187997413
278,0.2577897323159861,0.35710721348077257
279,0.2575540947329143,0.35723671320623784
280,0.2573175074009128,0.35715943795983635
281,0.2570384154007642,0.357146132136227
282,0.25681062256303283,0.35705204583487654
283,0.2564627882626043,0.35719746634556304
284,0.25618367992763863,0.35714757759173316
285,0.25595942290159424,0.3569801449248439
286,0.25575508658662705,0.35698547735440705
287,0.2555473970938312,0.3570469261142154
288,0.25532711587487433,0.35700958068137645
289,0.2550425963922641,0.35694614971357164
290,0.25472300319646163,0.35682085617864256
291,0.2544902293409647,0.35685079862319286
292,0.25417863143883385,0.3567771403762024
293,0.2538545390759126,0.3570541446205603
294,0.2532705595079011,0.3568494281376756
295,0.25301182617942347,0.3567818406082335
296,0.25274397720950487,0.3565879912889272
297,0.25241456152008596,0.35632237823946133
298,0.2521863631992975,0.35628252052357073
299,0.25196575993421216,0.3561901822338797
300,0.2517549805804628,0.356247298534043
301,0.25149511529289503,0.3560840710881782
302,0.2511807272731756,0.3558174039106619
303,0.25091510810694867,0.3558656359539816
304,0.2507186300002125,0.35587299698520275
305,0.250526013955534,0.3558815780125322
306,0.2502657992546998,0.35575291493602057
307,0.24993987727732334,0.35586307732482003
308,0.2496986764160858,0.3556502112401797
309,0.24941873495333117,0.35572183986081096
310,0.24915774197423,0.35567939527722064
311,0.2487980829090708,0.35562408206535984
312,0.24853278573968665,0.35559181865679207
313,0.24828571837787256,0.3551904808320894
314,0.2479670007260153,0.35518466263477294
315,0.2477088501841449,0.35494847174945765
316,0.24749670197566268,0.35501662716269494
317,0.24724177338011133,0.3546989077601148
318,0.24690513291520985,0.35433198047836345
319,0.2466958434251826,0.35400315996964105
320,0.24637588052686754,0.3539833513455633
321,0.24615661633597444,0.35397234742514905
322,0.24585428828516057,0.3538218264835123
323,0.24550232739389843,0.35373924309116783
324,0.2453018259340144,0.3539378920370447
325,0.24508673177994383,0.35380929852392345
326,0.2449084466798455,0.3537821326131326
327,0.24453207197059862,0.3536098094799965
328,0.24427445296078268,0.35368223997084275
329,0.2440754123467789,0.35362039115920507
330,0.2438988296305106,0.35367402103630996
331,0.24354380852497653,0.3536538802806741
332,0.24325658074896644,0.3534144334381732
333,0.24303857063299047,0.35338153804716455
334,0.2428092040762332,0.3533728043748332
335,0.24258652038474263,0.3531753547812403
336,0.24231187856824327,0.3531498289748376
337,0.24213270528935316,0.3530826031284594
338,0.24190151788565417,0.3532215109491652
339,0.2416036444141524,0.3531494636677462
340,0.24129966678505543,0.35339726682742517
341,0.24094961718688734,0.3533224357770036
342,0.2407717529023039,0.35323553622488385
343,0.24060676863630417,0.35327541866073653
344,0.2403563068969282,0.35346986190218815
345,0.24009140286525468,0.35333970173375395
346,0.23973429648238986,0.3531323883179871
347,0.239418100349516,0.3531647485616819
348,0.23916168326609075,0.35309272104893963
349,0.23899553971330392,0.3530251986152497
350,0.23867057330605385,0.35304370739388835
351,0.23844585992905595,0.3531028459577885
352,0.23824385667792483,0.3532425835893721
353,0.23799982644630724,0.35327462350097166
354,0.23772336894636564,0.35342271830048905
355,0.23744708468079107,0.3533873207029448
356,0.23725404903169842,0.3532364921176205
357,0.23699917806883813,0.3530072429779148
358,0.23669402265131678,0.35289242160383355
359,0.23647640233595577,0.3528793343798647
360,0.23623186211804018,0.35266221059589753
361,0.2360428700840837,0.3526026222443395
362,0.23566440284985238,0.3525178221921639
363,0.23548488462156514,0.3524850324271789
364,0.23531135478518814,0.35249920323165873
365,0.23509041909107506,0.3522918326193812
366,0.2348591468457416,0.3521428646667609
367,0.2344764644202794,0.35217309993169416
368,0.23429119548152805,0.3524574277491343
369,0.23398016037582617,0.3525176178208163
370,0.23352909160946642,0.35267744359964376
371,0.23336327393337677,0.3526157411083914
372,0.23317517015140235,0.352296628236337
373,0.23300618266549092,0.35241070867629437
374,0.2327969441306716,0.3524828707713082
375,0.23262993917347868,0.3524908867127523
376,0.23235626465293438,0.3523636733578449
377,0.23216596017466748,0.3523225260164254
378,0.23179836678743854,0.35258058073324344
379,0.23156328625217387,0.35249991353832816
380,0.23133632328447906,0.3523362482503727
381,0.23112379204242242,0.35219635243241787
382,0.23096833441652734,0.35219255037748665
383,0.2308316876056302,0.35246248897386806
384,0.23067882338367218,0.35245572532226566
385,0.23053475413573601,0.35236234772635044
386,0.2303673451719055,0.3523835628042145
387,0.23013988860804552,0.35225020081553826
388,0.229933534236551,0.3525390992056894
389,0.22969078705840534,0.35238213796395235
390,0.22952572704119564,0.35239634315542406
391,0.2290068308330076,0.3524117066108538
392,0.22881661372053255,0.35237922242734204
393,0.2285926406269356,0.35221458548266027
394,0.2284043029367682,0.3523323970528999
395,0.2282120505145167,0.35261104960738626
396,0.22805383973163637,0.35271278818719404
397,0.22787908022375025,0.3526616349254572
398,0.22768515341986073,0.35253331318187214
399,0.22758882595117874,0.352452466083523
400,0.22732642037865616,0.35245555139999224
401,0.22712998228104186,0.3523447361594884
402,0.2269829527008417,0.35258078607484183
403,0.22678452591720283,0.3525336546122427
404,0.22659909990889338,0.3521070713275876
405,0.22641078360327302,0.351990374519672
406,0.22624541395281078,0.35202652763774883
407,0.2260558983353144,0.3520173535486388
408,0.22587960193446965,0.3518749975977544
409,0.22570049872375897,0.3518266451255561
410,0.22539891230367493,0.35177086692170373
411,0.2251445819530796,0.3518677512904452
412,0.22492854693453132,0.3516268355398631
413,0.2247140993966291,0.35163516770868447
414,0.22450193583350736,0.3517426270597353
415,0.22430231729268227,0.35153039985609846
416,0.2241387876480041,0.3514146739198141
417,0.22392947779794004,0.351525977474795
418,0.22369625742529248,0.3515157042988995
419,0.22344906982758656,0.35144660370485986
420,0.22307799693190736,0.3514426770282505
421,0.22290730545113352,0.35127822383942586
422,0.22271357202404596,0.35133830938431576
423,0.22256927560202322,0.35128089549505304
424,0.22221506027710683,0.3513973297360328
425,0.22198829069039805,0.35116848021883657
426,0.22184505480580413,0.35118693107672566
427,0.22164952256686637,0.3513725412841985
428,0.2215017799039329,0.3513335437550845
429,0.221367764589226,0.3512235415281442
430,0.2211846119844075,0.35146204070446807
431,0.2209412722668103,0.351504190511898
432,0.2206355643288041,0.35141439635143984
433,0.22048378610658856,0.35125297900947133
434,0.22031296162021738,0.3514105888460541
435,0.22015164339313212,0.35141427887864807
436,0.2198836849230049,0.3511915471078335
437,0.21960475942954677,0.3511887612933707
438,0.21946146702286826,0.3511901033856221
439,0.21930545266203216,0.3511099589404665
440,0.2190903889956392,0.35117194361728493
441,0.21891321125021893,0.3513618177607429
442,0.21874361874886525,0.35134647931945484
443,0.2186045541753248,0.3513369675799613
444,0.2183373071199676,0.35123481934486084
445,0.21811957788612077,0.3511080095449601
446,0.2178419813662413,0.3510809992743094
447,0.21769576479803773,0.3513008083733016
448,0.217551714764675,0.3511710337049047
449,0.21737186538086797,0.35131180287331404
450,0.217239603806115,0.351119455435466
451,0.2170638754356817,0.35086776401290776
452,0.21690050597725574,0.3506795941074699
453,0.21668872553082053,0.3508709224126987
454,0.2164697028511731,0.3506970425656253
455,0.21630864854774415,0.3505958974113806
456,0.21612936245953066,0.35068291661997264
457,0.2159232693468922,0.3505927265629113
458,0.21566333696681167,0.3505313737981918
459,0.21552030330152327,0.35049449529193305
460,0.2152722532070332,0.35069795650572927
461,0.2150850817150281,0.35057892099567367
462,0.21485651164232206,0.35053367706634125
463,0.21471190918276967,0.35077919226223553
464,0.21452614375699056,0.3508804866008056
465,0.21425808250251738,0.35090725012283736
466,0.2140740959758,0.3510819617238773
467,0.21397759996617438,0.3510380401850121
468,0.21382101713153953,0.3510896741033152
469,0.2136491230302825,0.35101240433139047
470,0.21333516024653756,0.35104836959074
471,0.21315064023514785,0.35128359945463855
472,0.21274614058341498,0.3515780532544124
473,0.21255428501533483,0.3515502204771139
474,0.21228302578351596,0.3512828376352363
475,0.21205495510294448,0.3513131932279085
476,0.21186735366542056,0.35125915508559613
477,0.21171574339730345,0.3513111389077037
478,0.21159261712750535,0.35108953167132484
479,0.21148306734652095,0.35105261443855446
480,0.21137418954655451,0.35110870959365337
481,0.211094597000809,0.35120154199136233
482,0.21083659266926072,0.3512756608973538
483,0.21057584329715787,0.3513331044247256
484,0.210408163784504,0.35128660910509074
485,0.21025548531548266,0.3512920103827984
486,0.21009877782721917,0.35131611862237117
487,0.2099225191772575,0.35146937386894095
488,0.20973727088238223,0.35148427309197366
489,0.2095482955575009,0.35145968097981517
490,0.20936151831042873,0.35133038548501355
491,0.20922136334152908,0.3513455254445838
492,0.2090878624405635,0.3515073085488338
493,0.2088140116489782,0.3515961150827241
494,0.20858886091326054,0.35160504325770986
495,0.2082966681004259,0.351435336432538
496,0.2079546521109376,0.3512041046098121
497,0.20781705463078684,0.35114883160657157
498,0.20759736430190046,0.35093944008614886
499,0.20749318940288042,0.35086094998143535
500,0.207132847630988,0.35071794000841067
501,0.20694986226628573,0.3507578904943777
502,0.2068128085541966,0.3509681798376035
503,0.20669125334288516,0.3509068787472431
504,0.20650303228568762,0.35086731374788555
505,0.2063858570901669,0.3509454645056317
506,0.20621619711953512,0.35084090419421615
507,0.2060156570757401,0.35071473490599564
508,0.20586260042888463,0.35064962489700446
509,0.20564841001494097,0.35051877621977673
