0,0.6222107202407895,0.622685856551953
1,0.5963060100691719,0.5983362399822459
2,0.5737801058944586,0.5778481244462066
3,0.5531378044394788,0.5603331866674522
4,0.5346290491330784,0.5440659565287227
5,0.5190810209437811,0.531285927691955
6,0.5054937361761745,0.5192247317149999
7,0.4923534303703776,0.5072008252681169
8,0.48023836055336677,0.4973317028531877
9,0.4689002524569326,0.48720578055886227
10,0.4577632821439489,0.47811885216575334
11,0.44748872947763485,0.4711990798319648
12,0.4386442491269539,0.46497694482917895
13,0.42971241849686936,0.4584296785689301
14,0.4210461548616842,0.45191022840430517
15,0.4131619495961229,0.44532438246763745
16,0.4049314687840221,0.4386505485797654
17,0.39710829465743924,0.433224294009015
18,0.3904344899753281,0.42960896166479456
19,0.3838381318055799,0.4249863324704663
20,0.37803173074335195,0.4203803063738313
21,0.37228138300207103,0.41648494145218795
22,0.3665603310580178,0.4129053387874606
23,0.3606927439588928,0.40794552949768087
24,0.3541885610320152,0.40459013086169004
25,0.34832457054510546,0.40153282071586555
26,0.34266649718911113,0.4000099886792801
27,0.337282496870706,0.397278888254243
28,0.33207088638453885,0.39473544621669904
29,0.32766898517721504,0.39202994434168736
30,0.3227266644940691,0.3901694984727332
31,0.3178607323917024,0.38776847175973855
32,0.31292667594116913,0.38579254252804296
33,0.3084395482573492,0.38434861581431634
34,0.30394891678821534,0.383067719464791
35,0.30001841883694225,0.380406595371873
36,0.29645471163542386,0.3789569383914223
37,0.29283242465715403,0.377204721111041
38,0.28926506861407864,0.3755990506337891
39,0.2857843532750344,0.3740968853988529
40,0.2823084231020657,0.3736007826369237
41,0.27864530781858726,0.3716438396133579
42,0.27532947474080094,0.36991378709331807
43,0.2721229104754867,0.36942099766380915
44,0.26854200369642495,0.36822545442393945
45,0.26530267289566445,0.366714247976922
46,0.2621746552647651,0.36545491698223975
47,0.25926937299653263,0.364637717606134
48,0.25618807175750147,0.3635793422680735
49,0.25331645866663927,0.3630953766210407
50,0.2502133382699397,0.36213176584314066
51,0.24725331516827506,0.36100214837931943
52,0.2444477740368273,0.360324798235203
53,0.2417269857326132,0.35936091219903177
54,0.2391375220138015,0.35818212758608664
55,0.23668304070410118,0.3565502636208602
56,0.2340547810556246,0.35475724320108953
57,0.23170958975811676,0.3546601617653729
58,0.2293454796859219,0.35387301998033904
59,0.22724081703475452,0.3531895124469902
60,0.22446346425778763,0.352570042177241
61,0.2218399846033889,0.3518984433032153
62,0.2198190266945545,0.351408017229179
63,0.21746680695401294,0.35084466326870095
64,0.2151050403073967,0.35081459078853994
65,0.21311471518749694,0.35061013391131135
66,0.21099344626696298,0.34968140607321035
67,0.2089446317036365,0.3495533838324348
68,0.20682148139114864,0.3489546251040129
69,0.2046308135030871,0.3481686898145702
70,0.20276206892239368,0.34774648124808866
71,0.20076119489316288,0.34737441404036756
72,0.19874425889516462,0.3464636582307804
73,0.19687351748889406,0.34629984569147354
74,0.1948489310408969,0.34615795732405946
75,0.19306495546821925,0.3457976539557438
76,0.19117875053660605,0.3450765157422964
77,0.189422019264573,0.3445020807683349
78,0.18739812134678313,0.34495477652296486
79,0.1854692413285272,0.3453014800468461
80,0.1837507486541399,0.3450503744892513
81,0.18201344098767894,0.34439553844962306
82,0.18031494762599368,0.34480516711532644
83,0.17871999087174414,0.3450806142006791
84,0.17706089764604874,0.3445733754722336
85,0.17545131952426365,0.3442697740320858
86,0.1738644085882335,0.3439918183913755
87,0.17217640115352353,0.34463400208193307
88,0.17056920830816785,0.3439876723157692
89,0.16880290410292118,0.3438817861853977
90,0.1671191390259745,0.34500406160400043
91,0.16565591298001553,0.34500859737285744
92,0.16432311067394245,0.34543901684248945
93,0.1626928052127694,0.34554633601043555
94,0.16103346846301725,0.3454500552747989
95,0.15957844373639016,0.34555532594611515
96,0.1582035253989373,0.34598999492194504
97,0.15694241558079652,0.3456351392140254
98,0.1554259266733349,0.34589712952756074
99,0.15416691424214374,0.34665481643477
100,0.1528139597006517,0.34628337535174786
101,0.1514235767516455,0.3464603926787089
102,0.1500570950997222,0.34673190486764016
103,0.1487041799880611,0.34636371693873763
104,0.14741629923543986,0.3461847827730469
105,0.14612231561204658,0.34586148600442196
106,0.14490140397748041,0.3466447712808706
107,0.1437274924897257,0.34640353346284736
108,0.14254833968583977,0.3473240976788138
109,0.1413136083142099,0.34723529941552767
110,0.14024845013921014,0.34733678043864824
111,0.1389169167557535,0.34706069923773847
112,0.1377497296221979,0.34738711397580196
113,0.13658492736343258,0.3471085143711843
114,0.13561076415362155,0.34718974062157126
115,0.1344782683624707,0.34616345067458953
116,0.13349298966894257,0.3465049223749178
117,0.13242856847136436,0.34549877516205924
118,0.1314690438766107,0.34567715711950164
119,0.13046046634905878,0.3451168586966165
120,0.12936530939483606,0.34520016747691656
121,0.1282860689908694,0.3455704013733622
122,0.12717303412056657,0.3459334375104245
123,0.12609410027142195,0.34562952685132997
124,0.12498898556816072,0.34557136474759376
125,0.12412641940398332,0.3460598921006785
126,0.12303267359405598,0.34656956638196934
127,0.12217495620111363,0.34695737553462264
128,0.12124029153273055,0.3463683750684349
129,0.12024267449164254,0.3478597494008991
130,0.11932989524429863,0.3478142006265752
131,0.11843358769721386,0.3467964197643842
132,0.11737458118488661,0.3474327593060887
133,0.11634767833884116,0.34783136105486623
134,0.11542045311101955,0.348354341860482
135,0.1144284967022712,0.3481168408722991
136,0.1135246161684718,0.3479292528783162
137,0.11264741651679193,0.3480555282331589
138,0.11178054837048497,0.3483652845502701
139,0.11095012982877839,0.34875775361168093
