0,0.621158923961665,0.6254646072452353
1,0.5943076247052772,0.601216237502482
2,0.5711737742036249,0.5815383302472056
3,0.5505461490997122,0.5633156202353491
4,0.5317332304017361,0.5464311700811915
5,0.515056113252668,0.5313275707350578
6,0.4999143216253248,0.5189919083590697
7,0.4880300796898527,0.50992775799992
8,0.47567171550585374,0.49936644117390416
9,0.4642178645435103,0.49027211778684326
10,0.45329587381094616,0.4820938845061643
11,0.4423489657971319,0.4730186345164409
12,0.4326632628122123,0.4658687172968946
13,0.42455017751517626,0.4603271145228073
14,0.41651341651768337,0.4546730565298703
15,0.408195632984982,0.44978344771667433
16,0.40054725763957716,0.4446617700872818
17,0.39355418728971536,0.44004611353416373
18,0.38662756704425233,0.4357713987144164
19,0.37996706701950755,0.431757480558203
20,0.3726411534710137,0.426040944849349
21,0.366786759916426,0.42243094583943813
22,0.3602944583991863,0.41910554381716936
23,0.35494071203337674,0.41628043795556813
24,0.34884954347133684,0.4121878033520746
25,0.34303246582594304,0.40805084621054355
26,0.3373290430002722,0.40371325990422013
27,0.3317937044307073,0.40051765098418046
28,0.3271475883692401,0.39729488494998544
29,0.3220587828429225,0.39514345053810707
30,0.31763768071801574,0.39279691342215933
31,0.31293968750003137,0.3891006180348405
32,0.30849840611407103,0.38574542096205694
33,0.30401345094141247,0.3832571766934607
34,0.29962175425165133,0.3802047575482794
35,0.29594133353213375,0.3791013022526205
36,0.29227331333870454,0.3781733847281989
37,0.2885491920525555,0.37666435603665654
38,0.2848926440466607,0.37409909339953074
39,0.28144986589674675,0.3723292935336881
40,0.27805268166659064,0.37053770700122773
41,0.2746505872074539,0.3693993059536179
42,0.2714027188488833,0.36788526767229596
43,0.2677241601804477,0.3663998265174883
44,0.2649302887374394,0.36533187394270444
45,0.2614176705932982,0.3636873462889589
46,0.258074188628245,0.3624415538576617
47,0.25507728197263346,0.3607955252324137
48,0.25197932171858584,0.3600214913299657
49,0.24920296410244577,0.35898175202790117
50,0.2458764790032331,0.3579728940637716
51,0.24302527885552855,0.35725736236417216
52,0.2405376370417694,0.35657952652540387
53,0.2378227531962951,0.35590660001729024
54,0.23553425455184276,0.35550141583011174
55,0.232981761266322,0.3548206016392553
56,0.2302279249324652,0.35486895417486863
57,0.22776175927923065,0.3539868499032378
58,0.2253609718869208,0.3535394590655431
59,0.22289455003652747,0.35231554272608484
60,0.22022962219390252,0.35196478598964503
61,0.21800947076566454,0.3507973637832167
62,0.21553998108997688,0.3505785045449934
63,0.21289848572298323,0.35048655143973295
64,0.21071507433728995,0.3500907460171084
65,0.20872871789378766,0.34982378022403426
66,0.20651540581057667,0.3493666356334017
67,0.2040871873451929,0.3491714123758452
68,0.2022378076134386,0.3489644411596875
69,0.20013309401719725,0.34911747336648824
70,0.1979892054975395,0.3491113259513622
71,0.19608942436196597,0.34873892475990437
72,0.1942681073687524,0.3488859512733806
73,0.19235443033735783,0.34813863211685564
74,0.19030364147044412,0.34790332792311923
75,0.1886630682943587,0.348531325079654
76,0.18683722059241115,0.3484774195103795
77,0.1849416420290883,0.3481497625256941
78,0.1832693696688206,0.34767702943632833
79,0.18146052357046316,0.3482214016406186
80,0.1795773691502995,0.3486885738601955
81,0.17785203587320456,0.3491153714825424
82,0.17595602330009733,0.34881729555572416
83,0.1742610224056624,0.3495194491540014
84,0.17264873762488364,0.34910260537882043
85,0.1712929263422129,0.3485760654884046
86,0.1696415342166131,0.348228056782208
87,0.16801356914954496,0.3476263662485704
88,0.16660306938635147,0.3476508771770035
89,0.16500051550260225,0.3474684167262852
90,0.16331929720094177,0.3474161495875742
91,0.16180919112337153,0.34740087190446933
92,0.16037205704073634,0.34720178867070656
93,0.1588768815776789,0.34649432242244704
94,0.15751115342970462,0.3471052380259581
95,0.1561953980474155,0.34746773178005413
96,0.15466178617139362,0.34850412355499827
97,0.1534181243210117,0.3485500385094817
98,0.15193348060937306,0.3487469179557558
99,0.15071406373145396,0.348662023074636
100,0.14943750802213,0.34855238971578406
101,0.14817084681727613,0.3478991337699414
102,0.1467901615071474,0.34748165768445555
103,0.14553631951881635,0.3474268947470905
104,0.14422796426902093,0.3473064570191179
105,0.1426404397874368,0.34829019749211215
106,0.1413718420577181,0.3487756135331011
107,0.14015859807639436,0.3483134052408884
108,0.1389583160389427,0.3496302150419087
109,0.1377319544094846,0.34902155345753855
110,0.13639538355178638,0.34910691969385493
111,0.13522621581491762,0.3491304394026564
112,0.13418736956160443,0.3498217333836456
113,0.13283878511611324,0.34956977615562845
114,0.1316701442566011,0.3498723099188593
115,0.13043871980662725,0.34966031776567075
116,0.1292976720533774,0.35006678398329694
117,0.1283287133688227,0.3497738326689633
118,0.12733503620120057,0.34945714082216733
119,0.1261015859359996,0.3494991758074196
120,0.12485128561993693,0.3501958218961423
121,0.12367142155313503,0.35066643977359724
122,0.12266632309289688,0.35039725469777105
123,0.12164090041287491,0.3495880214214263
124,0.12066226878957678,0.349846617926828
125,0.1196000071788037,0.3501058462905936
126,0.11859244363668112,0.34978041720341385
127,0.11763290514606661,0.35000323484315604
128,0.11659638875008631,0.35005687138871144
129,0.11569151035518677,0.3499704195300077
130,0.11463634621776457,0.3499813383909963
131,0.11367299834020873,0.3501835656338088
132,0.11274677861937092,0.35061448562647884
133,0.11180908157732077,0.3509168729384621
134,0.11081462385189825,0.35088004491981717
135,0.1098894494298352,0.35080053564790864
136,0.10899979092787666,0.3501581124125597
137,0.10806179903357052,0.3503061594704134
138,0.10714886441015986,0.35084682754709856
139,0.10629097341136466,0.3510414999389179
140,0.10549574225452556,0.3516432439936081
141,0.104567642291226,0.35158680700767003
142,0.10371808416731128,0.3515009879827571
143,0.1028161107034305,0.35143537549780046
