0,0.6221443206065119,0.6259766894894856
1,0.595982597773181,0.6023859270736877
2,0.5739620360613856,0.5825969387998174
3,0.5552681449427384,0.5657077729703726
4,0.5377565505193962,0.5494277553802766
5,0.523286838707378,0.5363756254967682
6,0.5094011246875488,0.5264809919330905
7,0.49528081083550873,0.5128743278379949
8,0.4825485251055235,0.5027157333505258
9,0.4716363015208054,0.4928936695141444
10,0.4618644556358867,0.484543704325894
11,0.4524801403151249,0.47736074008826496
12,0.4440229128624402,0.4707906574041067
13,0.4349985379506915,0.46366833241880223
14,0.42621792611882914,0.45749514565553295
15,0.4181659776445135,0.451612378339621
16,0.4100840198302499,0.44598709466906045
17,0.40268482045051607,0.44083965463808594
18,0.39563497804601316,0.4368431995928113
19,0.3887318382016828,0.4325891862037883
20,0.38244357442779814,0.4287008796167652
21,0.3761536869954498,0.424434365012242
22,0.36982101368103054,0.42007106412724604
23,0.36342358940595865,0.4180656568008743
24,0.358082243481808,0.4154233592154747
25,0.3529166196083168,0.41160904913398405
26,0.34734858787121164,0.4081401201073743
27,0.3417263498428128,0.40579964595998014
28,0.33582517425805075,0.4028768383542499
29,0.3304295455391189,0.3993098502421004
30,0.3257811603918925,0.3968166241096177
31,0.3206525980403655,0.39338740641370346
32,0.31592149524576835,0.3913570233529586
33,0.3117756025662852,0.3890178747017762
34,0.30779640083106524,0.3870109236373889
35,0.30397984190498384,0.38479646987419863
36,0.300332094990132,0.38377924013238873
37,0.2966854070540043,0.38207034513749316
38,0.29313439486364756,0.3805660564310436
39,0.2895126862506149,0.3792514525067548
40,0.2857880405019113,0.37833504754180936
41,0.28249564013518375,0.3774954540135642
42,0.27907167689078155,0.37630014010124224
43,0.27583631614111054,0.374380977889436
44,0.27243652310306127,0.3728003104092915
45,0.26938410846253913,0.3709797248471572
46,0.265797662155958,0.3694859654222194
47,0.26271991151464036,0.36789948134503075
48,0.2598507080812181,0.36719699427696173
49,0.2566570979936717,0.3671082126026607
50,0.25369162538084344,0.36551464768374475
51,0.2506130663987606,0.3644227899358068
52,0.24758470435043803,0.36385658924804665
53,0.24480709167004122,0.36375267359414404
54,0.2420840313909731,0.36284048314817563
55,0.23951617451169874,0.3620991911443269
56,0.23684993102947396,0.3605326564055879
57,0.23425092544421605,0.36110802589404334
58,0.23158175435396405,0.36059424625419334
59,0.2292375388568554,0.3594557038581858
60,0.22705792163534647,0.358568758780719
61,0.22487443340813937,0.3581188714852307
62,0.22227723191150572,0.3572993795458435
63,0.22007057676620098,0.3572597226527646
64,0.21791761244660474,0.35612510584261947
65,0.21556610463847897,0.3550894086718482
66,0.21340033949774856,0.35483811973994583
67,0.21146615873708405,0.35412414132298325
68,0.20929971652078125,0.353881533196801
69,0.2072105905578462,0.35317815523228163
70,0.20509785797890676,0.3518054279788127
71,0.20326397780737873,0.3516840744158503
72,0.2014047023022396,0.3508452219198111
73,0.199391141615874,0.351211095777171
74,0.1973329746048025,0.3499391953945136
75,0.19552112696774548,0.35017660942695844
76,0.19366318616096612,0.3496421627251656
77,0.19191869989832308,0.3493120108219583
78,0.19019982187422485,0.3478859012566929
79,0.18823618309350743,0.3471860275579005
80,0.18647300719993218,0.34625779895464887
81,0.18469268021231158,0.346472273503782
82,0.18271324237276915,0.34575016855164625
83,0.18104671789573545,0.34623350569055256
84,0.17929562010449207,0.3459560771509716
85,0.1776673329519986,0.3461287850003518
86,0.1762446368593916,0.34581431147202973
87,0.17453948997741198,0.34488513050507436
88,0.17307066051792772,0.3449916833500429
89,0.1715069214606156,0.34453352041556073
90,0.16993774518938407,0.3444886518323378
91,0.1684341928966629,0.3443417511527162
92,0.16670412080000682,0.34458603396106424
93,0.16514226481888516,0.34415012994355754
94,0.16380306044589568,0.34420643426911834
95,0.1622328980189823,0.34394962953164454
96,0.16078533338929968,0.344505268720487
97,0.15935931367453163,0.34391791892940493
98,0.15803856809072891,0.3438727597739831
99,0.15658588889953884,0.34385025123090246
100,0.1550175751177179,0.3445216540753566
101,0.15363534294446668,0.34438506397717356
102,0.15233560907476773,0.3448061735764137
103,0.1509423425990173,0.34483419497150275
104,0.1495049030484522,0.34443907024976084
105,0.14807548596035255,0.34405819340268085
106,0.1467843758737082,0.3438575786412577
107,0.14561780859128343,0.3436055404456189
108,0.14423647545671098,0.3437469623967755
109,0.14311955614653388,0.3435793482103222
110,0.14187934971415989,0.3430663867984918
111,0.14059161200331735,0.3431126004286706
112,0.13946675700216876,0.3436204355389501
113,0.13816625550148737,0.343499767130835
114,0.13707972186613987,0.3435220170610296
115,0.1360416268155038,0.3438909358015068
116,0.13472217607851517,0.3437666590635832
117,0.13366195511409312,0.3443722329158816
118,0.13255706568630035,0.34499073351067533
119,0.1314403665135993,0.34510736031909744
120,0.13028146700340348,0.3443739985997983
121,0.12931234728842844,0.3443535833184402
122,0.12817317390005792,0.34572289058392675
123,0.12708663236325068,0.3454074968430712
124,0.12592052953310412,0.34513605974416195
125,0.12481150571233181,0.34500673705101287
126,0.12374275505564893,0.3449868384571666
127,0.12272180643798548,0.344642303631925
128,0.1217037608274824,0.3444136041231012
129,0.12070679506120147,0.3447609338391592
130,0.11969773816559316,0.3447509026679586
131,0.11858982878108186,0.3441002154646803
132,0.11758995873976186,0.34430185896560295
133,0.11651019318391993,0.3433992767494751
134,0.11557314846298422,0.34368810915892095
135,0.11465757205988093,0.3439016450292158
136,0.11380418674766092,0.3444657616838541
137,0.11285596673491953,0.3440792659583854
138,0.11186390051357187,0.34405232384419293
139,0.11096759347349419,0.34434036148977415
140,0.11007213370628675,0.34460711692913215
141,0.10914583940045523,0.34452538639849695
142,0.10827129399925191,0.3444487289826703
143,0.10749354290828661,0.34427715764908856
144,0.10674128154631637,0.3447439807323394
145,0.10586690766131078,0.34479992800277887
146,0.10498463009323622,0.3451429919962913
147,0.1041333406421771,0.3454534622482206
148,0.10333596800727525,0.3454043240910101
149,0.10261869070344666,0.34531417172909873
150,0.10190315808312932,0.3457531541477849
151,0.10112181884658376,0.34638547616888626
152,0.10047428993282077,0.34643728288952425
153,0.09967584237514504,0.3465368671138983
154,0.09891652176721491,0.347552097061336
155,0.09823030153871365,0.3481262317921052
156,0.09741610162433147,0.3487535834301131
157,0.09678661493660458,0.34921664367861976
158,0.09603125810118314,0.34909189639844995
159,0.09520296729084768,0.34847113222392023
160,0.09455061108337466,0.349127735771476
