0,0.6696315181941117,0.6727257604526564
1,0.6475611642818428,0.653856313139135
2,0.633893541438284,0.6422998755338295
3,0.6184885433165762,0.6275682529773327
4,0.6084939773014038,0.618665676537771
5,0.5990748854736597,0.610277685078303
6,0.5887730841106629,0.59971276798912
7,0.5788542549745008,0.5904260630617275
8,0.570785651127718,0.5814355273592099
9,0.5660526243555712,0.5758832691307749
10,0.5592527304838298,0.5703673263425021
11,0.5543218233063522,0.5647524576839988
12,0.5495864360492569,0.5606871350741802
13,0.5440890014707301,0.555072233550918
14,0.5400898658682548,0.5511593859433129
15,0.5350248628969769,0.5466779362746393
16,0.532369682611122,0.5440479769707461
17,0.5296810681491247,0.5411540445078633
18,0.5266781340602085,0.5381804123628519
19,0.5229309802781864,0.5361725551492331
20,0.520127212681406,0.533601375856495
21,0.5168583796783285,0.5301820902050062
22,0.5130412408399134,0.5267934768753986
23,0.5095014978469032,0.5229799322018864
24,0.506530431988707,0.5206605465834727
25,0.5045724281346454,0.5180099115934894
26,0.5019000929844559,0.5160189541243062
27,0.49968844435728954,0.5150033404392851
28,0.4982397838532846,0.5135851671015298
29,0.496015373894124,0.5116981010035515
30,0.4927301709177064,0.5090071520359325
31,0.491057572466354,0.50818074320035
32,0.48986234592912437,0.5075883660911981
33,0.4879401054586836,0.5060234577901552
34,0.48638464166370926,0.504461000974334
35,0.4839753149687346,0.5019669161175383
36,0.48232989042540436,0.5005890256310348
37,0.48089435389558377,0.5001557650746676
38,0.47868376581710764,0.49874956997775005
39,0.47627989504266727,0.4963570591165939
40,0.47450879457259726,0.49436890501389513
41,0.47309082943651687,0.49215692614708106
42,0.4710322546391316,0.49032332874760476
43,0.46906943555242825,0.4892642254625014
44,0.46666971105120103,0.48641813151949037
45,0.4649409178172726,0.4850680064728449
46,0.46198283187343886,0.4819605359130163
47,0.4606997279399583,0.48111830918851783
48,0.45861887839159227,0.47951964372412587
49,0.4569148661294509,0.47797942729365517
50,0.4555867012952556,0.47717674479080274
51,0.4540197015805217,0.47699987894373924
52,0.45247424813492126,0.4766739215005997
53,0.4509460266316154,0.47513174924523505
54,0.44926878121592145,0.47435128375647595
55,0.4481408631420706,0.47395179907935114
56,0.4465833701805844,0.4719188086681361
57,0.44496334204413324,0.47083567434494966
58,0.44404652130874006,0.4700853153338734
59,0.44243481750726826,0.468718501871057
60,0.4410318381072052,0.46841421505131636
61,0.43972323027602145,0.46765871813308285
62,0.438485618984017,0.46655193824863045
63,0.43746257820241735,0.465660093700064
64,0.436074252354344,0.4646044721436785
65,0.43457791679830515,0.4646949437000162
66,0.4331412999077099,0.4633787425655157
67,0.4320309998601982,0.4630028588548814
68,0.4308973142787117,0.46255461913750684
69,0.4296270011762463,0.4619681770132148
70,0.42805458846847405,0.46038077783750625
71,0.42654115214408184,0.4598859886867885
72,0.4253490278302851,0.45937478368354895
73,0.42424820320291273,0.4591067356128956
74,0.4229636976976433,0.4576441076636321
75,0.42179401939724476,0.4562747269146704
76,0.4202574422352061,0.45519102862766253
77,0.418920821641965,0.4541577088589701
78,0.4176219555217218,0.4539979993389485
79,0.4166912430123838,0.45388730050382636
80,0.41553745418688526,0.45329573047836796
81,0.4141499268507992,0.4522271007854183
82,0.412842233841803,0.4516289976487376
83,0.41167041544927796,0.4512037020096141
84,0.4103033359106133,0.44975979040273745
85,0.4089815752492627,0.44888560121776466
86,0.407565016431442,0.44868186256103954
87,0.40619039401695617,0.4476679179919703
88,0.4048811601223279,0.4472068585553312
89,0.40402985923238416,0.4463594066061378
90,0.40264739006651384,0.44538784014540844
91,0.40081160548929656,0.44338390002481115
92,0.39945683874309995,0.44277281327481266
93,0.3979066900383093,0.44110793396864617
94,0.39685408148974644,0.4407542279340338
95,0.3952084121978964,0.4391920070357691
96,0.39354930824481743,0.43745728817250706
97,0.3920466900324809,0.43691519190556033
98,0.3911649296663361,0.4363428679768145
99,0.38977270390510466,0.4353952243394581
100,0.38845076823093544,0.4342007253820843
101,0.3873116419737518,0.43299398626610364
102,0.3862975610308339,0.4325924476137294
103,0.3851414867904517,0.4324792031862639
104,0.3836351838529094,0.4314496739118978
105,0.3822121339727773,0.43063347977308963
106,0.38079406443157116,0.43051946179304185
107,0.379594601361372,0.4295137444634882
108,0.37862973093460656,0.42874629577994106
109,0.37738650740660235,0.4278147645186109
110,0.37623544916374685,0.42683013791683144
111,0.37519529518975864,0.42580273833449866
112,0.37398935901555014,0.42435118293551555
113,0.37233562803695025,0.42355133504979936
114,0.3711292704273367,0.4223104883792605
115,0.3698457773772893,0.42186559252434236
116,0.36877254001646564,0.4213991116869975
117,0.3677014752231812,0.42156855997468723
118,0.36642846621488284,0.4214298824937889
119,0.36548736468577886,0.4208354809225801
120,0.36461820447546145,0.42050929221083977
121,0.3638350091566374,0.41982127816323456
122,0.36294433154892486,0.4196929586550796
123,0.3618408583016968,0.41851013374106
124,0.36091864846564065,0.41807480271679603
125,0.3598563773825887,0.417835253430134
126,0.35880116488171054,0.4175324594521399
127,0.35758633424259356,0.4166614676109198
128,0.3564015122599744,0.4158836769203452
129,0.35543643456112917,0.415368317190708
130,0.3542980400915818,0.41509323750399996
131,0.35338648397819156,0.41494521927673755
132,0.3523384449063566,0.41377413319674206
133,0.35150254627838906,0.41346757244329385
134,0.35035738222125723,0.41238992326643553
135,0.34960829062048104,0.41262382828311095
136,0.34843418086373534,0.41191070277345776
137,0.3476850014562026,0.4115444533076263
138,0.3466714058054634,0.41096527164019736
139,0.34587611488115605,0.4104662613346948
140,0.345120318152233,0.41042395586392066
141,0.34413819092624,0.41000120294814246
142,0.34330302500910714,0.4094853706672984
143,0.3424501476182592,0.4092268381591602
144,0.3412459325340771,0.40795749796622355
145,0.3404791910854197,0.4077656551169605
146,0.3395418583162123,0.4071453413859306
147,0.3386590297218435,0.4065551897386846
148,0.337520164510217,0.4060052935281288
149,0.33663162255835477,0.40543000338987367
150,0.3356682770623831,0.4050367469922749
151,0.3344147682550358,0.40404482525839064
152,0.3336545756042886,0.40355688657800737
153,0.33264912604229996,0.402818890037191
154,0.33175977972561865,0.40264854572890374
155,0.33067672660004643,0.4013319372665595
156,0.3300442796938088,0.4009280769239636
157,0.32923824026463777,0.400350089125012
158,0.32833450095407507,0.3998490738767367
159,0.327736141673675,0.4000543778777959
160,0.3269280074831436,0.4000378979610553
161,0.32605877878135026,0.3994636206699474
162,0.3252812256017848,0.39887554100858
163,0.32448952163769285,0.3977972098364677
164,0.3235435705920502,0.39748595848742646
165,0.3228401515161175,0.3977199318874966
166,0.32216809942438007,0.3977614985347476
167,0.32126686450398273,0.3973427417793999
168,0.32047840718257736,0.39679444323436225
169,0.3199546241440015,0.39665973574710195
170,0.3191834815302453,0.3959444956834791
171,0.31838911565864114,0.39575398567338044
172,0.3176928628954919,0.3952031730851682
173,0.3169387732638613,0.39436497949304944
174,0.3162053432871969,0.3948710348677054
175,0.3155051897497301,0.39489067397497485
176,0.3145844577066945,0.39430122875887896
177,0.31375889501926085,0.3936976618503284
178,0.31295291627844646,0.3932270482612581
179,0.3122929148169192,0.3935997638400854
180,0.31148426106557575,0.3935595196640905
181,0.3106779709218073,0.3929097198551269
182,0.3100211671700033,0.3922516700967177
183,0.30931127666018876,0.39206997111888503
184,0.30857029780125117,0.3915950965596584
185,0.3079836091261525,0.3918298263331467
186,0.30711343035125527,0.391363212179354
187,0.30631175145906664,0.39093227875604686
188,0.30568020773779264,0.39064753740519953
189,0.30496454214322216,0.3903359844344011
190,0.3041977316649257,0.3900983147748105
191,0.3034481698612183,0.38930085305887874
192,0.3027660123232832,0.38855990189203504
193,0.3021515843650745,0.38836744072708135
194,0.3009002306214242,0.3874526876320405
195,0.3000560841689779,0.38719024380628847
196,0.29936276439640364,0.3871561292817185
197,0.2988268916105924,0.3865639858409268
198,0.2981373240071773,0.3861520628877353
199,0.2975437763225097,0.3856418207162446
200,0.2969238411131956,0.3853193269036025
201,0.2962781852623288,0.3853780887615794
202,0.2956639049060696,0.3854301347235631
203,0.29516002777181005,0.3853989685015926
204,0.2944493954555638,0.38535289319236227
205,0.2937997489817541,0.38508008383978104
206,0.2930804741084615,0.38484004162062435
207,0.2925883840563718,0.38457712030359054
208,0.2918701865036999,0.3841299252910262
209,0.2911196969842926,0.38417048607928694
210,0.29051781467627613,0.38402177327540643
211,0.2900482049158191,0.3840677587977414
212,0.28936655461067345,0.3834952693342268
213,0.2884843101379829,0.38276463673218586
214,0.28784820534847233,0.38236188612956895
215,0.2871404156758948,0.38223748914915734
216,0.2865465961346472,0.3821103856241603
217,0.28592593430440766,0.3821717964853205
218,0.2853509410809575,0.38205766765209853
219,0.2847795149859434,0.3812925322630439
220,0.2843065274007345,0.38126340168721656
221,0.28361493353629763,0.3806339808481987
222,0.2829616824999558,0.3804365781393329
223,0.28232192628266806,0.3800220271576947
224,0.28182594637708264,0.37968870530480603
225,0.2810775805880177,0.379041508193349
226,0.2805362621020942,0.37894041257836014
227,0.27991717599037896,0.378993797241422
228,0.2792632959560525,0.37857913388223013
229,0.278651327749765,0.3783855015198181
230,0.278189987355822,0.37801619168681533
231,0.2775774649717357,0.3780793476188903
232,0.276900413585716,0.37791484323947233
233,0.27637820370138844,0.3773078564308474
234,0.27577749534824947,0.37716412368280544
235,0.2752758260142278,0.37701507734969053
236,0.27465289840738144,0.3765869675953736
237,0.27396493918869763,0.3768697725986402
238,0.27346003676872743,0.37621515064323036
239,0.2730274440704921,0.3760033181676521
240,0.2725733085822274,0.3761014540901359
241,0.27184163421237834,0.3754198749385304
242,0.2712440000506753,0.37529354667782483
243,0.2707649269174492,0.37536312525430143
244,0.2700843904896125,0.37528955666447855
245,0.2696325258459446,0.37548323271849876
246,0.2691266632540643,0.3751091766813235
247,0.26865505203191103,0.3748954401063021
248,0.26814848361076493,0.3752938947374701
249,0.267665086492321,0.375471446313019
250,0.2673046484659986,0.37554178643111863
251,0.26673760519594647,0.37523860868231157
252,0.266241076412706,0.3750965620879304
253,0.2657733160991073,0.3747975748592528
254,0.26532944240475614,0.37467965810925385
255,0.26490713025908796,0.37451750789156124
256,0.26436758108196784,0.37416630041744664
257,0.2637909210493585,0.37408983827278297
258,0.2635023199322656,0.37402751140506946
259,0.2630645060286954,0.37379866910399934
260,0.2625144290962576,0.37381946864523574
261,0.2620904546998148,0.37373064452296206
262,0.26162453254469636,0.3735991401092355
263,0.261109149672865,0.3733370995273011
264,0.26049686611725786,0.37337179605660553
265,0.2599233869887138,0.37295503795895685
266,0.259363544114454,0.37318982835129993
267,0.2587481329491805,0.3731284771623449
268,0.25831994117305823,0.3729451140090323
269,0.25786644066313436,0.37266435329697895
270,0.25745193308360625,0.37271263484328265
271,0.25665867455306624,0.37215976770339726
272,0.2562249528880283,0.37206585133182096
273,0.25566952299186824,0.37203547826687755
274,0.25509760877845733,0.3719747592185515
275,0.25462147979173605,0.3724675625674888
276,0.25411597063517266,0.3726994419736643
277,0.2536103310737539,0.37227474591332427
278,0.2529245513741704,0.3716168990396219
279,0.25242676867549774,0.3713230340763511
280,0.2519550347627352,0.3710954786841218
281,0.2514870917868187,0.37079007793862756
282,0.25094347665942623,0.3707384199363611
283,0.2504717948212097,0.3705686250003844
284,0.24987193172737984,0.3704837392622971
285,0.24933783910743165,0.37069304265897257
286,0.24886587538768493,0.37078146115401284
287,0.24840529974054681,0.37097836326602596
288,0.24801799664537277,0.3709442637811941
289,0.24767033834780433,0.37101165349989523
290,0.2472723204856224,0.3710433820100016
291,0.24675963527616285,0.37094530265964
292,0.2463168079292482,0.37094595206106973
293,0.24576543424324782,0.3706441744819296
294,0.24537383460326742,0.3706046591392667
295,0.24514425635222614,0.37071940751027227
296,0.24468148187784655,0.37072190963639473
297,0.24416928275033117,0.37062070870723035
298,0.24355974939422587,0.3704698739177891
299,0.24300278152137042,0.37006454899446506
300,0.24256987118034445,0.3701107738955609
301,0.24210349398416728,0.3697432813339279
302,0.24173492122738924,0.3698947091921805
303,0.24131751662731257,0.3697522557925453
304,0.2408086938178893,0.36950525512742916
305,0.24035594389462972,0.3691609814418339
306,0.23996895588732547,0.3693943761779079
307,0.23929908998732036,0.36897452396855834
308,0.23876002668780985,0.3688247151777988
309,0.2383649378420183,0.3684953095562548
310,0.23794618464647904,0.3681154544401655
311,0.2376730180336367,0.3682469260463379
312,0.23719078091451046,0.3678221068878598
313,0.23679770706992023,0.3684452068282069
314,0.2364107204378124,0.368040766046337
315,0.23606080122680032,0.36812137214954044
316,0.2358134947463618,0.36786444149315345
317,0.23515911244063734,0.36762194557230976
318,0.23487843146132606,0.36752104654927675
319,0.2345391576294818,0.36746196412817617
320,0.234024882351794,0.36736778841995066
321,0.23360542921551772,0.36735426889904454
322,0.23323419382719374,0.3675310333359593
323,0.23286597098477682,0.3673569633979738
324,0.2323995130139071,0.3666508173190234
325,0.23200858140744893,0.3661298070399205
326,0.2316331182535863,0.3659756321066419
327,0.23120742002731037,0.36551142994172736
328,0.23077512157186295,0.3655236434415755
329,0.23037879675540096,0.3654144801215491
330,0.23000908627989916,0.36555291075677077
331,0.22967967068140835,0.36540689577275154
332,0.22938090589334695,0.3655043858223149
333,0.22888523727746993,0.36543375365326
334,0.2284685779102452,0.3653851063959478
335,0.22820930398937622,0.3654995877290459
336,0.2279232125758865,0.36573570663141713
337,0.2275022937552602,0.36559454468142355
338,0.22705582739426375,0.3658552287563437
339,0.22666646305229413,0.3657143577637299
340,0.22631401310623392,0.36547704912134293
341,0.22593581822323888,0.3653606319347218
342,0.22539064029889969,0.36552812440923177
343,0.22509794389425786,0.3654622069255787
344,0.2247311364949939,0.3653684836601796
345,0.22418800423730745,0.3651968767650894
346,0.22388715298879353,0.36499116528119846
347,0.22351790546825362,0.36452963936803134
348,0.2231116722791623,0.3645559891805811
349,0.22281882770141886,0.3645723441943678
350,0.22253765597444164,0.36452083118093015
351,0.2221332682550698,0.3642289388876393
352,0.22182876693895773,0.3644133567739741
353,0.22156542743857288,0.3646345117873916
354,0.2212413273327803,0.3645497535279425
355,0.22097353402381414,0.36451626376020047
356,0.22063536194485237,0.3643612017216914
357,0.22012478197345517,0.3642978156860804
358,0.2197260994807835,0.3645632926768293
359,0.2193187905048118,0.36390635322058384
360,0.21891294920065166,0.36385756406606345
361,0.21845117610606715,0.36391248745537724
362,0.21814395559785735,0.36381708926180206
363,0.21772651654179964,0.36356121402611496
364,0.21730856183929131,0.3637119099323068
365,0.2168716887470523,0.3641057184259675
366,0.21653457852255256,0.3640887421234002
367,0.21612589159833198,0.36397781707124116
368,0.21576390733404227,0.3638370618829377
369,0.21529461616936293,0.3633901978373255
370,0.21483578947290263,0.3633928041181726
371,0.21446461155749671,0.3634903255784653
372,0.21413563871118574,0.36360247100920484
373,0.21367488323434883,0.36337705774549234
374,0.21323255589416487,0.36287066428912124
375,0.21291677338203369,0.3627683119352393
376,0.21261453334248998,0.3623702021627848
377,0.21215336816446934,0.36228687938976056
378,0.21180859781844044,0.36243830776233055
379,0.21147766182907646,0.36271051195559434
380,0.21110412166356654,0.36256725072593293
381,0.21068063045711807,0.3626167243556741
382,0.21033878606812303,0.36189366483370916
383,0.21004012582058978,0.3616143656404341
384,0.20962026496517525,0.36126061083161143
385,0.2093409727702467,0.36116112498097475
386,0.20894335394839927,0.3610302023498205
387,0.20846376953237378,0.36104062147633137
388,0.20813065517212218,0.3608419113727884
389,0.2078085181510365,0.3606725058990072
390,0.2074351711801844,0.36063082635020166
391,0.20701795729640857,0.36100587801997436
392,0.2067020672525863,0.36075392561687686
393,0.2064447559132195,0.3606172676245474
394,0.2061417348773477,0.3603960270321513
395,0.20597502271030044,0.3604385999245872
396,0.20563470840822395,0.36029800979627624
397,0.2054262619720146,0.36023274242571834
398,0.20503304692582497,0.3600023885192757
399,0.20471725140496627,0.35968565393315666
400,0.20437115845803447,0.3595982217781792
401,0.20404249156559118,0.35937758538670456
402,0.20376652522426678,0.3592764410109951
403,0.20346546226370407,0.35898041734092895
404,0.2030197033127354,0.35878196749676333
405,0.20266576568755348,0.35863147003024204
406,0.20233345093383318,0.3586467364199497
407,0.2020692809832268,0.35850592362071565
408,0.20179703797378923,0.3584711281291529
409,0.20141228772808153,0.35843477608985086
410,0.20094497969702474,0.35788322855147464
411,0.200681628834406,0.3579345017288937
412,0.20031970075277222,0.3579182335166291
413,0.19998823285192455,0.35757281317973216
414,0.1997476659093309,0.35758852974527233
415,0.19947725439657382,0.35752671385446977
416,0.1991059914513922,0.3572908257134155
417,0.19884265128285789,0.35737641705858164
418,0.19849101312019318,0.35751882234393945
419,0.19810060417477043,0.35753787149646626
420,0.19763768263241932,0.3576218518767166
421,0.1973259232235674,0.3573230505599389
422,0.19703422719895833,0.3571868856557598
423,0.19662135417622145,0.35682147563744915
424,0.19629506449486658,0.3567386155633472
425,0.19596118550893377,0.3567388432091974
426,0.19561615100752305,0.3566541116877558
427,0.1953764965183129,0.3567652588588787
428,0.19504444649728114,0.35641871455589264
429,0.19478897953899826,0.3562359573283963
430,0.1945090757285575,0.35583168186648856
431,0.1942417424193335,0.35584902360376447
432,0.19390611635423072,0.35593342824635266
433,0.19354233337862173,0.3555191772275818
434,0.19330976399052183,0.3556630975244983
435,0.1930184487399662,0.35580475401155465
436,0.19265913258855924,0.3555346691961706
437,0.1923088381545012,0.3554362272341273
438,0.19190122140534546,0.35549738106039297
439,0.19156831156628853,0.35510486322959117
440,0.19125014239887209,0.3550855023735056
441,0.19102759038137793,0.3547142749513532
442,0.1908840307325298,0.3547171309637732
443,0.1904869879091992,0.35474443479691975
444,0.19019772802528065,0.35438868067387086
445,0.18994930505451232,0.3543383452950462
446,0.18962048559577382,0.35423168601372834
447,0.18926213780196963,0.3538947284590102
448,0.18902215961600277,0.3539961259203284
449,0.18869116781621645,0.35399188189473724
450,0.18839185289839666,0.35406369332749243
451,0.18815060590223726,0.353861809776878
452,0.18775311025007752,0.35392205149477085
453,0.18744076511244348,0.35389137384710834
454,0.18718781204908463,0.3539679092472027
455,0.1868719839540926,0.3538226505103408
456,0.1865699199519947,0.35369361764026813
457,0.186313099347246,0.35342605047076625
458,0.18591003221645064,0.35352899079917693
459,0.18573695119739192,0.3537033369409124
460,0.1855022708306588,0.35387715470354664
461,0.18521436012787987,0.3539900264881952
462,0.18488494206161812,0.35344908346186693
463,0.1846172701820491,0.35402333641262695
464,0.18438530533603817,0.3539038351475276
465,0.1842348647931408,0.35401062065743866
466,0.18386160047538233,0.35393869500876474
467,0.18362973094874752,0.3542928106576276
468,0.1833491003800094,0.3538457808120043
469,0.1831160840250211,0.3540776383098743
470,0.18266469607744668,0.3537679343435995
471,0.18237174297489686,0.3539087954424595
472,0.18212565054298196,0.35405622444886403
473,0.18180570374640553,0.35379338362457136
474,0.18159307818687484,0.3537378430235686
475,0.18137635997841944,0.3537592309103917
476,0.18111353236349792,0.35371611909707157
477,0.18079284371371437,0.3535180778901869
478,0.1804788532387933,0.35359890412092176
479,0.1803178097501283,0.35330608469393293
480,0.18010985923272702,0.3533875765827054
481,0.17981724507226346,0.3534580782691276
482,0.17947068776070732,0.35344247665635287
483,0.1791805399923004,0.3532410063278348
484,0.17889482123659595,0.35344530444243516
485,0.1786311638026744,0.35344222411017434
486,0.1783730585338312,0.3535724425382773
487,0.17808952592259128,0.35351503170059295
488,0.17782591590955715,0.3531602317022272
489,0.17754166078156275,0.35344208941844046
490,0.17732333867955177,0.3532114981254302
491,0.1770242423421309,0.35319526453740585
492,0.17680055276519552,0.3533151656262961
493,0.17630170996219882,0.3528134441055983
494,0.17613926105927002,0.3529303527232146
495,0.17581807161865254,0.352635921676866
496,0.17539928421430326,0.35233993307241146
497,0.17521434558711566,0.3521836258205427
498,0.17492379710529252,0.35184115645974606
499,0.17472553713837535,0.3517787023885638
500,0.1745361502093004,0.3517364601957835
501,0.17432429279714523,0.35194912082492275
502,0.17411175929846948,0.3518393660951802
503,0.1738398103991254,0.3514576641180295
504,0.17353143692538517,0.351003929457495
505,0.17334537004041128,0.35102510498135336
506,0.17308666791565994,0.35108191060828187
507,0.17284086353347167,0.3508766499435597
508,0.17258277711781747,0.3509250706654433
509,0.172362636172853,0.3509620726064001
510,0.17215652429522613,0.3507859724414761
511,0.17192338837348584,0.35090327622748035
512,0.17171060875921795,0.3511179878693109
513,0.17142238083044167,0.3510890004735885
514,0.17121721812709279,0.3506745739732599
515,0.170957973507311,0.3509917094385564
516,0.17075461686837226,0.35068520895095484
517,0.17059701075912814,0.35064267093521934
518,0.17039502010994131,0.3505727601450494
519,0.17010216470812714,0.35027758099993017
520,0.1698435072144806,0.3501664540455219
521,0.16965161966582887,0.35032743984548137
522,0.16944330434176796,0.3503873294769826
523,0.1692472125309786,0.3504498258472831
524,0.1689383919640564,0.3500843237667217
525,0.168652552097766,0.35007664060859883
526,0.1684399433301069,0.3497778575152378
527,0.1682357236931552,0.34979663931768284
528,0.16803596068189403,0.3496387704002925
529,0.16783753343314492,0.34951101717538074
530,0.16759619374687856,0.34934296268227055
531,0.1673320307498027,0.34925747065496265
532,0.1670355990717639,0.349155721359369
533,0.16683969583053132,0.34916754290887403
534,0.16666866178045056,0.3496589155431265
535,0.16641311969868042,0.34958396501108246
536,0.1662204030272434,0.34975682139879305
537,0.16596512090978036,0.349796632647058
538,0.1657568238891746,0.34976184988585163
539,0.16551202017013322,0.35004803445884564
540,0.1651966964514316,0.3499406802080458
541,0.16491292183147854,0.34960137968948873
542,0.16458824731753224,0.34973575257342826
543,0.16431225908286484,0.34988810061003867
544,0.1641440818708133,0.3499350465043682
545,0.16395509712513268,0.3499259859814546
546,0.16374651141496221,0.3499621132297693
547,0.1635333823641807,0.3499552391753153
548,0.1633697523507249,0.3499800218109781
549,0.1631850149857184,0.34994569301829137
550,0.16286566125082766,0.34968032626930823
551,0.16259162692132054,0.3496893453453988
552,0.16242614838125063,0.3497628770025276
553,0.16223829481977217,0.3497050458500447
554,0.16204500026969393,0.34951906209619865
555,0.16182812153057205,0.34976326195615776
556,0.16164489106395527,0.34981862540223696
557,0.16139054960075658,0.3498004093285467
558,0.1611538937782114,0.34997512173766293
559,0.16098174993579006,0.3500977432898136
560,0.16073131444808583,0.35012071405997064
561,0.1605074321442465,0.3500900395134182
562,0.16037674016803463,0.3500976279752811
563,0.16019878699536555,0.3500974245675936
564,0.15991666552763578,0.35026249392693115
565,0.15966154615036077,0.3506109210172954
566,0.15940483718565926,0.35004730282957947
567,0.15916925097219675,0.350128808652692
568,0.15897168718946064,0.35034624610642
569,0.1587859961188721,0.3500956363552115
570,0.15851132687749434,0.3499591808228399
571,0.15830995532541978,0.3497778720071057
572,0.15819527487463297,0.3497605674716717
573,0.15796949480939187,0.3497203189516889
574,0.15785349300045037,0.34968945012502284
575,0.15757792216077932,0.3494153928858548
576,0.15738987735345342,0.34951211685894945
577,0.15719082484333455,0.3495951061828967
578,0.15704434743225418,0.349787840134031
579,0.1568096014682106,0.34941671282954884
580,0.15660901196072521,0.349336708762685
581,0.1563872597267703,0.34917949740877735
582,0.15621713130382076,0.3490302192316102
583,0.15599406390477236,0.34904431728805
584,0.1557857987790721,0.3491546491491277
585,0.15564036061837108,0.34901391058847164
586,0.15536139057119538,0.3487995130013524
587,0.15518523522603694,0.34890872022439867
588,0.1549761403633167,0.3489955243008017
589,0.15475597584749612,0.3489808467137753
590,0.15451875767967718,0.3491321846904517
591,0.15424852847793005,0.3491194900491212
592,0.15405452975935835,0.34931584775522956
593,0.1538248062224878,0.34904305729717616
594,0.15353510444631793,0.349513517425022
595,0.15331414212924982,0.34893891268033805
596,0.15311305533859218,0.3490363612979315
597,0.15286502965740484,0.34900131306960563
598,0.15262376827609062,0.34890546447126297
599,0.15246031729210519,0.34881465356858415
600,0.15230930541973622,0.34897722351135935
601,0.15210015810838995,0.34890060504328824
602,0.15184215781557836,0.34909967682806087
603,0.1516779879070651,0.3492428130903923
604,0.15141907852574368,0.3484966422101524
605,0.15123130816696967,0.34849005431041746
606,0.15106573162667852,0.3483915787683005
607,0.1509360629461308,0.34855082004918625
608,0.15068260090747623,0.34864377496104537
609,0.15049338330124032,0.34869756848341876
610,0.1503272630887792,0.348679332740686
611,0.15012139186731824,0.34854640901878997
612,0.14983816229977834,0.3482229142317762
613,0.149630227724783,0.34823708845025775
614,0.1494617483357301,0.3479745395096893
615,0.14922835301960385,0.34750157238249624
616,0.14902696841904273,0.34747332129158665
617,0.14881233018193962,0.3473497376787953
618,0.14865459248454596,0.34749159353450654
619,0.14843646577834402,0.347386409468367
620,0.14826655422344492,0.34736981864592986
621,0.1480728125768612,0.34743789545371384
622,0.14788267735742425,0.3474996139186702
623,0.14772807696414214,0.34732751961778213
624,0.14757025283949654,0.34715489484547374
625,0.1473944229926858,0.3471346020674568
626,0.14721108482734055,0.34722565712180403
627,0.14706230739576182,0.34738561236752197
628,0.1467560300186962,0.3470068263395255
629,0.14654421955475078,0.34718359050203557
630,0.1463655902336453,0.3471804345305216
631,0.1462043875193471,0.34717568905723595
632,0.1459992955086254,0.3474413265409077
633,0.14576389919818747,0.347388183254437
634,0.1456313407865429,0.3470939501847314
635,0.14546998906321773,0.34743343608692695
636,0.14532123479234882,0.34730785076860216
637,0.14509678145569235,0.34727833287980886
638,0.14487689659809397,0.3469322832080641
639,0.14467400669726116,0.346900780103445
640,0.1445146835520627,0.3466378904632522
641,0.14433256976829337,0.3465316404677767
642,0.14415655420547066,0.34659491692178357
643,0.1440094134841974,0.34677170345943703
644,0.14382274568431963,0.3467558258265144
645,0.14364115996168103,0.34647168629682734
646,0.1434423286667694,0.34656955403830547
647,0.14327647851631362,0.34692693508835176
648,0.14306897137505123,0.34690798784274857
649,0.14289809754384206,0.3469780627459947
650,0.14267332967298862,0.34702099261612424
651,0.14252582202108388,0.3471163375527435
652,0.1424197580616359,0.3471924117562682
653,0.14221480405935488,0.34725791929792404
654,0.1420806245017918,0.3473691261823602
655,0.14192428113572633,0.34743519508870785
656,0.14176098668348106,0.3475981775863223
657,0.14158294941777497,0.3476853724852234
658,0.14137027384636974,0.3477193836937764
659,0.14126340073390323,0.3478371733576724
660,0.14112892936328744,0.34773957955525103
661,0.14087427531827182,0.34802491631632676
662,0.1407305357257407,0.34832558235261546
663,0.14061915770012068,0.34841068598150593
664,0.1404502158514326,0.3485595202873463
665,0.1402442006395744,0.3485968397471137
666,0.1400479430621064,0.3486432116088435
667,0.13992421230029964,0.348347857963055
668,0.13966860961670732,0.34800388583956593
669,0.1394966761057223,0.34792904492853377
670,0.13930009929423878,0.34779709120699587
671,0.13902950310055978,0.34775816659272124
672,0.13887192671276588,0.34797058537195286
673,0.13874617101897382,0.34788306366040633
674,0.138514036132491,0.3477616025215157
675,0.13832226643898135,0.34768990765885427
676,0.1381736467362234,0.34763826817005133
677,0.13808590273180557,0.34771365737549437
678,0.13796287971754795,0.34761356226215345
679,0.1377933959383345,0.34768698239037416
680,0.1376263197814736,0.34783622447925966
681,0.13739797535879,0.3478086232832883
682,0.13722429176085454,0.34779405123425866
683,0.13708994283552345,0.34777484579086965
684,0.13686282900631025,0.34777942022157976
685,0.13675893174162854,0.34769004397359954
686,0.13659198522521465,0.34751949242285757
687,0.13646479621994873,0.3475462754048279
688,0.13632742802967238,0.34770394119688725
689,0.13613770701711986,0.3475554162449101
690,0.13604705650930543,0.34762188420972057
691,0.13578296819565897,0.34730275558228574
692,0.13562559977837524,0.3474746508360115
693,0.13542675990042624,0.34733004918665655
694,0.13524289352033006,0.34733589176114893
695,0.13501524429154335,0.34755710731595263
