0,0.668741186063815,0.6702143318683623
1,0.6511446085747162,0.6523516935184425
2,0.6337643239981312,0.6373207281003879
3,0.6207351769059731,0.6240794459774646
4,0.6088196679471207,0.6117783520734966
5,0.5981434497854374,0.6009667279834975
6,0.5887309905566515,0.5921435497419477
7,0.5799512556885036,0.584164075480147
8,0.5729941265659607,0.5766098932979095
9,0.565962579163206,0.5704218133738785
10,0.5586761440813608,0.5640068687787644
11,0.5523406543076896,0.5575454559772828
12,0.5481506888388531,0.5545256503288104
13,0.5430048776755433,0.5489222466180226
14,0.5384107824179817,0.543785804640411
15,0.53497943054402,0.5395694008740501
16,0.5317854263457745,0.5371773576073203
17,0.5274324976856658,0.5345358382401535
18,0.5235767385624308,0.5302657911346924
19,0.5209407024869359,0.5283488885836988
20,0.5175176305760313,0.5256713699975923
21,0.5153788316289452,0.5241981677570218
22,0.5135142515400055,0.5223484379727078
23,0.5112209045477748,0.5197623024493033
24,0.5083568146326481,0.5171658614935887
25,0.5059923275496608,0.5140950165423747
26,0.5043098390564438,0.5131947548222864
27,0.5020786424807931,0.5122261880071202
28,0.5000615082969961,0.5106007687425274
29,0.4979369711638289,0.5092566511930033
30,0.49534030715756505,0.5058328052945597
31,0.49326602433078975,0.5036911271337811
32,0.4915731605369255,0.5030675786811603
33,0.48961831195277894,0.501210042085957
34,0.4876083086759413,0.5003061526893698
35,0.4859785415801495,0.4984977232480084
36,0.48515672989989966,0.49768547026746457
37,0.48375991703003873,0.4971220236640832
38,0.4817277099339009,0.4964159286140781
39,0.47965460995899084,0.49554005180593624
40,0.4780457962390988,0.49430792621391595
41,0.4771340540213178,0.4930907413573777
42,0.4754133087191999,0.4919923769758485
43,0.47399223048821637,0.4904821342496354
44,0.47263492487065684,0.4893482012724175
45,0.4716690080374446,0.4889697983718133
46,0.4701438726380814,0.48762916032664194
47,0.468310756408759,0.486217395883182
48,0.46706034680405595,0.4850912657583547
49,0.46565079292981726,0.48399078689625885
50,0.4643333663180025,0.48304544355400497
51,0.46274979803649297,0.481527733646414
52,0.4616820545555613,0.4810660931749917
53,0.4597735399687673,0.4791629363983717
54,0.45850937548665904,0.47800237367059084
55,0.4571841758483008,0.4766721695501358
56,0.4558149403247854,0.4755165451841343
57,0.45414272574491277,0.4736414966882624
58,0.452747433684593,0.47287238385265934
59,0.4508226295378253,0.47179618915767946
60,0.4490828234227921,0.46966817845926173
61,0.4473974284935631,0.4689240360835369
62,0.44556634001029555,0.46792786771355355
63,0.444464530395643,0.46656631696805795
64,0.4436900327900055,0.46613876418092315
65,0.44210670107886907,0.4653035225118567
66,0.4406783229620882,0.4645247972345605
67,0.4398712462365033,0.4640853388699691
68,0.4374312256129741,0.46197942258736574
69,0.4357587068711932,0.46059765716927314
70,0.4344917711361434,0.46000418157616957
71,0.43356978880078556,0.45917157255954044
72,0.431950633576014,0.4585484680767916
73,0.43070819977245983,0.4565768292283833
74,0.4294159172117248,0.45590365057190824
75,0.4282342819940476,0.4549794740648097
76,0.42671519603708125,0.45437123231450327
77,0.4251912434895833,0.45318984896153985
78,0.42367442184904486,0.45209219406444834
79,0.422070102966241,0.45083132770659395
80,0.42098613751687086,0.4505933080387453
81,0.4193656642571636,0.4498086662809676
82,0.41726008654960894,0.4475459816515481
83,0.41566813691773946,0.4466397169979078
84,0.4145534173198713,0.4463396825568958
85,0.4132359231165213,0.44529097183290056
86,0.41167337580244673,0.443665278055227
87,0.4104650757241487,0.4423529970160011
88,0.40940503767822534,0.4419059178112884
89,0.4084688949162514,0.44180849793403365
90,0.40734630090453694,0.44173882977387047
91,0.4062164070070252,0.4408771963674205
92,0.4048219936366625,0.44015895528094406
93,0.40375178306469756,0.44006036775044577
94,0.40251915003374167,0.4396118824208473
95,0.4011474136234254,0.4386012646685177
96,0.40021617124775055,0.4385580456186517
97,0.39918969239903446,0.43833989051720906
98,0.39791035361728266,0.43746239442851
99,0.3966191525211102,0.4373407393787741
100,0.3954811814351467,0.43703318964275006
101,0.39390592691246196,0.43594327003257777
102,0.39235595162392717,0.43424143685612987
103,0.3912022993018065,0.4339833212690554
104,0.38999896720134275,0.43372218147214875
105,0.3889017538110811,0.4326853956003034
106,0.38787889110949614,0.43235936900669864
107,0.3869895216898533,0.4322747607545355
108,0.38583269256558,0.43128087108808205
109,0.3845602481204146,0.43045160737386917
110,0.38344400771300524,0.42996405213273725
111,0.3823355065363718,0.4295308297609157
112,0.3811484302001142,0.42916828233373827
113,0.3803432798332814,0.4293109994903657
114,0.3793067298458264,0.4282323984360436
115,0.3781412490050526,0.4273149527529484
116,0.3769114886143411,0.4267339445678477
117,0.375852802399121,0.42632582710958833
118,0.37448711543120156,0.4251806483040716
119,0.37334738696532394,0.42402075546885276
120,0.3718968050292428,0.4228019827551681
121,0.37078286273402894,0.422345560580249
122,0.3696210656319214,0.4220217557736146
123,0.3685581549457537,0.4215210861829516
124,0.3673416762917013,0.4207344484726372
125,0.3664691371643134,0.4207257448094807
126,0.3651693519431755,0.42008832238375277
127,0.3641733906725844,0.4194879734990799
128,0.3632628988982039,0.41867345002376705
129,0.3620104277516784,0.41795573150340315
130,0.36114049089839423,0.4175767542400993
131,0.36023415600342606,0.4167555234040084
132,0.35942434182066724,0.41661974131910523
133,0.3580811966297238,0.4157260528694774
134,0.35683095600385867,0.414584521654961
135,0.3559609177632717,0.41466930677971275
136,0.3551348140205392,0.41426094108060585
137,0.3542691354339701,0.41368748796563287
138,0.3533710805020591,0.4127808439484978
139,0.3524831643004222,0.41233881721751764
140,0.3513583059722799,0.4116580899142117
141,0.35023141989808276,0.410677868352912
142,0.3495700367265365,0.41053159908138664
143,0.3486672841829319,0.4099130792140326
144,0.34757405869324476,0.4092397652362843
145,0.3463918151517511,0.40789287569443344
146,0.34539598906423036,0.40748846530879834
147,0.34454950647364685,0.40737646842781833
148,0.34368426723205636,0.4069262197322108
149,0.3425902982354824,0.40614425136991533
150,0.3418106298774052,0.4058803357841156
151,0.34101261041753184,0.40586574669741377
152,0.3402384169738026,0.4058260024827759
153,0.339385580778914,0.40508765836171984
154,0.3385625524510313,0.4049380627144135
155,0.337830231963334,0.40481513320749707
156,0.33680936321203625,0.4039911327105521
157,0.3359915394323609,0.40347508007510835
158,0.33508537351623063,0.40343931974456027
159,0.3341870820139466,0.40342375894049043
160,0.33348264303450303,0.4032627090323238
161,0.33265768834786824,0.4030154821437889
162,0.33185098337572677,0.40281031970058856
163,0.33098189141663203,0.40244113099580797
164,0.33023926321982283,0.40228657049695354
165,0.32950474600723284,0.4020840330587486
166,0.3286058461811323,0.4012715398455002
167,0.3274134639093646,0.4011745757178453
168,0.3265968905730897,0.4010356989198563
169,0.32561745543284537,0.4006821851307744
170,0.325066314055146,0.40059102979026323
171,0.32459635011117455,0.4000246516439382
172,0.3239274980749931,0.39943135886964704
173,0.3231541157296858,0.3990816837736719
174,0.3223654576974322,0.3987326385679836
175,0.3215607804713455,0.3985247504025338
176,0.32094779283897423,0.3983922044303634
177,0.3200417959016819,0.39792960020380513
178,0.31933705276033014,0.39752051468497235
179,0.31843115721034054,0.39746698736784725
180,0.31777362675629844,0.3969892499328143
181,0.3170973734470169,0.3972101919485562
182,0.3163755634430371,0.39678382322773875
183,0.3156788298986019,0.39633925514376217
184,0.3149642521888843,0.39584334968239127
185,0.31407566007189575,0.3957612991692319
186,0.3134077881129741,0.3957733063957562
187,0.3125606971985742,0.39467579176937884
188,0.31186470716102577,0.3945366705499968
189,0.31090892905808765,0.3945420622311778
190,0.31011371464692344,0.3943273910413137
191,0.3095053232389431,0.3941685430033688
192,0.3088075420257129,0.39406898603262386
193,0.3082005024484358,0.3935706442005617
194,0.30742833675076137,0.3933326295349824
195,0.30686563722054955,0.39254826248154867
196,0.30610928794210274,0.3923285054229922
197,0.30546885814645625,0.3923795188167735
198,0.30493231654035163,0.39222697377645005
199,0.30419381142718716,0.391960265468485
200,0.3035705160857039,0.3919027863754216
201,0.3029266053259967,0.39167928532069607
202,0.3022229436492075,0.3920688836226904
203,0.3017120530306963,0.39205317933026085
204,0.3010148125497474,0.3917074584886733
205,0.30027654400695597,0.3911030334369686
206,0.2996715997672688,0.3911789292163513
207,0.29909936983059937,0.39099188320522194
208,0.29827218462330424,0.39100822386546624
209,0.2974725429665871,0.3912792322340016
210,0.29671926910299,0.3911461019769479
211,0.29590918455409054,0.39096351158383047
212,0.2952493897836206,0.39118442724455554
213,0.2945996999476571,0.39092125059390215
214,0.2939417639444041,0.39037156301593684
215,0.29329967815614616,0.39029592921109146
216,0.29268249984859496,0.39003518000670895
217,0.29204592277045266,0.38988428864357494
218,0.2915360122292013,0.38996008464199944
219,0.29107003618580424,0.38975107463687364
220,0.29038790241296375,0.38934120652604265
221,0.28971360925820183,0.38913529783359596
222,0.28922049521343784,0.38928768798825747
223,0.28870115565303156,0.3891057652713801
224,0.2880566703652755,0.38901194422075547
225,0.28746470370033916,0.3886414865237884
226,0.2869147789702727,0.3882524836975771
227,0.2861554556642788,0.3875311381345224
228,0.28543303733648256,0.3871725335533073
229,0.28491234594537307,0.38722279170318413
230,0.28445343321740035,0.3870412920007682
231,0.283943117126938,0.3869607067572473
232,0.2833325289940649,0.38696898080315045
233,0.2826692194637666,0.38665955737998964
234,0.28211447883681995,0.3864294159668415
235,0.2816359138699993,0.3863491945585109
236,0.2810300233488199,0.38620071857112886
237,0.28039348006644516,0.38614191080104554
238,0.2797626820645591,0.3853855542981184
239,0.27925770570537445,0.3851007620452345
240,0.27872523648926323,0.3846992277246723
241,0.27808472220419783,0.3843342834504843
242,0.2774954592006679,0.3843404755431093
243,0.2766842762893221,0.38373470125636794
244,0.2759512629883894,0.3834253545811672
245,0.27556881318456705,0.38324990893420063
246,0.27505236316228887,0.3833029163197415
247,0.2745913213009586,0.38312697466708406
248,0.2740604235880399,0.38297706340820237
249,0.2735582184817968,0.38320102778874443
250,0.27295976302948505,0.3828806590934433
251,0.2724944966972072,0.38283676462442884
252,0.27197637378443384,0.38310621627509533
253,0.2712823776971726,0.3826124232824028
254,0.27093887751548656,0.38254997759812454
255,0.2704044819406233,0.3822518415612959
256,0.2698742770409399,0.382301509207108
257,0.269337836822138,0.38202583961846553
258,0.2688408193662185,0.3818767897673769
259,0.26827482474866765,0.38155901188837876
260,0.267582873305345,0.38168571291927633
261,0.26702005548994673,0.3819582688164741
262,0.26649001956910123,0.38211724594501756
263,0.26607651145487266,0.3817632970183922
264,0.2655300507909832,0.3813728791251836
265,0.26491564373637355,0.3814881116889317
266,0.264395121324102,0.38114965291521014
267,0.2637997919802914,0.38089392029524516
268,0.2632480253808918,0.38087281562679487
269,0.262657866789521,0.380797615732759
270,0.26213222431846106,0.3806642486972183
271,0.2614893105338974,0.3800661616145346
272,0.26103370979114754,0.3798117507847689
273,0.26058936303900193,0.3796922715255777
274,0.26001571368009413,0.3792052817365589
275,0.2596527809320494,0.37923066405041667
276,0.2590906897256541,0.37862587252477914
277,0.2586411046295335,0.3786317349740852
278,0.2581939359307949,0.378996900336745
279,0.2577366116038985,0.3793523880865318
280,0.25735316482493253,0.37952294254440394
281,0.25689998047956464,0.3794039238631412
282,0.25641785005926426,0.3789750990618768
283,0.25577821446415594,0.37918860059541143
284,0.25550729069334854,0.37928124365909077
285,0.2550472289092781,0.37898231158535695
286,0.2547264732791736,0.3794444289965889
287,0.2541526380435441,0.3786081669626227
288,0.2536869830599391,0.37869158108894785
289,0.25296679525280313,0.378207349493508
290,0.2525021372443418,0.3785495012129872
291,0.2521813140227021,0.37852026483255263
292,0.25172091428095583,0.37854348302156604
293,0.2513415229940995,0.3783441396036053
294,0.25082194686332016,0.3784126093252399
295,0.25016379118757787,0.37830941013593283
296,0.24960168308329872,0.37815832963312435
297,0.24899984805422895,0.37815008286067375
298,0.24854634264906908,0.3777626932068311
299,0.24795092881583955,0.3779065853263959
300,0.24753519018095066,0.37823069398548664
301,0.2469447950192068,0.3780127388772672
302,0.24646797053441652,0.37768796455221587
303,0.24589198926754569,0.37785648951501877
304,0.24552783987186808,0.37756826773701324
305,0.24477010496695045,0.3769337843295484
306,0.2443160081358579,0.3768879624561943
307,0.24374622839233803,0.3767085616594539
308,0.24320730418461897,0.3763641843638707
309,0.24262750399601155,0.37647488284822483
310,0.24224853515625,0.376453886840329
311,0.24189226017441862,0.3764558965855829
312,0.24155021321073852,0.3762367837847634
313,0.24118292080867595,0.37592538508587203
314,0.24041861262696393,0.37651312084070143
315,0.2398786407504499,0.375774826185429
316,0.2394110932038604,0.3754320432998449
317,0.23888298364176702,0.37550698391429455
318,0.23847442660748894,0.3753633945847247
319,0.23801331715462348,0.37499262559182717
320,0.23737714562569215,0.37488547565490943
321,0.23695422539019242,0.37456470088209753
322,0.23653422848858838,0.37455667488115996
323,0.23617499637709372,0.37462266192546545
324,0.23575883529511005,0.3743728444698447
325,0.23547099674262872,0.3740722798231679
326,0.2350821933345013,0.37397323756730777
327,0.2346212021668224,0.3736941803632716
328,0.2341449184143134,0.37356731296397405
329,0.23363357155293984,0.373580549782538
330,0.2332564952761628,0.37363779192093516
331,0.232760305816549,0.37369067364913366
332,0.23217891722686532,0.3735350936327993
333,0.23187543123399432,0.3737171621096562
334,0.23151922384369808,0.373248811502612
335,0.23105794541199473,0.37316138216434536
336,0.23080839746418189,0.3731784079130344
337,0.23042018548198712,0.37308981713516515
338,0.22993396577380953,0.37286705192919545
339,0.2295705429871349,0.3729043362709163
340,0.22914476700927464,0.3730605657851336
341,0.22884432263548588,0.37325138189887197
342,0.22837155364280523,0.3724520108857984
343,0.22790997104919367,0.3721707528561098
344,0.22732641953038482,0.3718348274390991
345,0.22690066045040835,0.3720483509829068
346,0.22650614555755988,0.37152584919742415
347,0.22614140473594962,0.37177846006961435
348,0.22585206227181098,0.3719833484715176
349,0.22542361642831188,0.37221411496103196
350,0.22497700535973839,0.37168778183628026
351,0.22452393929955702,0.3717169682910385
352,0.22405230246509034,0.3715645729904931
353,0.2238061678898031,0.37145743202613535
354,0.22343074760563747,0.371755019319964
355,0.22301752675543327,0.3721217203790872
356,0.2226944730131333,0.37215003031914234
357,0.22226761557071048,0.3720543673847681
358,0.22179280193409123,0.371737144863951
359,0.22141589463615205,0.3714422814998933
360,0.2210931619536441,0.37141598735502196
361,0.22075631953817137,0.3714083095722252
362,0.22044276240656147,0.3713821546512345
363,0.22012656920508028,0.37152791682550346
364,0.21979418783092816,0.37114604099374005
365,0.21948333436072467,0.37091222889901704
366,0.21914478525898914,0.37113021917437683
367,0.2188526715419089,0.3708544280507327
368,0.21860430644596138,0.370499465794552
369,0.2181972533233406,0.3707429164241701
370,0.217845743544738,0.3710324288287943
371,0.2174721820277893,0.37123715207022734
372,0.21685393915355933,0.3708793021806829
373,0.21647983690432931,0.37117582577268277
374,0.215976364456802,0.37113944752191774
375,0.21561753789451826,0.3712557321533714
376,0.21536826031284606,0.3711096945194724
377,0.2148834938226744,0.370943191710549
378,0.21437745289681098,0.37109144069777017
379,0.21407814068123615,0.3711489021106316
380,0.21358495904493702,0.3709486460265433
381,0.21314510712987958,0.37133663254534766
382,0.21288672158884447,0.37139336862983197
383,0.21251288970575513,0.37113069185253195
384,0.21211193671918258,0.3712106068525616
385,0.21189613384529865,0.3710984203898468
386,0.2115791971369307,0.37107627503781115
387,0.21120759577450166,0.370813366926195
388,0.21073144720506298,0.37028836601833975
389,0.21036685846440684,0.37042855687346843
390,0.20997607800387597,0.3700170518243485
391,0.20971257240405247,0.36986017087538936
392,0.20939117465436394,0.36991159794817025
393,0.2091534214294366,0.3699618860521819
394,0.20878175247547237,0.36981325244991664
395,0.20837939696454527,0.3693290912050512
396,0.20805587008149917,0.36954919844476913
397,0.20773362743762114,0.36956499294190664
398,0.20747508981563192,0.3699784290154136
399,0.2070447683070321,0.37008114486905486
400,0.20669182220830737,0.3700618685082474
401,0.2062623117981295,0.36976043731189845
402,0.2059358784790715,0.36977119916319245
403,0.2056121995150713,0.36994917777654923
404,0.20529059899077726,0.3699416439285279
405,0.20494916035091362,0.37013928753346365
406,0.20467051424721414,0.37004025844516375
407,0.2041643212403966,0.36963322721275016
408,0.20386448519042427,0.3695418950667799
409,0.20372227260044642,0.36957587771916994
410,0.20332659175361642,0.3692103510886262
411,0.20292705818928225,0.36884285689520435
412,0.2025436452060839,0.3693152399959461
413,0.2022679393341639,0.36981115851739527
414,0.20178810702605898,0.3698005410626439
415,0.20140956063339216,0.3699753414119435
416,0.201097473617672,0.37037400314149405
417,0.20079594777932067,0.3705657905510726
418,0.20061201431426495,0.37059987858841037
419,0.20042926370107456,0.3704140323597259
420,0.20005656397619911,0.3702536155377224
421,0.1996024164514552,0.37030611327636265
422,0.1993220974572605,0.3699627308168081
423,0.19903983520642995,0.3699455881417752
424,0.19873550431936945,0.3699412814364556
425,0.1984030215579146,0.3699844514824238
426,0.1981338382691376,0.36992853805140014
427,0.19784603351242386,0.3698177276081319
428,0.1974352121617179,0.36952552835306934
429,0.19713007017623546,0.36978545767391474
430,0.19669956279091397,0.36948892493503066
431,0.1964210518702848,0.36989232553178003
432,0.1960821310151059,0.36947114860416513
433,0.195860768737455,0.36948422754097326
434,0.19545848081806305,0.3694197374293584
435,0.19522152179367386,0.3696931669466228
436,0.19494824921701967,0.3696639584089652
437,0.1946284398684074,0.3699948770492883
438,0.19433154405021455,0.3700290815852076
439,0.193968678893705,0.37002494646192263
440,0.1936036846038379,0.3699386598413924
441,0.19324996120245883,0.3695137428903488
442,0.19299904452605898,0.36961010770722735
443,0.1927024190740068,0.3698473136291379
444,0.19244790314835963,0.36997562514659
445,0.1921728056002561,0.37017724949697867
446,0.19197896997529934,0.37005957233374265
447,0.19172710701740725,0.36994536943342776
448,0.19150162165611156,0.36985249481607774
449,0.19125851180202277,0.3697234068912641
450,0.19090793140702866,0.37012497594144855
451,0.1904752948883496,0.36982440280425205
452,0.19021995096639674,0.369770416703487
453,0.18987193904973873,0.36957989295347743
454,0.1896377512782911,0.3692867683901392
455,0.18917305947406216,0.36923122141189674
456,0.18884243547982418,0.36910087502619765
457,0.1885461817812154,0.3690030875222578
458,0.18822397293310492,0.36891390660931594
459,0.18787111132379913,0.36901201735923234
460,0.18748823907288206,0.3690512734825997
461,0.18721628453116348,0.3693273049330671
