0,0.6682273552135244,0.6686247777808971
1,0.6465634570961378,0.6494514124715305
2,0.6312657353093853,0.6363636353073072
3,0.6169068599460132,0.6227130767919042
4,0.6015085619549418,0.6104767673491737
5,0.5893202535601814,0.5993915883295597
6,0.5813142389950167,0.5925817920507617
7,0.5708137588247508,0.581984731919018
8,0.5640801549089839,0.5777738580590196
9,0.5571462772745363,0.5709319706999645
10,0.5512784533326412,0.5659147450169806
11,0.5450890626622197,0.5613091039136986
12,0.5406939568841708,0.5579775989451622
13,0.5371350935791286,0.554805114088703
14,0.5327025082948332,0.5496556318743777
15,0.5301497787864238,0.548361354611843
16,0.5269175177792774,0.5455709294637081
17,0.5221136183965773,0.5418839810120882
18,0.5171498650332226,0.5388986845848325
19,0.5154493296001177,0.538212983744086
20,0.5115542659991867,0.5373443828502353
21,0.5088598308373131,0.5346918976687431
22,0.5068796692232489,0.5331551573549351
23,0.5041411981762182,0.5308139238721126
24,0.5019266291182171,0.5292775088365121
25,0.4991398301235465,0.5274266607230306
26,0.49496551209509965,0.5242037791897798
27,0.49294053729322396,0.5216479129986196
28,0.49115706704647705,0.5195834191046647
29,0.4895145251505399,0.5187011488898262
30,0.4865113318560527,0.5165400302341316
31,0.48370983170248477,0.5150609556677145
32,0.48187793212079527,0.5142008167285427
33,0.47967765867248063,0.5129155295703149
34,0.47786319770686253,0.5103843438871841
35,0.47564227504455636,0.5090848048799493
36,0.4733764716029035,0.5077612701078275
37,0.47013278762631505,0.5047785269173088
38,0.46845590923051633,0.5041782383231737
39,0.4669177624606347,0.50330998649487
40,0.4655885411259344,0.5025406531505772
41,0.46335207241054127,0.5015361305133446
42,0.4615153400340878,0.49927411413258077
43,0.4600442102713178,0.4977957479033103
44,0.4570389216392407,0.49637035466598217
45,0.45562892842002356,0.4953798410542776
46,0.4540343765140504,0.49419477231742126
47,0.4525288088641161,0.4940328707835914
48,0.45069204269189506,0.4925295427552571
49,0.4495688065605966,0.49112124318945255
50,0.4479885840600775,0.4904883750342424
51,0.4467456433200097,0.4899467371416085
52,0.445444235902028,0.4885248226493836
53,0.44450302377491696,0.4873746172337627
54,0.4425946443711932,0.4870760268717786
55,0.4416887826169712,0.48638981063448516
56,0.4400610432672342,0.48491548325963074
57,0.4385757868736157,0.48441249482227455
58,0.43705142877690684,0.48326354891224
59,0.4361827085712555,0.4825925328883438
60,0.43450819587918743,0.4816336836520457
61,0.4331519041346553,0.4805136015871405
62,0.43242123963956947,0.48041834225875274
63,0.43104068253391475,0.47996857142901456
64,0.43013965357445666,0.47922953323738665
65,0.42891215750017303,0.47891168368668696
66,0.42788929479858806,0.478315918773244
67,0.4268080330106243,0.47804908897597226
68,0.42561179802135246,0.47716302247173303
69,0.42416375076783985,0.47599644736913205
70,0.42276676891914106,0.4759412763460156
71,0.4214747229287791,0.47484205911229826
72,0.4201848736633098,0.47382063407985564
73,0.41897356576169714,0.47283881646404774
74,0.4172825607350498,0.4712876228832373
75,0.41557614483838595,0.46985230724006793
76,0.41394140976475985,0.469432981233507
77,0.4128854948024813,0.4692268775322439
78,0.4113580950866902,0.46881164260979424
79,0.40976868013738926,0.4684296312064084
80,0.4082840658633548,0.467025082746037
81,0.4070147306288068,0.4659111337463888
82,0.40570859180336377,0.46490315439230767
83,0.40423043252093716,0.463931819050887
84,0.4031059797420058,0.46356368179973256
85,0.40187838228041944,0.4633768769173564
86,0.40109722690856864,0.4624214574738057
87,0.39963224797549834,0.46185730488443566
88,0.39796435925387597,0.46077798393689207
89,0.39705809195044295,0.4603489136836325
90,0.395772162994013,0.45962007418108086
91,0.394329624450616,0.458495643108141
92,0.39337219035506643,0.45792165411921065
93,0.3921757187954215,0.45769772011290427
94,0.39097617182092675,0.45698833566030156
95,0.38961474311972244,0.456171960801834
96,0.38861895082796927,0.4556192254160763
97,0.38706373719545956,0.4544433260753542
98,0.3860307019678329,0.4542563755345824
99,0.3850236894812431,0.4532567715478445
100,0.3839921750631575,0.4531227363405586
101,0.38269972352358456,0.4525688812897301
102,0.3815732429985984,0.4521626249819044
103,0.3803366220670681,0.45155685669610185
104,0.37945272756177323,0.4511915477951498
105,0.37801049318028446,0.45132778464759793
106,0.3767619761385659,0.4509497134692324
107,0.3756278577701066,0.4498690249228856
108,0.37455518010710825,0.4497746345211683
109,0.37332629840635384,0.4488022505662072
110,0.37228714614479513,0.44773189492839083
111,0.37127732860949614,0.4475221561811708
112,0.3700626411311254,0.44620563321964524
113,0.36884295187915284,0.4461400099594043
114,0.3670008121798865,0.4456358570189001
115,0.365963653868615,0.4448323351594626
116,0.3649568103608631,0.4441255484216188
117,0.3633769258180198,0.44342172298113386
118,0.36243990436608875,0.4427473366722181
119,0.3611546175292428,0.44211105612053264
120,0.3600705506925699,0.44135825724715644
121,0.35911213651976054,0.44093975514668693
122,0.357936888702156,0.4409005899550145
123,0.3565638342569041,0.440056205918347
124,0.3556365797818037,0.43911128845967445
125,0.35486650942171927,0.43856566034871086
126,0.3539101229949647,0.43796189380772377
127,0.35270290438122925,0.4373461616891931
128,0.3519282040009863,0.43690264252929273
129,0.3509786781150505,0.43646242753033876
130,0.34980711403611225,0.4359544713209327
131,0.34856272007803846,0.43554679248837164
132,0.34744773011402963,0.4344552579712798
133,0.34647846749982697,0.4342209630145985
134,0.34574009756973284,0.4338270198924699
135,0.3449533996919989,0.43346018202558717
136,0.3441563603093854,0.43338925101398246
137,0.3430940241512666,0.43256027807476577
138,0.3422581872274709,0.4323540728108746
139,0.3411945668301841,0.4317551881245276
140,0.3402199306889362,0.4314366492206375
141,0.3392536421022806,0.43108917914946376
142,0.3385990180842504,0.43104122805544864
143,0.33789620130165077,0.43045293913784966
144,0.33709655964493357,0.42986457629238434
145,0.33620141114903446,0.4296855012517469
146,0.33548565058745156,0.42887508818363007
147,0.3345996945403343,0.4283354405740354
148,0.3335548307940545,0.42825217241021507
149,0.33250520184454596,0.42830940951323154
150,0.3315589203522979,0.42743680847970866
151,0.3308602942448782,0.4268015730639554
152,0.330009114042601,0.4266602867965502
153,0.32931285363891194,0.42618404468773374
154,0.3283501474036199,0.42577285637255946
155,0.3276018753136247,0.4256950418831191
156,0.32682717493338176,0.4252808000586478
157,0.3261809660614791,0.4248212681352418
158,0.3253644603167393,0.42492676424218095
159,0.3244011119618632,0.4247182714953216
160,0.3235937310743702,0.42433128029767564
161,0.3227000020007094,0.4238094018880446
162,0.3216591599507717,0.42336190170731786
163,0.3209226487878945,0.42307398318579037
164,0.31994672840747856,0.42266394252995076
165,0.3191450590047065,0.42223482153441333
166,0.3183415308347176,0.42153728324417916
167,0.31736219708177604,0.4215925110737758
168,0.3165854013639431,0.4213990753309483
169,0.3156899487061358,0.421461114887151
170,0.3149099423903827,0.421008522475858
171,0.3142408875795958,0.42128423548952626
172,0.3136665623053364,0.4213355731219066
173,0.31271838825010384,0.4210971540663392
174,0.3119579158880122,0.4210457143301894
175,0.31118368864851537,0.420624591893253
176,0.3103217951879153,0.4201119237870596
177,0.3097573720735569,0.4197473045294046
178,0.3090387050759621,0.41969392574744513
179,0.3080839746418189,0.4194836924977543
180,0.30726277128538554,0.41970068414368333
181,0.30639002938339216,0.41938712436510567
182,0.3058489253486642,0.419254961938409
183,0.3052634474711033,0.4189752318340736
184,0.30459138483700166,0.41901672149760505
185,0.30384375486659054,0.4192596152660536
186,0.30312883919919714,0.4184700813440791
187,0.30221300769353887,0.41811743284074443
188,0.30181921940969336,0.41804901288770246
189,0.3011943356671339,0.41733623746423293
190,0.30037262537418674,0.41731595088903134
191,0.29942350503746196,0.4171801038562082
192,0.29870368898376937,0.4169083688637283
193,0.29794264209362886,0.4159809438272411
194,0.29704201868338176,0.4156149281452622
195,0.29642598943192827,0.4150350047180038
196,0.29580597227990035,0.4149456948701381
197,0.29501146757985536,0.41474171280461253
198,0.2942441008811773,0.4146330930571933
199,0.2936869438568487,0.4150114727727763
200,0.2932309037691203,0.4149498268627933
201,0.2924017922030731,0.41475923500383827
202,0.2918516646984012,0.4146242112193148
203,0.29120859883288347,0.41433050834906265
204,0.2905918260745432,0.41407630226103365
205,0.2898254732488926,0.41397357279485303
206,0.28925838026889533,0.41399121384663196
207,0.28875516128962486,0.4136329056468653
208,0.2881595446817899,0.4136169839688309
209,0.28746936751626523,0.4132619134769376
210,0.28686949264171513,0.41265848922787585
211,0.2862669141057586,0.4124436791115499
212,0.28573888903308414,0.4126950780758533
213,0.28494330286847663,0.4125683368728405
214,0.28417063023428846,0.4116676686089536
215,0.2836134056184247,0.41128773379012185
216,0.2827444826381679,0.41107881001670243
217,0.28232597275033744,0.41095803851502927
218,0.28160549767917703,0.4104617229994648
219,0.28118460518973215,0.4104472143161493
220,0.2804364682828073,0.41012007011259816
221,0.27996336133245087,0.4101329584952375
222,0.27917284453298036,0.410321001346349
223,0.27849872035705636,0.4110248283290493
224,0.27779196636753356,0.410912396492377
225,0.27722590415844756,0.41096972321773517
226,0.2766116322869082,0.41069529972352303
227,0.275913851073678,0.4105872625643416
228,0.27530826471440684,0.4104636275698619
229,0.2747396847206361,0.4108425977226644
230,0.27403854082853163,0.41038047161600333
231,0.2734227819432188,0.4107636475238907
232,0.2729373902313469,0.4108165591085174
233,0.2722245699015435,0.41073889050454315
234,0.2715594353997958,0.41072315672847276
235,0.2709571779236313,0.4100795066115241
236,0.2704185578778205,0.40989617779730664
237,0.2698992521131818,0.4099127616455396
238,0.26931412909118047,0.41032278422939017
239,0.26864576709362886,0.41057686162189866
240,0.26807965419089147,0.41070034318157694
241,0.2674115794573643,0.4103442686392887
242,0.26665637923501523,0.40991716732926997
243,0.26617629345865346,0.409860681822109
244,0.2656447029324993,0.4096197324019155
245,0.26509207454102646,0.40931187230016775
246,0.26455127466820666,0.4094571686663946
247,0.2640360243956776,0.40971106575945077
248,0.2634988744657565,0.40986677405961025
249,0.262890415466241,0.41022316000334874
250,0.26234851723097485,0.409872161565254
251,0.26165125985214216,0.4096334124115979
252,0.2610491206611642,0.40939544175325665
253,0.26062942792146837,0.4093987575602484
254,0.2600497460180475,0.4094054681442911
255,0.25955244129810356,0.40901367727402227
256,0.25901456475917944,0.40879371062556963
257,0.25865590717573367,0.40870458229553647
258,0.2581498493519864,0.4084813920310793
259,0.2576739373529208,0.40881237988925834
260,0.25726531272710756,0.40891768801138445
261,0.25674914996885384,0.40852567613990626
262,0.25634826457381643,0.4082596204565188
263,0.2557083248167999,0.4080732784182082
264,0.25524721536393447,0.4078573484100417
265,0.254845772338732,0.40771087513856447
266,0.25424765484409606,0.40747283898989695
267,0.2539355171347245,0.4073452705873429
268,0.2533295083283586,0.4073886219262345
269,0.2527168079600118,0.40751507739896276
270,0.25220486967270556,0.40734480711684734
271,0.25174011027694143,0.40763474476116335
272,0.25140282851649015,0.40765979377482564
273,0.25094029964138637,0.407747586591929
274,0.250230774398922,0.40737810597957524
275,0.24977498777945045,0.406931052571639
276,0.2494402407015677,0.4068384480442796
277,0.24880951029121678,0.40692892464580566
278,0.24827526679730758,0.4070555551202076
279,0.24785236345969167,0.40699075238044563
280,0.2472549725740587,0.40701558707311264
281,0.24683958879472936,0.4067953082083286
282,0.24624682792925492,0.40656061900042123
283,0.2458252257286908,0.4061246230873221
284,0.2452651622683503,0.4059357811378975
285,0.24483151187664381,0.40523783441766664
286,0.24427847793596,0.40466814228560977
287,0.24372328106615102,0.4047913000422395
288,0.24328511893947258,0.40407454832204065
289,0.24272620453522978,0.4038184240797037
290,0.2422173416627734,0.4040507773085004
291,0.24179889936647805,0.404170149110276
292,0.24131153060220273,0.4044853555139151
293,0.24070749884824025,0.40456593207188135
294,0.2401793723882631,0.40456221729707836
295,0.23957042335011766,0.40400134407506094
296,0.23897085263747578,0.40398255396707783
297,0.23853872305531043,0.4041914441876866
298,0.23814018646611987,0.40403974516840063
299,0.23773392754403724,0.40393288338212685
300,0.23719998821203628,0.40381198749041874
301,0.23675925760702174,0.4034818448778164
302,0.23630167981186842,0.4034092666221199
303,0.23575180577545335,0.40306645428125093
304,0.23535551660480689,0.403184566199413
305,0.23443458193824404,0.402815732464239
306,0.23394680762475775,0.40293184416134803
307,0.23349468784606867,0.402761023104552
308,0.23312129530795786,0.40247439069230134
309,0.23272503993307897,0.402787037491002
310,0.23210956831179055,0.4025671093616239
311,0.23170256588282115,0.4025719280877053
312,0.23120051285753218,0.40207971980177787
313,0.23062143927792775,0.40209783414121386
314,0.2301488223662012,0.4021153428572477
315,0.22977965429903793,0.401891188263057
316,0.2292043151517511,0.401704570194251
317,0.22870505027728752,0.4018491679790795
318,0.22832641939520176,0.4021034987477182
319,0.2279985666539054,0.4019125782513241
320,0.2275628885161441,0.40190870694466524
321,0.2273456831179056,0.4017767047115798
322,0.2269805198492006,0.4016391105974067
323,0.2266271006097297,0.40148733260736635
324,0.22613689300097764,0.40150805795981526
325,0.22553967109418258,0.4012008701960921
326,0.22515622431521665,0.40046209065859484
327,0.2246908227998685,0.40057491823847746
328,0.2242696937400505,0.40062874531704956
329,0.22400152432430095,0.4007602974372311
330,0.22359073676936253,0.4003249044386405
331,0.22336437271810977,0.4002080130048657
332,0.2229358930788431,0.40051557215791267
333,0.22257176058104927,0.4009830226772674
334,0.22206014335353508,0.4008480989545899
335,0.2216138871405212,0.40100842054972685
336,0.22121698964605827,0.400982032536667
337,0.22074587664598908,0.40078416734051864
338,0.22011173286311253,0.4007242317289532
339,0.21969526761922065,0.3999160770838095
340,0.21918557675045855,0.3994097677555729
341,0.21884851466249655,0.3995693743777916
342,0.21840065315052257,0.39953790062281686
343,0.21799547569300248,0.3994219991424382
344,0.21768327039209578,0.399246588392318
345,0.21739874382483734,0.3993230580605072
346,0.21701445215168189,0.39935243694681083
347,0.2167570804836742,0.3995086526059931
348,0.21636711112156526,0.39949797831353134
349,0.21599709816021248,0.39929777995393334
350,0.2155825254793051,0.39904991890049707
351,0.21523796073094026,0.3990167327377765
352,0.2148888504518359,0.39894217919082536
353,0.21452764128793778,0.3990222885083639
354,0.21417280262622854,0.39882426112326536
355,0.21388425436262803,0.39886081346318475
356,0.21361385442621816,0.3990038278769437
357,0.21333326506588282,0.3988026928909231
358,0.21301333743208403,0.3987292966417812
359,0.21261863666251385,0.39830696117570125
360,0.21219602058892234,0.39827308332183553
361,0.21191962190376695,0.39838564414079697
362,0.21148296368874583,0.39803910848050894
363,0.21105135794097798,0.39799400853328265
364,0.21063310152140435,0.39801808280517187
365,0.2102875566957797,0.39793128681865664
366,0.20994164011671165,0.39806922884281204
367,0.20946753619121158,0.39778991980889283
368,0.20914684815264223,0.3980672448142776
369,0.20887338969926633,0.3981342628624059
370,0.20853987616690026,0.3979480582252387
371,0.20813909215916562,0.39813196920311206
372,0.20775055911717885,0.39763394302207483
373,0.20743502493316548,0.3975277043271931
374,0.20707045309039313,0.39751269623381535
375,0.2067480414676772,0.397071243398697
376,0.2064220981872491,0.3969703028542439
377,0.2061247968198453,0.3971390413108738
378,0.20579467976212104,0.39743933005082993
379,0.20544153088879083,0.3970689210006042
380,0.20513861942396872,0.3971370007973898
381,0.2047724422822363,0.3971101970107537
382,0.20440036777906112,0.3969362602605371
383,0.20405181513012183,0.3966537876556015
384,0.20351277263721623,0.39671281038416106
385,0.20318083060804262,0.3966127747601079
386,0.20278241230403862,0.3962263219924885
387,0.2024572125304973,0.3960993774748437
388,0.20213579788292496,0.39593727712805915
389,0.20181176406336518,0.395771144224697
390,0.201458851760408,0.3957747034706559
391,0.2010241030062552,0.3958014504096257
392,0.20076080018103717,0.39564593246258584
393,0.20028382361529276,0.39512282988124575
394,0.19987979521387042,0.3950941928195266
395,0.19946420865993564,0.3952091055888914
396,0.1992155056063123,0.39528039522622477
397,0.198917680404511,0.3949426268864405
398,0.19860302491045473,0.3950241288435078
399,0.19833901237411752,0.3950906648310931
400,0.19798354849070807,0.39517134151529276
401,0.19772112435544711,0.3953415175109188
402,0.19743203535956533,0.3952490294083368
403,0.19707674045499377,0.39527819150192306
404,0.19668484473413275,0.39507344953471873
405,0.19630013061388255,0.394947908913281
406,0.19596240950845273,0.39488139811676387
407,0.19565238403455495,0.3947558413012654
408,0.19550456134715877,0.3946922383806706
409,0.19517951365457156,0.3943534123180636
410,0.1947628287381904,0.3945640202499405
411,0.19451549441315408,0.394512594861628
412,0.19417583005108838,0.39457968566434826
413,0.1938790018244307,0.39444701808486676
414,0.19350824535619116,0.3946734203769544
415,0.19311846187080392,0.3944284338590133
416,0.19285963698479028,0.3943646120055273
417,0.19254178779069767,0.39388481651447416
418,0.1922203055515902,0.3938971858085932
419,0.19197864891550734,0.3938879043019844
420,0.19162374266226295,0.3941581323804211
421,0.1913357858245951,0.39406299543431317
422,0.19108725174980967,0.39403339493738165
423,0.19084980268679055,0.39408512205631796
424,0.19056149099356312,0.3940846960837634
425,0.19033475518886697,0.39409960143790695
426,0.1900818276642961,0.3941485316078689
427,0.1897853711910818,0.3943340667930132
428,0.18949672154017858,0.39445684918883717
429,0.18908272338732005,0.39422817203077676
430,0.1888568155789296,0.3942352790240924
431,0.18850701248658983,0.39360695595973383
432,0.18826547413569353,0.3936098516748994
433,0.18798111654727298,0.39386802057973014
434,0.1877324810851848,0.39378912631360935
435,0.18735234629144173,0.39373371365753546
436,0.18691462350974183,0.3936239262734115
437,0.1866045473421927,0.39356180082565434
438,0.1862431016079215,0.3933637004870772
439,0.18592334295296062,0.3935227306290222
440,0.18568513348517096,0.3935584999145369
441,0.18535991681374583,0.3937310513763575
442,0.1851280102566099,0.3936544819857813
443,0.18484348368935147,0.39354930029309315
444,0.18461664649735257,0.3934315783403067
445,0.1843296190432932,0.3935277528112624
446,0.18402909018008548,0.39325772722297714
447,0.18376044762358976,0.39344700764972956
448,0.1835205314695373,0.3935416325994761
449,0.18320942453107697,0.39361452600176555
450,0.18291203867425423,0.3937988287163869
451,0.18268552254204734,0.39405131655553777
452,0.18250843271992664,0.39401760574264744
453,0.1822063999450616,0.3938897433160403
454,0.18192940983397357,0.3937287755915103
455,0.1817404239016646,0.39372952968961306
456,0.18147543128806756,0.39392226582482825
457,0.18113076515239998,0.3940903923115916
458,0.18097961358189715,0.39423342780318704
459,0.18073097811980898,0.39431102988914085
460,0.1805836454710427,0.3942500824296526
461,0.18025797255675527,0.3945198986124002
462,0.18004115580984392,0.3944085772757564
463,0.17974012001012252,0.3942387046963359
464,0.1795152091768757,0.39420661057657097
465,0.1792434405118788,0.394261743755013
466,0.1789250674833887,0.3940717939112812
467,0.17873009970021803,0.39419192343088627
468,0.17846392423475568,0.39424806240514804
469,0.1783330670226848,0.3940796476965795
470,0.1781281632838455,0.39402877250231594
471,0.1779279740545837,0.3940621930453608
472,0.1777091633573851,0.39429157472088894
473,0.1775174906615535,0.39451190785451085
474,0.177275242599538,0.3948118963042901
475,0.17698157427714908,0.3948305263125655
476,0.17667247818685977,0.3950322532705606
477,0.17643908461595031,0.3953708472216403
478,0.17623512715860326,0.3956104122733537
479,0.17596067173008376,0.39561074606537755
480,0.1756629479155852,0.39559371505141744
481,0.1754134844571913,0.39543957616588765
482,0.17492974873793085,0.39494559620751474
483,0.17468488150392789,0.3951551195219009
484,0.1744610859310112,0.3944288693050589
485,0.17430021807732904,0.39434428572531655
486,0.1739788372255243,0.39417301509104874
487,0.17367126194477608,0.3941126347850611
488,0.173447500167627,0.3938354841128359
489,0.17317331510524814,0.39383079145327904
490,0.17293028974057828,0.39383579472722063
491,0.17271394613441307,0.39333705789664924
492,0.1724138397183001,0.39352441341836936
493,0.17221630345679334,0.393531087946149
494,0.17197376813075338,0.39355740497224984
495,0.1717045848419764,0.39370244731946036
496,0.17144153548501523,0.3938244123450774
