0,0.6702672677446705,0.6724095492189822
1,0.6501249902668189,0.653840603908568
2,0.6358704762337348,0.6397308118626084
3,0.6179120812569213,0.6248654981029808
4,0.6055602689386074,0.6155102245931416
5,0.5955129224200582,0.6061066428018397
6,0.5859051912461932,0.5983619624265272
7,0.5759713309151786,0.5907912130319649
8,0.56700822021214,0.5820783345646091
9,0.5613358371941618,0.5764236930196721
10,0.5544620822302395,0.5718045876228025
11,0.54835772171105,0.5662979540823188
12,0.5434408092815615,0.5623737787504522
13,0.5374918754974737,0.5578991925849246
14,0.532664994992819,0.5548277856480306
15,0.52825927734375,0.5527971166887092
16,0.524695885405852,0.5507605291695886
17,0.521721993041857,0.5488387408589424
18,0.5175039432901613,0.5444664306154279
19,0.5135827893566584,0.5418849848726403
20,0.5088008910186531,0.5366994500971808
21,0.5064849346579111,0.535533657653699
22,0.5039627227276267,0.5339221576690857
23,0.5003143006384967,0.5315085858121715
24,0.49760340693781147,0.529702286540835
25,0.4946220457091812,0.5264568233355732
26,0.4921735423479893,0.5247531447640362
27,0.4898584308814369,0.5238401401539051
28,0.4859960815835237,0.5204938560833937
29,0.48420328370492455,0.5202045941482445
30,0.48191896018263775,0.5189120690361892
31,0.4791791373049038,0.517930517714297
32,0.47772754149579527,0.516864529736627
33,0.47615248974771596,0.5169043868527204
34,0.474100883880987,0.5151928775546694
35,0.47163947053657945,0.5139134061468712
36,0.47023856837884137,0.5133570898630734
37,0.4686315120388635,0.5124403789396597
38,0.46678085580616696,0.5101430653241801
39,0.46364819092607973,0.5079638708902502
40,0.4616753629935804,0.5057292331422553
41,0.4605598660930579,0.5053231220591272
42,0.4592172278386282,0.5047184598733957
43,0.4572731601043397,0.5045497784836885
44,0.4554948944058001,0.5037871553079103
45,0.454427590269847,0.502990355409683
46,0.4525279639699266,0.5008757860686873
47,0.45119384224892717,0.5002077702274245
48,0.44900833755104513,0.4984260295656614
49,0.44790433121149986,0.49764655563063875
50,0.44648629459959854,0.4969940120042212
51,0.44508883961015366,0.4961901433274685
52,0.4439063932940545,0.4954193714099665
53,0.4427951884560147,0.49453583132894346
54,0.44139364417869253,0.4934781684377376
55,0.44017145403991903,0.4926450762680652
56,0.43872161561072465,0.4919287661554586
57,0.43716457700676564,0.49073485395899985
58,0.4357608022087832,0.4900584176791939
59,0.43416452671866346,0.48896345548485054
60,0.4328122566704734,0.4890240595017103
61,0.43134585831516475,0.4888243030599369
62,0.4296486010715151,0.4873280188866532
63,0.4283922096159503,0.4866957272186142
64,0.42703703313174834,0.48632109708134064
65,0.425710954803433,0.4857244475065473
66,0.42380419759655313,0.4853340891535138
67,0.4225765663391992,0.4851237056866928
68,0.42125484766490173,0.4843262289992343
69,0.4199028817786199,0.4832854872989775
70,0.4193193640555786,0.48278319314687335
71,0.4182815974204907,0.48171443656881907
72,0.41741287721483944,0.4815069422014789
73,0.4165088404320667,0.4809210632077285
74,0.4151543060674488,0.4805498396444478
75,0.41350936467201344,0.47956917646447855
76,0.4118933524536268,0.47883837326979656
77,0.4105864025297619,0.47837895280178744
78,0.4092158489713109,0.4777810953770685
79,0.40803945209760867,0.4773078768100817
80,0.4068051630740414,0.47646741154720224
81,0.4058028481991452,0.4761155453724758
82,0.40468086251124724,0.4758661974007768
83,0.403798286040888,0.4759044914749116
84,0.4021108295698367,0.47469635956494927
85,0.40089303288084854,0.47453271124736374
86,0.39945819977245983,0.4737587827288859
87,0.3980248536778447,0.4732779852484517
88,0.3969988817656423,0.4729762366552121
89,0.3957966311297411,0.472496437048408
90,0.3944290853946048,0.47165176850649293
91,0.3935356266870847,0.4711279946443444
92,0.3924568995816895,0.4706807734785814
93,0.39120375251981243,0.4705519373752354
94,0.3898605059415663,0.469877276600801
95,0.3885695076199993,0.46964662452374706
96,0.38719648697051495,0.4688412402045554
97,0.3856943664888739,0.4682180154291688
98,0.38462462905765504,0.46778257669362866
99,0.3832133515992698,0.4661158690490522
100,0.38205422436280106,0.46528759522559926
101,0.38045896274570873,0.4648195991535169
102,0.37911101855576895,0.4648945353792699
103,0.37771711212192,0.4643778991069939
104,0.3763548047307586,0.4635050435651068
105,0.37524610077951964,0.463244992069154
106,0.37364958871902687,0.4623449574157225
107,0.37238383583584234,0.4619941034676098
108,0.37119709745726054,0.4618343941476879
109,0.3699503715912237,0.4610845573150272
110,0.36875359586967055,0.46028911421000857
111,0.3674266388513981,0.45937802751310075
112,0.3663810653939992,0.4591690723440563
113,0.36482078239635246,0.4581412926902108
114,0.36381968416908916,0.45771169113517335
115,0.36259830512873753,0.457653553146729
116,0.36130676607488926,0.4574454576309987
117,0.3604232095272702,0.4574518884264087
118,0.35939497329863995,0.4570504203283605
119,0.3580864349736988,0.45688882183505813
120,0.3570844580564784,0.45634017400493215
121,0.35600802906327866,0.455602821217966
122,0.3549031440337763,0.45529543130712596
123,0.3536498617888289,0.4546810911602418
124,0.3526253768904001,0.4545802568349982
125,0.3515607426200858,0.45429279646503884
126,0.350577319579267,0.4531938442822514
127,0.3493477281673934,0.45240542944688233
128,0.3485400769137597,0.4525761317095469
129,0.34731430442362266,0.45218595107777915
130,0.3463318614600637,0.4523388249809924
131,0.34543951801287376,0.45218032992382223
132,0.34422479673873546,0.45189181680012547
133,0.3432794277322121,0.4515654672310107
134,0.3423969526491556,0.45090942962703995
135,0.34143343531544157,0.450365547875862
136,0.3405928669841847,0.45031410533367167
137,0.33945496348975635,0.4503939470202391
138,0.33849729282383373,0.45018939057988816
139,0.3376640243783742,0.45048074019047524
140,0.3367630630104513,0.45029589576177387
141,0.33578582459509965,0.4497589304032344
142,0.3346638051114341,0.4489595630331189
143,0.3335807859435562,0.4485410779222428
144,0.3323734321467504,0.44795168773989724
145,0.3316367182092677,0.44791298613321584
146,0.3308787805297446,0.44796432750904086
147,0.32977112424730065,0.44721466719753483
148,0.3289952410151924,0.44749024184990155
149,0.32824271065848215,0.44697823362763295
150,0.3273296504057655,0.4464989126037357
151,0.32640337600792496,0.44656875000592045
152,0.32569863286657325,0.44621603646362085
153,0.32453622744064925,0.4456372483634876
154,0.32381022676148946,0.4454680244851824
155,0.322802943908759,0.44537255097321166
156,0.3221137806162618,0.44550571108651754
157,0.32128020800889395,0.4453218059769324
158,0.3205564378503945,0.44520822368656593
159,0.31973891823262734,0.4448681879157607
160,0.3189746607445667,0.4444593002935547
161,0.3181558906833991,0.4440991025871523
162,0.31747328376981243,0.4442321568529898
163,0.31646241856571844,0.44333924578965483
164,0.3156383763648083,0.44332360424749895
165,0.3150043339692345,0.4431501701749839
166,0.3139775509586102,0.4426606845806399
167,0.3132694282405004,0.4423729202872526
168,0.31223706892822534,0.44158566412245714
169,0.3113513494514812,0.44120622512755464
170,0.3106649912076931,0.441352200457541
171,0.30977653427377494,0.44103898163652927
172,0.30921055655410784,0.44111000724525745
173,0.30838343893834785,0.44059315035155616
174,0.30765625540732283,0.4399645729939154
175,0.30679987065683834,0.4399163498976752
176,0.30610239360551633,0.43999548207220507
177,0.30527223437067413,0.4396755643566309
178,0.3044164241482385,0.4397622929119834
179,0.3037535201671512,0.439737719297373
180,0.3031851091522183,0.4395503208037889
181,0.3024646847747093,0.4391433302725719
182,0.3016530456205011,0.4391939822976137
183,0.3009810167821671,0.43962234235664155
184,0.3001007384240033,0.4388717663434924
185,0.2992116731662687,0.4384901263081699
186,0.2986659391113822,0.4383818475810947
187,0.2978533198799142,0.4386374280768507
188,0.29714218933848974,0.43873666084600343
189,0.2966207206447259,0.43873758211416575
190,0.2959045883296996,0.4384854463287247
191,0.29525195826195666,0.4382781874737757
192,0.29436100044123753,0.4379625397044992
193,0.29365960308087624,0.437657722820882
194,0.29291859708091084,0.43719493319078895
195,0.2922360239630918,0.4364975499552863
196,0.29141711871885384,0.4353491179266763
197,0.2908218400686946,0.43531337365113415
198,0.28995072036354513,0.4351144877853524
199,0.28928169934852577,0.43528894679571883
200,0.2885375165464078,0.43510407092972353
201,0.28777494884672616,0.43457740825275426
202,0.28711170690796306,0.4348554018403925
203,0.28645076308139533,0.43514739617366816
204,0.285908881744013,0.43497373213822177
205,0.28495557073210825,0.43353924192101684
206,0.2844320067007544,0.43351775497868245
207,0.28355953516490173,0.4328499990078528
208,0.2829329616339632,0.4330087580887255
209,0.2822119458305215,0.4327539143447947
210,0.281701241088732,0.43279492000096403
211,0.28061234145729513,0.43263681020959877
212,0.2799951462518601,0.43265088448122496
213,0.2793087880080721,0.4324657953507433
214,0.2786578646265919,0.4323703531421316
215,0.2777552810618252,0.4323476716758397
216,0.2770409737182482,0.4327500941997468
217,0.27632237431218853,0.4332115566478885
218,0.2756690514312102,0.4332867711824919
219,0.2751623007942276,0.43294743446203865
220,0.2745952754057655,0.43308910380507226
221,0.27391200947471106,0.43257399315600864
222,0.2732552056296719,0.4330620192211835
223,0.2727261666839701,0.43345668018342215
224,0.2722484973049903,0.4331614877719858
225,0.27160808440722767,0.4331985696832086
226,0.27104867996435494,0.43347347154092725
227,0.27041151146028,0.43371565690869157
228,0.2697415272658846,0.4331316335693694
229,0.26915549175815856,0.4325203342124315
230,0.26862214385209027,0.43207269324251446
231,0.26821821683797065,0.4318561608573889
232,0.2675642011437569,0.43134568511249705
233,0.2670073820771041,0.4309703732389183
234,0.26651347383180196,0.43093067530194384
235,0.26586067478522113,0.43074491123857045
236,0.2651694330530177,0.4307970342086225
237,0.2645929955432845,0.4303061633024613
238,0.26412392718715394,0.43024367598619867
239,0.26352964551213837,0.4303043795729965
240,0.2628857854460825,0.4300463473110284
241,0.26248282161133896,0.4297912065835137
242,0.2618766269282513,0.42949002741164727
243,0.2613374323543916,0.4296751994544581
244,0.2606903785882994,0.4297961038181778
245,0.26013310327878425,0.42951135637368476
246,0.2595602819161822,0.4295408079232237
247,0.25908609350126316,0.42930420227603144
248,0.2585641516667532,0.4290277396916968
249,0.2580526696223093,0.429217878432518
250,0.257360211242473,0.42941933985560427
251,0.2569321202545335,0.4295560005464884
252,0.25627313658248546,0.42949948797585163
253,0.25587093315251247,0.42962191835562885
254,0.25533780491893343,0.4294872053974653
255,0.2548192764569491,0.42965779341495514
256,0.2543517458082434,0.42919004977532044
257,0.2538806835018255,0.4291459801023954
258,0.25337569024475703,0.42916322948560365
259,0.252868010224166,0.4286512396653436
260,0.25234115110547306,0.4288545792331889
261,0.2519379675982402,0.42881297132189294
262,0.2513842746400886,0.4290132265697628
263,0.25085131538534744,0.4286207368539383
264,0.25019672516308483,0.4284144518123487
265,0.2496423731874654,0.4279390865392077
266,0.24914958020249342,0.42783502057536665
267,0.24862184239384344,0.427473556481727
268,0.24810632175517372,0.4272470431117457
269,0.2476328261534901,0.4270989862366382
270,0.24712796807949197,0.42744995301598293
271,0.2467222836854582,0.4273922281199944
272,0.24629618664780592,0.4273080765061256
273,0.2459548831910126,0.4272998692734541
274,0.24553169258937224,0.4271328964550504
275,0.244946400588533,0.4270935101170555
276,0.24429138791917565,0.42676974082056374
277,0.24390648792220376,0.4269749875140001
278,0.2433022871894034,0.4268306119929239
279,0.24273438311098422,0.4263453059512232
280,0.24223570966245328,0.42632514725183424
281,0.2417058765162133,0.42594499875455
282,0.2412780052007631,0.42604371574030164
283,0.24080557416575823,0.4260307871742877
284,0.24042939347682205,0.42593080083858226
285,0.23985420641048935,0.42538185289961766
286,0.2393699637547152,0.4254212612009453
287,0.23895072725788172,0.42577626437497695
288,0.23842221214657738,0.42573046760228556
289,0.23799778799942034,0.42554437015554075
290,0.23748610318037097,0.4249095858708616
291,0.2369952027583835,0.4249081009148678
292,0.23662012043189368,0.4248279447781265
293,0.2363173103543743,0.4247250554601148
294,0.23591274122067069,0.4253438874976052
295,0.23559713944512217,0.4254098938921711
296,0.23513030160965184,0.4251532840525082
297,0.23466309202073815,0.42495534060530865
298,0.23411864220501974,0.4249717150354973
299,0.2337095951321117,0.4249734837082742
300,0.23321665006618564,0.42473198413694613
301,0.2329804683444508,0.4247800240695314
302,0.2324704226201291,0.4248135977388988
303,0.2319517420771906,0.4248650400245834
304,0.23142642066592262,0.4246796850435692
305,0.2310345249450616,0.4246266998018181
306,0.23055474333060805,0.42462501859331475
307,0.2301488223662012,0.42445836676901183
308,0.22973933594831464,0.4243747636843446
309,0.22927979799864168,0.42426323504491753
310,0.22898226006086483,0.4241943475186329
311,0.22857743745890435,0.4240591658890442
312,0.22818871854019587,0.42385396846693174
313,0.22780317642363995,0.42390215061132386
314,0.22734248941786925,0.42375083067856106
315,0.2268995451900782,0.42395312629684856
316,0.22653242176685354,0.42388034352528725
317,0.2259944607385105,0.42375768369256195
318,0.22557542701628253,0.42380355101991873
319,0.22525828753330912,0.424061581911424
320,0.22489935958372267,0.42422182121923707
321,0.2244303926148948,0.4239695768118187
322,0.2238102571776803,0.42387471072011407
323,0.22341880080179782,0.423613331197081
324,0.22286066370020938,0.4234603754553734
325,0.22255558930626212,0.42325298784191073
326,0.22192609244142789,0.4229748839762732
327,0.221586766037038,0.4232842822857977
328,0.22113919178908845,0.423433849651199
329,0.2208610188261351,0.42330568626225307
330,0.22046016722686532,0.4231669067663303
331,0.21994966525968127,0.4231589834220099
332,0.21955438996206222,0.42297165780309176
333,0.21916399815285853,0.4228467810494005
334,0.21864031583631818,0.4230455711852017
335,0.21825703803619012,0.4228632557187493
336,0.21791781301910298,0.4228627077789119
337,0.21756792543734427,0.4226736628164278
338,0.21721584113069284,0.42253980180486855
339,0.21692295011095827,0.4223681615517688
340,0.2165194455439334,0.42229753731422837
341,0.21608261835007442,0.4220141104391036
342,0.21573540063395452,0.4217518703881206
343,0.21519934906647978,0.4217498065801857
344,0.21474557329517927,0.42141943155368866
345,0.21444276321765987,0.4213256185165184
346,0.21416639832827208,0.4211385632188069
347,0.21360756841344822,0.4216338311527887
348,0.21325757944438678,0.4210802009163442
349,0.2129437857424038,0.4210091960961711
350,0.2125111999173761,0.42066909137077857
351,0.21216002809644935,0.4210849548607918
352,0.21175241734366348,0.4207638623369559
353,0.21123652495155038,0.42020120955250667
354,0.21090282554246262,0.4202413258190675
355,0.21047672850481036,0.42024031408010076
356,0.21018682841050665,0.4202638760036323
357,0.20987911794668812,0.42033899729203766
358,0.20942175982402408,0.4203849382940445
359,0.2089891571011126,0.4206719833286722
360,0.20849562060925386,0.4202268813678854
361,0.2079748954223768,0.4201401537334549
362,0.20746910796477022,0.42023415628076943
363,0.20699613619748408,0.4204451809081651
364,0.20664144961672895,0.4203687558786004
365,0.20638423002967538,0.4205776455031969
366,0.20609362022425248,0.42032148802335295
367,0.20563575516507476,0.4201331880619307
368,0.2053214207308105,0.42011752323083285
369,0.20492452323634758,0.42009676875766894
370,0.20466865547999724,0.42014424404222855
371,0.20434195179479858,0.419800327454226
372,0.20401200371591224,0.4195291880294299
373,0.20371536136597626,0.41975997699930934
374,0.20322344707096138,0.41973331628687816
375,0.20290007226886939,0.41948756540869425
376,0.20254883285640746,0.4193568224066014
377,0.2022698318971484,0.4191811718910356
378,0.20185333285748894,0.4188469162395968
379,0.20151598350550248,0.41902756148010006
380,0.20115967472790353,0.4188541747817746
381,0.20082396447064474,0.4185257983278859
382,0.20048913290334303,0.41839143873695533
383,0.20007614862351192,0.4183137111222488
384,0.1996221700776059,0.4181711769252801
385,0.1992166884581776,0.41856457866919733
386,0.19897981392320738,0.4185434556273411
387,0.1986745705504222,0.4184795414771568
388,0.19841079458445807,0.41817944021551895
389,0.19816138181971554,0.4180709124024988
390,0.19774021896413,0.41816869336585594
391,0.19737938155367524,0.41815024411245083
392,0.19700495824465325,0.41817436259730933
393,0.19680605325455947,0.41813634145221423
394,0.19651954963489757,0.4183550706160807
395,0.19626439158966638,0.4186101255398324
396,0.19603544216219373,0.4183987213200655
397,0.1956874133476519,0.4182700061600235
398,0.19522312709263392,0.41824257575242013
399,0.19497760084116314,0.41838107578132244
400,0.19462658110119047,0.4177335534723228
401,0.194234803665516,0.4174364294711173
402,0.19389589970822085,0.41782180635360566
403,0.19354319017986918,0.4176620098792134
404,0.19320230917017062,0.4173954633804822
405,0.19291752913465532,0.4175697188675173
406,0.19249582554678848,0.4175269950246846
407,0.19217023712192,0.4171925308927487
408,0.19188173955197085,0.41724209596858575
409,0.19152416343308762,0.41678859423479436
410,0.19103855204872647,0.4165102928040183
411,0.19071404508842055,0.4164925435634984
412,0.19033857411060354,0.4163339699913231
413,0.1901413251131212,0.4164708176995904
414,0.1898339019133271,0.41612359342802707
415,0.18959810884291944,0.41595907327035825
416,0.1892309178281596,0.4160439998836155
417,0.1889948543916113,0.41605818451101156
418,0.18866149294019935,0.4160025648647328
419,0.18820715953873374,0.4163809079456521
420,0.18783097884979755,0.4156621006640736
421,0.18750503556936945,0.41572862197736565
422,0.18706072261299142,0.41588835215200326
423,0.186779575622491,0.4157530445801031
424,0.18655621939455289,0.4156634090545616
425,0.1862932038333593,0.41581396739284865
426,0.1859959024659555,0.4157150389960715
427,0.18563009707766645,0.4160856959532603
428,0.18536765604452174,0.4163116978093387
429,0.18500864360551633,0.4163252279987029
430,0.184764046737654,0.4164206076621237
431,0.18451301177606763,0.4164591299225101
432,0.18429303512488754,0.416422941603688
433,0.18406396741222833,0.4166669005016341
434,0.18383339578791183,0.41655760576357703
435,0.18343572099079458,0.41661999751760287
436,0.1831565341548138,0.416659759546909
437,0.18288363333160298,0.4167269185723508
438,0.1825597684908811,0.4167635574693974
439,0.18233592222431305,0.41688240883133454
440,0.18210464088887734,0.417059010930911
441,0.18186237592897805,0.4171115209075659
442,0.1816246733977021,0.41707006861952267
443,0.18129063603093853,0.4172298313822494
444,0.180954824386377,0.4171601360671439
445,0.18063188892926357,0.41737254683742314
446,0.18037994148195252,0.4174575550543459
447,0.1801545406100758,0.41748779197996616
448,0.17978464593390953,0.4176841737035412
449,0.1794953034697709,0.4178368112173974
450,0.17929173466375103,0.41818877522948567
451,0.1790139165563573,0.4186164943129932
452,0.1787225801419314,0.4185449670539073
453,0.17847259284914002,0.41884346732574007
454,0.17815486194023394,0.41896025677860294
455,0.17785891240353335,0.41883680008136953
456,0.17754775477142165,0.41939588437363096
457,0.17725613109297134,0.419409646485781
458,0.17699826938633376,0.4197184676832919
459,0.1767576435211621,0.41964435672186107
460,0.17653241162812328,0.4196860074746745
461,0.1762971085963455,0.41924729772741476
462,0.1760389765235673,0.4195720432892333
463,0.17591236068032773,0.4195738553491433
464,0.17557195281137528,0.41938829687094703
465,0.17518646138847072,0.4194062780171578
466,0.17495511246149986,0.41971623832528654
467,0.17468716271823956,0.4194137157183044
468,0.17446519211677222,0.4192691400429612
469,0.17419134501206915,0.41897547104583754
470,0.17390967418717124,0.41893001792214707
