0,0.6816863175486183,0.6819626850150158
1,0.671028137228308,0.6716467277383131
2,0.6611290825722841,0.6621667019582228
3,0.651444683297784,0.6529593005654076
4,0.6420193789487504,0.6437683647940914
5,0.6325366908107587,0.634536775471131
6,0.6239836265446088,0.6267449982942331
7,0.6151558000872827,0.6183142248851264
8,0.6070059967530937,0.6108636924350049
9,0.5990491525755942,0.6032417093060324
10,0.5918639303474826,0.5961860726430379
11,0.5852533024343747,0.590075383157756
12,0.5790665145655379,0.5844172818729316
13,0.5721439267909938,0.5781371999298129
14,0.5657025297152247,0.5720445131232593
15,0.5593505109661946,0.5658461478449226
16,0.5535527007556713,0.5604685034342074
17,0.5474083673903686,0.554984427921341
18,0.5419966579075631,0.5500735561067421
19,0.5377863394820368,0.5461512039384583
20,0.5323234501461075,0.5409595038148551
21,0.5272956250144318,0.5362576051003692
22,0.5228070774355449,0.5321801453558705
23,0.5185634610165666,0.5283032554276712
24,0.514440013296941,0.5248316344708924
25,0.5101699068391178,0.5208725788158339
26,0.5060604383846593,0.5171654369917499
27,0.5028734664438024,0.5142133435436047
28,0.49878184171358825,0.5107873402478172
29,0.49577973606511266,0.5080974058616357
30,0.4928202040813565,0.5051731947060798
31,0.48923637834707145,0.5016977057450889
32,0.48633056420204746,0.49918700529598353
33,0.48347077186598447,0.4963338187500276
34,0.4807561316560035,0.49372290469115315
35,0.4779908763939019,0.4913092443535844
36,0.47507703603276075,0.48870851597569487
37,0.4724274955695458,0.4865558468342092
38,0.4696386185108594,0.484107566673151
39,0.4673678853840694,0.4820996363299051
40,0.4654091424501827,0.48028738217877925
41,0.463467816520424,0.47871189044201584
42,0.461536575834953,0.47708950209921724
43,0.459751988681339,0.4755523306964082
44,0.457812162784539,0.47375494206319074
45,0.455790802988131,0.4719984444471512
46,0.4538771036151091,0.47025292058797025
47,0.45204387448667027,0.4686398213387539
48,0.4501651409344606,0.4671781823345138
49,0.44819591038793083,0.46579361673126224
50,0.44654977880002017,0.46444693040482277
51,0.4445294656260954,0.4625137962185023
52,0.4432962303729101,0.4614981817232336
53,0.4413920654044543,0.46005509876595235
54,0.43961590303139086,0.45823014557100195
55,0.4380337746024339,0.4571155186244682
56,0.43637174582892857,0.4557745772958493
57,0.43512916674840707,0.45496152418703656
58,0.43414367409758337,0.45432980649870264
59,0.4323394821777751,0.4529991590014834
60,0.43085782579209925,0.45178728766324083
61,0.42947083619116316,0.4509156670119603
62,0.428422749775173,0.45030748807549237
63,0.42694918911599744,0.44900888688449186
64,0.42536317193910744,0.4475696798122291
65,0.42373480984345835,0.44620904858795263
66,0.422421546551617,0.44477352415071486
67,0.42128406191600415,0.4437532631630582
68,0.41987185514325503,0.44258337739749315
69,0.4185173487823123,0.4418414346424286
70,0.4172893838851956,0.44100070591683804
71,0.41601735007860596,0.44015080748314633
72,0.4149376493745683,0.4393204768007431
73,0.4132969058755908,0.43767270254289053
74,0.412407355796086,0.4370337753187145
75,0.4113712609813324,0.4358525210130694
76,0.4103980925454968,0.4350691579836124
77,0.40946258809893904,0.4342634275964171
78,0.40862555466620065,0.433674986554362
79,0.4073766079202372,0.432993855667177
80,0.4064060600202966,0.4325083468686738
81,0.4054080323328414,0.43180905876169184
82,0.40435352675415076,0.43086334864328796
83,0.4036062973136786,0.4304870350972061
84,0.4028656073478898,0.42997643866843027
85,0.4015449182786508,0.42884185117072665
86,0.400843142438148,0.4283775105113818
87,0.3999671667318413,0.42784796296432454
88,0.39891426671904134,0.4271825033254895
89,0.3978749882843348,0.4266021038718154
90,0.39701599463624343,0.42603009831518585
91,0.3963020810876379,0.42539956639229676
92,0.3952525752500118,0.4246753983344746
93,0.3945381988625329,0.4243237833601859
94,0.3935948682868928,0.42390825974255747
95,0.39287743280055004,0.42329177001577917
96,0.39191285674910054,0.42268140350276634
97,0.3910916920076951,0.4219126342522348
98,0.390177388520329,0.42103383240255154
99,0.38924609892475476,0.42020722370330976
100,0.38855631437096194,0.41971457298237136
101,0.38788434733949584,0.41921851153472606
102,0.3871660689995163,0.41872408545306644
103,0.386554920846545,0.4183254184495229
104,0.38583669867916975,0.41776671262729537
105,0.38541691243715137,0.41734974095493294
106,0.3847754046872262,0.4168269135877924
107,0.3839992075263048,0.41617348306611823
108,0.3829949555549931,0.4155937245758315
109,0.3822620288925192,0.41521056125831657
110,0.38154642994376603,0.41450554770862846
111,0.3804349355567973,0.4137685938720176
112,0.3798112900826367,0.4133554756342722
113,0.37892108485713205,0.4129716165003733
114,0.3783551571362955,0.4127182724217645
115,0.3775972243068175,0.41230353496399935
116,0.3768065031594753,0.41188287946632
117,0.37604057824741915,0.4113522201329761
118,0.375435799073501,0.4108698820818005
119,0.3748852950739363,0.41070223981778176
120,0.3743762130517654,0.4102679174120943
121,0.3737962858824035,0.40993558104514655
122,0.3729278463171853,0.40941495244025106
123,0.3721101446692867,0.4088050535341704
124,0.3714044703693789,0.40841249482209263
125,0.37076586347442425,0.40826054467477846
126,0.3700004698126317,0.4076559026230948
127,0.36929521573694046,0.40710191610568053
128,0.36860312189354566,0.40668067741287817
129,0.36810894591883214,0.40636863868699913
130,0.36757110305517166,0.40604498838532893
131,0.3670626530224406,0.40592100743721743
132,0.36660055699243654,0.4058727164229993
133,0.36592305200935327,0.4052711620628392
134,0.36523944463257996,0.40485013655574514
135,0.3646235445744203,0.4042266032608721
136,0.3641150885527324,0.40405003441579934
137,0.3636132204631792,0.40373052507263335
138,0.36291378197730373,0.4032535882973513
139,0.3623439121777703,0.40282260759521094
140,0.36181567370454937,0.402535921683838
141,0.36135017828563026,0.4023418852986819
142,0.3606464231494552,0.40178678579145954
143,0.3602129847055515,0.40173833602765197
144,0.3596791206128934,0.40137999715315076
145,0.3591340866901012,0.40102122609676477
146,0.35855666106196293,0.4006688290137622
147,0.3580650848551367,0.40051145370707303
148,0.35720786018061645,0.3996508876292832
149,0.35665277948754287,0.3995266799567945
150,0.35599368522214275,0.398870172016017
151,0.35502783988556436,0.39820564022445615
152,0.35433056724665035,0.39782758359476633
153,0.35373521814881825,0.39760451222341975
154,0.3532015530034985,0.3971949471669307
155,0.3525772193506423,0.39708492061863687
156,0.3521759296957748,0.397024910379884
157,0.35162774135035085,0.3967268768709739
158,0.3511676249083438,0.3964960836585357
159,0.35054149231493015,0.39610362476366906
160,0.34986926024298176,0.3955881511453097
161,0.349178817729101,0.3951701888925805
162,0.3488142668131507,0.39490789984212465
163,0.34832563257917504,0.394717685195279
164,0.34769157171323395,0.39428021865685287
165,0.3473297151026224,0.39421408453949125
166,0.3468595523732248,0.39378482144769544
167,0.3462961081971387,0.39314013322795066
168,0.3457441802819077,0.392722380229573
169,0.345199661268796,0.3924570956536469
170,0.34481684728320905,0.3923445108278213
171,0.34438679787659426,0.392171773440701
172,0.34404485106379395,0.3920658139401613
173,0.34356580297401357,0.39174621908862395
174,0.3430973491158502,0.3914869338597028
175,0.34252272234169934,0.3914143098787114
176,0.3420895459169722,0.3913885727602867
177,0.3417259084843867,0.391157568801558
178,0.3412984253374732,0.3909361655892031
179,0.34075886541563555,0.39035353987780713
180,0.34038511204466443,0.3902360602862108
181,0.3399718202574691,0.38998984705387074
182,0.33928060626714257,0.3892993493165823
183,0.3385292739157112,0.3887801808181209
184,0.33801987824204366,0.3882685542486697
185,0.3376694019742334,0.38803556335971584
186,0.3370404895649437,0.3876879092601317
187,0.33665585280138177,0.3873761283725526
188,0.33619386403975665,0.38700767294959243
189,0.3357061577684713,0.38673073247851836
190,0.3348618692648834,0.38589157982966416
191,0.334458099060669,0.38547668176087896
192,0.33412711464584627,0.38531990033072105
193,0.33343521177931523,0.3847394805951093
194,0.33287058917374,0.3844915613596305
195,0.33242103581226345,0.38432784840573214
196,0.3318940238911045,0.38403085749552407
197,0.3313884603801808,0.3837367153093109
198,0.3309001366376344,0.3834157707632298
199,0.3305378979844878,0.3831616616385104
200,0.33008188174666087,0.38279500360057905
201,0.32942557488092866,0.3825246703227189
202,0.3290121635995197,0.38242878524675294
203,0.3285895213965805,0.38215109876317205
204,0.32819188066309785,0.3819213404705679
205,0.3278148703005138,0.3817728120571309
206,0.3275693470294404,0.3815195150576045
207,0.32713079563339026,0.3813147362636079
208,0.3267006890976402,0.3811377571321672
209,0.32617458707424263,0.380821624346507
210,0.3256716809376819,0.38055084757967433
211,0.32536092222380764,0.3801533307842932
212,0.32497199251230224,0.37996644793570356
213,0.32456499244347087,0.3796712318349689
214,0.324204231717612,0.3795099039917408
215,0.3238505633172783,0.37927371009154426
216,0.32347706402276155,0.3789944826209538
217,0.32313617887051727,0.3788531312041707
218,0.3227079163784421,0.3785655747224831
219,0.3221586804429029,0.37817955018648974
220,0.321688074689809,0.3778955254035492
221,0.3211648281203892,0.3775335278323529
222,0.3206923968362873,0.3774947433679306
223,0.32027950366717994,0.3772040215188442
224,0.319710715158364,0.37695603645915077
225,0.3191876827038664,0.37677517524319754
226,0.3186005940038719,0.3764723264457576
227,0.3180142879330671,0.37627288605651293
228,0.3177504207442142,0.3761777157851151
229,0.3173281054861468,0.3761535679403994
230,0.3168823139759131,0.37573581239115733
231,0.31654130372533085,0.3757782474083208
232,0.3162057753721715,0.37560896418960543
233,0.3158199310280532,0.3753415302759591
234,0.315469553369889,0.3753226834754012
235,0.31505200030203045,0.37502280014966893
236,0.31457550012579855,0.3747669476006016
237,0.3141502268225702,0.37460958543429357
238,0.3136720165484503,0.3742623145404308
239,0.31326422079202404,0.3740623328576695
240,0.31293457489704,0.3738382957048402
241,0.3125196503929059,0.37364507921880347
242,0.31227424625896594,0.37343569153363015
243,0.31196981125266315,0.3732144512142879
244,0.3116182006667973,0.3730979293223943
245,0.3111724047809432,0.3727789928947096
246,0.3107291724184088,0.3725736977513174
247,0.31023982738017264,0.37239894334403356
248,0.3097463768259568,0.3720847714857945
249,0.3094273871132331,0.3718670389125433
250,0.30916823282086703,0.37173521823120564
251,0.30875588596229786,0.37153763036142584
252,0.3083801457340646,0.3711773043019966
253,0.30794529620163014,0.37089579208521306
254,0.30770353528504224,0.37071742653757284
255,0.3072203088589688,0.37039346293930836
256,0.3068234743108695,0.3700032038434853
257,0.30643875819409133,0.36973375420585364
258,0.30594881139982416,0.3694091193002185
259,0.3056015288871247,0.36919673535236447
260,0.3052026752668366,0.3691152001954918
261,0.30489657439433937,0.36904383666596935
262,0.3045366198612645,0.3687974240309622
263,0.30410647851111783,0.3685581077819382
264,0.3038407135814954,0.3684336627447521
265,0.30360729732627695,0.3682345847733925
266,0.3031256438422831,0.36787723129404554
267,0.3028412851367839,0.36773891695267186
268,0.3022574894676026,0.36740378859315714
269,0.30193504604536636,0.3672996183331984
270,0.3016110755815854,0.3671044952359596
271,0.30123287606785487,0.3668387676905786
272,0.3009065200343658,0.3664989498950974
273,0.3005210524431849,0.36631766149329836
274,0.3001413767995937,0.36624281554324595
275,0.2996405238696858,0.3658858346282284
276,0.2993475985811593,0.3657095254064537
277,0.29908791556029307,0.3655848919084256
278,0.29875318443498394,0.3654633276501881
279,0.29846348696295105,0.3652828695050497
280,0.2981284682456009,0.36521360900241084
281,0.29767045429656813,0.3651249136897861
282,0.2973481617499765,0.3649696688697588
283,0.2970489933994292,0.36493655749686504
284,0.29678770503654117,0.3648336261754142
285,0.29631239462015735,0.3644918961521674
286,0.2959319886513034,0.3643775950409358
287,0.29566892923249305,0.36425963033431136
288,0.295347704554658,0.36389700444799966
289,0.2949130015185476,0.3636276048238523
290,0.2946192168831633,0.3634823300555956
291,0.294190538344525,0.3631227992211811
292,0.2938837396447656,0.3630350449659143
293,0.2934239752292781,0.36268168607359674
294,0.29309700258947613,0.3624743026273051
295,0.29265743803472505,0.3619684009497595
296,0.2923209860251149,0.3617943834722293
297,0.29194469522450767,0.3615445912819495
298,0.29147371155472795,0.36126629087054396
299,0.2911982774995369,0.36119123031776773
300,0.2908814682546371,0.3610585501694263
301,0.2904418247657302,0.36058670534936976
302,0.2901304332964513,0.36026155375377183
303,0.2897257009728807,0.35997299379441505
304,0.28923639217921215,0.3598637899679327
305,0.2889052485787664,0.35969686936396017
306,0.28839852803263943,0.35942690546092043
307,0.2880891448028824,0.3592419896748666
308,0.2877539561107211,0.35926033904648996
309,0.2873167207967356,0.3591637835419238
310,0.28700001781280443,0.35904440141455934
311,0.2866196404418209,0.35874694615243136
312,0.2863556987656637,0.35855401276588084
313,0.28599851851649666,0.35847038481094934
314,0.28561537709667156,0.35834979811302964
315,0.28533538120472907,0.3582424425930716
316,0.28509602601530537,0.3582236239341279
317,0.28461442002298104,0.35779715453344374
318,0.2843181521564478,0.35770916807056086
319,0.2840356161891452,0.3575316223342939
320,0.2836786746934356,0.35725679857283377
321,0.28331705848662114,0.35712657297262923
322,0.28293272052427393,0.35696418940860714
323,0.2825679454192989,0.35687019828617506
324,0.2822347730203912,0.35685697122018567
325,0.28173080198920064,0.3565211562766006
326,0.2814968928337645,0.35642640370761197
327,0.2811311957245285,0.3562244455179461
328,0.28084668795653805,0.355967410411908
329,0.2804902123126819,0.3556491446601425
330,0.2800672775407805,0.35537428807189997
331,0.27973934983164406,0.35523612675083877
332,0.2793998122391036,0.3549569660615098
333,0.27903648256896624,0.35488123447097725
334,0.2786392269613046,0.35493614316295635
335,0.27835282473379724,0.3546668662734458
336,0.27795900005467006,0.35460691882518625
337,0.27748379271976076,0.3545818151478228
338,0.2772524967708243,0.3544287468537781
339,0.27690148512227586,0.3541108528717637
340,0.27646173622347237,0.35382646039835464
341,0.2759923233847435,0.35347265765606173
342,0.27574327668100634,0.3535095080706113
343,0.2754649711522566,0.3532019638433513
344,0.2750715887521377,0.3530349595872972
345,0.2748019101020936,0.353047828755032
346,0.2745079549093878,0.3530014409413455
347,0.2742164457729815,0.3529642641327474
348,0.27394910335081935,0.35290708486444783
349,0.2735981387785803,0.3528229183743609
350,0.27328423662737905,0.35267101049552263
351,0.27290393238105964,0.35242787761506406
352,0.2725669519750525,0.3522042058119209
353,0.27225680221339327,0.35202421521421895
354,0.2719418493018335,0.3520179409947458
355,0.27160701192850684,0.35179653153001894
356,0.27105493196833214,0.35158696117424426
357,0.27077771359067093,0.35146847714221624
358,0.2704512015825056,0.3515200759354029
359,0.2700729202715019,0.35130313627158954
360,0.26980461953020524,0.3512074550100258
361,0.26940927507972373,0.35087487751984126
362,0.26899493142485115,0.35050056045293443
363,0.26870892008825276,0.350325737723283
364,0.26833140753118934,0.3501332306969569
365,0.2679780040288759,0.3499513026069857
366,0.26749090708816264,0.34947952315460146
367,0.2670631224702584,0.3493898911566302
368,0.2667420272099519,0.3490833367448054
369,0.2663902686291351,0.348902995522341
370,0.26608189686056044,0.34889766679453055
371,0.2657438657487744,0.3487227528746655
372,0.2651473974551416,0.3486181370485494
373,0.264827859556746,0.34847828373443057
374,0.26442225505085626,0.34823389380564274
375,0.2641252159770751,0.3481579149710784
376,0.26380575530884104,0.3480184456373319
377,0.2634889250766899,0.34792597497026445
378,0.2631979680393258,0.3477653572789742
379,0.2628414809494759,0.34757868831508215
380,0.26255540640320263,0.34747025599376247
381,0.26225587246448784,0.34724672211293967
382,0.261861383885345,0.3472627687693283
383,0.26148900039714207,0.34693508175802956
384,0.2611412696192526,0.346654847236297
385,0.2607852389593337,0.3465749193485127
386,0.26044327979211274,0.3463985939165769
387,0.2601434600467581,0.3462093976856962
388,0.2597202420269833,0.3458059558952421
389,0.25921039447477,0.3455736953955719
390,0.25893842063239203,0.3456306040779076
391,0.25859193115138757,0.3453802055835725
392,0.2581633302397695,0.34533198158208517
393,0.257732018615624,0.3452745561530751
394,0.25714380981695245,0.34491353699731764
395,0.25665530721791807,0.3448311120603358
396,0.25622565930730984,0.34474283974647585
397,0.25592951881758236,0.34456599503391905
398,0.2555194551216289,0.34443971358184405
399,0.25508483555440814,0.3441919743802025
400,0.2547996663831883,0.34418017173480614
401,0.2544491812355515,0.34431484379614585
402,0.254067950493716,0.34395203727045215
403,0.25376943259809637,0.34382176169620876
404,0.2533465571551664,0.3436465803359956
405,0.25291951368316573,0.3434629257992102
406,0.2524611189201019,0.343209137170904
407,0.25223905991680545,0.3430938639135117
408,0.2518322330476082,0.34296308324082336
409,0.25149775243442674,0.34279283576702785
410,0.2511043979994248,0.3425822656205428
411,0.2507581382051854,0.3426852075914315
412,0.25040645280731266,0.3426047230230512
413,0.2500999861866095,0.34270999663488944
414,0.24962620258420107,0.3424669596845786
415,0.2492979576185379,0.34238020396604074
416,0.248968941140351,0.34215036735714116
417,0.24863840387044842,0.3419054507032691
418,0.24830065100093707,0.3417558310821072
419,0.24797529588366282,0.3417164499033893
420,0.24757941462412228,0.3414756046677899
421,0.2472705391143373,0.3412138266202298
422,0.24697310074623596,0.34115947612938663
423,0.24670302070009373,0.34110289202931093
424,0.24639366298214596,0.34092597363487664
425,0.24593070614273535,0.3407772001436971
426,0.24554000646319968,0.34076493380039263
427,0.24517137295100955,0.3405314844338282
428,0.24476158805145262,0.3404685469641654
429,0.2444934600796287,0.340418918725972
430,0.24411692573643365,0.340244582486013
431,0.24367612496347738,0.34006183327309153
432,0.2433999908367842,0.339995344821897
433,0.2431007414752803,0.339738797292356
434,0.2426640851215464,0.3397139348754003
435,0.24237795343873725,0.3396623807429351
436,0.24205935163261993,0.33947184809558706
437,0.24173626267779752,0.33915602220797264
438,0.24147896034685146,0.3391288329482265
439,0.24113408508677028,0.3389644781713314
440,0.2408388029133634,0.33872694707001394
441,0.24056348131624056,0.338705084898549
442,0.24025068669097727,0.33863540330262504
443,0.239831299707201,0.3384081028296186
444,0.2394684096065176,0.33819163201234964
445,0.23912065936868115,0.3381277504345594
446,0.2388412437320999,0.33800974967863484
447,0.2385475764225457,0.3377709866127394
448,0.23816037708849477,0.33775237716943324
449,0.23785618984776216,0.3376568640994897
450,0.23749354839794892,0.337437963435901
451,0.23720091870339063,0.33737750310954756
452,0.23698889222509487,0.3373200156692168
453,0.23674258770042328,0.3372417871823153
454,0.23640043911602054,0.33703967352928527
455,0.23611127017914643,0.3368279245228198
456,0.2357536915727635,0.3365909631562113
457,0.2354568651828083,0.3366782239128151
458,0.23521651453513173,0.3365887390663764
459,0.23499048304859005,0.3365727014456237
460,0.23461903262025877,0.33621845172194714
461,0.23438723377563359,0.3361984395946308
462,0.23405157445543956,0.3359281683605165
463,0.23376980569349615,0.33575494569742165
464,0.2334844710026422,0.3356804902669918
465,0.233266746853336,0.3356009445789206
466,0.232952847469969,0.3354535313132655
467,0.2325992508140826,0.3353117476803376
468,0.23232974309168028,0.3353435552075328
469,0.2320113081567365,0.33516900786045983
470,0.23170420296373634,0.3351632428542615
471,0.231466027081701,0.33514409199774975
472,0.23116510989746208,0.3350367025320689
473,0.23089648819562517,0.3349761812632761
474,0.23062925504001103,0.33489334002157883
475,0.2302842709888721,0.3348943853304216
476,0.2300755020119074,0.3348835032978958
477,0.2298700813216076,0.3348599014180312
478,0.229520607503792,0.3346446741126146
479,0.2292717026404598,0.3347569640672441
480,0.2290131128354954,0.33468831111888586
481,0.2286817857984991,0.33476366891276105
482,0.22834757671244896,0.334524260163645
483,0.2280354091302319,0.33454005636819534
484,0.22774227841696876,0.3345170153278766
485,0.2274812270554399,0.3342448033474054
486,0.2271874871559169,0.33418877684369236
487,0.22699587650436132,0.3342381397106533
488,0.2267879755829415,0.3342628354116074
489,0.2264911967854894,0.33429559290890104
490,0.22620530225760238,0.3342150333607646
491,0.2259034499894205,0.334016299468164
492,0.2255458423864584,0.3338213477532908
493,0.22534547116203169,0.333822528997714
494,0.2250523713223316,0.3335863434631292
495,0.22471543799725927,0.33316993074600537
496,0.224378023962651,0.33315153049408736
497,0.223962118922702,0.33279866214840614
498,0.2237937814806527,0.3327908178524607
499,0.22358066779113833,0.3326667461634044
500,0.22319619743806096,0.3327038932250276
501,0.22290487666731146,0.3324612112147629
502,0.22254162178882927,0.33246473941944343
503,0.22231060117094606,0.3324188802565224
504,0.22197787930552024,0.3323126424844228
505,0.22172288311890997,0.33213431660761705
506,0.22142436908132937,0.3319564767144315
507,0.22111402330483002,0.3317026939929876
508,0.2208834823335678,0.3316243407887864
509,0.2206419132597169,0.3314996395541659
510,0.22036246455852465,0.3313687591729271
511,0.22008988629681525,0.33119338080157346
512,0.21983981360446617,0.33104611732547845
513,0.2195595481414704,0.3309545597002474
514,0.2192818148777181,0.330810389516638
515,0.21904281120093297,0.33071242452925487
516,0.2187607835141999,0.3305944763039211
517,0.21857585759404682,0.33067295830936994
518,0.2182283453418528,0.33053321442315664
519,0.21790902936696518,0.330460595679653
520,0.21759832314249597,0.33043990172211835
521,0.2173102671414177,0.33012364956263734
522,0.21701775304001794,0.3300179858803459
523,0.2167400457806791,0.3299338987476173
524,0.21653360840435473,0.32994893869429576
525,0.21630235425369346,0.3297674542993515
526,0.21606866363227842,0.3297220117129587
527,0.21580192591529687,0.32954131709068213
528,0.21563010116350365,0.3294391647628199
529,0.21536782453207126,0.3293046198448907
530,0.21513301851230193,0.3291197064138115
531,0.21495621035678944,0.3290320405954315
532,0.21471607428426137,0.32900486605058815
533,0.21443352390100118,0.3288747640568092
534,0.21414413582371708,0.3289078266550672
535,0.2139122496748277,0.3288624088082907
536,0.21368560399503989,0.3287903626455751
537,0.21334168574927032,0.3286692730897759
538,0.21311976148177753,0.32853050334499967
539,0.21280683836915193,0.3283355335051087
540,0.212567232082026,0.3282373363168868
541,0.21235839879130544,0.32814485019344913
542,0.2121520463774096,0.32809633118513554
543,0.21195712237523348,0.32803524851341065
544,0.21172802852476416,0.32788912524692615
545,0.21144646847944845,0.32808275544470367
546,0.21118086532798097,0.3279572654457992
547,0.2108921005161859,0.3279116696202306
548,0.21068620711966501,0.3277695316734624
549,0.21053526129667016,0.32778861222519623
550,0.21027252515895892,0.32772010584591926
551,0.2100418464042226,0.3276407201638633
552,0.20984049140574443,0.3274916516313658
553,0.2095257246846933,0.32742855263757864
554,0.20926463338059634,0.3271815873191221
555,0.2090839049255053,0.32700828814964283
556,0.20884205844703815,0.3270035270988019
557,0.20863708133918196,0.3269521281031029
558,0.2084292766966734,0.32686539056008107
559,0.20816020198862029,0.32675601632637175
560,0.20785448132099008,0.3265301719887717
561,0.20761089908666325,0.32627765641921475
562,0.20735583094098756,0.32624636596244877
563,0.20705048882557198,0.3262223509214595
564,0.20674761761324945,0.32604065154644907
565,0.20653834427850978,0.32595504369203915
566,0.20629731890323857,0.3258720759557198
567,0.2059933706111549,0.32570469202286495
568,0.2057252964326339,0.325554816840803
569,0.20545129501844772,0.32543294893138786
570,0.2052368832290032,0.32537917095843194
571,0.20494954813034016,0.3253781770313651
572,0.20473135580399623,0.3252865939933906
573,0.20452395962287126,0.32520063557705403
574,0.20425096855746078,0.3248648741679918
575,0.20403196448231264,0.32497207332890543
576,0.2037565463629829,0.32480236385964445
577,0.20359374394190277,0.3246625192392965
578,0.20336516923195957,0.3246483349041066
579,0.2031687152057864,0.324591343357365
580,0.20292210666523372,0.32444656972759084
581,0.20274815853219827,0.32429272211081217
582,0.20255363814353292,0.3242906902571575
583,0.20233906720870626,0.32422456147410167
584,0.20208266554324006,0.3240863514437172
585,0.2018900474046385,0.32409533175685534
586,0.20159394867895836,0.3240569574462354
587,0.20134512231036972,0.3239977896338334
588,0.20111881995488995,0.32399738755243856
589,0.20082992299149743,0.324144464560792
590,0.20060895537383538,0.3240553109570127
591,0.20037884875597317,0.32386897346919435
592,0.20007777791576672,0.3237889149715899
593,0.19988837652787222,0.3236752287819476
594,0.19968284447942236,0.32359099027760535
595,0.19946929426673685,0.32337758878092543
596,0.19924682776645097,0.32336703811124823
597,0.19906852742449385,0.32329361059726014
598,0.19885466471758467,0.32318822056364793
599,0.19867138668657947,0.32318213823918257
600,0.19845392295976474,0.323148379766819
601,0.19825305883558283,0.3230501537857027
602,0.19804769426608296,0.3229347381700229
603,0.1978017542324359,0.32296905800635073
604,0.19758071224079155,0.322959427148686
605,0.19728923199579457,0.3226909435360531
606,0.19711228683526133,0.3227047337412389
607,0.19687761791579578,0.32258406577969617
608,0.196581880967423,0.32243257582476453
609,0.19636998412173648,0.3223390168433155
610,0.1962131244831873,0.32230555564972835
611,0.19602128711390546,0.32213755031225194
612,0.1958521877764464,0.3221641539096871
613,0.19562490424407247,0.32223718649643257
614,0.19542896555866635,0.3222913154328915
615,0.19521740540308888,0.32219914966040686
616,0.1949893968507762,0.32214878516169737
617,0.1948610954735958,0.3220955078657598
618,0.19463630183015934,0.3220373177537332
619,0.19432847330502578,0.32191699216984027
620,0.19417523930456582,0.32183806316120217
621,0.1939537573503092,0.3216334853178699
622,0.19373031686838815,0.3215327955868765
623,0.1934953206330945,0.32149929759274204
624,0.19320071356702687,0.32130800791309644
625,0.19296434255345069,0.32132454112566156
626,0.19278522519205576,0.3212090016625804
627,0.19251643704966928,0.32104127464799115
628,0.1922345031233218,0.32102297263527774
629,0.19204850262805712,0.321033752117891
630,0.19178107187618149,0.3210230340215718
631,0.19157869123923355,0.32111826656763603
632,0.19138121949557352,0.3210278246999955
633,0.19120388019109352,0.32093278020027605
634,0.19095797240336318,0.32084364405936827
635,0.190701822057618,0.3208055619101835
636,0.1904376569921662,0.32065314009989776
637,0.19019652242019036,0.320587067855345
638,0.18998238214215082,0.32050697407313833
639,0.18982921939815928,0.3205316978011151
640,0.18960960394339066,0.3204262726966604
641,0.18946610529994237,0.3203821518034907
642,0.18928947120669953,0.3202941238999268
643,0.1891380188237808,0.32024746130568754
644,0.1888831944075587,0.3200481743742332
645,0.1886403026914505,0.31970374025230053
646,0.1884108764159456,0.31965614379979507
647,0.18824797421360773,0.31967193396835225
648,0.1880677253662844,0.3196954267706661
649,0.1878652547830487,0.319598742270553
650,0.18766422360776552,0.31965034672686515
651,0.187433784733232,0.31948144509361665
652,0.18723263787783298,0.3194644701874722
653,0.18699352307833023,0.31935239794892584
654,0.18686199763446107,0.3192495201340503
655,0.18673081477715,0.31926137387510084
656,0.18649468381167836,0.3190976688558281
657,0.18633283073508564,0.3190037896703225
658,0.18613020283534756,0.3190029312418529
659,0.18591479078510617,0.31908011500852995
660,0.1857415438674322,0.31911148676005296
661,0.18561739409964523,0.31903714016134366
662,0.1854556014783068,0.3190111357579072
663,0.1852334709410184,0.3189269017320441
664,0.18505195727993218,0.31892491967386266
665,0.18492417719547258,0.3188926240047114
666,0.18479067837689483,0.31884791815363417
667,0.18459423649792475,0.31885574151987783
668,0.1844378298295138,0.31883493220501896
669,0.18423737204458582,0.3186698086838193
670,0.18408656287600703,0.3186339042511403
671,0.18394865336922062,0.31862332255384185
672,0.18379510962479473,0.3185215040515994
673,0.18362104246008476,0.3183931209438013
674,0.18336346754186764,0.318201836416652
675,0.18313729593695424,0.31805213211789546
676,0.18292274440610737,0.3180997289553813
677,0.18275239125406637,0.31810005669307184
678,0.1826114175193195,0.31804839367014903
679,0.18248711574914248,0.3181100591702657
680,0.1822784011561432,0.3180621790388411
681,0.182133007019403,0.31803827336297114
682,0.1820049914396117,0.31817528073850504
683,0.18185195213483024,0.31817831324926626
684,0.18157322564827677,0.31800666060797667
685,0.1814188643612813,0.31800051366279863
686,0.18116861792858982,0.3179999888741775
687,0.1810452200107874,0.317990800383959
688,0.18091840052994318,0.31799655059307297
689,0.18072523958962536,0.31794401889488316
690,0.1805767120896608,0.317943882577133
691,0.18042772024525788,0.3179704614953783
692,0.1801456217363806,0.31774223382698213
693,0.18002071810240097,0.3176899714070737
694,0.17984534554351847,0.3175753773731653
695,0.1796979471201159,0.31756105357594056
696,0.17954066795347154,0.3174292125547765
697,0.17938551976064948,0.3173449762618142
698,0.17918542283951408,0.31725299338924867
699,0.1790324705744244,0.3173129966338882
700,0.17881043627210608,0.3172958406511018
701,0.17864502342114874,0.31723663930262724
702,0.17837802686170945,0.3171313092029844
703,0.1782205485252454,0.31704998906479986
704,0.17801066549822803,0.31712874042885236
705,0.17782947513813013,0.3170766129403069
706,0.17773498211547212,0.3170686528010134
707,0.177533471063686,0.31704014177800227
708,0.17737031214379528,0.31704171744667387
709,0.17720937153436883,0.31698356441462855
710,0.17706577839879797,0.3169578304935473
711,0.1768354220629878,0.31679679248713766
712,0.1766472186047703,0.31665474314946745
713,0.17644531241041542,0.31662482766334027
714,0.17633935613527632,0.31659828262609724
715,0.1761371881918677,0.3165847244724705
716,0.17592485088495172,0.31651620154879817
717,0.1757138580165254,0.3163695354548682
718,0.1755552599060867,0.3162889177459978
719,0.17530703058164276,0.3161121010411834
720,0.1751228447171885,0.3160839610697593
721,0.17489326176487294,0.31598354767103226
722,0.17475355529858422,0.31603438630640895
723,0.17457411946788493,0.3158975114093036
724,0.17439835864994124,0.315699576457206
725,0.17422201984215308,0.3157509260227209
726,0.17408571472872064,0.31580141221492875
727,0.1739515628279928,0.31571349635052054
728,0.1737390710070992,0.31573706403375074
729,0.17360986719707683,0.31572236515721963
730,0.17348007930510684,0.3156672514004182
731,0.1733109541033837,0.3156921810001581
732,0.1731106433453122,0.3157113223620226
733,0.17293610590779962,0.31571816778929085
734,0.17275219251868193,0.31555319996230125
735,0.17256435337526155,0.3155030008509424
736,0.1723990075300379,0.31555555488007214
737,0.1722547382343887,0.3156237781106738
738,0.1721032692194873,0.3154889783919731
739,0.17191077058481274,0.3155434623385781
740,0.17171969326078404,0.31537303196908306
741,0.17147433710788004,0.31521029716210525
742,0.17127968179191982,0.3151144606993651
743,0.17113798732034674,0.31499178633764247
744,0.17091715116371123,0.3148600647443935
745,0.17080477074525005,0.31483423357795526
746,0.1706635634619988,0.31490313624348215
747,0.17048190298127364,0.3149713405532689
748,0.17033758051859954,0.3149002475411142
749,0.170158461082254,0.31495456187046394
750,0.17001749480872613,0.31488737464960836
751,0.1698262015441333,0.31477088281590604
752,0.16963246641187993,0.31480983063112145
753,0.16949170582072298,0.31473722881470606
754,0.1692794025992419,0.3145637137100966
755,0.1690553283841084,0.3145860884071477
756,0.1687975759771316,0.3145789401082612
757,0.1686855754545613,0.3145944565557242
758,0.16848880374031236,0.314602767022918
759,0.16834854083480316,0.3146236650627604
760,0.16817100433184531,0.3146240469934467
761,0.1679508459393739,0.3144845055894475
762,0.16781456140384562,0.31440639681177635
763,0.16766439057305652,0.3144388562725853
764,0.16754604400736184,0.31444925466466084
765,0.1674030983868199,0.31443417709283267
766,0.1672177440901977,0.31434908696325203
767,0.16708725748520306,0.31423348926211575
768,0.16680255538925273,0.3141596545738321
769,0.16665319346265206,0.3141120303778207
770,0.16649244850358494,0.3142475079508976
771,0.16632852581731358,0.3142263712976534
772,0.1661041164157858,0.31418999578942586
773,0.16594805236677318,0.31424795488405133
774,0.16584410014563927,0.3142783558638684
775,0.16567053078082425,0.3141138124916206
776,0.1654964643904048,0.3140811717949968
777,0.16532342847245177,0.31397496981104855
778,0.16522106191322397,0.31396236697852375
779,0.16506446075866468,0.3139609616544966
780,0.1649080414953127,0.31389353313466795
781,0.1647159019575311,0.3138275367415951
782,0.1645550019345273,0.3137977618183017
783,0.1644343905371059,0.31382852442467946
784,0.16424283450263544,0.31371190389008824
785,0.1641132289075196,0.3136549781298733
786,0.16397219232387836,0.3136676884850889
787,0.16382429463386922,0.31375052224675154
788,0.16358862440780578,0.31367027172638207
789,0.1634466909917466,0.3136258902635189
790,0.16325010075843271,0.31366086408332394
791,0.16313505724168664,0.31363863314333407
792,0.16292586626528005,0.31352507821394354
793,0.1627237368305682,0.3135660090369473
794,0.16260838403517064,0.31345418607118475
795,0.16244425214290514,0.31343244913648294
796,0.16234001427008196,0.31335298376363424
797,0.16222068262273764,0.31333372847015845
798,0.16208153091480218,0.3133338980046525
799,0.16198755745450602,0.31335798022523426
800,0.16187726995445878,0.3133592061629399
801,0.1616856258095184,0.3132799212015899
802,0.1614919799093924,0.31333387343225927
803,0.1613271809986723,0.31337251554763107
804,0.1612140927028983,0.31343251018845
805,0.16112207947102306,0.31343136130513394
806,0.160960690464583,0.3133788735210479
807,0.16081400355451347,0.3133138883636243
808,0.16059672873469982,0.3133355516203509
809,0.16041787249608064,0.31323090995146685
810,0.16028705242579988,0.3131755598446151
811,0.16015354906462517,0.31309514057130694
812,0.15995910643017822,0.3131652849940256
813,0.15986105634502257,0.31312706263087015
814,0.15976593330889194,0.31308336344306953
815,0.15965633192785345,0.31299111239530353
816,0.1595419138792078,0.3130973130499642
817,0.15943078539834474,0.31315257224089244
818,0.159288104533361,0.3131609375824805
819,0.1591338708030991,0.3131376280359315
820,0.15894510519145247,0.3131312652476446
821,0.15880905069329393,0.3130737244344442
822,0.15866390192154578,0.3128432042999667
823,0.158492386819823,0.31278550098825353
824,0.15836828292481858,0.3128720295638896
825,0.15827085391919193,0.31288430524949085
826,0.15814112157262317,0.3128132023884308
827,0.15799162191897817,0.31277355092569076
828,0.1578954164084923,0.3127400084276707
829,0.157703647307676,0.3126953244853122
830,0.15758202850461553,0.31259817886980107
831,0.15747846910595406,0.3125519952422073
832,0.15732813349605598,0.31243729645751256
833,0.157163218426492,0.31229067436244384
834,0.15699286455797784,0.31238292494490155
835,0.15685865176073338,0.3123437873816696
836,0.15669223152865155,0.31235529997720934
837,0.15657063383680286,0.312345129961732
838,0.15641440620156977,0.31234904846961364
839,0.15626760495876094,0.31224872782169755
840,0.15617091720634693,0.3122852988813679
841,0.15600587001478802,0.3122426024167254
842,0.15588531524742216,0.31214811168996326
843,0.15574071673167117,0.3120632990567166
844,0.155558471278148,0.31203630048594494
845,0.15538334359304098,0.3119272710496415
846,0.1552737766355535,0.31189083483750457
847,0.1551446028743869,0.3117628293219995
848,0.15493566890230745,0.3117126261851849
849,0.15485132719950462,0.31178573297970513
850,0.15472950758646062,0.3116658492962415
851,0.15460110149319234,0.31165859735748563
852,0.15444881798154164,0.3115623608323681
853,0.1543231085511741,0.31150430171159316
854,0.1541772582673456,0.3114883573545598
855,0.15403584059029965,0.3114451908473921
856,0.1538510041293807,0.31145076148537393
857,0.15370036358546132,0.3114497066328985
858,0.15354857176541356,0.3115370591382424
859,0.15337759595658507,0.31147245823035913
860,0.1532655599496302,0.31149240446970167
861,0.15315241246734684,0.3114525874901815
862,0.15298485574882587,0.3114051033515175
863,0.15283056873983586,0.31146021290768944
864,0.15271022761005168,0.31144138693282264
865,0.15263240544418225,0.3114103962476197
866,0.15249949174340854,0.3113995537666364
867,0.15238159181291586,0.3114191229785934
868,0.15219183064380168,0.31128292920451756
869,0.15206033621063844,0.3113935903031456
870,0.15195544470038688,0.3114039874934
871,0.1517834276400797,0.31130489122410504
872,0.1516479791757455,0.3113318334356776
873,0.15151111527131225,0.31136370237755373
874,0.15140850564521818,0.31127219174222204
875,0.15127408449305163,0.31124328998238343
876,0.15114667446141855,0.3111450171199616
877,0.15102235961872884,0.31118703470651754
878,0.15089538602307828,0.31122605262254843
879,0.15074428308224164,0.3112511387518499
880,0.15058107857171724,0.31123144404144915
881,0.15044657051075747,0.31124707630002624
882,0.15035453873245,0.31135774150210294
883,0.1502188179197462,0.3113063998836719
884,0.15009060446593864,0.3113889728817468
885,0.14996234757808619,0.3113787934912831
886,0.1498562427971217,0.3113441363033359
887,0.14975814738521098,0.3113023672781527
888,0.14961545087784706,0.31126776851514454
889,0.14950356398195006,0.3112460808702027
890,0.1493762668022372,0.3111783877782024
891,0.14924709649762563,0.31109968314541325
892,0.14914523276285555,0.3111438716863391
893,0.14898832281785485,0.3110580909935712
894,0.14884358638842496,0.31095691415189797
895,0.14873047682510096,0.31099219906495057
896,0.14860177019979645,0.31102604034941184
897,0.14844652827410987,0.310969411047248
898,0.1483030824623456,0.310957313204384
899,0.14821968111828218,0.31088744262276846
900,0.14809409388775102,0.310864589400724
901,0.14796391991273528,0.310847986799225
902,0.14789184924980117,0.3108819702290588
903,0.14775539347511094,0.3108471864520286
904,0.14762267126184422,0.31083826537861914
905,0.14749377797007826,0.31080746545752086
906,0.14734822427375213,0.31081805300260196
907,0.1472541318291917,0.31083793361665285
908,0.14718724521922805,0.3108206011593947
909,0.1470707917386152,0.31078780535000583
910,0.14694555916737645,0.31084358326307293
911,0.1468519170247971,0.3108117783085497
912,0.14672929489823683,0.31077388386249827
913,0.14664234849156016,0.3107413095645659
914,0.14654173500241996,0.31071094844690433
915,0.1464565235234266,0.3107079545228645
916,0.14630553612001249,0.3106786055566127
917,0.14614196046460665,0.3108256005737459
918,0.14599786153045138,0.31087360412924636
919,0.14588481230350908,0.3107879245088655
920,0.14576263497841432,0.3107688183920198
921,0.14566672244438772,0.31076420633668633
922,0.14552435392769655,0.31074027735308046
923,0.14540359382093257,0.31067850497676
924,0.145276759836017,0.31053838909902526
925,0.14514641285632734,0.3106229552278005
926,0.1450858653548699,0.31061694517454436
927,0.14494839348366126,0.3105372233735158
928,0.14482477771778327,0.31053632677227244
929,0.14473603293230294,0.3105584822810247
930,0.14462590503902065,0.31057855169759063
931,0.14449236480815664,0.31065360710072215
932,0.14434579796584932,0.3108600568690407
933,0.14422723940296803,0.310905906875366
934,0.14408687290372219,0.3108326896451153
935,0.14393496970632902,0.31087094324245024
936,0.14382429689197607,0.3108384825408953
937,0.14369650034436057,0.3108559096191828
938,0.14354686805622724,0.31075388739429416
939,0.1434099327308929,0.3107863931508588
940,0.14328264819908176,0.3106867383069607
941,0.14312804175662452,0.31068497684709384
942,0.14299377023355966,0.3106224930728099
943,0.14285332721530622,0.3104864374386868
944,0.14275329768253425,0.31045793943068795
945,0.14263418660183935,0.310423123512529
946,0.14251573587695393,0.31037559185230656
947,0.14245547742939244,0.3103132360044698
948,0.14230909764231073,0.3102988682680599
949,0.1421823729209367,0.3102770606003167
950,0.14208489946483538,0.31028886828462215
951,0.14198998543118163,0.310264578283846
952,0.14183235049977627,0.31026009921683845
953,0.1417497497457601,0.31030137165471827
954,0.14163800253946104,0.31027375529756424
955,0.1415359676536427,0.31024252308534467
956,0.14139066059961045,0.3101169613583673
957,0.14129361787985298,0.31012699719940146
958,0.14118030235755968,0.3100344733359579
959,0.14102371238742828,0.30989560253888565
960,0.1408470202665679,0.30983192058488823
961,0.14070482605613577,0.30984523973322026
962,0.14061301663797326,0.30983920455967284
963,0.1404966630389891,0.30972567171320076
964,0.14034238292923304,0.3097235231485289
965,0.14023643128133556,0.30966955955113745
966,0.1400911437242535,0.3095426188042132
967,0.14001388845006424,0.309499534944899
968,0.13985016109777543,0.3094400969489412
969,0.1397446756671373,0.30932303805848077
970,0.13968566269850854,0.3093163187981584
971,0.13957414383737976,0.3093612918889605
972,0.13944514170575814,0.3093095722106614
973,0.13934663256738072,0.3092647364643068
974,0.13921348671312067,0.309299571967058
975,0.1390824595057834,0.30926411709096524
976,0.138946240430183,0.30923384234889617
977,0.1388571953874147,0.30918408796278085
978,0.1387161704909814,0.30925945159488955
979,0.13859994375839116,0.3092351612323704
980,0.13847401603914822,0.3091963619209759
981,0.13833651057996554,0.3091145846220725
982,0.13819256870144053,0.30915680979970284
983,0.13807177360266493,0.309183657354097
984,0.1379493702323758,0.3092229439867476
985,0.1378379866725048,0.30911276450351544
986,0.13771426306238668,0.3090617618579526
987,0.1376008082938392,0.3090172838753518
988,0.13747427880769558,0.30900174698210797
989,0.1374143840357021,0.3089769342229325
990,0.13735182362030207,0.309023917518294
991,0.13720345435058595,0.3090406256347919
992,0.1371208660976153,0.3089681737127523
993,0.13700566549540522,0.30897772541568674
994,0.1368925514109923,0.3089518754538901
995,0.13681500866132187,0.30893978624863583
996,0.136674853200419,0.30887484008844873
997,0.13657787954122538,0.30890681817326227
998,0.13642387824613617,0.3090031355072638
999,0.13629961504501728,0.3089750884132282
1000,0.13622254565814226,0.30898492470317956
1001,0.13604858074996826,0.30907099587631703
1002,0.13596637256726574,0.30905740781135904
1003,0.1358844424892325,0.3090607489487181
1004,0.13576467411589366,0.30908088547137796
1005,0.1356676928497812,0.309123031973754
1006,0.13556432381650674,0.3090531388791438
1007,0.13543831075694082,0.30901951220813384
1008,0.135342475683189,0.30899787181894733
1009,0.1352261485476884,0.30898313078306644
1010,0.13512636186346422,0.3090162880292585
1011,0.13501119020024718,0.30897584300081554
1012,0.13493411841765066,0.3089746431213404
1013,0.13482187143826466,0.30891117914552685
1014,0.1346958161118714,0.30885243165848014
1015,0.13456735698409567,0.3088885658128522
1016,0.13448515776609565,0.3088672794263155
1017,0.13439249315513943,0.3088300514650534
1018,0.13428924605435374,0.30880591493812315
1019,0.1341191896348211,0.30863949471629953
1020,0.13402252193972347,0.30860420611049405
1021,0.13395419982425,0.30857380228883885
1022,0.1338905012665207,0.30855796588173035
1023,0.13381164482010005,0.30857903599836234
1024,0.13368393686353264,0.3084492022344885
1025,0.13357073708009765,0.3085107187524289
1026,0.13350015648610397,0.3085090560476
1027,0.13334618571813597,0.3086050671559182
1028,0.1332185644735514,0.30863519217905355
1029,0.1330950498807114,0.3086968670689877
1030,0.13298951865869765,0.3087712252617896
1031,0.13287920191715677,0.30879451956590204
1032,0.1327429301900313,0.30886249284879025
1033,0.13261193813312533,0.30888958035124514
1034,0.13249721344808305,0.3090250685500431
1035,0.13239706596875342,0.30894204388830604
1036,0.13230900946534616,0.3089566338164626
1037,0.13225762604226768,0.3089605715667502
1038,0.13214491396820482,0.3091517944695892
1039,0.13205804594688123,0.30919160878904706
1040,0.13198280117773065,0.30919397454912434
1041,0.1319172980265217,0.3091478871080133
1042,0.13185064161419757,0.3091297083879444
1043,0.1317686642389925,0.30910437040860383
1044,0.13162497889138583,0.309087598971734
1045,0.13150514318899842,0.30908570680560754
1046,0.13141467202772109,0.30912388395138457
1047,0.13130106073153175,0.3091293052044642
1048,0.13117978924749868,0.3091039084624295
1049,0.13110728739493238,0.3090702747849146
1050,0.13101023923710214,0.30900519396726017
1051,0.13092541426553422,0.3089856555768677
1052,0.13082800319324417,0.3090329915537822
1053,0.13071400317892354,0.3089713856966215
1054,0.1306140548398111,0.309019700280253
1055,0.13048131855517842,0.30897308131336626
1056,0.13038041459260957,0.3089254283234386
1057,0.13031768088367993,0.30887580234384415
1058,0.13018022688683414,0.30887569253723485
1059,0.13012495934861468,0.3088822985441315
1060,0.13000781148457485,0.30891552412844203
1061,0.12992421026601333,0.3088842353982022
1062,0.12980203971966106,0.3088671132441224
1063,0.1296913328892541,0.30892722608929407
1064,0.1295975449337523,0.3088664774674302
1065,0.129485401829558,0.308811168222139
1066,0.12942851827900115,0.3088046092447735
1067,0.12932664964455387,0.3088163712716117
1068,0.12920797825866104,0.3087549214738398
1069,0.12910202230059253,0.3086888157738006
1070,0.12903845382714194,0.3086723660113121
1071,0.12894568926679503,0.3086327645474612
1072,0.12883189266007777,0.30859404855995093
1073,0.12871184931461602,0.3085071249230242
1074,0.12861444350625273,0.3084467785145379
1075,0.1285186774181334,0.30848544907917763
1076,0.12841355128374266,0.3084236646757371
1077,0.12833297956338963,0.3083782332725535
1078,0.12821625034700176,0.30844845396509146
1079,0.12812404874698352,0.3084292863138767
1080,0.1280497495505449,0.3084842700084974
1081,0.12793640634366468,0.3084786850199696
1082,0.12781116031323056,0.3084032602120766
1083,0.12772630222385964,0.3083772101873604
1084,0.12760084726958024,0.3082849322832386
1085,0.12750328093006752,0.30825857594754746
1086,0.12738750736026297,0.30819155819849287
1087,0.1272675743352447,0.30837891992172795
1088,0.12716097365935275,0.30831720841402727
1089,0.1270644849419283,0.3083023763185159
1090,0.12693834473058185,0.3083036032925218
1091,0.1268439221836262,0.30830954230011526
1092,0.12673218098316671,0.30830565794720305
1093,0.12663195389830573,0.3083326248105615
1094,0.12654783940421446,0.30832042267673204
1095,0.12648500441956312,0.3082126122572829
1096,0.1263658062582417,0.30818825387594645
1097,0.12617871699161384,0.30816089098266225
1098,0.1260992219911665,0.30809333156057445
1099,0.12596669830756527,0.3080303511398024
1100,0.12590258758096984,0.3080306790100062
1101,0.12577685204350514,0.30809095086772315
1102,0.1256592010497318,0.30808321116960513
1103,0.12554654345167965,0.3079363288300638
1104,0.12548715949150116,0.30793214437160377
1105,0.12540762841230643,0.3078978565326857
1106,0.1252638667390335,0.307952480914998
1107,0.125140610102195,0.30788754012486186
1108,0.12504066013910758,0.3078838068568488
1109,0.12494334350667315,0.3078544000618381
1110,0.12485622403218598,0.30797401710627453
1111,0.12478571258085683,0.3079869766507231
1112,0.12468328387486911,0.30804123683049756
1113,0.1245841696610485,0.30809764289163905
1114,0.12447737451057177,0.3080428147315272
1115,0.12436045140447985,0.30807657081537465
1116,0.12430770498630365,0.30809629733959853
1117,0.12419245212202647,0.3080662716424523
1118,0.12414032563443202,0.30799316255932413
1119,0.12406119442449363,0.3079296768585755
1120,0.1239762146302032,0.3078846891954287
1121,0.123892639784005,0.3078691466006887
1122,0.1237933412742361,0.3079167426934919
1123,0.12367095807759193,0.3078750153120386
1124,0.12361634780773313,0.3078394374256719
1125,0.12350941174933032,0.30774209112483686
1126,0.12343348086255862,0.3077698433910882
1127,0.12334081780504012,0.30777594573855716
1128,0.12327561650433522,0.30772116125909155
1129,0.12320066257240031,0.30772858215095616
1130,0.12311537220111098,0.3077879083465599
1131,0.12298354125684134,0.3078940233746688
1132,0.1228372949992612,0.3079559690599342
1133,0.12278781139028407,0.30797568389010394
1134,0.12267535990568931,0.307895675266514
1135,0.12259271646162247,0.3079260596189979
1136,0.12252450874988809,0.3079559524309914
1137,0.12241308548334391,0.3079516205372807
1138,0.122311389658379,0.3079027668239067
1139,0.12223244294073679,0.3078381800403863
1140,0.1221467086301549,0.3077903276999321
1141,0.12203288870013239,0.30781518113163653
1142,0.1218873253957118,0.30791561105848864
1143,0.12180899770091826,0.30787738633111267
1144,0.12173394948615976,0.3078899626160027
1145,0.12162426182052465,0.30787770141888354
1146,0.1215182924650097,0.30782263361212714
1147,0.1214364862581981,0.30776364424107916
1148,0.12136652904925976,0.30772827103777034
1149,0.1212468389264438,0.30767937022057645
1150,0.12118591814248023,0.30767287769143814
1151,0.12110863602968816,0.3077050351718634
1152,0.12096504807802481,0.3076792795123142
1153,0.12088920514677243,0.3076158356202583
1154,0.12081793822493356,0.30762520549972744
1155,0.12075503689389808,0.3076419499822631
1156,0.12065097813057173,0.3076148427730152
1157,0.12056489651275719,0.3076318283250477
1158,0.12047532075580819,0.3075477153373235
1159,0.12037227741068658,0.3075446495876949
1160,0.12028914243944946,0.3074288385735557
1161,0.12020653567820609,0.3074588959136958
1162,0.12008450031053873,0.3074083571411476
1163,0.11995201205281086,0.30737281662807603
1164,0.11984716286651026,0.3073496250221184
1165,0.11971919620277784,0.30745316795700856
1166,0.11964409547756875,0.3074445579569223
1167,0.11954053293063456,0.30750217898836346
1168,0.11946624814737833,0.3074760311714224
1169,0.11939051938489513,0.30745368886099295
1170,0.11927239044132565,0.30754454007407006
1171,0.11916357362659073,0.30765223015791504
1172,0.11904599366194783,0.307689701216059
1173,0.118961108983514,0.30772108468349424
1174,0.11887446047841341,0.3077263028770193
1175,0.11881326718326646,0.30773835717406267
1176,0.11875803424875701,0.3076784145758022
1177,0.11868373828569831,0.30766445801090403
1178,0.1186070475416956,0.3076587987706836
1179,0.11849316987661154,0.3075641518916493
1180,0.11840062536278877,0.3075243558508126
1181,0.11828062478600933,0.30741995264063354
1182,0.11818942716537145,0.3073335256233987
1183,0.11811202319270925,0.30731556398538856
1184,0.118025670796383,0.307356388787098
1185,0.11795678573168179,0.3073656901026046
1186,0.11787917534121145,0.30733350392502073
1187,0.11779003067236733,0.30738899332505676
1188,0.11771617721010444,0.307408763476229
1189,0.11764724909295315,0.30730601521683687
1190,0.11754256353820187,0.3072388917595847
1191,0.11745522537705566,0.3072716379168066
1192,0.11738821000174365,0.3071885061421746
1193,0.11729456770675765,0.3072140590000696
1194,0.11720181419300195,0.30734176521943846
1195,0.11710566820182242,0.3073067900248576
1196,0.11702124926261373,0.30735428787162905
1197,0.11691411397680511,0.3074770386325747
1198,0.11685440749709819,0.3074347860255667
1199,0.11677415686772143,0.30744846679758997
1200,0.1167007592518964,0.3074538681272381
1201,0.1166521316921042,0.3074094989931239
1202,0.11658322333531912,0.30738539989942837
1203,0.1165316592846903,0.3073346938328501
1204,0.11641851740861267,0.3073582348379948
1205,0.11632350702042249,0.30736633421130144
1206,0.11617982959171731,0.307368569114796
1207,0.11609702114143479,0.30728991112702697
1208,0.11602726150863751,0.30731027884099177
1209,0.11597050084270627,0.3072927442424936
1210,0.11589225162878014,0.30720693332559007
1211,0.11585287208041453,0.3072050724896944
1212,0.11575156252327978,0.3072020564779157
1213,0.11566144389384603,0.30738868554220905
1214,0.1155632407574928,0.3073705265208831
1215,0.11549928166163724,0.3073502859883107
1216,0.11544162148426129,0.3072662588382426
1217,0.11535261299919965,0.30729734296896005
1218,0.11529778285858158,0.30730429536783965
1219,0.11524186794895161,0.3072378603176435
1220,0.11516722264580072,0.3072083701295089
1221,0.11503651855998658,0.3072346013507738
1222,0.11495221569081424,0.30719532942671085
1223,0.11487222508036353,0.3072681315611092
1224,0.1148183824636018,0.3072264915809649
1225,0.11476312713710966,0.30717274046837606
1226,0.11465101078456082,0.3072622598405445
1227,0.11458388169330545,0.30731237348789664
1228,0.11446233554959467,0.3073399509374173
1229,0.11439714728671199,0.30731577183844205
1230,0.11431202164804644,0.30737209270784627
1231,0.11422718379013787,0.30733204579226764
1232,0.11413175624690955,0.3074820553594974
1233,0.1140417619153898,0.307533723075243
1234,0.1139395301708286,0.3074892553538896
1235,0.11383425508125569,0.30740827384207975
1236,0.11377994894499419,0.30742477217355424
1237,0.11369956170074846,0.30743742728850487
1238,0.1136209981331913,0.30742359342143366
1239,0.11353442543617565,0.3074292782611023
1240,0.11344861216368562,0.3074806939809267
1241,0.11335583079952274,0.30748744188431143
1242,0.11326222940178568,0.30746675900971615
1243,0.11320196672037211,0.30748367513787755
1244,0.11311835303036753,0.3074550829904826
1245,0.1130633379078556,0.30735610992565504
1246,0.1130138545981413,0.3073543917340353
1247,0.11290761968155623,0.3073397110207822
1248,0.11281325193392615,0.3073095669999607
1249,0.11272194732682697,0.3073464283178939
1250,0.11266376487822866,0.30735399727557794
1251,0.11257135072482048,0.30739335825633124
1252,0.1124839078855146,0.30751468617265315
1253,0.11241204043799886,0.30751560863766386
1254,0.11232244610802164,0.3074249381914205
1255,0.11228404768682722,0.3074081259062086
1256,0.11221112566022977,0.3073912192266175
1257,0.11213041547207596,0.3074564891600722
1258,0.11207109486611584,0.3074864337750865
1259,0.1120010452048526,0.30743877812274467
1260,0.11190340382206343,0.3075430813496306
1261,0.11179656651114334,0.3076044755635546
1262,0.11168051734617568,0.3075961022448676
1263,0.11158983113472208,0.3074761787558993
1264,0.11150072130363278,0.3074760496924697
1265,0.11141144645314545,0.3074054942877668
1266,0.11131422125822503,0.307398739103606
1267,0.11122850668488238,0.30744214947934917
1268,0.11113352900260409,0.30740771565486147
1269,0.11105045375141526,0.30742182448349825
1270,0.11100374529453197,0.3074277475739424
1271,0.11090580781198796,0.30742890589688804
1272,0.11080668520146293,0.30753061613477595
1273,0.11074208504716242,0.30751606527652553
1274,0.11066944291757344,0.3075708153140536
1275,0.11059312659554203,0.3075793851592136
