0,0.6809509467266025,0.681513392146801
1,0.6699010585661379,0.6716739132305696
2,0.6583720724396028,0.6614075523604782
3,0.648271800937681,0.6516841505331927
4,0.6372768411994247,0.6414091267835395
5,0.6284117756690344,0.6332231188456198
6,0.6197018606367614,0.6256873427353409
7,0.6115079494010494,0.6179860018332279
8,0.6035643924894479,0.6103863897806111
9,0.5948247226801113,0.6023397848804013
10,0.5871629199401184,0.595474031927753
11,0.5799940216917242,0.5886835761742193
12,0.5738274575922724,0.5829150871727048
13,0.5675022422246078,0.5772369522981048
14,0.5614110498932179,0.5715757111068858
15,0.5550656484364576,0.5659015081730463
16,0.5487588841402415,0.5604411592884683
17,0.5433185651236028,0.5551919270497585
18,0.5387306097929135,0.5509737870132371
19,0.5332812133973901,0.5457886839454961
20,0.5288483472950322,0.5422654470055995
21,0.5249512077251143,0.538885172213665
22,0.5201780256175331,0.5352050745208707
23,0.5161814590985881,0.5321663738989306
24,0.5129072195118345,0.5293836838117386
25,0.5092524172710905,0.5264783954327984
26,0.5054884802060711,0.5230242854167608
27,0.5020834859011929,0.5200079846430524
28,0.49851209737835966,0.5168584282476565
29,0.49481550327506585,0.5136524185110337
30,0.4916149762581441,0.5105988833147708
31,0.48812715551946134,0.507487628383225
32,0.48503939107685784,0.5047522630804362
33,0.482224185923533,0.5018826778172925
34,0.4792550208922619,0.4996983318677265
35,0.4768515193036096,0.49763113282044064
36,0.47455044757174236,0.495695103743373
37,0.4721582765418778,0.4937189603529688
38,0.4685537090350654,0.49068336181447264
39,0.46643140245259535,0.48878979373921766
40,0.4641316897865558,0.48697786379068486
41,0.46137427724944113,0.48459989753852173
42,0.4591982836962516,0.4829673583411391
43,0.45688472103918637,0.48135343557937577
44,0.45481850634978194,0.4800314826012491
45,0.4528116033439575,0.47866867482379283
46,0.45047641112042447,0.47720888513839255
47,0.44876261636788717,0.4761276181640481
48,0.44751073202839375,0.4748093347152099
49,0.44530249589988014,0.4731106246294991
50,0.4434241967607379,0.4711733790361274
51,0.44203737851020447,0.46988085155239023
52,0.4403379331947646,0.4685011677351408
53,0.4385075064245098,0.4670587557018492
54,0.43663135117652074,0.46548181354199675
55,0.4351767906930685,0.4645358325545668
56,0.43339571253164605,0.46302994883321796
57,0.4317475781418237,0.46141758014784207
58,0.4302089207072337,0.46019346001907807
59,0.42875787827804007,0.4588148945697891
60,0.4273144588270346,0.45735756325743854
61,0.42601515605827406,0.45603972107959084
62,0.42451150776776303,0.45495095234210475
63,0.4232263511556948,0.45409410243140225
64,0.42156190430523,0.452906394726199
65,0.42033087442020106,0.4522001244470254
66,0.4187164340979531,0.45097217300865766
67,0.41745695571672065,0.45023768573869066
68,0.41613551647188884,0.44950897964654984
69,0.41514736152343545,0.4487582940790929
70,0.4140324568353281,0.4477503209857252
71,0.41302423186920284,0.44674522955011303
72,0.4117530512734267,0.4458688762494719
73,0.4104117756968016,0.4447292340432681
74,0.40918917297532487,0.4435931741730268
75,0.40806046718472966,0.44256016689402405
76,0.40696674668599453,0.4415888455358764
77,0.4059495814782915,0.4405512265005432
78,0.4050889359548899,0.44001056459567417
79,0.40419757648144283,0.4394776064553953
80,0.4032035553561922,0.4389648590066752
81,0.40228745594032356,0.4385031689881618
82,0.40124043025611084,0.43769086566128695
83,0.40035443619237754,0.437135550772871
84,0.39899305615556546,0.43618536742612796
85,0.39818607851666793,0.4355771113369682
86,0.3970940056600848,0.4346750070148249
87,0.3962501716252619,0.4341088697496492
88,0.39535096972655326,0.43337019540285976
89,0.394537117024169,0.43261888205767124
90,0.39358141909899,0.4321121955393017
91,0.392706062147953,0.43140219530167856
92,0.3918521776739883,0.43091354189484726
93,0.39086925851697807,0.43035362632854957
94,0.38983069949716087,0.4296236197654381
95,0.389160497777806,0.4289939916901983
96,0.3884867575081578,0.42860280903133513
97,0.38778025506520825,0.4281564097382075
98,0.3869080722539218,0.4275606011490588
99,0.38606805933270766,0.4269595816152485
100,0.3855038141239243,0.4264167015835355
101,0.3846160954848276,0.4256800444951252
102,0.3839500611469886,0.42505060818952084
103,0.3831185813847978,0.42467103507690596
104,0.3823903268765124,0.42416819708483094
105,0.38155074190391863,0.4237717202880616
106,0.38078304520235307,0.42314589506756933
107,0.3800661317210414,0.4224671607281193
108,0.37913685986739337,0.4220916744406222
109,0.37846555672391696,0.421602160582882
110,0.37779488965687635,0.4213851270413767
111,0.37668619679922144,0.4204405927383044
112,0.3760898680360731,0.4200511145040009
113,0.37557112507157625,0.4196167706572612
114,0.3749160101581277,0.41936730695038144
115,0.37390139360033553,0.4189299600105736
116,0.3732771882021845,0.4185528649124656
117,0.37240981498026865,0.4178615083582273
118,0.3716831243205432,0.41738541316238836
119,0.370835275101786,0.4167804097831728
120,0.37029711338213844,0.4164428721637358
121,0.36947104128723796,0.4160688865228677
122,0.36891551114857446,0.4155628948254117
123,0.36846172763716944,0.4153952639184981
124,0.3675618592195485,0.415063177344469
125,0.36684577881564623,0.4147380992030223
126,0.3659332275523836,0.4142377314749911
127,0.3651975377827979,0.4139002142578358
128,0.3642305524111801,0.41340225591846896
129,0.36362187468164875,0.41282088403304035
130,0.3631679889231898,0.41233444280761566
131,0.36255933113834654,0.41198023422517466
132,0.3618928737807043,0.41143634407503515
133,0.36124965517062657,0.4111284442325696
134,0.36081014580234627,0.4109983372541974
135,0.36005102313716386,0.4105163926945512
136,0.35952022380484877,0.41037375404512205
137,0.35901206412089204,0.41013657320505836
138,0.3583149872822,0.40970595282924244
139,0.3576990188959073,0.40942692088843685
140,0.35718023855824726,0.40911005901663205
141,0.3567871453487047,0.4089095579003591
142,0.35621610590237557,0.4084661023716941
143,0.355578344203356,0.4079571610818638
144,0.35503129685505286,0.40756921058466156
145,0.35443419968116835,0.4072285870856626
146,0.35372083332007537,0.406812726654191
147,0.3531511394297304,0.40645553971503295
148,0.35261560486953847,0.4061822244115157
149,0.3520475526897434,0.40580409505246434
150,0.3513598190160315,0.4053921879866219
151,0.3507378797858828,0.4051586133657562
152,0.35029391322755804,0.40484421295242773
153,0.3497959653311993,0.40453099068260145
154,0.3493794610431066,0.4043287033554581
155,0.3489320826147104,0.4040680767427893
156,0.3484369090836664,0.4035852092948594
157,0.34785359386314907,0.40330234958668476
158,0.34737697747303115,0.4028603670964667
159,0.3467904299623415,0.40259197157805743
160,0.34638195865823873,0.40240418432930897
161,0.3460224445105369,0.4021224102366853
162,0.3456561032443062,0.4019203954353476
163,0.3452011983677919,0.40153599305661
164,0.34468758124363225,0.40109484770813353
165,0.34411284528063996,0.4005220070805196
166,0.343661887994439,0.40014067257598174
167,0.34324511350207687,0.3998279963970565
168,0.3428472069917496,0.3996102879365953
169,0.3422838823653819,0.3990352390969583
170,0.3418800241862215,0.3987495619677871
171,0.3412781523687241,0.3985234466553351
172,0.340917507475619,0.398211229877047
173,0.3403813365577675,0.3976712210387297
174,0.3398185255274691,0.3972810423204204
175,0.33925145291308184,0.39668041134803533
176,0.3387225128401294,0.39648462250487204
177,0.33812949194605013,0.39579454243307827
178,0.3377216384536373,0.39558860616201275
179,0.33708520222160165,0.3948862408392725
180,0.3365527873566022,0.39460147727049594
181,0.3360527812535425,0.3943272583668137
182,0.33562301128162825,0.394080312731512
183,0.33505831551161064,0.3938396636651403
184,0.334663797703694,0.3934861324637851
185,0.3343257658999494,0.39336469527468276
186,0.33388324662106844,0.393053439101066
187,0.33317728186507717,0.39287131467343805
188,0.33296117440202794,0.3926862137154566
189,0.3323138667627159,0.39241749593616415
190,0.3319289225993365,0.3921162251721979
191,0.33140473805602916,0.39181179536866906
192,0.33096984530393675,0.3914355221788027
193,0.3305918734871278,0.3911407583428258
194,0.33002254502676187,0.39080359047094343
195,0.32960735338221775,0.39053699967815847
196,0.3292254771151968,0.39027637846616503
197,0.3287378538123336,0.3901256373090526
198,0.328208656332645,0.38960817677509774
199,0.3278639031079676,0.389505475647758
200,0.3272588558593103,0.389076838827814
201,0.3266439173164307,0.38850071112196144
202,0.32629335615233507,0.38846550324913776
203,0.3259186130382448,0.3883528048778648
204,0.32546709514719574,0.38813400654845537
205,0.3251114458637555,0.3876992017686074
206,0.3247033568556592,0.3875479551529161
207,0.32436678935834956,0.38729675140307124
208,0.3240578035644304,0.3871969690623943
209,0.3236272011219582,0.3869881704087385
210,0.3231346461989461,0.38684252086654336
211,0.3228755421179798,0.3866238719897568
212,0.32251229499072864,0.38648706899528956
213,0.3221493035773204,0.38611901946701016
214,0.3217166469799901,0.3858512760115793
215,0.3213123149683258,0.38572848744869326
216,0.3209247449183985,0.38544982831939206
217,0.3204307698170364,0.3852141234726208
218,0.3200752381091974,0.38504834676687855
219,0.31969335950542865,0.38482603448504243
220,0.3193698866283121,0.3847107469696356
221,0.31898597663031164,0.38452567617753364
222,0.31860334763818204,0.38443753045116474
223,0.3182188058135555,0.3843377367976523
224,0.317857888647706,0.38399681280864373
225,0.31737282872755057,0.38372896279599217
226,0.31681481478511475,0.3836176531360507
227,0.3165037288636465,0.3833568680049927
228,0.31603222940351167,0.38308646065058777
229,0.3154738582698441,0.38283698851969095
230,0.3149959788388758,0.38257074182861617
231,0.3145047576252953,0.3821253360777136
232,0.31408867641251054,0.38187338218056055
233,0.3136413536553262,0.38162174081530076
234,0.31326979538969285,0.3813640424909116
235,0.31284780162778597,0.38112177213752124
236,0.31240807563022077,0.3808392776780212
237,0.311997281791245,0.38064250507506675
238,0.3116075437241226,0.38046725845642654
239,0.3110193636944609,0.3800863782235801
240,0.31058719507408167,0.38006676688983093
241,0.3100795983742744,0.37987638471292884
242,0.3094169732848349,0.3795093318023044
243,0.3088060780464197,0.3792438839485851
244,0.30845093760969683,0.378984160704431
245,0.30814268790612837,0.3788431495316071
246,0.30774348758129616,0.37872885813504015
247,0.30730048992777687,0.3784912715388748
248,0.3068745306382885,0.3782520312577643
249,0.3063206366356532,0.377892612675665
250,0.30592093794894093,0.3776565099308544
251,0.30555751307899615,0.3774786203848897
252,0.30525496010378333,0.3773028493891556
253,0.3047635879932813,0.37690284864136797
254,0.3044881792463823,0.37684793279404283
255,0.3039645234001225,0.3764709350916532
256,0.30340254357487506,0.3762350091812075
257,0.30299222184220703,0.3760463024143392
258,0.30258570260687206,0.3757041465549148
259,0.30219057417142353,0.37550674642373155
260,0.301736130542648,0.37526708496762906
261,0.30134164166192956,0.3749972142465113
262,0.30113665635972986,0.37476970643939705
263,0.30079568311597976,0.3745675193575243
264,0.3004590591444903,0.3742535932319076
265,0.30001142480428444,0.373921984007726
266,0.29967319588855684,0.3737901667568911
267,0.29924738857463123,0.373602821783584
268,0.2989054682320213,0.37339655962351304
269,0.29867754640903665,0.37324680950490124
270,0.2983863085234523,0.3730567438223642
271,0.29810920600629726,0.37295618841439204
272,0.2978322603158155,0.37271955201194307
273,0.29733356024939517,0.37235015720558445
274,0.29700030013456336,0.3718678903025378
275,0.2967044162356531,0.37174796627223583
276,0.2962260689130337,0.37168015518966885
277,0.29600548765663476,0.3715220059166831
278,0.29576487858833617,0.3714313911479828
279,0.2953966603733956,0.3712742962761301
280,0.2951204346398991,0.37130751122954564
281,0.29480366699669536,0.3712112758882176
282,0.29447844934790607,0.3711856756515988
283,0.2940226816323634,0.37082248149727837
284,0.2937676158696894,0.37064914013328615
285,0.29340307997701065,0.37031958747129373
286,0.2929442140077402,0.37016277634788863
287,0.29256666817653554,0.3698581393757638
288,0.29215838021555046,0.36951026413005417
289,0.2916721222264938,0.3693480722147744
290,0.29140639094196896,0.36908563560027247
291,0.29108589523323186,0.36874125307172195
292,0.2907898252326204,0.3684563282602822
293,0.29053275264764444,0.3682953593184606
294,0.29007696577743053,0.36803574870028105
295,0.28979322843962224,0.36786758054004526
296,0.289531362716868,0.3676538138275694
297,0.28911856120266805,0.36763581094841663
298,0.28872655191661584,0.36753103251636143
299,0.2884520903888369,0.367228429559422
300,0.28797780815627577,0.3669793995134834
301,0.28773283164902896,0.36690148261503
302,0.28736154392624363,0.366678348000317
303,0.28690625282399024,0.3664119701681146
304,0.2863986808977797,0.36627182850873335
305,0.28609535037205713,0.3661018941978357
306,0.28578243414432675,0.36588152551605696
307,0.28540002361128697,0.36564996055142307
308,0.28498326434386345,0.36542386005496136
309,0.28469119565286205,0.3652483745065189
310,0.28426108556666146,0.3649986017633802
311,0.2839714445937855,0.3649570331086144
312,0.2837722912108836,0.3648461510317429
313,0.2834281450614374,0.36462512873460196
314,0.28306491882800466,0.36440026590945473
315,0.2826715212788036,0.3641380556853726
316,0.28238376372093477,0.3640671196853296
317,0.2820317916662752,0.36383876990282404
318,0.28158597326401535,0.36345160612430355
319,0.28125216194498115,0.3632264508123186
320,0.2809099934575189,0.36311971594106
321,0.2805779592619956,0.3628754518158574
322,0.2802444232943664,0.36255254562131306
323,0.2798893947532641,0.36255490178294913
324,0.2794084314794377,0.36227613814696213
325,0.27905624905827325,0.3619557048852914
326,0.27874618972579274,0.36195029981103255
327,0.27836012048403974,0.36175086179213006
328,0.27805512954453426,0.3617667945709675
329,0.27779322538662704,0.3615145748251894
330,0.2774306834003071,0.36118701357747124
331,0.2769593437974021,0.36093595684791574
332,0.27664250923958494,0.3606566541316135
333,0.276229057232529,0.36057811097571185
334,0.2759500562012388,0.3602991062494679
335,0.2756335734303459,0.36042236925204163
336,0.27513888334521946,0.3601132189447358
337,0.2749067974682256,0.3598821789958342
338,0.274491907174412,0.3595459786545699
339,0.274075773429206,0.3592015164631673
340,0.27364372710787777,0.35895019465002276
341,0.2732212788698053,0.35858817409041693
342,0.2727527360413117,0.3582723655538834
343,0.27252658143609965,0.35818530386299413
344,0.27226115771328097,0.3579671448308606
345,0.2718998501440388,0.35786665551728086
346,0.27157890031251597,0.3576724001404902
347,0.2712651817329267,0.3573858463522921
348,0.2709247953125937,0.3574478280809177
349,0.27063793120089374,0.3572157215685063
350,0.2703033336097116,0.35698728541136193
351,0.26999776852776225,0.3568878902683377
352,0.2696604767126483,0.35660220312507157
353,0.26933052016342135,0.35630280503154466
354,0.2687269112246487,0.35605534777795833
355,0.2683085724803926,0.35587576754249567
356,0.2680208504214783,0.35582503434993934
357,0.26766541365072455,0.3556312262606247
358,0.2674221998838713,0.3555487741347364
359,0.26685806287224545,0.3553334868750048
360,0.266552823969203,0.3550863480726367
361,0.26622018410271736,0.35481544990811936
362,0.2658737968271383,0.3547270962347261
363,0.2655318695038875,0.35448704746550125
364,0.265212212286118,0.3543888233360026
365,0.26495284800837937,0.35430449365849026
366,0.2647111168811627,0.3541562295337903
367,0.26430731431585935,0.3540995945237972
368,0.26397993296073985,0.35393596744960176
369,0.26366133930733754,0.35391331135922843
370,0.26318320323004746,0.35367255992344554
371,0.26284704928899005,0.35338578227600237
372,0.26241285646593776,0.3530741892802494
373,0.2620281521938621,0.3526212097425373
374,0.2615331844964393,0.3522206094110263
375,0.26121503424971576,0.35178602948186766
376,0.260698716529685,0.3515027128538946
377,0.2602679466424907,0.3514214225333347
378,0.25996889065010303,0.3511593092198128
379,0.25968962701683695,0.3510849909704333
380,0.2593038770899099,0.3509353085110305
381,0.2589625421682984,0.3507912329690163
382,0.2587384656589707,0.3507081349945396
383,0.2583858219031101,0.3504138056198126
384,0.2579893461059245,0.3504172865426535
385,0.2576732908914188,0.35021847926634897
386,0.2573512326273813,0.3500670424294273
387,0.2569843640628215,0.34982998336166643
388,0.2565625756238926,0.3495164214822608
389,0.256098538716718,0.3492188410578804
390,0.2557114635614772,0.348940668232086
391,0.2553985437407427,0.3488517031056664
392,0.255002648667008,0.3487860094418443
393,0.25463453047523316,0.3486122085201411
394,0.2542576416975397,0.3483848503770301
395,0.25387987907793674,0.3481305043320276
396,0.2535537375368017,0.3479400295763775
397,0.25324238443422,0.34783200555294325
398,0.2529480543282685,0.34773699818216003
399,0.2527396203933859,0.34775990364810444
400,0.2523509761110884,0.3475621406706671
401,0.25201213609048856,0.34757717087263873
402,0.2517168924771203,0.3474804600018603
403,0.25132091521942973,0.3471415126899064
404,0.25093369633662427,0.34712954436816873
405,0.25061672051380074,0.3469819564483787
406,0.25033810275539975,0.3468850887824441
407,0.24991302703594434,0.3467210401710267
408,0.2495205424095106,0.34667719828729743
409,0.24913432859097104,0.346619135860104
410,0.2488732691516585,0.34633535166679386
411,0.24853082789745998,0.3460632982474218
412,0.24822002282606215,0.3458307220377675
413,0.24790675304080761,0.34560994766553216
414,0.24758546086555974,0.3455637879703416
415,0.24730638069197117,0.3455355725260918
416,0.24700809470700483,0.3453834443927695
417,0.24660043941631724,0.3453368771457674
418,0.2463397112327413,0.34526446770474684
419,0.24591393740665005,0.34496217387007316
420,0.24565575265739348,0.3449758152795294
421,0.2453660635212411,0.34488585756763457
422,0.245033994213446,0.3446501478789563
423,0.24476488788806686,0.3444658127426199
424,0.2444585073014954,0.34422991696836286
425,0.2441070445616428,0.34410979523479274
426,0.2438196329756561,0.3440980391911329
427,0.24335859280781738,0.34401240668673366
428,0.24307455164284394,0.34394900631710695
429,0.24282903250872068,0.34395064501791095
430,0.24251542154163944,0.34381815090165596
431,0.24210751976383985,0.3435479427780401
432,0.24179442349367117,0.3433297137075358
433,0.24153810748027932,0.3432040119075137
434,0.24128134368643855,0.3432068519353133
435,0.24090676052393617,0.34290228206346696
436,0.2406528246222905,0.3428113861079189
437,0.24036710657159005,0.3427783075011237
438,0.24011470737300677,0.34266270245228325
439,0.2396596139192818,0.3423074267106787
440,0.23917063707700875,0.3419854427856474
441,0.23882581202370196,0.3420468743829791
442,0.23851849222178786,0.3418952236185041
443,0.2382212357083532,0.3417945952952068
444,0.237934633795295,0.3416452146959754
445,0.23757307159825178,0.3414697281198154
446,0.237179493599578,0.3413690950935873
447,0.23694264967025053,0.34125945251015727
448,0.2365659419840342,0.3412386710795499
449,0.2363039230849656,0.3412779541629436
450,0.23600824222223973,0.3411136677373718
451,0.23566360947605927,0.34084809271757754
452,0.23515919743784314,0.34067247081034197
453,0.23491442942289256,0.3405952713630071
454,0.23452760041063467,0.34029365570243253
455,0.23420421884799672,0.3402337942192721
456,0.23399150349349634,0.3401496799188128
457,0.23364716674646846,0.3399597433866805
458,0.23333828999892872,0.3399045062410819
459,0.2330435662055566,0.33967941657338474
460,0.23277798633414698,0.3396222064097467
461,0.23256643994928503,0.3395103296489338
462,0.23220250417154836,0.3393588923352336
463,0.23192828054985515,0.3391739653850838
464,0.23160156570809753,0.33903627353164395
465,0.23134321916449713,0.33878184232496267
466,0.2309963738641521,0.3384999619501839
467,0.230693615869387,0.33830302686846064
468,0.23034187752095767,0.3380674567978585
469,0.2301436006164385,0.3378953946808379
470,0.22985151726664638,0.33758886676761035
471,0.22953653767027807,0.3374681198595537
472,0.22928352492091553,0.33737733466541886
473,0.22900844051016747,0.3371935700757111
474,0.22871597762665263,0.33715943714953456
475,0.2284541104959293,0.33702658444714495
476,0.22821090640354488,0.3370052763044898
477,0.22799520197860768,0.3369097146068525
478,0.2277207442121971,0.33690242673986925
479,0.22743362236998352,0.33675347361598706
480,0.22709807427195305,0.33653852386394845
481,0.22681692852989035,0.33635450384624477
482,0.2265613586328478,0.3363133610695362
483,0.22640287730151795,0.3362626753752857
484,0.22607057648917891,0.33592070728731777
485,0.22584520957703505,0.3359420547587278
486,0.22568056679871706,0.3359153587803227
487,0.2253898896363908,0.3358008781261692
488,0.22514203078128991,0.3357013690291291
489,0.22489476889401475,0.33576771752020657
490,0.22463219554186875,0.3356940005353084
491,0.22435294428615024,0.3356328953552052
492,0.22390564548479347,0.3354221858920641
493,0.22367280512226703,0.3352888353385772
494,0.22346853025429653,0.3350999900205029
495,0.22328800117300496,0.33491592696361566
496,0.22289453383404711,0.33467179446969914
497,0.2226054025700615,0.33449261725757135
498,0.22228744670819017,0.3344599375494406
499,0.22202177232338116,0.33447927006272266
500,0.22175435771458435,0.33436091508203575
501,0.2214605856658153,0.33438105078186253
502,0.22122437384063742,0.33446373279766634
503,0.2209655845027601,0.33411034051561866
504,0.22077322095033103,0.3340744532438804
505,0.22050943431174574,0.33387174087876087
506,0.2201951941027072,0.3337824108302042
507,0.21991841773670662,0.3338254054489069
508,0.2196940898484529,0.33364505539944556
509,0.21949682032274553,0.33358209698568164
510,0.21923755095989023,0.33327806646608527
511,0.2189407713631705,0.3331182628822172
512,0.21871899378071774,0.33320205491398674
513,0.21839772467877275,0.3329577122599932
514,0.2181473683990466,0.3329088452886895
515,0.21793131562477605,0.33282942434917007
516,0.2176249996031192,0.33262289848666277
517,0.21729138329614028,0.3323440676714359
518,0.2169570948494733,0.3321741522135332
519,0.2166862664760447,0.3319673563409455
520,0.21648453917009292,0.33190834290259014
521,0.21618562692192136,0.3318032261613038
522,0.2159408266624417,0.33170760154577816
523,0.21565154085672608,0.3316065475098583
524,0.2154298795621656,0.3315357470282574
525,0.21511742970710776,0.3313673397915659
526,0.21487869231457268,0.3311901074260326
527,0.21461096287017903,0.33114330847489337
528,0.2143958561198274,0.3310445218998398
529,0.21418754945351642,0.3309542584888759
530,0.21392988142339356,0.33085953369112325
531,0.2136392122703952,0.3307029289178555
532,0.21344388205662596,0.33048139735889287
533,0.2131918269131626,0.33050426776119113
534,0.21292781527333382,0.3304238833584413
535,0.212691542825925,0.3302693499389803
536,0.2125162570218102,0.3302510504158105
537,0.2123002172208377,0.3301676882208162
538,0.2120143547857669,0.3301222493291582
539,0.21170012058603696,0.3300092957585579
540,0.21139562058743336,0.3299894158206843
541,0.2111845389859594,0.33009185215829323
542,0.21097721191280855,0.3300213688981824
543,0.21071503085861557,0.3299237635359763
544,0.21052126450450717,0.32981257549954063
545,0.21026345843050065,0.32980156010025596
546,0.21001548288232313,0.32975352954397347
547,0.20980263969865365,0.3297062906161169
548,0.20961690462269084,0.3296065854446174
549,0.20935408013768964,0.3294241486965908
550,0.20911507556589123,0.3293396946890968
551,0.20879150631966825,0.32907411589448554
552,0.20853790917429404,0.328929795652415
553,0.2082695085578442,0.32901354889368445
554,0.20798610211499194,0.32894638279454963
555,0.2077694435309973,0.32888137393782185
556,0.2075595644795039,0.3287890695961121
557,0.2072749226963458,0.328587766086288
558,0.20704747969573742,0.3286301839551035
559,0.2067563201328321,0.32854747529535244
560,0.2065481949983355,0.328449566465119
561,0.20625882934171152,0.32830687031359324
562,0.20597503132431744,0.3282347684676141
563,0.20574308602684688,0.32812852961953437
564,0.20546533699282232,0.3280808709641281
565,0.20526364138930378,0.3279130140759115
566,0.20501799655369146,0.32773127098453764
567,0.20476098224679798,0.327851439537398
568,0.20457491882169457,0.32774573183329153
569,0.2043533701369151,0.3277354034157149
570,0.20413733171800955,0.32769618203452244
571,0.20392268542908012,0.32765253008085565
572,0.20378283654560012,0.32753330085647003
573,0.203595474216211,0.32741089946483914
574,0.20338158738696016,0.3273745714052891
575,0.20316096367871816,0.3272914866006366
576,0.20294440809294104,0.3272318280885007
577,0.20269780439332308,0.3272288752237235
578,0.20246653618100915,0.32694597639422923
579,0.20217297488357755,0.3268899840989573
580,0.2019021097456873,0.326638399363813
581,0.20165181856002054,0.3263091011172977
582,0.20145676208061944,0.3262924773930858
583,0.20131068128786253,0.3262771562939572
584,0.2011308805688176,0.3262673025901998
585,0.20088017901934374,0.3261009833135481
586,0.20066510715739497,0.3260221717180113
587,0.2004651072982496,0.3260657681392934
588,0.20029659777683598,0.3259521303761146
589,0.2000809107248692,0.3258721417092236
590,0.19982565394185275,0.32570875752164846
591,0.19956873998282743,0.3255195528931249
592,0.19927280215832802,0.32551235696054176
593,0.19902473353247266,0.3253813487637604
594,0.19878571704381567,0.3253458192878999
595,0.19860009888942376,0.32530038330892463
596,0.198430053069207,0.3253060483739788
597,0.19822665717918078,0.32525139132032266
598,0.19797596117555133,0.3252004016468517
599,0.19785166772136564,0.3251908038624675
600,0.19768291675914212,0.3251796467432197
601,0.19748759700985857,0.3252712724024065
602,0.197238998154101,0.3252547776406803
603,0.19699217390749157,0.3250008801397817
604,0.19686560849708867,0.325049035232253
605,0.1966504015681582,0.32503788306638026
606,0.1964526528546687,0.3249982927719136
607,0.19629745471779453,0.32495717891595527
608,0.19609977887087227,0.32487869585410145
609,0.19591386953236034,0.3247808537799
610,0.19566889399644574,0.32458833295394174
611,0.19542649198949766,0.3245868635338283
612,0.1952291277348477,0.3244469156674196
613,0.19504907859527712,0.3245228478788139
614,0.19485222869526075,0.32466520819280487
615,0.1945292206246592,0.3245508102620281
616,0.19427848388890726,0.3244008377301509
617,0.1941431773396781,0.3244041269455749
618,0.1939572961475984,0.32445236246344084
619,0.19373261549461263,0.3246671777924182
620,0.19348312604377754,0.3247229743391548
621,0.19326809350505697,0.32474961241220934
622,0.19295427871639984,0.3245980115279484
623,0.19277675628480795,0.32455552339116817
624,0.1926337819299465,0.3245487487805644
625,0.19241415387607402,0.3244597660124245
626,0.1922014994601813,0.3243400415707233
627,0.19199629952964103,0.32431983588146984
628,0.19176545209011517,0.3242342547182769
629,0.1915393519979169,0.32412780628398186
630,0.19135640877587404,0.3240857326953135
631,0.19105445309226438,0.32389330081361445
632,0.19086660119848983,0.3238318215443917
633,0.1906365847133187,0.3236615676200692
634,0.19050060404010852,0.32361951807876815
635,0.19029331625965829,0.323525143212928
636,0.19013777482437827,0.32342599081433304
637,0.1899664121177413,0.32338154501004707
638,0.18970855376617263,0.3231878835862325
639,0.1895186890507321,0.3231483938225257
640,0.18932307179233693,0.3229982582249408
641,0.18914935444297812,0.32292001116173114
642,0.18897494003232193,0.3228850966211593
643,0.18877564297042193,0.322842802876289
644,0.1885785095824744,0.32272529241136527
645,0.18834654967801756,0.3225570783053252
646,0.18815728512909222,0.3225885771195613
647,0.18802498683688626,0.3225349185196418
648,0.1878454066208916,0.3224082928824555
649,0.18759655419377244,0.32242507084278216
650,0.1873553196553498,0.32217734221446837
651,0.18717004471922885,0.322111498423791
652,0.18698524106044434,0.32200878753421935
653,0.1868410578130054,0.32191405972557824
654,0.1866909391207131,0.3218503061389205
655,0.18654154079869922,0.32180785174184706
656,0.1864088176468972,0.32166359041935133
657,0.1862510736617263,0.32167396457401726
658,0.18604179122005335,0.3215633356759236
659,0.18587942260345489,0.321539334785782
660,0.1856746230027443,0.3214020940352225
661,0.18549574600247726,0.32137144194263223
662,0.18528978422474693,0.3213789734787056
663,0.18510244443974713,0.3213203569988196
664,0.184900646590331,0.32127717396901956
665,0.18473737667214568,0.32130846138961083
666,0.1845203526107618,0.32114930685968496
667,0.1843247013978303,0.3213377685586686
668,0.1841576097022926,0.3212043300013438
669,0.1840029674460073,0.3212309005080276
670,0.18380352885302537,0.32117828795839987
671,0.18362725419247894,0.3210273515890634
672,0.18341082562457725,0.3209714966183033
673,0.18324611122854773,0.3210872995351524
674,0.18307757412869996,0.32110696244232667
675,0.18287757148876924,0.3210542875776445
676,0.18268785049649927,0.3209905296628963
677,0.18246422517098354,0.3208609181542081
678,0.1823568673851119,0.32085991703914496
679,0.18219970758085752,0.3207785917098982
680,0.18205339562028522,0.3205447614236565
681,0.18188814256966543,0.32044160092757895
682,0.18169086820857383,0.32030361003771446
683,0.1815222219975912,0.32018161984877475
684,0.18130997600931667,0.3203498050740966
685,0.18117210487570307,0.32035844785155304
686,0.1809691011809462,0.3203743030361815
687,0.18083770835121366,0.3203787269188328
688,0.1806385410625348,0.3203058149990385
689,0.1804401818001451,0.32032450399705925
690,0.18024581002669562,0.32027292649496064
691,0.18003971206529845,0.3202487193919045
692,0.17982906938757381,0.32028773468341803
693,0.17956707878202488,0.32014684723421377
694,0.1794313221248498,0.3201650733805895
695,0.17928460522882986,0.32009413632707806
696,0.17909115236432938,0.31994439326327634
697,0.17893581909479295,0.31991674018510463
698,0.17879788130281254,0.3198645587264451
699,0.1786087038513964,0.3198347897055218
700,0.17848495682245868,0.3199055029232833
701,0.1783124526168458,0.31988849666849994
702,0.17814652798065986,0.31991336170656753
703,0.17799131477055996,0.31990008982057283
704,0.17781827669116146,0.3198430183499771
705,0.17768195988427685,0.3197319170072089
706,0.177475278472298,0.3196598052217213
707,0.17727116267339066,0.3196680848262519
708,0.1771087017680905,0.3196664753709642
709,0.17691861421354568,0.3196515354802362
710,0.17674150790067295,0.3195862631220603
711,0.17652233450335636,0.319568366098357
712,0.17635022844219136,0.3195121660588502
713,0.17616785367243576,0.31947042379289015
714,0.17608000852698602,0.31947538656557173
715,0.1759328315691777,0.31951857149449314
716,0.17563485170834586,0.31945187075878134
717,0.17544720931150257,0.31937608585479377
718,0.17528476621580977,0.3193195121368683
719,0.1751466914761635,0.3193742217836593
720,0.17495973168441903,0.3193988837098456
721,0.17477821594051904,0.3193105053849219
722,0.17464648608256134,0.31927822174148024
723,0.17443673567523102,0.31927241489890285
724,0.17428935315114913,0.31918217415924877
725,0.17410038469897213,0.31918272656821084
726,0.17395501814806671,0.3192368533818155
727,0.17377650829530217,0.3193602380648868
728,0.17356181741019824,0.31933552288318895
729,0.17338678239295938,0.31930891656680976
730,0.17319942176386413,0.3193481199477007
731,0.1730461410182728,0.31931264968894374
732,0.17291909954777746,0.31926978234947867
733,0.172761310977056,0.3192633922286476
734,0.17257135477900387,0.319209995891528
735,0.17240605270293471,0.31910545897187315
736,0.17227096438800132,0.3191826752825529
737,0.17216491592094682,0.3191110928547659
738,0.17202630970069246,0.31906794009725936
739,0.17186642161852406,0.3190569060219044
740,0.1716733142060117,0.3189365160799787
741,0.17146523241050818,0.31886370698978905
742,0.17136868530884847,0.3188570039661717
743,0.17121957281342148,0.3186684392460732
744,0.17103522928556053,0.31860554474485087
745,0.1708907035068658,0.31854378219037816
746,0.1707084593701916,0.31852122269858807
747,0.17053381795341602,0.3183522055863381
748,0.17031327482504408,0.3182704649581782
749,0.17012693070898377,0.3181923895826781
750,0.17000971439978843,0.3181719735140634
751,0.1698642031758883,0.31817616264701054
752,0.16969806160421652,0.3181766312014904
753,0.1695208633404113,0.31809068756038095
754,0.16940701665481178,0.31810275704738683
755,0.16925358739622567,0.31799850550914066
756,0.16904225497364792,0.3180667159014936
757,0.1688803409237571,0.318040944847281
758,0.1686742096105121,0.3179440890526338
759,0.16855742517689454,0.3179067203063505
760,0.16836200149691458,0.3178203657342802
761,0.16821689141194074,0.3177012171778435
762,0.1680896829046829,0.31759124552773194
763,0.1679302109606603,0.3176250696808273
764,0.16779634002563762,0.317553175312992
765,0.16763799788528855,0.3174298289466195
766,0.16746409308893348,0.31735822935732905
767,0.16731199595049442,0.31727363497569827
768,0.16723061692286936,0.3172859950755828
769,0.16709955973096927,0.3172660874450261
770,0.16697830856419954,0.3171934279545804
771,0.16677593021867054,0.3171497841368824
772,0.16658180603780165,0.31729807226366513
773,0.1664638595772583,0.31727126282167906
774,0.16631662428308752,0.3172608171761684
775,0.16616645969241406,0.3171893975390303
776,0.16604055538644025,0.31712385942464244
777,0.16590148736062493,0.31696037320249054
778,0.16575685362806827,0.3168983639979039
779,0.16559978314752402,0.3168261493568675
780,0.1654155280774999,0.3167400127675022
781,0.16526747522133292,0.31674184926504306
782,0.16508805723215617,0.3167893633533099
783,0.16489281100254513,0.31678968420580983
784,0.1646450660060809,0.3167091911762824
785,0.16447352814650695,0.31653666099898753
786,0.16438592186644913,0.3164821292946234
787,0.16420972766319988,0.3164291116864157
788,0.16409247001040536,0.31636428637547165
789,0.16392269917896288,0.3161581916943006
790,0.16374489386860389,0.3160374836014465
791,0.16351088677327835,0.3160615226793423
792,0.16341229221895281,0.315982324355712
793,0.16329113391246752,0.3159767480310118
794,0.16317618459551927,0.3159753748613608
795,0.16301651102975695,0.31601757746966946
796,0.16287734786148902,0.31609261299466196
797,0.1627165541581963,0.3160401164313297
798,0.16255094496445854,0.3159790171111238
799,0.16244695826565653,0.31597722707995385
800,0.16231716735053067,0.31597884641858875
801,0.1621620552320619,0.31600395437598894
802,0.16201191038718465,0.31607683996140035
803,0.16183366489774512,0.3161276029605234
804,0.1616908103423732,0.31615497492948536
805,0.16152575221777643,0.31632174412499414
806,0.16139842378336827,0.3163807304123655
807,0.16125852019445813,0.3163263121703826
808,0.16111501269569786,0.3163222273529573
809,0.16094564426683863,0.3162697630515075
810,0.16076097849165355,0.3161315328651468
811,0.16062581824078168,0.31603847823235826
812,0.16052581203085245,0.315961100817797
813,0.16039281764174323,0.31594586292465987
814,0.16022241488561637,0.31588126421999846
815,0.16008830004537522,0.315840865031614
816,0.1599749670909065,0.3157613528706827
817,0.15981000056201214,0.31578861232749106
818,0.15972878093555337,0.3158423730168442
819,0.1595977104188255,0.3157533941155994
820,0.1594841568008054,0.3157617328370502
821,0.15928884435131468,0.31567371967398017
822,0.1591242690445073,0.3155281998735027
823,0.15898441873548166,0.31557015517084264
824,0.1588234642489557,0.3156599081806093
825,0.15875433325149566,0.31558995259564276
826,0.1586859532834757,0.3155889871863781
827,0.15854614514784449,0.31564701679096585
828,0.1584280246893244,0.3156046848571642
829,0.15823546525156612,0.3154205762132188
830,0.15816382225024692,0.3153966462136123
831,0.15806765043897578,0.3153679612870311
832,0.15791145987810554,0.31522595390134567
833,0.15766711067015166,0.31520148533033376
834,0.15753889933176687,0.315247091675132
835,0.15744002449814426,0.3152643705205142
836,0.15732062016601062,0.3153189848865593
837,0.15715078595467882,0.31529976792014736
838,0.15701181555885163,0.31529271067491077
839,0.15689493791434497,0.3152283471514313
840,0.15673247384065164,0.3152443458012816
841,0.1565611947560047,0.315272074768111
842,0.15638694452616309,0.3152511782671289
843,0.1562811649701185,0.31522613906812036
844,0.1561230301943952,0.31509391811073933
845,0.15603293372567456,0.3150699430308208
846,0.15587630647234388,0.3150369641853953
847,0.15577274619763323,0.3149975253765505
848,0.15563021289142598,0.3149699939510021
849,0.15550468118201274,0.3150046263372676
850,0.1553319196584712,0.3149745509808671
851,0.15523275513565507,0.31491638539489475
852,0.15510903509495155,0.3148683502739864
853,0.1549684183576325,0.3147526961690047
854,0.15479695386324296,0.3146733004928144
855,0.1546631147555391,0.31474955138544497
856,0.15455034715434532,0.31464286171817246
857,0.1544501200736472,0.3145938262668886
858,0.15435778285345045,0.3146325709825901
859,0.15422744515322118,0.3146063709790887
860,0.15410870112994926,0.31465713220083014
861,0.15395144577250755,0.3146196680696299
862,0.15379935253419857,0.3144521801686022
863,0.1536226000341716,0.3144544658598888
864,0.1535184564494912,0.314416006797229
865,0.15337466301828037,0.31431651167125046
866,0.15325250588533212,0.3142855873175988
867,0.15314008387488823,0.3142263538923065
868,0.15296815778493053,0.31419513425480494
869,0.15286121386428728,0.3142611113005283
870,0.1527215708384805,0.31431397489573515
871,0.1525740109186093,0.31429822715596023
872,0.1524376593139795,0.3142748911085909
873,0.15228971823132273,0.31424565921206055
874,0.1521622510111181,0.31417823206816736
875,0.1520331643738254,0.3141979014218426
876,0.15189013480566588,0.314133764653024
877,0.1517340596723651,0.31409278852351363
878,0.15159244033333857,0.31405044876209615
879,0.1514681348198322,0.31400977222651905
880,0.15134403775884372,0.3139751687200791
881,0.1512238479362533,0.3140106171404791
882,0.15110529271128575,0.31397904138340654
883,0.15100340397904996,0.3139952377466294
884,0.15084625631459805,0.3139826781715569
885,0.1506934528668539,0.31407008581251594
886,0.15059497785854642,0.31400637000471704
887,0.15043007291858979,0.3139174243803392
888,0.15031179582951293,0.313836972474228
889,0.1501687714732445,0.31378785749771926
890,0.15008350924815617,0.3137510714356882
891,0.14995380190645372,0.3136648561923879
892,0.14981657269392057,0.31361204663826897
893,0.14969580202669402,0.31353027197652106
894,0.1495908584435539,0.3134801326406469
895,0.14947380060212087,0.3134932687207791
896,0.14928856420904021,0.3134326502565715
897,0.14915013331239976,0.3133778817330682
898,0.1490318714436361,0.31339102873402314
899,0.14890284529998843,0.3133365123145812
900,0.1487720645520108,0.313366175221844
901,0.14864540888171857,0.3134106100743393
902,0.14845175358140944,0.3132291146871824
903,0.14834262997648365,0.31332459512144895
904,0.14823096108153141,0.3134218074722511
905,0.14810082766634228,0.31346424709945353
906,0.1480260197224009,0.31347653525558355
907,0.14789596441064723,0.313397977295929
908,0.14777159517867292,0.31333478981270246
909,0.14767991217107196,0.3133165139700036
910,0.14756122917429015,0.31326576071334383
911,0.1474271472178072,0.31327307537238713
912,0.14729538583688148,0.3133299832536563
913,0.1470972888184624,0.31339051774592575
914,0.1469908602432116,0.3132674717223414
915,0.14687590407883377,0.3131625742884001
916,0.14678036799431884,0.31312899978188596
917,0.14669019575428513,0.3130841509789944
918,0.14661101201331317,0.3130893124372693
919,0.14648451889315373,0.31309660347590845
920,0.14638328398775605,0.31306729853443865
921,0.1462442674073949,0.313133314690175
922,0.1461376566675762,0.31309356184590237
923,0.14602427655909148,0.3130811170634518
924,0.14587182558190448,0.3131873170265801
925,0.14571013186253684,0.313120976703989
926,0.1455725784137612,0.3131441545357167
927,0.14551478552095257,0.31315726732808796
928,0.1454334236183769,0.3131431917079014
929,0.145317688883128,0.313237498715155
930,0.14524033815242204,0.3132685729375793
931,0.14511216302715224,0.31327989738711326
932,0.14498044221738535,0.31318259070001797
933,0.1448508063601832,0.31312035210791006
934,0.14470593290838735,0.3130696652540328
935,0.14461225287783877,0.3131092582723228
936,0.1445030013530862,0.3131857518434921
937,0.14440739888495271,0.3130627208067409
938,0.1443217026556814,0.3130835473184269
939,0.1442306859579251,0.3130429891584836
940,0.14408774280780476,0.3130115726595296
941,0.14398431587295465,0.31301120177418557
942,0.1438948261769646,0.31303195518646904
943,0.14376269092934582,0.31295970038356424
944,0.14363504591464316,0.31295112644656925
945,0.14351537910541914,0.3129618674466341
946,0.1434292281881393,0.3129217244132001
947,0.14329218374241928,0.31287460498863395
948,0.14316370278348958,0.3127058213941636
949,0.1430265601249821,0.31289649432111966
950,0.1429043441792561,0.3128901686585192
951,0.1427448072401575,0.312687235731111
952,0.14265601320674645,0.31262161607298483
953,0.14252872402896086,0.31261168027739544
954,0.14244323403479475,0.3124509718400452
955,0.14232445818420406,0.3124345989996998
956,0.1422336265594618,0.3124524358189097
957,0.1421332958505679,0.3124147615658955
958,0.14204213089883874,0.31247758475814275
959,0.14191330847223313,0.3123739381644654
960,0.1418103466537992,0.31229958659285806
961,0.14171296051815097,0.3122771090626864
962,0.14162347671861,0.31226899489190374
963,0.1414919597812983,0.3124497217765909
964,0.14136178507153913,0.31238658352327653
965,0.14128760098097398,0.3123824072424831
966,0.14117539185602315,0.31235039295467787
967,0.14109311209076209,0.31229787324345654
968,0.14095267423675822,0.3122864952266885
969,0.1408402406424839,0.3124143707213536
970,0.14074305038383914,0.3123599965912377
971,0.14063784543832805,0.312333746653001
972,0.14055181874518718,0.31234200110401106
973,0.14046157062930656,0.312317066665425
974,0.14039241150946632,0.3122438392333026
975,0.14021007671326896,0.31226994864875324
976,0.1400639389282884,0.3121929964778744
977,0.1399220061903116,0.31218870687670014
978,0.13977916763509388,0.3120850078630364
979,0.13965434648757066,0.31215634575207846
980,0.13956952343970308,0.3121462649201464
981,0.13943804528629894,0.31205252987575033
982,0.13936436594990487,0.3120440201293462
983,0.13922025882371875,0.3120815749812599
984,0.13911672061397565,0.31212282056302076
985,0.13899960494867353,0.3120901383378336
986,0.13883527042494537,0.31205310928179725
987,0.1387293177182958,0.3120136290178789
988,0.1386406021814785,0.311920733755891
989,0.13853019986857631,0.31198245813672487
990,0.13845246808424402,0.3119616747378002
991,0.13837948895718877,0.3119219451365759
992,0.13828386343702923,0.3118164165998323
993,0.13817413376243232,0.3118636595695994
994,0.1380379007093614,0.3119403204377625
995,0.13791853249320948,0.3120260677135507
996,0.13781682568872156,0.3120169149725308
997,0.13768419297839887,0.31192345948756706
998,0.1376093336176807,0.3118520985569311
999,0.1374871628490784,0.3120464102976875
1000,0.13733108915057407,0.3119157705122124
1001,0.1372562569880829,0.3119480607487122
1002,0.13709975670914895,0.3118040544145992
1003,0.13698357842753447,0.31176511038106297
1004,0.1368309560370395,0.31174662900483135
1005,0.1367149895132476,0.31190602737366574
1006,0.13664173940485722,0.31186467023629844
1007,0.13655113212547795,0.3118273645469487
1008,0.1364483235286873,0.3118304053367284
1009,0.13633682040961587,0.3118279360358106
1010,0.1362223215891464,0.31182208269325407
1011,0.1361173678912002,0.31189261489989223
1012,0.13599365543058825,0.31186269194731797
1013,0.13591213895853027,0.3119064648335385
1014,0.1358453777341414,0.3118759370204128
1015,0.135709914560831,0.3118492878537799
1016,0.13558989913030065,0.311868410785898
1017,0.1355122935321984,0.31181020993183045
1018,0.1354137526860686,0.3117451825572729
1019,0.13522603616640175,0.3117086212556221
1020,0.13512275073522814,0.31165703604529754
1021,0.13504806523742527,0.3117335319596369
1022,0.13495858242124253,0.31169434457823886
1023,0.13481219250987267,0.31168774100406105
1024,0.13466181710125613,0.3116992166202196
1025,0.13458223211219864,0.31171565684504476
1026,0.13446659621786533,0.3117233410120635
1027,0.1343244410244605,0.3116589867747999
1028,0.1341969284837451,0.31167313779339806
1029,0.13411904785061463,0.3116715376283044
1030,0.13400057071243116,0.31169474794010005
1031,0.1339078870124843,0.31166354809448343
1032,0.13378922907607355,0.3116476945824258
1033,0.1336922650416258,0.31159811978254814
1034,0.13361373079164998,0.31166096391372883
1035,0.13351315840697625,0.3116217195940231
1036,0.13340588647392093,0.3116388999768696
1037,0.13331265586768543,0.311663439447622
1038,0.13320804322575527,0.31169961985248473
1039,0.1330705142786034,0.31172547127676903
1040,0.1329774647841967,0.3117424110846243
1041,0.13288181190762177,0.3117857381167392
1042,0.13279707327869916,0.311785111191092
1043,0.13269848290017708,0.31178181314293624
1044,0.13263271350033354,0.31181881637077014
1045,0.13249680019687535,0.31175928191398966
1046,0.13236041046884386,0.3118992133745056
1047,0.13224347364707859,0.3118605774044863
1048,0.1321690521055663,0.31184998278671294
1049,0.13208149262984487,0.3117886626618834
1050,0.13199491514046108,0.31172452906052983
1051,0.13189363623371425,0.3117136730955407
1052,0.131775136436663,0.3116719622407183
1053,0.13168045766845896,0.3116541085084562
1054,0.1315464084301452,0.31154347359625845
1055,0.13145300092488743,0.311589504798923
1056,0.13135580685769532,0.31158329757823205
1057,0.13127820594881498,0.31151507278795537
1058,0.13114455171708347,0.31147867373228816
1059,0.13103147473270438,0.3114959576247159
1060,0.13093111914938013,0.3114622212732792
1061,0.13086346551676023,0.31146737983954514
1062,0.13079242410403286,0.3114673909137054
1063,0.13066307092023038,0.3113521020584946
1064,0.13059344178105897,0.31138457597702657
1065,0.13048376864169708,0.3113442256164001
1066,0.13039927072092236,0.3112877224868192
1067,0.13029303493476369,0.31117849111455337
1068,0.13021287174031845,0.3111931894496026
1069,0.13013556759100503,0.3112671853889642
1070,0.12999822351335,0.31128667356425604
1071,0.12990490860565443,0.31126625868059193
1072,0.12977899193230888,0.31122420997948264
1073,0.1296985445140327,0.3113518994694319
1074,0.1295750070597328,0.31136752705346027
1075,0.1294731054383811,0.31134512709297624
1076,0.1293488965557783,0.3113373510792372
1077,0.1292285448639127,0.3113364197722265
1078,0.12915037769610574,0.31134875169418774
1079,0.12906970576780263,0.31129718566713
1080,0.12897042273043077,0.3113176975178497
1081,0.12886391938110128,0.31112068165760254
1082,0.1287537995464073,0.3113210755432281
1083,0.12866621245987397,0.31134002217800494
1084,0.12855201052663223,0.31134487326484134
1085,0.128393329124919,0.3111885192715602
1086,0.12831110373761034,0.31116852421724833
1087,0.128196971612627,0.3110525919536377
1088,0.1280928524629647,0.31102175919077046
1089,0.1279840902000969,0.3110279007850691
1090,0.1278586647220498,0.3110305199714286
1091,0.12779872820543567,0.31104548805976795
1092,0.12770029605508057,0.3110928635209206
1093,0.12757816991225526,0.31110253580049185
1094,0.1274952086307125,0.311081209458787
1095,0.12739603496719773,0.31108745280987576
1096,0.12729052564872534,0.31116558618705437
1097,0.12722297186905673,0.3111876042241531
1098,0.1271213724615336,0.31116530659000297
1099,0.12702445754226782,0.3111796430376458
1100,0.12691874915249654,0.31116013615114035
1101,0.12682694108541087,0.3111434188321242
1102,0.1267124672947849,0.3110948493573134
1103,0.1266398166519316,0.31110251244655024
1104,0.12655089107331194,0.31114258460617267
1105,0.12643448692273052,0.31108769161805927
1106,0.12631759942891524,0.3109492830393429
1107,0.12621122359422823,0.3110489928440708
1108,0.1261226133970016,0.3110465085030154
1109,0.12600886993071328,0.3109653100782724
1110,0.12588657285284546,0.31090519958666324
1111,0.12578978996352935,0.3109366949502664
1112,0.12571748291048157,0.3109404971887929
1113,0.1256313455604,0.31098614794760315
1114,0.12552643709415712,0.31100034047450104
1115,0.12539232262209712,0.3111023594840219
1116,0.12526756367683856,0.310977697715709
1117,0.12517839474157183,0.31100357574838006
1118,0.1251418821102918,0.3110167450864293
1119,0.12509078015616107,0.3109715714676949
1120,0.12496924623088443,0.3108957444739083
1121,0.12486230312338502,0.3108171986286442
1122,0.12477515762390141,0.3108352756348644
1123,0.1246953569130608,0.3107937157753777
1124,0.12459375792829842,0.3107474395386116
1125,0.12452673887163734,0.3107417614938354
1126,0.12443236391302194,0.31068591623837244
1127,0.12433659418610712,0.3105595543837283
1128,0.12427054179093665,0.3105855192331227
1129,0.12420277525991134,0.31065563780647876
1130,0.12409302125760542,0.310614539293576
1131,0.12402507158512953,0.31059851157332413
1132,0.12395889063737871,0.3105832672938911
1133,0.12386289990555864,0.3106013656345275
1134,0.12377105695469551,0.31058551976430826
1135,0.12370003993443263,0.31053522880121426
1136,0.12360382342985377,0.31057245751789847
1137,0.12349062048588878,0.31042531587039457
1138,0.12342044714905798,0.310397754673308
1139,0.12333692723215885,0.3103598351072482
1140,0.12324999730644583,0.3104260914768497
1141,0.12317267854274548,0.31048357076384825
1142,0.12305486389290822,0.31038641172685827
1143,0.12292353022285778,0.31035917942279095
1144,0.12278827737719894,0.31036368126425823
1145,0.12267854344724188,0.31038718244886077
1146,0.12257767289225682,0.3103754585049323
1147,0.12248167354240735,0.3103926723739533
1148,0.12238626762195914,0.3103912104729452
1149,0.1222850603560508,0.31037873705479874
1150,0.12221418395693971,0.3103954200174017
1151,0.12211118889766738,0.31049614577886503
1152,0.12203369781963282,0.3105592718962437
1153,0.12191658671126639,0.3104306000770707
1154,0.12185183358578756,0.3103421596185267
1155,0.12177448772006838,0.310332197834442
1156,0.12165250364891761,0.31026892304761056
1157,0.12156612163690352,0.3102506851481852
1158,0.12148496271778284,0.31016455850605523
1159,0.12142108022604209,0.31015074459528275
1160,0.12126689867250878,0.31012805625298917
1161,0.12116639412382652,0.3101124296148517
1162,0.1210847157205131,0.3101345195036639
1163,0.12097368138579331,0.31006949141396356
1164,0.12086369727858694,0.31012187502000493
1165,0.12075274089743993,0.3102338633313842
1166,0.12064893034834674,0.3101899790772873
1167,0.1205867051676763,0.31013656856360805
1168,0.120472413125333,0.3100494506405071
1169,0.1203751297418314,0.3100247739696437
1170,0.12024674827229719,0.3100391310756889
1171,0.12013773262030823,0.31008764899977304
1172,0.12006812081062856,0.3100515390469836
1173,0.11999982481011541,0.31009001098082367
1174,0.11993355825099367,0.31019118341914886
1175,0.11985525614109056,0.31019893621032957
1176,0.11979048084055989,0.3101766389375724
1177,0.11967128465104286,0.3101610226904222
1178,0.11956062739118767,0.31017128994595977
1179,0.11947280893239662,0.3101299549190008
1180,0.11940799692013378,0.3100600646655373
1181,0.11931711217924594,0.3100204073622621
1182,0.1192401963361727,0.31005884938472605
1183,0.11912773063428088,0.3099718822627
1184,0.11903437226733203,0.30984590191501105
1185,0.11898587388362294,0.3099516393855029
1186,0.11895027510620153,0.3099814272798236
1187,0.11888340173827112,0.3100357018855985
1188,0.11883656602969885,0.3100507733841603
1189,0.1187421696957618,0.31011686392395565
1190,0.1186649626671809,0.3100697685467925
1191,0.118598758921338,0.3100961611972815
1192,0.11853980971673729,0.3101189134314292
1193,0.11846186521296351,0.3101388264947705
1194,0.11837296817763467,0.3101923422224877
1195,0.11828918749318988,0.3101820942094468
1196,0.11824019965425463,0.3101200954188614
1197,0.1181653608769911,0.31008721270488726
1198,0.11811148162550997,0.31014219382090863
1199,0.11802685943341726,0.31002511595724913
1200,0.11791441886867798,0.3099309201642561
1201,0.11780108878287705,0.30993727434632434
1202,0.11773823466321243,0.30986273868108066
1203,0.11764920329911435,0.30994743422722976
1204,0.11760545616008772,0.3099196808467208
1205,0.11751531973816057,0.30994422177161945
1206,0.11741767074105193,0.3100357188539187
1207,0.11734949860158454,0.31000849631738864
1208,0.11722845467779279,0.3101068553593198
1209,0.11712347766879862,0.31016711126155555
1210,0.11704567346794968,0.31008542641968667
1211,0.11697146166250136,0.3101040058047889
1212,0.11689392553777916,0.31014867644208477
1213,0.11681196138194293,0.3102051253504626
1214,0.11672575840125657,0.31031706773494805
1215,0.11662997802021502,0.31028748876323253
1216,0.11652430192030169,0.3102074890118141
1217,0.11642538998733909,0.3102897824986476
1218,0.11632762899886431,0.31037540313523504
1219,0.11622751088915169,0.3103310829562084
1220,0.11614205051506753,0.31035229515432877
1221,0.11608261310779666,0.31037217871890543
1222,0.11598956060364772,0.31050849957095245
1223,0.11595560313436717,0.3105068106108295
1224,0.11587233913806597,0.3104512622303741
1225,0.11578158705155563,0.31045119495181694
1226,0.11572629958622459,0.3104546541397018
1227,0.11567409288324092,0.3104009492560198
1228,0.11560261253520072,0.31041919565785264
1229,0.11554309091157702,0.31043926563690394
1230,0.11548789329308788,0.31030331397806654
1231,0.11545524416389168,0.31030173209911854
1232,0.11534079150482919,0.31022987337495433
1233,0.11525849251274084,0.31022909709363927
1234,0.1151567352637334,0.3101684483778003
