0,0.5331745743751526,0.6515910625457764
1,0.4707474112510681,0.525067150592804
2,0.4540330469608307,0.49372291564941406
3,0.4497930109500885,0.4904186427593231
4,0.4479449987411499,0.4877864718437195
5,0.44590187072753906,0.48812738060951233
6,0.44202497601509094,0.48589253425598145
7,0.44007205963134766,0.48372626304626465
8,0.43838679790496826,0.48111066222190857
9,0.43800121545791626,0.4826861619949341
10,0.4379742443561554,0.4821089208126068
11,0.4376317262649536,0.4803042411804199
12,0.4379212260246277,0.48044076561927795
13,0.4387531280517578,0.4823000133037567
14,0.4369800090789795,0.48075351119041443
15,0.43582528829574585,0.4798744320869446
16,0.4368065893650055,0.48027804493904114
17,0.4370150566101074,0.47934356331825256
18,0.4359630346298218,0.4787139296531677
19,0.435171902179718,0.477731853723526
20,0.43435612320899963,0.47822055220603943
21,0.4336271286010742,0.4777776598930359
22,0.433784157037735,0.4773262143135071
23,0.4342010021209717,0.4785481095314026
24,0.43447330594062805,0.47793442010879517
25,0.43457722663879395,0.4767744243144989
26,0.4351970851421356,0.47689321637153625
27,0.4345482885837555,0.47594502568244934
28,0.4350760877132416,0.4771552085876465
29,0.4351479411125183,0.4770488142967224
30,0.43577560782432556,0.4779864251613617
31,0.4355030357837677,0.4781216084957123
32,0.43510380387306213,0.47774723172187805
33,0.4353163242340088,0.4781096577644348
34,0.4346823990345001,0.4782770574092865
35,0.43468496203422546,0.4778740108013153
36,0.4345948100090027,0.4775720536708832
37,0.43459561467170715,0.47815513610839844
38,0.43502727150917053,0.4786050617694855
39,0.4348098635673523,0.47773614525794983
40,0.4344515800476074,0.47762754559516907
41,0.4344833195209503,0.47795042395591736
42,0.4341698884963989,0.4777872562408447
43,0.43396028876304626,0.4773883819580078
44,0.43392083048820496,0.4772930145263672
45,0.43428629636764526,0.4779007136821747
46,0.43396881222724915,0.4781552851200104
47,0.43386512994766235,0.47783157229423523
48,0.43360868096351624,0.4773341715335846
49,0.433554470539093,0.47778791189193726
50,0.4336255192756653,0.4778469502925873
51,0.43322592973709106,0.4778057932853699
52,0.43301570415496826,0.4783698618412018
53,0.4328515827655792,0.47880759835243225
54,0.43279126286506653,0.47847041487693787
55,0.43305280804634094,0.47828203439712524
56,0.4326649606227875,0.47764408588409424
57,0.4326874911785126,0.47758904099464417
58,0.43269410729408264,0.4776991605758667
59,0.4325377941131592,0.47759902477264404
60,0.43256375193595886,0.47776487469673157
61,0.4326750934123993,0.4780179560184479
62,0.4329676628112793,0.47816765308380127
63,0.43284308910369873,0.4775952100753784
64,0.4326741397380829,0.47739312052726746
65,0.4328320324420929,0.4772847890853882
66,0.43275514245033264,0.477222204208374
67,0.4326433539390564,0.47732195258140564
68,0.4325932562351227,0.4774964153766632
69,0.4326028525829315,0.4771307408809662
70,0.4326694905757904,0.47735902667045593
71,0.4330084025859833,0.4776363670825958
72,0.43307623267173767,0.4775393307209015
73,0.4329591393470764,0.4775623083114624
74,0.4332103133201599,0.47747403383255005
75,0.43334197998046875,0.477988600730896
76,0.4334740936756134,0.478048175573349
