0,0.532103419303894,0.67949378490448
1,0.4546637237071991,0.5170813798904419
2,0.44476819038391113,0.5148075222969055
3,0.4425070881843567,0.5128394961357117
4,0.44047415256500244,0.5066355466842651
5,0.4395732283592224,0.5013562440872192
6,0.4386574923992157,0.49832192063331604
7,0.4391784369945526,0.4991624653339386
8,0.43844544887542725,0.4932420551776886
9,0.43816614151000977,0.4918011724948883
10,0.4379640519618988,0.49349406361579895
11,0.436511367559433,0.49271270632743835
12,0.4368993043899536,0.4919816851615906
13,0.43779852986335754,0.4922279417514801
14,0.43534359335899353,0.48922696709632874
15,0.43381771445274353,0.48703691363334656
16,0.4335393011569977,0.48616236448287964
17,0.4317720830440521,0.4834069609642029
18,0.43179187178611755,0.4842800498008728
19,0.43151724338531494,0.4844135046005249
20,0.43176764249801636,0.48393577337265015
21,0.43137988448143005,0.4832116663455963
22,0.4304001033306122,0.483024924993515
23,0.4305115044116974,0.482158899307251
24,0.4302324056625366,0.4824472963809967
25,0.43050482869148254,0.482786625623703
26,0.4310667812824249,0.4819830656051636
27,0.43077021837234497,0.4822160601615906
28,0.43061843514442444,0.48220327496528625
29,0.430497944355011,0.4833275079727173
30,0.43021103739738464,0.4832170009613037
31,0.43024471402168274,0.4828444719314575
32,0.4301563501358032,0.48224183917045593
33,0.43037930130958557,0.4825522005558014
34,0.4305085837841034,0.4822593331336975
35,0.43032369017601013,0.482686847448349
36,0.430717796087265,0.4827812612056732
37,0.4302207827568054,0.4825795292854309
38,0.43056511878967285,0.48301371932029724
39,0.43019604682922363,0.4829471707344055
40,0.4301827549934387,0.48318764567375183
41,0.4300951659679413,0.4831613302230835
42,0.43005597591400146,0.48261600732803345
43,0.43038028478622437,0.4824809730052948
44,0.43039533495903015,0.4815484583377838
45,0.4306561350822449,0.4819847047328949
46,0.4304882884025574,0.48198339343070984
47,0.430841863155365,0.48225387930870056
48,0.4309658706188202,0.48239827156066895
49,0.4309108555316925,0.48249226808547974
50,0.43088462948799133,0.4822539985179901
51,0.4305409789085388,0.4818917512893677
52,0.4303845167160034,0.48173338174819946
53,0.4302164316177368,0.4817502200603485
54,0.43027883768081665,0.481388121843338
55,0.4303757846355438,0.48172527551651
56,0.43009987473487854,0.48138248920440674
57,0.4302580952644348,0.48164036870002747
58,0.4299950897693634,0.4815422296524048
59,0.4299803376197815,0.48166409134864807
60,0.43010756373405457,0.48148247599601746
61,0.43019068241119385,0.4814915359020233
62,0.4299686849117279,0.48187556862831116
63,0.429816335439682,0.482010155916214
64,0.42976486682891846,0.4816456437110901
65,0.4299267828464508,0.4816910922527313
66,0.4297306537628174,0.48142609000205994
67,0.42965638637542725,0.481389582157135
68,0.4293902516365051,0.48108935356140137
69,0.4295612871646881,0.4811283349990845
70,0.42947182059288025,0.4811651110649109
71,0.42961934208869934,0.4814430773258209
72,0.4296908676624298,0.48153072595596313
73,0.4293808937072754,0.4811248481273651
74,0.42920011281967163,0.48092639446258545
75,0.42919012904167175,0.48100149631500244
76,0.4291679263114929,0.48085230588912964
77,0.42925214767456055,0.4808405637741089
78,0.42927828431129456,0.48097437620162964
79,0.429284930229187,0.48085108399391174
80,0.4294736385345459,0.4808999300003052
81,0.4293591380119324,0.4809945225715637
82,0.4293256998062134,0.4811847507953644
83,0.4293123781681061,0.48100990056991577
84,0.42934897541999817,0.4812873601913452
85,0.4292711019515991,0.48118239641189575
86,0.4294215440750122,0.48143693804740906
87,0.4291397035121918,0.4811580181121826
88,0.4293557107448578,0.4813598692417145
89,0.4295962154865265,0.48140934109687805
90,0.4295903444290161,0.4817304313182831
91,0.4296244978904724,0.4818666875362396
92,0.4297640025615692,0.48203328251838684
93,0.429740846157074,0.4818274974822998
94,0.42989593744277954,0.4818600118160248
95,0.4299856126308441,0.48192161321640015
96,0.4301048517227173,0.48189565539360046
97,0.4298678934574127,0.48176971077919006
98,0.42985647916793823,0.4818136394023895
99,0.4299226701259613,0.4820120632648468
100,0.43004265427589417,0.482123464345932
101,0.43014436960220337,0.4821002781391144
102,0.43013036251068115,0.4821305572986603
103,0.43024179339408875,0.4821103811264038
104,0.4302457273006439,0.48198625445365906
105,0.43032798171043396,0.48218411207199097
106,0.4305279552936554,0.4824296236038208
107,0.43059030175209045,0.48246657848358154
108,0.43071600794792175,0.4825357496738434
109,0.43084660172462463,0.48277387022972107
110,0.4308539927005768,0.4827394187450409
111,0.43081921339035034,0.48265302181243896
112,0.43055692315101624,0.4824882745742798
113,0.43062248826026917,0.4826584756374359
114,0.43061935901641846,0.4827517569065094
115,0.43073493242263794,0.4828810691833496
116,0.43079668283462524,0.482961505651474
117,0.4308234751224518,0.48300808668136597
118,0.43084514141082764,0.48332443833351135
119,0.4308672845363617,0.4832231402397156
120,0.43091392517089844,0.4832332134246826
121,0.43088528513908386,0.48334771394729614
122,0.4305797517299652,0.4829453229904175
123,0.43045711517333984,0.48300182819366455
124,0.4305817782878876,0.48318222165107727
125,0.4306303858757019,0.4832189977169037
126,0.4306934177875519,0.4832475185394287
