0,0.532630443572998,0.6125316023826599
1,0.4656272828578949,0.5260745286941528
2,0.45309022068977356,0.5130535364151001
3,0.4485182762145996,0.5105334520339966
4,0.44326016306877136,0.5045890808105469
5,0.44123348593711853,0.5005673766136169
6,0.4382604956626892,0.4963964819908142
7,0.4381973147392273,0.4959098696708679
8,0.4362432658672333,0.49385908246040344
9,0.43578943610191345,0.4942309260368347
10,0.4366925358772278,0.49393242597579956
11,0.4359068274497986,0.49041229486465454
12,0.436004638671875,0.4886772036552429
13,0.43574258685112,0.48981693387031555
14,0.4341686964035034,0.48860710859298706
15,0.43402576446533203,0.4900272786617279
16,0.4335903227329254,0.4906211495399475
17,0.4340762197971344,0.49027031660079956
18,0.43370792269706726,0.49079203605651855
19,0.4341960549354553,0.4912208020687103
20,0.4329773783683777,0.4912712872028351
21,0.43371275067329407,0.4909611642360687
22,0.4329816699028015,0.48989126086235046
23,0.4323955178260803,0.48905178904533386
24,0.4315849244594574,0.48895496129989624
25,0.43221673369407654,0.48886585235595703
26,0.4314545691013336,0.48810216784477234
27,0.431659072637558,0.48762255907058716
28,0.43120241165161133,0.4869377017021179
29,0.43180525302886963,0.4868775010108948
30,0.4309951066970825,0.4855146110057831
31,0.430834025144577,0.4855552911758423
32,0.43111151456832886,0.48553431034088135
33,0.4304661154747009,0.4853614866733551
34,0.43012455105781555,0.4859912693500519
35,0.42989590764045715,0.485675185918808
36,0.4297432005405426,0.4856615662574768
37,0.4298411011695862,0.4860617518424988
38,0.43034154176712036,0.4855195879936218
39,0.4307282865047455,0.48586559295654297
40,0.4307612478733063,0.4857846796512604
41,0.4307384192943573,0.4861260652542114
42,0.4305771589279175,0.4860333502292633
43,0.4304429590702057,0.48621341586112976
44,0.4308139681816101,0.48589494824409485
45,0.43102020025253296,0.4864889681339264
46,0.4310847520828247,0.4863753914833069
47,0.43098685145378113,0.48603788018226624
48,0.4309201240539551,0.4858544170856476
49,0.4308742582798004,0.4853861629962921
50,0.4309444725513458,0.4854838252067566
51,0.43113943934440613,0.4857742190361023
52,0.4314720630645752,0.4861067831516266
53,0.43143728375434875,0.4857141077518463
54,0.43157315254211426,0.48587971925735474
55,0.4318073093891144,0.4861065745353699
56,0.43207889795303345,0.4863596558570862
57,0.4322737157344818,0.4864516854286194
58,0.43201494216918945,0.485956609249115
59,0.43204283714294434,0.4859825372695923
60,0.43209701776504517,0.48573991656303406
61,0.4324219524860382,0.48596706986427307
62,0.4322507381439209,0.4861336946487427
63,0.43238887190818787,0.4863482117652893
64,0.4324117600917816,0.4861059784889221
65,0.4325302541255951,0.48583829402923584
66,0.43256279826164246,0.4858369529247284
67,0.43237969279289246,0.48565879464149475
68,0.4322884976863861,0.48548176884651184
69,0.4320307672023773,0.4850906431674957
70,0.4317916929721832,0.4843214154243469
71,0.43179672956466675,0.4840937554836273
72,0.4312506318092346,0.48397010564804077
73,0.4311040937900543,0.4838829040527344
74,0.4311292767524719,0.48383477330207825
75,0.4311562180519104,0.48406893014907837
76,0.43114233016967773,0.4839595854282379
77,0.431054949760437,0.48383471369743347
78,0.43095332384109497,0.4838351011276245
79,0.4310368299484253,0.4837450087070465
80,0.43070757389068604,0.48360109329223633
81,0.43081551790237427,0.483513742685318
82,0.4308850169181824,0.48344776034355164
83,0.43076208233833313,0.4833987057209015
84,0.43053847551345825,0.4828300178050995
85,0.43076711893081665,0.48293569684028625
86,0.43081730604171753,0.48296743631362915
87,0.4308902621269226,0.48299694061279297
88,0.43098822236061096,0.4829699695110321
89,0.43102380633354187,0.48312169313430786
90,0.4310251474380493,0.48314690589904785
91,0.43086469173431396,0.48323267698287964
92,0.4309224784374237,0.4832310676574707
93,0.4309368431568146,0.4832738935947418
94,0.43086832761764526,0.48311978578567505
95,0.4308832287788391,0.4829861521720886
96,0.4310288727283478,0.4830698072910309
97,0.4308110773563385,0.48280149698257446
98,0.4305250644683838,0.48258161544799805
99,0.43066397309303284,0.4824913740158081
100,0.43066850304603577,0.48249778151512146
101,0.43051356077194214,0.482470840215683
102,0.4305122494697571,0.48253557085990906
103,0.430583119392395,0.4826016128063202
104,0.4307655394077301,0.4828186333179474
105,0.4308755695819855,0.482917457818985
106,0.4307824969291687,0.48288241028785706
107,0.43077167868614197,0.48265260457992554
108,0.43088141083717346,0.48274487257003784
109,0.4308808147907257,0.48272886872291565
110,0.4308565855026245,0.4825441241264343
111,0.4309522807598114,0.48252996802330017
112,0.4310912787914276,0.48253777623176575
113,0.43105602264404297,0.4821680784225464
114,0.431159108877182,0.4820369482040405
115,0.431237131357193,0.48216766119003296
116,0.4311786890029907,0.4822027385234833
117,0.43113672733306885,0.4820248782634735
118,0.43108928203582764,0.4819544851779938
119,0.4311230778694153,0.4818919599056244
120,0.431223601102829,0.48207980394363403
121,0.43114346265792847,0.48191940784454346
122,0.4312250018119812,0.4821552038192749
123,0.43112242221832275,0.4819904863834381
124,0.43108540773391724,0.4818306267261505
125,0.4310093820095062,0.4817238748073578
126,0.43097659945487976,0.48167088627815247
127,0.4310302436351776,0.4814991354942322
128,0.4309990704059601,0.4813134968280792
129,0.430972158908844,0.48127150535583496
130,0.4310455322265625,0.4814223349094391
131,0.4310290217399597,0.48151159286499023
132,0.4311324656009674,0.48158299922943115
133,0.43104031682014465,0.48163771629333496
134,0.4310663938522339,0.4817371368408203
135,0.4311274290084839,0.48162245750427246
136,0.4310053288936615,0.4815392792224884
137,0.43099668622016907,0.48140260577201843
138,0.4309490919113159,0.48136210441589355
139,0.4309491217136383,0.4813462793827057
140,0.43088871240615845,0.481271892786026
141,0.4309048056602478,0.48130491375923157
142,0.43087270855903625,0.48132678866386414
143,0.4308396577835083,0.481072336435318
144,0.4307433068752289,0.48097658157348633
145,0.4307825565338135,0.4810050427913666
146,0.4307965040206909,0.48100775480270386
147,0.4307915270328522,0.48103323578834534
148,0.4307996928691864,0.4809825122356415
149,0.4308268129825592,0.4810301959514618
150,0.43091750144958496,0.481132835149765
151,0.4309976398944855,0.48122215270996094
152,0.43095073103904724,0.4812253713607788
153,0.43095913529396057,0.48107394576072693
154,0.43089407682418823,0.48112669587135315
155,0.43095025420188904,0.481142520904541
156,0.4309559464454651,0.48126426339149475
157,0.4310150146484375,0.48125821352005005
158,0.431064248085022,0.48120608925819397
159,0.43110859394073486,0.4812394082546234
160,0.4310935437679291,0.48121705651283264
161,0.43118810653686523,0.4812963306903839
162,0.4312288463115692,0.48150646686553955
163,0.4312221109867096,0.481460303068161
164,0.43123695254325867,0.4815117120742798
165,0.43110549449920654,0.48145368695259094
166,0.4311608672142029,0.4814325273036957
167,0.43120265007019043,0.4815363585948944
168,0.4312036633491516,0.4815685451030731
169,0.4312268793582916,0.48151686787605286
170,0.43112438917160034,0.48147815465927124
171,0.4310658574104309,0.48143699765205383
172,0.43107175827026367,0.48143112659454346
173,0.43114742636680603,0.48153364658355713
174,0.4311678111553192,0.4815257787704468
175,0.4312303066253662,0.4815983772277832
176,0.43118852376937866,0.4817129075527191
177,0.4312135875225067,0.4817247986793518
178,0.43112713098526,0.48147037625312805
179,0.4310779273509979,0.4813975393772125
180,0.43099117279052734,0.48127928376197815
181,0.43104398250579834,0.4813016951084137
182,0.4310925304889679,0.48141512274742126
183,0.4310586750507355,0.48144930601119995
184,0.43112409114837646,0.4814702570438385
185,0.4311535954475403,0.48146679997444153
186,0.4310571849346161,0.48144960403442383
187,0.43106117844581604,0.4814695119857788
188,0.43101605772972107,0.4814109206199646
189,0.4310525953769684,0.48143336176872253
190,0.43102923035621643,0.4813452363014221
191,0.4310334026813507,0.48131227493286133
192,0.4309636950492859,0.4811561107635498
193,0.4309871196746826,0.48113352060317993
