0,0.6187239016384579,0.6251051665929259
1,0.5915149392965732,0.6008366596761835
2,0.5661862045684022,0.57931906410626
3,0.5431493779065493,0.5592183195724689
4,0.5243858277293643,0.5452465430453971
5,0.5059041709621411,0.5308095361978289
6,0.49078200615737705,0.5189268191497792
7,0.47181818537792114,0.5043721409701797
8,0.45902658178299727,0.4925902976718529
9,0.44739520719105547,0.48393905441912394
10,0.43545378349626923,0.4747935749235607
11,0.42559871778096886,0.46791789378754045
12,0.4163051018704036,0.4613376972773088
13,0.40978788627788076,0.45680963642225064
14,0.4026142213922821,0.44951182722887667
15,0.3963414271978413,0.4454810827733978
16,0.3858380178383396,0.43820261021770496
17,0.38050064605209843,0.43451402605210665
18,0.37402963615662516,0.4302203935211298
19,0.36798097740319297,0.4250152460481755
20,0.3615200211526334,0.42197767453928475
21,0.3549313374635533,0.4177145417168658
22,0.3486085866251074,0.41470942986074577
23,0.3433378099465849,0.41090453052646897
24,0.338031564597001,0.4083927168298966
25,0.3341807579655145,0.4057106112519269
26,0.330859103287328,0.40323386101259123
27,0.3267168403360953,0.3996353336742946
28,0.32330458645756116,0.39736124409963847
29,0.3199413123227514,0.39666169760600917
30,0.3166753492154669,0.39420635467444465
31,0.3139660070472088,0.3933608094732913
32,0.3112061521703925,0.3915398589419152
33,0.30943429274100565,0.3900532903415816
34,0.3065910697693151,0.3891215765030769
35,0.3044729573552715,0.3883585452264737
36,0.30143411073884896,0.38631542138558217
37,0.29784588376503146,0.3840124922848883
38,0.29549203352238707,0.38190051930606683
39,0.29297578934458013,0.38020542182580186
40,0.29100312672537726,0.3794305950777714
41,0.28901815413739573,0.3777716938031729
42,0.2867480961164857,0.37661548859819216
43,0.2844980397388678,0.37508524931848997
44,0.2821962373332666,0.3735295578522026
45,0.2788391813830754,0.3718113571632082
46,0.2769186027691627,0.3711127593423481
47,0.27370125370274395,0.37028498329103937
48,0.27187100598754965,0.36915926700507207
49,0.2700269131566325,0.36909669563371356
50,0.2681918831480112,0.3689672671130331
51,0.266120772877458,0.3683611443029746
52,0.2643968610097428,0.36732954675696355
53,0.26228180876613083,0.3663241425509412
54,0.2597309279818694,0.36669788398637027
55,0.25730723192389604,0.3668150393962466
56,0.255835837733796,0.36597488183508475
57,0.2544101679694679,0.3653662504884538
58,0.2531271124850313,0.36471215775778526
59,0.2500411140536555,0.36408894017200777
60,0.24860532346760447,0.36336954152556483
61,0.24706402171873754,0.36321960996797004
62,0.24515067421571288,0.3632456553311496
63,0.2436075289814928,0.36261753498344984
64,0.24234438577719056,0.36151276236823787
65,0.2408989560365801,0.36170984919838334
66,0.23940577070094865,0.36109609604965914
67,0.2375595973875722,0.3599119630962531
68,0.2359128252057463,0.3588554671063783
69,0.23464575176000257,0.3591343894630434
70,0.23269679221946324,0.3582965238837811
71,0.23104469055872526,0.3582526865701078
72,0.22944178774900711,0.35678483828133534
73,0.22814769814938826,0.35621165636749497
74,0.22599030601391845,0.35485804681247346
75,0.22383234069235208,0.35400806504139115
76,0.2225629328384584,0.35367393582793216
77,0.2210834244288057,0.35323920429994665
78,0.22010270597454532,0.35262687514048247
79,0.21891991608706254,0.35148469496952006
80,0.21799033179465213,0.3508197931424966
81,0.21696413411537577,0.35076497330098716
82,0.21564442495170372,0.34986270781330486
83,0.21424865507497107,0.34960662952165994
84,0.21329579726929715,0.3492856781294067
85,0.2114042937545151,0.34987647210459705
86,0.20995117946755315,0.3490691812083164
87,0.20903351689131644,0.34844262838393214
88,0.20751021489469987,0.347660074629402
89,0.20550775717867364,0.3473091023944555
90,0.20417436059201569,0.34689054224916077
91,0.2029248797486095,0.3464765529143353
92,0.20164631648002937,0.34599507510977445
93,0.2004201446899093,0.34554967797366243
94,0.1993631925480022,0.34552848720775237
95,0.19833902087213715,0.3451888144873674
96,0.1975568829818794,0.34445029212009143
97,0.1963093532002595,0.34421229613082555
98,0.1951463422405752,0.3441170167069508
99,0.1941187900655837,0.3438384061277642
100,0.19319263181616414,0.3434042030526572
101,0.19231390018517203,0.3428611182693944
102,0.19154033558050626,0.3430973905451576
103,0.190530999209466,0.34270059061014935
104,0.1897323007521123,0.3423195262594769
105,0.18906353780939233,0.3424528498000529
106,0.1874165860289362,0.34200729392000806
107,0.18642112961754914,0.34178473933934966
108,0.18570481619732918,0.341204792540274
109,0.1846079338791061,0.34051499182540707
110,0.1837350893280829,0.34046137101810287
111,0.18272833769357602,0.34043505240980754
112,0.18196512129449188,0.34060132215957517
113,0.18104553800622636,0.3405144004658771
114,0.180154500848943,0.34060162359272084
115,0.17944572136032147,0.34061644466312985
116,0.17815815238140564,0.3405852436664559
117,0.17706152811801765,0.3390006252724638
118,0.17644852696257485,0.3385765202168533
119,0.17550996604913807,0.3384750575302711
120,0.1746495809700403,0.33819862423568137
121,0.17420832415977217,0.33814270126451024
122,0.17333784905735705,0.33819477830880457
123,0.1725457192366735,0.338026418747065
124,0.1717510348831719,0.33865705042900074
125,0.17114118668591002,0.3390206830504612
126,0.17025657830277854,0.3393007508737759
127,0.16954715428623468,0.3392062055959647
128,0.16915743204560865,0.3391610218845209
129,0.16848831586726798,0.33886013019918687
130,0.16780088108593974,0.338878956612781
131,0.16713339272753855,0.33862757849674574
132,0.16629679780690335,0.3387863713925182
133,0.16552054121664303,0.3383709461953018
134,0.16504207994880812,0.3386359197921588
135,0.16409898222392463,0.33838518162248116
136,0.16343933646911735,0.33769902656872375
137,0.16226219399168276,0.3380953553963019
138,0.16138487439357108,0.33771906532655177
139,0.16095016553748673,0.33801918371417927
140,0.16026065948619986,0.3380513091396698
141,0.15962126149264205,0.3377675032159363
142,0.15899271839420137,0.3378083074490032
143,0.158314585965016,0.3384080821394467
144,0.15766666780835575,0.3390041533685117
145,0.15707112030211928,0.3388764212711187
146,0.1564244700306052,0.33837100754383576
147,0.15553940297485905,0.33755864126240664
148,0.15464750641822667,0.33767162394850325
149,0.1539950150962051,0.3379627056987759
150,0.1532547297842064,0.3382364460639163
151,0.15239589971167908,0.3384279218889162
152,0.15167872389741516,0.3386658524999533
153,0.15121523699666023,0.33860578571468414
154,0.1505559365810599,0.33779143665895045
155,0.15010754351387118,0.338382518384852
156,0.14957397961166385,0.3378592351078248
157,0.14876546757571077,0.33767971715165507
158,0.1482868913997694,0.3378375362920841
159,0.14770899181542232,0.33790520422256715
160,0.14721541613310596,0.33808375401656443
161,0.1467091868550537,0.3378378373639727
162,0.14610512846969825,0.33751148519718466
163,0.14513817316785196,0.337126744028782
164,0.14463145982856931,0.33702320277520886
165,0.14416947931149826,0.33723309245305483
166,0.1436769053451851,0.33669471476219653
167,0.1430308353383206,0.3368479925364246
168,0.14236279615665548,0.3357057030646564
169,0.14185908688924825,0.3356798262521994
170,0.14123965880530098,0.3352582137178009
171,0.14090210872148343,0.33490639352960333
172,0.14032355275155667,0.334558157091061
173,0.13994503188378057,0.33505931940064004
174,0.1393562335284768,0.3352237727557723
175,0.13878207705174087,0.3356736702917183
176,0.1384283846627888,0.3359261648037111
177,0.1376520102916648,0.33518635530127017
178,0.13702378082233108,0.3350579183214842
179,0.1363894927212997,0.33486450042534943
180,0.13603121028914894,0.33485866102134987
181,0.1356025025292891,0.33476081133361846
182,0.13511872129578745,0.33457476022023774
183,0.1345895124584355,0.33458857484569615
184,0.13391814843372032,0.33512355994898824
185,0.1334788499458135,0.334879570544042
186,0.13290428943624344,0.3346842707902878
187,0.13222309572074376,0.3348077340305305
188,0.13188872639384921,0.335240040536078
189,0.13143083657803561,0.33569367068238243
190,0.1309066427522462,0.33621599478209785
191,0.13038636643951032,0.3357575375182682
192,0.12991702007861383,0.3354420972738548
193,0.12942673615519912,0.3357064835458043
194,0.12899992357675577,0.33569029816574164
195,0.12853801009226695,0.3355237260898797
196,0.12774996211198583,0.33573777983827446
197,0.1273098853707933,0.3353018188180165
198,0.12675443144685164,0.33566741245206216
199,0.1263393463596157,0.33539049425125417
200,0.12586211252134122,0.33502326424704204
201,0.12548785411999988,0.3350586143335224
202,0.12511209812277782,0.3350619835562255
203,0.12468122256187593,0.33443819941779124
204,0.12432581773410496,0.33476505389020694
205,0.12403406403025014,0.33463526386508924
206,0.12380530911937837,0.3349348471867088
207,0.1234684700688584,0.3350443119003324
208,0.12306767895807727,0.33486752547126597
209,0.12281533660347503,0.3348667684593238
210,0.1225814092674206,0.334937211277737
211,0.12212745420458831,0.335065631939729
212,0.12146854525338219,0.3353713425565585
213,0.12098629135455362,0.33559431902480324
214,0.1205051126550391,0.33606941452232636
215,0.12012086777580999,0.33598804307242897
216,0.11953820916980945,0.3367072180450017
217,0.11920270658787362,0.3370516095803829
218,0.11885981990101237,0.3370170551113213
219,0.11853907276954352,0.33703006914688677
220,0.11827076879707714,0.3365804698614517
221,0.11801763174993977,0.3367594614560302
222,0.11748001449685738,0.3365117740584537
223,0.11702038422095846,0.33653765463759316
224,0.11662774677428057,0.33730274598464055
225,0.11631963615996768,0.3371724010050351
226,0.11594648187421884,0.33730296205948523
227,0.11542974649261369,0.33760541470779265
228,0.11518592324583084,0.3376847767294508
229,0.11490640124230954,0.33874948303290353
230,0.11471255634176748,0.3386645388830744
231,0.11440037822041178,0.3387417974705049
232,0.11383066750275836,0.33896749492019546
233,0.11345018410299493,0.3387636630771258
234,0.11308003702584375,0.33819619956538427
235,0.11275684628339222,0.33852179043186537
236,0.1125066228611396,0.33874668953626136
237,0.11226819931715838,0.33901537022683964
238,0.1119491837708371,0.33897373558326366
239,0.11162881915804178,0.33947602378243885
240,0.11134291098202338,0.3392507304681992
241,0.1110111857847735,0.3396950336868589
242,0.1107354106799757,0.3394778856867801
243,0.11025317329053338,0.3398769826582071
244,0.11001039053157055,0.34009592535864885
245,0.10964427311225372,0.3398374166310686
246,0.10916166599154109,0.3401019386787007
247,0.10882700043003919,0.3399878788846311
248,0.10846956979334647,0.34040877447794954
249,0.10809765390095712,0.34105702674754884
250,0.10765955992845896,0.341180585226612
251,0.10732989051482265,0.34109383979399577
252,0.10704227231095774,0.34152707401250376
253,0.10673529392859883,0.3418447519780048
