0,0.6216208310825238,0.630014278440549
1,0.5854480349726927,0.6018709803982623
2,0.5544685124744242,0.5793376036151059
3,0.5277131625031647,0.561356619822165
4,0.5044104698217003,0.5453736600560257
5,0.4827061825915372,0.5299945529234054
6,0.46257328738957665,0.5170281395133229
7,0.4448028640119198,0.5032841509017467
8,0.42926780663137676,0.49364802429571253
9,0.41407329186132136,0.48211956137602946
10,0.3997683212844459,0.474076555030006
11,0.38654513403090174,0.4648597605067513
12,0.3754789109658948,0.4584135670041478
13,0.3646377975683209,0.45215440088769604
14,0.3540814205210139,0.4446254262744357
15,0.34471270769390294,0.4407393693478959
16,0.3352762891593028,0.4357785034160139
17,0.3259587638902881,0.43081363999655914
18,0.3178500406300271,0.4277268171139358
19,0.3100749923834873,0.4254214830935849
20,0.3022720877836715,0.42207035664617654
21,0.29486116502350834,0.41860985682638613
22,0.28746037623715587,0.4157699805100623
23,0.2803199937700151,0.41268861409290303
24,0.2734901868190721,0.4105327748478417
25,0.2672946482521577,0.4078650164682634
26,0.2608176725828435,0.40630262163358255
27,0.2550075014771988,0.40431766889473836
28,0.24928531018199207,0.40111569414148185
29,0.24339537198859112,0.398343126042588
30,0.2380127707482199,0.3974217172800114
31,0.23309031624758786,0.3956952267911713
32,0.22784085800262552,0.3948233902730572
33,0.22313008300582957,0.39301701260934757
34,0.21809685365160358,0.3910079988855939
35,0.21395916442178847,0.38922476658795024
36,0.20961966633811163,0.3887987038328575
37,0.20520655626224324,0.3869866998170825
38,0.20131036959699375,0.38636419873855427
39,0.1976575230530792,0.38709761022579214
40,0.19376316295654578,0.38487110247614564
41,0.1901189434897519,0.38379971874750035
42,0.18626479553435046,0.38312447083132367
43,0.18264882840315985,0.38263624600367024
44,0.1791155802822125,0.3829388402565386
45,0.17569285260531786,0.3828946099057023
46,0.1724210062835396,0.3831408434224483
47,0.16921880919504834,0.3844607684851906
48,0.16612661114532193,0.3844780529023563
49,0.1634268086552572,0.3843231499702019
50,0.16076663737591015,0.384209671612312
51,0.15799994492332026,0.38338833039431724
52,0.1551195383331793,0.38279684101733974
53,0.15238320998972377,0.38268571003988483
54,0.14989388265617656,0.3822542476972491
55,0.14736385422220924,0.38195514284401466
56,0.14483004642352476,0.382252653662957
57,0.14231720284846427,0.38262774339532934
58,0.1398969813508236,0.38206653283182285
59,0.1375699195840833,0.3825519166063836
60,0.13535594572661985,0.3822985773791245
61,0.1332725455417802,0.38303313760663166
62,0.1310488580832587,0.382977204651352
63,0.12868640561864228,0.38298790833026675
64,0.1267354028219783,0.38326422383543907
65,0.12464932778385607,0.3821500236475013
66,0.12267195082678374,0.3827291923796601
67,0.12085921354304563,0.3825142406121949
68,0.11902058399804298,0.3825410711215571
69,0.11695342257489383,0.38246798854792285
70,0.1152393973695059,0.38275381691153115
71,0.11353243409207314,0.3834782954080854
72,0.11155244655894814,0.3834965081755327
73,0.11006204239232723,0.3843214856457467
74,0.10844789373875234,0.3848494863778518
75,0.10678116243830245,0.38609895789736587
76,0.10517087168454128,0.386469315110158
77,0.1036397486604592,0.38748312581952843
78,0.10218151144303757,0.3884461743598342
79,0.10067292785454289,0.3885986120107233
80,0.09912990668496663,0.38887344477698643
81,0.09753148554533682,0.3887137982026017
82,0.09615025523641657,0.388130283301469
83,0.09467721128786526,0.3880927044749937
84,0.09334529065569072,0.3882943998355341
85,0.09197130488080968,0.38867222499491694
86,0.09073718119305933,0.3899076816911025
87,0.08932479606156356,0.38920958320829674
88,0.08816489797090132,0.3886539649794875
89,0.08696205053450137,0.3892475240732754
90,0.08571610737624223,0.389801166410806
91,0.08466877252493128,0.3909966398070314
92,0.08349577705335644,0.3912453136069237
93,0.08227514939788015,0.3921815259260849
94,0.08120570026750142,0.39299432234472925
95,0.08006360478724839,0.39362677538758645
96,0.07905155032277321,0.39404325121340184
97,0.0779603431770006,0.3944513644150337
98,0.07694903003646102,0.3953124408992532
99,0.07611842865093028,0.3960151334386948
100,0.07505421182532457,0.3964752161799586
101,0.07419545322671116,0.39727434275651785
102,0.073084461572304,0.39813210243185515
103,0.07213850136205764,0.3992281446222007
104,0.07120578113063993,0.40052399616236256
105,0.07039180631651934,0.40138301030597445
