0,0.6211589239616649,0.6254646072452353
1,0.594307624705277,0.601216237502482
2,0.571173774203625,0.5815383302472055
3,0.5505461490997122,0.563315620235349
4,0.5317332304017363,0.5464311700811914
5,0.515056113252668,0.5313275707350578
6,0.49991432162532473,0.5189919083590696
7,0.4880300796898526,0.50992775799992
8,0.4756717155058537,0.49936644117390416
9,0.46421786454351016,0.49027211778684326
10,0.4532958738109461,0.48209388450616425
11,0.44234896579713195,0.47301863451644083
12,0.43266326281221235,0.4658687172968945
13,0.4245501775151764,0.4603271145228073
14,0.41651341651768325,0.45467305652987017
15,0.40819563298498196,0.4497834477166742
16,0.40054725763957716,0.4446617700872818
17,0.3935541872897156,0.44004611353416373
18,0.38662756704425233,0.43577139871441634
19,0.3799670670195076,0.4317574805582031
20,0.3726411534710138,0.42604094484934907
21,0.36678675991642606,0.42243094583943813
22,0.36029445839918633,0.41910554381716936
23,0.35494071203337674,0.4162804379555681
24,0.34884954347133673,0.41218780335207444
25,0.34303246582594304,0.4080508462105436
26,0.3373290430002722,0.40371325990422025
27,0.3317937044307075,0.40051765098418046
28,0.3271475883692401,0.39729488494998544
29,0.3220587828429225,0.395143450538107
30,0.31763768071801574,0.3927969134221594
31,0.31293968750003137,0.3891006180348405
32,0.308498406114071,0.3857454209620569
33,0.3040134509414125,0.3832571766934607
34,0.29962175425165133,0.3802047575482795
35,0.29594133353213375,0.37910130225262045
36,0.2922733133387045,0.37817338472819884
37,0.2885491920525555,0.3766643560366566
38,0.28489264404666065,0.3740990933995308
39,0.28144986589674675,0.3723292935336881
40,0.2780526816665906,0.37053770700122785
41,0.2746505872074538,0.36939930595361803
42,0.2714027188488834,0.3678852676722959
43,0.26772416018044776,0.3663998265174883
44,0.26493028873743946,0.36533187394270444
45,0.26141767059329823,0.36368734628895893
46,0.258074188628245,0.3624415538576617
47,0.25507728197263346,0.36079552523241376
48,0.25197932171858584,0.36002149132996575
49,0.24920296410244575,0.3589817520279011
50,0.24587647900323306,0.3579728940637715
51,0.24302527885552852,0.35725736236417227
52,0.24053763704176936,0.3565795265254039
53,0.2378227531962951,0.3559066000172903
54,0.23553425455184276,0.35550141583011174
55,0.232981761266322,0.35482060163925533
56,0.23022792493246522,0.3548689541748685
57,0.2277617592792306,0.3539868499032378
58,0.22536097188692086,0.3535394590655431
59,0.2228945500365275,0.35231554272608484
60,0.22022962219390252,0.35196478598964503
61,0.21800947076566451,0.3507973637832168
62,0.21553998108997688,0.35057850454499345
63,0.21289848572298323,0.3504865514397329
64,0.21071507433728992,0.3500907460171084
65,0.2087287178937876,0.3498237802240342
66,0.20651540581057667,0.3493666356334016
67,0.20408718734519288,0.34917141237584515
68,0.2022378076134386,0.3489644411596875
69,0.20013309401719723,0.3491174733664882
70,0.1979892054975395,0.3491113259513622
71,0.19608942436196594,0.3487389247599044
72,0.19426810736875244,0.34888595127338057
73,0.19235443033735783,0.3481386321168556
74,0.19030364147044415,0.34790332792311934
75,0.18866306829435872,0.348531325079654
76,0.18683722059241117,0.3484774195103795
77,0.18494164202908825,0.34814976252569413
78,0.18326936966882063,0.3476770294363284
79,0.18146052357046313,0.3482214016406186
80,0.17957736915029948,0.34868857386019564
81,0.17785203587320456,0.3491153714825424
82,0.17595602330009735,0.34881729555572416
83,0.17426102240566238,0.3495194491540014
84,0.17264873762488359,0.34910260537882043
85,0.17129292634221283,0.34857606548840453
86,0.16964153421661307,0.348228056782208
87,0.168013569149545,0.34762636624857046
88,0.16660306938635144,0.34765087717700344
89,0.16500051550260225,0.34746841672628515
90,0.1633192972009417,0.34741614958757416
91,0.1618091911233715,0.3474008719044693
92,0.1603720570407364,0.3472017886707066
93,0.15887688157767896,0.34649432242244704
94,0.15751115342970462,0.3471052380259582
95,0.1561953980474155,0.3474677317800541
96,0.15466178617139362,0.3485041235549982
97,0.15341812432101165,0.3485500385094817
98,0.15193348060937303,0.3487469179557558
99,0.15071406373145393,0.348662023074636
100,0.14943750802213,0.34855238971578406
101,0.14817084681727613,0.3478991337699414
102,0.1467901615071474,0.3474816576844555
103,0.14553631951881632,0.34742689474709054
104,0.1442279642690209,0.3473064570191178
105,0.14264043978743676,0.34829019749211215
106,0.1413718420577181,0.3487756135331011
107,0.14015859807639433,0.34831340524088833
108,0.13895831603894274,0.34963021504190867
109,0.13773195440948463,0.3490215534575385
110,0.1363953835517864,0.34910691969385504
111,0.13522621581491762,0.3491304394026563
112,0.1341873695616044,0.3498217333836456
113,0.13283878511611324,0.3495697761556284
114,0.1316701442566011,0.3498723099188595
115,0.13043871980662725,0.34966031776567075
116,0.1292976720533774,0.350066783983297
117,0.12832871336882273,0.3497738326689633
118,0.12733503620120057,0.34945714082216744
119,0.1261015859359996,0.34949917580741974
120,0.12485128561993693,0.35019582189614235
121,0.12367142155313504,0.3506664397735972
122,0.12266632309289684,0.3503972546977711
123,0.12164090041287488,0.34958802142142636
124,0.1206622687895768,0.3498466179268281
125,0.1196000071788037,0.3501058462905936
126,0.1185924436366811,0.34978041720341385
127,0.1176329051460666,0.3500032348431559
128,0.11659638875008634,0.35005687138871144
129,0.11569151035518678,0.3499704195300075
130,0.11463634621776453,0.34998133839099627
131,0.1136729983402087,0.3501835656338088
132,0.11274677861937091,0.3506144856264789
133,0.1118090815773208,0.35091687293846213
134,0.11081462385189828,0.3508800449198171
135,0.10988944942983521,0.3508005356479087
136,0.10899979092787666,0.3501581124125597
137,0.10806179903357051,0.3503061594704134
138,0.10714886441015985,0.35084682754709856
139,0.10629097341136468,0.3510414999389178
140,0.10549574225452556,0.3516432439936081
141,0.10456764229122602,0.35158680700767014
142,0.10371808416731126,0.35150098798275714
143,0.10281611070343048,0.3514353754978004
