0,0.5338763976713586,0.5436968067116074
1,0.48727749274786114,0.5031051312902549
2,0.44833291982007933,0.4732017926806374
3,0.42029690350484805,0.4467171064454993
4,0.3962896978584204,0.42727540207869186
5,0.3755208074556596,0.41494128132316144
6,0.35782412665979385,0.4062368978744703
7,0.343746265604599,0.39702146301278085
8,0.32978278380292136,0.39050946526809044
9,0.3152574886013852,0.3827718253823648
10,0.30412070352409903,0.3758574354787726
11,0.2949534902512739,0.37154217427800834
12,0.2832124276673497,0.3648358922714093
13,0.2730200682271483,0.3620295101376
14,0.26210031743878115,0.3570365462799239
15,0.2536915895444562,0.3519903455113997
16,0.24602226298709876,0.3488673269638578
17,0.23809715783524926,0.34387866417638113
18,0.23051900701633407,0.3397330531716411
19,0.222910288817439,0.336358000264967
20,0.21643415927323234,0.33297649935919493
21,0.21016673463900526,0.33256014097742126
22,0.20429240514982117,0.3295618067088657
23,0.19822166011048376,0.3276461843032987
24,0.19191966230319987,0.3258753810674285
25,0.1868430511948871,0.3233108306334348
26,0.18151782295091348,0.32109873556349416
27,0.17649345185218057,0.32001151017817975
28,0.17164092316846954,0.3178982302341948
29,0.16706811731570587,0.31758788305547136
30,0.16290131567782162,0.3164901567642649
31,0.15854642284394604,0.3136229035654158
32,0.15470027274831422,0.3130587542107967
33,0.1506811089780894,0.31397319595724704
34,0.1471173215656923,0.3120192285160065
35,0.1433709307776032,0.31119899670820794
36,0.14006339712864996,0.3131379970461665
37,0.1364906209250927,0.314937359336522
38,0.1330978406036022,0.31687639223925584
39,0.1296794869780983,0.31755245814964034
40,0.12664138554405874,0.3161064014145052
41,0.1236567820895795,0.31641401146798376
42,0.12038317196178863,0.3162827811038993
43,0.11774422013325132,0.31517858496302625
44,0.11522196592805725,0.315347381916595
45,0.11262003436017111,0.3153007176795098
46,0.10978612893385017,0.31537939473864696
47,0.10765537485166159,0.3159079378013443
48,0.10524696679139744,0.31593344056515166
49,0.10305729183459998,0.3171755301483579
50,0.10059890039063418,0.3169217198566025
51,0.09861376111220996,0.3178864543000312
52,0.09669807151205033,0.3177334999965594
53,0.09476559243729173,0.31830427487094615
54,0.09275020282287397,0.319569965774499
55,0.09090574373200738,0.3213993326202767
56,0.08912161190096043,0.3213017179334725
57,0.08734421142271942,0.32129676753884706
58,0.08560333362815682,0.32018194844143216
59,0.08385032776545297,0.32266244626190954
60,0.08219307030294115,0.32242731866314284
61,0.08036354185361765,0.3225341015865676
62,0.07859546687123262,0.32198235669125963
63,0.07697594985566776,0.32338134301216626
64,0.07564450160826974,0.32353460359177316
65,0.07371252973285135,0.32386417889531094
66,0.07231922913282693,0.3246321568698119
67,0.07098750114488828,0.3251017159730189
68,0.06943813465268482,0.32626061973317455
69,0.06818954454512222,0.3282463432378642
70,0.06682376726441863,0.3293212079437166
71,0.06554621295695733,0.3310005065338444
72,0.06443787832551058,0.33158425387937696
73,0.06341442774304101,0.3321586655984564
74,0.06230396855787592,0.33318403719617834
75,0.06123616670360612,0.3332231647288623
76,0.06013463435992912,0.33403996032533106
77,0.05906361518290946,0.33423891197980365
78,0.05800085804042103,0.33520970444975684
79,0.05700238531121864,0.33512983801869994
80,0.055969207106532866,0.33573713320670756
81,0.0550721244691125,0.336654033816558
82,0.053973247834070384,0.3392372059869075
83,0.05312713625924419,0.3399708095195398
84,0.052141944988093804,0.34009990336051765
85,0.05144971143039166,0.34084104425100636
