0,0.5359231233596802,0.5456143021583557
1,0.5147814154624939,0.5204095244407654
2,0.5116509795188904,0.5166392922401428
3,0.5079866647720337,0.5151275992393494
4,0.507839560508728,0.512668251991272
5,0.5052838921546936,0.5117594599723816
6,0.5061050653457642,0.5112454891204834
7,0.505496084690094,0.514483630657196
8,0.5041314363479614,0.5123094916343689
9,0.5033249855041504,0.5104974508285522
10,0.5019955039024353,0.5116328597068787
11,0.4998849332332611,0.5095840692520142
12,0.49807870388031006,0.5053516626358032
13,0.4982055425643921,0.5062766671180725
14,0.49701380729675293,0.5065102577209473
15,0.4970131814479828,0.5067381262779236
16,0.4960382282733917,0.5040799379348755
17,0.4957498013973236,0.505081832408905
18,0.4959603250026703,0.5055293440818787
19,0.4961470663547516,0.5057656764984131
20,0.49634912610054016,0.5063972473144531
21,0.49633991718292236,0.5064226984977722
22,0.49606701731681824,0.5066091418266296
23,0.49607551097869873,0.5066968202590942
24,0.4960508346557617,0.5070202350616455
25,0.4963671863079071,0.5073950886726379
26,0.49572059512138367,0.506665050983429
27,0.4955589473247528,0.5063856840133667
28,0.49553218483924866,0.5050365924835205
29,0.4955486059188843,0.5053887963294983
30,0.4955931603908539,0.5050463676452637
31,0.49558225274086,0.504923939704895
32,0.4955304265022278,0.5052557587623596
33,0.4956889748573303,0.5054748058319092
34,0.495520681142807,0.5057503581047058
35,0.49545180797576904,0.5057784914970398
36,0.4957490563392639,0.5064643025398254
37,0.4958374798297882,0.5060654878616333
38,0.49607065320014954,0.506142258644104
39,0.4962521493434906,0.5063701868057251
40,0.4960363209247589,0.5062758922576904
41,0.4958151578903198,0.5060338377952576
42,0.4956682324409485,0.5056020021438599
43,0.495563268661499,0.5052897930145264
44,0.49591895937919617,0.5058004260063171
45,0.49569186568260193,0.5053155422210693
46,0.4955739378929138,0.5056117177009583
47,0.4956258535385132,0.5061034560203552
48,0.49567508697509766,0.5059480667114258
49,0.4954746961593628,0.5060500502586365
50,0.49528682231903076,0.5055943131446838
51,0.49557140469551086,0.5058750510215759
52,0.49571165442466736,0.5058804154396057
53,0.4958362579345703,0.5059497952461243
54,0.49608200788497925,0.5062532424926758
55,0.4964029788970947,0.5062039494514465
56,0.49646297097206116,0.5062602758407593
57,0.49630534648895264,0.5062740445137024
58,0.4961555004119873,0.5062873959541321
59,0.49634432792663574,0.5064529180526733
60,0.4962577521800995,0.5065163969993591
61,0.49626341462135315,0.5063830018043518
62,0.49624118208885193,0.5067124962806702
63,0.4961071014404297,0.506438672542572
64,0.49616652727127075,0.5067402124404907
65,0.49606192111968994,0.5067042112350464
