0,0.573427872257254,0.5695136197155495
1,0.549138683338215,0.542459750157719
2,0.5297486630657159,0.5216731689241461
3,0.5140904596596697,0.502496671919316
4,0.5018991362946424,0.488906243810469
5,0.4886884086957071,0.475679177957353
6,0.47709833923287864,0.4640504196656141
7,0.4680427347337871,0.4543622805780427
8,0.460808609986249,0.4464416541936026
9,0.454274504812518,0.4387833364566838
10,0.44805348285425084,0.43305942623357196
11,0.44260435639472406,0.4295078013406728
12,0.4376224629582825,0.4250769176795087
13,0.433393916490284,0.42051428054804363
14,0.4289417910422674,0.41690657970744305
15,0.42517454377143116,0.4126284107114554
16,0.4208210804981883,0.4094017743028501
17,0.41751827824576815,0.4083607119860455
18,0.4141823760471333,0.4045594756518303
19,0.41157670351828124,0.4024079643530251
20,0.40875350428143387,0.4006055404303564
21,0.40607232636251045,0.3996875546095743
22,0.4039967165779307,0.3985345522209987
23,0.401687422471719,0.39672894382991764
24,0.39945846313052386,0.39465724760453774
25,0.39811088085111657,0.3930414404679375
26,0.39537563916135726,0.39121608371183264
27,0.39315699295795065,0.3898877392614551
28,0.3912925318703111,0.3884700054659803
29,0.388743531338173,0.3851556000008424
30,0.3867833678152015,0.3838836362672361
31,0.3853992420517654,0.38324812955806603
32,0.3839335978241151,0.3823760720829978
33,0.38188231199413636,0.38126864560436763
34,0.38006846548682754,0.3798200735339549
35,0.37855548848013426,0.378614674463809
36,0.37665970368749757,0.37738538139648625
37,0.3748098755267368,0.3765693837175629
38,0.3731284987244793,0.376438779645445
39,0.37157925130021885,0.37518454329485246
40,0.37033512114970646,0.3746910900693265
41,0.36931648372221754,0.3740338785610834
42,0.3686197497536201,0.3727945862781874
43,0.3677850447933698,0.3733312165634679
44,0.36668358206390955,0.37272466583012825
45,0.36549407560036035,0.3720583197870685
46,0.3637909587317264,0.37032929877727455
47,0.3628638723570514,0.36936201912174305
48,0.36179961647081177,0.3690806431057673
49,0.3605577675600242,0.3672415763722379
50,0.35933053423147554,0.3670237017480995
51,0.3580450850246585,0.3661867280915202
52,0.35714804247365806,0.3646236048898518
53,0.3563516948237758,0.36468578447091143
54,0.3555734440413039,0.3634872929093196
55,0.35467712327801865,0.36270204097284103
56,0.3538371279944629,0.36216899113407747
57,0.35285660210970965,0.362294872707568
58,0.3520190742922341,0.36122720792210755
59,0.35074933865129565,0.36020936794688163
60,0.3499509680212314,0.36047260472671216
61,0.3492863574474615,0.3601080102239326
62,0.3484036023419805,0.36002385426523553
63,0.3477298494972805,0.35908661714395235
64,0.34725247623527483,0.3589947187608106
65,0.34669382146207894,0.3588392482959511
66,0.3460339448847911,0.35801100027271154
67,0.34547271727470286,0.35746376498028
68,0.3443605784660514,0.3553228772253671
69,0.3436954971387851,0.35559494488723686
70,0.3428178943959829,0.35529714478170565
71,0.3423992423762745,0.3557123608892745
72,0.34196840402553874,0.35519420168230303
73,0.3415554342479224,0.35538569099316974
74,0.34080664664835314,0.35443457808320583
75,0.34021337389390244,0.3547022937747993
76,0.3395006513307003,0.35394495821076094
77,0.3388749855632475,0.3534124665673963
78,0.3383791916278661,0.35327483388265113
79,0.3379206737629567,0.35307906317971316
80,0.3371682251795598,0.3518337324835534
81,0.3366710580914319,0.35113822410133777
82,0.3360961316065409,0.3508821338405435
83,0.3357148368936911,0.35060408653514763
84,0.3354358279966336,0.3502161513420715
85,0.3349903715084771,0.3493981218451492
86,0.33489577090649825,0.34976665290140074
87,0.33420056116292896,0.3490123529109249
88,0.3338936360970117,0.34883763784724875
89,0.3335733432924041,0.34816754581762777
90,0.33307591665396014,0.34828879569343624
91,0.3325987321744748,0.3478534963077199
92,0.3322044864401794,0.34722906322141717
93,0.3320029753183186,0.346606288382704
94,0.33163236638231364,0.3465534602157779
95,0.33104526292064246,0.3466736359816311
96,0.33066693310055656,0.34621002154111263
97,0.33012891004390127,0.3460018020266595
98,0.32932525065605306,0.34492949412972873
99,0.3289208405355474,0.3447995859234341
100,0.32856022169198223,0.3443236704136577
101,0.3277070021604807,0.3438944406262918
102,0.32738630680527736,0.3435324304939461
103,0.32702638426204594,0.3443550456218401
104,0.3267778752691457,0.34413601287172196
105,0.326162786361467,0.34465911984513026
106,0.32599908347501294,0.34420251684048786
107,0.325384420046834,0.34393438876883053
108,0.32483195886524685,0.3433565403110058
109,0.32412496696363097,0.34286192522380526
110,0.3236729616797889,0.342472855770006
111,0.32326026113164064,0.3419630505575113
112,0.32258785359488823,0.3414401444587986
113,0.32231720900555055,0.3408843133246661
114,0.3220179143824807,0.34050731563338565
115,0.3216362568405095,0.3396703921482263
116,0.3212249502394224,0.34012487812001024
117,0.3208403464853715,0.3396131481613239
118,0.3204993265980463,0.3393735744626943
119,0.3200657214927884,0.339063194798178
120,0.31969338110034073,0.3393515940013877
121,0.3190954958143565,0.33977548150801634
122,0.31867542872319277,0.33946503259499616
123,0.3181419688965436,0.3393497279336049
124,0.3177780300797513,0.33956810890450934
125,0.317732415925679,0.33930643514002645
126,0.3173820014938024,0.33898783031256374
127,0.3170092723879645,0.33902341536791436
128,0.3166931190948944,0.3384928654459913
129,0.3163843597532908,0.33862287959855236
130,0.3158763299042175,0.3382454494019238
131,0.31562000569058474,0.3385383777842693
132,0.3153990324891501,0.3386000520901157
133,0.315000370535256,0.3382454241595676
134,0.3147962458587481,0.33797234913903956
135,0.3143242938077861,0.3377993797210333
136,0.31388875672313643,0.33782908548147794
137,0.3136562570464213,0.3383553085047308
138,0.3131761458540612,0.3368143230783471
139,0.31267484287315755,0.33641438529067863
140,0.31240288793504367,0.3357706921952689
141,0.31191246031216563,0.3348691450919107
142,0.3117292793042394,0.3351419023932915
143,0.311378358488782,0.33433874023399873
144,0.31118203550500845,0.3345750966283901
145,0.31088652226875363,0.3351351682650704
146,0.3104511375321843,0.3345039870053328
147,0.31011232865110744,0.33413635388623864
148,0.3097522533024602,0.3335309503000006
149,0.30944325442336634,0.3329734549130051
150,0.3090564689960857,0.3323775164631788
151,0.30871045177975087,0.33249245173054587
152,0.30845768930135964,0.3329598114538157
153,0.3082677214971885,0.33283329927182154
154,0.3079435177922604,0.33204493203832536
155,0.3077340524407822,0.3320692465454479
156,0.30748255900538063,0.33135238568767417
157,0.3070239704172815,0.3303302369219674
158,0.30684177937336576,0.33019974636184024
159,0.30653214329652567,0.3302159808984659
160,0.3062280779959715,0.3304293761843706
161,0.30600806006996145,0.3296862041356658
162,0.3055509805927589,0.3296301403952727
163,0.30524943504449087,0.32912338480213243
164,0.3048356887140906,0.3291889008977603
165,0.30463172503115565,0.3295493928789343
166,0.304403818772411,0.3288542137010987
167,0.30405799539631745,0.3288817605784749
168,0.3037744941926652,0.3290673701928202
169,0.303513835905577,0.3290053812717342
170,0.30326883754199674,0.3287007089927626
171,0.30283302117142513,0.3272018195073284
172,0.30263735932911273,0.3270233117888821
173,0.3022475786379093,0.32649519518949555
174,0.30203977147444677,0.3265318080402315
175,0.3016335868394401,0.3259590287149959
176,0.30154810908021495,0.3258166859952304
177,0.30104876487803334,0.32556260547930393
178,0.3008740115687449,0.325141022355243
179,0.3005857408692514,0.32450692032583156
180,0.3003117062921791,0.3252917370938603
181,0.30002679604420235,0.32507470237887015
182,0.29971772123963986,0.3248419237782986
183,0.2993956967191341,0.32404843056303945
184,0.2993029815334536,0.3241048561155476
185,0.29891985638905133,0.3241621997032144
186,0.29869780685893244,0.32516819607238023
187,0.2983899885261092,0.32570678751838006
188,0.298204755083797,0.3258041729750583
189,0.2979179309187702,0.3248276162955932
190,0.29770570641992,0.32455572365496915
191,0.2973841033350787,0.3242428161954376
192,0.2973217131138924,0.32407562499019654
193,0.2969353114624833,0.3236181751220064
194,0.29641731560769635,0.323317828387958
195,0.29631202243704896,0.32280557248935604
196,0.295940835126179,0.32258385147373614
197,0.29567418159706077,0.3226087494323709
198,0.2953904356298475,0.32262905048323903
199,0.2950607032920929,0.3230208790057145
200,0.2948653660165939,0.3231702190997262
201,0.294559805193546,0.32252768580693114
202,0.29429802494438395,0.32241403038429456
203,0.2941575047742537,0.3224229935831561
204,0.29396120524868785,0.3226564230995952
205,0.2935903361258407,0.322451720685539
206,0.2931941580928281,0.3217280094005221
207,0.2928058549812565,0.32134242827542564
208,0.2923031961070234,0.3212732328031473
209,0.2922210802600859,0.32159072039773745
210,0.29195344599766304,0.3211565726001302
211,0.29175902881537225,0.32097415891977704
212,0.29143501085859197,0.3206860771228845
213,0.2913728436797525,0.32083385526732094
214,0.2911095789069885,0.32072795644359037
215,0.290841615993864,0.3209057082126126
216,0.29065098312218496,0.32077331565837947
217,0.29053758409584907,0.3202776507553788
218,0.29026524106255736,0.320358716835598
219,0.2901688697230565,0.3201174245774561
220,0.28992609714838913,0.3200247136838068
221,0.2897934792434531,0.3203477740223966
222,0.2894794546111916,0.31967462335938407
223,0.289221978351086,0.3197178061602521
224,0.2891922846994525,0.3201913471695992
225,0.2890076267886326,0.3204278146599298
226,0.28870757153615156,0.32022806466528186
227,0.288653549820806,0.3198104277234076
228,0.28838567040156265,0.3200399879166855
229,0.2882161204400796,0.32012145498387384
230,0.2879135407605015,0.32035308231095816
231,0.287775375695242,0.32057739293338944
232,0.28780582124243453,0.3207715569933841
233,0.2874566046799458,0.3203607922876665
234,0.2873423372578097,0.32058946235563657
235,0.2872964873420844,0.32106959787158107
236,0.2871948915860043,0.3216697272828197
237,0.28698878364776775,0.3211492993865419
238,0.28682359971925847,0.3209942693156426
239,0.28659940280175417,0.3204302401728133
240,0.2863508519642381,0.3193043923291471
241,0.2860426069346133,0.31880426107556215
242,0.285979613678562,0.3188163878295807
243,0.2857309536271406,0.31905350378446756
244,0.28527904334631005,0.31846533386397907
245,0.28518675607070026,0.3185767253134594
246,0.2850178791153857,0.31814031403217197
247,0.2847852849497857,0.3183696344308694
248,0.2845223531837725,0.3179777077881965
249,0.2843137098366611,0.31798109694491783
250,0.28408653119930544,0.31793182655057267
251,0.2836092069767988,0.317518773697485
252,0.28352219167592785,0.31771793303443135
253,0.2834545558101883,0.3179524109647734
254,0.2831000821491159,0.31764325601811305
255,0.2829530904930473,0.3179590180305262
256,0.28285528161322576,0.31765989465284084
257,0.2827931059060606,0.3176930941404454
258,0.2826835431564507,0.3176636181994528
259,0.28253667853772757,0.3174900428246098
260,0.2823915690635367,0.317102828900579
261,0.28220270259071906,0.3168529088881982
262,0.28197930592783443,0.31713752011140084
263,0.2819413096433356,0.31672209481989166
264,0.2817443188120638,0.31662162017565526
265,0.28142601298382225,0.31768161085437263
266,0.2814446129397279,0.31822596239286743
267,0.2808811147995608,0.31782534862963285
268,0.2807108778989148,0.3178479444378221
269,0.28042919957356516,0.31822762912103
270,0.28003362800041887,0.31776577821934354
271,0.27980739084379247,0.3174526827388939
272,0.2796116324082301,0.3169572131154858
273,0.27942802249123533,0.3172194413887476
274,0.27936325993887623,0.31751810834421
275,0.279252904978058,0.3172681037331501
276,0.27912526993529463,0.31717498650598175
277,0.2790693723946023,0.31658973398814005
278,0.27895661736877836,0.3159438586937076
279,0.2788481517133455,0.31632378935867544
280,0.2786699309049226,0.3169143354375
281,0.2785715251395928,0.3166666603618849
282,0.2783589365892893,0.3162296926423532
283,0.27822309655443156,0.3157763270160198
284,0.27806165579662545,0.31626658883977443
285,0.2780134518433096,0.31603090601564915
286,0.27793620847781225,0.3159170195335696
287,0.277814784378756,0.3159115684578586
288,0.2778016047999648,0.31635011985316286
289,0.2778134709529814,0.3161922726086424
290,0.2776248588091067,0.3161593274514643
291,0.2774546461104025,0.3162218332925327
292,0.27712458267546103,0.31664888460211993
293,0.276919553651069,0.3165697721976467
294,0.27682677376169773,0.31599144351361375
295,0.27668149359575994,0.31619426463630057
296,0.2764039527015913,0.3158619309818999
297,0.27626438443647844,0.3160519487547754
298,0.2761351982073956,0.3156608909258342
299,0.2760417101778592,0.31560176187655
300,0.2758392194261532,0.31584995141944894
301,0.27578492865698884,0.3166926925217057
302,0.27569991271932565,0.3171586550022716
303,0.27540363572033266,0.31721108244014573
304,0.27533869032207103,0.3173523928009759
305,0.2751107095931938,0.3174883657661193
306,0.2749332123026571,0.3170520630729863
307,0.27466988975493756,0.31673363317041164
308,0.2745980776114065,0.3162966765215493
309,0.27449533103115653,0.3157558758689235
310,0.27436540701693624,0.315841552017621
311,0.2742065059070101,0.31482224616222315
312,0.2739315122515814,0.3155898579733646
313,0.2737136395710391,0.3153213934950686
314,0.2736452396691141,0.31495206713303736
315,0.2734202939539428,0.314674440746197
316,0.2731606565690102,0.31493333596931566
317,0.27299635029897995,0.3155790575837315
318,0.27275687893964756,0.31542862842247665
319,0.27276597914603173,0.31558173877830303
320,0.2726310655082271,0.31595571767497166
321,0.27252438289089437,0.31563308746440666
322,0.27237076953832334,0.31482891130095575
323,0.27219640683931984,0.3145489325728859
324,0.2719645606829311,0.31447547938263826
325,0.27177592391192557,0.313712093221149
326,0.27176961465880367,0.3129987271937062
327,0.2716318532215526,0.3127876310949741
328,0.27147953104669537,0.31290974164370755
329,0.2713860301728732,0.31224868603650935
330,0.2714035674474784,0.31248901086303804
331,0.2711947756506895,0.3125794235121666
332,0.27115908521289694,0.31265297440209455
333,0.27104706267887635,0.3127989177503082
334,0.2709116225342338,0.312186936993298
335,0.27080663496542745,0.31192613846469575
336,0.2706197888356972,0.31161834932276433
337,0.27034155215996136,0.3110450179926041
338,0.2701781018025948,0.3111887937215714
339,0.27002734922956895,0.3113359351422894
340,0.26995187306707896,0.31153508331191976
341,0.26985066077396996,0.31151900972808916
342,0.2697692194139405,0.3120666400192106
343,0.26965538393891675,0.3122201017045708
344,0.2692461762080962,0.3120242881607944
345,0.26913578604387867,0.3123464482933419
346,0.26904885771459064,0.3124796247801442
347,0.26876825521668457,0.31221966035454835
348,0.2684692734538369,0.3115114882708501
349,0.26832721228841105,0.31160867598685577
350,0.2681228273947068,0.31080685931897434
351,0.2681225617369299,0.3107770188886611
352,0.26800313492330496,0.31138691059850127
353,0.26791615382242684,0.31144813923944387
354,0.2678415271871247,0.31153999801409316
355,0.26765731641361473,0.31210319972548506
356,0.2675550620112192,0.31199986793312623
357,0.2673644748155412,0.31156988678005954
358,0.2672333160057561,0.31189235980525826
359,0.26696369686926547,0.3120206082846101
360,0.26674060424722457,0.31248055740403863
361,0.2665745700724887,0.312417494585308
362,0.26646241029940976,0.31260831319484694
363,0.266247389119039,0.31232500499146304
364,0.2661042826474585,0.31216653158545793
365,0.26600139111279486,0.31253793771386096
366,0.2658210410965458,0.3128984181824614
367,0.2656013711011772,0.31358545292605844
368,0.26548808069856833,0.3133166980447133
369,0.2652945663217093,0.31339625245203656
370,0.26521070318507933,0.31339227999738567
371,0.26511258167373225,0.3135364875932665
372,0.26507363956155394,0.3134944860546807
373,0.2649405928158751,0.31314834311989237
374,0.26487701162995525,0.31363891144802186
375,0.2647033749478286,0.31379277067586814
376,0.2645850778332855,0.31380342529583055
377,0.26436709162632527,0.3138802149563694
378,0.2643623435029148,0.3133615486353544
379,0.2642820199552532,0.31370406213115676
380,0.26421417921628265,0.3133141125429005
381,0.2641764401442535,0.3133636430920797
382,0.26411157053432494,0.31290003206309663
383,0.263968369144327,0.313267738897309
384,0.26381453159550405,0.31331593230946586
385,0.263633595989437,0.31313273806039144
386,0.26357928140987025,0.31276296652241237
387,0.26348024112803964,0.31254508861760466
388,0.263364248582359,0.3128681061205005
389,0.2632073969311599,0.3125328137246844
390,0.26312848073588346,0.3123766734840683
391,0.2629592710892409,0.3122404779303729
392,0.2628562514015151,0.31166471081850367
393,0.2627824888338031,0.3120051444877323
394,0.26290879791237465,0.31201733991615505
395,0.26278865888192354,0.3122901388940766
396,0.2626691549619097,0.3122241241779838
397,0.26260254254255117,0.3117900333457923
398,0.26263077602533585,0.3117693890640008
399,0.2624971957906751,0.3113339854823518
400,0.2623554358366326,0.311060762427719
401,0.26228243693121545,0.3109304692598278
