0,0.5725719424809931,0.5743086804037777
1,0.5476670056847853,0.5500801936177089
2,0.5258596761128103,0.5312710713528497
3,0.5112988768513532,0.5196809931019428
4,0.4981224850308457,0.5076588195254267
5,0.48289037747410346,0.493158126075865
6,0.4715845527861715,0.48227958772220386
7,0.4636924420081101,0.4743506969887741
8,0.4558238769551256,0.46743968450584655
9,0.44852166050950726,0.4599593522593705
10,0.44290117766105136,0.4551312147785963
11,0.4379966555934588,0.448652478575588
12,0.432853950718427,0.4441725498372707
13,0.4280814728288067,0.44080430025579204
14,0.4235120947040847,0.43824654907565824
15,0.4200786408758329,0.4355368537432098
16,0.4163058222601673,0.43318471216613325
17,0.4119394902646719,0.4303830743732142
18,0.40902281720968114,0.42787836425036013
19,0.40600667572316695,0.4256170479799241
20,0.40250706412323567,0.4238871913847641
21,0.4000944837802039,0.4212760610679983
22,0.39758786549763947,0.419066073935827
23,0.39490403749775643,0.4166002544365216
24,0.39276936732587714,0.416150629816662
25,0.390236629488533,0.4149490041439801
26,0.3880461055883451,0.412619801306686
27,0.38659740609876153,0.4108930006530691
28,0.384592069979746,0.4102019157805008
29,0.38243855949345135,0.4089116201056519
30,0.38044703219182113,0.40816043245848677
31,0.37920137223821826,0.40807289079898157
32,0.3774501138668259,0.4066421231032751
33,0.37513089137033456,0.4047777631355238
34,0.3732376716163494,0.40294488043585425
35,0.37200878844147894,0.40147681134543706
36,0.3702585992660899,0.40103815677048077
37,0.36920142905206754,0.40018241085986017
38,0.36766156409899475,0.3988038858854273
39,0.3662609509123044,0.39792078795840974
40,0.36516523323749683,0.39698462349234914
41,0.3639533447252925,0.39454462493456915
42,0.36233950954863786,0.3931007454214362
43,0.36129708862040366,0.391940434998416
44,0.3601509542435652,0.39092638655093537
45,0.3590484536946552,0.39049032895694347
46,0.35674969115559946,0.3903520229396597
47,0.3558780105156563,0.3893731210878856
48,0.35491514071459623,0.3883690847348696
49,0.35345703507718085,0.3879055052395784
50,0.3521732053485474,0.386438239346375
51,0.3509224812514514,0.38499843913628523
52,0.3502895955503627,0.3845274559616539
53,0.34918961577305185,0.3839712782936989
54,0.3482556284743786,0.38427825186172015
55,0.34732560962003906,0.38358689034653914
56,0.3463204844893847,0.38352843713400436
57,0.3455598612612829,0.3837940709648754
58,0.3448868346630153,0.38265011633263074
59,0.3443007637831487,0.3818003536974104
60,0.34388371513101673,0.38115044244496565
61,0.34312908412380444,0.381310374394548
62,0.3424921992342168,0.38160743176377937
63,0.341520202626144,0.38110685590969373
64,0.3408661284238884,0.3807877886829302
65,0.3398380066752998,0.37993434528962783
66,0.33902197417478486,0.3792278958395657
67,0.338062507950108,0.37921452398410077
68,0.3375319276830919,0.37848310359470383
69,0.3367702136153324,0.37864518212293374
70,0.33643235885464173,0.3793216634714869
71,0.33582618285852367,0.3799258325522984
72,0.3351127673784417,0.3786319167206016
73,0.33452110953514336,0.3779701890662742
74,0.333507712019465,0.3777177411272278
75,0.3328869883262376,0.37705436383168517
76,0.33231670192078444,0.3776916142814158
77,0.3314885601232313,0.3773376011381307
78,0.3310194808699361,0.3774175618494681
79,0.3304898678288123,0.3771395896955821
80,0.32993138382498494,0.3763115365955253
81,0.3295810096154994,0.37611426875619197
82,0.3287916716224955,0.37645947181982603
83,0.3284977908963439,0.37686482301096674
84,0.32785630028188745,0.3762151815037004
85,0.327767015785088,0.3761044999498459
86,0.3271720206829494,0.3757264524930625
87,0.32671537818940904,0.3760947664800631
88,0.3257552522514732,0.37471848936745933
89,0.32506535814254467,0.3743546230303749
90,0.32465877464183773,0.3744217068763268
91,0.3241176570356082,0.3743355613934139
92,0.32354447620571936,0.3739280176911851
93,0.32337352932098323,0.37369908364378585
94,0.32275766274983586,0.37269376151385913
95,0.32224229722157305,0.37237082213991013
96,0.3217096325010524,0.37121936267891725
97,0.3208597105793778,0.3708149908674292
98,0.3203897928504496,0.37037318596518254
99,0.3201764829189409,0.37071529809972475
100,0.3197457959433618,0.37030436655749044
101,0.3192323963661297,0.36964023736014845
102,0.31866740948855166,0.37057549566137893
103,0.3180855145730409,0.3705973350618842
104,0.3175399316872596,0.3700919925553676
105,0.31672233245090436,0.36889076075205585
106,0.31637439069742995,0.3687597535903312
107,0.3161446400583387,0.36906076943599964
108,0.31576005314985917,0.3691243115246896
109,0.31504646970027117,0.36798437665703576
110,0.3145643816036593,0.3669636263727316
111,0.314041112800815,0.366280649562096
112,0.31366054562813867,0.36648831618061034
113,0.31321363181061673,0.36651205181729263
114,0.3129859478494972,0.3665991644870312
115,0.3123702947858998,0.3669855242329381
116,0.3119787062952862,0.3673082177340244
117,0.3116249497757338,0.3673665633186268
118,0.31125991246970547,0.3673496677768907
119,0.3110583423723674,0.36729467019233225
120,0.31069147563204186,0.3677112537903237
121,0.3103946862746235,0.36797714934968545
122,0.3100236239082961,0.36780152806459515
123,0.30969417321136405,0.36795950893712626
124,0.3092546575847119,0.3677768234015863
125,0.30887944727341615,0.36798550011696585
126,0.3085745084424903,0.3679720059721814
127,0.30813650051604674,0.3684076535342831
128,0.30761563938228753,0.36863558920179945
129,0.30714281458219667,0.3685168050626241
130,0.3068913863356805,0.36902988298609113
131,0.3063907945110017,0.3682336189638764
132,0.305839358649599,0.3679072325428944
133,0.3053494701679896,0.36749925118177634
134,0.30528944420763854,0.36779468746302246
135,0.30501724577971523,0.36745539069093325
136,0.30459669075814716,0.36702242503650895
137,0.3042366671298012,0.36683809343715257
138,0.303887658041408,0.3670341524024259
139,0.3036542784156395,0.3669815087696967
140,0.3033929938365081,0.3673871696117069
141,0.3031069656747938,0.3673418609466622
142,0.30298036947296014,0.36624040790448414
143,0.3024181612733638,0.3662940753840473
144,0.3021190578297792,0.36547813248782646
145,0.30182796467076306,0.3646677000564755
146,0.301103373380161,0.36393907209756465
147,0.30080882565207623,0.3638413598916954
148,0.29997450134660514,0.36336647007668993
149,0.29962904453019784,0.36343988936272253
150,0.2993541148063982,0.3637367472185422
151,0.2991014512447636,0.3638326726711742
152,0.29862917838222786,0.36280437693357187
153,0.29849552205505264,0.36269769980039845
154,0.29825437670209315,0.3626149019118117
155,0.29805027501106857,0.3623676305564091
156,0.29768476715245973,0.36189005529844975
157,0.2973466284163601,0.361884383644879
158,0.2971592886523862,0.36162074430379093
159,0.2969264986938064,0.3609718709163901
160,0.29669929741179596,0.36081342413099426
161,0.296586952552795,0.3604509195114512
162,0.2963220020483006,0.3599195191174955
163,0.2960332815014619,0.3593171773179597
164,0.2957658977672338,0.35915029088797135
165,0.295516086483989,0.358746179678083
166,0.29522420715993475,0.3587021812144852
167,0.2948804566633329,0.35926799604828447
168,0.2946479333763597,0.35938057173751703
169,0.2944444929306925,0.3596350184234903
170,0.2942179736167471,0.3597950848530206
171,0.29407234380843417,0.359223837754666
172,0.29401363376243056,0.358738658823134
173,0.29377808651753123,0.3588834120732293
174,0.2936158235690162,0.3585502381344413
175,0.29330117597383176,0.3582142984272845
176,0.29319382494066604,0.35752899523742987
177,0.2927708756665319,0.35644782608327275
178,0.29268332097693595,0.35676150408142504
179,0.29235120397491743,0.3569923148425222
180,0.29190830960698694,0.3572440670956404
181,0.29176980548003245,0.3576994102096896
182,0.29131639015192884,0.3574782367592037
183,0.29120163663925464,0.357529532953321
184,0.29105744031291453,0.3578985445543931
185,0.29082571032373006,0.3578472128873932
186,0.29073350449448637,0.3579648414238589
187,0.29064825255536036,0.3578378202192991
188,0.29050647892851417,0.35817646313501267
189,0.29025043660904076,0.35783106706218115
190,0.29016615177956506,0.35825992360545383
191,0.2898117434979953,0.3580776260369346
192,0.2896044502124551,0.3582977466465753
193,0.28933990172090496,0.35834897510502783
194,0.2891220276131211,0.35854003660771516
195,0.2889231924571237,0.35845796913894495
196,0.2887155530743519,0.35797044530670136
197,0.28833574550471414,0.357724242703318
198,0.28801617977946264,0.3578328803840332
199,0.28774024185816693,0.3577375214464294
200,0.28760486902487453,0.35761751401343217
201,0.2874065361035349,0.3580395768058188
202,0.2871402093236956,0.35714926496800775
203,0.2869379386050493,0.35711474210569155
204,0.2866305958878715,0.3576709882794346
205,0.2863116586451856,0.3571493858711055
206,0.2860881680766453,0.3565364981245594
207,0.2858297778369501,0.35682862899016227
208,0.2856083944022377,0.35750811721073744
209,0.28540721154309784,0.3577112007163378
210,0.2851251259332214,0.35780897725521166
211,0.2848738420875422,0.35795073597978944
212,0.28467119676953456,0.3572581580012183
213,0.2844092681994264,0.35775362576171016
214,0.28413622285356277,0.356953102676383
215,0.2839255247117934,0.3573558067088941
216,0.283583295067268,0.35780060648277984
217,0.28345622640000673,0.3573297376318133
218,0.2830034221086155,0.3577899463199566
219,0.2827208750060914,0.3573455679403742
220,0.2824992074485722,0.35811048341652557
221,0.28239659316554666,0.35808540540240485
222,0.28194736462044706,0.35755897777895196
223,0.2817543833714947,0.35721563944390794
224,0.2816223149048731,0.35714678984541803
225,0.28149858799140426,0.35717056258780616
226,0.2813643552891817,0.35752741233714175
227,0.2812850543517132,0.35776441395627595
