0,0.6210386410129801,0.6255294679998236
1,0.594963315959592,0.6015789901699635
2,0.5712102191886563,0.5799549010682539
3,0.5517487317610955,0.5618040363814231
4,0.5340343922025106,0.5466786946920787
5,0.5181149479030113,0.5313237100735625
6,0.50318646376599,0.5183762461696755
7,0.4895980398125599,0.5064261063204238
8,0.47727370616961673,0.49616293235366943
9,0.46476026022441425,0.4865787983406355
10,0.4534761605842183,0.47681101074523485
11,0.4426722949562162,0.46765196654248475
12,0.43244063729260396,0.46047211348808637
13,0.42333907465066695,0.45313708430426025
14,0.41357926352023694,0.4467861040866713
15,0.40435758597961985,0.44162940889569446
16,0.3957952081475441,0.4355091889435331
17,0.38800044997312216,0.429550204950768
18,0.3804065832116073,0.424398036386837
19,0.37322927433999487,0.4196712202618257
20,0.36641575524694653,0.4146905246301733
21,0.35917456219985344,0.41057922682502507
22,0.3518204152990673,0.4071364372094795
23,0.34590936351199575,0.4038193368218685
24,0.33914626676831944,0.3992058354775833
25,0.33307223007684134,0.39518016091763836
26,0.32720186437488596,0.3921979963422807
27,0.32156113854013224,0.3900262119024271
28,0.3165308681911639,0.38709469591991097
29,0.31140363618284594,0.38478582404124984
30,0.30664298468811085,0.3815471141910567
31,0.301710051751199,0.3789681438933005
32,0.29737941344701574,0.37693517095375095
33,0.29302710622302863,0.3753397166149105
34,0.2889201955107416,0.37375264931010677
35,0.2848021759888521,0.3720144114734435
36,0.2807495093731491,0.370657736101364
37,0.27687852429499005,0.36862471437288186
38,0.27293946983078504,0.3676185243047243
39,0.26961741146439233,0.3668512370451617
40,0.26578504094325944,0.3647602312610068
41,0.26224756895771884,0.3630909289742534
42,0.258660158576833,0.36270678864514777
43,0.2551976976909633,0.3613547654738783
44,0.25215772383435814,0.35946342063846787
45,0.2487099104260171,0.358183043199267
46,0.2454741907344344,0.3559945311918936
47,0.24187348302906336,0.3545810912227288
48,0.23859438264814303,0.35358477729686777
49,0.23553189164072713,0.35273695703746644
50,0.23251361265894605,0.3518202532348602
51,0.22943539202609833,0.35212142686597536
52,0.2266101752900469,0.35090939235998586
53,0.2237707717455223,0.3491752177778908
54,0.22127511487398432,0.3489794622513923
55,0.2184371311792729,0.34823545834800823
56,0.2157796895719443,0.3470198073128327
57,0.21329692591620772,0.3471255629355596
58,0.21085990964841084,0.34629653635946356
59,0.2083760985587808,0.34600658409168833
60,0.20574984297324314,0.34560747449551876
61,0.20326030873133888,0.3437892819615451
62,0.20072397910454642,0.3437779110526135
63,0.19827744357055208,0.34292021803304557
64,0.19614078880069216,0.3419990933274829
65,0.19406375792874703,0.34174341221445464
66,0.19193629013844563,0.3404172741715816
67,0.18979590753619602,0.3393814546851796
68,0.18762493404599248,0.33847379102661473
69,0.18535816435799582,0.33769583193986885
70,0.18307044604961034,0.33809042089599683
71,0.18114842982610074,0.33779500032815213
72,0.1791954668007214,0.3378931069825589
73,0.17746671420785287,0.3378752180651422
74,0.17559834108196656,0.338458309679567
75,0.17371583071821495,0.3380749320235526
76,0.17189329937333034,0.33798565396390795
77,0.17022248378396326,0.33745634193622825
78,0.16841313951683115,0.3374320166618014
79,0.16681299961997387,0.33685909384715174
80,0.16489360225739924,0.3365058819931192
81,0.1633294917733719,0.33604201961387753
82,0.1617238235223508,0.3359165756820863
83,0.16012483227134258,0.3358636024162674
84,0.15854037405067473,0.3363646714048903
85,0.15686714894255818,0.33581633695262497
86,0.15502563198457797,0.3352888903341254
87,0.153316803764676,0.3352868926100447
88,0.1519006847228564,0.33441180967606976
89,0.1503446887529997,0.33483720265072997
90,0.14892830891324102,0.3352804714537443
91,0.14743674269980497,0.33531930104417285
92,0.14606467640542756,0.3345737629704497
93,0.14448862305297866,0.33422379555146925
94,0.14306283219231417,0.3345211022115912
95,0.14168411954515728,0.3346247276880356
96,0.14016598116469914,0.33467238269188543
97,0.1386727949289603,0.33574049450258286
98,0.13727121121060093,0.3354920222894205
99,0.1359060350198945,0.3362802453875812
100,0.13453760606548004,0.3358581882136228
101,0.13340433427404205,0.336189432036124
102,0.1320072351743338,0.3363728839518581
103,0.13075933276033772,0.336450851468517
104,0.129525852376284,0.33592164690124665
105,0.12826750419893204,0.33636197248964905
106,0.12704298290639138,0.3363020413257004
107,0.12591831402381226,0.33645181431194776
108,0.1246763125877138,0.33742524441670774
109,0.12354235630049758,0.33725773430465156
110,0.12243807162382733,0.3364671537381349
111,0.12122792812217141,0.3366194525767705
112,0.1200642674749604,0.3366324966458847
113,0.119003369134207,0.3372462681638235
114,0.11793766925220134,0.3373461679810234
115,0.11673606843239577,0.3368467890634332
116,0.11560704873787936,0.33714241968811215
117,0.11448420404181786,0.3379805700731222
118,0.11340176614750466,0.337500009841651
119,0.11237655444771515,0.33825572557190503
120,0.11146997821186337,0.33804420266798785
121,0.1104260372450236,0.33831989923669187
122,0.10939270509181111,0.3386053127682945
123,0.10838262724485756,0.33861644168681265
124,0.10746173850486035,0.3390708581113678
125,0.10644508229681833,0.33897780015525025
126,0.10548787092116471,0.3394783819378051
127,0.10454670171527418,0.33960655400836903
128,0.10359742934818854,0.33959894730441303
129,0.1027286896559166,0.33992419271720403
130,0.10192593839063788,0.33986230137960094
131,0.10089566959136159,0.3401674133188499
132,0.0999309704980955,0.34049526598333707
133,0.09908942404107471,0.34091498842085005
134,0.09831861676656889,0.34101446302269234
135,0.09743071856036178,0.34131757479340896
136,0.09669880858189561,0.34213756129549455
137,0.09584082488190998,0.34182323043492063
138,0.09506123266625265,0.34121772719744486
139,0.09438125381682465,0.34131955896899063
140,0.09353003602197076,0.34140261793852045
141,0.09277651926429087,0.34134430811788413
142,0.0920820778793458,0.34183195219580603
143,0.09136145064710614,0.3419282571840571
