0,0.6658624242995834,0.6665941701154589
1,0.6415065299652042,0.6428091428454651
2,0.6204552189392637,0.6236620707148378
3,0.602981473246845,0.6056853346701787
4,0.5835295681151794,0.5875986039898993
5,0.5702087004944916,0.575030479813825
6,0.5544735537455696,0.5603256339955869
7,0.5417127535986729,0.5481024564255857
8,0.5275702122825531,0.5342669648857852
9,0.5165830027577538,0.5249130874172551
10,0.506496163775674,0.5158380837940302
11,0.4977338155682992,0.5086531324870663
12,0.49040918914739506,0.5014265153975489
13,0.48214192890132185,0.49319699415596824
14,0.4729049160266177,0.4850050785768481
15,0.46569564980728795,0.4783283496072309
16,0.4568173503695157,0.4717027596523155
17,0.4491146385062857,0.46582052216603076
18,0.44336820922760506,0.4607706174845475
19,0.4381316559010414,0.45673450527522574
20,0.43254908378718654,0.45153052859558945
21,0.4268099804403529,0.4471471640190591
22,0.4216641713112319,0.44298790037220587
23,0.41662923618688574,0.43865394840295535
24,0.413552609113419,0.43627930740735876
25,0.410011232779936,0.43349525554909213
26,0.40529994879714426,0.42993558857741443
27,0.4005303776364839,0.4258932452492251
28,0.3966616516096112,0.42261947413141004
29,0.39288439019415494,0.4196844167509194
30,0.3886377429448555,0.41677407877303313
31,0.3852079938741011,0.4142376694017825
32,0.38321929529905024,0.4128111454033677
33,0.38104834503591106,0.41122507092459704
34,0.37809434937563435,0.4089866602608733
35,0.37552169580701744,0.4072829259489181
36,0.3712756669318555,0.40480304593143407
37,0.36922705711888,0.40351412098059225
38,0.36617133019504516,0.401566474634747
39,0.36267505021109486,0.39877913553040767
40,0.3598616928757643,0.39680724525419325
41,0.35671069377005055,0.39528037416409995
42,0.35480041976214227,0.3934960325536448
43,0.35203298900451263,0.3917621535931355
44,0.34908472259649426,0.38990975793529975
45,0.3470221662975761,0.3883510224642851
46,0.34503666882830814,0.38669888775270544
47,0.3428492760681206,0.38532078032727873
48,0.34073369007771326,0.3837354288163093
49,0.33827159514727945,0.3820449925503246
50,0.3370024811560651,0.3813146038889836
51,0.334509747680568,0.3796845207747766
52,0.3328657564074578,0.37869083216781463
53,0.331476115755994,0.37692000297360484
54,0.3300820350820887,0.3760536742601144
55,0.32837422810974093,0.3751745995995419
56,0.32662956585156167,0.37359587701554203
57,0.32479851800224047,0.3724822146601116
58,0.32305966422557536,0.3712098281484767
59,0.32126715809092027,0.3693085947310463
60,0.3190960463387131,0.367789821134111
61,0.3173170185041747,0.36695459162271465
62,0.31564963648388517,0.36543690115700983
63,0.31454080911244536,0.364502928008106
64,0.3131634166419343,0.3636014479566201
65,0.31116742813908377,0.3624978445119639
66,0.30971644722944697,0.36151518618427203
67,0.3084054957323196,0.3603110330812545
68,0.3059378986952025,0.35848621263006464
69,0.30430848588822407,0.35793049827958195
70,0.3017720887412023,0.35682134224102097
71,0.3004551839600552,0.3556290618235182
72,0.2991540766577138,0.3546440634207305
73,0.2978529559805904,0.3537650471004746
74,0.2965017427836721,0.35256848951351927
75,0.29526531887810786,0.35191615222741707
76,0.29320363959966833,0.35102133259361123
77,0.2913206458694887,0.3497322475866298
78,0.2905338860665239,0.349533941352334
79,0.28946261440209725,0.3488638686256743
80,0.288060176702226,0.34788702753080825
81,0.28654636206951334,0.3468411542914499
82,0.28508587649657763,0.34585744466810503
83,0.2841066778953152,0.3451617112882856
84,0.28300381191898166,0.344530014102554
85,0.2817085310317223,0.34368412861640485
86,0.2803086291102224,0.3435266413177392
87,0.27905081034535534,0.34299951196487266
88,0.2777985690607011,0.3420036037892878
89,0.27684976766267544,0.3412784066282672
90,0.27562717732799713,0.3405564086087724
91,0.2748803304758562,0.34007067951247183
92,0.2736526575667526,0.33948339686606976
93,0.27227449690012356,0.33852856832015354
94,0.2711843987915277,0.33799323721766933
95,0.2696050584486468,0.3371426594652058
96,0.2682000262038803,0.33626318952456263
97,0.2671611391938529,0.33572867259614003
98,0.2662930557930295,0.3354474297503658
99,0.2650777073912387,0.3345107960250088
100,0.26347327328939013,0.3333059337984182
101,0.26277624721159437,0.3327005047431328
102,0.2617923420931851,0.33195912664737237
103,0.2604339187934732,0.3307383541779587
104,0.2596544096339332,0.3302262578286986
105,0.25893482110926314,0.3298590075871942
106,0.25786768635242313,0.3292113692641269
107,0.25694890272382,0.3288809200319329
108,0.25649549516608466,0.3284577448491538
109,0.2556934004882177,0.3279387539982454
110,0.25468251356859195,0.3272958587820015
111,0.2536481668095391,0.32650891681045996
112,0.25265512473165236,0.32590416815599116
113,0.25165120383106154,0.32535251858779507
114,0.25078672224478593,0.32515892863739626
115,0.24985951445358456,0.3246651225301232
116,0.2489072847745985,0.32411845972455816
117,0.2480878027913172,0.323774002715337
118,0.24726455359503918,0.3236495970320632
119,0.2464541230033431,0.3236811443352392
120,0.24561293500234835,0.32324042174845125
121,0.24480984570804973,0.3229148956816084
122,0.2442177941766897,0.322430414696175
123,0.24355231055646195,0.3220856693794362
124,0.24293813846685292,0.32180073623243194
125,0.2420555353497701,0.3214141029306102
126,0.24127947676742761,0.3209242154262593
127,0.2407400431696567,0.3209411352525532
128,0.23944156769841635,0.32015538571525964
129,0.23885362850178818,0.3196191316686171
130,0.23812446738439486,0.31924836561794995
131,0.2375341877443029,0.3190069777998637
132,0.23663869688691175,0.3186308062350214
133,0.23586141118543422,0.3182645143439653
134,0.23531533666981905,0.31756845897636216
135,0.23482510511332538,0.3172630937127291
136,0.23412178581761373,0.31685819129831067
137,0.23320696713564293,0.31675054738813807
138,0.2323691163518262,0.3162976753610198
139,0.23141129270495686,0.3159846547340345
140,0.23062739551792613,0.31523259693494726
141,0.22987821767939684,0.31485982107734967
142,0.22878060350483662,0.31410184956649323
143,0.228075680224193,0.3143427900939624
144,0.22726568611403952,0.3140681172752572
145,0.22667102025313474,0.31373665567819536
146,0.2258536347118906,0.313456102802184
147,0.22467865860855163,0.31313036305378955
148,0.22367970002220763,0.3122658777787663
149,0.2230238806394347,0.3119224752265425
150,0.22234050459606583,0.3111183650501073
151,0.22151887946261908,0.31089307670030486
152,0.2208645211919857,0.31054645931360786
153,0.22043645737250064,0.3104529800504971
154,0.2197390293269084,0.3096251096329569
155,0.21878727621033228,0.3089598397136438
156,0.21826733835180284,0.3087516589990458
157,0.21744713426165435,0.3083151216271304
158,0.21658888823778985,0.3077592295422563
159,0.21570823081383522,0.3071894107107071
160,0.21505828371337635,0.30689429020023
161,0.2141663614037924,0.3064499272343434
162,0.21315846879609707,0.3055822622447015
163,0.21224945572049705,0.30506289569560785
164,0.21147878785431015,0.3046036074268723
165,0.21080846734565128,0.3040041699332189
166,0.21020532853259383,0.30372260170168325
167,0.20950014206532483,0.30323900793212627
168,0.20833447590740437,0.3030294854409285
169,0.2076026839311673,0.3026883703594102
170,0.20699224747515713,0.30256824284419254
171,0.2065167561088332,0.3025665576000358
172,0.20560383230173945,0.30205214181961787
173,0.20485990743243224,0.30213778740424757
174,0.20379144128070653,0.30171531453164985
175,0.20286177257957042,0.3010982232209345
176,0.20191333217207302,0.30075118622955
177,0.2010223980857046,0.30069458021259654
178,0.20014208750043047,0.30058684394590496
179,0.1992571161662582,0.30004327900695954
180,0.19861038217817342,0.2998456315311732
181,0.1980503714533103,0.29966491297439674
182,0.19737307722618985,0.29940207525399626
183,0.19660705224656425,0.29894167042856185
184,0.19574676855366194,0.2985380203335631
185,0.1948767822251549,0.2981435537351831
186,0.19425446098022345,0.29754491599305627
187,0.19378352531553172,0.29753659436805807
188,0.19310745140174526,0.2970804817956243
189,0.19223812517765765,0.29667334926878175
190,0.19136854730914657,0.2960012389606387
191,0.19077330490892005,0.2960395824617625
192,0.1898440015286037,0.2959978706320442
193,0.1891099137457808,0.29584180914243285
194,0.18859700540366053,0.2957091005922197
195,0.18788823453274234,0.295291586593941
196,0.18701098357085144,0.29520362892612956
197,0.18630677456443706,0.2952456412566677
198,0.18562528795555977,0.29487286300456833
199,0.1848304577131099,0.29466527289244543
200,0.1842225959701665,0.29450138789190045
201,0.1836436541294501,0.29411391495876615
202,0.18312086009353154,0.29408077470673794
203,0.18233481588858305,0.2940800387604059
204,0.18157538443874094,0.29375799120838353
205,0.18072850267611665,0.2936319740964659
206,0.18007862024418111,0.29341622667774864
207,0.17936706232419966,0.29323903957982633
208,0.17869510081452591,0.2926429258389046
209,0.17747411745278244,0.29197288100096314
210,0.17684777091651127,0.29189458558303055
211,0.17609892525417148,0.2912785148662351
212,0.17547218355590485,0.29105615484471337
213,0.17474965706304815,0.2906529988142533
214,0.17410594190886927,0.29008503458315
215,0.17329234507851635,0.28969569094299663
216,0.1727515873865777,0.28975916351777903
217,0.17194257024698734,0.28950342605749263
218,0.17139588667924865,0.2892006988600879
219,0.17085948103018012,0.28898490363805124
220,0.17033016189159458,0.2891463633340891
221,0.1697295030312086,0.28919748316858174
222,0.16926581471943813,0.28899117217414055
223,0.16857185852969436,0.2888867660163429
224,0.1680439945827473,0.2885182532232232
225,0.16736780794447015,0.288180611887122
226,0.16680346549561917,0.2880166788312572
227,0.16611993194460362,0.28799300043790493
228,0.16556864013413888,0.28779194736686303
229,0.1648993415264022,0.28791650780810635
230,0.16425253573327753,0.28755851848321196
231,0.1638195614557346,0.28762564176278954
232,0.16312903954631525,0.2877350005655415
233,0.1626674321426672,0.2876685330318411
234,0.16218066167411066,0.2875523097458166
235,0.16150572668341953,0.2877823095341931
236,0.16104261366119005,0.2876410402665907
237,0.16059679680011069,0.28744165869220345
238,0.16020115895272188,0.28725273229642656
239,0.15967513552582646,0.2873593818273362
240,0.15922212120592372,0.2872396788874047
241,0.1584435881001943,0.2872624165385659
242,0.15773605433740656,0.2870855714595067
243,0.15710594155022012,0.28687703084012406
244,0.15653125175788557,0.28674414534520953
245,0.1560567322066634,0.2864815268965926
246,0.15544221611003856,0.2861549419759264
247,0.1549211362701049,0.28597706606407947
248,0.15455762988133556,0.2861025538600174
249,0.15402906557796225,0.28598807962954986
250,0.15353295190927257,0.2859628666353996
251,0.15312451059435803,0.28597601688734003
252,0.1526703059540098,0.2860558207375255
253,0.15226925833570268,0.286032679613724
254,0.15183646099326004,0.2858602626948391
255,0.15114112981709116,0.2854975949404523
256,0.15070506918602763,0.28549778983289786
257,0.15002840303341566,0.28538665038290506
258,0.14962111367224937,0.28534510681308806
259,0.14919422120632947,0.2853743311249757
260,0.148671734246451,0.2850349564127094
261,0.14823278694371742,0.2851707610612469
262,0.14777149031827283,0.2850127899519253
263,0.14741881695620648,0.28507184986101514
264,0.14696841148290943,0.2848468978672353
265,0.1465094073846481,0.28477559082296816
266,0.14614736327824238,0.284724777544005
267,0.14572416469991312,0.2845319176231548
268,0.14526095992194266,0.28433881545054934
269,0.14472072033768024,0.2843645579872188
270,0.1442881338857993,0.284172450344922
271,0.14386066557806673,0.28419430296171155
272,0.14338963315897346,0.28404484269577757
273,0.1427435844032099,0.2839069663923506
274,0.1423170773739373,0.2838564542163562
275,0.14196019769843501,0.2838587206609459
276,0.1413974290390353,0.2836904818192908
277,0.14103655567610562,0.2834916697521711
278,0.14056197402715268,0.2832374020752844
279,0.14018953751068658,0.2828976176853086
280,0.1396895208612717,0.2827547728953961
281,0.13930020604660975,0.28263481525465184
282,0.13895310370585953,0.2823299888775049
283,0.13834087963225025,0.2821244214830467
284,0.1375493287817217,0.2818500742998005
285,0.13703060678551207,0.2816844128288284
286,0.13663498790962897,0.2817167798536652
287,0.1362616193388513,0.28154830030364963
288,0.1359458745274298,0.28136411100158515
289,0.13561394246240052,0.28131788274597574
290,0.1351411466141929,0.28094935292223366
291,0.1348290314940911,0.2807760670339097
292,0.13448967645557652,0.28081459366051165
293,0.1342133854989722,0.28100369605343195
294,0.13395385736951557,0.2808457404794575
295,0.1335047941270088,0.28050101820684104
296,0.13324454652207024,0.2804016138374223
297,0.13291592487747597,0.2801329907306626
298,0.13252692787022485,0.28008009553996077
299,0.13223563960395146,0.27992102607481745
300,0.13192152760151393,0.2799167379753339
301,0.13152158505121175,0.27990288903336497
302,0.13117629998422065,0.2797931945688111
303,0.1308252199668357,0.279421802554532
304,0.1305015464023085,0.27925906392520017
305,0.130069387325962,0.27896582302247913
306,0.12982667579984203,0.2792297837972658
307,0.12938143169173894,0.27885448071909746
308,0.12876480108491017,0.27851681062232597
309,0.12844255657023387,0.2785704867397074
310,0.12804314573782236,0.278576195263461
311,0.12762931130247374,0.2782542148175008
312,0.12738030036180095,0.27839062999082204
313,0.12701842685879713,0.2784650562796333
314,0.12672003901901008,0.27831473903631326
315,0.12647553915881787,0.2782546718887069
316,0.1261267423031235,0.2780245513731915
317,0.1257671290619596,0.2779923519870563
318,0.1253530921380729,0.27762418532650546
319,0.12488760550415987,0.27727007024018924
320,0.12449419456028764,0.277411542309781
321,0.12413318342776002,0.2777914677636823
322,0.12383166599305505,0.2778870620819023
323,0.12338814934840976,0.2775303007779283
324,0.12315176762242692,0.2775144958477445
325,0.12269603209868388,0.27748960500099323
326,0.12226779952826618,0.2775409346290952
327,0.12191783141197698,0.2774316357249095
328,0.12157727505522357,0.2774602268401819
329,0.12131999235490148,0.27749656310459364
330,0.12101855089410174,0.2772546417429099
331,0.12060886969489674,0.27732795369199903
332,0.12025730733475008,0.27740714067754846
333,0.11987929765772429,0.2775243987399968
334,0.11960911485804779,0.2774064687587117
335,0.11932016890944679,0.27737803628334967
336,0.11899104466287616,0.27727071714650403
337,0.11874692016661625,0.27728086908940425
338,0.11834770278241517,0.27720976060511787
339,0.11805082070922213,0.27720009495625225
340,0.1176644279666639,0.27711323450964864
341,0.1174832338007939,0.2771729536162617
342,0.1172947609755029,0.27720336386024036
343,0.11684691777944506,0.27724281948729124
344,0.11651816761557328,0.2769880595892992
345,0.11624963542569992,0.27712649159530417
346,0.11604146345911456,0.2769838886352926
347,0.11565887182719704,0.2765192139752921
348,0.1152933916451212,0.27632435373620473
349,0.11489386206410912,0.2763467505844883
350,0.11443702905800315,0.27625788547367597
351,0.11422445050454373,0.2761421371559131
352,0.1138896442725903,0.27621950066795403
353,0.11355585200739375,0.27623966749590423
354,0.11321044441794517,0.2762475039244456
355,0.11287883609562913,0.2763333005364056
356,0.11264486104594083,0.27655057302545544
357,0.11231234874590207,0.2763770283550259
358,0.11202176545543338,0.2762447744700194
359,0.11181218789204463,0.2762373226550723
360,0.11159130337786624,0.2759530497242889
361,0.11132874793061065,0.2757631610054381
362,0.11118832277515656,0.2755539534874872
363,0.11088633373137337,0.27578693373452573
364,0.11054075991599338,0.2756583573687674
365,0.11031890695307313,0.27568273003326693
366,0.11006489815294505,0.2755798357947788
367,0.10987505299620365,0.27543104107929955
368,0.10963865100499312,0.2754829224378826
369,0.10945766939297559,0.2754506728645584
370,0.10919978183714767,0.2755509844704512
371,0.10901485190955543,0.2754735424162507
372,0.10876748575485534,0.27552504759338103
373,0.10841208421339579,0.2751218071557785
374,0.10824595549013646,0.2749767421593036
375,0.10787314574111846,0.27501849561168923
376,0.10769406179771446,0.27508317645502717
377,0.10746786071333099,0.27491721982359496
378,0.10726328291829657,0.2749280509808512
379,0.1070432170637198,0.2749019310928519
380,0.10674009668525851,0.2748365327311055
381,0.10649361166486025,0.27494373277764994
382,0.1062136967246693,0.2751030966633607
383,0.10599275390373097,0.2754588632807001
384,0.1057892865042274,0.27534592400906055
385,0.10552605872856777,0.2752862542922952
386,0.10531222720373526,0.27531246531799297
387,0.10511288230233626,0.27527150419913293
388,0.1049055377003393,0.2753999746792807
389,0.10471138270835012,0.2753320532964573
390,0.10454367032551665,0.2753179592837997
391,0.10419845100291497,0.2751001911713497
392,0.10399831793573275,0.2750692221481307
393,0.10368325047172756,0.27505598420405064
394,0.10341790095730222,0.27501415224104875
395,0.10311753911652857,0.27500416522426235
396,0.10287597620416167,0.2752225480700855
397,0.10265857516250244,0.2751636621762557
398,0.10243119081278311,0.27514785812187015
399,0.10222597706573593,0.2750017581494697
400,0.10205631150866609,0.2748756505041008
401,0.10176252709391294,0.2748558859545056
402,0.10149462588699426,0.27460681546752347
403,0.10111820094309597,0.27476079204457043
404,0.10095529456587977,0.2747412072216243
405,0.10073579399658472,0.2746379807679989
406,0.10050345949739817,0.27462698172237215
407,0.1001851704958683,0.2745734279358332
408,0.09999552903766738,0.27448633500863606
409,0.09983517940803485,0.27444787073829957
410,0.09958759233816211,0.2744124096357882
411,0.09934780491423023,0.2743973792933416
412,0.09911540686586506,0.2743774201732671
413,0.09884535600363038,0.27437955524517116
414,0.09870590934188084,0.2742435069801519
415,0.09859819825056886,0.2741736227441494
416,0.09840683330628426,0.2741924447968761
417,0.09800750119942336,0.2739173298536006
418,0.09776827154266189,0.2739471733259439
419,0.09749135875675262,0.27376711278475474
420,0.09727225935089846,0.27382468434027035
421,0.09704995111855792,0.2737563496711791
422,0.09685365754629013,0.27378371483404357
423,0.09669767963409291,0.27380401543835137
424,0.09644599876944498,0.2740669738202932
425,0.09616408960698096,0.27388199518945633
426,0.09578833095442577,0.27368379125061787
427,0.09550686310102545,0.27396243465575004
428,0.09535489192217225,0.2741725940247376
429,0.09517332775551138,0.2743396310450019
430,0.09499854388916673,0.27422166429113065
431,0.09490199194009677,0.2741577953805697
432,0.09470280266230681,0.2741218379912072
433,0.09461346681562567,0.27412794235803317
434,0.09433314193207572,0.27411274721669
435,0.09419644439672976,0.2741339883855733
436,0.09391434925745017,0.27408827314647427
437,0.09361869991537963,0.2741174006883299
438,0.09322931883550915,0.2738378055875011
439,0.09309895374186139,0.27379119949608227
440,0.09287368260584873,0.27377769244093214
441,0.09271578849016925,0.2737749474845126
442,0.09255631849019869,0.27368720792698226
443,0.09237241007568954,0.27383513269595683
444,0.09221298285457716,0.27368982788443286
445,0.09202597616043803,0.2737429203835266
446,0.09191154987535777,0.27382858035448354
447,0.09159454553653325,0.27378817783949366
448,0.0913955855158095,0.27370596360711363
449,0.09120379341893436,0.2738739396585995
450,0.09103705255147732,0.2737619390382701
451,0.09090080910052634,0.2738962258675598
452,0.09069599740314505,0.2741057699638408
453,0.09047979327727702,0.27413215798238905
454,0.09032326514886099,0.27405454566953114
455,0.09014905900316304,0.2739732837306319
456,0.08986350582870473,0.27378763070144513
457,0.08968222484053631,0.27367999211578514
458,0.08950388880443315,0.27388862200671177
459,0.0893765776592758,0.2737996174678733
460,0.08907870264820568,0.2738986094352393
461,0.0889265328642931,0.27385736552331297
462,0.08874874468175876,0.27393115218334935
463,0.08850434896919385,0.2740297851257067
464,0.0883850433702042,0.2739700090458042
465,0.0881921602202603,0.2738527274189827
466,0.08808453832731032,0.27382859543571736
467,0.08795645405397999,0.2738419771416721
468,0.08782366993701766,0.27380672874064166
469,0.08760568917515499,0.27388596752630784
470,0.08729177963119052,0.27406888034723004
471,0.08706715151663895,0.2740477941936437
472,0.08690741655990566,0.27380027667239043
473,0.08671785720009084,0.2736243598085147
474,0.08659728717402101,0.27354640860922885
475,0.08634418959081587,0.27337562082538275
476,0.08623991358349008,0.273347028358839
477,0.08605277722528903,0.2732752646618648
478,0.08588268481951687,0.27326346868022905
479,0.085671805245892,0.27342321058693914
480,0.08557797223977098,0.27338538421507225
481,0.0854106318299953,0.2734585442436942
482,0.08517152857084427,0.2733458664270679
483,0.08499854601695782,0.2733773306598587
484,0.08476866498591366,0.27329080782722154
485,0.08463485455054902,0.273277474793675
486,0.08443086695916782,0.2731584142902298
487,0.08425611611071772,0.2731917025911913
488,0.08410911325403234,0.27327393442008147
489,0.08388019628500876,0.2732470712372688
490,0.08372461250334468,0.2734016515717704
491,0.08356082595575824,0.2734952744331142
492,0.08336583240712092,0.27341842129713034
493,0.08326226641311373,0.2734309148603411
494,0.08315214103211281,0.27337029167654747
495,0.08299822044594207,0.27339683580198537
496,0.08281176416275073,0.27346408461703475
497,0.08265285572832205,0.2734788071733711
498,0.0825102930036999,0.2734555394680832
499,0.08230917526467772,0.2733791484428107
500,0.0821688823024496,0.27325615332798775
501,0.08199763088643196,0.27327398896980476
502,0.08177264889566677,0.2731846718016031
503,0.08156460178088604,0.2731302686084664
504,0.08134101092887555,0.2732347600129018
505,0.08122513064828306,0.2731776043773509
506,0.08108193080419934,0.2731868715249445
507,0.08091874923792938,0.27314019788284455
508,0.08073000108158511,0.27305875175703676
509,0.080608571578684,0.2731196559483639
510,0.08041521663649638,0.2730125187179819
511,0.08031677217196154,0.27309999885193276
512,0.08009038508486031,0.27317118470063456
513,0.07993280700969213,0.27327859963962775
514,0.079769206618849,0.27317050015387334
515,0.07965307678127218,0.27312734848283177
516,0.07952333579077181,0.2732057684303147
517,0.07933234300363558,0.2731819023249203
518,0.07912924473951213,0.27314879166520634
519,0.07896753527484936,0.2731809375922564
520,0.07884195320602383,0.2731170513770939
521,0.07865674034369725,0.2730594682499771
522,0.07846267374710214,0.27301560155327853
523,0.07829859704778305,0.2731482266865092
524,0.07817215981946665,0.2732148682522671
525,0.07799337032940937,0.27307565252462657
526,0.0779049517908292,0.2730556723354626
527,0.07775476477995814,0.27305106724390166
528,0.07763210308941801,0.2730855144126636
529,0.07750976429421937,0.2730825942312976
530,0.07733861334170468,0.2733106422867236
531,0.07721950985567132,0.2732151395545528
532,0.07706451242794714,0.2731926395676381
533,0.07689731714491709,0.27327834195758055
534,0.0767766414022872,0.2732411778117226
535,0.07662848624864953,0.27319935893890945
536,0.07648305175721883,0.27327162441340713
537,0.07637281072061664,0.27324648723694067
538,0.0762094170246426,0.27330509524716945
539,0.07610205006893231,0.2733260671672583
540,0.07603663052259943,0.27328988998184733
541,0.07581277599459714,0.2730467393808264
542,0.07562945501960727,0.27311915195266495
543,0.07556426985388673,0.273122161849544
544,0.07544504870714488,0.2731924111746549
545,0.07528060234653867,0.27316929710045895
546,0.07515807033116138,0.273313505024138
547,0.07505416572241976,0.27321739145954416
548,0.07496568047829381,0.27317768889657534
549,0.0748436819472442,0.27304015583716756
550,0.0747023201019112,0.2732517017261763
551,0.07451204638553519,0.2731677334827148
552,0.07438102215232463,0.27314833327122456
553,0.07426645459021207,0.273072850762756
554,0.07417495628281862,0.27304701289780475
555,0.07402967955331545,0.27301008412324734
556,0.07390046601701987,0.27322201018444925
557,0.07374039526426573,0.2730764098701505
558,0.07359425079883225,0.2733865326861808
559,0.07346152385957179,0.2733342992741661
560,0.07327936290038752,0.2732366014399075
561,0.07316408730832422,0.27318105343653304
562,0.07295939484474705,0.2732334842831748
563,0.07282803990390879,0.27317811184724217
564,0.07273440500654267,0.27323803621821147
565,0.07262045447211615,0.2732211999715294
566,0.07254432833693165,0.27319337107929736
567,0.07241964213150456,0.2731965964775387
568,0.0723289401772998,0.2732397448425575
569,0.0722153675239436,0.27333652163865985
570,0.07211066963096055,0.2732672589611325
571,0.0719886494174633,0.2732290632662208
572,0.07186820715441948,0.2731924343797952
573,0.07172243127209438,0.2730695153340834
574,0.07161531430121713,0.27311120611976175
575,0.07154765240811062,0.2730209995592687
576,0.07139602608457005,0.27305195500196744
577,0.07126345848565195,0.27305970663469004
578,0.07109161156921402,0.273161558471992
579,0.07099483402430648,0.2731473320468922
580,0.07089829981708189,0.27315699948007127
581,0.0708157259747497,0.27310004322585374
582,0.07070650259689189,0.2730582052424865
583,0.07057336470084914,0.27324140872726665
584,0.07043902959368396,0.2731184747292474
585,0.07032265882894696,0.27300663659051366
586,0.07012753588382663,0.2731046832844061
587,0.07003370522370417,0.2730888094077084
588,0.06994508970681479,0.27300398724257763
589,0.06986637933673265,0.2730157036436907
590,0.06977325776878208,0.2730961810331618
591,0.06965501584701919,0.27329345244810177
592,0.06952745867150724,0.27335915396273136
593,0.06942856677874705,0.2732942671464408
594,0.06924302631890601,0.2733612109932477
595,0.06916053340704854,0.2732948492423284
596,0.06903473089761553,0.2733306438654002
597,0.06894784712660267,0.27324831344910544
598,0.0687156050214611,0.273419053395479
599,0.06857103064331554,0.2734594780976163
600,0.0684410750892301,0.27339479184717547
601,0.06832266413831728,0.2733700861185468
602,0.06815910310284884,0.273486189165037
603,0.06805402838962898,0.27363742553862974
604,0.06793587108593419,0.27367232196093083
605,0.06787749850830636,0.273717279173674
606,0.0678151384942365,0.27370780929025945
607,0.06769790955540972,0.27382070558615856
608,0.06764896296502189,0.2738884830785921
609,0.06752295392654005,0.27395223873322133
610,0.06743706293151557,0.2740329839565769
611,0.06727265534834136,0.27430664241391606
612,0.06720798172085353,0.27437360550481515
613,0.06710866785224093,0.27438698742172096
614,0.06698745382620845,0.27430078514161255
615,0.06680047316238495,0.2743437302344876
616,0.06668933618699044,0.2743484249746183
617,0.06649848060469185,0.2742429004865773
618,0.0663994075129142,0.2743270106611059
619,0.06629175352946068,0.27428163749751816
620,0.06619046750932428,0.2742696799904085
621,0.06608884899477147,0.27439689860896244
622,0.06600079508736519,0.27447537012734463
623,0.06591359256929319,0.2745782270925102
624,0.06585309634446314,0.27454858926334647
625,0.06575502685116484,0.27465370617500734
626,0.06562889426963292,0.2745237109286709
627,0.06552161857590305,0.27455477878683976
628,0.06538463861322821,0.2746509272698015
629,0.06527135324270562,0.2745649352982161
630,0.06518332305407558,0.27456218638320107
631,0.06513309209978267,0.2745419119690198
632,0.06501290350870272,0.27457338501918666
633,0.06489281923338301,0.274545308950344
634,0.06479946637966955,0.274570699515277
635,0.06465825182622793,0.27456275396440244
636,0.06456175092667867,0.274468331763177
637,0.06444599565469156,0.27455222812313984
638,0.06430729694117757,0.2745691854889273
