0,0.6685060418370731,0.6712795577022516
1,0.6439524085182528,0.64931707097683
2,0.6215477571555587,0.6293007510475275
3,0.6014162053448674,0.6119198425865545
4,0.5847051894291773,0.5984142284745575
5,0.5681719297558432,0.5830897550257608
6,0.5518949726452625,0.5692447496811259
7,0.5372346081662953,0.5572872294537395
8,0.5236042965863105,0.5454606738276642
9,0.5109823751951348,0.534986534083779
10,0.4991876744150168,0.524871266976987
11,0.48740981856690824,0.5151717857641621
12,0.47706907201278054,0.5066395580268459
13,0.46948428323614055,0.5004132412307266
14,0.4627681992946205,0.4942349927730128
15,0.45528090894148254,0.4878542715487701
16,0.44900034123447474,0.482660070953971
17,0.4423594490333796,0.47683612304393713
18,0.4367324324615664,0.4730985492511313
19,0.4299643880488531,0.4669911497634566
20,0.4245419994843992,0.46275305588310633
21,0.4200644662281346,0.4588639069673186
22,0.4159458676838301,0.45535193607525964
23,0.4106395208742354,0.4514742984974499
24,0.40660841292709754,0.4482430753420624
25,0.40127134480383425,0.4452443609944176
26,0.3966123963670811,0.4413585025450702
27,0.39260917687374636,0.43873095345875196
28,0.38802579848263674,0.4350697181673442
29,0.3837369598738751,0.43170314318636027
30,0.3796284899489294,0.4288953399830065
31,0.37650890857062685,0.4266719634575782
32,0.37375051790012565,0.42490797541364916
33,0.37105246142444703,0.42299839970856834
34,0.36776167549505584,0.42090470978233513
35,0.36490736921371764,0.4193399426854835
36,0.3622758648762313,0.4174725113904174
37,0.35890487875851385,0.41600724732525635
38,0.35576552699539954,0.4143019088226663
39,0.3532721802817997,0.412635701173062
40,0.35095426543847724,0.4112218797450449
41,0.3483202913047541,0.40934665951681426
42,0.3454122116503835,0.4068524131859385
43,0.34321089559226586,0.4050715637210207
44,0.3413001471228004,0.4041598214995458
45,0.33929236330922674,0.403418422540305
46,0.33655744314430547,0.4020216496642544
47,0.3346724207174224,0.4005482753116187
48,0.33254451984236666,0.3991556071061118
49,0.3308072506175137,0.39797984339295045
50,0.3287924062437534,0.39678427754976026
51,0.32664017516565524,0.39591776488477837
52,0.3243811903371093,0.39442015145551307
53,0.3227582828953274,0.3935185857312002
54,0.32114890205570035,0.39278300064096416
55,0.31938988967956605,0.39219133894166497
56,0.31741401435484035,0.3911306916554256
57,0.3155551585964331,0.39067985226049795
58,0.313975874857243,0.3896148421517552
59,0.3120778090151007,0.38838303331917884
60,0.31033989935854334,0.38797527147155697
61,0.30879555027242744,0.3867439022101463
62,0.30744909968200324,0.3856926622490382
63,0.306360907454866,0.38484547278381204
64,0.30434118404795757,0.38379026753507123
65,0.3029570265372219,0.382965603753465
66,0.3015283222511681,0.3825164699572747
67,0.30020929634319454,0.38197251438129226
68,0.2985434983936764,0.3807248197492101
69,0.2971981145665401,0.38007167804584896
70,0.29581498529513184,0.3795270171947744
71,0.2941741502652075,0.3788525323332481
72,0.2929943092916691,0.37798310596451107
73,0.2912742673928903,0.37700884589118216
74,0.29039181301729655,0.3764581117161437
75,0.289334351071537,0.37552367358748706
76,0.28781617044299834,0.37464552141538016
77,0.28676025750939294,0.37392866719652035
78,0.2854193567328649,0.37334644900328057
79,0.2840955201726058,0.3728472130058712
80,0.2826711863477309,0.37183236313574786
81,0.2819076083093578,0.3709531851200148
82,0.27993228576609297,0.3696511379735631
83,0.27905661774452784,0.3693522896432689
84,0.2781607195890391,0.36901474628993014
85,0.2756878045783731,0.367292023449495
86,0.2746123059573883,0.36671339870562314
87,0.2733834066812383,0.3656967046118367
88,0.2718841981670979,0.3646761035656569
89,0.2700922612590206,0.3640338262406643
90,0.2691938380764204,0.36370137800371105
91,0.2682275331627947,0.36308186682155796
92,0.2670860034928211,0.3625276441764913
93,0.26632307510548264,0.36205550348974497
94,0.26532690485498583,0.36133335204821754
95,0.26454454965506474,0.3608473606361653
96,0.2635091642680552,0.3600652573914278
97,0.2623747134581671,0.3593853241046634
98,0.2608354693315211,0.358742648836023
99,0.2600712783399693,0.35851042446979425
100,0.2591290445889614,0.35805701200784257
101,0.25773683204962,0.35717963389150054
102,0.25637079750171277,0.3566674269422442
103,0.25518290630442525,0.3564513728950792
104,0.2545119486554906,0.35590047546921905
105,0.2537653777449546,0.35560036979238024
106,0.2530268673690904,0.3554815438899955
107,0.2524066412118815,0.35507805806992243
108,0.2511168674304286,0.3548382723262876
109,0.2499008368185474,0.35394838932166767
110,0.2488491589433359,0.3532745072120674
111,0.24771700697336535,0.3528656071896701
112,0.24689330183744787,0.35249826567311926
113,0.24581330306023205,0.3517078907294581
114,0.24503962205307106,0.3512707593719448
115,0.2443675371259266,0.3507007893864493
116,0.24337855429160318,0.3501559816323372
117,0.24218765786276109,0.34947722146366544
118,0.2407990857655368,0.34905975420536234
119,0.24025539302125828,0.3488733040760851
120,0.23947545333212944,0.3485035987662039
121,0.2383374454796329,0.3481611159056877
122,0.237198266259695,0.3472646181548474
123,0.2364269724910834,0.34707308446110846
124,0.2354201489427204,0.3462465911777174
125,0.23472998578028315,0.34589025829373926
126,0.2339508273530782,0.3455153326721889
127,0.23322122294834124,0.3451078891443555
128,0.23221343282637005,0.3446420745823181
129,0.23159135608518275,0.3441829175182967
130,0.23056341043870265,0.3437583605713806
131,0.2297179917170062,0.34332681869225995
132,0.22906959986187905,0.343151755082114
133,0.2281893285711557,0.34267926745249644
134,0.2273249653097948,0.342414253780544
135,0.22637022425230247,0.3420468899507209
136,0.22557222140480693,0.34160463994723356
137,0.22465638154925677,0.341246169754567
138,0.22409373849652559,0.34107298529177554
139,0.22248730403867228,0.3407590582951067
140,0.22178435708604974,0.3403106047192805
141,0.22103011474542472,0.3399588887437143
142,0.2202556935498162,0.33943325211090436
143,0.21968022594794998,0.33920561819461964
144,0.2191950096618102,0.33909046526451464
145,0.21855224956308963,0.33866445643521353
146,0.21798828203135814,0.33857655065427283
147,0.21715162791957446,0.33772763623865815
148,0.21630578347869625,0.33737553749480603
149,0.21527563039003425,0.3369685890352338
150,0.21454823381046162,0.33680323731012135
151,0.21375667293624723,0.3366705930822877
152,0.21291262974677205,0.33598169571248343
153,0.21226966393469046,0.3356775242642593
154,0.2114394617962843,0.335123910438838
155,0.21063852867817862,0.3347142301388805
156,0.21004545951351386,0.3343455948800409
157,0.2092170245558771,0.3338497682262521
158,0.20845549426711993,0.3338056240785293
159,0.2074977348623129,0.33347740000899184
160,0.20666034606629755,0.3330098298929475
161,0.20591976968532227,0.3329392973104537
162,0.2051108351802009,0.33252977590646915
163,0.20454878353187456,0.3322870200415132
164,0.20346810611907087,0.3319119866303842
165,0.20249670859577049,0.3318479738452151
166,0.2015616708604639,0.33135698138588904
167,0.20074557563507855,0.33114832294663865
168,0.19990230832172146,0.3312138465748756
169,0.19912895829832403,0.3307586369677244
170,0.19808192646789113,0.32998911023844657
171,0.19751502918359332,0.32953458803053776
172,0.19667303939411235,0.32917262461636454
173,0.19594450037059638,0.32873612746642145
174,0.19523271515887755,0.3285205026877716
175,0.1945759026638503,0.32825500498704085
176,0.19392949946063726,0.3280687685541404
177,0.19329515468446676,0.32785184560605174
178,0.19257555944927876,0.32737825466787673
179,0.19183798481416311,0.32684028026916656
180,0.19083235332169246,0.32641785238920723
181,0.19026327415512606,0.3263689857586985
182,0.18932952243221407,0.32607930715508054
183,0.18875284474837978,0.3258208425915746
184,0.188268039557784,0.32582270719953516
185,0.18765187944901443,0.3254448576331037
186,0.18677755244684954,0.32542400417552914
187,0.18587212802933378,0.32519014399247226
188,0.18526828126773248,0.32513862438045793
189,0.18454342537684687,0.32490317486287495
190,0.1838580952508147,0.3247248927400122
191,0.18313911022132284,0.32460771079899253
192,0.18231614161239298,0.3242898624497598
193,0.18199817768938936,0.3240858553370397
194,0.18125653998458655,0.3239318862164308
195,0.18059251448387006,0.32386823991520597
196,0.17972333721496464,0.3239039280991542
197,0.1788589331132471,0.32305759627233244
198,0.17813117328688025,0.3224688364534749
199,0.17741058071738056,0.3222931235486935
200,0.17688868682519773,0.32179611223693
201,0.17636523586157862,0.3215797447958059
202,0.17578600230667235,0.32145330508461384
203,0.17488085908890658,0.3212159335711752
204,0.1742616096978185,0.321375240797334
205,0.1737513953705624,0.32137774926430673
206,0.17297702332251358,0.32118294584237367
207,0.17225854107677596,0.32116714572681454
208,0.17166232216760038,0.3209892123919219
209,0.1712045929299148,0.32065655781821406
210,0.17068695171239182,0.3206625339783458
211,0.16998874726153676,0.3204161929360661
212,0.1694886889803608,0.3204901762938201
213,0.16890528109660063,0.32009307969914824
214,0.16845096474472246,0.3198516475819586
215,0.16776077000566264,0.31972102250622364
216,0.1670999366078671,0.3196668385440096
217,0.1665045070939038,0.31958120576703003
218,0.16605328702071123,0.3195221842746931
219,0.16533328445967327,0.319629227823827
220,0.16488184833536973,0.3194637308080563
221,0.16422452340154603,0.3193344836554885
222,0.16370534336808185,0.31921084950762985
223,0.16305023268039096,0.31874039796590725
224,0.1625628822275211,0.31880804951921754
225,0.16182660328574444,0.3183024898161853
226,0.16122951063641786,0.31820426299809945
227,0.1607795757014209,0.31849771379991637
228,0.15991822727207722,0.3180626590783107
229,0.15924378467836126,0.3176675513555992
230,0.15863370078264083,0.31773231505287225
231,0.1582310763285996,0.3176832234048239
232,0.15740505351169487,0.31760339518903885
233,0.1567891570530149,0.3177396713612326
234,0.15631634536376657,0.31766469809931797
235,0.15564765193461927,0.3171942742315606
236,0.15504078751673672,0.31705475414830464
237,0.15460338502167648,0.31699178926296434
238,0.15406131570562553,0.3165500411573051
239,0.1532937676826437,0.31599899223100203
240,0.15280632186622753,0.31587452665893523
241,0.15232756974784736,0.31590840891253186
242,0.1516902124819579,0.3164199695755568
243,0.15109140405198732,0.31626868978695566
244,0.15066709269142517,0.316406361404903
245,0.15013106378049274,0.3162316652861021
246,0.14958166416992555,0.3161884847747229
247,0.1491410275992919,0.3159472195595847
248,0.14877484538824823,0.31593622226068496
249,0.14829010214274535,0.3160868001101075
250,0.1479639001884471,0.3161365106439154
251,0.14761384842796602,0.3160782010586846
252,0.14697821720831442,0.31555528851229264
253,0.1462115528506486,0.31518977434668366
254,0.1457667242803155,0.3152972677862737
255,0.14521570384654123,0.31520083214413
256,0.14476359796462623,0.3151351594238009
257,0.14437913699276783,0.3150316017723661
258,0.1439619363963915,0.31524342181942977
259,0.14345340139984433,0.3150118513840955
260,0.1428693557393545,0.3149361686084589
261,0.1425340480007174,0.31484257514042285
262,0.14209571483063732,0.31439481793537966
263,0.14155287841098582,0.314060691713373
264,0.14130176063455865,0.3139954485330707
265,0.14096815282534897,0.3138986683270478
266,0.14043580103403794,0.31378773841810265
267,0.1399238847431072,0.3136336314710286
268,0.13959017792831793,0.31368933491136464
269,0.13906478446771614,0.31382452406922934
270,0.13840227170128339,0.3134522906155668
271,0.13791738904370604,0.31306324476500064
272,0.1375052850098639,0.3130524109298223
273,0.13709953395862096,0.3129737227770608
274,0.13673588229370584,0.3129588906567921
275,0.13630526712123117,0.3129564108329905
276,0.1357283743067388,0.3131221457771445
277,0.13536273887247283,0.31333698696057966
278,0.13497964840133492,0.3133575397905967
279,0.13455101552086104,0.31354631339699446
280,0.13410908895074536,0.3135511427159459
281,0.13384153701962595,0.31356445672305777
282,0.13346185158870638,0.3133549627481168
283,0.13293060543987395,0.3133276767164456
284,0.13235211534449207,0.3132955511319598
285,0.1319909673568064,0.31312297156262975
286,0.13142830586356444,0.3131241479391819
287,0.13097375895164728,0.3128756319206829
288,0.13049558199977265,0.31294486279630435
289,0.13006191927063604,0.31289175183454676
290,0.12975244974402508,0.3129521359989563
291,0.1294705512463262,0.3127732894629739
292,0.12921338222471307,0.31275927398452946
293,0.12876099805426947,0.31267243602318406
294,0.12842642167420756,0.3125645871051106
295,0.12788192724875194,0.3128029380605941
296,0.12748682243980305,0.3125966649178907
297,0.1271204935714717,0.31257840225929534
298,0.12660427923726628,0.31236271777486235
299,0.12626175370195944,0.3121343394711722
300,0.12596028501656797,0.31219697303259625
301,0.12559885052565845,0.31211206408148845
302,0.12521553603293495,0.3120359743554991
303,0.12482487995603969,0.31176313803262024
304,0.12447587310294671,0.31165686406002513
305,0.12423785200593694,0.3116999100283528
306,0.12382479744952016,0.31147131538008455
307,0.1235045566784853,0.3114461251048755
308,0.12308292416057813,0.31145491441999745
309,0.12279847592415127,0.31129897066922907
310,0.12254142663449692,0.31141387600497383
311,0.1221660154584637,0.3114797271861529
312,0.12165685371582047,0.3113809343998057
313,0.12130856473181098,0.3112987951126319
314,0.12100686683977008,0.31119160685185293
315,0.12042898751993258,0.31153351539898977
316,0.12006778018477392,0.31145233377915027
317,0.11980671247341125,0.31151199488493647
318,0.11941159363379987,0.31187154759529595
319,0.11914222014488374,0.3120046509393435
320,0.11884906002153141,0.3120068060899522
321,0.11846152429015873,0.31170267437258575
322,0.11818770439483582,0.31168532529100385
323,0.11778826653024888,0.31170842217348377
324,0.11736811438923679,0.31174109139276523
325,0.11701111995222138,0.31177754598587765
326,0.11663259802002719,0.3117928542900825
327,0.11627159544354874,0.311462984628131
328,0.11571763461418237,0.3112330867189663
329,0.11545588240131037,0.3113805212011537
330,0.11523106963234266,0.31153031834785094
331,0.11487230997849908,0.3113880023365107
332,0.11449347804609232,0.31127427994605344
333,0.11412623746869639,0.3111689631228881
334,0.11368347710701085,0.3109233354534667
335,0.11334396804666028,0.3107376368923393
336,0.11301649264808118,0.3105565679588506
337,0.11275780823165914,0.31036502911712566
338,0.11253593845775355,0.3103532567235327
339,0.11222573794352378,0.31012619601534025
340,0.11184793167132612,0.3099880283470022
341,0.111579244794948,0.3098598534476128
342,0.11134074816976583,0.30994052501716507
343,0.11095638151611528,0.3100072936322066
344,0.110682599660937,0.30981954161424435
345,0.11032531622206125,0.30996895192087714
346,0.11002293967963124,0.31024856712552157
347,0.10981011946473075,0.3102005819820292
348,0.1094466385350412,0.310529900583139
349,0.10898195192317735,0.31057995955292855
350,0.10861993144604655,0.31041559055309237
351,0.10827307641110262,0.3100563279359725
352,0.10783932632959774,0.31012589222432835
353,0.1075844138736742,0.31005323350808905
354,0.10728088388904496,0.30997039758301737
355,0.10705170635738058,0.309952905589837
356,0.10677978861175047,0.30989206672399083
357,0.10650020238333077,0.30968694353886767
358,0.10627775072685122,0.30970235548147895
359,0.1060796220966566,0.3096107942689872
360,0.10560204664641644,0.3096616846204435
361,0.10535531722033234,0.3096290268871329
362,0.10504131683599188,0.30947752983256976
363,0.10474197473168846,0.30933844332301164
364,0.10439440428836931,0.30949573205597863
365,0.10417252081312907,0.3095232545033866
366,0.10383884375070797,0.3094483125325855
367,0.10355127694583395,0.3097378101601083
368,0.10320294252105348,0.30992663489856687
369,0.103060807559111,0.30999404896807964
370,0.10286922337867084,0.3097551239303279
371,0.1024833668887371,0.31012409467404906
372,0.10218657147502867,0.3101455417086809
373,0.10190129427131527,0.31005051185338245
374,0.1017022030777269,0.3103919295797111
375,0.10150613912191822,0.31040326920111583
376,0.10127742296796609,0.31053365277129535
377,0.10106401296107222,0.31060743136375646
378,0.10089084637904762,0.31045386961576366
379,0.10072309642323407,0.31044089007033043
380,0.10051817367297856,0.31057681882500443
381,0.10031053006902489,0.3105399886936189
382,0.09996302414667911,0.3105482456134566
383,0.09976011507401832,0.31053320828865494
384,0.09958467032757606,0.31054822471048493
385,0.09935333819882743,0.31063402666378237
386,0.09896655967318008,0.31044091324657885
387,0.09878104103871128,0.3103939101590413
388,0.0986022047702198,0.31042815005831104
389,0.0983750899402119,0.31017637899287215
390,0.09819614272430513,0.31022380009063405
391,0.09802590087352185,0.31017468984637275
392,0.09782012361826836,0.3103243825101719
393,0.09756020629727162,0.30999813235987195
394,0.09734087225317081,0.3101314611470166
395,0.09717106019283883,0.31011921726430514
396,0.0969890670396197,0.3101374525095656
397,0.09678579423403603,0.31017511645264034
398,0.09643485774902424,0.3100554828639506
399,0.096232642844941,0.3103836741235565
400,0.09613020110460008,0.3104055827054447
401,0.09587458154704187,0.3102730788655107
402,0.09558220801452696,0.3104008593830401
403,0.09542356186014697,0.3103340207356543
404,0.09514725874847638,0.3104900505131071
405,0.09495749712954288,0.31034842708412647
406,0.09473768526770088,0.3101471495691369
407,0.09443643438968154,0.31032862804985223
408,0.09423732055572695,0.3102683388023996
409,0.09409687394400684,0.3101523854213049
410,0.09382857546498913,0.31024220682207126
411,0.09362825430718744,0.3102372597466867
412,0.09338357270426302,0.31032997369750676
413,0.09319865951827525,0.31041938208105263
