0,0.6262123808402597,0.6294892118735747
1,0.6033050470682417,0.6108499590866662
2,0.5833195085693156,0.5949771762776325
3,0.5662557277341006,0.5800114453910017
4,0.550077195831496,0.5670528530318439
5,0.5344023088866241,0.5539471801157734
6,0.5224770207805921,0.5440177687189796
7,0.5107146584456665,0.5350016454908106
8,0.4984980460326255,0.5270904442787675
9,0.4873828629896876,0.5194362180335073
10,0.47823075375054647,0.5121718087011109
11,0.46928555982794484,0.5051750217979857
12,0.4622424800631359,0.5002623913183525
13,0.4558840527413637,0.49497451263048686
14,0.44909521555289245,0.49048921878569723
15,0.4436287072177227,0.4874451248246948
16,0.4365288892786969,0.48200430049232146
17,0.4320432105720311,0.47905726055073183
18,0.42601097500611007,0.47510584357960534
19,0.42041491742309617,0.4702265562202159
20,0.4158900424713988,0.4664007309335924
21,0.4122555359376744,0.46373543396088085
22,0.4084734450833699,0.4615433174746611
23,0.40528772447968237,0.45894353324842757
24,0.40203973327837483,0.45569239915141846
25,0.3980819191896912,0.45315255924476505
26,0.3946764289854208,0.45035640346024175
27,0.39152885791866543,0.4487635547464544
28,0.3878935811755095,0.4455413104135378
29,0.38458714047075104,0.44345033745306994
30,0.3815842702169441,0.44284531499316276
31,0.37907873164688094,0.4414583512642923
32,0.37642512461818023,0.4401998831034022
33,0.3741193674933121,0.43842659253099375
34,0.37221386669409945,0.43703344458395155
35,0.3700270718955707,0.435360950719069
36,0.3674078458920614,0.4343124327897616
37,0.36506189413352946,0.4324131055516496
38,0.3631843777071609,0.43139304498301123
39,0.3616432084231986,0.43014653329294467
40,0.3594206333231302,0.42869382561529035
41,0.35765873719259855,0.427299866590641
42,0.35558345990450946,0.4257977347462645
43,0.35318995541256554,0.4244408600296172
44,0.3517286746920006,0.42315467879034374
45,0.3495905950129773,0.421537490916019
46,0.34829332544747765,0.4208238067392882
47,0.3467452063565193,0.42029584504380413
48,0.34500911763809894,0.41938720997934864
49,0.34352033029643003,0.41826049396157833
50,0.34070387055756174,0.4158217762075128
51,0.33831024592082054,0.414565288705897
52,0.3371785816136071,0.4140036371841743
53,0.3357448329291834,0.41312393245245893
54,0.3344200003959638,0.4131474121519016
55,0.3335303934044819,0.41286840081120396
56,0.3318320127315337,0.4115491671168716
57,0.33038925095538857,0.41097827084523963
58,0.3289434363909938,0.4093619193714388
59,0.3275798662840639,0.40819252106453635
60,0.3261115932081337,0.40719102041591076
61,0.32457197731458776,0.406908564089382
62,0.322696467384178,0.4058216043430957
63,0.3214212390021801,0.40490733677162993
64,0.3202858665247061,0.40512607040486237
65,0.3186338284162954,0.4039673741983671
66,0.317429272107388,0.403762443443016
67,0.31613708943662316,0.4035383246368463
68,0.3151054571752227,0.40286516425560126
69,0.31347364290589586,0.40237163739617576
70,0.31213623748813046,0.4006879054222563
71,0.31139548038367104,0.40050497425850046
72,0.3102855510796004,0.39943307514320153
73,0.30887534778723713,0.3987411452382488
74,0.3078151374871658,0.39881013735368787
75,0.30681785025089553,0.3984111048543066
76,0.30594548038466723,0.3990779317980416
77,0.30537839121688204,0.3991938272518663
78,0.30391906867403967,0.39827588459783986
79,0.30302675928627054,0.39767828092459456
80,0.3017833574514756,0.39717811786020313
81,0.30040177167547133,0.39671603638785113
82,0.2994317086447969,0.3972197228788652
83,0.29827154320084937,0.3963554408509544
84,0.2971847756934913,0.3957200642078564
85,0.2960102006691101,0.39491111426082603
86,0.295230682361615,0.3943944887669627
87,0.29427650146062767,0.3940858295276942
88,0.293341743870964,0.3945573185699506
89,0.29258558628814774,0.39418364347187096
90,0.2915227751304454,0.3946344118888232
91,0.2902153367885668,0.393874063278129
92,0.2894540248354274,0.39363378190719
93,0.2889798349596731,0.3931735834174732
94,0.28817925365366476,0.39286780846108293
95,0.2875386812945002,0.3923532602216765
96,0.2865956069325756,0.3920162076619798
97,0.28577576373895064,0.390923657001195
98,0.28516632515925766,0.39098568442307147
99,0.28450154090357316,0.3901545184316905
100,0.28370444843225023,0.3899443925601523
101,0.28314867628095247,0.39055520558806556
102,0.28252779244290904,0.38939670520050973
103,0.2817296620214394,0.3885991495337936
104,0.28064450137098074,0.38822698977482495
105,0.2799466939282609,0.3883937594345938
106,0.2792882221139635,0.38819211286819494
107,0.2778241129218104,0.3878770263493455
108,0.2769150331411082,0.387588594265353
109,0.27641792964825895,0.3872126147375456
110,0.275613490985832,0.3873542656114888
111,0.2749235876081322,0.3870524106213496
112,0.27453680963487126,0.38705990318923666
113,0.27397543552154124,0.3867950733750074
114,0.27270171088945716,0.3863743504644204
115,0.2720042542631248,0.38564669016411973
116,0.2714682541750204,0.3848277069372273
117,0.2704851463078387,0.3837505056917565
118,0.26975703337423046,0.38355694699148407
119,0.2688943401729664,0.3831510178042855
120,0.2679870496144577,0.38246370226648846
121,0.26758617808795654,0.3828882867550127
122,0.267045030520159,0.38291612005621256
123,0.2665604089134174,0.38251524523587754
124,0.26572512858959635,0.3819303539095261
125,0.2653218409150668,0.3815333161603494
126,0.264544979110434,0.3804768460170695
127,0.26409827902969224,0.38029422624460985
128,0.2634714708380163,0.3802001928917012
129,0.2625686323956815,0.38029984230777136
130,0.2617169653726882,0.37979642514840367
131,0.26122362653039466,0.38056017684427346
132,0.26070634015480576,0.38071051715178134
133,0.2601377173535429,0.380708485756347
134,0.2594620644118235,0.38091462905775664
135,0.2589079381656414,0.38144283826575154
136,0.25846261213460464,0.380668136929152
137,0.2579778201834742,0.3816102539151257
138,0.257406096802441,0.38183569793228106
139,0.25695374177533964,0.38187468890174553
140,0.25658333555909973,0.3821164284277526
141,0.2559445281444719,0.38194335003759533
142,0.25538139145947136,0.38192799416873763
143,0.2550250342770123,0.38146918334793417
144,0.25425983239405947,0.3811901807794879
145,0.2537714553243714,0.38161920227039503
146,0.2533063665599846,0.381189603780605
147,0.252929024596753,0.38153495510816615
148,0.2523572250320314,0.3809708364934997
149,0.25148316338024895,0.3802012999622785
150,0.25083350951149674,0.3798509403318954
151,0.2503935885971386,0.3803906825633944
152,0.24972564867307942,0.3804014384110082
153,0.2492082220162584,0.3799363623410621
154,0.24872304876060466,0.3795121699373728
155,0.24843033134692086,0.379997515488794
156,0.24796807935792275,0.37947716200345216
157,0.247337921778653,0.37898977978148124
158,0.24686735188130593,0.3791696199077628
159,0.24612290499448292,0.37845204616247047
160,0.24516698210422633,0.379413340421616
161,0.2445414688534436,0.37932406474263203
162,0.2440472830125967,0.37960415314705787
163,0.2433110356656822,0.37858330427858994
164,0.24285092576895084,0.37839587308401457
165,0.24225107756415748,0.3790547422236265
166,0.24168118768099114,0.37923817342613875
167,0.2408677442772341,0.379242405933072
168,0.2405812406861116,0.37891998074197625
169,0.24013541252757273,0.37908733970693353
170,0.23950697195569967,0.37938350784059727
171,0.23865248830236904,0.3793557507454085
172,0.23818583167378404,0.3794544419275211
173,0.23778871268418278,0.3792504492238209
174,0.23743888710290903,0.37909422453540137
175,0.2370363676020353,0.3796720990515363
176,0.23675004857452697,0.37921941415042504
177,0.23625368726951348,0.37904780826887735
178,0.23584174431786345,0.378249980726237
179,0.23559976318132742,0.37851023666849104
180,0.23533769772077723,0.37883520210676197
181,0.2348162983850365,0.3791499627382695
182,0.23432841844825472,0.3785914299801882
183,0.23388329992634438,0.37857686445888833
184,0.23331749452668962,0.37835985935666255
185,0.23264301864434864,0.3781322701590482
186,0.23216833436460105,0.3777683762957521
187,0.23127815190217937,0.37755484607422146
188,0.23097895599716176,0.3775649189541213
189,0.23062822527583626,0.3775064538913015
190,0.2300731101876015,0.3778183533205606
191,0.22977118403576965,0.3774046367702535
192,0.22952809293853244,0.3776360171455467
193,0.22908562023383192,0.3771443912396641
194,0.22871680495214972,0.37722394036571644
195,0.22839849321987749,0.37620649819031465
196,0.2279476254356559,0.3759297272891897
197,0.22749665679880685,0.37627360734883813
198,0.22703930669203953,0.3759272118521378
199,0.22663207730980495,0.3756755327195004
200,0.22600630915359632,0.3764676174487826
201,0.2257063304194863,0.3761658359750422
202,0.22531865938419407,0.37579479994536347
203,0.22491184667692263,0.3763488427184308
204,0.22441690077828802,0.3763578019086931
205,0.2240266111309665,0.37658970724202073
206,0.22357265555438052,0.3769473529931002
207,0.2232561746597174,0.37662846705409647
208,0.22281332496946205,0.3767424580934221
209,0.22253305672342585,0.3765994191239145
210,0.22209531210946742,0.37655598700455595
211,0.2215774121581698,0.3759699453327541
212,0.22124120544486128,0.3759699074266455
213,0.22077202020006087,0.37653583320250034
214,0.22040159904493176,0.37660806599537294
215,0.2200954344156591,0.37707398719096213
216,0.21968183095660232,0.3772294077660197
217,0.21931089901720094,0.3765904379725047
218,0.21886397959599102,0.3764525125289029
219,0.21858375777123373,0.3759248908915573
220,0.2180849972384495,0.37579867511177456
221,0.21772883323116876,0.37619840604241794
222,0.21721601520755218,0.3759130237378666
223,0.21698278275058347,0.3763480226206052
224,0.21662605244966315,0.3768126541884256
225,0.2162261627724174,0.37667139487040285
226,0.21594521312820772,0.3760912798098476
227,0.2155631616957618,0.37616216358393983
228,0.21533713969440174,0.3764691207282015
229,0.21463360384430002,0.3768396913070265
230,0.21432786489317543,0.3765975560046128
231,0.21407908141932924,0.37668422403219637
232,0.21353463999093827,0.37649718642453356
233,0.21315701958767558,0.37650600158566133
234,0.21282687174084175,0.3773455471879641
235,0.21227785463893808,0.37743981401180066
236,0.2119519601462723,0.37724808244754304
237,0.21177395782519615,0.3772839500920022
238,0.2114360203653288,0.37706505604264035
239,0.2109193527478537,0.3774806862847385
240,0.21062182661789333,0.3774019443374875
241,0.2102608983324924,0.3773039013061704
242,0.20999765336824205,0.3774348546157199
243,0.20963500908686983,0.3775464843091162
244,0.20916271003237313,0.3773612278594461
245,0.20876597228981067,0.3769661267063444
246,0.20842902888403578,0.37735588939926423
247,0.2082504622329785,0.37786845303155103
248,0.20801103253946218,0.3779837142598095
249,0.20774545560063098,0.37760593487962835
