0,0.6259630971428708,0.6281784648302371
1,0.6035485564244726,0.6067100459936434
2,0.5841841377380912,0.589400386558008
3,0.5655621820647293,0.5726789490255729
4,0.5499923486916258,0.5587363498078453
5,0.5356653565836256,0.5457103162057816
6,0.524049033034774,0.5359695726286167
7,0.5117398375727976,0.5257178759764112
8,0.5034700085115609,0.5170730987080822
9,0.4951850960728167,0.5097837342471673
10,0.48851843017604335,0.5031233147338584
11,0.4801675161646077,0.49681810436267704
12,0.4736960665372065,0.4930065897012514
13,0.4679455833025198,0.4872320258507022
14,0.4621796001430136,0.4836706818332748
15,0.4576655805276325,0.4812421845853644
16,0.4508997654034333,0.4778221738795755
17,0.4459319575148266,0.4733107822360816
18,0.44083431916386207,0.4692965634443142
19,0.43499465470436577,0.46484712378846277
20,0.43153177166798684,0.4620389524315085
21,0.4251822281577654,0.45819461888500623
22,0.419911746805963,0.45515052328507105
23,0.41557716700715064,0.45123293215320226
24,0.41119386635063093,0.44757377336974496
25,0.4084840032398055,0.44502654285736815
26,0.4050979444424348,0.4411734669257409
27,0.4021058476994692,0.43815058417736535
28,0.39930630247866694,0.4362030656288856
29,0.3962717989762855,0.4338713483362602
30,0.3937034935072206,0.43123615178323926
31,0.3909228057226454,0.4294764793739117
32,0.3880232270308879,0.42833040508801346
33,0.38513970573680834,0.4272281924863814
34,0.3831018120765166,0.4261256920972041
35,0.3808840479097284,0.4240811713769165
36,0.3777388808879623,0.4223136019493852
37,0.37492694615250566,0.4202825885502592
38,0.3725309587899895,0.4177697251555781
39,0.37048373560531433,0.4169337715736773
40,0.3685897947421955,0.41633385775817766
41,0.36660241389973974,0.4140534856312332
42,0.3647940614222338,0.4137630188670108
43,0.362952400808642,0.41269750810134664
44,0.36104259060166116,0.411720807000837
45,0.35977637494646453,0.41185946289706166
46,0.3577224492963234,0.41021286110989946
47,0.35590370468884885,0.40917909055869417
48,0.3545499878089351,0.40868676073218463
49,0.35253919612386914,0.40672885132411485
50,0.3511909175559339,0.4060344702253739
51,0.3491041720574072,0.4055006236409542
52,0.3478277018414338,0.4041817626743405
53,0.3462506488418939,0.40345749368979816
54,0.3448013454701763,0.40262520333958995
55,0.34383577015275535,0.40175728618152556
56,0.34237695708437715,0.4011746549210142
57,0.3410787291273014,0.4005008592442782
58,0.33991683923602933,0.40008006037345956
59,0.33869437939594704,0.39948180560022595
60,0.3367456711272967,0.3988801715511178
61,0.33597456416495175,0.3980583885300254
62,0.3348834860723379,0.3969675656496769
63,0.33332605648098657,0.39498134117435524
64,0.3325206778235202,0.3952830695276144
65,0.33179001591634005,0.39481233271656846
66,0.330438807330303,0.3935704742109886
67,0.32888566353752124,0.3933773423569701
68,0.32730742345094466,0.39220351414587445
69,0.3261453989279372,0.39146663050349584
70,0.3248558653113442,0.39087488336399906
71,0.3229084066122703,0.3894078890522006
72,0.32174056904177806,0.38830001599810743
73,0.3207918565917709,0.38761539077731194
74,0.3193916870225969,0.3855464956984318
75,0.3182545248903905,0.38510714838054605
76,0.3174156272686904,0.384183369893285
77,0.31660811523621385,0.3843970068587513
78,0.315674404069992,0.38391623694410243
79,0.3146196029539836,0.3833986914987681
80,0.3139758607154578,0.3822715855484444
81,0.31264203433789134,0.3817760810650215
82,0.3112674189712281,0.381626649336919
83,0.31021255626683825,0.38049627833620264
84,0.30933838409674896,0.3794302299313208
85,0.3083646340163013,0.37960765271708763
86,0.3070238893946394,0.37897427483565277
87,0.3056325953798103,0.378602410012255
88,0.30350639960710374,0.3775873434035078
89,0.3025257466262478,0.37725255573020566
90,0.30181674700797423,0.37704170469056675
91,0.3011997388939159,0.37596199099743177
92,0.29998685157440413,0.3765741050642516
93,0.2990640174754035,0.37633634326319215
94,0.2980402701341864,0.3747295371710111
95,0.2972209614384811,0.3740794602002968
96,0.29636528048305977,0.3731674984008783
97,0.2952245073693255,0.3733405182443599
98,0.294503043964899,0.3728800831579421
99,0.2935193543720855,0.3724723194775088
100,0.29282947756774846,0.3722747850680241
101,0.29184312816368646,0.3720509156234878
102,0.29073112384351185,0.37240969843314914
103,0.29000896374482354,0.3714451776088151
104,0.2891941619502261,0.3715663340529082
105,0.28843613236381554,0.3714109517121441
106,0.28763685424633206,0.3712950244752897
107,0.2868490114627922,0.37061782654315706
108,0.28591166639328397,0.36998484289303185
109,0.28499808961132506,0.36922417016670345
110,0.28447864287403407,0.3690372536535419
111,0.28387650044704593,0.3692254158180384
112,0.2832114563691385,0.3684915150382689
113,0.28219505228940495,0.3686409519275739
114,0.281528187927189,0.36925692997439197
115,0.2808660009769323,0.3695951816409077
116,0.280125899754091,0.3698401245500439
117,0.2793260139289994,0.3699086300427557
118,0.27851804746088454,0.36889279580295636
119,0.2777338146975232,0.3676290655439651
120,0.27731486555661694,0.36784620570984705
121,0.2766776032461937,0.36824292432782907
122,0.2759948217846063,0.36800009898062813
123,0.27510165383781593,0.3679861725662791
124,0.27458200685005046,0.36760933968342013
125,0.2738084398554249,0.3675143802198507
126,0.27303759172519654,0.36680868081255724
127,0.27222637155676066,0.36641011161079245
128,0.27163903717852167,0.3661866889537248
129,0.271057040676542,0.36580333268348736
130,0.27041351063121366,0.3651172495481593
131,0.2699522430604018,0.3646738444814685
132,0.2695987594558687,0.36463749224674846
133,0.2689609365217436,0.3641035322114707
134,0.2682050458934792,0.36448935987477105
135,0.2675554781449992,0.3642120992222791
136,0.2670406453253543,0.36407474752062213
137,0.26656890501360875,0.36367867497490747
138,0.2659307509824945,0.36311326015090184
139,0.26517690707144675,0.3629413161372579
140,0.2647602129460868,0.3631289272490278
141,0.26423085377314476,0.3624336355577701
142,0.2635624589429945,0.3617856246084172
143,0.2626908140639227,0.36218587955972426
144,0.262132322206568,0.3626668771494811
145,0.26172976921980484,0.3627749814834229
146,0.26123562167375497,0.3631574658824811
147,0.2602127118628811,0.3631403388145069
148,0.2598255286342403,0.36269630112256557
149,0.25932359540402833,0.3628148313537831
150,0.2590033667861722,0.3635050636891118
151,0.2583577797446527,0.36356611365437624
152,0.2579516923178667,0.36271478119109163
153,0.2576332272211435,0.36296057062760667
154,0.25702283079961136,0.36256623429334944
155,0.2565079309878404,0.3623113465840342
156,0.25577016350536075,0.36196749180077364
157,0.25516792026753404,0.36274682133724645
158,0.2546210665596109,0.36224233697158675
159,0.2542586776794153,0.36272677499776285
160,0.25373041227899973,0.36333013763922273
161,0.2533492415664527,0.3634365955490875
162,0.2527320255312454,0.3628923263280066
163,0.2522824705232525,0.3629949608719144
164,0.25191833339995817,0.3630913140432091
165,0.2515572397589714,0.3629635079354836
166,0.2510373684912738,0.3631412675515527
167,0.25071991063686666,0.36315093482080746
168,0.24991858881693574,0.36272041589223714
169,0.24960114374381726,0.3627866551797423
170,0.24929505850521436,0.36183977749262736
171,0.24873727971050336,0.3612634924664187
172,0.24802917441131447,0.36191254130530137
173,0.24735837682629871,0.3619439555460183
174,0.24663771967187373,0.36132224670478275
175,0.2460115387357464,0.3617178731450131
176,0.24501739389255525,0.3615303350077873
177,0.24450212942481747,0.36153562989100696
178,0.2439938944538742,0.3609576448367012
179,0.24316247133619653,0.3616613133326321
180,0.2427304209191427,0.3619920728901874
181,0.2423080854402694,0.3611307626724411
182,0.24181054180699224,0.3609104445497333
183,0.2412116148476597,0.36113601922643956
184,0.2408168114007316,0.3610936594539366
185,0.24026441191542827,0.3612310351157147
186,0.23987206835469246,0.3618252840181369
187,0.23950672421862085,0.3620730652465244
188,0.23877480448186794,0.36129473847344457
189,0.2380441392908466,0.3615753363445894
190,0.2374309772528286,0.36126798268754984
191,0.23694614342453652,0.36096921561312956
192,0.2366614741025165,0.360736751844663
193,0.236069280169887,0.3610178881108012
194,0.2355981632041667,0.36137745782102226
195,0.23531746694276795,0.36131141881998036
196,0.23501885397331487,0.3616304067870178
197,0.23472978174054207,0.36152933211418153
198,0.23430653299831322,0.3613698142848012
199,0.23376688028998138,0.3618065913664867
200,0.2333316383048237,0.36185548768708947
201,0.2327941339574827,0.3613908164184688
202,0.2322645501190597,0.3615878182044499
203,0.23155395567622225,0.361772253538886
204,0.231250482304845,0.36250042376027164
205,0.2308645988266144,0.36266206385846195
206,0.2304623889839956,0.3624917215973178
207,0.23013363939952822,0.3624178589118408
208,0.22968172904188722,0.3618131499751052
209,0.22931518634457837,0.36228649495945625
210,0.22876227317449854,0.36159480640186714
211,0.228097060516945,0.36059194318272625
212,0.22768050946243146,0.3602454774729691
213,0.22730415282750932,0.360474114355917
214,0.22631624059466868,0.36138773895590687
215,0.22564250149836848,0.36163158046941535
216,0.22522447695105285,0.36227231303601964
217,0.22512403103884077,0.3626831991160683
218,0.2248070962000797,0.3629917277853502
219,0.22458613135509625,0.36338362147127373
220,0.22422513355948384,0.362357728785919
221,0.22332067612961196,0.3626852187898414
222,0.22282167592810231,0.36159892967857776
223,0.222409531063691,0.36188693598748023
224,0.22214639931963337,0.36211181131139814
225,0.2219118746703762,0.36207368868765316
226,0.22138785540910036,0.36192252464104624
227,0.22108180981443704,0.3617300855048819
228,0.22080153633332325,0.3617019952061739
229,0.22014318763526822,0.3623652192608764
230,0.21972269282029167,0.3623565973324711
231,0.21919274274168127,0.3625447424618951
232,0.2181205225501097,0.36201522430717925
233,0.21784323804138264,0.36192939023046244
234,0.21755660579790387,0.36134541538967774
235,0.21718933516329433,0.3611040136317979
236,0.21676710298709817,0.3609447272293018
237,0.2164409724481039,0.36166608526461347
238,0.2162115090782699,0.3609242047163505
239,0.2158895979029067,0.3616976055489094
240,0.21542133909826924,0.3623668020369396
241,0.21519806544023187,0.3624460676327722
242,0.21484976209425743,0.3630696314590288
243,0.21458280153896087,0.36308793746348883
244,0.2142894146504015,0.3634675450323066
245,0.21399533447769709,0.3635370853302197
246,0.2137812427393676,0.3627462674760772
247,0.21335092661937072,0.3625759478773005
248,0.21308929597938986,0.36255671591830574
249,0.21265943912712867,0.36235222328976585
250,0.21219264837597657,0.3617067774002583
251,0.21169504704079445,0.36214931369069275
252,0.2113741065141338,0.3621564835855718
253,0.21104110260833547,0.3623114102165875
254,0.21087176199183555,0.3617777219953178
255,0.21023569474406767,0.3612572441638876
256,0.20983778670242578,0.36172792105621376
257,0.2094659186966284,0.3620606762757426
258,0.20920489064905745,0.3621229184853657
259,0.20904118714191103,0.3617062679382913
260,0.20874478874241717,0.36113528225517944
261,0.20836464729855578,0.36088188716571373
262,0.20803725118974659,0.36127358335951126
