0,0.6276449463432376,0.6326053278327745
1,0.605384871533016,0.6133834006733421
2,0.585849834030468,0.597920815580491
3,0.5669910424668859,0.5829433116423908
4,0.5519086824123928,0.5715269010364379
5,0.536841586693046,0.5592736446517215
6,0.5252202868367073,0.5504350762885166
7,0.5138156408320461,0.5421640028031129
8,0.5035458030939859,0.5346158088419201
9,0.4916406994675191,0.5260850960747132
10,0.48178566658257366,0.5187944356375719
11,0.4726888850989116,0.5126151170652462
12,0.4652122509166768,0.5078370043767683
13,0.4593473756235332,0.5038494751896969
14,0.45241858310723726,0.4993542234155391
15,0.44642508257807734,0.4955294636682652
16,0.4398469301405925,0.4911648198237631
17,0.4353469754774798,0.4878491363064809
18,0.42884677348787936,0.48461519929936775
19,0.4240139795261938,0.48255752559444115
20,0.41811886065627984,0.4795924477105917
21,0.41395013687328125,0.47683521272736673
22,0.40952103514300114,0.4746423313240609
23,0.4071387487753907,0.47370653032043647
24,0.4042792976022696,0.47300723979119647
25,0.4002124267459672,0.4695798940995972
26,0.3967002983560267,0.4674841174875518
27,0.3928512457188021,0.46481125341850404
28,0.39032727114988197,0.4648764412377589
29,0.38730961429912864,0.463283824787552
30,0.3846311240801413,0.46204131840478163
31,0.38211427763116257,0.461016717963472
32,0.3803005378339819,0.4605146121296709
33,0.37684562963714463,0.45859489775012713
34,0.3746499643872063,0.4577532840093271
35,0.3723591606854258,0.4558565062323061
36,0.3689374385409977,0.45399106706809605
37,0.3659232900298968,0.4524752441872439
38,0.3633862205205213,0.45137583312773427
39,0.3613057116048025,0.45086556984934695
40,0.35909119605557205,0.45026428913244737
41,0.357573482977286,0.44970837776523565
42,0.35525897767187,0.44881264561586415
43,0.35373225922472507,0.448005836395976
44,0.3506579516032583,0.44421513987031724
45,0.3494544315259946,0.4432228228282065
46,0.3474865580657598,0.44218110387660486
47,0.3460256817651912,0.4411763785521147
48,0.34418370703566636,0.44022870279580795
49,0.34223133930013255,0.43896584457719806
50,0.34064529390580717,0.43862070262345465
51,0.3382908438113027,0.438279884682287
52,0.33663449221899466,0.43700212293775087
53,0.3354070898034161,0.4371129864271549
54,0.33402524589694604,0.43715529365910033
55,0.33242953755995475,0.4354587184859885
56,0.3312133051176338,0.43409099323127665
57,0.32944226020712236,0.4320608313996778
58,0.32684837413955203,0.4318615555680548
59,0.32513264992389806,0.4319518935860747
60,0.32386244915720214,0.43080563530085675
61,0.322419945168093,0.43113478851538095
62,0.3213775686044743,0.42999517297210765
63,0.32029392523432565,0.4294681773603703
64,0.3193237993407314,0.4279981763899547
65,0.3181447355251955,0.42744342880087255
66,0.3170921190747927,0.42726974716768396
67,0.3154944597208981,0.4271590719058574
68,0.31433220871655504,0.4264320724763874
69,0.3133895513922874,0.42486809269302617
70,0.31232417886153535,0.4243422863083492
71,0.3111471155771118,0.42294581924578917
72,0.31020955620823465,0.42305031646117885
73,0.3093451365873812,0.4226333336613238
74,0.3086662063121051,0.42277357841883223
75,0.3074247860456806,0.4214051107119918
76,0.3060434212688551,0.4218191012708632
77,0.3051521185921673,0.42196986308699397
78,0.3040938500510423,0.42082358928038943
79,0.3030308853832898,0.41958720904595787
80,0.30217293535459894,0.4185954350023186
81,0.301204642867475,0.4187556646663861
82,0.29967584425104404,0.41831233711267407
83,0.2984723022913926,0.4179049299825101
84,0.2976699870081233,0.41711027173809784
85,0.2963381529418383,0.4167237574688452
86,0.29551851858849953,0.41665105416683623
87,0.2944056573325136,0.4167924401016579
88,0.29350003475230263,0.41647052193251505
89,0.2920682409984049,0.41532369983583356
90,0.2913784167731534,0.4144361403964688
91,0.2906813564203914,0.41394055445272926
92,0.28889455733623354,0.41334075190374986
93,0.28795273171761426,0.41274793888786787
94,0.28723247630665427,0.4123882668483687
95,0.2865755849766776,0.4120167374392345
96,0.285928237206516,0.41248806595140736
97,0.2847370185562861,0.41209204020628404
98,0.2837818233323848,0.4124851569387644
99,0.2831689572134583,0.4117907466722286
100,0.2825767110051903,0.41192118049575605
101,0.2817916964506226,0.41150544602650335
102,0.28127230700224093,0.4108861157794662
103,0.28069705701219677,0.410165719440833
104,0.2801200488802344,0.4099093166585563
105,0.27961312910330666,0.40968830673561585
106,0.27874931285848104,0.4094083499326814
107,0.2781827962135553,0.4094364983718803
108,0.2774820727833598,0.40918238222969194
109,0.27689575211140305,0.40870396605245846
110,0.2759408864501382,0.40765305904348637
111,0.2750155069554353,0.40699864359499677
112,0.2745804481706605,0.4076789953021321
113,0.27356259515374837,0.40735674489744356
114,0.2726896650326137,0.40728338855716456
115,0.2719164210503506,0.40628510801097967
116,0.2708583905035642,0.40572205082125506
117,0.2702583903806841,0.40569118144981026
118,0.26932830836281957,0.40468443248934854
119,0.2682884617202957,0.4048933607435551
120,0.2677196026397507,0.4044226870284343
121,0.26648254067678384,0.40399276074435536
122,0.26540839835537827,0.40385183433945
123,0.2648173141628164,0.4033668570030465
124,0.264184606900097,0.4022169494834073
125,0.263652007966892,0.40246972330254216
126,0.2630783195321542,0.40267923800102445
127,0.2619471351567832,0.4030749276359162
128,0.26083855045171067,0.4029642762119112
129,0.26027320617843863,0.4031382242166467
130,0.2595443626239324,0.4031046338952353
131,0.25889259455569225,0.4029029524295904
132,0.25841054733891355,0.4029925741584101
133,0.25784704377418055,0.4027641609384448
134,0.2573862717066678,0.40181203206398586
135,0.2569760088776215,0.4013389350918277
136,0.25596385584684284,0.40041530052402763
137,0.2551472117684185,0.3999059593780498
138,0.25452161907425686,0.3991977500143002
139,0.2540142030171812,0.39947756306203297
140,0.2533001256560744,0.3986474196923735
141,0.25214607042197446,0.39784368256108943
142,0.251662392151881,0.39812226550620106
143,0.2512138405212349,0.39745662751633193
144,0.2506731646140989,0.3969237323477274
145,0.250109049670254,0.39666853650782186
146,0.2493622507443324,0.39539261502494355
147,0.2484929204129171,0.3943000883452228
148,0.2478237958008755,0.394777526934513
149,0.24737250945541173,0.3952311217454095
150,0.24701606594097483,0.39566792531409567
151,0.2463896868627606,0.39602368184607517
152,0.2460359206675258,0.39590615652704386
153,0.24562358942310966,0.39544480548256983
154,0.24490193040673938,0.39563900770655935
155,0.2444368474816442,0.3956289170843984
156,0.24371894168275568,0.3947733880877672
157,0.2432534115317226,0.3955161646325988
158,0.24278003254263042,0.39603235510480145
159,0.24238806540708266,0.3954375137035473
160,0.24203077807734216,0.3959270347225781
161,0.2417169695304268,0.39558439172536575
162,0.24125002126265815,0.3956279149889379
163,0.24072698329088157,0.3950873991298779
164,0.24006073516333182,0.3939128808239593
165,0.23962210862228447,0.39333500433097895
166,0.23928701074559072,0.39308113135652417
167,0.2388707874929338,0.3927443804156358
168,0.2384140782017372,0.39314116044024133
169,0.2376245351893172,0.3921899582694007
170,0.2373706549747635,0.39245159930060275
171,0.23697516393985382,0.3932397204080112
172,0.23613670406956153,0.3938476850596664
173,0.23528500302147465,0.3945728704000057
174,0.23473751165394746,0.394173039515487
175,0.23409712522177648,0.3939163966942923
176,0.23344865032179246,0.39338090217349375
177,0.23291101600758646,0.39340313910885694
178,0.2325213041022728,0.3931577605710721
179,0.2319273782758982,0.39270287486242156
180,0.2316051748757377,0.39308327203641114
181,0.23134851491625513,0.3932540279464357
182,0.2307763704647264,0.39340719226789594
183,0.2304125054713689,0.39343032721037746
184,0.22993411776533892,0.3931402951422596
185,0.2291463519761178,0.39236321267903235
186,0.2284017263146887,0.392495386720508
187,0.22806223172757467,0.3929786815882235
188,0.22777873585443154,0.3937670146586446
189,0.2272545694242577,0.39359469592497914
190,0.22678381632966096,0.39284083301109907
191,0.2261466477340776,0.3923399227945258
192,0.22583667017232545,0.3927269200529819
193,0.22545390058585307,0.3931298440291022
194,0.22504401679697048,0.393085797116122
195,0.22434092654628487,0.3932182045315538
196,0.2240137713070109,0.3930924791153806
197,0.2236737237145601,0.393580396630753
198,0.22301865769897328,0.39286695904850105
199,0.22264846936368637,0.3927866805421856
200,0.22238843578138953,0.39193614164525326
201,0.2220899500895071,0.39164996789212103
202,0.2217282556817972,0.39145618751270983
203,0.2215011418976361,0.39192972327710524
204,0.22112972094430464,0.3913932848383572
205,0.22064315572080304,0.3915329447766051
206,0.22047204773265258,0.3918817080725939
207,0.220173884819406,0.3917021964751499
208,0.21950443158885222,0.3916461992312083
209,0.21913300944493327,0.3914196380447541
210,0.21887370335407647,0.39096849539487505
211,0.21860120852792722,0.3902695016945559
212,0.21824140819618018,0.39013820473374466
213,0.21797620916788712,0.38982810951874197
214,0.2175354906546465,0.3902231574098651
215,0.217036381650091,0.38984847366482506
216,0.21674741299007066,0.3894651470617017
217,0.21644618063373627,0.3894004641899674
218,0.2160927098551669,0.38985685383493424
219,0.2158110088733326,0.39016989769141364
220,0.2153107319813135,0.3901022671091559
221,0.21501113407883377,0.3903446385428215
222,0.21462614307553143,0.3901109631623961
223,0.21408347007265832,0.3909318176506483
224,0.21374847858845955,0.39141025974850385
225,0.21329518541634726,0.3907666071820177
226,0.21291822569567007,0.39075347907343055
227,0.2124045767557706,0.39028248202324456
228,0.212145654042633,0.3900291646041181
229,0.21156080146879008,0.3892554688745131
230,0.21101397089881735,0.3892475898403686
231,0.21061092294276104,0.3884589449304646
232,0.21034404742191126,0.3883662412109702
233,0.21004415217257358,0.3886681058970536
234,0.20977456748349915,0.3883666149617456
235,0.20956010036457906,0.38845209953701026
236,0.20903221391036908,0.3887607332190546
237,0.2088180939107961,0.3894551715582962
238,0.20834550860108592,0.38915471513851607
239,0.20804621429613293,0.3890099974946477
240,0.20766501494509396,0.38893023125783505
241,0.20721445598524085,0.38878534413036353
242,0.206766075867799,0.3882303391226388
243,0.20641142785792088,0.38827359700136393
244,0.20611291766815265,0.3876304363070871
245,0.20586578011850154,0.38783713794819397
246,0.2054320974366097,0.38731417794274775
247,0.2049431472375516,0.3873294023111469
248,0.20469774632501922,0.3874101120243676
249,0.20447736455675916,0.3877361317041643
250,0.20426640440852678,0.38740449829751145
251,0.20395574207461858,0.3878401567151349
252,0.2037524072660607,0.38791517906363987
253,0.20337722074465275,0.3871019979600202
254,0.20297839986432126,0.38749196216669307
255,0.20270567956478897,0.38683587382239903
256,0.20235304786999284,0.3866782271442664
257,0.20194023747956075,0.38644123573554434
258,0.2015393240380815,0.3867889631069
259,0.20115635756943526,0.38712822151586684
260,0.20095255916686214,0.38807808041011904
261,0.200620153978224,0.3866653733743536
262,0.20046791504026434,0.3865446343787982
263,0.2001741785956623,0.38563580204802617
264,0.19975364446197372,0.3860666808703876
265,0.19951251982878046,0.3856952313277019
266,0.19928038224477337,0.38590278192262073
267,0.19885528209932066,0.38561405923718883
268,0.19844882080426904,0.38630208928571436
269,0.19815577941134516,0.3866197811387948
270,0.19793525983580934,0.386431408067353
271,0.19757614490311623,0.3867952397499769
272,0.19737374736531582,0.38654067181352275
273,0.19720671982052984,0.38653983573184886
274,0.19678030789124407,0.3859544523627262
275,0.19633212635379954,0.38614482485833695
276,0.19610045703994616,0.3861882899597806
277,0.19589277938647284,0.3863127866336445
278,0.19547888722801934,0.3866474796368974
279,0.19518381185296524,0.38619044726669205
280,0.19480998292475796,0.38610265651546977
281,0.1944141894589366,0.38629940743880525
282,0.194170392764941,0.38682399991095895
283,0.19388285948272804,0.38661431190168905
284,0.19359528164726666,0.3863355227033918
285,0.1933734718945569,0.38612716334532793
286,0.19302267508928772,0.3863656215643388
287,0.192480818304363,0.3857871609198862
288,0.192167739710427,0.3856830722573617
289,0.19182223938695397,0.38530789565402784
290,0.19153307199453162,0.3858312337285072
291,0.19110664544673722,0.3858275920416998
292,0.19075037552600915,0.3855732139982638
293,0.19057643926417356,0.38562441820263504
294,0.19003054148464557,0.38496020616589155
295,0.18960670729462506,0.3854025916736519
296,0.18928719600653665,0.38603792855094965
297,0.18909301412671997,0.3861365372217339
298,0.18859618738640277,0.38633113386864815
299,0.1883269298990233,0.38610429218765957
300,0.18808260215278022,0.38617669101659285
301,0.187920499517348,0.38661788832140304
302,0.18772503003826588,0.3868699155038569
303,0.18745872810456946,0.38652641989817904
304,0.1872337496708031,0.3859465301229302
305,0.18685031310751682,0.3851963588788866
306,0.18664497993506268,0.38514000806376886
307,0.18631291822376925,0.3843552023740303
308,0.186119795236771,0.3838912892879807
309,0.1859407804252682,0.38431329240438666
310,0.18569470867629087,0.3838932521579847
311,0.18530133608940522,0.3830064218902954
312,0.18502548622224885,0.38371381294656637
313,0.18482553027284826,0.38389151713633163
314,0.1846189268939332,0.3839971344193432
315,0.1844549751949469,0.3839453810730695
316,0.18420713554580545,0.38421027343290715
317,0.18391129994601088,0.38428168189337764
318,0.18362779024747888,0.3836118715021382
319,0.18335598266284914,0.38351490199846466
320,0.18310847131926325,0.38444549781671505
321,0.18284976708885783,0.38469655550233667
322,0.18272741219132568,0.385035206689108
323,0.18237698153941645,0.385590574520135
324,0.18225409252309477,0.3859299355388095
325,0.18203454362197433,0.38551217434359525
326,0.181739435966087,0.38519997957740204
327,0.18133915311560203,0.38550723008153714
328,0.18117135370365867,0.38543478751717647
329,0.1808841323599164,0.3851974882138942
330,0.18061569033671687,0.3862605594491685
331,0.18027764852840045,0.38689131216754835
332,0.18003577554822234,0.38693801830123997
333,0.17980204265735902,0.3878787357998686
334,0.17946993920651827,0.3868761541720959
335,0.17925567619289962,0.3869452284407877
336,0.1790630299777279,0.3875906934585911
337,0.17883243404383045,0.38744077280407546
338,0.17867643754971801,0.38701565546253364
339,0.17834552459710135,0.3864897743483265
340,0.17815244492337295,0.3868092336885367
341,0.1779380989539285,0.3871463282394615
342,0.177747104102537,0.3874572733243084
343,0.17740443744850543,0.38671729937645566
344,0.17720725811019047,0.38586160136517444
345,0.17700014073252623,0.385965954819117
346,0.17689353437484517,0.38541429741552985
347,0.1766488666895,0.38546510592776023
348,0.1764751450114219,0.38547074259418784
349,0.17605812995399892,0.3849169186853098
350,0.17587313865257867,0.3855947579190922
351,0.17564492005517077,0.3863414962044164
352,0.17543122248479517,0.3864272864731794
353,0.17532670316315774,0.386434086086893
354,0.17505907858599126,0.38708064991670804
355,0.17482347587561908,0.38744460597652036
356,0.17459919758384704,0.3875935159457614
357,0.17441761221274701,0.3874953322824281
358,0.17417251756391539,0.38683423527717503
359,0.17394245014077706,0.38653319869757763
360,0.17356558222308238,0.3863429060085772
361,0.1733179968572542,0.3866913255185837
