0,0.5513575077056885,0.5810204744338989
1,0.5383232831954956,0.5415185689926147
2,0.531806230545044,0.5366241335868835
3,0.5324884057044983,0.5399625301361084
4,0.5339244604110718,0.5414179563522339
5,0.5343218445777893,0.5435407161712646
6,0.5317691564559937,0.5432436466217041
7,0.5325896143913269,0.5438294410705566
8,0.5320632457733154,0.5441327691078186
9,0.5316136479377747,0.5439459681510925
10,0.5319572687149048,0.5428982973098755
11,0.5320788621902466,0.5433244109153748
12,0.5325466394424438,0.5415549278259277
13,0.5329193472862244,0.5424712896347046
14,0.5334038734436035,0.5430381298065186
15,0.5327271223068237,0.5414464473724365
16,0.5328041315078735,0.5418481826782227
17,0.5330002903938293,0.5422844886779785
18,0.5333009958267212,0.5426362752914429
19,0.5332132577896118,0.5426288843154907
20,0.5321177840232849,0.541723906993866
21,0.5318976044654846,0.5408599972724915
22,0.5311097502708435,0.5400238037109375
23,0.5309915542602539,0.5401336550712585
24,0.5306042432785034,0.5396061539649963
25,0.5309567451477051,0.5399726033210754
26,0.5311273336410522,0.5391402244567871
27,0.531174898147583,0.5396433472633362
28,0.5314329266548157,0.540026068687439
29,0.5308122038841248,0.5398680567741394
30,0.5306651592254639,0.5393028259277344
31,0.5308845043182373,0.5397055149078369
32,0.5302579402923584,0.5387351512908936
33,0.5301274061203003,0.5387828946113586
34,0.5302892923355103,0.5390364527702332
35,0.530107319355011,0.5389590263366699
36,0.5303483605384827,0.5392695069313049
37,0.5299811363220215,0.5383586287498474
38,0.5298345685005188,0.5377174615859985
39,0.5298805832862854,0.5380324125289917
40,0.5299192667007446,0.5383481979370117
41,0.530016303062439,0.5382363796234131
42,0.5301367044448853,0.538322389125824
43,0.5301207304000854,0.5384432077407837
44,0.5302984714508057,0.5386533141136169
45,0.5301300287246704,0.5386600494384766
46,0.5302029252052307,0.5386149883270264
47,0.5302823781967163,0.538769006729126
48,0.5304381251335144,0.5389622449874878
49,0.5303555130958557,0.5386024713516235
50,0.530480146408081,0.538872480392456
51,0.5304604768753052,0.5392010807991028
