0,0.5683266520500183,0.574540376663208
1,0.5442296266555786,0.5575379729270935
2,0.5402980446815491,0.5496159195899963
3,0.5395159125328064,0.5525720715522766
4,0.5381438732147217,0.5525127053260803
5,0.5369695425033569,0.5513167381286621
6,0.535701334476471,0.5511825680732727
7,0.532069981098175,0.5467293858528137
8,0.5325151681900024,0.5468875169754028
9,0.5320919752120972,0.5444415211677551
10,0.5321524739265442,0.5449973940849304
11,0.531761884689331,0.5440648198127747
12,0.5321489572525024,0.5437991619110107
13,0.53290855884552,0.5445232391357422
14,0.5333048105239868,0.5450267195701599
15,0.5334459543228149,0.5456053018569946
16,0.5328774452209473,0.5444679260253906
17,0.5333278179168701,0.5453392267227173
18,0.5334697961807251,0.5454592108726501
19,0.5336658358573914,0.545482337474823
20,0.5330833792686462,0.5456861853599548
21,0.5332797169685364,0.5461487770080566
22,0.5334993004798889,0.5465189814567566
23,0.533704936504364,0.5468193292617798
24,0.5338780879974365,0.5471633076667786
25,0.5342861413955688,0.5474424958229065
26,0.5344548225402832,0.5476018190383911
27,0.5346996188163757,0.5479575991630554
28,0.5346093773841858,0.5478707551956177
29,0.534620463848114,0.5477088689804077
30,0.5344616174697876,0.5470770597457886
31,0.53468257188797,0.5475120544433594
32,0.534904420375824,0.5477248430252075
33,0.5348311066627502,0.547450602054596
34,0.5350928902626038,0.5476943850517273
35,0.5348460674285889,0.547433614730835
36,0.534489095211029,0.5470237731933594
37,0.5341528058052063,0.5469139814376831
38,0.5339398980140686,0.5465471744537354
39,0.5335237383842468,0.5464683175086975
40,0.5336687564849854,0.5469390749931335
41,0.533190131187439,0.5460708141326904
42,0.5332300662994385,0.5457976460456848
43,0.5332440137863159,0.5456679463386536
44,0.5332732796669006,0.5454692840576172
45,0.5329283475875854,0.5452017188072205
46,0.5329321622848511,0.5452965497970581
47,0.5330793857574463,0.545413076877594
48,0.533237099647522,0.5454564094543457
49,0.5333412885665894,0.545728325843811
50,0.5334183573722839,0.5459702014923096
51,0.5333502888679504,0.5458730459213257
52,0.5332186222076416,0.5458894968032837
53,0.5333831906318665,0.5460125803947449
54,0.5334288477897644,0.5461608171463013
55,0.5331646203994751,0.5459020137786865
56,0.5328113436698914,0.5452470779418945
57,0.5326626896858215,0.5450312495231628
58,0.5326330065727234,0.5452451109886169
59,0.5325726866722107,0.5454300045967102
60,0.5326335430145264,0.5454296469688416
61,0.5325294733047485,0.5454070568084717
