0,0.5668690596779553,0.5716417847051403
1,0.5347718757274046,0.5453260242051141
2,0.507859914599443,0.5238910924417615
3,0.4835897506963298,0.5038907226940844
4,0.46191578978769293,0.4867833701684671
5,0.4433195229711324,0.4721560051448295
6,0.42731945138579125,0.45903001488912426
7,0.41325939916072424,0.44867069072200144
8,0.40146493670482747,0.4408802897951454
9,0.3897049529531146,0.4324203559901295
10,0.37912632064648233,0.42561570123622294
11,0.3698068640983694,0.4212291390295654
12,0.3599746041804707,0.41416189002008164
13,0.3516789967971728,0.40922187570604573
14,0.34270095837406345,0.4031291426397128
15,0.3361488209599326,0.3992436413450653
16,0.3284229921190443,0.39374072359210804
17,0.32204389417470464,0.3889953937185438
18,0.316631834701477,0.3857068763574162
19,0.3124628366149919,0.38343014835926603
20,0.3073485729795459,0.37920391143049004
21,0.3013785054510807,0.37483175653065326
22,0.29763539087814556,0.37333843455295695
23,0.29443505350227445,0.3703485874805041
24,0.2904652224667232,0.36811229771201043
25,0.28746865294376023,0.3662881386145402
26,0.2835541899478595,0.36359217519896864
27,0.2804826608356454,0.36163606768050405
28,0.2771126299695028,0.3597601165157089
29,0.2741766288018061,0.3584710918403903
30,0.2710881882278017,0.35702615692590056
31,0.2690368964232047,0.35629760525018245
32,0.2667388637863083,0.3553190185228786
33,0.2644524424981399,0.3549560579880998
34,0.26002034418301545,0.3530456672395767
35,0.25795541879465894,0.35140941390636365
36,0.2556992265337309,0.3499267337142741
37,0.2521479462791694,0.34730889999456593
38,0.24971935627387656,0.3461451565767264
39,0.24627150679555282,0.3446317018169721
40,0.24406117110425038,0.34401018866138994
41,0.24139943525938884,0.3429298996388942
42,0.23904444042224135,0.34238965734802446
43,0.23731854156692064,0.3411848834774049
44,0.2359799594861907,0.34074552141707076
45,0.23429921412480167,0.33956011104496436
46,0.231821517469299,0.3388081138718655
47,0.23025831313855133,0.33852468366626476
48,0.22850901811833021,0.3377359586286006
49,0.22698539495976933,0.3372324666437483
50,0.22574828999444957,0.3366605393919639
51,0.2243568944407806,0.33519446763997046
52,0.2217966729478121,0.3345757392184234
53,0.21996737506008412,0.33302007989852495
54,0.21783217926434978,0.33278586675876304
55,0.21674440044637744,0.33205663853407263
56,0.21562629814720166,0.33223132055175103
57,0.21470387495877483,0.3328394970644817
58,0.21356962184459416,0.33257007038696135
59,0.21211472713243495,0.33256091271058213
60,0.2111753751106351,0.3324668858553604
61,0.20976058675380027,0.33096995439876126
62,0.20790776904965635,0.32972801889754394
63,0.20677379600061713,0.32921843333382533
64,0.20518606016262053,0.3275904289087005
65,0.20392115643562025,0.32752130529542695
66,0.20299829201861155,0.3271491235610405
67,0.2019169320781843,0.32631016824794
68,0.20066519325235055,0.3259490990517393
69,0.1992577783244671,0.32397530088247406
70,0.19775416713849964,0.32421227052711626
71,0.1951611699013311,0.3236640599919733
72,0.19421554586510373,0.3233872192061868
73,0.19314078161868062,0.32278229747811016
74,0.1914358611526451,0.3223839904622812
75,0.1898848234151074,0.32136095932878134
76,0.1890654967368613,0.32110192849418256
77,0.18793528167420348,0.32095679506944363
78,0.18659328497672903,0.3202937816934662
79,0.18588553799276047,0.32049107335900007
80,0.1847764389736979,0.32017612206872625
81,0.18349254658045158,0.31942432880070515
82,0.18208570855463616,0.3188266078691815
83,0.18137337994834152,0.31875090705750597
84,0.18065093777348062,0.3191049174787597
85,0.17961577313709545,0.31901905687004256
86,0.17858294055325138,0.3176910709400126
87,0.17791870066563978,0.3172529085993382
88,0.1771879260085277,0.3166587135968166
89,0.17625977250168978,0.3158030847453743
90,0.17530594254675758,0.31575991191818953
91,0.17425845920931346,0.3162354853844905
92,0.17344489180211645,0.31573793092833197
93,0.17275172696239102,0.3155095037165382
94,0.17178144093072364,0.3146269242676916
95,0.17125831790019114,0.3144835031151128
96,0.17038929248866974,0.3144447060006873
97,0.1696960448089923,0.3143118135913163
98,0.16885922911840806,0.31357298733697986
99,0.1681674960126482,0.31303693700115665
100,0.16755290921552693,0.3133044291644652
101,0.16704874187260393,0.3130187210908979
102,0.16618721134946082,0.3131955026765932
103,0.1653933570980896,0.31291899705826387
104,0.164766393522222,0.31246729773911347
105,0.16425962616782705,0.31230491172714675
106,0.16355706757469451,0.3120172637091189
107,0.16263462157007877,0.31115886351406247
108,0.16197886411574727,0.31080928677993586
109,0.16131093305489824,0.31076030143515354
110,0.16035603299986284,0.3103883330238097
111,0.1594407502691897,0.30941207325682524
112,0.15860117968006016,0.308890207042888
113,0.15768776121891587,0.30819360523201644
114,0.15671616024378182,0.3083577696009712
115,0.1561990799947783,0.3084151414539776
116,0.1555576497575683,0.30853216738283795
117,0.15483944058852597,0.3086383915899364
118,0.15435278763578753,0.30853844487132337
119,0.15373448534517822,0.3088562664506049
120,0.15307755022015315,0.3089247721110035
121,0.15221018500496344,0.30879706366134707
122,0.1516376448629726,0.3083805740316599
123,0.15118690183114927,0.30846225012250084
124,0.1506544091130059,0.30835693028303235
125,0.14997666567925486,0.30883454775290664
126,0.14954438950308638,0.3089129811757667
127,0.14849994990600934,0.3086430080370957
128,0.14781869113709392,0.3082212816758309
129,0.14724275887244676,0.3080485408876901
130,0.14686008718107355,0.3082432827705105
131,0.1463143376455794,0.3084221304460894
132,0.14561300622234558,0.3079865936720753
133,0.1449142842442431,0.30758482880673954
134,0.14422407211411606,0.30785709967612
135,0.14356855565933213,0.3081661548457167
136,0.14298716270526016,0.30791307098598447
137,0.1425877750853758,0.3079151802128893
138,0.1420250494805076,0.3081028825016609
139,0.14143887834011978,0.30841620296772565
140,0.1409413668389245,0.30873291475130493
141,0.1402261484399191,0.30840027179312823
142,0.1394826942815547,0.3076627448604876
143,0.13876623537007285,0.3074282566448461
144,0.13791813147960238,0.30656413998951454
145,0.13743956882682606,0.3063175306709108
146,0.13691214618648545,0.3062768573625348
147,0.1362700954595995,0.3065162718921711
148,0.13549972658354567,0.3068899686125504
149,0.1349015590212226,0.3059982614050219
150,0.13435336326438932,0.30566655513539154
151,0.13387254521493328,0.30619010290379756
152,0.13331513339370307,0.3062273653775783
153,0.13286996617440763,0.3058784279906188
154,0.13237461967658906,0.3060001913153371
155,0.1316474411152775,0.30632269227634024
156,0.13092515612463276,0.3062029882672205
157,0.13008669300050169,0.30586031367729466
158,0.12947546924255798,0.3057947822558844
159,0.12902564134663616,0.3054750069419557
160,0.12869476907298447,0.30557472512607814
161,0.12829640473253348,0.30588900917459394
162,0.12788897483549602,0.30617032813943196
163,0.12737667802774455,0.30598450712781017
164,0.12713082472186443,0.305613741914713
165,0.12661039809159716,0.3051870895071971
166,0.12611659656709875,0.30572297130739123
167,0.12581685066808487,0.30491085308432847
168,0.12554996567592117,0.30519302359614764
169,0.12518898086276725,0.3045184041328114
170,0.12475605820566286,0.30406841534664325
171,0.12438983708978654,0.30425659259975457
172,0.12406566134138948,0.3046088476655838
173,0.12336475073575219,0.30486866060374795
174,0.12287030432503722,0.3048764322334096
175,0.12252597984211921,0.3048344290826392
176,0.12217123250689553,0.3045306801785555
177,0.12180362733891352,0.304647099238505
178,0.12138958880805018,0.3040126424647873
179,0.12080052922501663,0.30462426858350206
180,0.12044277395437898,0.3047250500596253
181,0.11998345613899832,0.30453105623322396
182,0.11927883106769278,0.30466212315312396
183,0.11883976001217651,0.3053354742889854
184,0.1181529673566692,0.30595454714716946
185,0.11778469866194059,0.3060599718332594
186,0.11725288941977055,0.3061898754545013
187,0.11700461114894253,0.3059900040721406
188,0.11637855280612888,0.30575584593486105
189,0.11592507524384514,0.305800558577103
190,0.11544330776112303,0.3054195178436604
191,0.11512501456994247,0.3062816372120664
192,0.11476060053756748,0.30669177434399775
193,0.11451794492904821,0.30692970248835405
194,0.11418295229037796,0.30671753071175933
195,0.11387966198344611,0.306664468889687
196,0.11349610279031262,0.3070504081137469
197,0.11320797201162881,0.3071761996207376
198,0.11277410348544051,0.3065814871798559
199,0.11235430747127081,0.3069763552560957
200,0.11215251545691612,0.3075602369503439
201,0.11179757622235216,0.3077007618871709
202,0.11113638430371277,0.30781163106283566
203,0.11084754735204283,0.307879201314216
204,0.11059529208825628,0.30764001233238714
205,0.11029338284146674,0.30777915169532544
206,0.11000300310003722,0.30804234815973236
207,0.10973488667540193,0.3084112823512031
208,0.10937269517761554,0.3079548526768362
209,0.10900570637075731,0.3086650715290006
210,0.10868654584741419,0.30875777418878025
211,0.10832946187887849,0.30896016493026496
212,0.10799099094971752,0.310046084172866
213,0.10765498998758598,0.31080435680851154
214,0.10743108365677463,0.31080388313803503
215,0.10695290139197298,0.31044999806238377
216,0.10659360954026767,0.3108032112130169
217,0.10623749651280823,0.3108263905885557
218,0.10597966033760675,0.3110563923035889
219,0.10553082843349117,0.31025675945090314
220,0.10515661571322989,0.31042918620819304
221,0.10480634586582956,0.31069919525081746
222,0.10438897970329052,0.31081957136217947
223,0.10407467393745104,0.3105728199089648
224,0.10371305942201216,0.3103480657063542
225,0.10335382332567192,0.3104786309984706
226,0.1028215291107715,0.31087313539145306
227,0.10261681564210637,0.310441264932799
228,0.10227721871549207,0.3105328209775541
