0,0.5669511625081161,0.56925794171482
1,0.5357638178686958,0.540254969937799
2,0.5103679661541207,0.5171112519982082
3,0.48725641064247777,0.4938133300800901
4,0.466477565117678,0.476207366588691
5,0.4498162608799995,0.4620538150749235
6,0.4353501489929446,0.4474989573259458
7,0.41951832894965735,0.43398581727850877
8,0.40816390030002786,0.4255952253834138
9,0.3966554554647863,0.4148083074534425
10,0.38494610325748996,0.40618343587665123
11,0.37674344138054744,0.3993672170669817
12,0.36701181574061104,0.3911490322801894
13,0.3581519627747981,0.3839834214381452
14,0.3500518747153251,0.3784245320234185
15,0.3415945772260154,0.3721174776864857
16,0.3340451747256738,0.3677080514310843
17,0.3284590513065461,0.36363920119573484
18,0.3210384680348145,0.35788335341889904
19,0.3158549449251845,0.35409553757431256
20,0.3102562096361223,0.3497014850777571
21,0.3053180210778931,0.34667847587430134
22,0.3017453796040384,0.34417380905287503
23,0.29770434988967415,0.3417844737268607
24,0.29382942481878116,0.33923045646439953
25,0.2909758057142787,0.33767377243348595
26,0.2865393839421286,0.33458510727844504
27,0.28290004417326126,0.33233995594328425
28,0.2791622233201722,0.3302926734948111
29,0.27520652351239966,0.32709625850560176
30,0.27204596714806045,0.32492863334707967
31,0.2688400404981534,0.3236293587297231
32,0.2662287381250316,0.32209161247284906
33,0.2643555706093536,0.32064240510171316
34,0.2618976370016354,0.3195703884155712
35,0.25943347072098816,0.3185677673138656
36,0.25630121809891343,0.3175399283977464
37,0.2546723421699124,0.3155491896817144
38,0.25284946072723613,0.31449289330814956
39,0.24993249231559528,0.313704678655603
40,0.24767999723507403,0.3130367923576048
41,0.24556233280881598,0.31198142614315494
42,0.2440121940841058,0.310877196512961
43,0.24127532821495537,0.30940864608616614
44,0.23882885014872812,0.3069026928668788
45,0.2372455781715156,0.3057684010891715
46,0.23545927254874874,0.30413089249405156
47,0.23367601226592496,0.3027426426899143
48,0.23188294778823823,0.302198885850305
49,0.22984171113860105,0.30062099462217823
50,0.22838512264531607,0.2996381074060661
51,0.22670301682308136,0.29968163634483014
52,0.22564660788723945,0.29905886940154974
53,0.22365408736184658,0.2979909198334609
54,0.22197276542690794,0.29707797390132284
55,0.22052299859002694,0.2963698215656863
56,0.21912613327411215,0.29594244354412835
57,0.21766426005944894,0.29540107532588405
58,0.21658128129999676,0.29415904293382444
59,0.21556955585818205,0.2935312563662585
60,0.21341868251356752,0.29118741230064377
61,0.2115300010252852,0.29006548626061673
62,0.21071226371839358,0.2894428834807435
63,0.20950836050820215,0.28931011749818075
64,0.20796523622251253,0.28939667798841395
65,0.20685289671118662,0.28893002484163943
66,0.20582172530558704,0.2884100288413502
67,0.20407389490771508,0.2880926213052416
68,0.20312840041367053,0.2873214786028806
69,0.2016216796009471,0.2874100028427157
70,0.20054091467458024,0.28633332485471813
71,0.19910696519666884,0.2854067123288801
72,0.19810669558022845,0.2851221052274966
73,0.19695931925249396,0.28494925460710663
74,0.19563353263319966,0.2841270868384391
75,0.19488653313307966,0.2837557781990821
76,0.19381927943117555,0.2833603232490433
77,0.19268039520263305,0.2833816332237604
78,0.19192602914643087,0.28305094766725586
79,0.19069979257748892,0.2818069694334384
80,0.18959514400071847,0.28152370680301136
81,0.1885092787487145,0.2806047599636899
82,0.1877108552075251,0.28012950584207325
83,0.18668486733754588,0.27980008372267506
84,0.18555554905353586,0.27961334095973717
85,0.1848645760489964,0.27944927766194055
86,0.1835200006585371,0.27966222726825957
87,0.18184762781586286,0.2798895783530032
88,0.18063592571852605,0.27890761013215826
89,0.17952868672363462,0.2780124150940736
90,0.17874675261889136,0.27774394330704566
91,0.17767480144652797,0.2766159655167439
92,0.1765957615130817,0.27673644145355075
93,0.17542949045825817,0.2765322826819378
94,0.17445253567175298,0.27602509118832996
95,0.17325858058554064,0.2749920305592501
96,0.17254729541240624,0.27518958250031084
97,0.1719182404648556,0.274842341844355
98,0.17119372502602553,0.2742712906050351
99,0.170571755143234,0.2739677607385181
100,0.16944425577326253,0.27364330711222395
101,0.16874448336759845,0.27372870557500345
102,0.16806743184506046,0.2734209190422434
103,0.16720938284633724,0.2733427959941919
104,0.16653579077527284,0.27278861594862697
105,0.16586858184852293,0.2726364159455307
106,0.16514838857276526,0.27289019805742676
107,0.16404837386512416,0.27255634879906104
108,0.16322165267134509,0.2726577222754193
109,0.1622319130792077,0.27172399299217403
110,0.16133002430544707,0.2722112119295879
111,0.16027569795830574,0.2717521087541185
112,0.1596108185855183,0.2712588329460054
113,0.15887227711077664,0.27101364497663205
114,0.15831292851758427,0.27130572149269244
115,0.15719946899008666,0.2712510379688868
116,0.15645280307533946,0.2715484755467013
117,0.1556001736553881,0.27173139354400894
118,0.15478612295595218,0.2714665136998288
119,0.15443817974152174,0.2717654969942753
120,0.153852610587336,0.27168062832040013
121,0.15328186332559904,0.27134561627481757
122,0.15280680379264616,0.2711562719385675
123,0.15227578738365513,0.27067901850969356
124,0.15164886070441974,0.2703134220989667
125,0.15108729110115332,0.2693967379832154
126,0.15066017265329132,0.269430382905552
127,0.14989491413034747,0.26873353938086564
128,0.14953220481152904,0.2680979741565225
129,0.1487659834578438,0.2683478793942729
130,0.14807863501818708,0.2679674161860281
131,0.14768990170912966,0.26799327726364913
132,0.14702076586030435,0.2682273746320151
133,0.1465329351983659,0.2683768206448946
134,0.14607012000810035,0.267803439355336
135,0.14519768320257595,0.26720493604417966
136,0.14475467959415425,0.2672252280844788
137,0.14428656290696718,0.2670555628457892
138,0.14378696586641843,0.2667618916053676
139,0.1432129858940033,0.26692084538844685
140,0.14271199375293642,0.26683776906683165
141,0.14188104860933495,0.2670010730060966
142,0.14113569102877474,0.26700450399961756
143,0.1406084747677648,0.266776576791053
144,0.13980664494443942,0.26669886975494594
145,0.13934515055061092,0.2663617868121166
146,0.13902564250559044,0.26628539751629715
147,0.13856325756825752,0.26662664946104847
148,0.13796027852818998,0.2662907417698522
149,0.13705170241043227,0.2655129902200753
150,0.13665250044699728,0.26578397981548735
151,0.1359332132513184,0.2667643206366065
152,0.13536299215127842,0.2665036820324254
153,0.13476040849794255,0.2659059564859071
154,0.13436727584144256,0.2657370194570784
155,0.13382187870301968,0.26598638954018394
156,0.13352241374525423,0.26567451426918437
157,0.13304658378570391,0.2662255576996238
158,0.13270176791891605,0.26659287716809554
159,0.132232348483714,0.26615578397278894
160,0.13168092292600742,0.26580031773342744
161,0.13133582171234356,0.2655107101077323
162,0.13063935780309618,0.2645673968585517
163,0.13039906770670853,0.2646342248735855
164,0.1301200960272276,0.2643010265553646
165,0.12976360279176458,0.2646234304867981
166,0.12947543394006697,0.26490996764739744
167,0.12905600480258309,0.26454327587762433
168,0.1285738923037293,0.26472838629081535
169,0.12808561734510004,0.2647055547363971
170,0.12756786758724442,0.2650205652197581
171,0.1271599377421935,0.2648842752180058
172,0.12675320352724842,0.2647277518196814
173,0.12610558875133257,0.2646623070545073
174,0.1257593042040794,0.2646538151403595
175,0.12534574151016228,0.2645605404452257
176,0.12501464686384817,0.264897750005151
177,0.12451774343809606,0.26499063298076136
178,0.12402538501616842,0.2653971461397933
179,0.12361597084428265,0.26526425647872565
180,0.1232612302424437,0.2650772898795283
181,0.12295636983038725,0.2653360982206322
182,0.12238626349292998,0.26491832292117107
183,0.1220035629124312,0.26480806286827324
184,0.12161586955367204,0.26437664241657166
185,0.1211486277565083,0.26446214040323757
186,0.120864371672633,0.2642903329815869
187,0.12019326682220441,0.2646558701890533
188,0.11965560557933926,0.26482751498427964
189,0.11924847103817805,0.2649661538654951
190,0.11866930858698667,0.26462332547959977
191,0.11846420700776432,0.2645891161811008
192,0.11795175956617493,0.26475717621284806
193,0.11728999479647206,0.2643479968753182
194,0.1169662916626555,0.2643892073945088
195,0.11673815024601594,0.26451331629385927
196,0.1162449102641782,0.264287715743651
197,0.11603040204769421,0.26445605884266365
198,0.11543490040108323,0.2638417031326264
199,0.11489418515597193,0.26387784253184376
200,0.11436935371266822,0.26387483878081985
201,0.11400848749679228,0.2632023738920291
202,0.11351320635172257,0.26289923917992336
203,0.1133373921710421,0.2629845054191745
204,0.11318651912191874,0.26276744944607616
205,0.11295601737416419,0.26241348970745243
206,0.11269929590960803,0.26281095432316887
207,0.11252476178933948,0.2629430472976579
208,0.1122972459882347,0.26311784201646604
209,0.11208741046325067,0.2627218825647343
210,0.1116603362412572,0.2628020901530528
211,0.111316395845543,0.26287717190874016
212,0.11110568121700637,0.2633952462287109
213,0.11081274629052269,0.26343948083149143
214,0.11034895379553837,0.262867109446815
215,0.11001495594799501,0.2627834646395304
216,0.10979847239807924,0.2628977027174424
217,0.10945275377686907,0.26313191380825995
218,0.1090515765959262,0.2634756345585217
219,0.10866871754892264,0.26297605072388375
220,0.10839782509754643,0.2626847923107172
221,0.10815186520816336,0.2626733523382539
222,0.10792464302890446,0.26275442579899644
223,0.10746071812236124,0.2624956798574299
224,0.10708477212532003,0.2620201813584344
225,0.10685741359232442,0.26222071410681635
226,0.10647094816272198,0.2623074336446565
227,0.10617972193076813,0.26224184936548783
228,0.10592587007903352,0.26227022290361357
229,0.1055692473016189,0.2624159497371898
230,0.10532118684121287,0.2619862409995022
231,0.10491727176521308,0.2624374502335579
232,0.10446057846307268,0.2629843625676325
233,0.10409898479667261,0.26319879922327283
234,0.10374315787794895,0.26296527254096463
235,0.10336738877533351,0.2633939365107338
236,0.10317039342363776,0.2635151386246998
237,0.10282314026107083,0.2638477748466837
238,0.10259750969752196,0.2637564588214785
239,0.10236952738171623,0.2638311289583681
240,0.10214521527208938,0.26417081641547047
241,0.10193915057585004,0.26437035932280994
242,0.10166832485497504,0.26491746135929306
243,0.10151675435475667,0.26472598832772765
244,0.10122509160425706,0.2647225227986246
245,0.10079068168271722,0.26501130432599385
246,0.10060001854978301,0.2648257097746005
247,0.10028080965262867,0.26458222040274876
248,0.09993552321544484,0.2648029116043278
249,0.09968236991566287,0.2646475782276426
250,0.09951826022779879,0.2639839429823164
251,0.09926255304783618,0.2635869941300592
252,0.09906871443036219,0.26355295226361364
253,0.09876085047504067,0.2641618667424912
254,0.09849208162628949,0.26367386868755915
255,0.09819001172348664,0.26354115028201364
256,0.09791308968593437,0.26347168692018974
257,0.0974054311155175,0.26399655076482054
258,0.0971324150811525,0.26472185894687034
259,0.09691908330240621,0.2643203082960735
260,0.096640749296899,0.2649439786887825
261,0.09634257560083434,0.264895368980666
262,0.09610274463326471,0.26494584434896723
263,0.09593395542582552,0.26494879771871727
264,0.0957328804848352,0.26467909404862644
265,0.09549279068473077,0.264781075210219
266,0.0953193944141054,0.26500443597105117
267,0.09491145278771985,0.2649826753563805
268,0.09459337601961845,0.26537850747414304
269,0.09423116139151402,0.2651730950765359
270,0.09407901733764244,0.26489806658474013
271,0.09385667073584389,0.26484056283612206
272,0.09359799790178515,0.2647002157404332
273,0.09340577566451895,0.2647086308287633
274,0.09305196077234928,0.2649363673714872
275,0.0927068267558716,0.26522875884969216
276,0.09250252074625323,0.2654428491144614
277,0.09214611303856439,0.2654246008433732
278,0.09199272032152497,0.26585469740228945
279,0.09175778667284427,0.2660505941579345
280,0.09149003916365174,0.2661354175439084
