0,0.5665451382581252,0.5765166334445332
1,0.5323106946855198,0.5481761564031732
2,0.5050114486630157,0.5267573763443436
3,0.4813077639180613,0.5070132779802797
4,0.46157253421297256,0.49211276317424074
5,0.44185589119951096,0.47877539979902495
6,0.4251224219850846,0.4650981024780719
7,0.4118762820189426,0.4541367944681419
8,0.40037777610280423,0.4478244345409513
9,0.3892052938654253,0.4402594420737046
10,0.37875946954000017,0.4339687252618824
11,0.3692780704320084,0.4277323552193684
12,0.3597050238745752,0.4212663007424747
13,0.3512974913292852,0.4157507577328365
14,0.3439802579861111,0.4113971887391279
15,0.33788917303780985,0.4073498184980442
16,0.33006950161439,0.4007161797987077
17,0.3233075494824108,0.3971552910595807
18,0.31810685266424477,0.3942790721074235
19,0.3130434810678628,0.3915121866965365
20,0.3076201311472423,0.3871638500894667
21,0.30306691684148906,0.38326910044905443
22,0.29879427168574735,0.38031628259569555
23,0.29460396842167486,0.3793684722598579
24,0.2899139970096963,0.3747634677495715
25,0.285372495259937,0.37202733760290846
26,0.2814338391298451,0.36991612055332446
27,0.2784767138649371,0.36749664160248185
28,0.27517284709439405,0.365023852563662
29,0.2723476266197496,0.36326240271685023
30,0.26909848715372703,0.3606138250456666
31,0.26612776781607866,0.3582819361524525
32,0.262060962495287,0.355936996161553
33,0.2600097606675054,0.3550078733505121
34,0.25749887764011703,0.3537062508828176
35,0.25569501840297865,0.3528904549170807
36,0.2537645723801157,0.35093007650126473
37,0.25209905355215917,0.35017739043801344
38,0.2501559393618719,0.34913094892039853
39,0.24788506485536593,0.34778392018959325
40,0.24636866817972872,0.3470476163123931
41,0.24402742002410052,0.3467230283855918
42,0.2412048502868448,0.343617123617331
43,0.23920473068266151,0.34162456100545785
44,0.23662678066105472,0.3411841995980824
45,0.23483859199354334,0.34014386103082495
46,0.23290839952261536,0.33909787176604184
47,0.23092812325029285,0.33812685535393855
48,0.22947901305896357,0.336759033001582
49,0.227566223117926,0.3359465325267869
50,0.22599532724912494,0.3356261868732718
51,0.22388841317023464,0.3337390256366788
52,0.2224137693678723,0.33308906160857316
53,0.22136616878172646,0.33260168968824727
54,0.21907066642731124,0.33145188901836076
55,0.2177579066158081,0.330792824729404
56,0.21619790265771882,0.33053893384883454
57,0.2151023949627578,0.33008081760061414
58,0.21386368975352274,0.3298611029216792
59,0.21228973783676608,0.3290716656368104
60,0.21110372311431708,0.3285054868926935
61,0.20998637517717597,0.32835310669995055
62,0.2081113309274063,0.3278481945619283
63,0.20723029088089254,0.32739086337794493
64,0.20603198165789538,0.3266063194283559
65,0.20414370226044498,0.32545474304539235
66,0.20287288817837704,0.32535914230033713
67,0.20194025588022263,0.32498114451658733
68,0.20086516204135374,0.3248416313960734
69,0.19928278393977766,0.32410718838368885
70,0.198014187494717,0.3232813636164709
71,0.19629639164209994,0.3223727549173774
72,0.19535601133518135,0.3217729555633448
73,0.19326487617478835,0.32255200501216913
74,0.19164059715086942,0.3222374359770958
75,0.1910433868359777,0.3221847401726565
76,0.18991133897801893,0.32153394617243874
77,0.18815415767249277,0.32259789708716924
78,0.18698879898492704,0.3222360135561971
79,0.18583918850117775,0.3218012322517262
80,0.18513455518528538,0.32089608999352087
81,0.18362178867564868,0.32154714003068424
82,0.182410666153278,0.321444116872222
83,0.18165276252840623,0.3212385638020452
84,0.18069394230717706,0.3205481246372735
85,0.17960063613736588,0.3193941831694178
86,0.17886732824607898,0.31921897585343756
87,0.1780444328903991,0.3194661229449327
88,0.1770958589101527,0.31920109394763885
89,0.17636236376463274,0.3186481727006019
90,0.17554209117555858,0.3187500264184862
91,0.17458033272781465,0.3182328107393168
92,0.17354041682928614,0.31791126536429226
93,0.17259510317139712,0.3182392684847316
94,0.17196582342531075,0.31865282548783863
95,0.1705531053986749,0.31928452275797
96,0.1692287004142278,0.31778286746957424
97,0.16862177209945284,0.3173399501084327
98,0.16790096508524063,0.31660443247326436
99,0.1669230107367196,0.3166974367802295
100,0.16599806836732925,0.3164931963024015
101,0.1654894828314421,0.3162545351650984
102,0.16497086140407868,0.3158790484836553
103,0.1641355227383683,0.31500121301397044
104,0.1633909827150055,0.31467603878908845
105,0.16276798202458012,0.31458417991085613
106,0.16214099320205383,0.3145301488247564
107,0.16150887005795686,0.3143368609279187
108,0.16082549965213072,0.3138327303161251
109,0.16016792660213217,0.3141126455799256
110,0.15962354955558306,0.31344772556744877
111,0.15853166960141415,0.3135713095713847
112,0.15780613153848194,0.3133892528412174
113,0.15684390450099972,0.31411581796750265
114,0.15615747811503777,0.31347529469760804
115,0.15552404211809326,0.3129078378390369
116,0.15473309586173595,0.3131670417493466
117,0.15359001296790012,0.31273846360443247
118,0.1530805796085086,0.3127237490980397
119,0.1524002016038637,0.31262793262186717
120,0.15161595858220933,0.3126208946879217
121,0.1507839454775748,0.3125799770269066
122,0.15025048411306968,0.31252665422873455
123,0.14978986679701686,0.31200174288454263
124,0.14876408752953382,0.3116244563799122
125,0.14831056325883274,0.3115027681015739
126,0.1473885514567714,0.3111989908412843
127,0.14684986877731557,0.3103674997514541
128,0.14649113669965128,0.3105063404614622
129,0.14591843521816603,0.31074503379783297
130,0.14538844590712924,0.31023656303162916
131,0.1445720519394451,0.31001553781767116
132,0.14405944478749647,0.31057802596394907
133,0.14340833954174032,0.31005030017981516
134,0.14269013265423017,0.30976061632277774
135,0.14195897320264855,0.3101499490254922
136,0.14137676358991932,0.31064653102920764
137,0.1409043149549911,0.3109863486479461
138,0.14015223032850166,0.3115566580784308
139,0.13985929418134826,0.3116449563187855
140,0.13923100212470726,0.31207166308959783
141,0.13889866940277532,0.3123303740622907
142,0.13812202207851892,0.31262759471107776
143,0.1373932433169731,0.3128294028959569
144,0.13677067380108962,0.3130688096640323
145,0.13625989603807237,0.31304014143057707
146,0.13568361765486037,0.3132988678648894
147,0.13528485560165507,0.3131310847895858
148,0.13486197735562222,0.31317722414321497
149,0.1343111835653367,0.31308150758953857
150,0.13404800698680558,0.3126462580513139
151,0.1333377427904401,0.31297151552367114
152,0.1329661747577723,0.3131358966431576
153,0.13269219121390174,0.3127840786024118
154,0.13223387672976844,0.3124249147604078
155,0.13190045521993754,0.31243707196391163
156,0.13157291763158238,0.3121898771294179
157,0.1313127032853478,0.3124810918526772
158,0.1309921286925248,0.3127652183533466
159,0.13025859987669883,0.3128667778268229
160,0.12969235411995705,0.31298512334451206
161,0.12943158832558843,0.3134494071230736
162,0.1289431623140753,0.31343568408042805
163,0.12822014615016009,0.3131927947187519
164,0.12774190556616777,0.31319207676604033
165,0.1271342385908277,0.31331725535618815
166,0.1263348497238162,0.3137911364424358
167,0.12595050759422255,0.3132461428930363
168,0.12549906501862532,0.3124800473008843
169,0.12499299985222492,0.3125625195939144
170,0.12474109176822702,0.31222720102193396
171,0.1244256653800005,0.31200808365706745
172,0.1241639744016745,0.3115952970183065
173,0.12380273345871042,0.3118296895221721
174,0.12325291892815209,0.31227189845122516
175,0.12278029244325002,0.3122496767836145
176,0.1224534318463584,0.3124254353901893
177,0.1221798027474801,0.3127877778446953
178,0.12177114573009344,0.31281694069355837
179,0.12146816964985455,0.3124425118187232
180,0.12108276247148993,0.31291309023766606
181,0.12043880528132893,0.3131403130875223
182,0.11993835788816959,0.312858925288397
183,0.1195133738332771,0.3127777177250649
184,0.11894590356233403,0.3120226285772032
