0,0.6496207639667513,0.6533531337142414
1,0.6134525765134112,0.6202331451378015
2,0.5846108908663028,0.5928016475661897
3,0.5608747014639424,0.5720816693967734
4,0.5433117390670639,0.5564255796429617
5,0.5291343392022111,0.5430522070508048
6,0.5176862017049191,0.5319714282994071
7,0.5074426371124089,0.523227973812383
8,0.4953991318344034,0.5137346424838976
9,0.4881525135880994,0.5091772712571457
10,0.4803355576043571,0.5024777281640177
11,0.4744130371668986,0.49666880268226166
12,0.46848016344556626,0.4914760405605813
13,0.46356672898530665,0.48765094340610854
14,0.4581484149097064,0.48390130146868277
15,0.453110643136374,0.47930186037977246
16,0.4502127830957638,0.4759871899850987
17,0.44552931129962003,0.47263515099117637
18,0.44155477934642084,0.4692925326396229
19,0.43816798162395204,0.46677787467263376
20,0.4343622099244627,0.46366273029431604
21,0.43023846834076523,0.4614109518134135
22,0.42737975459789146,0.4599938213249912
23,0.4244023916337695,0.4572478954750794
24,0.421623662121544,0.45595814466280515
25,0.4191229564619029,0.45374144810188266
26,0.41698907081501224,0.4517692272744204
27,0.41483111511559767,0.45004401633123947
28,0.41294314197017384,0.4481881423411507
29,0.4107410879030931,0.4467824857414879
30,0.4089062035690622,0.44512155852042656
31,0.40578595333694967,0.4429515148170509
32,0.40369634857197273,0.4414657575036991
33,0.4019557708341962,0.4409943480510996
34,0.40037870189156044,0.4393975262534444
35,0.3987312145607034,0.43866883907930065
36,0.39700598534828446,0.43690939145605595
37,0.39451967236019997,0.435344409869153
38,0.3925770585290368,0.43373141465593396
39,0.390869805615683,0.43204543847670046
40,0.3892516495832474,0.4309761469931046
41,0.3876811487002144,0.42944007564999054
42,0.38632050653545386,0.42844163663275764
43,0.384843984896769,0.4271426279271895
44,0.3839097463088501,0.4263894904714954
45,0.382354899104902,0.42423268392534713
46,0.38092247426125025,0.4241117646817842
47,0.37899759227536234,0.42373719298510687
48,0.3775278034564251,0.4224137407416914
49,0.37648879756458586,0.4214903465712806
50,0.3751520102125319,0.42065044028949244
51,0.3738242665147083,0.41910524631518586
52,0.37254334822656027,0.4175883848030272
53,0.3712046602345413,0.4157984879481547
54,0.3699668959941348,0.4148986533892033
55,0.368633806009816,0.41415846730649364
56,0.36750500011464815,0.41376146580502365
57,0.3661736381802868,0.4118667617421156
58,0.3651276366428551,0.4113421051539737
59,0.36361543728010454,0.4111464905863951
60,0.36222983023458416,0.40946495426319607
61,0.3615458159565718,0.4088809010302466
62,0.36050445932607245,0.4079508387199462
63,0.35911018161419045,0.4072613344711848
64,0.3575183400444396,0.40665067298098506
65,0.35614973554206836,0.40585539481513605
66,0.35490524481685043,0.40445391195282715
67,0.35386219820891596,0.4042586025561232
68,0.352865942001994,0.4036650150058657
69,0.35185867077679084,0.4031508106710004
70,0.3509122305319568,0.4027694233568295
71,0.3499604182279462,0.40289197317934466
72,0.34852348911886566,0.401330933493093
73,0.3474702603702424,0.4003540245966984
74,0.34633633215743553,0.3992712652868429
75,0.3454722671080145,0.39877967969715444
76,0.34419950280409756,0.39778757832206885
77,0.3429934188801271,0.39718126306831597
78,0.34205022716243955,0.3962605134537381
79,0.3410527924464718,0.3957633905623745
80,0.33970468235809215,0.39505282985446094
81,0.3387335033993405,0.394222798288279
82,0.3375490464368173,0.39400010534362717
83,0.33625590890786594,0.3930972335994529
84,0.3350092071900156,0.39238641191705986
85,0.33332923816589616,0.3915004283347911
86,0.33237008914362565,0.3909872359010358
87,0.3314138548062462,0.3899162893053673
88,0.32999870614390353,0.38907727712471185
89,0.32863148503691914,0.3876460729590668
90,0.32711616630645374,0.3868951216110123
91,0.32585662316233993,0.38669478788416545
92,0.32449244499680185,0.3856695306757151
93,0.32317720508276454,0.3850405680320799
94,0.32190865463259677,0.3835529956037057
95,0.32085590949270487,0.3830979763420799
96,0.3191652052642869,0.3819880715174422
97,0.3178394159053732,0.3818153305060215
98,0.31667117986514487,0.3816800536998107
99,0.31560301326117207,0.38108955993576915
100,0.31448224682739245,0.3803176182042643
101,0.3136069919605956,0.37984272336558345
102,0.31250991657476196,0.37904494846026054
103,0.311757917902385,0.37866318536065
104,0.3107930256203206,0.3777852963030689
105,0.30927680971192045,0.3768329703078891
106,0.30822090619931247,0.3766290644985765
107,0.30705460363562836,0.37617353082394206
108,0.30583075979210644,0.37625387857107945
109,0.30464369279517706,0.37560082377984966
110,0.3036030636406993,0.3752508101771491
111,0.3024263512634568,0.37472163427482735
112,0.30147982289196396,0.37444445213369665
113,0.30038357305340235,0.37406192052790826
114,0.2993483861992961,0.37366969622887775
115,0.2983707595151265,0.3728011179122119
116,0.2974075592031158,0.3723899590917864
117,0.2963802301250204,0.3714761705638432
118,0.29534172694662947,0.37077831016927587
119,0.2944049359807342,0.37026008673727234
120,0.2935540335743635,0.36945710431140383
121,0.2927466331136295,0.368933627410266
122,0.29165091093417755,0.3680969214445284
123,0.2907230506908044,0.3679997631579894
124,0.289547557446496,0.3674425344506514
125,0.2883956265624919,0.36709401716053675
126,0.28749343375059044,0.36693546609814154
127,0.28642686330816247,0.3661794974372188
128,0.28589104316149927,0.36625412841666605
129,0.28528657532268165,0.36591612269455615
130,0.28432176626066075,0.3655324129148303
131,0.2828579898151195,0.3649621448556696
132,0.2818625373328727,0.363978332023562
133,0.28093215181539216,0.36310661310973485
134,0.27982458813975813,0.3621408751644248
135,0.278808142222984,0.3620481762668163
136,0.2778712123917355,0.3611759069403561
137,0.2769978545108444,0.3612030641783726
138,0.27618662565428537,0.3603215907666037
139,0.2754669068249367,0.3597643127795567
140,0.27450405643859277,0.3590764894955667
141,0.27368419006122735,0.35884629219660924
142,0.272804160425007,0.35849583078162517
143,0.27207985726100264,0.3576961674854171
144,0.27136107433706647,0.3575987069433806
145,0.27027411168699733,0.35704370602083324
146,0.2695547131974614,0.35642402564503134
147,0.2689701905906541,0.35644368816328853
148,0.26833437895113227,0.35588503598086757
149,0.2675283378430001,0.3558845370636411
150,0.2667806413971019,0.35532708302540444
151,0.2658770024232513,0.35521961946113845
152,0.2650123436215766,0.3543354039130651
153,0.26443074848794274,0.3540637882301841
154,0.2633566489609234,0.3535716078815376
155,0.2625297182564526,0.3537169385194659
156,0.2619687989594654,0.3538675451061169
157,0.2610059114645307,0.3531771992729542
158,0.2601062129689915,0.35253307819272767
159,0.2595453866405229,0.35220568481841014
160,0.25910049035630867,0.3519791269283444
161,0.25814484393763903,0.35154939771462873
162,0.2573250337772817,0.3513009574213075
163,0.2568643674095304,0.35133186897843
164,0.2562774272993122,0.3512583060125436
165,0.25530512296616187,0.35112964913398
166,0.2544033761733603,0.35105150839820043
167,0.2535582785907442,0.35075175288832183
168,0.25289079279395765,0.35060372946807283
169,0.2523233269824412,0.3502564964939876
170,0.25178067332680837,0.350356195122734
171,0.25121473838666075,0.3500457482306296
172,0.2505033276669879,0.3494559632032619
173,0.24978298275204902,0.34909326899215737
174,0.24895900412598407,0.3488878073399891
175,0.24834848214926067,0.3491961272224777
176,0.24762702348445703,0.34881700535549154
177,0.24696794169836314,0.348822544649321
178,0.2462748622728513,0.3485039583844839
179,0.24565782179111934,0.3482691710052353
180,0.24483041344467216,0.34750764980892374
181,0.2439967853731543,0.34705802368749683
182,0.24311402663014975,0.346502103792006
183,0.24275248248878473,0.34616311433506886
184,0.24224648254997297,0.34599309628320485
185,0.24174176234412437,0.34541823907400054
186,0.2407518972145259,0.3445702356041073
187,0.24015756955854586,0.3443535558736747
188,0.23945576872427765,0.3440448538386668
189,0.23896879341285876,0.3442514326784251
190,0.2383713580932545,0.34444133483474537
191,0.23794049236979886,0.3441116288933626
192,0.23698156950882004,0.3436121561503441
193,0.23642539107713684,0.3432746823342543
194,0.2357885101192608,0.34282925472158127
195,0.23524942854430914,0.34263854310919756
196,0.23463323646483364,0.3420437338722013
197,0.23409307471295873,0.34170089917290974
198,0.2335162892760045,0.34142325604352247
199,0.23297759727372525,0.34128039917309116
200,0.2326128586501379,0.34095516731371645
201,0.23198150528670244,0.34075898302130697
202,0.2315966451814875,0.3407121600625806
203,0.23112622150600415,0.34065959737757284
204,0.23059442590691773,0.34039152517312876
205,0.22992768692028917,0.33993383743003486
206,0.2293703419075197,0.339556901657725
207,0.2288134693858906,0.3393693300701084
208,0.2282793566784404,0.3390156175313085
209,0.22760763107575818,0.3385818790271213
210,0.2270729127676516,0.33834710021610626
211,0.22643732298780736,0.33775125721238614
212,0.22587087359496788,0.33754475240273335
213,0.22529715272224005,0.3373620217229692
214,0.2248029134203667,0.33743115427855497
215,0.22428001244169682,0.33784967312205477
216,0.2237400103379841,0.3374321899842241
217,0.22289606671468595,0.337296161345436
218,0.22243413976309226,0.3372136185982594
219,0.22193112829341644,0.33680615519871815
220,0.2216283487424769,0.33636912563301224
221,0.22113432453425846,0.3364858156414941
222,0.22059809844103706,0.33603195175698264
223,0.21993235060457175,0.3355319404146426
224,0.219445593697663,0.3354048021293513
225,0.21904174104492038,0.3353047929505268
226,0.21858502128597432,0.3348261271093902
227,0.21824506392805607,0.3345712413633717
228,0.2177049980078171,0.3351137208630658
229,0.21728825216420478,0.33500048411532246
230,0.21674200653315687,0.33466751821162516
231,0.21623594491845002,0.33457466010551606
232,0.21576882153471943,0.3346517510501282
233,0.2149273987877064,0.3343955394890903
234,0.2144080107163907,0.3346742961105535
235,0.21385620680374243,0.3344347699493264
236,0.2132316814667423,0.33460568147860503
237,0.21293255348724777,0.3346850969225586
238,0.21253346408196283,0.33454811357840886
239,0.21189622753809723,0.3337687438199722
240,0.2110268511000659,0.3337025358189444
241,0.21071619157886828,0.3336739179479038
242,0.21025940022487513,0.3339222608484192
243,0.20975762862746372,0.3340417348162805
244,0.2092026712838676,0.3340432719997093
245,0.20876608303486044,0.3339988565455971
246,0.20819651507542392,0.33373495234054407
247,0.20765951429943544,0.33356099782059995
248,0.20714658611022288,0.33319031888839057
249,0.20668602476661055,0.3333161242021677
250,0.20624330302439992,0.3331987576498206
251,0.2058577900259821,0.3329099236443211
252,0.2053474907108578,0.33256098862362027
253,0.20477223723501464,0.3322435948813381
254,0.20432617138263634,0.33212027811881717
255,0.2037161360017221,0.3320549730401172
256,0.20340586841099015,0.3319352464822263
257,0.2030282604783544,0.33191523687981206
258,0.20253281719540436,0.3321804220643991
259,0.20202973975562002,0.3315320351911546
260,0.20161260514970392,0.3312892434268626
261,0.20124931362331994,0.33128042067092306
262,0.2008026588540723,0.3308967879448973
263,0.20048461169159854,0.3308162355581034
264,0.20017492377412233,0.3308982690672859
265,0.1997022215685841,0.3308938012699303
266,0.1992420349309421,0.3305259754980325
267,0.19890111755798953,0.33084875305215217
268,0.1984569404282551,0.3307194580554714
269,0.1980251651784571,0.33039391327350265
270,0.19765276779118404,0.33034861099584056
271,0.19721860211501688,0.33044637057581716
272,0.19658334590013593,0.3303188426106563
273,0.19629640227148085,0.32941454883848387
274,0.19573032508088728,0.3296854935068824
275,0.19531183732663812,0.32980981769932466
276,0.19480520659358766,0.32972100991758946
277,0.19439921224397763,0.3295708284024398
278,0.1939774296274915,0.32949278138408705
279,0.19324994594624684,0.3292274498986504
280,0.1930163282774313,0.3291313149024042
281,0.1925989828720737,0.3291646023175965
282,0.19218022847395028,0.32949964801451154
283,0.1918954769926951,0.32952700353323294
284,0.19161572614242975,0.32955933427656336
285,0.19130330632697687,0.32954017980661965
286,0.19089445482540773,0.3294396439699056
287,0.19058286651334352,0.3296582739025002
288,0.18996957325597896,0.32937825340601906
289,0.1894774717221655,0.32901121425932733
290,0.18912213072846804,0.32933884110853334
291,0.18858629223195175,0.3289362807264992
292,0.1882232625323281,0.3289812952088865
293,0.18789980951895527,0.3284570544391752
294,0.18749784711384807,0.32840810025149547
295,0.1871772687729547,0.3283351914037604
296,0.18673969159906012,0.3281877032667355
297,0.18641743463144236,0.32831706117235426
298,0.18606086831464938,0.32839144941321896
299,0.18564508108712172,0.3283383303265829
300,0.18530665712649855,0.32807454388533264
301,0.18486742309667217,0.3280098175504332
302,0.18459639086385507,0.32813955048732135
303,0.18417502774782746,0.3278494571705965
304,0.18369354556405074,0.32768312829989016
305,0.1833313752270112,0.32760839486774485
306,0.1828742432448507,0.32796602126231117
307,0.18253050798743126,0.32720240971223846
308,0.1822374639999115,0.3271712905680586
309,0.18195427087861105,0.32710805110490626
310,0.18170131311867768,0.3270552050207585
311,0.18131877905068222,0.3265445313241747
312,0.18104792587405433,0.32665586399842045
313,0.18072741464435357,0.32669876175488993
314,0.18037455816303852,0.325904749764253
315,0.18017298207038504,0.326095167048327
316,0.1799285625102267,0.3261749368532202
317,0.17957174198423068,0.32628066976103254
318,0.17923534669394614,0.3267412380809271
319,0.1788718065102165,0.3266798461835257
320,0.17864170131188692,0.32647675291864825
321,0.17816579448919986,0.3258396851084548
322,0.17777063763627113,0.3258611250839403
323,0.1773945723345995,0.3256900399972188
324,0.17708842143571818,0.32523779476059617
325,0.17684990799908815,0.325216701778213
326,0.17657570445251902,0.32532030047219956
327,0.17617017788725098,0.32502406375681475
328,0.1759055295844868,0.32518676406464736
329,0.175584859889799,0.32490697837980254
330,0.1753140855437181,0.32489141926304804
331,0.17503179029566435,0.32457758299192313
332,0.17470178588936192,0.3247609266664442
333,0.17438210263711393,0.32470452542664313
334,0.17403802290181383,0.32497850553843555
335,0.17376967139777072,0.3246705525639591
336,0.1735104632195939,0.32458008519065223
337,0.17319080678166543,0.323953195799494
338,0.17299492390577037,0.3238838428894646
339,0.1726364868794581,0.3239077001245046
340,0.17233158913234017,0.3237177390524084
341,0.17204946090717277,0.32359980310414643
342,0.1717794822884651,0.323449201370398
343,0.17120407132266738,0.32319220671467186
344,0.1710626196503817,0.32304082146588686
345,0.17071710099372017,0.3231037425015862
346,0.1703394236126815,0.3230294853655476
347,0.17007246254109584,0.32293723388845924
348,0.16977980373524867,0.3227226768715679
349,0.1695210821112525,0.32263740132744073
350,0.16902549921826124,0.322323325935411
351,0.16858502059827113,0.3222031462906792
352,0.1683691367247959,0.32183975177038576
353,0.1680648261378236,0.32145114325497975
354,0.16761120147901343,0.321619798846931
355,0.16735933325317026,0.32121043146434447
356,0.16702171729802198,0.3213806811897027
357,0.16669592905723934,0.3214128410968114
358,0.16648333767063125,0.32136485883155996
359,0.1661916615819336,0.3211948534618988
360,0.16591204066030257,0.32095997654950864
361,0.1656299573125335,0.32082967660408135
362,0.1652749885869938,0.3204376591173581
363,0.16501488550379964,0.3203005648840497
364,0.1646975672780461,0.320232048938568
365,0.16437098741076234,0.3200664683535793
366,0.16411699663439724,0.3201652639034603
367,0.1638890153806826,0.32021380964605334
368,0.16366216257725189,0.3198966222415977
369,0.16333980285517477,0.3198592515882591
370,0.1630725669048991,0.3196768090374846
371,0.1627746933744168,0.31971496756285145
372,0.16240298147825558,0.31971953421537164
373,0.16216440170333585,0.3197565614722034
374,0.16188813212390332,0.3199273998626023
375,0.16127875698709535,0.3197892563265185
376,0.16106383603594426,0.3198313510152823
377,0.1607885508813558,0.31980980568815603
378,0.16058138925105755,0.31990691964809287
379,0.1603459224136334,0.32034534908660245
380,0.16009717192366693,0.3206507044743888
381,0.15974720407426282,0.32039585527662395
382,0.1594335523214046,0.3203579000707438
383,0.15918382250285043,0.32032556682946683
384,0.15879081686214444,0.3200765860628473
385,0.15854445209082374,0.3197776067116211
386,0.15829711450624176,0.3199078535320274
387,0.1579935654872015,0.31991742680876767
388,0.15785011665413154,0.3197935830017599
389,0.15764443482162938,0.3197931846549019
390,0.15741202494706324,0.3198342485988419
391,0.15711894900676096,0.31972007954028614
392,0.15696365157845804,0.31970648495260084
393,0.15667026689604965,0.3198531878771378
394,0.15636506161960326,0.3199175191224696
395,0.1562172051464576,0.31990666360676956
396,0.15597611765911687,0.31989863171703187
397,0.15574539262225084,0.3198526908379998
398,0.15544255342688815,0.3198192871494972
399,0.15524974432344882,0.31970272220240065
400,0.1550378734886513,0.31954474135268107
401,0.15472498687082703,0.31975177482341455
402,0.15441885364186625,0.31989419044288775
403,0.15411892975489733,0.31983026590729735
404,0.15393100561343295,0.31973444614475066
405,0.15368787957730498,0.3196429007891995
406,0.15337693129083582,0.3198459288047504
407,0.15303654534321787,0.3200749913952697
408,0.15267547273831242,0.3204533062096288
409,0.15240035705714272,0.320097674353599
410,0.15220710058676448,0.32011508174761766
411,0.1518159201024098,0.3200164154029672
412,0.1516075913073009,0.3198906691139736
413,0.15123830762880744,0.3198766877004606
414,0.15093905451888626,0.31992344699287745
415,0.1506492061647331,0.3196925700921155
416,0.15037065806287764,0.31978074951277463
417,0.15010849182843897,0.31948708772854306
418,0.14974636933552382,0.319390614610496
419,0.14955266146671545,0.3195060387271377
420,0.1493805114338038,0.3194862757429283
421,0.149160230838952,0.31916673214713487
422,0.14896636912592268,0.3190568965945277
423,0.14868484646995903,0.31871751032128515
424,0.1484394731291003,0.3187152968268102
425,0.14824327366458503,0.3185185701205845
426,0.14812586172538209,0.3183141074280404
427,0.14798819635785895,0.3181065710853549
428,0.14774948306638874,0.31835852218784
429,0.1475684380541302,0.3182806855976444
430,0.14734294048855315,0.3183789300172305
431,0.1471709519872631,0.3183646973344045
432,0.14700850322176542,0.3183732416664764
433,0.14670230368504253,0.3182669339418456
434,0.14653940489948136,0.31845535459370433
435,0.14630319728711003,0.31823111492754075
436,0.14609303672319018,0.31816037535525865
437,0.1459286847857882,0.3179322790172362
438,0.14564395230702884,0.3181699564603824
439,0.14539472982638937,0.3181184332051621
440,0.1451132518433817,0.318067988948273
441,0.1448201902288419,0.31801355498714323
442,0.14439213374707785,0.31833785584129676
443,0.14403478741952938,0.318420187475519
444,0.14393373153435848,0.318459678797709
445,0.14363691968663414,0.31820150190867974
446,0.14340073517624308,0.31840382737679357
447,0.14316324877726372,0.3185550781469935
448,0.1430323302212974,0.31853559307100116
449,0.1428183596974379,0.3187197043424967
450,0.14253288369162342,0.3194125649919555
451,0.1423692903461766,0.319244273610132
452,0.14218497844304226,0.3191357025971054
453,0.14188763174649974,0.3192241547539595
454,0.141571582781823,0.3189764925368538
455,0.14126141377576001,0.3187888770652606
456,0.14104710094795384,0.31902464497862554
457,0.14080882491694213,0.31904235680675314
458,0.1406272147234732,0.31924894010769445
459,0.1404266489680319,0.3190876909701948
460,0.1402301661779367,0.3191608544498525
461,0.13997261265123012,0.3192224718049721
462,0.13980600401122695,0.3195223445901502
463,0.13953211742793475,0.3193454871277426
464,0.13939833202657642,0.31929171276860907
465,0.13913111800158146,0.31931099098712606
466,0.13896840133155905,0.3192027094162154
467,0.13872874763232027,0.3190695026187019
468,0.13847146844405792,0.3190103858657183
469,0.13823742006896358,0.3189413704397455
470,0.13802880255599337,0.3189966815353237
471,0.1379485045905915,0.3189840287821791
472,0.13769000449694502,0.31867931961020013
473,0.1375736526521406,0.3186917417205009
474,0.13741955642135378,0.3185950339006169
475,0.13718704537097443,0.31859243906996476
476,0.13690935895087436,0.31875641874124166
477,0.13674451725112022,0.3188536033247637
478,0.13646966474177466,0.3189858413801386
479,0.13629108257748987,0.3188096336621031
480,0.13602129419928363,0.3185321230181697
481,0.13584471704229722,0.3186221670784906
482,0.13558319443200817,0.3187575150514981
483,0.13525755649054647,0.318705151070985
484,0.1350839031591497,0.31845447774540436
485,0.1349565405856521,0.31870006566420184
486,0.13476272376759757,0.31876885946708317
487,0.13463520469952966,0.3187247815017455
