0,0.6536879714625569,0.6536576783762302
1,0.6197784827591498,0.620861060095153
2,0.5918236891418762,0.5934246632706474
3,0.5677048758741701,0.5711391445732514
4,0.5488308784400437,0.5526546816695197
5,0.5329351293069717,0.5375395094355965
6,0.5197471048389678,0.5258623906283839
7,0.5091038156242503,0.5162554174341611
8,0.4967570863765909,0.5043320672593603
9,0.488940683027222,0.49755599414097645
10,0.4808481427888761,0.48968878352396333
11,0.4753477632895811,0.4858684609676001
12,0.4696049447765059,0.4801506848631477
13,0.46517569241850554,0.4755398736854477
14,0.45934321717822824,0.4710010212585911
15,0.45517615390410043,0.4683776667495364
16,0.45067770889402176,0.464895799325766
17,0.44608490386256694,0.46063246511598943
18,0.44233589229200093,0.45694443140099444
19,0.4388914101763816,0.4542504982089147
20,0.4349769078748292,0.4519571944903526
21,0.43255659675136343,0.44918000795883894
22,0.4299558110559197,0.4473610561954959
23,0.4264284099154091,0.44436857610202585
24,0.42367727514647774,0.44221311693575444
25,0.421196090426136,0.44025141397077056
26,0.4186303231218538,0.4385366057373746
27,0.41646949331333244,0.43728937649563737
28,0.41382600779654166,0.43548267095754395
29,0.4113573929845828,0.4333758838242155
30,0.40943514119980795,0.4316952561755335
31,0.40780248652994705,0.4306194517978364
32,0.40567685239644213,0.42956084546753187
33,0.4038307791553125,0.42802272178866935
34,0.40182236480467187,0.42632867419612547
35,0.39948430634259824,0.42453971346219793
36,0.3975883649168608,0.4240025770004858
37,0.39606612475428415,0.4230759843788442
38,0.39377808750697035,0.4211718165710349
39,0.39189142916977837,0.4198219718988561
40,0.38997771238863305,0.418791936038752
41,0.3886374492139949,0.41678589097072066
42,0.387024187297184,0.4157303329372827
43,0.38525990400623383,0.4144812941077328
44,0.3844615641934184,0.41390252800985927
45,0.38229263471201275,0.4124004209742653
46,0.38029000862992546,0.4110973376514067
47,0.37924244048165007,0.41060803542940244
48,0.37821827677541314,0.4095587196489694
49,0.37720388575170954,0.40896010450032877
50,0.3755165427915802,0.40849287529159317
51,0.3739435850338039,0.4069537556389962
52,0.3724836016858752,0.40649853163096594
53,0.3714567506715918,0.4058860407983059
54,0.36993413641660305,0.4054818322513293
55,0.36873399108455884,0.40496463320141846
56,0.3673183107852699,0.40409085045235277
57,0.365689898122991,0.40336830526632866
58,0.36422168377621283,0.40279268555611825
59,0.3628003822571591,0.40171963206295835
60,0.36149926325442744,0.4008957767379227
61,0.360179860728578,0.3995576568354684
62,0.35915685585312135,0.3989468037133577
63,0.3577251039965294,0.3984589204675783
64,0.356674005275836,0.3976458718585437
65,0.35491497749529793,0.39633021943546387
66,0.35331893536147274,0.3952675770703677
67,0.3521265435417148,0.39471981024262126
68,0.3510667858050957,0.394284779692294
69,0.3498781067704278,0.39370493901477965
70,0.3485449830355525,0.3927896416906349
71,0.34720355678402465,0.39148375876207114
72,0.345831740855697,0.3909935193036446
73,0.3449600721566737,0.3906291079632283
74,0.34358924392149176,0.38938258643213886
75,0.3427953860612167,0.38975474280521877
76,0.34171168697636684,0.3891208803530632
77,0.34050634974229416,0.38836654740563803
78,0.33876828241539203,0.38726235571452944
79,0.3375529583875642,0.38646450353575773
80,0.33648185615677795,0.38591604484603736
81,0.3350549303078462,0.3844257811651901
82,0.3335097770289656,0.38362163218701645
83,0.3324947373385106,0.3832705042919781
84,0.3310236272912982,0.38226875486930206
85,0.33007113652376435,0.38156235173400105
86,0.32921296286877494,0.3807981164056556
87,0.3280698405673553,0.38056955391531355
88,0.32699707419102025,0.38031536117498516
89,0.3255075506730917,0.3796413698722863
90,0.32441863508468116,0.3793723255447112
91,0.323120802866634,0.3791911519939335
92,0.3216695867761922,0.3780547851924711
93,0.3206463147418239,0.3775139127100133
94,0.31954183665744595,0.3769253720615425
95,0.31845659667892906,0.37645922606349586
96,0.3171502338680257,0.37550717206033
97,0.3157317410319163,0.37559316276706245
98,0.31459338201784837,0.37497539830934995
99,0.31348053904618906,0.3741918293728734
100,0.3117410459839916,0.3734787812194579
101,0.31073566270297887,0.3725683791152937
102,0.30988727553454115,0.37114626155262004
103,0.3087798406353564,0.3696861545566483
104,0.30716164866362905,0.36881389589861685
105,0.30627250247885873,0.36900804806456855
106,0.3053203142924095,0.36843725379677666
107,0.30414192223477843,0.3680730559583746
108,0.3029345054191456,0.36722230806963696
109,0.3020652231492282,0.3666910909107363
110,0.30109713844139047,0.3666030864447568
111,0.30008110103179125,0.36594300974759414
112,0.299042111149357,0.36523482508990385
113,0.2982948358361023,0.3650914550067768
114,0.29757073669904127,0.36453863848591045
115,0.296554411826912,0.3639509776029081
116,0.29533322593130157,0.36371877969288435
117,0.2943228489684872,0.36310257717135686
118,0.29316927033132173,0.3626596755903734
119,0.2921660429360273,0.36220792641191113
120,0.29119119924630277,0.3618670006962035
121,0.2903338585447623,0.36177251009765937
122,0.2894950460449235,0.36127161168535354
123,0.2882129316906687,0.3605339132878203
124,0.28715583749405943,0.3602349629507077
125,0.2858326179221705,0.3591671059039767
126,0.2848155718765781,0.35851352828065036
127,0.2840222766128447,0.35805699974114685
128,0.28313103889727786,0.35773041713255915
129,0.2822992179329087,0.3576614841875187
130,0.28152556602963597,0.35677951823627624
131,0.28038397376238927,0.35608972292756413
132,0.27930388129971917,0.35529399850884213
133,0.2785384210461655,0.3547788744290931
134,0.27778930442099214,0.35402696183466464
135,0.2769893663864826,0.3533699775119227
136,0.2762992709009234,0.35322959720677016
137,0.27517018392534065,0.3518092223157958
138,0.27453326007250906,0.3515235761061158
139,0.27380445230172207,0.3512007539175881
140,0.2731518754293864,0.3511521827964708
141,0.2725111673643194,0.3510125976082544
142,0.2719783188355659,0.35090724333950174
143,0.27077662075497627,0.35010427906197067
144,0.26995926228984873,0.3495426317706702
145,0.2690904252018353,0.34903955767633194
146,0.26843893205964864,0.3485706365911598
147,0.2671775939925924,0.3481449863653582
148,0.2662952822011666,0.34793262968245026
149,0.265685128475911,0.3475635996494333
150,0.26469457178090533,0.34704654368846277
151,0.263991135850397,0.34687119342621003
152,0.26301849892199675,0.34664121562939515
153,0.262123641584125,0.34669903009974123
154,0.2613044770044578,0.346303209364147
155,0.26067388716456996,0.3457866649088179
156,0.2600335698794025,0.34582932563683294
157,0.2594001094706825,0.34553032373520487
158,0.258813209895545,0.34554127962748205
159,0.25822551753663353,0.3450818256668314
160,0.2576704821372435,0.3446990403687387
161,0.2569786658672917,0.3442751519461359
162,0.2563210834332989,0.34450097501837157
163,0.2555943812304464,0.344588680901672
164,0.25479095052027634,0.344615017810088
165,0.25407330123816346,0.3446715835890449
166,0.2534298002211086,0.3442553450274235
167,0.2526999382949257,0.34372805062902323
168,0.25202378649787244,0.3436663983727959
169,0.25125770042237583,0.3432701226973344
170,0.25069228910984664,0.34340517263941545
171,0.24993962849306947,0.34310922268303184
172,0.2492737882745852,0.34299108248227245
173,0.24848852382553313,0.34220714597687046
174,0.24784074812435558,0.3417456509438242
175,0.24717889470655333,0.34199220924829
176,0.246591966811994,0.3418115663230655
177,0.24602019515786777,0.3410426081202499
178,0.24545442361059927,0.3411855263569025
179,0.24464243092799204,0.3404739855142546
180,0.24402235043731196,0.3397787352650625
181,0.24333156119668517,0.33954037111776353
182,0.24268551131880162,0.33892210961556707
183,0.24172398343641585,0.33910664744809516
184,0.2410872966422983,0.33848049459661345
185,0.24058987068158982,0.3388146142821809
186,0.23999089228235848,0.33844957105197787
187,0.23924890968338977,0.33812214054203554
188,0.23856730262469292,0.3382773843503607
189,0.2379116060377381,0.33728811492990163
190,0.23757389209644653,0.33723493157780365
191,0.2371403721207672,0.33729535690935136
192,0.23652448228009734,0.3374957508199916
193,0.23582036411174628,0.3375319941046649
194,0.23503351922007984,0.33718082709963376
195,0.23449425659342946,0.3371265281673593
196,0.23397891177731767,0.3369867678389011
197,0.23343170116934672,0.3367583880803249
198,0.23270335430031916,0.33607619216627005
199,0.23183609621457318,0.33530677706701834
200,0.23109179889856807,0.33513552150788495
201,0.23060222075262732,0.33491368419185075
202,0.2301630423042802,0.33482192851191034
203,0.2296037142113432,0.3344985072887746
204,0.2288508208929708,0.3338870093685789
205,0.2283215969597432,0.333730398786125
206,0.22777328224307347,0.3332198619995018
207,0.22694547386686886,0.3329433107457885
208,0.2263186951386431,0.3337923285585745
209,0.22577919225158274,0.33341883951265633
210,0.22495290076372595,0.3339297762896891
211,0.22425484896004053,0.3337218981794359
212,0.2237532954068213,0.3337911062758269
213,0.223339331209815,0.33379058332904155
214,0.22266134626280887,0.33350168588025186
215,0.22211717090518326,0.3332562723280099
216,0.22140720524291616,0.3329482866012333
217,0.2208648354457083,0.33279907488790494
218,0.22026087767101116,0.33285880417081204
219,0.21964992499725974,0.3327811273205997
220,0.21923211693526912,0.3327201715771624
221,0.21877154218819736,0.33280451699916336
222,0.21825274297338962,0.3324673537170588
223,0.21780537640172198,0.3325763142808706
224,0.21739943179079668,0.3327207992625586
225,0.2169293728477833,0.33265221536278533
226,0.21650144039774197,0.33269856269951004
227,0.21605502542636518,0.3326867544391052
228,0.2156492869635877,0.3326377268323014
229,0.2152224009584146,0.33252490389150546
230,0.21466733534041693,0.33201688199691404
231,0.2142918892787561,0.33202885993109543
232,0.2138334139575615,0.3317254765797869
233,0.2131900125853153,0.3312917334205894
234,0.21258655489823172,0.331390552763595
235,0.21207570784841115,0.3310770271737477
236,0.2115408983493239,0.3310401102987904
237,0.21116117636532308,0.33074142724270833
238,0.21076482210538658,0.330693917637249
239,0.21030147108872638,0.3303524564298871
240,0.20973811344677679,0.33014187491383357
241,0.20938773784876194,0.33003859070535035
242,0.20879939578007328,0.32975852138881834
243,0.2084463138812295,0.32917434992065603
244,0.20798561017639308,0.32881224143450893
245,0.2076029552820712,0.32884890301991376
246,0.20718075968288135,0.3285419785083269
247,0.20675014235728695,0.32861743682401456
248,0.20620051982320212,0.32866289862663356
249,0.20580477829951344,0.32863467970299
250,0.2053632994381531,0.32812347097361894
251,0.20494541036659356,0.3278211935425525
252,0.2044212564285766,0.32787853873428313
253,0.20413573440566737,0.327842147491567
254,0.20375420593200766,0.327538657551611
255,0.20323334493460876,0.3273654491689183
256,0.2027600411337719,0.32715828541886566
257,0.20240141996646197,0.3272107707742123
258,0.2019312236372956,0.32678407039366125
259,0.2014301879743592,0.3270246978780967
260,0.20097432789298642,0.3265766867152627
261,0.20071461071961713,0.3265465696845321
262,0.200380469056511,0.32646277550994984
263,0.20002161746838637,0.3258385021203829
264,0.19966949646409507,0.32586485173716767
265,0.19931347033197186,0.32548411034580454
266,0.1988810243601683,0.3254674156152482
267,0.19847945671464748,0.32537245324446334
268,0.19804596253385134,0.3248547505717875
269,0.19765223661608308,0.3247887439207058
270,0.19716658874992804,0.32449875381873045
271,0.19669546180355924,0.3243289326533853
272,0.19631483984279935,0.3243407458430471
273,0.1959578234624642,0.3245808550863205
274,0.1956029556601914,0.3244456088608723
275,0.19528176606780087,0.3241467772169234
276,0.19498305590437073,0.32402766723379095
277,0.1947051885926105,0.32416317363021613
278,0.19423013208339165,0.3239175014468978
279,0.19391472294726828,0.3234420459055912
280,0.1934635370469305,0.32341941639813
281,0.19308671583603074,0.3232576151709938
282,0.19274334961593315,0.3234013283131845
283,0.19235665457120138,0.3238074201262573
284,0.19202655686242706,0.3237786639031526
285,0.19149749705474062,0.32383866767354363
286,0.19121663412900222,0.3237419737269292
287,0.19078001947826048,0.32338037985230617
288,0.1905419264883284,0.32325024436048244
289,0.19014602055047414,0.32332776226465704
290,0.18987322325057596,0.3233075772958643
291,0.18957255485180607,0.3233169770754525
292,0.18926336246801423,0.3233209040505828
293,0.18898113138616632,0.3231385166985538
294,0.188645627744161,0.32293394653243457
295,0.18820122824225557,0.322755891281813
296,0.18802071186876457,0.32264260130689937
297,0.1876331797886759,0.3220553051591663
298,0.18733368114354831,0.3218515458624755
299,0.1869331163513563,0.3218939752735759
300,0.18654484023819468,0.32162502193849135
301,0.18628142755464744,0.32156105917297106
302,0.18586233446500808,0.3216118586911602
303,0.18547834207490918,0.32138581432515373
304,0.1852330410899745,0.321247690084164
305,0.18473936009042932,0.32114372692329296
306,0.18441664074925251,0.32102859742904394
307,0.18406211820238869,0.3209734163550474
308,0.1838836199773958,0.3210438157882315
309,0.1836283774771257,0.3210925632682095
310,0.18321925299142694,0.3204729817476292
311,0.18279888235339684,0.3199030318383288
312,0.18228676571039637,0.31979919936717227
313,0.18192973742152832,0.31989296687584323
314,0.1815996262505521,0.3197658286370984
315,0.18123088952876407,0.3192498248254092
316,0.18086848364828878,0.31938720147277466
317,0.18064625107162655,0.3194411961757881
318,0.18024979011454698,0.3200440160350937
319,0.17972535381488167,0.31945160716180643
320,0.1793769699543796,0.3196767496211293
321,0.17899944459978304,0.3195933494078911
322,0.1786439570103156,0.31956533817663074
323,0.17830559864190648,0.31982317055527576
324,0.17792098726156794,0.3199301780153401
325,0.17758980366073665,0.3195264648508334
326,0.17726962065436586,0.319508569403853
327,0.17700089576652056,0.3195529581498841
328,0.17677220645649042,0.3194190616812471
329,0.1764242455084825,0.3190695591238627
330,0.17608392589175365,0.31924366994511905
331,0.17586213699096792,0.31927245518933944
332,0.1753873663642454,0.3196315493843724
333,0.17502870026449502,0.31964572098700894
334,0.17467445064579357,0.31960372916672847
335,0.17431007850908717,0.31944450055717066
336,0.1738891169352044,0.319180275395174
337,0.17357178761498682,0.31915767310587084
338,0.17306264189654985,0.31873279417997763
339,0.17276088595954617,0.3186685558309226
340,0.17251702732015017,0.3187257347156672
341,0.17223288949790844,0.31871712411986025
342,0.1718251095913112,0.3182746159759837
343,0.17151818809943398,0.318231623002036
344,0.17114560831886738,0.31818183990763294
345,0.17076406999404892,0.31842631080675815
346,0.17030382834130683,0.3182740716697763
347,0.1700274732448614,0.31831485276575744
348,0.16977633224850647,0.31832691469847807
349,0.16946727206950407,0.31854941924595404
350,0.16916281668326386,0.3187774367882652
351,0.16876513344798397,0.31838649858491863
352,0.1684928515938492,0.31829800220947807
353,0.16818613484677603,0.31781323551448526
354,0.16798104277296444,0.31773667581123644
355,0.16772358193031486,0.3178268410070665
356,0.16738371347704625,0.3172689404431296
357,0.16687143716090647,0.3171599669030084
358,0.16656425145926726,0.31673000700252457
359,0.16619719526801477,0.31671944398578583
360,0.165977417554513,0.31644240424391473
361,0.1656802761943621,0.31637952122068375
362,0.16524777974473623,0.31636243527476965
363,0.1649234673572158,0.31610767712693055
364,0.16465528178631683,0.3159621332942455
365,0.16440901080590933,0.3159491443149279
366,0.16409489111607117,0.3160562869850206
367,0.1638102638557172,0.3162139846130716
368,0.16347499897780773,0.31683759369464654
369,0.16314640800279676,0.31631798272463013
370,0.162909291577781,0.31609094157987516
371,0.16256558158933776,0.3163794144496275
372,0.16229146426561633,0.31651672717616625
373,0.16197890810842383,0.3161992498756907
374,0.1616604598287631,0.3162380614109818
375,0.16134652860235096,0.31598452129119964
376,0.16103415124151632,0.3157642778592121
377,0.16074670096505494,0.31576474258881226
378,0.16052245707021018,0.31571524998005934
379,0.16022306319575008,0.31574182060487166
380,0.1598563254483623,0.3152755755131271
381,0.15948324688778034,0.31455647447868584
382,0.159239504209724,0.3144226416498328
383,0.15880174894345614,0.3143301127782567
384,0.15851379980140964,0.31433772285160283
385,0.15812480853010652,0.3144074720539007
386,0.15782001323448477,0.3140461305269893
387,0.15757354945110896,0.3140712712337261
388,0.15731048229956912,0.31418097463592515
389,0.15700453257515215,0.314019093377829
390,0.15668342965149704,0.3138009440570903
391,0.15644140857930275,0.3137327102821173
392,0.1562437474129105,0.31354140586479406
393,0.15598089645771893,0.313304820327211
394,0.1556761802433404,0.3132163176209299
395,0.15525845576356148,0.3131529821272938
396,0.15508257944959253,0.31306053896859404
397,0.15473114800328855,0.31267116891111024
398,0.15440411817560887,0.3132452723703176
399,0.15407758101780242,0.3132859509416187
400,0.1538258214844962,0.31337694744949424
401,0.15358731326623282,0.313219158657081
402,0.15330167653685264,0.3133877462630959
403,0.15300270293425072,0.3134409557923232
404,0.15277616621203477,0.3134187026424475
405,0.1524892954189568,0.31309815471246283
406,0.15213838609748156,0.3133692221582406
407,0.15190026365074386,0.31336795492341407
408,0.15163818725112105,0.3137370555644141
409,0.1513814270151314,0.3135486453107064
410,0.1511758708300012,0.313610854833757
411,0.1509658173730341,0.3135662921640744
412,0.15054142262822706,0.3133322808569653
413,0.15029923760995678,0.3135361513916075
414,0.1500712504449918,0.3134958067468455
415,0.14986459575621225,0.31345142987638747
416,0.1495907137872106,0.31333264940057887
417,0.1493329879734596,0.3131994074256336
418,0.14907639521595736,0.31311367662730916
419,0.14883715393743727,0.31351973367444275
420,0.14867159623494508,0.31356503368066935
421,0.1483794034821559,0.31332398618383894
422,0.14812137735607475,0.31288849621714526
423,0.14778248194918714,0.312485574248549
424,0.14748494708963777,0.31259050259527915
425,0.14716003232628388,0.3122144294751078
426,0.14683486514421595,0.31238736321205923
427,0.14658709088104968,0.3124414899011324
428,0.1463716573123308,0.3124117100569752
429,0.14620726075077067,0.3125444799006231
430,0.1458789935337367,0.31255349616673367
431,0.14569767807113798,0.3124741018611728
432,0.1454139427305737,0.31227232913161707
433,0.14516819585628135,0.31215488897506155
434,0.1449365687975394,0.3123904104284368
435,0.1446895387154586,0.31227527783545855
436,0.14446305819313676,0.3122977154723231
437,0.14431868726537944,0.3120621987196122
438,0.1441499340406457,0.31219387501993556
439,0.14389291945969773,0.31251813984700755
440,0.14369545156551977,0.31249030732179417
441,0.14337176460146475,0.31267210832267833
442,0.14310325762691303,0.31266044661971476
443,0.14289148587933323,0.31262548714571864
444,0.14264799687300947,0.31269740469223084
445,0.14244959343188685,0.31248343860799493
446,0.14227625651334544,0.31256868179161085
447,0.1421208019873212,0.31257817725804643
448,0.14200772165277104,0.31271160650184654
449,0.14177599304934085,0.31289205521939933
450,0.1414859507784251,0.31244010063864397
451,0.14126768579550675,0.3125673375240641
452,0.140955374391367,0.3124044871155318
453,0.14056697004477706,0.3124051836758394
454,0.14026810699712594,0.3125221627099613
455,0.1400207774625753,0.3124183216929372
456,0.13977309713370936,0.3120717259119888
457,0.13958387441150538,0.3120363377716593
458,0.1394180063739223,0.3119856192367613
459,0.139161701780622,0.3121720848518012
460,0.13897655663680195,0.31203992955421256
461,0.13876199849072018,0.31217030195847906
462,0.13853043525174227,0.3121677132670424
463,0.13829425719053456,0.3119572031672122
464,0.13801745983843905,0.31181462120153697
465,0.13785256441776936,0.31194491671442504
466,0.13764938007788569,0.31189373441862106
467,0.13741180829117308,0.3114215522789962
468,0.13711309926165766,0.31161828758003896
469,0.13698756037710588,0.31155190947940914
470,0.13677973879016944,0.3115038869914636
471,0.13650900853054493,0.3113365708214269
472,0.1362841717081539,0.31129851339273024
473,0.13599970354993468,0.3115612509457947
474,0.13583725005520547,0.3115194376317877
475,0.1355365423133182,0.31151749775145177
476,0.13525752841742666,0.31180014516701615
477,0.13505249545033646,0.31176690172671545
478,0.13477878300123877,0.31170836898642856
479,0.13453194316312844,0.31150443518513327
480,0.13427684431271647,0.3117354797745916
481,0.1340583745567792,0.3115351236839146
482,0.13382493226130052,0.3117065210272433
483,0.13370883048643634,0.31166530021665806
484,0.13350323251366933,0.31180119159458236
485,0.1332399677293274,0.3116565554256754
486,0.13302780148280202,0.31154365580297255
487,0.13290019606815723,0.3115333530875376
488,0.13270079987926114,0.31154577841594544
489,0.1325404116477302,0.31141698292253833
490,0.13236660472951553,0.31156016677726284
491,0.1321750721198777,0.31198824939840036
492,0.13196763943724457,0.3121662814693075
493,0.13178100489215938,0.3123273934224926
494,0.13155569852060825,0.31233243452530646
495,0.13140464018889722,0.3123080981702555
496,0.13125207498304217,0.3123029605787071
497,0.1309739320707996,0.31262093249592204
498,0.13080183050829036,0.312904516203698
499,0.13061626703758927,0.31311377311695143
500,0.1304230864252502,0.31318483296371824
501,0.13024827599944513,0.3129931359672751
502,0.12997976335370093,0.31316320704546846
503,0.1298353416060736,0.31308735559645806
504,0.12964947920742204,0.3132605364962789
505,0.12952699226255315,0.3132871819645634
506,0.12930731070168947,0.3133511110047452
507,0.12916516548409773,0.313532066842047
508,0.12898184021605077,0.3135662586917176
509,0.12879505181217463,0.31388397086112274
510,0.1286155493006754,0.3137407944035378
511,0.12851226434198554,0.31357054764764813
512,0.12832823172392038,0.3134510328351025
513,0.1280629458648264,0.3136095895656092
514,0.12780187650104263,0.3136485279700411
515,0.12761039758017387,0.31360122963889114
516,0.12748748431667253,0.3136449935953985
517,0.12730062315931998,0.31354396239277454
518,0.12712585510233215,0.31353191710304623
519,0.127004518294589,0.3136395268723792
520,0.12681416514428365,0.3135787374524401
521,0.12661982125500673,0.3134351470934718
522,0.12650498235864166,0.31339564739195097
