0,0.5794553760932224,0.580710866600423
1,0.5568518059215801,0.5578479594601894
2,0.5370049373606816,0.5382772487585452
3,0.5206672700220519,0.522117577101055
4,0.5065611099076384,0.5092477671202742
5,0.495118806242706,0.49937780103771073
6,0.4851950071816827,0.49105484462542
7,0.4765727713663406,0.48391697282765095
8,0.4680348096509296,0.47612306608817545
9,0.45970501631742555,0.4700423250309642
10,0.4536814770895108,0.4641682241618811
11,0.4467255775452489,0.458610998068926
12,0.4416145568328251,0.4542508310126927
13,0.435911600339463,0.4492054371812493
14,0.4308704565521325,0.4454910268761077
15,0.4269732659326939,0.44220545628989466
16,0.42331100783285625,0.4402277120412165
17,0.419771305415599,0.43710282655819405
18,0.41591386518482537,0.4329609042468232
19,0.4129522988040334,0.43050393866894854
20,0.4090287665671618,0.4277907220171367
21,0.4063775377083956,0.425745318868487
22,0.4038588513925705,0.42412857712055035
23,0.4010718953496237,0.42262333901571303
24,0.3987541296918279,0.42033521865070045
25,0.3964860111156764,0.41882598882517014
26,0.3937906196333055,0.4169961274883598
27,0.39186997016184616,0.4161845848423012
28,0.3895899705720179,0.4141392596694895
29,0.38756426647842035,0.4118678183206972
30,0.38528116523150124,0.4100723223614598
31,0.3836304167156513,0.4089610282527773
32,0.38162878506127973,0.4078229197560853
33,0.3798142185308426,0.406430196627427
34,0.377347826182487,0.4052153363631522
35,0.37573590989474154,0.4040292219925661
36,0.37437317474126103,0.4033182945431699
37,0.37259690154104247,0.4024904005436639
38,0.3704305807906077,0.4002900310119664
39,0.3687414992124264,0.3992353110077542
40,0.3675929601326204,0.39846738618026306
41,0.36599038412083545,0.39782674862913486
42,0.3647390731457951,0.3971174368866032
43,0.3637137887673325,0.3963788127694963
44,0.3623215875194968,0.3959256797740393
45,0.35984553396979335,0.3940766090795383
46,0.35760281915837255,0.39224001908417727
47,0.3559534833314388,0.39098638082672255
48,0.3545406553547377,0.3897836729070281
49,0.3532718400028494,0.389155478587572
50,0.3521427761930773,0.38807971094103294
51,0.35083356147124595,0.3876047010580679
52,0.3493315944416198,0.38710381874172783
53,0.3479023562114744,0.3860740410987114
54,0.3469996450689529,0.38566567682565855
55,0.3456287564520604,0.38485085204717184
56,0.3447036018231081,0.38399359085176293
57,0.34357328642495505,0.38224808053070053
58,0.34270828915193313,0.3811887251647872
59,0.34145903097188574,0.38090416087649664
60,0.3400354497495466,0.37929304962924126
61,0.3390990228963188,0.3784823951356727
62,0.33809505050263233,0.3774235308680835
63,0.33657022941046283,0.37672544932020635
64,0.33588184836187135,0.3757967152822367
65,0.3349316284774639,0.3751874630466148
66,0.3340036276411538,0.3739975506056918
67,0.33327735106127493,0.3736262176048969
68,0.33197658033664557,0.37293366864027666
69,0.331139635621691,0.37177346552821117
70,0.33026615274560817,0.37131178543866866
71,0.32912130396732675,0.3705876063215135
72,0.3285147802941714,0.3704883880458232
73,0.32769480677840057,0.370287506438814
74,0.3269281459027295,0.3696210920485153
75,0.3261705041824402,0.3692619590201557
76,0.3254330958060963,0.3688737355512978
77,0.32478184361859086,0.367945671124086
78,0.3242691627055821,0.3671444677900386
79,0.3226702597805398,0.3669513809515946
80,0.3219700488579874,0.3660927322945653
81,0.32119779892474865,0.3657923660036676
82,0.3204197967357921,0.36579234585491527
83,0.31980894101579654,0.3654797603380834
84,0.3187114846628314,0.36529163816202037
85,0.31828698350441775,0.36479925940806546
86,0.31713473373528656,0.36443911789885935
87,0.31604500100787186,0.3640711511501001
88,0.3154074973619869,0.36443281343878203
89,0.31456789012368364,0.3638300146748494
90,0.3137207369678331,0.3633976672982285
91,0.31316022640535884,0.362881770794943
92,0.3122509194083321,0.36199599638481395
93,0.3111024299608268,0.36077845913136997
94,0.3104677536932561,0.360175315996349
95,0.309785915640196,0.3597104678951507
96,0.3086626385566405,0.3585311935469138
97,0.3081644445943117,0.3583062297508283
98,0.3076981642681977,0.35747267214660905
99,0.307124420957927,0.3566895639255658
100,0.3065590329640777,0.35669123140638165
101,0.3058897540248932,0.3564563805178222
102,0.3048585826747983,0.3556493942282702
103,0.30423250758841447,0.3553805624485356
104,0.3035511222399951,0.3552378897565346
105,0.30297055893984903,0.35519978412646197
106,0.3019264331492192,0.35373307454890857
107,0.30070983769100595,0.35330521609160637
108,0.300349445628506,0.3532196600757754
109,0.2998595523488619,0.35313325160568676
110,0.29950271603848616,0.35296015800813874
111,0.29924038647823653,0.3526940453074347
112,0.2989682308905824,0.35270738324322465
113,0.29829118124468135,0.35205552130086715
114,0.2975844482858653,0.3520419888851319
115,0.2963283520547138,0.35146306008433453
116,0.29586294068887126,0.35050136890991146
117,0.2951720247455894,0.35013266430951306
118,0.2947003895195762,0.3495595505490692
119,0.2941693978028907,0.3494100718737729
120,0.29332730040783983,0.34940523056492817
121,0.2924109010610046,0.3489912940483344
122,0.29198340453167715,0.3488452767864491
123,0.2916009774735012,0.34834678403851915
124,0.2911464445469177,0.3486848474899168
125,0.29059536402213876,0.34851886984978203
126,0.28996398355090275,0.34804322389569486
127,0.2894820555688886,0.3476826151168897
128,0.2889744365490235,0.34734990170212554
129,0.2884005666191236,0.3472357353042023
130,0.28804390859006834,0.3471174529303224
131,0.2877155951790184,0.34703007378165035
132,0.287275964080379,0.3466547023747283
133,0.2869920937195494,0.3465596803611046
134,0.2865071684914878,0.34616784658467964
135,0.2860283187040349,0.3458136238940171
136,0.2856111422001664,0.34595182568367566
137,0.2852137008834994,0.34611326939118386
138,0.2847405355941733,0.34611948195275183
139,0.2840413511632441,0.3461129574462135
140,0.28358782835694196,0.34603661889128956
141,0.2828716112445066,0.3454149128178314
142,0.28265725394841795,0.34496099323768614
143,0.28219926345289525,0.3449955463105149
144,0.28187860226522743,0.3448948593705693
145,0.28141668682334225,0.34486766456734563
146,0.281034743000166,0.3445714376492254
147,0.27986553059402886,0.34334288795488815
148,0.27951563282809394,0.3431148351796245
149,0.2792352461415663,0.342472410439435
150,0.27850700464115374,0.34173512854497756
151,0.27812380241489154,0.3416257063412434
152,0.2778220812471869,0.34134867515455647
153,0.27710121048421044,0.34140020216581185
154,0.2766129630990141,0.34109937385151895
155,0.2763380293535711,0.3407506682732454
156,0.2760619365689739,0.34045942791376
157,0.2757122752527046,0.34079234164380195
158,0.27541072926418597,0.34075011737513344
159,0.2746502100348959,0.3398622808776344
160,0.27421514929691065,0.3396568869641966
161,0.2735769681794176,0.3389844899366368
162,0.2732620471287107,0.33843751176923526
163,0.27278464760500426,0.33847445211731186
164,0.2724275671639222,0.33871297996173044
165,0.2721015306369815,0.33851889114551315
166,0.2716069039908338,0.33844548130505964
167,0.2712214831083593,0.3379947910692946
168,0.2708364836064493,0.33764783557654243
169,0.27043362387435416,0.3370831510428498
170,0.2700460623219648,0.336979119160306
171,0.2697232848167214,0.33742628402290303
172,0.2694291748441358,0.337052470729284
173,0.2691831336467015,0.3372577539536003
174,0.26886198793274035,0.33733084040176947
175,0.2684987850177562,0.33707613446365936
176,0.2681969894155923,0.33665110846766844
177,0.26777445897459984,0.33669680217142256
178,0.2675025227028892,0.3360483858807432
179,0.26728809143661497,0.3361708987323898
180,0.26685212927007584,0.33649536158266186
181,0.2665451559190032,0.33658894091796465
182,0.26625768450380893,0.33631144968613375
183,0.26593809166686344,0.33605660024897194
184,0.2656348592808471,0.33558831189721156
185,0.2650033605996374,0.33523441295859946
186,0.26467942210667805,0.3352940679535218
187,0.2643483596161722,0.3350613251011245
188,0.26406467191667765,0.3349558304715069
189,0.2639459205893344,0.33485999297722435
190,0.2634982701050668,0.3341473260087025
191,0.2632051227338032,0.33340283094645434
192,0.26259046450207807,0.3325282035436196
193,0.26230319467144697,0.3322275117776785
194,0.2619990455649857,0.3318044314893423
195,0.26151664924427637,0.33178779693614496
196,0.2610310345288225,0.33109220905024134
197,0.26046701183473,0.3302580082882473
198,0.260274245702623,0.3303614007951849
199,0.2597751492759417,0.33035624306047817
200,0.25930053195729946,0.3295097288369481
201,0.25902070429373597,0.32925478361228844
202,0.2586227149757188,0.3292129102029839
203,0.25836421493821304,0.3292266353132442
204,0.2580692289951705,0.3296297055228901
205,0.25775679282450675,0.3291365637979447
206,0.2576078600893692,0.3292048867702181
207,0.25741209446610747,0.3295143217732991
208,0.2570759448092033,0.3292270421978575
209,0.25667918287668595,0.32959332734498065
210,0.2563633975876541,0.32928015230997637
211,0.2559011147372209,0.32944930304149805
212,0.2556276385738765,0.32960808845079675
213,0.2552735042504583,0.32898863764015485
214,0.2552008676316764,0.32910475888000035
215,0.2550255611373182,0.3291436537856083
216,0.2546776323857353,0.32898609648835997
217,0.25434986557968764,0.329375882073497
218,0.25410334392728734,0.3292047890213474
219,0.2537781579583825,0.32921620908257104
220,0.2534101585750492,0.3290207001874029
221,0.2530480947248709,0.3285996394773877
222,0.2527897889794204,0.3284854211022776
223,0.25244373875912507,0.3284917731541408
224,0.2522473607251852,0.3283161428086959
225,0.2518486191378918,0.32736122461827516
226,0.2515437569650644,0.327107883439526
227,0.25127793318190295,0.32757849938628314
228,0.25106023165058766,0.3273257726515332
229,0.25079698823474494,0.32751818242239605
230,0.25055366239413573,0.32705160736174776
231,0.25029574727317166,0.3271663063309824
232,0.2500904540235659,0.326917016115724
233,0.24970015643561375,0.32613764151670926
234,0.24925414039592644,0.3258592995062152
235,0.2490550430099218,0.32594373955691
236,0.24865699412275974,0.3261374511895655
237,0.24838119841584075,0.32580160317191525
238,0.2480658067083081,0.3260185765694409
239,0.2477649351693403,0.32552882333266686
240,0.2475352013509777,0.3255098133263305
241,0.24728223644747407,0.3259261409821897
242,0.24713179556615206,0.3255799830035245
243,0.2469263963833445,0.32543916772596
244,0.2467255305959296,0.3253474501271426
245,0.24655550402399037,0.32507313521372666
246,0.24630663455288182,0.3248123077300212
247,0.24616816685240608,0.3245195346024783
248,0.24603135908039406,0.32468995072161216
249,0.24577797908685836,0.3243884581736314
250,0.24555141229190808,0.3242839433642635
251,0.24498857304099775,0.32448605053259066
252,0.24471169814912855,0.32427926263064444
253,0.24443867037418293,0.32403788798282435
254,0.24420105623108385,0.3243796200155768
255,0.24400782159931805,0.32416938468184997
256,0.2437650863615912,0.32439212037029364
257,0.2436038525549587,0.3245271461058127
258,0.2433921022895471,0.324687627362191
259,0.24318358194628079,0.3242247305034041
260,0.24293051048832742,0.32402313673635713
261,0.2427321817917388,0.3234523474525516
262,0.24253917874684888,0.32340395540649175
263,0.2421175218348583,0.32306206678877314
264,0.24194714914013357,0.3232567051162919
265,0.2418313660772912,0.3228947645092111
266,0.24167768598898648,0.32299458503430895
267,0.24146942200041108,0.32304275173151936
268,0.24124266009789117,0.3232633636419522
269,0.24092932355754135,0.3235652477357004
270,0.24075208215883845,0.323654262327738
271,0.24059782186096387,0.32363460350748385
272,0.24035327026969955,0.3232981704601827
273,0.24008319426863564,0.32284130710602554
274,0.2398301156858449,0.3230638582062424
275,0.2394008420886847,0.3230790707970347
276,0.23918997252978402,0.3231225833618161
277,0.23901614866702584,0.3232375723839291
278,0.2386674264752102,0.32300942238140945
279,0.23848932189421707,0.32296624273762786
280,0.23840492540243796,0.32266390225558716
281,0.23826143187363194,0.3226458320660977
282,0.2379754319019673,0.3223397646223259
283,0.23777363486349792,0.3221434052865268
284,0.23753282698485925,0.3220098460219845
285,0.23729688659858333,0.32118260211916133
286,0.23663622443292495,0.32128740212109674
287,0.23645183086659605,0.321630397331998
288,0.23632966821590268,0.32146873863718206
289,0.23614756401963827,0.32123620793766267
290,0.23601651215948477,0.32092478916339406
291,0.23584856299627022,0.3215437722616656
292,0.23567390003453673,0.32112239145945715
293,0.23554041353256705,0.3213120649084116
294,0.23532320670329074,0.32122456327787313
295,0.2349830287907202,0.3206259568817007
296,0.234782948867407,0.32064739457547087
297,0.234624910988952,0.3203253717131195
298,0.23428701625165912,0.32071089244756545
299,0.2338286757685183,0.32035781233663957
300,0.23342319554117374,0.32009713442500426
301,0.23299834223366767,0.3204710968352055
302,0.2326853437459516,0.3203280420345925
303,0.23250431014930376,0.3201548053278165
304,0.23216579484433927,0.32042459809510804
305,0.23195979900771221,0.3209546933941591
306,0.2318162619594072,0.32067154405745857
307,0.2316235401941709,0.3203520845469687
308,0.23129886109399259,0.3204689504809459
309,0.23109171471872691,0.3205077541673458
310,0.2308394768781107,0.3200853270760163
311,0.2306860630066988,0.32054072896863933
312,0.23053354883573668,0.3205872116679309
313,0.23040685329214156,0.32019121490248736
314,0.2302238489979039,0.32019876759446597
315,0.22981532264346138,0.31951399663206126
316,0.22958289640547436,0.3192657594022904
317,0.22938250541076577,0.31899301080396647
318,0.22911868664906793,0.31878626711903346
319,0.22887892848966995,0.31834991117120864
320,0.22861326684396963,0.31827282741313934
321,0.2283791111789883,0.3183033265798402
322,0.22822977039782733,0.3181385437962798
323,0.2280179468341549,0.3179100114861901
324,0.22772717329425202,0.3180033351085912
325,0.2276617748035395,0.3182954886394563
326,0.22753978251434007,0.3191259268257636
327,0.22738913812802128,0.3191189391085556
328,0.22723289544488642,0.31932410237017755
329,0.22691305812157095,0.31946929575609045
330,0.2267399485300066,0.3195964612537031
331,0.22659884425647847,0.31933820768085597
332,0.2264607255273645,0.31910117757446554
333,0.22622686630221991,0.3195354877959552
334,0.22589497164568023,0.31889504340709424
335,0.2255893120801075,0.3183366031050238
336,0.22536849262816,0.31844933924511215
337,0.2252164498109834,0.31887359015864175
338,0.22499339085786094,0.31819777745444167
339,0.22472105269504863,0.31799613027900453
340,0.22457823773282543,0.31784906001544677
341,0.2244335718627886,0.31759189868987703
342,0.22430228815442457,0.3173553763451554
343,0.22412840180366822,0.3170312612640968
344,0.22402953550649465,0.317060921751698
345,0.2238424052848583,0.31736819606975863
346,0.22353277813545738,0.31765266096167627
347,0.22342497678899706,0.31782320630089256
348,0.22323494696780818,0.317811936139598
349,0.22314508127429397,0.3178641309963064
350,0.22288278899417932,0.3179825970393447
351,0.2226897778259167,0.31789955499631933
352,0.22232500234501298,0.3180663156445215
353,0.22209759365278336,0.31857982811161023
354,0.22197067998344464,0.31880433947625253
355,0.2218900568750501,0.3188356779523373
356,0.22167216008847063,0.31877012566634194
357,0.22138205152670434,0.31860080293667353
358,0.22118304902942065,0.3184301085741691
359,0.22094911708809187,0.3177263321929085
360,0.22062377823592005,0.31747367500122675
361,0.22038363812513614,0.3174813664060497
362,0.220241507912112,0.31748676738542686
363,0.22017585615401286,0.3179792776134359
364,0.22004930234449652,0.31839584452578706
365,0.21986074412170115,0.31817397946418313
366,0.21976219784611337,0.31838819458851797
367,0.21946909013113503,0.31804597633844567
368,0.21923955495318714,0.31804051586794885
369,0.21904252977505917,0.31781657070095826
370,0.21891768379169876,0.3177853716427993
371,0.21878278669380258,0.31803715138318334
372,0.2186074397480254,0.317910004490057
373,0.21843213433164363,0.3176706391524259
374,0.21823098344989916,0.317340654231767
375,0.21808237969841918,0.31747619007448663
376,0.21790599607356514,0.31805451307064264
377,0.21779797945623958,0.31786657659817386
378,0.2176010118542331,0.31794541957522277
379,0.21742552435590448,0.3181553227547649
380,0.21728233162020913,0.3176673269819546
381,0.21712410819504216,0.3177974532912564
382,0.21693176852969576,0.3177383592795736
383,0.21677431471344372,0.31800603300731634
384,0.21667323049563966,0.31791404974376347
385,0.2166153595636018,0.3178289228042887
386,0.21638312315752073,0.31805512665464825
387,0.21620523753420567,0.3176453219986333
388,0.2161224057599819,0.3175910068416918
389,0.21596931720884524,0.3176317777442575
390,0.2158593671633108,0.3175519935233202
391,0.21577417741390073,0.31786396958987306
392,0.21565817838720827,0.31779981060210216
393,0.21559948998244424,0.3177014506842096
