0,0.588183265063593,0.5890737576032415
1,0.5705121425566413,0.571664100887165
2,0.5545723162166971,0.5565842744921287
3,0.5401203228604454,0.542633195279463
4,0.5269041553933558,0.5294116737627964
5,0.5153653941921164,0.5184302409337643
6,0.5035197900995583,0.5078346887417021
7,0.49306000882805195,0.49836460950029765
8,0.4840319363346617,0.4896418178477291
9,0.474417400055912,0.4804430630752762
10,0.4649333753006357,0.47179662651036197
11,0.456860661205932,0.4639670994167446
12,0.4486394702861741,0.4565193002461745
13,0.441569984649048,0.4498894730130377
14,0.43443482964131397,0.4440123305335355
15,0.42782351114948863,0.43774891529979654
16,0.4211525128058841,0.43163439142563015
17,0.41494522735524453,0.4266591212924073
18,0.40957664429106344,0.42176756678388583
19,0.40423914542629946,0.41725681035253004
20,0.3988329046444348,0.41231129369060787
21,0.3931963688168109,0.40779446205982445
22,0.3872146585249321,0.40272409036040135
23,0.3822124100587446,0.3988227522502892
24,0.3776528491306529,0.39462308227096315
25,0.37280724599300696,0.390472662199545
26,0.36813098721868714,0.38656548692141013
27,0.36360109793483425,0.3832352494985997
28,0.35948508617712116,0.3801666266669345
29,0.3548701986683179,0.37584837229203305
30,0.35047902399965464,0.3724786748442757
31,0.34643702968213463,0.3694533321110012
32,0.34278932117433975,0.36662634516271114
33,0.33937136728156664,0.3646200336001114
34,0.33608853589931303,0.3617681559755809
35,0.33263355292196534,0.35926863704256207
36,0.3293523543723377,0.3573491943391312
37,0.3259330821249765,0.3547006416649418
38,0.32306765965078815,0.35273297678515164
39,0.31988142375822365,0.3507813491134916
40,0.31650979637040183,0.34864592037839875
41,0.31327871191891227,0.34622812939993186
42,0.3099910751772668,0.34411061484951644
43,0.3071258526779945,0.3421576715451855
44,0.30447912734013044,0.3401565857082683
45,0.30152673117366824,0.33847439203635343
46,0.2986586695054765,0.3365233595492212
47,0.29617030798643285,0.33478434441800003
48,0.2932876748197872,0.3330784237135553
49,0.29048251707184225,0.33119206337905194
50,0.287721414083211,0.32938085648717913
51,0.28490323414902236,0.32744089018727274
52,0.28231247571201623,0.32560344150623177
53,0.2798456159454271,0.3238782239033786
54,0.2774078388771208,0.3219186827236997
55,0.2748985885986325,0.3201121736331871
56,0.27269208527807487,0.31912742427227236
57,0.2703034325075476,0.3176797745518358
58,0.267767089284361,0.31620242715164726
59,0.2654550941448478,0.3144462380943592
60,0.2630214260393924,0.3128242084730679
61,0.2609585406145267,0.31117043625443164
62,0.25852932114138855,0.30918274891055264
63,0.2562120309695707,0.30755093908611647
64,0.25393201891936834,0.30564764200416233
65,0.2518602789476758,0.30459241937904025
66,0.2497896323795484,0.30347449672392146
67,0.247846531287699,0.30189266477253834
68,0.24558600050775312,0.3008754283285608
69,0.24363355506674766,0.2996800437445436
70,0.2414990305305513,0.29839153851989303
71,0.2395639798666607,0.2975483521036969
72,0.2376034356756503,0.2967514521102479
73,0.23577419905919947,0.29586395735496557
74,0.23375599217528054,0.2949758384932004
75,0.23183284585201114,0.29404646377302773
76,0.23000833880874383,0.2931036280977866
77,0.2282301938811396,0.29183895514814995
78,0.22669048565623015,0.29091816716092705
79,0.22505591679679546,0.29014537930101614
80,0.22337801565024798,0.2895397333679873
81,0.22164945661360705,0.28896431462565175
82,0.21993853515506848,0.2882426898738365
83,0.21823168677433344,0.28781846219572554
84,0.21663946242621296,0.28698101221253036
85,0.21498370321760274,0.2862432960836277
86,0.21365445588826634,0.28559847151060097
87,0.21217487005565674,0.28462936783681186
88,0.21051844925109686,0.28353822639037063
89,0.20915288937514262,0.28294645008803027
90,0.20759859191841049,0.28224257167640643
91,0.20606650540920948,0.2820606708058955
92,0.20453259746066013,0.2815437459483663
93,0.20308702129401454,0.2811251496680057
94,0.2016148810376821,0.2804126901462314
95,0.20022217768555195,0.2798951311202176
96,0.19881173404688515,0.2795702396423374
97,0.1975269230443553,0.27904965267028076
98,0.1962059084669293,0.27892567355855535
99,0.19492616516964895,0.27828022726526835
100,0.193481017526473,0.2773827715901546
101,0.19226725748753734,0.27707555766935066
102,0.19098542790779677,0.2760637204155029
103,0.1898317443825571,0.2757134062918723
104,0.18851586954973815,0.27530871150047787
105,0.1872204807530585,0.2750634661493578
106,0.1859460915233846,0.2744328231621092
107,0.18479599972047167,0.2741871599515686
108,0.18362530606947974,0.273766721150925
109,0.18245849159971506,0.2735574721660587
110,0.18125160004537186,0.27333993294943504
111,0.1800735508981071,0.2729687668654532
112,0.1788428458163586,0.2726733556943304
113,0.1775859130760224,0.27249670741952414
114,0.1764181690523188,0.2722265320227409
115,0.17519770227052806,0.2717555056974356
116,0.17401509248733324,0.27152880711953353
117,0.17286314616696988,0.2709856942584006
118,0.1717694702076581,0.27065310155065164
119,0.17063764892456793,0.2704079997968303
120,0.1695343293339902,0.2699609024311987
121,0.16852706230687975,0.2695457077809472
122,0.16735153825821852,0.26927639056628583
123,0.16629280126248153,0.26909519724817954
124,0.16524209180806373,0.26900510797575133
125,0.1641734605288836,0.2684907883283696
126,0.16318163394038215,0.26844960434930115
127,0.16220474751022174,0.2685032146313729
128,0.16118371237305082,0.2684267018673125
129,0.16014325531938778,0.26773439172067154
130,0.15911198268210675,0.2673996768418218
131,0.15807588461669186,0.2671191024485173
132,0.15712092570600614,0.2665853417748102
133,0.1561045182423224,0.2661399097022891
134,0.1551581909848188,0.2656792391621157
135,0.15428134391491397,0.26563589590424486
136,0.1533820122645672,0.2655588632231175
137,0.1523365226605944,0.2651588305899408
138,0.1513998541014153,0.26468373442489085
139,0.15034751336453597,0.2646122361427609
140,0.14948562666945134,0.26439918069825535
141,0.14861884407449988,0.2641975829840838
142,0.1477690673442617,0.26412564675569333
143,0.14671138927157137,0.2640784950888256
144,0.14578029204315232,0.26398938900262575
145,0.14482331038759766,0.263694922361137
146,0.1439486216697366,0.2636823649546678
147,0.143073193197854,0.2636356851935208
148,0.14214850199396972,0.26347861512878995
149,0.14131150346399668,0.2635871519162367
150,0.14050654027046586,0.26352658086929054
151,0.13973345273334958,0.2634336896662308
152,0.1388167680253097,0.26319548034628754
153,0.13810891414697776,0.26325066772180156
154,0.1373294776142785,0.2630311608929347
155,0.13648372743509363,0.2626949302439344
156,0.1357110837997015,0.26250703121858016
157,0.13495190817491162,0.2625708809667138
158,0.1342387075995556,0.2625737636862251
159,0.1334169864496348,0.26231888709903234
160,0.13268753200754788,0.2620903720406673
161,0.13200955294662434,0.2618685243390572
162,0.1312672377059395,0.26151110239755154
163,0.13042149308107623,0.2615636870499913
164,0.1296672626093168,0.26140465712433175
165,0.12887442460759563,0.26108846290597154
166,0.12821281107795335,0.2609014580537778
167,0.1274137313487612,0.2604508100633474
168,0.12653065158600985,0.26003569602107673
169,0.12584729987599486,0.2597923958382489
170,0.1250295714894431,0.25987932421785087
171,0.12439428100159484,0.2597531337232256
172,0.12379834948632278,0.259750714254336
173,0.12303128593764585,0.2595213574579967
174,0.12226054171214938,0.2596657096137101
175,0.12151947522230777,0.2594771159804992
176,0.1208166855369516,0.25938616970062645
177,0.12008886888603548,0.2589215334490037
178,0.11947116533821495,0.2588766595063139
179,0.11881041616939161,0.2584741844592867
180,0.11816084936526591,0.2586792968629019
181,0.11744642537509656,0.25842380304755136
182,0.11681913147862534,0.2583989515361417
183,0.11621980439216649,0.2585015587149144
184,0.11561362431866333,0.2585311512165435
185,0.11505021488147757,0.25845684645704303
186,0.11442011866940062,0.25863870746773154
187,0.11382299923215293,0.25868820395764414
188,0.11316637637919831,0.25882326452762505
189,0.11248619877693648,0.25831270832837744
190,0.11191849207108322,0.2582272423456189
191,0.11125376876437788,0.25814695081135125
192,0.11065091964000244,0.2582977160163034
193,0.11000183805731704,0.2584752067198579
194,0.10941059588780361,0.25884601616626524
195,0.10883584730478658,0.2589531969218486
196,0.10820730782504383,0.2589561340403331
197,0.10761829682266559,0.2586750306292993
198,0.10704558690874014,0.25877187919000827
199,0.10649616307724674,0.25878341943521227
200,0.1060038327677364,0.25847992097036415
201,0.10545145686213331,0.25855391129607846
202,0.10493271554459727,0.2585620537961049
203,0.10438169120630138,0.25835454185126283
204,0.10380590604528285,0.25816011056117455
205,0.10329372357582836,0.25841868694524045
206,0.10275461929481342,0.25796970604013736
207,0.1022693222518962,0.2579818784724041
208,0.10180208631217981,0.25787959561689644
209,0.10128959550004725,0.25827781107148573
210,0.10082233477193592,0.25813858376825505
211,0.10036013139921429,0.2582849618042353
212,0.099834644801647,0.2584054566098246
213,0.09935182050439854,0.2583306665782608
214,0.09889265563158743,0.2584048899176374
215,0.09841746899073252,0.25817003896652124
216,0.09788180691610607,0.25803975044636585
217,0.09735142237922559,0.2582012204113957
218,0.09684961303273311,0.25823478359287433
219,0.09637651044751552,0.2583354526915492
220,0.09592217435279594,0.25843511513344797
221,0.0954332907513759,0.25802268357604397
222,0.094971022837048,0.2579893145148609
223,0.09448254194775009,0.2580650852084913
224,0.09402615548489696,0.25809834980423796
225,0.09355004863314903,0.25781904636380276
226,0.09308978464625359,0.2578332640464156
227,0.09265362991650672,0.2576407829682832
228,0.09218645074683327,0.2574134700515557
229,0.09174711394058288,0.25769597854863185
230,0.09127672616511771,0.25777969712604787
231,0.09087056022925771,0.25793251382814675
232,0.09046272824806766,0.25765675743860583
233,0.08994797071494544,0.2576863172247063
234,0.08952140814480229,0.2579878821495233
235,0.08909816216363084,0.25810537331338584
236,0.08868473381312714,0.25814717009126226
237,0.08828826831365111,0.25807657081959606
238,0.08782832047330194,0.25789451059625007
239,0.08743322450725875,0.2581195132344626
240,0.08701453788139833,0.2580081158050444
241,0.0866238877805351,0.25780519912663996
242,0.08626852244892833,0.2580878138505206
243,0.0858185103966878,0.25848234354398864
244,0.08544913030958667,0.2583776994840994
245,0.08504870205399712,0.2584593638149672
246,0.08464652160565116,0.258337945914224
247,0.08424239844319792,0.25837581472218163
248,0.08379894780859311,0.2584847251930029
249,0.08345736250855312,0.2585538217345659
250,0.08306718314858762,0.25868205608017675
251,0.08273346167407879,0.25868420207768283
252,0.0823196219193288,0.2587444472711555
253,0.08195235245713635,0.25877645255145326
254,0.08160559206676325,0.2590399689645372
255,0.08123070633854912,0.25876009743719025
256,0.08084821162230944,0.2587392892021241
257,0.08050156296681626,0.258873538437323
258,0.08015158623606977,0.2588276137663049
259,0.07978337829734855,0.2589272447506488
260,0.07937166747060831,0.2587851204625141
261,0.0790218181922328,0.2590486613984031
262,0.07866857871581495,0.25904329043021734
263,0.07830785976967583,0.25891068834119024
264,0.07786679229693996,0.25888040927479755
265,0.07750262564313733,0.2586708887559385
266,0.07712164574352448,0.2586581221502936
267,0.07683613172594324,0.25872155848577966
268,0.07648593201683858,0.2587346933807243
269,0.07612318070717161,0.2590791349568014
270,0.0758022083704707,0.2590884162295698
271,0.07542308402659677,0.2591391162282983
272,0.07507707909495126,0.2593654076185024
273,0.07472171700528946,0.25941439747983286
274,0.07440652587934309,0.259625284745304
275,0.07408982488738172,0.2598112839604094
276,0.07372787944203883,0.2597022814326597
277,0.07342215783107246,0.2600843521302772
278,0.07312096032322994,0.2599275812175652
