0,0.6768803344468486,0.6774030714385247
1,0.6637516465297965,0.666022584601151
2,0.6510134932858748,0.65337779016435
3,0.6416970509051269,0.6439216973266336
4,0.6301752134811046,0.6326409325265744
5,0.620721409739198,0.6238751907347203
6,0.6112776709913451,0.6151316422072949
7,0.6032756136033298,0.6064403629434248
8,0.5959516529301004,0.6001842919798822
9,0.5891777828934329,0.5935410550008585
10,0.5828378044273587,0.5870853454099112
11,0.5764739538600027,0.5812327748914978
12,0.5703665025642508,0.5749058074136877
13,0.5654433010496498,0.5701022162921399
14,0.5610374789409355,0.566350758493358
15,0.5553708872885835,0.5608768388123425
16,0.551160687371994,0.5576063354064605
17,0.5469757789789245,0.553307241439838
18,0.5422616841677127,0.5492086703586987
19,0.5390997275741609,0.5461017108077862
20,0.5352995148672866,0.5426442661557389
21,0.5310824436566794,0.5383193602008018
22,0.5283368294133193,0.5355549449197884
23,0.5245274872406844,0.5323534209125925
24,0.521115196179638,0.5290837881299545
25,0.5179648853003601,0.5261889312348671
26,0.5155177691018102,0.5241148010573361
27,0.5124911737744451,0.5209566223588769
28,0.5091852748620838,0.5173446695961618
29,0.5047579033430233,0.5133031349199184
30,0.5027155160399874,0.5118169969449461
31,0.5004662802053053,0.5101101209473394
32,0.49762585500834106,0.5084611472578578
33,0.4953913618091801,0.5067242298229947
34,0.4934376883960426,0.5053124647033574
35,0.4916599265616742,0.5039032324829875
36,0.4901672105204479,0.502938313698325
37,0.48814775979040037,0.5010683258367136
38,0.4862312171726348,0.4997619008852045
39,0.48376306771728,0.4978873864284374
40,0.48203363075820893,0.49662482062029284
41,0.48024257797015396,0.4947213844328506
42,0.4788714483474828,0.49362123383048817
43,0.4770144569445362,0.4919442333248448
44,0.4754900619797172,0.4909208298921957
45,0.47431736113405126,0.48984660702648664
46,0.47266973451126454,0.48939862706392023
47,0.47121092330577763,0.4880188269612122
48,0.4700123502638577,0.48704319875785657
49,0.46781211675599566,0.4857803757190039
50,0.46675538915912396,0.4851204705111387
51,0.46468054870218356,0.4833806094122129
52,0.46241231196526494,0.48168005043552553
53,0.4612022545070527,0.48076564789770465
54,0.4594273637767574,0.4791742929240437
55,0.4571907414442389,0.4775627477682854
56,0.4555972464240883,0.4764300620181002
57,0.4541915022545587,0.475139061620413
58,0.4525179389163253,0.47423558471620375
59,0.4510756123645613,0.47324384074133785
60,0.44981116522694237,0.472408731166684
61,0.44819405618228064,0.4711758622747252
62,0.4466968237975687,0.4699121824390897
63,0.44496319309097515,0.4684421843307967
64,0.4432512408331131,0.46770240514479744
65,0.4416597459079347,0.46616098229835445
66,0.4404719475711879,0.4648893874717157
67,0.439608680773487,0.4641203265647864
68,0.43816632196212674,0.4628937370214023
69,0.43712269176136365,0.46223435816093356
70,0.43604238239957716,0.46165446716787945
71,0.4349024573037791,0.4609645361843487
72,0.43378717853957455,0.45995257938972184
73,0.43203135323070824,0.4586460605448617
74,0.4308469421515757,0.4577997700567872
75,0.4300589369921049,0.4573043241824222
76,0.42919379913781713,0.45626528193576465
77,0.4280619389411007,0.4551732022751086
78,0.42698385549146073,0.45473742073828244
79,0.42585602774428516,0.45400892805327797
80,0.4249001113859342,0.45352062013149796
81,0.4240231020001982,0.4528314794854246
82,0.42283007760884644,0.45249888217923845
83,0.4216282463476975,0.4517043058558005
84,0.42083301503864956,0.4506165495997986
85,0.41948933833245244,0.4498184327094824
86,0.4186797515030391,0.4491594211505795
87,0.4178057745193578,0.448753619266765
88,0.4170225760397397,0.44787968390819766
89,0.41597594569651825,0.44717774701744856
90,0.41512974422527416,0.4462792259869792
91,0.4139188802771538,0.4453693990727625
92,0.4129572217106567,0.4446794082577834
93,0.41234377322690935,0.44428003484880746
94,0.41147276412609013,0.4438445945670247
95,0.41039748726133063,0.44304911431202937
96,0.4091786874525139,0.4428564067245721
97,0.4083936501759051,0.44229679791837845
98,0.40756948200895216,0.4415090508071272
99,0.40679912284867203,0.4410937825430534
100,0.4062346121725522,0.44047627958727775
101,0.40554112763031847,0.4401910489921321
102,0.4046668603102702,0.43980586550669054
103,0.4038218847036866,0.4393589920779852
104,0.40316730523462274,0.43878383444922886
105,0.4026325701659124,0.4383795974484279
106,0.40177727148850423,0.43793521140236413
107,0.40098955666540037,0.43720581537829795
108,0.40018993805125197,0.43675556498226725
109,0.39952106758101547,0.4361242343700696
110,0.3988619717684659,0.43544661974644505
111,0.3980850639101315,0.43461215810919784
112,0.39738390158397197,0.43396486744011736
113,0.396511827916474,0.433202672221534
114,0.39580040703868263,0.4326982930856777
115,0.39495468946138346,0.4323241621059024
116,0.39396044870259644,0.4315411210854649
117,0.39307456792787066,0.43090350687951956
118,0.39241408495267904,0.4301775887473276
119,0.39156710925112315,0.42996541189577003
120,0.3907170043687236,0.42960338365371853
121,0.3898640929014436,0.42908091286777555
122,0.38898982558139533,0.42844200248415626
123,0.38824553217494717,0.42818335145808023
124,0.3873407150171776,0.4280329221923815
125,0.38633221551681424,0.4271881437407118
126,0.3856400536180299,0.42676004821476554
127,0.3847990782013907,0.42684094238073733
128,0.38415669285973836,0.4264484639757009
129,0.3834349166515262,0.42636725712501466
130,0.3828796644795521,0.42601219322110423
131,0.38202001075663977,0.42519292582966367
132,0.38114696930125197,0.4245554962542704
133,0.38019885976521206,0.4242869313900076
134,0.3795947020452068,0.42387953515340737
135,0.37891976677086087,0.4232803911761568
136,0.3781190513304374,0.4227187994176977
137,0.37741969554167215,0.42214922253306497
138,0.37655704167630155,0.4215673059447051
139,0.3758876227929275,0.42138526230086537
140,0.3750297110882168,0.42093880904281455
141,0.37402372783636695,0.42002723183710844
142,0.37348508935650104,0.4197880624526086
143,0.3727156657245144,0.4192661834216772
144,0.37203585925112315,0.4191312132854847
145,0.3711694632725786,0.41884714465659906
146,0.3704170081882598,0.4181953809207576
147,0.36944515558932345,0.4173487868698586
148,0.3683663946881607,0.41709295927462925
149,0.36759432576927525,0.41654772035118065
150,0.36668992798625794,0.41604053721498824
151,0.365955441497093,0.41577000264981456
152,0.3652935713592594,0.41520265136890344
153,0.3647740950796115,0.4146326456387261
154,0.36422110107938027,0.41446226894339033
155,0.3635219711077894,0.41418318249344405
156,0.3629975913694999,0.4135389810447574
157,0.3622238126920091,0.41311067320664235
158,0.3612601862901361,0.4125195795912249
159,0.3606555124165896,0.4121788924989967
160,0.360012707700185,0.4117109589605317
161,0.35929022178085357,0.41164083166539134
162,0.35836830703703093,0.411276789107922
163,0.35768201638477803,0.4105371438554204
164,0.35668106562995505,0.40966965582009207
165,0.3558587685195891,0.4093755601347013
166,0.3552216737517343,0.40909409850724854
167,0.35455135159966306,0.4085454765136908
168,0.35384809239974235,0.4077369445110868
169,0.3529299842882862,0.40755020491397825
170,0.35222149903376054,0.4068460280991213
171,0.3512783897351513,0.40613158532481725
172,0.35066878014336683,0.4059557725605715
173,0.3498789361869054,0.4055121761554225
174,0.34888972792514533,0.4044395182109141
175,0.34821737341850556,0.40418552629359983
176,0.34731823394968947,0.4037062250573554
177,0.3467066887821254,0.4035373479196798
178,0.3457104156687698,0.40339605218973645
179,0.3451154196741213,0.40327317673488455
180,0.3443627387726282,0.4032905161636674
181,0.34362754257234407,0.40281112609612635
182,0.34282531093089325,0.40212845676844244
183,0.341840231897463,0.40145048376431336
184,0.3409343179134183,0.40092559730413
185,0.3398710738780887,0.4007812613315158
186,0.33902551759877114,0.4000714276210494
187,0.33794565987133324,0.3998272913332487
188,0.337094200085888,0.39908896936799276
189,0.33623667549633324,0.39860025513973546
190,0.33566597097771866,0.39835128940513226
191,0.3349457109705338,0.3979977368667924
192,0.33381694769506476,0.39762986277526896
193,0.332821642369599,0.3976863114379981
194,0.33164342513296113,0.3970457745097239
195,0.33066428186525504,0.39666651199220515
196,0.32981004775452566,0.39636013138491305
197,0.3290259782658067,0.3959653695594906
198,0.3282420700750694,0.39605016260855
199,0.32739183615428447,0.39546875428705697
200,0.32645737242749073,0.3950122237762992
201,0.3255260378815407,0.39486315299334895
202,0.32479829364800805,0.39467505364304856
203,0.3241299715909091,0.39417242438678896
204,0.32333983729808075,0.3936698999006737
205,0.322456730848639,0.3929674795991842
206,0.3217305350757301,0.39295148314012324
207,0.32086646178812106,0.3928991362186452
208,0.32000519508539244,0.39221329604541316
209,0.31923451332914904,0.39186180089826544
210,0.31851235000578093,0.3918801567704105
211,0.3176655356022067,0.3913434483266059
212,0.316761299117171,0.3907687572340765
213,0.3157242821336549,0.3896991059854554
214,0.3150551535866477,0.38941171449080436
215,0.31428437505161533,0.3892327409416728
216,0.3136092139600951,0.3889050959005042
217,0.31282275726124803,0.3887262184000335
218,0.3121079491258424,0.38869485334682674
219,0.3115030494351216,0.38852230441086083
220,0.31062797562516514,0.38807441388026254
221,0.30999239705833775,0.387981370628912
222,0.30928887978164643,0.3877220976479729
223,0.3084452913377048,0.3875037168179744
224,0.3078059706577035,0.38696042632590505
225,0.30716116584632663,0.3865491522941834
226,0.3063224486014304,0.38627077988980013
227,0.305521249267062,0.385825586383285
228,0.30482182895910415,0.38576977938853085
229,0.3041244087461185,0.3856126714968074
230,0.3033941482640724,0.3854068655640251
231,0.3027433431677788,0.3847881090010918
232,0.30202559940910745,0.3846019239987876
233,0.3014721215149313,0.3843257097835332
234,0.3009102238661139,0.38465233933174825
235,0.30023757902310716,0.38451609377604645
236,0.2996930047775172,0.38465418387712474
237,0.29887793381672834,0.38417422525329475
238,0.2981766747117799,0.3837411784771487
239,0.29745002730452236,0.3836191808853537
240,0.29670321764956065,0.3832645181549388
241,0.29615754657769555,0.38302425050655636
242,0.2955913261429704,0.38262541660985017
243,0.2949831359734243,0.38243514122522715
244,0.2941660971772595,0.3819641997814579
245,0.29342051338695824,0.38117932601777055
246,0.2928185493195032,0.38102850387543047
247,0.29224413494731105,0.38075360956836235
248,0.2916172019522992,0.3802095438039991
249,0.29107078890971855,0.38026532463863977
250,0.29040178940109673,0.3801158528168572
251,0.28968443275758127,0.3799400129464999
252,0.28896085001197475,0.3800443514921377
253,0.2883447562413286,0.3798862060838274
254,0.2877408243384976,0.3794642353806945
255,0.28702575812632136,0.3792247337280841
256,0.28639205061608086,0.3789161715306907
257,0.285681565266583,0.3788302957310561
258,0.28520741371977404,0.37883846351191125
259,0.28463864477693906,0.3789733483049234
260,0.28383083222532374,0.3789885191883738
261,0.2832248034487315,0.3787045987454389
262,0.28267835814655456,0.37828058345830934
263,0.2820709422073203,0.37833119673124477
264,0.2814144271624769,0.3780931707655723
265,0.28095024383093287,0.37792463796225867
266,0.2802986322447311,0.377495502809608
267,0.27976096155275504,0.37684681710724116
268,0.27931003691530126,0.3765885318184224
269,0.2787638174302986,0.37637857307794553
270,0.27815753057693576,0.3764587209305367
271,0.27753259767689614,0.37663344166164575
272,0.27695495734507136,0.37666250143373825
273,0.27633105675211417,0.37655007500973553
274,0.2757765465508556,0.37623321145416294
275,0.27504431823343356,0.375872895811952
276,0.2745351972842065,0.3757356977205975
277,0.2738190665053515,0.3756745347653536
278,0.2733463021211846,0.3753403153266009
279,0.27283543915375597,0.3750011404679519
280,0.2723008331234309,0.3745575068728496
281,0.27178048583468223,0.3744786256324419
282,0.27118939325118924,0.37436705216548694
283,0.2704557293817306,0.37418305299465643
284,0.2699088001856088,0.3736759784003268
285,0.2692433169729866,0.3735957155564799
286,0.26877121391054437,0.37329997203454135
287,0.26825960897240025,0.3729072499831944
288,0.26764791863665266,0.3722859544081825
289,0.2671541209956808,0.3723865169615907
290,0.26665550054505816,0.37220388256592674
291,0.2661239591763841,0.371970338854797
292,0.2656552595013544,0.37195030579019794
293,0.26511833078009384,0.3716045768600463
294,0.26443055618640987,0.37106937474760987
295,0.2637913322851975,0.37129703740005304
296,0.26325693594224864,0.3709748996254231
297,0.2626498425989776,0.3709155339412769
298,0.2620027312264634,0.3708062251829699
299,0.26133344138147463,0.3705160136784999
300,0.26068905594485003,0.370335741655859
301,0.2602633099223292,0.37020396704591707
302,0.25969741208356734,0.3698198411838805
303,0.25918590392421215,0.36980992207343166
304,0.25870559079450484,0.36972162652099866
305,0.25818467896282044,0.36951810303481514
306,0.2577348834112381,0.3692298765731803
307,0.2572423922839175,0.36922748701751223
308,0.25670285053535447,0.36916625207336706
309,0.25625941012424847,0.36892038600263916
310,0.25566191401088467,0.36895816319965746
311,0.25520582783801865,0.3689144164965
312,0.25471841759711944,0.3684912480614848
313,0.2542181357772859,0.3686228351853434
314,0.2538088098892954,0.36849249077437124
315,0.25324896072484476,0.36828353900063515
316,0.25271499988644625,0.3683613421039924
317,0.252166748046875,0.36808716875134007
318,0.25172629164842925,0.3677046907756182
319,0.2512415105646307,0.36758680298263513
320,0.25061344848374734,0.3675177499627389
321,0.2502527539372192,0.36750272103872444
322,0.2496855011954116,0.3674797563081667
323,0.24923739927263644,0.3670071376999793
324,0.2485979979436443,0.366841685689543
325,0.2482783537334418,0.36671637070103813
326,0.2476588565753832,0.3660097103556263
327,0.24723770754533891,0.36593278962842213
328,0.2467836537270415,0.3659643117597365
329,0.24634327797758654,0.3656316109627832
330,0.24577760595599896,0.3655203076234247
331,0.24532253596041723,0.36516567662218224
332,0.24470813581857823,0.3654123964607101
333,0.24423901676879625,0.36528673738089923
334,0.24365144048130286,0.3651234963611493
335,0.24310254344980511,0.36497734450515473
336,0.24261198789826408,0.36486446250853044
337,0.24225443866237778,0.36470190919294626
338,0.24172070364115353,0.3643490346232265
339,0.24123606772553846,0.3643407392512751
340,0.2407549803655193,0.36418796923916624
341,0.24027578019188525,0.36383277445644474
342,0.23987029319585756,0.3636628693060798
343,0.23947995208030523,0.36345493345228347
344,0.23892803877655094,0.36339523158452075
345,0.2383506403916986,0.36328296816424027
346,0.23786148813259778,0.3632422174844139
347,0.23741272488809792,0.3631004022196226
348,0.2370393523202134,0.36291674376592126
349,0.23664057532022165,0.3627902117547715
350,0.23627000933721756,0.3628309182659118
351,0.23593613864503502,0.36291391143056906
352,0.23544656701118194,0.36236468962046336
353,0.23505554844410675,0.3622207680720924
354,0.23459031667568214,0.3620136420653906
355,0.23428370534239562,0.3621022834999552
356,0.233905977729007,0.36198544145749967
357,0.23350250695774974,0.36188481586889587
358,0.23298846642008292,0.3618366215813957
359,0.23257039818148784,0.3616497427065458
360,0.23202098499644885,0.361468721590304
361,0.23161691742265955,0.36132215101142623
362,0.23105381003897993,0.3607565783536162
363,0.2304600882983863,0.3607161437461537
364,0.22998554963642145,0.36081352476144457
365,0.22933756725480642,0.360560927927235
366,0.22893677403004425,0.3603195453728856
367,0.2283906513238306,0.3605733808822614
368,0.22792864551503864,0.3604884195537703
369,0.22760167837647,0.36060957802291704
370,0.22721675687310056,0.3603877073333394
371,0.22679047856724036,0.3603234968372854
372,0.22647289897120276,0.3602836101154011
373,0.22608162232735696,0.36027305203050486
374,0.2256132452482905,0.3599611222020923
375,0.22507896181392872,0.3595915940008996
376,0.2246065200257251,0.3590974932701424
377,0.2240354767813491,0.35894784912862815
378,0.22366058801243724,0.35883684832858315
379,0.22333147561071287,0.35894638373614035
380,0.22279735347433272,0.35881448011736505
381,0.22225681167828357,0.35868231747094753
382,0.22166476743669894,0.3585922431347844
383,0.22128834633696154,0.35834761950083105
384,0.22055997304130054,0.3582834600424698
385,0.22015051811492467,0.35814295692830306
386,0.2198441487286106,0.35809139382508215
387,0.21951448791374867,0.35807876722578214
388,0.2192100541032142,0.3579484615826102
389,0.2187988087692422,0.35807551523282843
390,0.21843848520807183,0.3581179235120931
391,0.2181031950936509,0.3579674783402365
392,0.21770359547395282,0.3577430814404619
393,0.21738659655064912,0.3576725914177365
394,0.21694228513044234,0.3578252045631737
395,0.21661054357161733,0.3576671723547839
396,0.21626659175558272,0.3575829441640198
397,0.21592396258299748,0.35760582117150924
398,0.2155720749062665,0.35765721514862564
399,0.2152377525797354,0.3577886983678817
400,0.21479371536609737,0.3576418141045731
401,0.21442721409223045,0.3576417339506767
402,0.21407679422713233,0.3577163999322192
403,0.21364308008431884,0.35728271842415343
404,0.21309157002551862,0.356894978459409
405,0.21269043807499505,0.3569216703067989
406,0.21230869414186376,0.35679515108697096
407,0.21184912393259447,0.3569422522610633
408,0.21135132610167812,0.35674099043495905
409,0.2110093098614231,0.35678346143344064
410,0.21072195750714356,0.35687920814838703
411,0.21039290962461185,0.35672313728308863
412,0.2100046492530226,0.35637595451764925
413,0.2095696608561542,0.35610514412947747
414,0.2091440922614132,0.35574475390632676
415,0.20873762134769755,0.3556375433889581
416,0.20842913895782406,0.35552730909005625
417,0.20802344227442027,0.3555267302621816
418,0.2076064708621003,0.35546344078759945
419,0.20726342231476283,0.3557021360017053
420,0.20687122627242172,0.35555282198151317
421,0.2066382152081544,0.35560546428080697
422,0.20627289140955338,0.3557054923282914
423,0.2059584248645613,0.35569772037019454
424,0.20567605661791424,0.35567369417543204
425,0.20543604522124406,0.35546425931800024
426,0.2050121218659157,0.35537841746357635
427,0.204610683449227,0.35503722980620295
428,0.20427479653227404,0.3550067446924155
429,0.20389908514365584,0.35507394203213233
430,0.20348030719394158,0.35496833185759386
431,0.2031448235219427,0.3549517034460012
432,0.20286110037224994,0.35507741224861117
433,0.20257636104527285,0.355106724464528
434,0.20222405399378965,0.35488224711851724
435,0.20182548668117403,0.35468292942540985
436,0.20145342062694074,0.35439522914808813
437,0.2011499707340942,0.35418279051089274
438,0.20076474276455966,0.3540898576280197
439,0.20051655356022066,0.3540094561078944
440,0.20022102339827233,0.35393765084022094
441,0.19988312025654895,0.3540989670436659
442,0.19947840749083312,0.35416309543914404
443,0.19907069458265889,0.3538844907545623
444,0.19880366577406514,0.35384768700992786
445,0.1984916832179902,0.3538027756347959
446,0.1980778571163121,0.35357111644291406
447,0.19781461881028672,0.3538713987533307
448,0.19745171448141022,0.3538341506362005
449,0.19715171636537063,0.3539582591436441
450,0.19686562213534783,0.35404074572571703
451,0.19655968825358416,0.354153800954142
452,0.196309902199227,0.35426270770326107
453,0.19601714636256276,0.3542052000642316
454,0.1956374186542019,0.35376556826618183
455,0.19525827161857492,0.35354495599667607
456,0.1949818713972483,0.35346842976744
457,0.194665211199706,0.35338346254478886
458,0.19437324572315176,0.3533708046713022
459,0.19411708839852007,0.3534579656591038
460,0.19383791385190935,0.35342967033012884
461,0.19358699871168075,0.35336720840377045
462,0.1934093773743063,0.35338225999499284
463,0.1930471182373563,0.35349428611389033
464,0.19276895986802986,0.3533788113917212
465,0.19242200790953687,0.35325639680864146
466,0.1920506838260191,0.35324599565761733
467,0.19169352170528872,0.3532899183799128
468,0.1913324077840083,0.35339844244468466
469,0.1910484749469394,0.35329728178943054
470,0.1908511268664112,0.3531662468843758
471,0.19050043279474432,0.3528969900801504
472,0.19014564175434395,0.3529832887888372
473,0.1898858229655292,0.3531962591818481
474,0.18953303202010108,0.35321910365300846
475,0.18922785623885108,0.3529359220785183
476,0.1890590740308701,0.35292242425600173
477,0.18880319091280723,0.3527179413924001
478,0.18852611323995772,0.3524538374748228
479,0.18823540588766022,0.3525702045627472
480,0.1879177456426318,0.35246822181572673
481,0.18763094170148983,0.3522884307777585
482,0.18736278380702465,0.35249545422170553
483,0.18708246404474432,0.3526094746934331
484,0.1868280971277088,0.35246849513252937
485,0.18659286015129492,0.35249624097251386
486,0.18624926319081989,0.3524888132283186
487,0.18603660793183469,0.35247566207898745
488,0.18577151469902053,0.3523585844125858
489,0.18543686977652615,0.3524076988263572
490,0.1851589856137685,0.35255753208110835
491,0.18486777823772793,0.35232104579889284
492,0.18465280028780723,0.3523795090513193
493,0.1843568184915103,0.3521261880649856
494,0.18409603191480575,0.3521480604243106
495,0.18380430838522396,0.3520401409280537
496,0.18357613626040564,0.3519497231105411
497,0.18334794800578919,0.3521707766888545
498,0.18300357681500232,0.35247830369106314
499,0.18268064212597449,0.3527078113195515
500,0.18235325561265361,0.3527420297835944
501,0.18208822689903212,0.3527364257604355
502,0.18186905520158891,0.35289236717777483
503,0.18162280157302954,0.35263866429201285
504,0.18135951487760968,0.3528444199177292
505,0.18113618169224036,0.3528325520824142
506,0.18082239259877114,0.3526373297823359
507,0.18052450748629095,0.3528735207663137
508,0.18029352877659224,0.35306291618993296
509,0.18004903329603264,0.35301586315837324
510,0.17971525938263908,0.3529386950088504
511,0.179482764471913,0.3531544387980445
512,0.1792167195810072,0.35298309534549965
513,0.1789276897277187,0.3528107904397577
514,0.17872526076076903,0.3527869259446301
515,0.1783935353317422,0.35254801115918777
516,0.17827452968089325,0.3526641191182639
517,0.178028292182132,0.35261728926636
518,0.17778524838340712,0.35249354291574264
519,0.1774754917394787,0.3523513130289494
520,0.17723615779433138,0.352249378388912
521,0.17699472697542284,0.3523503281412427
522,0.17664158117443512,0.35206158862313086
523,0.1764348294215777,0.3520572822319611
524,0.17624757859469972,0.3521615673730981
525,0.17604410119086944,0.352080619695011
526,0.17577691108429408,0.3521531354353513
527,0.17550517237463661,0.3519978458890453
528,0.17521331980666954,0.3521981944591884
529,0.17503216604349728,0.3523971943445806
530,0.17483022097049253,0.35245391429983136
531,0.1745961292097483,0.3523094775694124
532,0.1744096687429803,0.35230767440421557
533,0.17416344737401723,0.35224179545076295
534,0.17380870472301135,0.35222683938492516
535,0.1735408855543076,0.3523116619103833
536,0.17330787449004031,0.35230009399029955
537,0.17307489568536932,0.35243976595320825
538,0.17285962739908167,0.3525742499535126
539,0.17265219819470137,0.3524377106226956
540,0.1721774498453604,0.3523314190946122
541,0.1718659027938359,0.35232726395612846
542,0.1716047291019754,0.3523919586894714
543,0.17134966860361886,0.35228086415191195
544,0.17118190257292218,0.35231682233419503
545,0.17097657024230312,0.352293752785641
546,0.17077491550566531,0.352117286610297
