0,0.5864265813846927,0.5891913013253023
1,0.5675511347721194,0.5730902845023653
2,0.5505718124379971,0.5588204849126132
3,0.5344476924787098,0.5443393111214048
4,0.5202263916437526,0.5323193132051657
5,0.5072405066913362,0.5210508242101369
6,0.4950542708955862,0.5110236467033542
7,0.48422402777981494,0.5016875910578255
8,0.4736567192742421,0.49253570571738314
9,0.46439163158788127,0.48461685228206847
10,0.4557646916637037,0.4784471027525455
11,0.4473535057175179,0.47141907693579693
12,0.43932302661815076,0.46496924441391024
13,0.43200880237424044,0.4594466991675368
14,0.42479101809021136,0.4537070005893512
15,0.4182408082847235,0.4489366695135973
16,0.41211840598439087,0.44398936353675084
17,0.4056766171079263,0.4387295413826031
18,0.3998974539634267,0.4347376610419857
19,0.393532491635838,0.4294678681309534
20,0.3883284329111046,0.42603910235234566
21,0.3829328804747846,0.4223905547269247
22,0.3774426578270466,0.41816915018415174
23,0.37266499131551206,0.41440357997470856
24,0.36757266446165765,0.4107998678030666
25,0.3623872250660226,0.406760490646725
26,0.3577195314774491,0.4033826339422872
27,0.3533251046921735,0.4002066619701017
28,0.3488705936588574,0.3970804150995128
29,0.3444103894275403,0.3938857644698253
30,0.3403601912816717,0.3912481584104441
31,0.3365561157757871,0.38889205514406405
32,0.3326188318890966,0.3862197892099845
33,0.3284534868905198,0.38340870240115366
34,0.32466260925936147,0.3809414432143091
35,0.3215095253483879,0.37835506622225706
36,0.3179146943066681,0.3755818194776149
37,0.31429559584508715,0.37324566704852447
38,0.31103250896615986,0.37054600745785143
39,0.3076661507221111,0.3678069314320102
40,0.3045973255340342,0.3655071184006953
41,0.30140731083319494,0.3635760363487648
42,0.29883341847622286,0.3618310969580846
43,0.29563786260946445,0.35990939469150796
44,0.2930096639305027,0.35783797062059186
45,0.28984837772311506,0.3562994533645521
46,0.2869005599878635,0.3548473308444662
47,0.28402025069394937,0.3530327818363814
48,0.28137287472057104,0.3516364285495106
49,0.27888740524219785,0.35043150927533195
50,0.2761228161223596,0.3487893331243255
51,0.2734614640809379,0.3472942459885512
52,0.2709681933329481,0.3461848487575366
53,0.2684521077668392,0.3449396522032291
54,0.26596377617944167,0.3434020856638326
55,0.2637284731839161,0.34268839830886055
56,0.26121016724968005,0.3412177109903241
57,0.2590251745753079,0.3396276451273381
58,0.2569024278955986,0.3386057870638793
59,0.25478916687020964,0.3376399964097183
60,0.2528331642832912,0.33709003386164144
61,0.25083795595485703,0.33608606266923646
62,0.248861441533986,0.3350028444945316
63,0.24690981796845402,0.33438601919025773
64,0.24480305370109962,0.3331529073149038
65,0.24301230483522662,0.3321570400806303
66,0.2411785571884786,0.3316251454762259
67,0.2394420889076483,0.33087647888507493
68,0.23767505898280436,0.3302003253125833
69,0.23592928483474862,0.3299911996216914
70,0.23406565023797762,0.32866030797575724
71,0.23245322687061826,0.3273999904779568
72,0.23079952429643041,0.32681705147860457
73,0.2290816164512481,0.32645362876374256
74,0.2274793184474016,0.32584588288641014
75,0.22572937896559903,0.3247332265301801
76,0.22388953666414055,0.32378436121819165
77,0.22241608992163733,0.32322719111046283
78,0.2209793013074347,0.3229190375208372
79,0.21949446077218382,0.32240886353308557
80,0.2179367596588248,0.32167848259399806
81,0.21663564688344775,0.32112538574681593
82,0.2152386792072455,0.32073029611751286
83,0.21389523816116301,0.32015893390297107
84,0.21238220439306582,0.3200470751126046
85,0.21116589297786054,0.3193178784296237
86,0.20959354092360022,0.31889605763904727
87,0.20820012597219217,0.3186160268249333
88,0.2066628822159976,0.3177740882488927
89,0.20543085517927517,0.31725290447146104
90,0.20403747703490002,0.3167122456042835
91,0.20272470518646032,0.3161598535037786
92,0.20132150670881394,0.3152882288331218
93,0.20007674660353694,0.3152101960993633
94,0.19891307557861573,0.31471691912210936
95,0.19755686858581978,0.31444526557854086
96,0.19625385736371537,0.31420131213832897
97,0.19493112607389534,0.3135611133096408
98,0.19387103379216408,0.31337185305469323
99,0.19271121021554735,0.31352382800999734
100,0.19150623945743148,0.31323476213908663
101,0.19044796567327155,0.3127584105044148
102,0.18922580132210556,0.3127008480378679
103,0.18802469850472694,0.31211954975930656
104,0.1868265076199618,0.311977373652077
105,0.18579068207278623,0.3123128970024472
106,0.18457939409359375,0.31239179954842994
107,0.18352311794716775,0.31200531635810896
108,0.1824005560627462,0.3114043150525509
109,0.18135007300676376,0.31150287327180504
110,0.18024408564079214,0.311317495553449
111,0.1792319916411285,0.311252131894252
112,0.17809441547980828,0.3109511344766455
113,0.17708447359353635,0.3107825483047227
114,0.1760365824222053,0.31070059262575567
115,0.17491293053365162,0.31076504541276584
116,0.1740400434991258,0.3105216657160856
117,0.1732126574457093,0.3103503987230222
118,0.17231769817903855,0.31008514473440435
119,0.17143757496952322,0.3099857360698538
120,0.1705224701814242,0.3097287898920202
121,0.16956507205228852,0.3098257865155019
122,0.1685661983750966,0.3096470068330719
123,0.1677198981232926,0.30938860241986266
124,0.1668449732913977,0.3089450871286863
125,0.16605355919267642,0.30856885346791146
126,0.16513574204608725,0.3086606564144995
127,0.16431459087346678,0.3082498345086745
128,0.16343583142958587,0.3080124661740413
129,0.16259707409874535,0.3079239248477435
130,0.16158004153259672,0.30805739716219244
131,0.16070088529533094,0.30750821209632095
132,0.15973372505404898,0.30739641829478953
133,0.15896749247882902,0.3076358356788063
134,0.15807828040678698,0.3075087478309544
135,0.15713670797398946,0.3077350389083607
136,0.15631788509158573,0.3075125305672177
137,0.1555367034629992,0.3072010177676081
138,0.15464798867277935,0.30717068256552493
139,0.15386526888538707,0.30718463140951274
140,0.15302250076814464,0.307083599206579
141,0.15214363337202116,0.30693331308581023
142,0.15130920001945744,0.3071786104931541
143,0.15052489576484232,0.30704347698323936
144,0.1496803299672693,0.3072050971064548
145,0.14883502128995907,0.3073823916640173
146,0.1481563407083171,0.30726922824968134
147,0.14740535772283375,0.3073114719526203
148,0.14658080192730913,0.30720520510998933
149,0.14591063410007404,0.306930345354461
150,0.14516216240452917,0.3066814832980308
151,0.14436258107883768,0.30672887294507767
152,0.1436393257559433,0.30649974644435085
153,0.14296269407196552,0.30693429977992737
154,0.1423379113414523,0.30708248879998706
155,0.14159802166941116,0.306662450667291
156,0.14099422282446425,0.3065788330502081
157,0.14023751959831643,0.30665555363898805
158,0.1394926043116113,0.3068355527664639
159,0.1388883684475686,0.3068364029639059
160,0.1382501789418475,0.3067086629128145
161,0.1375526230430686,0.30684982853482423
162,0.13692118407775647,0.30680706930400287
163,0.13639993547889268,0.3065247232887254
164,0.1357231488343601,0.306838999015893
165,0.13502198342565902,0.3065682630562136
166,0.13432220022360877,0.3063761256213107
167,0.13366005637285291,0.3059305038660502
168,0.13291299561826525,0.30621187055789123
169,0.13220968286065243,0.30611958987810156
170,0.13158569150287444,0.3064540944700272
171,0.13102576588087125,0.3062983446946836
172,0.13048411906564492,0.3061428752192051
173,0.1298699481239763,0.3059585860123351
174,0.12919982308117917,0.3057934240126153
175,0.12864549152208113,0.30572595985802337
176,0.12807548043507508,0.30581666359862847
177,0.12737236000668678,0.3057610294438193
178,0.12673733614555877,0.30565440357238677
179,0.12604455256635622,0.3059177605653445
180,0.125510195074755,0.30606837958630884
181,0.12493672348533032,0.3063523789343996
182,0.12432501728785027,0.30636764407186384
183,0.12367707578701789,0.306533542702765
184,0.12307070770744905,0.3067039654077394
185,0.1225317685674319,0.3064801592366496
186,0.12200635725453268,0.3066542423721801
187,0.12139313752574775,0.30671406405308355
188,0.12080651843065845,0.3067793182455179
189,0.12029087250388314,0.30694059026219056
190,0.11972146247789285,0.30711308554229333
191,0.11920974378408485,0.30663388418875226
192,0.11868502745390412,0.30646339512402077
193,0.11816885473597684,0.30616650513480503
194,0.1176321335621565,0.3060308867410453
195,0.11706528916639973,0.30627741764546773
196,0.11656524846471708,0.30587149991634255
197,0.11602638550708377,0.3061746687165413
198,0.11551609941417207,0.306016572827928
199,0.1150019319995889,0.3056934683895639
200,0.11449538788838826,0.3059381478270386
201,0.11409992308330606,0.30580661117963437
202,0.11361420783058732,0.30619275096378923
203,0.11307390583558012,0.306136410671963
204,0.11259716424844005,0.3063496927712945
205,0.11207587100813865,0.3062197495139934
206,0.1115711702720433,0.3063484656278779
207,0.11114686517599608,0.3061131264555537
208,0.11060577795511724,0.306184604042763
209,0.11005258244876698,0.30666116055207465
210,0.10954311606038633,0.30688032931729275
211,0.10912838712705492,0.30685324986992546
212,0.10871989489782294,0.30748797052305654
213,0.10829165082308477,0.3076577934528496
214,0.10787669062614157,0.30791423320092637
215,0.10744278102815902,0.3079681297807798
216,0.1069439306981442,0.30826438798469336
217,0.10649310859113224,0.3085203719334029
218,0.1060749120363208,0.3085697717823613
219,0.10556423896927568,0.3084007152657502
220,0.10508194521271924,0.3083086113347697
221,0.10463905835393168,0.3081708509232613
222,0.10423912889696571,0.30830701910016806
223,0.10383919149525501,0.30833883801655376
224,0.10333381102069807,0.3082066602000518
225,0.10286869324156997,0.308516833504823
226,0.10240489541884312,0.30868828671174664
227,0.10200137035677431,0.3086248456504488
228,0.10149603959641265,0.30882884650965037
