0,0.5859179034261066,0.5888268504947896
1,0.5670179632604774,0.5724782486859963
2,0.5502085145273624,0.5591562921076616
3,0.5344419154278996,0.5453797934369388
4,0.5205206815500418,0.5339812504547509
5,0.5077080531461176,0.5238112484704667
6,0.4954431759509473,0.5146968880261732
7,0.48429475543986666,0.5062758219985697
8,0.47369884189559613,0.49738174651625094
9,0.46376030613889374,0.48936400521248324
10,0.45469128719660995,0.48210970687750154
11,0.4463543642327657,0.47570521340567795
12,0.43837561677902115,0.4692072104081292
13,0.431116710626399,0.46360446203367667
14,0.4235320904686458,0.45778246250328664
15,0.41656007314062715,0.45204323678149944
16,0.4098450179359936,0.4464488395433221
17,0.40352438507630917,0.44222926511287936
18,0.3974683853234186,0.4377626851090863
19,0.3917622190856263,0.433921387892055
20,0.38627849006689013,0.4296944275242737
21,0.38056390722423356,0.425801444086195
22,0.3752934884734847,0.42235736563605064
23,0.3700235334369579,0.4184510549176908
24,0.36463817488989975,0.4138304384823282
25,0.3602286021592286,0.4108998544986339
26,0.3555892202922514,0.4082866054590544
27,0.35098110080185524,0.40481090253681135
28,0.34670425609505195,0.40186657221396604
29,0.34239875379729756,0.39842156289493846
30,0.3380762543668226,0.39595834239306343
31,0.3341189256151183,0.39247221447934244
32,0.33029652267042175,0.39012047541294864
33,0.3263244280587206,0.3871178489172989
34,0.3228107123915717,0.3855756965482141
35,0.3193410830995985,0.3831736212669095
36,0.3161580003133292,0.3813348488371275
37,0.3127778850452078,0.3790127794700852
38,0.30954917636655155,0.37674422517705675
39,0.3066740721999133,0.3750439321608155
40,0.3035996617757187,0.3730812175431568
41,0.3002927707741529,0.37140749539243356
42,0.29742192703317516,0.3693102711183779
43,0.2944437139415284,0.3671761883672024
44,0.29188428824728513,0.36517300277307346
45,0.28917539025867417,0.363276784669555
46,0.28644701667310124,0.3615252648949017
47,0.28364926999950807,0.3601687479080296
48,0.2807989832481305,0.35864127053491934
49,0.27808889851679325,0.3575541856786873
50,0.2754550058916893,0.35680328838075825
51,0.2728214338816745,0.3558838634296917
52,0.27038591346054364,0.3540936586968407
53,0.2681424116236727,0.3530166342193138
54,0.26583368964313087,0.3514351491757499
55,0.2635944962665696,0.3500522281692995
56,0.2611107806300063,0.3485212518786086
57,0.25871777544098623,0.3471071562761745
58,0.2566394667269595,0.34596680047559647
59,0.2543054062975759,0.34470743855270114
60,0.2521686327481199,0.34337885911023397
61,0.24994151679047139,0.34229464927765163
62,0.2477207371136247,0.34155063231050214
63,0.24586179296888053,0.3407219621852486
64,0.24413142795244772,0.3396806555995607
65,0.24206019243252905,0.338974828797995
66,0.24012842245673593,0.3376523067990898
67,0.23821341221810988,0.33669892866540907
68,0.23648964712753578,0.33605220930111923
69,0.2347615732542137,0.3352881999335799
70,0.23292822279557643,0.3351801269567331
71,0.23132672488108133,0.3341625380601163
72,0.22956468510215533,0.33343528090581515
73,0.2279601621932714,0.3325908451744838
74,0.22635917658642218,0.3317309576629332
75,0.22462988942305367,0.33080062528522897
76,0.22296562206985282,0.3299232666715737
77,0.2215297494520134,0.3295967092827889
78,0.22001367225195434,0.32854995534084075
79,0.21852167933138664,0.32749077528897885
80,0.21695994711742989,0.32700994848397213
81,0.21536541199265388,0.32640015307234704
82,0.21373996884086652,0.32579090411776374
83,0.2121494980019261,0.32527814315463355
84,0.21074411770193363,0.3246894243279774
85,0.20932694229499585,0.3240537237168377
86,0.20806255349088315,0.3239947095859288
87,0.2066876206375839,0.32347164980727294
88,0.2054860283427977,0.32329027670633
89,0.20418483110205282,0.3230943691962535
90,0.2028079040889267,0.3228010045761329
91,0.20158784901032412,0.322493959671617
92,0.20031609803664885,0.3220615777760152
93,0.19904662257622038,0.32144551337510296
94,0.19780259132489125,0.32107119031712206
95,0.1966595275067624,0.3207128577045815
96,0.19547616484384153,0.32027181774820784
97,0.1943684177331493,0.3200347798735218
98,0.19297240390967463,0.3191573376631596
99,0.19181590383182825,0.3187504478972332
100,0.19067044307520276,0.3185679859698759
101,0.18947315856618874,0.318318966484623
102,0.18847552513606747,0.3182444362871057
103,0.18734145751750436,0.31815409462925975
104,0.18621731355881369,0.3176475133067604
105,0.18523960986522453,0.31721118138900994
106,0.1841209838826651,0.3164251138277247
107,0.18294573798540392,0.3155879857138197
108,0.18194916989244375,0.3156978902058436
109,0.18076471300039848,0.31533602116838244
110,0.17978139882488084,0.3151196892944996
111,0.17879760707242107,0.3152069368672538
112,0.177813578979137,0.31503541557183745
113,0.1767997373033147,0.3147157274981955
114,0.17582746295151533,0.3145169863040606
115,0.17481998761732503,0.31433666906185537
116,0.17394391941169313,0.31380360694697257
117,0.17300531697727517,0.31335268920311254
118,0.17205287097825783,0.3131878801744143
119,0.17114250199333003,0.31291027726021947
120,0.1703675656875563,0.3129978354208862
121,0.16930999516234504,0.3127567615092616
122,0.16842754854299735,0.31254998672268547
123,0.16750314601852953,0.3125074530836196
124,0.16667202642463946,0.3121850087026871
125,0.16578665422062788,0.3121034497343308
126,0.1648644870129866,0.31196471029315836
127,0.16405475693153643,0.31187859698061476
128,0.16316456883190714,0.3118832720165782
129,0.16225993739446168,0.31174759117113765
130,0.16128318073173825,0.31180246538203527
131,0.16047028128518234,0.31156871919023055
132,0.15980290028724728,0.311361329271161
133,0.15913599260499253,0.31129322848730107
134,0.15836156891181727,0.31131718124426666
135,0.1574552607565917,0.3114112417572865
136,0.15662837823798806,0.31119177568971074
137,0.15584248115081048,0.31090704205467307
138,0.1550073636238574,0.3104485114648877
139,0.15423289154826308,0.31041345884680477
140,0.15349217857677505,0.3102294012821258
141,0.15274991099244778,0.31012551031445573
142,0.15195656235449598,0.3103375674832501
143,0.15127262508145714,0.3100924344701595
144,0.15052005402855986,0.30999723389313816
145,0.14972959495296123,0.3097855361156155
146,0.14886679764234917,0.3098784615047448
147,0.14811540171988483,0.3098260291762454
148,0.14740807773407844,0.3097391863554923
149,0.1467541501781876,0.3098776459278394
150,0.14605362554758308,0.3099343068424154
151,0.14526751808695715,0.3099497354021937
152,0.1445729631128311,0.30995867504162766
153,0.1439690257001653,0.3101345129997426
154,0.14330370592962408,0.31011281964301585
155,0.14264933411910033,0.3098302284978103
156,0.14190473250543426,0.3095454142157045
157,0.1411523016559043,0.30907332984424024
158,0.14053848888417805,0.3089836131013658
159,0.13979683061617315,0.30909675834982286
160,0.1391895265295964,0.3090475773230724
161,0.1385577496376403,0.30870000865907693
162,0.13795575584231176,0.30855094649923764
163,0.13729983006241853,0.3086093697289689
164,0.13655280922793944,0.3088405556485828
165,0.13595857426666316,0.30870185972595987
166,0.1353004642237252,0.30873028637121375
167,0.13465499752138194,0.30838495391476933
168,0.13393512403219107,0.3083330578695935
169,0.13325716421712722,0.30833953300434047
170,0.13259420078101067,0.3079167713882781
171,0.13198698524074362,0.30760628063175166
172,0.1313037607648708,0.30753873060188586
173,0.1307028434914179,0.3071971870280432
174,0.1301459829071386,0.3068791902267823
175,0.12960263735862504,0.3072849654481328
176,0.12909739250348218,0.3068826062498448
177,0.12845903741051384,0.30694655874384996
178,0.12792504637494687,0.30712291971226646
179,0.12733136500034228,0.30751553482381655
180,0.12669785561363353,0.3073463598851134
181,0.12614865175287915,0.3074789862597831
182,0.1255857289025825,0.30754493909571334
183,0.12512692401897987,0.3074308665170237
184,0.12457846142494865,0.3073976903958185
185,0.12396460141282231,0.30716984703239525
186,0.12336626692784032,0.3071989132439487
187,0.12289220404089497,0.3073543869105054
188,0.12239562650863708,0.3071272119348148
189,0.12182406098540106,0.30708655632371673
190,0.12130537762079266,0.3072399800941282
191,0.12078483213430105,0.3071393832818206
192,0.12026905844390871,0.3068645379275967
193,0.11970529204898395,0.30643503130669875
194,0.11921126588837172,0.3064145777078789
195,0.11863167988327551,0.3065098445358401
196,0.11812115386971828,0.30643539529568997
197,0.11757555176740493,0.30621340478157705
198,0.11710531790194664,0.306204654235272
199,0.11659628493746896,0.3061759367599653
200,0.11606831429905179,0.30603563284244306
201,0.11558185308623527,0.30606531053028246
202,0.11509048301661322,0.30655003120375973
203,0.11465386989522582,0.3064854245041902
204,0.11412548892854804,0.3065850235377077
205,0.11359600152982326,0.3066539527135698
206,0.11315439602918012,0.3065230702745478
207,0.11272583595936372,0.30657609169268796
208,0.11226025802411391,0.3066447053008025
209,0.11184182395142478,0.30678237607780356
210,0.1114222591587825,0.3065236995879706
211,0.11095686394870027,0.3070618275707041
212,0.11044393136472902,0.30701142665669795
213,0.10998248040842631,0.30706587365176713
214,0.10960163434191791,0.30721679015857417
215,0.10908144477665639,0.30761019393724026
216,0.108603466200147,0.3077650488358876
217,0.108212119892169,0.30780832824432325
218,0.1077714993633251,0.3078922383362926
219,0.10738126414442214,0.30803440559274586
220,0.10699035478838821,0.3082981842606562
221,0.10651796546622667,0.3086047048116345
222,0.10612497617638975,0.3086749434437586
223,0.10572497393183145,0.3086380770842934
224,0.10528778959623913,0.30888222275396626
225,0.10491586645421774,0.30886716771140055
226,0.10446798755213968,0.3090271074523504
227,0.10406535820206389,0.3093063932551892
228,0.10365912741440161,0.3093798517125082
229,0.10318167688234527,0.3096557415420785
230,0.10275703502103388,0.30989839247608747
231,0.10240057916476532,0.3102920603813615
232,0.10198175188403796,0.31015421623359485
233,0.10158821936652117,0.3101692790991282
234,0.10118901107100231,0.31029032899474973
235,0.10075434936449529,0.31046708970441156
236,0.10020522200661026,0.3103282395121288
237,0.09977297459369545,0.31000692889028986
238,0.09940698140792534,0.31007477953526663
239,0.09903648341701247,0.31016569583795267
240,0.0986441244048865,0.3104883537220459
241,0.09819396854857719,0.3106637834021381
242,0.0977643525135444,0.3109069028275941
243,0.09737587439440185,0.3106064408439782
244,0.09703239449972535,0.3107825733545333
245,0.09659443034253255,0.311077695021486
246,0.09611214745585332,0.3109534220018886
247,0.09568489625960798,0.3108044766732372
248,0.09532500300628373,0.311054515201795
249,0.09499344822620798,0.3110309777232831
250,0.09459641452705397,0.3111038944737922
