0,0.5859946365042569,0.5874422087785032
1,0.5668719948694005,0.5713074935590888
2,0.5496152460193051,0.5562150738775944
3,0.5339220348008061,0.5431525273735449
4,0.5197171679929742,0.5308793565831638
5,0.5069950811596323,0.5195661395493201
6,0.4948232606833049,0.5092708908087145
7,0.4834353171895492,0.4995746927289468
8,0.473309606373341,0.4917666307911548
9,0.4637580504023714,0.48450371371541406
10,0.4547713036190977,0.47760350345905705
11,0.4462219531193583,0.4708510043664053
12,0.43846476975449267,0.46479298418969645
13,0.430561611126868,0.45912752334511736
14,0.42332648105447407,0.45351783578922794
15,0.4163968046678115,0.4486597649386388
16,0.409574454574165,0.4430751257638871
17,0.4034286814308661,0.4394136375298375
18,0.3976070153447797,0.43491903068810794
19,0.39183027633867284,0.4315757112288909
20,0.38616962944620764,0.4274811135661274
21,0.3808617539596876,0.4239714967698977
22,0.3754747945120688,0.4211151094349311
23,0.37054815417534626,0.4182130416284332
24,0.36567957252891176,0.41450749308405366
25,0.3603772724385997,0.41084841083088175
26,0.35590910670719206,0.4083659157794931
27,0.3512331729656233,0.4059256512140595
28,0.3468515734992435,0.4036228190869605
29,0.34261527627957244,0.4014013202625219
30,0.3383605133637562,0.3984575015000878
31,0.33455615504155484,0.39629480676471
32,0.33058128546714094,0.3944680497731391
33,0.3267157675190731,0.3923015286001976
34,0.32286941109936773,0.3899437177802091
35,0.3193087263181655,0.387959144790077
36,0.31586953985817756,0.3854762730830711
37,0.31254676359723593,0.38401697168891247
38,0.30908534345020067,0.3815680807532443
39,0.30582213833723004,0.3795278696023186
40,0.30263947156212134,0.3780076398316662
41,0.299551706927241,0.3757294144664333
42,0.2966877636749591,0.37338624833968015
43,0.29352753547686183,0.3712769155112467
44,0.29057422838811625,0.3698959779975879
45,0.28778631763551604,0.368158608312621
46,0.2849964698961381,0.36672534702387827
47,0.2822483251405291,0.36559089005060835
48,0.27954283223944487,0.3640229744151165
49,0.27701908172927703,0.3625809618704333
50,0.2744171606884841,0.36078552254470314
51,0.2718904683760887,0.3600183166646021
52,0.2694848200905372,0.3581258116762471
53,0.267188230887141,0.35730485341569446
54,0.2647028208711899,0.35565731617639784
55,0.2623216434761654,0.3541198961525121
56,0.2600095416758309,0.3529849298338062
57,0.2576947225698585,0.35197387160721594
58,0.2555234549632761,0.35133149500312694
59,0.2533861572381145,0.35087437050000936
60,0.2512891523157768,0.349591282621993
61,0.24930898676395694,0.348093844493928
62,0.2474276965995808,0.34761339806383795
63,0.2453155264885361,0.34658234745591315
64,0.2430799652656634,0.34507864856029097
65,0.24120382958727846,0.3444139868983101
66,0.23941833755667047,0.3436757151277739
67,0.23748572398946857,0.34268973954383836
68,0.23574761154360357,0.34212644442137385
69,0.23376834782099412,0.3408396928768878
70,0.23195062456102347,0.34015524583167733
71,0.2303435603597812,0.3398538677411577
72,0.22870273098170427,0.33897731369284373
73,0.22701176530955225,0.33832818816103044
74,0.22536400935765447,0.33770752553906924
75,0.22376910149890628,0.3371042164196804
76,0.2222380314275251,0.33627976437156853
77,0.2205567062679849,0.3354021182830585
78,0.21925612253831284,0.33523909257934753
79,0.21779117841922427,0.3347103229747875
80,0.21623645411046646,0.3342361964176675
81,0.2146778874055653,0.3339101584190635
82,0.2133358209180021,0.3335411628714044
83,0.21198349970031724,0.3332031067387039
84,0.2106250415063569,0.33239779907267974
85,0.2090285413609798,0.3318441902599014
86,0.20767427549545325,0.3312177627581238
87,0.20621122211226325,0.3304788750861455
88,0.20490230547999344,0.3308325359694496
89,0.2036408358739463,0.3306418981328049
90,0.20235614240533864,0.33026539111631914
91,0.20123129746460913,0.3298774471913604
92,0.19988690368352813,0.3290496775337811
93,0.19876170653238387,0.32859019245227733
94,0.19744469387994287,0.3284498030727306
95,0.19609949028043275,0.3279424631978429
96,0.19489783258240942,0.3274016554910289
97,0.19371666413005584,0.3268753626523846
98,0.1924855532063066,0.3262184833570023
99,0.19151215016702275,0.32603895991965726
100,0.19041416454455826,0.32556154814580757
101,0.18926473085531792,0.32496997958888385
102,0.18813454313163286,0.3248129565490826
103,0.18703836358052373,0.3244903530320961
104,0.18593967613290519,0.32419169252185953
105,0.18483562110872145,0.32393153837026056
106,0.18364202831437812,0.32342544355191394
107,0.1825441710422109,0.32295764027557294
108,0.18142562611758303,0.32269451137802113
109,0.1802980865489211,0.32246996224552116
110,0.17930944448502092,0.3223008857179009
111,0.17831651903498474,0.32238134278383307
112,0.17732957220133364,0.3218882435240734
113,0.1763926812700561,0.32107890953613716
114,0.17541077417186013,0.3210131199866862
115,0.1745038641240841,0.32065428020333225
116,0.17363930020969456,0.3205808934190892
117,0.17249204557632436,0.31995780957712533
118,0.17145201390735618,0.31939432114991934
119,0.17052952818771486,0.31925694626070295
120,0.1694349393400237,0.31942504003950817
121,0.16845581715945518,0.31912773259782784
122,0.16760593120802184,0.31884234753536167
123,0.16657801680914824,0.3186098943905458
124,0.1656511053579751,0.31845449359659234
125,0.16485266225294784,0.3183987759471462
126,0.16406162273812758,0.3186066219747211
127,0.16327152095262268,0.31872489125319087
128,0.1624393486606971,0.3190905937074362
129,0.16158656497920795,0.3189473777280383
130,0.16078288802918864,0.3188885946503834
131,0.15996644152274683,0.31861715077569736
132,0.15910863466459504,0.3185953816954438
133,0.15835865718429262,0.31845048409281546
134,0.15760275897423542,0.3184116537821291
135,0.15686058108904677,0.3178751048301126
136,0.15623354903733397,0.31771614660612835
137,0.15547922785389454,0.31771714507951887
138,0.15471917310201927,0.31756913503323897
139,0.15401240011887396,0.3167374717934708
140,0.1531703567039683,0.3164349196899948
141,0.1522151484203018,0.3163030004267982
142,0.15147289865921365,0.3156481559395989
143,0.15075975307056036,0.3152995789478022
144,0.15008629629404366,0.31584337651934385
145,0.14933855742661137,0.315804951579403
146,0.14864622829250607,0.3153726616539061
147,0.14795665481974818,0.31532429833816705
148,0.14724034042114656,0.3152400995336692
149,0.14647180784380018,0.3149528101534943
150,0.14574119722383544,0.31505034120074793
151,0.14490052126793315,0.3151384965613127
152,0.1441457055399443,0.3150994004054124
153,0.14350456930572617,0.31451427811800925
154,0.14274129718626766,0.31500368075495
155,0.14208001269209403,0.31498164109479654
156,0.1414771652900873,0.3149908850049974
157,0.14079363083018445,0.314277412753895
158,0.1401885251459828,0.3142200561797888
159,0.13956287847177062,0.313934896709581
160,0.1390360553113598,0.31374571346669133
161,0.13838000112842738,0.3135219348198653
162,0.13759050030984968,0.31365108749119036
163,0.1369949918816401,0.3135292245298423
164,0.13629385669275268,0.3134338755068518
165,0.1357063997724503,0.31356096913744647
166,0.1351113643117054,0.3136553057605548
167,0.13460404209409033,0.31358770576306133
168,0.13393037220386186,0.3133978524497035
169,0.13335046434096656,0.31373520675076805
170,0.1327798421200488,0.31403919964190824
171,0.13213415640829607,0.3139303748113591
172,0.1315828436197261,0.31391736182770746
173,0.13079010077131847,0.31384828649536584
174,0.13013781547856929,0.3140886955696964
175,0.12946000640758942,0.31421988808368606
176,0.12874288608140927,0.31395582662100713
177,0.12817679419834418,0.3137185276238566
178,0.12761220003281465,0.3139703136747968
179,0.1269625846229303,0.313751778950289
180,0.1264545337021556,0.31399907041042185
181,0.12588984287614438,0.31391248765986984
182,0.12542067215834504,0.3134541619835129
183,0.12487097218080474,0.31384926500374405
184,0.12438137654967235,0.31395346982991074
185,0.12392134702048097,0.3142196196913727
186,0.12338186850737186,0.3142451633082816
187,0.12290284649064438,0.3145357175209851
188,0.12243045684488121,0.3148231627765799
189,0.12185470588600385,0.3151841465011677
190,0.1213866010935791,0.3151939265619168
191,0.12081011530351875,0.31517886316557886
192,0.12029327444536335,0.31511153839048606
193,0.11985732944041859,0.3153444487029096
194,0.1193743545440491,0.3154246531457747
195,0.11883461387314526,0.3155099871149467
196,0.11830454350341903,0.31550386080915616
197,0.11786135671970382,0.31574418459264864
198,0.11722565601689064,0.31589084931588873
199,0.11677284508441368,0.3159009063186331
200,0.11628354415394634,0.3161666852247754
201,0.11572668286489812,0.3160681885750005
202,0.11527074696101577,0.3159529530852213
203,0.11484432492111933,0.3160458637172503
204,0.11435089028971789,0.31596708359872294
205,0.11385475659668987,0.31594399724259076
206,0.11337770502049288,0.3161641579345245
207,0.11287916421659125,0.3162329513650111
208,0.1124183192871496,0.31627514113690064
209,0.1118086640755441,0.316263130061605
210,0.11135370116824071,0.31685130718550325
211,0.11096069420894991,0.316749310381753
212,0.11054080955511784,0.316382684415405
213,0.11003831520044784,0.31636596100749365
214,0.1096227677115129,0.31671303965597103
215,0.1091939238211181,0.3168988540825236
216,0.10871278023861541,0.3169849367070489
217,0.10820671447640491,0.31702006379065256
218,0.10775953148363164,0.3171466651478918
