0,0.5664540844735465,0.5711468176445952
1,0.5312171656834451,0.5407824419127781
2,0.503175641250054,0.5185590788396168
3,0.4787780420064867,0.4982931579409489
4,0.4589868471795895,0.4815747503257888
5,0.44042457705650334,0.46706592855941703
6,0.4256467078928026,0.45576741223484574
7,0.4091216534183776,0.44200009006866164
8,0.3974605337184851,0.4337912860139464
9,0.3838808585287561,0.4240288158978667
10,0.37194647240085305,0.416514587701552
11,0.3613749725805168,0.4099362795324496
12,0.3508642334860954,0.40288023753591606
13,0.3425366341856853,0.3983501065559463
14,0.33528450941028815,0.3939875275577987
15,0.32846601075440085,0.38855160852786796
16,0.32227915393922923,0.3858354025877731
17,0.31544465170072644,0.3827315399545443
18,0.30946628336703114,0.3797350157474429
19,0.30428150403863624,0.3768891260827749
20,0.2992677988397566,0.3740605692236608
21,0.2936103685972648,0.3700679854284342
22,0.2901508841976198,0.3680832189013422
23,0.28679680462571483,0.36667010456575433
24,0.28349690811196204,0.3651041866652297
25,0.279719653231385,0.3628769206294186
26,0.2777635989897508,0.36170843106955586
27,0.27421953725834797,0.3595530631698327
28,0.2708553518284234,0.3584118397873095
29,0.26703911197539176,0.35547593253744286
30,0.2640064690112254,0.35455472550353045
31,0.2611288580527416,0.3540651567732067
32,0.25844513645530665,0.35232072625916533
33,0.2556929462108402,0.35086032436608855
34,0.25313974705237113,0.34940452152163265
35,0.250709371814225,0.3485483199387611
36,0.24836620748923516,0.34832863170083306
37,0.24659806154825556,0.34824434912413593
38,0.24441286068420778,0.34772564226735536
39,0.24248525737336252,0.34671980738417646
40,0.23925469580264586,0.3455976844852268
41,0.23717587300582743,0.3446491999296142
42,0.23473471451815228,0.3445580690195617
43,0.23345089819265646,0.3440209058044889
44,0.2313776512213177,0.34228386806979566
45,0.22895120554201326,0.34221517008953317
46,0.2268942297580111,0.34037398189495116
47,0.22521110489070156,0.33888349700885756
48,0.22385763146941362,0.33760613864880223
49,0.22212458981382324,0.33723360823400717
50,0.22018764905336516,0.3363795230428042
51,0.218125486400537,0.335273503786912
52,0.21656507284143733,0.33536021574076347
53,0.21525196463624321,0.3346617632317792
54,0.2141400983477568,0.334538064607295
55,0.21310789726837331,0.33450517152708253
56,0.2117491709075354,0.33379919584248047
57,0.21013356733659344,0.33323350404694707
58,0.20805845029588305,0.33213194272116153
59,0.20648872632465798,0.3309172271967497
60,0.2040734869685087,0.32987095098979546
61,0.20226782275888192,0.33009104085178903
62,0.20050449814516108,0.3294619301817274
63,0.19948486636749763,0.3289338491549697
64,0.19868846959989359,0.32893402020911694
65,0.1972966327821205,0.3284029772923611
66,0.19572010315199084,0.32779278576736953
67,0.19466661212063194,0.3276272142207839
68,0.19335840571285137,0.3276367664825964
69,0.19235953871787792,0.32759041324994764
70,0.1912047889498881,0.3280398875269409
71,0.19013403320850114,0.3282649678504002
72,0.18853249004903289,0.32796770788332963
73,0.18758733448680665,0.3275677235611894
74,0.18661789387296202,0.3271363504012495
75,0.18488938268435917,0.32593110363623107
76,0.1837559440026389,0.32514145383037346
77,0.18295295572251935,0.32498311821073217
78,0.18218187102481498,0.32467101526467007
79,0.1808586495766849,0.32464286863894587
80,0.17932267165363627,0.32340979038054496
81,0.17817077078244278,0.32299470773224104
82,0.1770058875723604,0.3233665592804603
83,0.17610691582100593,0.32321574251263757
84,0.17561307626493394,0.32271762386290265
85,0.17451935117685557,0.3229743964737744
86,0.173811613109477,0.3231966045271294
87,0.1727315395935915,0.322749692397692
88,0.17195576806393173,0.3227497268450552
89,0.17070163238924016,0.3228064394161609
90,0.16951220886896956,0.32216727960286345
91,0.16870038307564614,0.3226680656979286
92,0.16805271801280733,0.32289118656683086
93,0.16734984500958863,0.32343385592575147
94,0.16670053334681958,0.3234918017693005
95,0.1658951135998723,0.32348715082536755
96,0.1650071069291842,0.32311934047095314
97,0.16433093489909337,0.32216156246260946
98,0.16357576014273342,0.32217688455059385
99,0.16289027574122536,0.3225405696278649
100,0.16200762546099648,0.32225642728510034
101,0.1613977423382603,0.3225027631883089
102,0.1604446820788041,0.32213310117761107
103,0.15964448185107655,0.321391975543708
104,0.15885953008196785,0.32117287227911706
105,0.15836575689488355,0.32152186468600946
106,0.15697316741615916,0.32207648316907433
107,0.15618300839380916,0.32149138772780556
108,0.15550723326129584,0.3215114109148225
109,0.15487303844280356,0.32188102513228617
110,0.15439619427904544,0.32133293749461833
111,0.15379751787183144,0.3211237417455766
112,0.15286822510239748,0.3209454209521083
113,0.15207715828747181,0.3209653180974367
114,0.1515917925794966,0.3205469663275284
115,0.15080169481247277,0.32066715251451644
116,0.15011998648782304,0.32077695665812533
117,0.1495629623812062,0.321093311586795
118,0.14864547517655377,0.32022404476512356
119,0.14803240850597643,0.32022368512880134
120,0.14724361508436845,0.3207098875818756
121,0.14630872373551948,0.320198923626648
122,0.1456103524089816,0.3198680278123495
123,0.14499170186627905,0.3194279613995843
124,0.1445563071039866,0.3193155160172848
125,0.14390893612393846,0.3187816651500058
126,0.14348266216933905,0.31863023129858403
127,0.1428006064783631,0.31830877719968226
128,0.14223669912989087,0.31821202895688316
129,0.14154039795176138,0.31729768943870124
130,0.14106109169839678,0.31688399168465536
131,0.14043028890515946,0.3160721880782333
132,0.1397742817803566,0.315656533532139
133,0.13927615363267135,0.31555398152173714
134,0.13873765797312895,0.31510300373947375
135,0.13829631686255486,0.31484517301122655
136,0.13780085597191444,0.3152557129596284
137,0.1374180756680748,0.31556578950815745
138,0.1363858509231442,0.316226850762069
139,0.1360502265612345,0.3159594227861665
140,0.13575395729706985,0.31594150733257315
141,0.13527442926789293,0.3158441235583968
142,0.13467445611757667,0.3161832119535403
143,0.13404189932965624,0.3163748987502313
144,0.13364340682485573,0.3161099236035001
145,0.13318063206496128,0.31622752505234236
146,0.132722220212632,0.3163588502123548
147,0.13227385573520103,0.3165805643384121
148,0.1316673317106229,0.3162789975990084
149,0.130870437542805,0.3160174895708855
150,0.13036266985647504,0.3158975078830325
151,0.12975427769629708,0.3153696108017409
152,0.12935986492399365,0.3152776999655041
153,0.12898487059748384,0.31490380649300287
154,0.12866222182991766,0.3151871913451068
155,0.12827591336587868,0.31534045092506
156,0.1278291089708402,0.3154434608226127
157,0.1274100929174282,0.31558686261788327
158,0.12712880725060915,0.3153610985990425
159,0.1267366827836516,0.3156396382317969
160,0.12626085065663842,0.3158768696780363
161,0.12578294283027536,0.3156735168004577
162,0.125403419170469,0.31604441156054
163,0.12473844104882768,0.3162094113311895
164,0.12427653794163235,0.31628203769209823
165,0.12374672197290908,0.31546792533504636
166,0.12326368532636478,0.3153606981575298
167,0.12288295320889986,0.315375795402628
168,0.12242569542763816,0.31558014977634025
169,0.1217978098914129,0.31526338254788033
170,0.12099433544862626,0.3149010815154752
171,0.12030700191894968,0.31544229660597933
172,0.12014052854220142,0.31526233297106154
173,0.11945926879098881,0.3144615755672659
174,0.11876565676578228,0.31491856432043547
175,0.11831685549829501,0.314465038284889
176,0.11786833097179057,0.3148556458833211
177,0.11751598086441167,0.31522002245128716
178,0.11714079840944122,0.3155061333751765
179,0.11674380340587875,0.3150866125550845
180,0.11631088948623294,0.31528181772518005
181,0.11595777430250347,0.3152961916624426
182,0.11552646756891828,0.31501239297319494
183,0.11499839402161134,0.3150482003805718
184,0.1146930351988283,0.31518184692829393
185,0.11427438372618134,0.315356296526382
186,0.11392605849904727,0.31572358608736506
187,0.11370738612489878,0.315561624795266
188,0.11340590417683943,0.31530266559012066
189,0.11298608279376256,0.3153783549405597
190,0.11263790550457786,0.3153378757213985
191,0.11194186837680276,0.31542547484991745
192,0.1116408232482648,0.315419300547389
193,0.11146475006288076,0.3153981181347852
194,0.11115919564364331,0.31559533393334516
195,0.11089594123634228,0.31554557457179755
196,0.1105629706208406,0.31517732321751296
197,0.10990391765932875,0.31520188017794587
198,0.10948246576920807,0.31460151027170125
199,0.10926185899581808,0.3145233831336216
200,0.10900264359689413,0.31438516356455065
201,0.10855932434037979,0.3147314412542017
202,0.10823735203958995,0.3148452075077711
203,0.10787710625323794,0.31444475156980406
204,0.1075839371863908,0.31449161390736924
205,0.10724598239989554,0.3147198913877443
206,0.10704480502171217,0.31411097535357124
207,0.10679083709341919,0.3141608500807355
208,0.10658585850649736,0.31367254886388773
209,0.1061822991572411,0.31400656869989557
210,0.1057667119556896,0.3140206273131824
211,0.10535248248239511,0.3144256719744488
212,0.10490505725867935,0.31420740957159426
213,0.1045619289410338,0.31434577110070255
214,0.1042765214882578,0.31481050571082364
215,0.10394505520187707,0.314657259955132
216,0.10369754097661556,0.3149382867390951
217,0.1031479763476684,0.3159494013904532
218,0.10269401572058762,0.31537679403044316
219,0.10219049719726155,0.31606895199965984
220,0.1018199967311321,0.3159746815958852
221,0.1015385410779578,0.315650714585066
222,0.10130454673353895,0.31514515752163963
223,0.10100618091877724,0.3154543018139571
224,0.100619724270519,0.31544467461672443
225,0.10036312321358422,0.31557653138927133
226,0.0999273470732524,0.3152961288705523
227,0.09975957069616503,0.31536176737225946
228,0.0994795949827983,0.31517043269945727
229,0.09905854264620365,0.3155517975694896
230,0.09870456586987388,0.3154442888914508
231,0.09834839826423857,0.3153316121077777
232,0.0981986410896921,0.3154019002661953
233,0.09798542351027326,0.31583034110001645
234,0.0976677469256826,0.31542775809893775
235,0.09728894084684198,0.3144058892094886
236,0.09701284612915104,0.31421840178210214
237,0.09683819583262471,0.3147074380036903
238,0.09662120363506504,0.31430897297874366
239,0.09638794005155756,0.3142611205679222
240,0.09610049604713272,0.314484157197089
241,0.09569566672440233,0.31467491208068116
242,0.09550000008908871,0.3145534977047574
243,0.09511482649133193,0.31481736693034834
244,0.09473893110505782,0.3149192161769208
245,0.09437914470521305,0.3148926938064077
246,0.09413210724907557,0.3145157386572887
247,0.09380047083960646,0.31499841879393903
248,0.09345180252080376,0.31519442237554873
249,0.0931475479899126,0.3144774988603664
250,0.09293298622737474,0.3142554684961955
251,0.09274289654191106,0.3147059203257227
252,0.09258976679322267,0.31518842153028753
253,0.092257817508082,0.3146758737858611
254,0.09201989328212148,0.31513957627827927
255,0.09177000590321983,0.3153067643401351
256,0.09151520162892406,0.3153309335981433
257,0.09130798397121187,0.31513374890000595
258,0.091011583672354,0.3157209501825444
