0,0.5665726776687863,0.5694823802523722
1,0.5346792355227891,0.5419345218114844
2,0.5063980009350375,0.5179575833805504
3,0.4842404601723141,0.4998159365952311
4,0.46353736055794265,0.4825991262508836
5,0.44506731887283474,0.46634695104063445
6,0.42882597138205564,0.4546920357063013
7,0.4145652885942622,0.44251729861686107
8,0.4016920275114771,0.43303102578934516
9,0.39051958113753354,0.4230451895203349
10,0.3804233600039739,0.4150521149701608
11,0.370325434783685,0.40626550444365733
12,0.360937126595106,0.39943590606336205
13,0.35212486092050227,0.39117563003165484
14,0.344509379331856,0.3866308099833477
15,0.3368460639907907,0.38077219022953995
16,0.32989470916933183,0.3753009209374212
17,0.32335809967174167,0.3699546612303449
18,0.3171654184602584,0.3654669903610882
19,0.31157273117953327,0.36040435851271363
20,0.30690369925984146,0.35678899108386913
21,0.3027033137163572,0.35273702555847497
22,0.2983842414582015,0.34984916438234837
23,0.2921900271940148,0.34508596073980363
24,0.28927088894092445,0.3433976226006269
25,0.2847443518007041,0.34017275852385204
26,0.2812060222523678,0.33781650476712577
27,0.2783217791172805,0.33645293072176785
28,0.27560893787745955,0.3348281293582123
29,0.2737137216770282,0.3340367363301562
30,0.2706727887024381,0.3317471117654292
31,0.2687592863636926,0.3305437514945021
32,0.26568051380978824,0.32859295594775095
33,0.26345966999269405,0.32676719417638317
34,0.26093888191285636,0.32497321557930586
35,0.2579206799704841,0.32314652208582884
36,0.25576300005356106,0.3218587711083498
37,0.25389397361942295,0.3206494041416117
38,0.25226009044234704,0.3197678959269036
39,0.25054457729211926,0.3184553493543083
40,0.24863326874972574,0.3168190201280163
41,0.24630288443700873,0.3157843295595763
42,0.24423850735319677,0.3154474656229844
43,0.2415700589616785,0.31428717943176615
44,0.23956718560570014,0.313059855431925
45,0.23764284557415677,0.3120388988638528
46,0.2357157038569613,0.3109133777235447
47,0.23402925717605308,0.31006322316677415
48,0.23240450265911472,0.30856651879565894
49,0.23115658584167162,0.30812576899070077
50,0.2294083032521149,0.30762641574325483
51,0.22691762441251662,0.30644831805126493
52,0.22495027015234065,0.3059880499817734
53,0.22406557616357964,0.3058526461838551
54,0.22208756718692987,0.3044030834683018
55,0.22075949076365153,0.303191318150791
56,0.21896840339452064,0.3019876487362601
57,0.21635404345839623,0.2998116655051412
58,0.21492188738398615,0.29944976519833966
59,0.2128855451207903,0.2979186325654935
60,0.21126112933792146,0.2975713967372476
61,0.21000662835387487,0.2976260925398061
62,0.20854967569658056,0.2972766463085269
63,0.20738682255143337,0.2973027755298246
64,0.2064353848671296,0.2964584687752455
65,0.20549186251235158,0.2961234923400347
66,0.20406896659749627,0.2959600334631902
67,0.20266689827606943,0.2953596192633117
68,0.20151817885386847,0.29550661202686607
69,0.20006291052455608,0.2942554428535324
70,0.19861022118332852,0.29362123374491483
71,0.19763267296961912,0.29402572539280786
72,0.19629054935845616,0.2935516096229823
73,0.1953138407636161,0.29304925538507004
74,0.19384516233720323,0.2919065103151252
75,0.1927020689336107,0.29145485089209516
76,0.19180745519036235,0.29093174167188274
77,0.19097000362558755,0.29054007315666014
78,0.18968856154677607,0.2897032328419824
79,0.18898318695616295,0.28991782729344695
80,0.1879100348559438,0.2896175150100101
81,0.1870507654210824,0.2891812388477209
82,0.1864013601390972,0.2892195241111437
83,0.18566541598130573,0.2890144635617082
84,0.1842876926730779,0.28886839913901646
85,0.18316999900769715,0.2881909407450528
86,0.18195089476096563,0.287672226056882
87,0.18110615646222392,0.2875680364182824
88,0.18003999967098436,0.28778215016070996
89,0.1793902938644792,0.2873809574867387
90,0.17803348260666868,0.2870587983521029
91,0.17705584590320725,0.28699385054509385
92,0.1761678681496798,0.28672743945908774
93,0.17508836159760585,0.28629176929230543
94,0.1738660369870427,0.28586044399458044
95,0.1732388487858603,0.2857591540843078
96,0.17175777492973504,0.28552462368169584
97,0.17017730398668818,0.28555901141239787
98,0.16921874870372017,0.28545287770081346
99,0.16869643270097043,0.2851721566760507
100,0.16746296740197403,0.28432178454170265
101,0.1662270576678779,0.28327665022133214
102,0.1656016632384936,0.28344423684976855
103,0.16482058546994077,0.28354885603524116
104,0.16409089161024823,0.28352229991306244
105,0.1633355885339142,0.28284861286732166
106,0.16266695507192674,0.28286892722167495
107,0.16214648635837342,0.28308723179869494
108,0.16157205543624895,0.2832592625079386
109,0.16084292013570944,0.28361907887273463
110,0.15995768729543214,0.2832193400853248
111,0.15921246205744022,0.2834850777169022
112,0.15827096648613023,0.2832967746034524
113,0.15726315762756543,0.2827973766053556
114,0.15655107697388027,0.28191463159704294
115,0.15573334260029625,0.2812225191526544
116,0.15533774102065986,0.28103463258409306
117,0.1546474852279936,0.28112655634508127
118,0.15399112159645068,0.28031087557802786
119,0.15345994977112595,0.2798955555188598
120,0.1529318043005937,0.2794383720674227
121,0.15194613690525507,0.27828653127670866
122,0.15120993869147661,0.2781045742609465
123,0.15072813665031554,0.2782742815654514
124,0.14969991203820734,0.27836489983739066
125,0.14904141866065226,0.27881181086834367
126,0.148615646308442,0.2788783795583638
127,0.1477559587528764,0.2787384243826303
128,0.14733399678394477,0.2779945567869438
129,0.1468611722724174,0.27854022264037587
130,0.14641542552579737,0.27865608441671164
131,0.14591705385997505,0.2791304227028064
132,0.14522559623281847,0.279053680713417
133,0.14428868799659775,0.27875101985525463
134,0.14375924317895633,0.2790726617444769
135,0.14313417945719972,0.27910302941365556
136,0.14253248981051453,0.27846580592900616
137,0.14210341032606005,0.2784912499706441
138,0.14163110837761728,0.27831926328997575
139,0.14080828547748075,0.27817921270338897
140,0.1400305331517094,0.2777567811734797
141,0.13940113056412923,0.27795556437824376
142,0.1389094227566475,0.2776257938783072
143,0.13856413265162218,0.2774532259427577
144,0.13816104037322932,0.27689670889093626
145,0.1376953466825103,0.2766696258407371
146,0.13729151778548923,0.2766699681739215
147,0.13664778610120193,0.2772493149508105
148,0.1359465895339452,0.27656731709986815
149,0.13562261163178316,0.2762924957485886
150,0.1350838238276728,0.2756233809195836
151,0.13445216578079666,0.2755170515171958
152,0.13395266409754997,0.2755980673287704
153,0.13360213534574056,0.2756537158847273
154,0.13281488877819767,0.2758932905646213
155,0.13211702662027505,0.27588855163929493
156,0.1315559642879708,0.27626933993114106
157,0.13107664895460527,0.2759450670974949
158,0.13068395822844578,0.2758084571436639
159,0.13024350218421094,0.27566420504996275
160,0.12985125322179114,0.27575060529144185
161,0.1295631523377641,0.2755412748426822
162,0.12916879908456708,0.2755914636139176
163,0.12895001178767035,0.27563823128739684
164,0.12867215401011395,0.27575886639123165
165,0.12842823032591896,0.2760091762263291
166,0.12817286057005722,0.2757328908581586
167,0.1275264836012841,0.2754238547883047
168,0.12714313627883278,0.2754810578373604
169,0.12687205349201897,0.2755969676637445
170,0.1265788912610781,0.2755285969262761
171,0.1263030751512682,0.27546594480062764
172,0.12577145416131727,0.2752759237211871
173,0.12537532626410822,0.27512449461156585
174,0.12485812187650656,0.2751880346024233
175,0.12442438141113277,0.2752230322812041
176,0.12394920678274243,0.27533038504733387
177,0.12339476833097093,0.27574372812855874
178,0.12297735319006031,0.27589214476271207
179,0.12251309914391156,0.27607738293992684
180,0.12215718012550572,0.27583565700800616
181,0.1218177223532304,0.2756353540961282
182,0.12153349289527662,0.27565502200105485
183,0.12076347575419813,0.2759642873140646
184,0.12026587422079839,0.2756293543978375
185,0.11978096476095645,0.27583055215498825
186,0.11939995728006093,0.27588716090613813
187,0.11914842104750192,0.27632403481185674
188,0.11873453649849385,0.27617520702283277
189,0.11836065453717319,0.27598915184416106
190,0.11809433502997803,0.27598728033190995
191,0.11756474121559819,0.27571842893000875
192,0.11718736779919994,0.2758602939543565
193,0.11673360137803827,0.2759866100721396
194,0.11617294679062999,0.2761388313030554
195,0.11590354815672707,0.27568362731289564
196,0.11558362524083134,0.27566620743904696
197,0.1153083002421233,0.27547145272452983
198,0.1148750865455869,0.2758802252162901
199,0.11454881578882167,0.2759912838389895
200,0.11396977018497814,0.27622682365874157
201,0.11349431995782554,0.2761536306889345
202,0.1131717797660974,0.27611624868777407
203,0.11282996062086657,0.27651628083399155
204,0.1124559420174305,0.2766365578748164
205,0.11223787278090613,0.2768040650069636
206,0.11197850906781215,0.2768935560211336
207,0.11157000856802156,0.2772022264378604
208,0.11118803125296377,0.27744255799971484
209,0.11093567234681614,0.2775272017456045
210,0.11052435968750693,0.2777637590152695
211,0.11030111210860719,0.2780837285875268
212,0.10995591837692341,0.278321901928042
213,0.10953426495324409,0.2779030973466748
214,0.10921570218730993,0.27797200567356767
215,0.10881029674186385,0.2773986796183394
216,0.10845524853540375,0.2781979213975085
217,0.10809677535539834,0.2780655043588904
218,0.10788641893335238,0.27794015100448927
219,0.10771049114705859,0.27779549918710433
220,0.10735614993914475,0.2774428217717476
221,0.10709140605984942,0.2773061035695863
222,0.10667747745541846,0.2772478306896766
223,0.10612658377869093,0.27654251134927804
