0,0.5697661049836085,0.5697711749666379
1,0.5368437972470197,0.5402081036106003
2,0.510932802613746,0.5187007384716932
3,0.4877440228425512,0.4968560795265489
4,0.46597991208447576,0.47757226724432855
5,0.44745028947359994,0.4602619603557407
6,0.43189214444542334,0.44533652124895
7,0.41662209551121837,0.4344378989467318
8,0.4053400179825914,0.4249384362979347
9,0.3944230826670105,0.4144553692036613
10,0.38295074327503564,0.40524367621129653
11,0.37356951469400546,0.3977851739972682
12,0.3626138425702962,0.3890487286960475
13,0.35358295351570285,0.38204347502066577
14,0.34413589655738747,0.3735007986929471
15,0.33647995066385217,0.36690160536689104
16,0.3284176658678949,0.36184163935401115
17,0.322583320689151,0.35674916201871343
18,0.3168763552431821,0.3526161563283992
19,0.3110855840311206,0.34919849760245897
20,0.3062858232011385,0.34481281852266404
21,0.29955776734497314,0.3414434642043582
22,0.29501928903323443,0.33914531841356205
23,0.2917291825581254,0.33732679997900983
24,0.2866028749629363,0.3342996580487389
25,0.2830633838280114,0.3318332502546294
26,0.2793397371207836,0.32997209238038283
27,0.2764571771702815,0.3284362895745329
28,0.27309869821473626,0.32597728192717457
29,0.26948758484742497,0.3240767866743002
30,0.2663152026725313,0.3222572448207463
31,0.2628929838205142,0.3200149477016488
32,0.2598901506562386,0.3180719757935378
33,0.2578633343669079,0.3167271393368829
34,0.25380226084280244,0.3149152053547829
35,0.2512118187155977,0.3145922630814449
36,0.2493900909954194,0.313706622406278
37,0.24757451657598978,0.31250825688583256
38,0.2456173640413352,0.3112596151083264
39,0.24328269628724183,0.30979040135974445
40,0.24183456600544942,0.3088163004183722
41,0.23990048213855175,0.3071154519497549
42,0.23749313801887803,0.3061220191600395
43,0.23549882455437318,0.3041727367710866
44,0.2331202978502773,0.30211048265835855
45,0.23172746174710915,0.3011401695991906
46,0.22950157899292048,0.299512022760324
47,0.22764932395308018,0.2986731210976928
48,0.2260101501870857,0.29790613606069033
49,0.22386510432995013,0.2965929982527099
50,0.22236690302163192,0.29548536440081963
51,0.22073992898445813,0.29463846423471757
52,0.21955643609898806,0.2940448417005526
53,0.217917330425463,0.29321000573818146
54,0.216378044227875,0.29223690863953977
55,0.215004177972432,0.2915290703538291
56,0.21377793152388513,0.2906544342638912
57,0.21283289458790458,0.28970211125954676
58,0.2108021659215971,0.28875924455410734
59,0.20983887005940557,0.28849312723840864
60,0.2089108754331461,0.28771420206519466
61,0.20656523615725916,0.2869189401030496
62,0.20462889664697498,0.28685970190919885
63,0.20306079487240222,0.2859623303910664
64,0.20149121064621506,0.285409535050148
65,0.20016021235620032,0.28491362923240177
66,0.19895437087119922,0.284553334005029
67,0.1976911381559101,0.2838140726366932
68,0.19618895361401179,0.28298184556873607
69,0.195225408136556,0.2829390699062367
70,0.19432151028463215,0.2822574153986446
71,0.19311762656040557,0.28179297930733954
72,0.1920367286232748,0.28084480432495695
73,0.19100991323121264,0.2803077681902001
74,0.1900417202465451,0.2797985297536187
75,0.18880885778106463,0.2793441839505065
76,0.1876570394445143,0.27867603712264805
77,0.18652407037300528,0.2782257546087155
78,0.18540176822518759,0.2778185504916852
79,0.18425638688950693,0.27734220721282604
80,0.18323445741965097,0.27680343924536044
81,0.1821865617822109,0.2755861791348327
82,0.1811249781733456,0.27513841565702085
83,0.18060072545650888,0.27532450662224806
84,0.17942163152671076,0.2748345838191012
85,0.17827533747871813,0.27420623692412893
86,0.17707979177588032,0.2747630355851919
87,0.1756629959730094,0.274262626039913
88,0.17485069054166635,0.27367395019323343
89,0.1742839647162366,0.2734999146669467
90,0.17335699506562832,0.27372399438265066
91,0.1724789321448248,0.2736201911823419
92,0.17119665071726686,0.27290020606877297
93,0.16983148253351443,0.27301260261762195
94,0.16872781830064365,0.2724840169709616
95,0.16759807552549333,0.2718585764456544
96,0.16663256193760265,0.2719625682272239
97,0.16574021523805885,0.2715862346873198
98,0.16515185137868837,0.27148251001590856
99,0.16463216364618205,0.27129971976285616
100,0.16335341346739005,0.27131951300615986
101,0.16284271789197113,0.2709092698480782
102,0.16204004514146517,0.2710026041937524
103,0.16118883498923992,0.270376858241808
104,0.1600316708437661,0.2704767124327834
105,0.1591650882760363,0.2704749873574812
106,0.15840418267721526,0.27040550326318097
107,0.15752720156598254,0.2703308657980723
108,0.1570133958008975,0.27041350642280226
109,0.15575947502844437,0.26971421897727643
110,0.15504185948318538,0.26978781937585466
111,0.1542032622866474,0.27011704628005284
112,0.15345138586909116,0.26969185201987594
113,0.15281241740774698,0.26978254857932726
114,0.15215440415369075,0.269452701049904
115,0.1514974155758494,0.26883472326279145
116,0.1510630247544156,0.2681238162275792
117,0.1503698855408622,0.2683019039166542
118,0.14979860492725725,0.268254716181434
119,0.1490655085429811,0.2686894124983269
120,0.14856092759680029,0.26842704992750593
121,0.14804813616468748,0.26781396671866975
122,0.14762802564433555,0.26791111959695685
123,0.1468962737089562,0.268057096780989
124,0.14623560292385185,0.26828095180009304
125,0.14580639516543906,0.2677644897176484
126,0.14527175863332878,0.26778005730488375
127,0.14456350966267656,0.2675007851720374
128,0.1442156606921586,0.26694957284689647
129,0.14344643476447597,0.26657712989132537
130,0.14254077841965554,0.2662652809128476
131,0.14207213975426466,0.26618623632665767
132,0.14141989820662249,0.26629333083435536
133,0.14086599823919793,0.2659275969814106
134,0.14028545834093098,0.2657360960216129
135,0.13978564746772465,0.2652102112219796
136,0.13936973901157715,0.2652900364479307
137,0.1388063406421305,0.265520111899527
138,0.1384913264440758,0.2655934408975741
139,0.13783991329259995,0.2648243009230231
140,0.13726743039104283,0.2649877748947846
141,0.13649518718832684,0.26470988417088676
142,0.13588222157501975,0.2645899307781825
143,0.1352667133209948,0.2643561127305201
144,0.13463844902392985,0.2644385448571428
145,0.13422781427032174,0.2645777106620815
146,0.13374723893235735,0.2647701425867686
147,0.13333291499992278,0.2643861764928191
148,0.13283478511817223,0.2642986657909028
149,0.13230514640082436,0.2644902967136675
150,0.13199919033117977,0.26436098971493843
151,0.1313100126038877,0.2646365462099003
152,0.13078010634580214,0.26494061617252845
153,0.13029118921345936,0.2646845025849707
154,0.12986916061813394,0.26496951120545814
155,0.12937190782063465,0.2658467081709753
156,0.12893655162443632,0.2656843487195053
157,0.12853813602045355,0.26560811093793824
158,0.12811202029337396,0.2655108154382808
159,0.12764625637536497,0.26533669378615865
160,0.1272368929957414,0.26475678675377035
161,0.1268365720154795,0.26483124455015333
162,0.12648865611901586,0.2648996429315786
163,0.12594835489999542,0.264748262348534
164,0.12563990652268053,0.2646902660416604
165,0.12494776901856772,0.2645703847492308
166,0.12449518791872842,0.2643985053607149
167,0.12400482782477368,0.2649637203824974
168,0.12376689091486116,0.26465734234195326
169,0.12330816097161842,0.26493215028847666
170,0.12287047538597706,0.2651980204543315
171,0.12251464259065017,0.2650672575801541
172,0.1221115107417441,0.2648088487180536
173,0.12165693778563513,0.2646071209843699
174,0.12115232449912182,0.26450681664482456
175,0.1207851997017502,0.2643509072185954
176,0.12057355310205789,0.26434295520865264
177,0.12002476134688089,0.2642735917932264
178,0.11947938283542987,0.2647088560367756
179,0.11915904036247241,0.26474892440628417
180,0.11877478469887746,0.26501193849366184
181,0.11798502320237782,0.26448671347318287
182,0.11760918514471527,0.26405189353408515
183,0.11708071149901496,0.26344083913725863
184,0.11662677845436949,0.2628124470257431
185,0.11608440794473569,0.2627051683605668
186,0.11575605282878565,0.2627218667509787
187,0.11527579383553878,0.26302814191667867
188,0.11495144498591277,0.2630434362550729
189,0.11467359429090034,0.26326178859936883
190,0.11443306853922917,0.26322737584133793
191,0.11413739971717787,0.263094909002222
192,0.1138197503675403,0.263243133792711
193,0.11343269137662623,0.2631883267223069
194,0.11307218891918508,0.26240400721151624
195,0.11281111747007248,0.2622380526169909
196,0.11233589069126047,0.26226953055238855
197,0.11204538969569919,0.2623391261401974
198,0.11148298469784679,0.2619956119521035
199,0.1110411593057414,0.26164195847594895
200,0.11055098969338664,0.2610748942637152
201,0.11018308499103645,0.2611998047315735
202,0.10992682139180034,0.26102066875986624
203,0.10962816919392077,0.26134390658974116
204,0.10917463803922062,0.26108036095751846
205,0.10889315826273187,0.2613245935738595
206,0.1085551778311724,0.2610554784889423
207,0.1083038863831477,0.26099567052925815
208,0.10801385986277402,0.2612897461955829
209,0.10786775188547841,0.26116562249044617
210,0.10735613817450489,0.26153814656506896
211,0.10699351576625755,0.2611766813334231
212,0.10663610789541819,0.2612358529626807
213,0.10624484785603566,0.2611329098854745
214,0.1058814392341805,0.26106546616714443
215,0.10531641382634488,0.2608735076972129
216,0.10509997957732056,0.2607246993985647
217,0.10471733717063059,0.26027227900383576
218,0.1044064838224608,0.2602122434663014
219,0.10415380447942507,0.2605079294662357
220,0.10381868568664233,0.2603797132772224
221,0.10352270675737292,0.2603882368437367
222,0.10330822446909906,0.26038766614080044
223,0.10301737454436825,0.26048634211056937
224,0.10268314207243998,0.26005589475338703
225,0.10205798435846444,0.26003599231505475
226,0.10161556322109658,0.259799870396266
227,0.10136148501456992,0.2597157262883481
228,0.10121504767449364,0.2598731629225604
229,0.10080490121996617,0.2595784399028851
230,0.1005539928405329,0.25970052641121877
231,0.10036034744823151,0.2599544603403708
232,0.1000428909695266,0.2603679303342963
233,0.09972971055942521,0.2603003838280578
234,0.09939969750134245,0.2603673891572683
235,0.09927107200213783,0.26091983871219554
236,0.09909900095426126,0.2609612795575397
237,0.09881540112639298,0.26084491685532263
238,0.09857131623303847,0.2609727778141373
239,0.09818433049213657,0.26109704294365893
240,0.0979324038189794,0.2611574762096895
241,0.09764726135563725,0.2611463622372947
242,0.09742092194876256,0.2614848811308069
243,0.09716473747300527,0.26111271467312797
244,0.09695095001673465,0.2611446304787473
245,0.09664513539344056,0.261362825227044
246,0.09643017124058378,0.26098367583848003
247,0.09618581159961131,0.2609890138869365
248,0.09593134891075679,0.2614540580731549
249,0.09574243216668396,0.26114873579553444
250,0.0956089600009851,0.2613908905449116
251,0.09533257383246056,0.2613155768035454
252,0.09497029337463547,0.26120324281244073
253,0.09479275893288215,0.261365786249483
254,0.0944514919761515,0.26139851353001065
255,0.09413235626778796,0.26148608196889767
256,0.0939226674032571,0.2613205758437062
257,0.09369131291777992,0.26167700403032856
258,0.09346364757859248,0.26163908821647863
259,0.09326295564286187,0.26176248178384964
260,0.09300801165292719,0.2619979779777402
261,0.09272180682547802,0.2622194417883885
262,0.09243799477425592,0.2621506037779685
263,0.09194000260237797,0.261730068091286
264,0.09168278511248722,0.26163635540518
265,0.09146313609422296,0.2619179281432232
266,0.09130753278371519,0.26208451031373126
267,0.09084441632364179,0.2623468787114454
268,0.09051812915276426,0.2625116923757595
269,0.09019382360260593,0.2629123236106564
270,0.09004033400578075,0.2625370213680192
271,0.08984783554734804,0.2622561747648812
272,0.08962053612958021,0.2621062073129777
273,0.08950695464539046,0.2620538195384511
274,0.08927916757048127,0.2622274766419367
275,0.08905859174348245,0.2626047664042886
276,0.08884284795402098,0.2625331236067452
277,0.08848323324968677,0.2624120332165173
278,0.08824028852737992,0.26269030083351663
279,0.0880556768745582,0.26253763408064396
