0,0.512582708568665,0.5234798040169591
1,0.45106329333433515,0.46674806954937764
2,0.40642380396306427,0.429927005446287
3,0.37119358505680256,0.40415154993923635
4,0.34087933935656856,0.381439337195914
5,0.318375558420791,0.36714186998214404
6,0.2964872098150526,0.35094816031177734
7,0.2778245490695218,0.3394664006536552
8,0.25990628610915656,0.32824513327036536
9,0.2434992683036803,0.32336231679922967
10,0.22904548891774296,0.3167595489675915
11,0.21615686677338455,0.3098588801663739
12,0.20404470111240255,0.3077198012195951
13,0.19312945944709337,0.3054086213293389
14,0.18281245044945685,0.2983901978211291
15,0.17402401974399712,0.2949852501532117
16,0.16511610792775389,0.2909186351817963
17,0.15686379196983485,0.29061244874867287
18,0.14959623848191309,0.2878469219739986
19,0.1429589735395565,0.2852547375594039
20,0.13642402399768885,0.2853416458550194
21,0.1307000217312358,0.2860114350882194
22,0.1250112055799467,0.2843930106025206
23,0.12004473789222428,0.2835850619859195
24,0.11537614913767719,0.28518597201959744
25,0.11090126167073559,0.28402375536006014
26,0.10665640462885555,0.2826818890993796
27,0.10240693100656638,0.2828255098840621
28,0.09882899593721754,0.28455793565326354
29,0.09511295625349965,0.28414925096288746
30,0.091645252129702,0.28422782744583
31,0.08789065041191212,0.285867045022781
32,0.08472266513456089,0.2847189908593378
33,0.0817502614939255,0.28463374275185116
34,0.07854793133071107,0.2846236595560755
35,0.07579323449145654,0.28401546023698726
36,0.0732439951765654,0.2843965135071958
37,0.07097013026898732,0.2851486618550286
38,0.0686807115529862,0.2888735377648786
39,0.06639961511426974,0.288863650981625
40,0.06428087121181603,0.290397337210371
41,0.062338189452770316,0.2925357675613528
42,0.06032048553954422,0.2935630365556013
43,0.058312064655264624,0.29422503047679
44,0.05642099587600806,0.29570705306501777
45,0.054978847093227125,0.2969120959253107
46,0.05351959832709855,0.2979432727481683
47,0.05185419007320646,0.29860519995138735
48,0.05018153839673574,0.2989573398574938
49,0.04890315698274413,0.29889863443866904
50,0.04757110033229569,0.3007781268351009
51,0.04627678517860474,0.30256390880123274
52,0.04511859534952817,0.3042118468571087
53,0.04398859222923989,0.30607464594639766
54,0.042832210627844765,0.3081992382143318
55,0.041671767346244774,0.3101469107224667
56,0.04050520919959609,0.3116461419437647
57,0.0393966124418341,0.312948821266913
58,0.038487134675113055,0.3158703289965443
59,0.037498840321618515,0.31625325319765174
60,0.03656581766797325,0.3174573510926242
61,0.035604333410626715,0.31960964965684735
62,0.03464706821061717,0.3214894486204333
63,0.033825452813579925,0.3229885125866412
64,0.03297002213977582,0.32588896891367103
65,0.03220778382895172,0.326313187454067
66,0.03145342897818396,0.3295751647158551
67,0.030745708666892146,0.3315029215350286
68,0.03000749820184487,0.3338317205293115
69,0.029290734860767456,0.33563998382817695
70,0.028637724647891997,0.33686387844668597
71,0.02802500133292349,0.3385558897417602
72,0.027442764960801853,0.34101122647518756
73,0.02689261256866631,0.34388132665997345
74,0.026377195095398154,0.3460698958280683
75,0.025894577174973347,0.3470642380457643
76,0.02539146377711363,0.34830172533164677
