0,0.6059546783688585,0.6112957488588712
1,0.5524665602448858,0.5622847860997888
2,0.5181936248526373,0.5282448346927997
3,0.49409447991880556,0.5055649008018774
4,0.4757433081416241,0.4869965512502316
5,0.4622615375603462,0.4759636898446268
6,0.4462882711917258,0.46065811734068757
7,0.4365557528049797,0.4511974448295191
8,0.4277606957643181,0.44366318893997353
9,0.4174898905244334,0.43656651026096077
10,0.4082067100262269,0.4280599269951995
11,0.4006531915417196,0.4221766369649652
12,0.3930145834249067,0.4160281272492112
13,0.3874462288227335,0.41250462786309006
14,0.3822395669480012,0.40686232227523744
15,0.376740635743886,0.4036103161152993
16,0.3707618215853297,0.39725901859930546
17,0.36700525176615406,0.39425573034528016
18,0.3629258403932453,0.3894819862739686
19,0.3584525028961984,0.38619906252197866
20,0.35286665159625213,0.38313783581126853
21,0.34876383785533055,0.37966239574317673
22,0.3450483402099922,0.37760860439960886
23,0.341391642111938,0.37588072793582994
24,0.3377928284311638,0.3730776169825899
25,0.3342679624177695,0.37042756319391446
26,0.3308385849842695,0.369556078117049
27,0.32709776635113147,0.3674849138834219
28,0.3250030190888575,0.36470612112363776
29,0.32186192794172647,0.36323212872113736
30,0.3191998941333086,0.36257620366765797
31,0.3166343664520575,0.3614275105499511
32,0.314108518736961,0.3592364458657893
33,0.31003311067368156,0.3565426218138746
34,0.30687723675132655,0.3543710214857372
35,0.302744619385507,0.3492105761270031
36,0.3006802167690715,0.346608923555541
37,0.2980743470135267,0.3460192329977335
38,0.29441561440372693,0.3436273562412075
39,0.29210858821854097,0.34228061589512265
40,0.28812701478767017,0.33852545149478364
41,0.2860352894342624,0.33733185361714
42,0.28350774266486256,0.3353723334616703
43,0.27870967098437055,0.33190750720973733
44,0.27506672560350903,0.33053571065504894
45,0.27259356530278234,0.32961993529972944
46,0.27033922432842966,0.3290915434265457
47,0.26797296737903753,0.32871165825799825
48,0.2658652493423524,0.3285630913632588
49,0.2620735664298998,0.32754149477552064
50,0.25993482648367944,0.3259343125809268
51,0.2579536043525645,0.3246073555146748
52,0.2554244418071848,0.3243872633594041
53,0.25216719320102665,0.3238291972831692
54,0.24980321360683994,0.3220645697098832
55,0.2478739650934372,0.32178046868375815
56,0.2457993824491918,0.3210388604240275
57,0.24415295071696835,0.32023722290552753
58,0.24142402373226546,0.31976431599170135
59,0.23924337987708696,0.31973788048393254
60,0.23613423693519034,0.31775219695322854
61,0.23372236074362185,0.3171037639640806
62,0.2320299649646731,0.3168486314015536
63,0.2300767528611509,0.31622306448829507
64,0.22794014306589572,0.3141207849480454
65,0.2256822682665497,0.31336091804492755
66,0.22431575950500626,0.31343587859075617
67,0.22204930448882895,0.31210030500514274
68,0.21983513228830226,0.31235631663455393
69,0.21790986046516958,0.3111092126796129
70,0.21621103489760846,0.31026118337771474
71,0.21438143837957396,0.30896940014214364
72,0.2122618751482437,0.30876116838249196
73,0.20994629645972207,0.30761430946910556
74,0.20798888315659675,0.3074361410412464
75,0.20651142541268253,0.3068154140381809
76,0.20499422802488768,0.3067446855253615
77,0.20275888028539585,0.3062415314892718
78,0.20150449504668316,0.30602482761889377
79,0.19953107460038166,0.30321111118931243
80,0.19791041804985904,0.3029835919429203
81,0.1968216755482231,0.302812864458512
82,0.19523959995511303,0.3028461906077324
83,0.1941010678847981,0.30234453859427346
84,0.1921507238422208,0.30177101387466704
85,0.19053615872413548,0.3018593898377156
86,0.1894281418692956,0.3013929342298879
87,0.18827113872456408,0.3007503041822951
88,0.1869777209810711,0.2994390560378248
89,0.18519531193263097,0.2995614072056272
90,0.18375448428273852,0.29906966592600337
91,0.18246249635136094,0.29858550399470035
92,0.181213610045388,0.2983110751365477
93,0.17973887434250993,0.29782216025212366
94,0.17838279892944184,0.29842346757237215
95,0.1774702491278029,0.2978200248646818
96,0.17569334390021626,0.2976185032349662
97,0.1741695602907565,0.2966980118261337
98,0.17285517498440087,0.29600266493167776
99,0.17143088576587637,0.2944944233984074
100,0.17029988576723057,0.294752218773605
101,0.1693499819922527,0.29468183731670805
102,0.16796942013874372,0.2937158282542253
103,0.16677398200562907,0.2928975048405255
104,0.1655981379003998,0.2932504513663597
105,0.16463942783240618,0.2930970358522051
106,0.16339385831048184,0.29331255479102875
107,0.1625678366915535,0.29265970375528616
108,0.16156097869697503,0.2926927885636414
109,0.16030104517305804,0.29209132392440895
110,0.15945169309430288,0.29238549845233364
111,0.15858393875955573,0.2927030858181302
112,0.15785837073553458,0.2926047244231262
113,0.15659039299347677,0.2929970572167625
114,0.15556889727456355,0.2925238062350042
115,0.15481474099443499,0.29232659386967835
116,0.15362175352740057,0.2915340070330898
117,0.1527507088376292,0.2914313264081731
118,0.15168587937312783,0.2904363921119349
119,0.1507553647221178,0.2907487206099477
120,0.15002492762526656,0.2903651220074647
121,0.14914095911713326,0.2901099081116796
122,0.1480805582184412,0.2899622585618513
123,0.14708997511938826,0.2900841950533026
124,0.14620269734254243,0.2905509384476278
125,0.14532434230756827,0.2902257372174003
126,0.14493846021701776,0.2906526897761199
127,0.14434871479437802,0.2905646143531538
128,0.14274525765846718,0.2894560998952549
129,0.14196081931589702,0.28893044472289525
130,0.14126676929083626,0.28920746045686224
131,0.14049135459351544,0.29007947195556805
132,0.13961063616897293,0.28943424097622467
133,0.1390092072669377,0.28893607560999524
134,0.13830160159457625,0.2889027575486314
135,0.1371579740523944,0.28813122662477675
136,0.13645059385121625,0.2888860736146585
137,0.13544025040167584,0.28863058676196246
138,0.13492043710355134,0.2885993944888829
139,0.13420769459907236,0.28875535988402307
140,0.1330541799754748,0.28782052436074806
141,0.13235697881227276,0.2878388890407886
142,0.1318962401468774,0.2881416052082078
143,0.13086214979408853,0.2866173359334014
144,0.13005505365959935,0.28663027866256696
145,0.1293826081905896,0.28696901555503135
146,0.128960583310899,0.28714913147053067
147,0.1281405239520252,0.2867313560690899
148,0.12731892647888204,0.28648256036105824
149,0.1267069477004214,0.28616335206538446
150,0.12626759857882897,0.2857457613344963
151,0.1254357446423566,0.2858917737867318
152,0.12493896278822603,0.2859132514278823
153,0.12403994619472612,0.28546236977418576
154,0.12355104134297117,0.28541375957531967
155,0.12279987948670751,0.2854140160311275
156,0.12228224637749578,0.2853940823319158
157,0.12193146333707112,0.2854299852915824
158,0.12146342074420365,0.2857292953229762
159,0.12069629291213563,0.2855583049609602
160,0.12035024116707997,0.2852553737887986
161,0.11970833834812974,0.2849061330656842
162,0.11899296691637049,0.28454696411231495
163,0.11765310387787375,0.2843472704074664
164,0.11695617330747397,0.2849669855303951
165,0.11602369889381996,0.2843392268533964
166,0.11526795439255616,0.28418001636670076
167,0.114845320590253,0.2844133386827622
168,0.11456870383957435,0.2842406944395686
169,0.11416520951313448,0.28404494280151726
170,0.11375983940589611,0.28427694699389017
171,0.11332095609082828,0.2845691867872137
172,0.11230157876004719,0.28460128002492396
173,0.11192974775404234,0.2843054364666095
174,0.11132297690736691,0.28386839133724573
175,0.11080877865873498,0.28428231095475254
176,0.11030742509865513,0.28481223129966715
177,0.10978160493875115,0.2847286259309485
178,0.10912644755727072,0.28470340233128166
179,0.10837081801594932,0.28441033494359286
180,0.10781225693271744,0.2843778494901955
181,0.1073380976236352,0.2848502976639731
182,0.10666480998415893,0.28480765004380804
183,0.10622439722280541,0.283815610245193
184,0.10567299038567701,0.28350313206146566
185,0.10510778441277721,0.28345876687133853
186,0.10453670690040125,0.2832228789957897
187,0.10408830924571552,0.2836879859115318
188,0.10333953108078853,0.28341086528919507
189,0.10298345867023594,0.2834032113439237
190,0.10258699323716503,0.2831356418927974
191,0.1022525305006591,0.2834481932940256
192,0.10189276825389629,0.2836848625580465
193,0.10163686852249994,0.2837885930492627
194,0.10104154915529666,0.2832661578139227
195,0.10062851337889435,0.28281793997988136
196,0.10014525189374113,0.2824174083799834
197,0.0995154241759072,0.28211634173959393
198,0.09899436456743588,0.2808920511628491
199,0.09853732132641745,0.2805309580244729
200,0.09783009198723906,0.2805550098841726
201,0.09741646757611631,0.280432573874198
202,0.09700606690906127,0.2803575210285736
203,0.09653612381545307,0.2806036232096151
204,0.0962913838763975,0.2806181449294777
205,0.09588257268210862,0.2802790986532578
206,0.09553272143512342,0.2804225494075454
207,0.09513766001234664,0.27974457881693904
208,0.09463074515884276,0.2795737783068329
209,0.09420881127239732,0.27945440038890923
210,0.09363742190502679,0.2793797801529416
211,0.09342600225010965,0.2794256953158155
212,0.0931246784650509,0.2795641256743869
213,0.09274573070058419,0.27988103373321377
214,0.09242287684515996,0.2798142800996233
215,0.09208997618152615,0.2798904515569619
216,0.09164738636681274,0.2793338567709599
217,0.09123107008191961,0.27954650811996834
218,0.09080686940142511,0.2798896242379739
219,0.0902609488098189,0.27950747248113716
220,0.08977520053011513,0.2795068192284771
221,0.0894320686402131,0.28006975133868217
222,0.08895539128836055,0.2799823076249405
223,0.08850150267950412,0.2805342085031718
224,0.08804479897136032,0.28064716325731337
225,0.08764296372705316,0.2805940215431046
226,0.08713374434255003,0.28141889539838755
227,0.08669904757106987,0.28135426178047485
228,0.08622425813033625,0.28084970073479837
229,0.08598349723680006,0.28085994898988387
230,0.08563166897792969,0.2812854022836162
231,0.08525737521807779,0.2813776709538108
232,0.08482461409684458,0.2813341876006106
233,0.08448051347651434,0.2812543928249935
234,0.08406101471275232,0.28069747875326806
235,0.08373290878658833,0.28047070546919844
236,0.0834789397100161,0.2804841726618776
237,0.0832004838928151,0.2804163865460048
238,0.0829660868409097,0.28069238561992815
239,0.08268713469861984,0.2807664771797407
240,0.08235466177546381,0.28071682268694387
241,0.08207728729685312,0.28098953415489203
242,0.08170000248851575,0.28136325545405727
243,0.0813761046591074,0.2813892717315024
244,0.08107485182940412,0.2810029704499411
245,0.08067495446686401,0.2812037000143812
246,0.08045054543559882,0.28122345036024987
247,0.08016424366535015,0.28146930092677536
248,0.07975552027579282,0.2811747279514425
249,0.07945694760698108,0.28151673186759946
250,0.07905110758448286,0.28171963544975037
251,0.07868560300577966,0.2821305429690784
252,0.07850993652893949,0.28231994294695245
253,0.07833999120136563,0.2822467441804182
254,0.07815781594995296,0.28197150819215316
255,0.07791709189141562,0.2822943030527686
256,0.07755197153727589,0.2826121432936308
257,0.07728509332518446,0.28283044812154085
258,0.07702844729704858,0.2830097964146609
259,0.07676155932075573,0.28274014172115636
260,0.07655680237991515,0.28271948330611496
261,0.07628637809063088,0.2822856292740153
262,0.07592083076590976,0.28212228552730745
263,0.07567153193277677,0.28219993146312106
264,0.07538324987285926,0.28214711592195035
265,0.07507178032327178,0.28247895794947514
266,0.07490432214293456,0.28235813410491756
