0,0.6095550143138655,0.6132264843095718
1,0.5580680718369848,0.5647856806594818
2,0.5169279520892813,0.5278686279215371
3,0.49004805715460525,0.5039107474741684
4,0.46841136701294067,0.48296357558734765
5,0.45188817438089623,0.47003411868467027
6,0.43884228855045926,0.4595665445816202
7,0.42858826107869913,0.4513629350535421
8,0.4192454575782026,0.4440665539194226
9,0.40908816507106505,0.4345619592572414
10,0.4008812094634434,0.4285952264320758
11,0.3931675658088692,0.4235552909930096
12,0.38731510044919937,0.4170706133233911
13,0.3816473467466019,0.41348215495052026
14,0.3763730182666646,0.4106562757628957
15,0.3691003187647406,0.40755098010433743
16,0.3639733050288605,0.40547434031097557
17,0.3604108096352874,0.40523526157609235
18,0.3572929556580499,0.4029241004547146
19,0.35321881352020235,0.398613590299255
20,0.3488934998952644,0.39634323783875375
21,0.34542525442023025,0.39606774737504413
22,0.33960127617420244,0.39108366712509246
23,0.3355384682709316,0.38952258934507267
24,0.33167225175723064,0.3869971096663968
25,0.3281882777588133,0.3863753446534836
26,0.32481025157879223,0.38361495488148833
27,0.321590844071965,0.3810035337524408
28,0.31884265585239263,0.3784835179876579
29,0.3136489398429742,0.37529937250240847
30,0.310951725373557,0.3747490273213501
31,0.30670563016889585,0.3733412720292083
32,0.3047793254833354,0.37181342036180925
33,0.29967304066844586,0.3706025813926861
34,0.2962384039264213,0.36863686349720504
35,0.2938552447321872,0.3673054529539863
36,0.29186351060157023,0.365722613123799
37,0.2892925789008193,0.3649918344503003
38,0.2865249648941782,0.36416435899055805
39,0.28161230153573424,0.36348724989617726
40,0.2785300564505493,0.3621265783426822
41,0.2762742104099429,0.36101441502337733
42,0.2729129734437066,0.35932542536229933
43,0.2706834022196189,0.3591095853352139
44,0.2673501371745438,0.35737300751166445
45,0.26381073452628473,0.35607285073249556
46,0.2618783990581554,0.3557800521484506
47,0.25827156680579694,0.35306695158407114
48,0.25585058642238706,0.35248717023539894
49,0.25351597654310454,0.350562374845242
50,0.2511217558632541,0.35049597490438356
51,0.24890024588621834,0.3498231228007908
52,0.24582568323008472,0.3486465738878909
53,0.24379974941037735,0.3483001233202981
54,0.24094737108793135,0.3477230555089921
55,0.23840721456154573,0.3467905054994259
56,0.2358861656151083,0.3459200458760201
57,0.23314322023666367,0.3445536309287056
58,0.23046265860655102,0.34463461842646925
59,0.22828894030846575,0.3443976269323086
60,0.22588241561995717,0.34374118898932804
61,0.22369827225049652,0.3422446431701145
62,0.2219623463392968,0.3413351221856777
63,0.21954077499980604,0.339288767268646
64,0.21790675113075658,0.33921760120691274
65,0.21562605462931356,0.3388424315891315
66,0.2130962322579832,0.3385262012527633
67,0.21158258159679122,0.3385440370167713
68,0.20968068794318676,0.33852358643097996
69,0.20768196840863953,0.3370004023039051
70,0.20529668783360228,0.33638249235492806
71,0.20378006723928593,0.3357926149793042
72,0.20246987214983397,0.3350270390053527
73,0.20065331861539537,0.33457455373803374
74,0.19874068168329506,0.33360545499002825
75,0.19677873780024205,0.3314663079665384
76,0.1952132193784136,0.3310959419585658
77,0.19346059516974926,0.33129565291978846
78,0.19194462614239388,0.33086445092946
79,0.19042118682406747,0.3319082891267163
80,0.1889066573051142,0.3312677216384832
81,0.1876351016517192,0.3314075058773002
82,0.18597915179679742,0.3317747258220629
83,0.18481469556852037,0.3317142362062955
84,0.18372332090891105,0.3318795321752981
85,0.18251745229681293,0.3316378174318241
86,0.18084792560475113,0.33160032908380704
87,0.1795991293368297,0.33025186783230037
88,0.17825605284492924,0.33020497332409876
89,0.17644243893817496,0.33096471737002303
90,0.17547731674179184,0.33091939161892014
91,0.17426343234080188,0.33132401038397197
92,0.17323515360736563,0.32958154319919264
93,0.17178696269667018,0.32810595967875505
94,0.17098624751252947,0.32894901920459446
95,0.16950082636873914,0.3285592667742641
96,0.168370918342113,0.32869378127318255
97,0.16719688559478185,0.3287785202835966
98,0.16599789631757386,0.32934531639252007
99,0.1646081494480046,0.3300457931494382
100,0.16372773095654636,0.32926454665186394
101,0.16272192370690325,0.3281062970319354
102,0.1617676508580561,0.3281223725477309
103,0.1609477371776471,0.32758456044436257
104,0.16013268752036525,0.3271357490949061
105,0.15893034949203233,0.32656235212617163
106,0.15745786877114107,0.3271408124286352
107,0.15632455138250992,0.32712562580150994
108,0.15505043491943116,0.32738126138032514
109,0.1539748190886451,0.3268746933892201
110,0.15298825579343037,0.3272953241306794
111,0.15157320388142378,0.3263269827158402
112,0.15011157250806853,0.3266831495611216
113,0.14924241248758688,0.3267874022483439
114,0.14832749125263778,0.32720997321218764
115,0.14702353908383503,0.32713447071874624
116,0.1460238383803609,0.3271388747700519
117,0.1453123727171518,0.3269853208693723
118,0.14475381315168817,0.3272935622196779
119,0.14412824825828574,0.32702243847438084
120,0.14329374250849522,0.32677250149827763
121,0.14257950389752203,0.3262939173385156
122,0.1418733719917608,0.32545447123607013
123,0.14076810228789102,0.32551173212279694
124,0.14043671230100235,0.32541693868004656
125,0.13894507854200286,0.32635664800249253
126,0.13849137579909385,0.32623111752342
127,0.13765526386098095,0.3257190717411365
128,0.13708020298341297,0.3255562206486467
129,0.13632529447189984,0.32523405693305896
130,0.1355599002781312,0.32506516823155013
131,0.13457345820467664,0.32447055995308555
132,0.13386725053531529,0.3244038689984166
133,0.13326658156090956,0.3243097040043489
134,0.13210600442895823,0.3242269517025578
135,0.13156776466104456,0.3239957124326655
136,0.13091190948031747,0.32369530545832786
137,0.13024246230973033,0.3236706433230635
138,0.12918387813624937,0.3231114171291621
139,0.1285335233928904,0.32235540769029425
140,0.1276303303632386,0.3223156172906234
141,0.12698694587108988,0.32147925875893607
142,0.12591332262298674,0.32123940865897105
143,0.12531929811631082,0.3214783635845702
144,0.12462245482792329,0.32140236492318136
145,0.12353200448423535,0.3212724546059671
146,0.12255712393615784,0.3209648028063697
147,0.12200735294830717,0.32098290554738323
148,0.12111819891375605,0.32047464554413646
149,0.12052475021044097,0.32125318084158216
150,0.11988704798830065,0.32160341659656255
151,0.11899196166386079,0.32255258810362447
152,0.1181171269497308,0.3217396803720751
153,0.11742945863331679,0.32193469003540653
154,0.1167553065431627,0.3210248359794679
155,0.11619297395041352,0.32072671448397966
156,0.1153940164817954,0.3219418867989132
157,0.11490294713131129,0.3222694049448952
158,0.11432940910210557,0.32274722627208474
159,0.11375951530206523,0.3227653002820379
160,0.11323467811501133,0.32350448684366656
161,0.11270875750847582,0.32354923084610987
162,0.11194786367255384,0.32416989991843254
163,0.11151263967171207,0.32445616432905516
164,0.11088760512351042,0.3254743033646708
165,0.1102221658473692,0.3259490757336908
166,0.10971698173818427,0.3259163795162688
167,0.10917952991171177,0.325983326297922
168,0.10877321730067263,0.3261312525210149
169,0.10797587359673691,0.3262358637021049
170,0.10747170471979348,0.3258195913020881
171,0.10707465042068799,0.3256708961000086
172,0.1066939989410067,0.3259830573303158
173,0.10579848834040621,0.326401144711704
174,0.1051400420445553,0.3263285974665387
175,0.10469727956550243,0.32680111262205375
176,0.10406138809340476,0.32657252830179984
177,0.10336842390134295,0.32675080618430785
178,0.10269408240218858,0.3262720875514626
179,0.10220233875566348,0.3265411575748635
180,0.10190417868378382,0.326794280682916
181,0.10125138435250124,0.3267716568677499
182,0.10071046255314361,0.326659137568032
183,0.10013734122373852,0.3262647259695907
184,0.09972879358649608,0.3265549121400238
185,0.09921178277933372,0.32612480200423405
186,0.09858912720817559,0.32618123435750507
187,0.09811185440927181,0.325646553183157
188,0.09757429651375915,0.3258253786755022
189,0.09735857481516107,0.3260656377914544
190,0.09687612736236967,0.32603440465206157
191,0.09629741467927631,0.3261761439683277
192,0.09581302767832206,0.32602046567349025
193,0.09545996930180145,0.3259240799522004
194,0.0950804239706818,0.3261058285799153
195,0.09476841431270171,0.3256025061214412
196,0.09399314812183854,0.325190050162146
197,0.09352702772487122,0.32521193432449247
198,0.09312438207207749,0.3252569749270626
