0,0.620065357282998,0.6247897510422713
1,0.5931056349595135,0.6037586772731697
2,0.5690892890918957,0.5828149027917652
3,0.5488913799526514,0.5675953455253585
4,0.5291429323366071,0.5518765715728603
5,0.514425467379724,0.5412599190786072
6,0.4977154419428767,0.528590315570917
7,0.48122794985645134,0.5156766602308755
8,0.4686168099234352,0.5034628455028978
9,0.454982994702831,0.493902465080484
10,0.4445716376511659,0.4860533650562829
11,0.4348663408452009,0.4790453227673978
12,0.4275908461271409,0.47401119930075036
13,0.4193506214020273,0.46805312129300697
14,0.41250699891076337,0.4636137555993259
15,0.40609830849516687,0.4592225918857416
16,0.39915743816034394,0.4540801995353139
17,0.3920855359141076,0.4490216717785559
18,0.3855791241521404,0.44348860381616095
19,0.3785008056384213,0.4402208950795848
20,0.37308737552795435,0.43691105764146587
21,0.3676348983810167,0.4348849756899142
22,0.36336046309283476,0.4324643019681312
23,0.3581669837198984,0.4283495894209905
24,0.35236912108849444,0.4244744056642812
25,0.3490038024256178,0.421946914008096
26,0.3444184799859078,0.4193134991920713
27,0.34121713006660687,0.417421159773561
28,0.33640168952585026,0.41460841713201485
29,0.33289728316343276,0.41312559623168843
30,0.3298506591741824,0.4119800451363242
31,0.3269478324495459,0.41128076017532994
32,0.3238323544504866,0.40995470557881647
33,0.32080720532404866,0.40847342471389325
34,0.3181210976973385,0.4072050389855407
35,0.3160463363427532,0.40672934776365
36,0.3132759839642971,0.40556346434296503
37,0.3107014035622897,0.40400157783408874
38,0.3079420858287572,0.4024634386765245
39,0.30583839243814104,0.401765988371778
40,0.3033790255965925,0.40072007431603385
41,0.30112330111084856,0.3990408107480842
42,0.29873626631668104,0.3973326611413323
43,0.29565365102335106,0.3951706343446612
44,0.2935771748175913,0.39448774163758904
45,0.29153015622768197,0.3940833332784962
46,0.2901317048805564,0.39349068430533934
47,0.2884517899597964,0.392874585899739
48,0.2848225444894527,0.3907627583378985
49,0.28279952344194376,0.39015276965746226
50,0.2814798474042501,0.38963044838719935
51,0.2801761895737224,0.3892560325115998
52,0.2784671467462293,0.3875593054472581
53,0.2761070001213076,0.38560100614209414
54,0.27466583360275076,0.38499796598653524
55,0.27199256478740136,0.3843339985338912
56,0.2698140939929777,0.3835704183918729
57,0.2675735685683121,0.3826762888478174
58,0.26626826702261863,0.38190143254642667
59,0.264397512206046,0.3810473295493764
60,0.26215681768466353,0.37963544164221125
61,0.2597424969725319,0.37897057514529414
62,0.25831705435483704,0.3787488649686873
63,0.2566584601172128,0.37859147803781135
64,0.25488863716432747,0.37949621031822806
65,0.25322536630898185,0.3789293627352129
66,0.25073289096147655,0.37846634614165187
67,0.24899355383878394,0.377841297353482
68,0.24734770128306,0.377380050013401
69,0.24543874183294992,0.3760129272239775
70,0.24455655529649994,0.37576647388136475
71,0.24344758450682885,0.3751307473671534
72,0.24136102710212423,0.3750673604333659
73,0.24028150542226095,0.37453355259128135
74,0.2387811385289976,0.3742451649400392
75,0.23780562354366466,0.37461385388275803
76,0.23650293877006598,0.37326751313375084
77,0.23525071036434447,0.3730968651319923
78,0.23404891521872043,0.3727567274606812
79,0.23242824295195455,0.372299204302615
80,0.23125835673982278,0.3717731173934383
81,0.2301679344105793,0.3706136180460059
82,0.22884602963838488,0.3698957271772549
83,0.22771254261392346,0.36834695662423994
84,0.22647447532756554,0.3675815993449877
85,0.2250357238488297,0.36731175489646894
86,0.22403419346985845,0.36620140920519184
87,0.222723116084048,0.36643907454196584
88,0.2220341752772201,0.3662024936353272
89,0.22115777389134325,0.36576060730182264
90,0.22044015218658378,0.36601596766857364
91,0.2194406978777129,0.3658488787802716
92,0.2182253956559754,0.36557743014067795
93,0.2171964591136756,0.3654377112523446
94,0.21600933483407392,0.3656006995856813
95,0.21484668293973752,0.3653507266716882
96,0.21382742546222555,0.36504805483953756
97,0.21252878407205222,0.3643170891223322
98,0.2116199024614319,0.3637352897810216
99,0.21086397694503559,0.36376415967550446
100,0.20932790144557636,0.3636994083339632
101,0.20760911272991595,0.3636281064514122
102,0.20674371428343588,0.36392718262603235
103,0.20557575391474034,0.36336766980833574
104,0.2046855830619697,0.3627927153099064
105,0.20370519986102162,0.3628688157638476
106,0.20294181361616973,0.3630636464966851
107,0.2022618906042053,0.3634650655808006
108,0.20113488448299507,0.36267486679486843
109,0.20013224073908997,0.3626714238146789
110,0.1986753111882438,0.3625617841655885
111,0.19693513797070983,0.3631400193831535
112,0.19634723083481453,0.3628290937793831
113,0.19544029677565672,0.36213007565498173
114,0.19474575428581795,0.36168415898107187
115,0.19392888308063908,0.36212890170589407
116,0.19335587526886508,0.3620191155291698
117,0.19257560985304042,0.36227892581560506
118,0.19173357733657045,0.3619426276126727
119,0.19088892449529193,0.3621888386025822
120,0.18990317312797456,0.36290260577039307
121,0.18898471914771664,0.36259361263303025
122,0.18818704880843076,0.3622768410571593
123,0.18753145219082495,0.36203000417196274
124,0.18636365838272795,0.3612248852125903
125,0.18553246696204628,0.36064229909210993
126,0.18480664675191444,0.3609167589726277
127,0.18396123518320792,0.3600672346598372
128,0.1828746033427516,0.36051794058981945
129,0.1821285856909178,0.3602500899520606
130,0.181332017866707,0.36021845916238854
131,0.18031443495805244,0.35996445581926345
132,0.17965749246694226,0.35930909581389375
133,0.17893119843060237,0.3597362112811615
134,0.17814614904074216,0.3602224102339276
135,0.1774534806794101,0.35962046589714675
136,0.1767462897278785,0.3602306140088585
137,0.1760092876935139,0.3594798668974126
138,0.17534688125216646,0.35906279437666283
139,0.17433605302104166,0.35859289191944826
140,0.17383746508488118,0.3590340360506373
141,0.17285339537252306,0.3585984781802874
142,0.17234649399398602,0.3582403571712863
143,0.17155245661475438,0.3583654209830647
144,0.170703332312879,0.3594542692105796
145,0.1698278049106148,0.3592999741729412
146,0.1688922709186123,0.35891203327711385
147,0.16796535158278397,0.35853478720856646
148,0.1672402140681656,0.3584863814894734
149,0.16654671950489425,0.35932747052992786
150,0.16587250157022573,0.35898964985418497
151,0.1654198008949863,0.359087822193144
152,0.16452031258520497,0.35883189839198715
153,0.16400583624363904,0.35900418735138806
154,0.16310735416983038,0.3594274520718967
155,0.16256265983070678,0.3594518924193766
156,0.16202375421231843,0.35944385313634203
157,0.16151477293139202,0.35924846255262316
158,0.16106793694907148,0.3595966354489226
159,0.1601800923428509,0.35926676651533795
160,0.15974237967185043,0.3590883560095723
161,0.15893439519254612,0.3588026070431511
162,0.1579190869737945,0.35872177397534466
163,0.1573392682882638,0.3588871893748133
164,0.1566629636548345,0.359050454502437
165,0.1560865346585557,0.35860050190424736
166,0.15548935013803147,0.35891611297035503
167,0.15495406223204444,0.35914718887134184
168,0.15437152138296337,0.35901705928449074
169,0.15389224040453592,0.35900746472475237
170,0.15341618317967484,0.35885489832912126
171,0.1527690821596812,0.35876497285254494
172,0.15220236232639775,0.35915994583963795
173,0.15162632225796865,0.3595850637608875
174,0.15118056823340217,0.35945664842152303
175,0.15064109718279534,0.35932698959965126
176,0.14993866407599876,0.35900583519574736
177,0.1493701260432926,0.35909972108551547
178,0.14885628109133378,0.3585432996531854
179,0.1482372262972634,0.3578103095076212
180,0.14755826324331933,0.35746873162655324
181,0.1471594659149645,0.3574085687556039
182,0.14618898544258754,0.35776921304504694
183,0.14552366944444936,0.35729241453968413
184,0.1448570139171726,0.3574445310051097
185,0.14442713992881007,0.35596876417128687
186,0.1438636096773032,0.35578019130414096
187,0.14339638725432893,0.3556947776338678
188,0.14288916086162332,0.3557026974693675
189,0.14251635035289226,0.35599726529451814
190,0.14194131084654293,0.3554007931846001
191,0.14142265964784798,0.35574699560193596
192,0.14104770583599083,0.3558874095041388
193,0.1407894135413248,0.35636608318911067
194,0.14030849830176037,0.35673965730163637
195,0.13981030638888342,0.3566934473810242
196,0.13950192981540446,0.35772217220447594
197,0.13894118285887827,0.3579662266792459
198,0.13834873991620963,0.3582112257088038
199,0.13793413069877383,0.35793318212326186
200,0.13762357571970266,0.35796233462578325
201,0.1373968209576014,0.35828990025921326
202,0.1366906101661336,0.35856101119223327
203,0.13612383097775357,0.35875654743096336
204,0.1357263917985726,0.35882326217154614
205,0.13517860043299237,0.3590464581025742
206,0.13456892694901357,0.3588239438286032
207,0.1339963352154857,0.3586585096231377
208,0.13333083851436459,0.3589476663276556
209,0.1326330393341937,0.35932941046543665
210,0.1322849527760527,0.35988529048068546
211,0.13200591953432128,0.3602481837252482
212,0.13145061170305739,0.3595463381311684
213,0.1309708293761457,0.3597924915835435
214,0.13044203474333796,0.3601084096595595
215,0.12995571865889563,0.360611708824861
216,0.129376188413416,0.3610209416062522
217,0.1290735759389856,0.3615860890136366
218,0.12874844664444177,0.3616389956622607
219,0.12840741266468444,0.3616284180692093
220,0.1281470469837328,0.3616197313550376
221,0.12787488863613022,0.3613147746976347
222,0.12732042172226546,0.36076696546364084
223,0.12691316743234118,0.36109503486087147
224,0.12635854280501535,0.3610176210330817
225,0.12588148416709327,0.36172764906621574
226,0.12546050822886495,0.36198465085953146
227,0.12505476941677876,0.3614745560635263
228,0.12460778966130497,0.36109799647964164
229,0.12414888875363131,0.36167706499241953
230,0.12393138708344639,0.3616368184395304
231,0.12351053017705733,0.3621847461741078
232,0.12305725587174739,0.3619456608921494
233,0.12259155755228494,0.3623668702190543
234,0.12233969813844589,0.3627536775465281
235,0.1220547548257271,0.36288742600702906
236,0.12140303572199673,0.3624428484003585
237,0.12100355987858633,0.36296703918568984
238,0.12065312823862015,0.3626440805342417
239,0.1203434946527283,0.362691654004383
240,0.12001181383596189,0.3630742575679404
