0,0.5658857609502193,0.5679942540521062
1,0.5354256776106219,0.5385668802166648
2,0.5086098451131267,0.5170536019951253
3,0.48266170437900785,0.4908524803750683
4,0.4612050664455979,0.47328137679630383
5,0.44313644181344003,0.45723505264893544
6,0.42711097587418967,0.4415483640760272
7,0.4118898490137162,0.42891774660248266
8,0.40056224872626645,0.4184902445177336
9,0.38968974845874743,0.40897217677034947
10,0.3790386555832493,0.40010659694079725
11,0.36815312757869795,0.39077283760168346
12,0.35879121802937813,0.38403647621610787
13,0.35112554892649683,0.37806728784856874
14,0.34245451750302686,0.3719311720416941
15,0.33473238664967625,0.3674482067578954
16,0.32812695125654906,0.36280693270658193
17,0.32128052419014064,0.3570891358661202
18,0.3158635407009076,0.3527691422664776
19,0.31051235777740593,0.3488263754098276
20,0.3043757353911395,0.34435139570566486
21,0.2980860550181354,0.3407381339721907
22,0.293372139055305,0.33790650988939147
23,0.29100700095203397,0.3367064354798822
24,0.2876598311924434,0.33436213678272503
25,0.2848255675501598,0.33274882461768396
26,0.2811994613214184,0.3304574600982275
27,0.27747392210288857,0.3274086048454786
28,0.2733032755102284,0.324812595855515
29,0.26931513669878165,0.3232109019756613
30,0.2654516518833858,0.3206647150292475
31,0.2618643054879715,0.31918447887915247
32,0.25923690734824767,0.31787991400922777
33,0.2560473390067885,0.31633769153305646
34,0.252250343390033,0.3147830892624306
35,0.24980975772472255,0.313911746619519
36,0.24777278015753132,0.3126840668544543
37,0.2457758029832648,0.3113578408586588
38,0.2440355860015092,0.31067733453122426
39,0.24054654956979596,0.3096442529293519
40,0.2374224808512971,0.30748613542380493
41,0.23567784839729045,0.3054171148502631
42,0.2336155350368839,0.3042242894394928
43,0.23133242454426975,0.3031494452450665
44,0.22936462999770416,0.30121571338127895
45,0.22785371948132555,0.3000693038150357
46,0.2257063903725355,0.29852903278797954
47,0.22392055299479965,0.2978493828648311
48,0.2224200467861447,0.29719394431916524
49,0.2206624703877727,0.2960665326439725
50,0.2190823228907202,0.2950936665475487
51,0.21715522534531956,0.29534072506351555
52,0.21572724849319624,0.29464689444273323
53,0.21402201732018833,0.29356926132100813
54,0.21242840516260475,0.2918705909643341
55,0.2110162460390198,0.2911697924090873
56,0.2097343860762085,0.2911004326865817
57,0.2080010752678602,0.28994055089005294
58,0.206797858576427,0.2901613741175317
59,0.20550160205233606,0.2892702558191628
60,0.2042946022377158,0.28888526908746276
61,0.20262056216366287,0.2880029942990163
62,0.2015623607133199,0.2876906923648218
63,0.20005035284825218,0.28699383907049686
64,0.1986831687013835,0.2866267284300722
65,0.19751899533213363,0.2854148724191298
66,0.19576570272342994,0.2850118328455573
67,0.19432128391196007,0.28523824133474635
68,0.19240320558900947,0.2852274247841926
69,0.19100899047127837,0.284118824762356
70,0.1902202117234387,0.2840722423696996
71,0.18903403004389954,0.2838098549186007
72,0.18834281607311537,0.2837806279251265
73,0.18748142711123483,0.28327718784324196
74,0.18607531512803221,0.2822661993543265
75,0.1848747797068907,0.2816758938979953
76,0.18347976783784034,0.28088614526005923
77,0.1824458798419972,0.28028136532098913
78,0.1813186125291883,0.2805692555952555
79,0.17996981968642528,0.28006595802838363
80,0.17868319766499752,0.27971508919724747
81,0.17741173009108543,0.2791317639795669
82,0.17659366352940156,0.2780618544218483
83,0.1759549308493539,0.2777841528331955
84,0.17510054666682642,0.2776128230200268
85,0.1741940224778415,0.27754723278402377
86,0.17346344299802682,0.2775540208469895
87,0.17265606704758915,0.2775169202883089
88,0.17146907263785335,0.2772849094924492
89,0.1699592655686269,0.2774108804840051
90,0.16900863514337544,0.278056130230301
91,0.16817425655895812,0.277877028842846
92,0.16768441501402867,0.2775546065614907
93,0.16655413284220186,0.2774637298609473
94,0.16574011960970889,0.2766086463460397
95,0.16491012278375794,0.27613500028186455
96,0.1635909625866779,0.2764341502633989
97,0.16291884656742064,0.2755687370072762
98,0.1622970866886189,0.2751082531932571
99,0.16138935245796465,0.27484058352629354
100,0.16015579233670837,0.2747550190437045
101,0.15933094882418553,0.2740414114433129
102,0.15840324727464064,0.2737764738485783
103,0.15777382839776147,0.2736737128014675
104,0.15704497210702253,0.2729994060382406
105,0.15648281018115323,0.2728904708926293
106,0.15574361106275825,0.27329627319785665
107,0.1549365658117382,0.273117376692582
108,0.15419283640037398,0.2725260097960282
109,0.15352846814936055,0.27231575458383606
110,0.15257821369922908,0.2727980451022997
111,0.15197994729656858,0.27262904593450976
112,0.15137143006615586,0.2720478725741694
113,0.1507867630627788,0.2717974622994698
114,0.15012982238462436,0.27172384658169885
115,0.1493334317530605,0.2714198884915361
116,0.14865495505807946,0.271034107523875
117,0.14817495554533416,0.27100667184844884
118,0.14771732119350758,0.2705574951492076
119,0.1472139496782132,0.2705906546799986
120,0.14645660997829546,0.27079107545689857
121,0.14584978483455416,0.2699215474698966
122,0.14539762453271132,0.27014109975627837
123,0.14454095186738505,0.26989473185600027
124,0.1438206377600974,0.2702364259202481
125,0.14338978248730908,0.2697121668216248
126,0.14273404899863412,0.26959111020958576
127,0.14230785115992825,0.26951451599459203
128,0.1418722314139824,0.26942189421935714
129,0.1412458204490144,0.2686259643736091
130,0.14047808128548775,0.2684185810728404
131,0.1400768908487944,0.26820125638543374
132,0.13960148763705507,0.2685544320043221
133,0.13902670007889043,0.2685144616883061
134,0.1386328804485804,0.26854389698821274
135,0.13809859501317037,0.26805003520733445
136,0.13778431569147453,0.2680052189330285
137,0.1374525820713505,0.2673449754689995
138,0.13704875319974016,0.2676738001747924
139,0.1364277687002316,0.2670731183262625
140,0.13578187984485862,0.26745162992296573
141,0.13504759452937332,0.26753043998280207
142,0.13446036321028923,0.2665516762862901
143,0.13355441746203775,0.2663136471451104
144,0.13297146895649095,0.26609105152372076
145,0.13261047034157356,0.26650749653975025
146,0.13224240311328714,0.2665620380530482
147,0.1318502597607254,0.26613807766961883
148,0.13113705611619256,0.2660954286698798
149,0.13045131937338297,0.2658244003122118
150,0.12977837996130315,0.2651803312291851
151,0.12938488068043244,0.2651085108657328
152,0.12879380011631106,0.26424610616383537
153,0.12804353830650536,0.2640675237588908
154,0.1277610530002773,0.2642031033407081
155,0.12707862814819904,0.2645047479889484
156,0.1266813718092919,0.26398096354044753
157,0.12625165631515184,0.2640495466964565
158,0.12584646574962424,0.2647749033110085
159,0.12555359327130255,0.2646919681782887
160,0.12486458171683663,0.2646274144874327
161,0.12439290087330468,0.2652675744005994
162,0.1239348027615736,0.2655938353022799
163,0.12338593972787082,0.26577075118478294
164,0.12307752333103297,0.2662366422005608
165,0.12263192274224505,0.2668559308744858
166,0.12208659879436917,0.2665626200360164
167,0.1217055933028256,0.26678281780605156
168,0.12134474723765556,0.2667740376108042
169,0.12089548518848015,0.26723806992232846
170,0.12026459919500944,0.26695040871780884
171,0.11981686897269307,0.2670959903498605
172,0.11952870317149897,0.2668834394047475
173,0.1189561003585757,0.26683155581891044
174,0.11867747816063721,0.26726538193924954
175,0.11828483108843107,0.2673995082414373
176,0.11782694700810488,0.26741286461165703
177,0.11755417800476177,0.2676730743775148
178,0.11721430283747725,0.26714694460062266
179,0.11697725646456471,0.26742335348151897
180,0.11650879905005347,0.26749156620143055
181,0.11619108041820908,0.26725388327976474
182,0.11563374220433145,0.26760974450903
183,0.11528431455023552,0.2672388012586402
184,0.11484755125127862,0.26693182578206326
185,0.11433355259732303,0.2667868685142263
186,0.11394632224551246,0.26654001696238966
187,0.11355340105899119,0.26625826164517996
188,0.11298428552905684,0.2658803785902905
189,0.1128317022323273,0.2660375613767895
190,0.1125637204423297,0.26574959274876886
191,0.11235615691763419,0.2661780575225005
192,0.11191809558405187,0.26651107612968394
193,0.11158020039458362,0.266544280381993
194,0.11123556676055928,0.26687806030422545
195,0.11101920178346475,0.26713183820505454
196,0.11086497545963986,0.2671889970736285
197,0.11065155644277247,0.26731033535323234
198,0.11037520093517308,0.26750333786611663
199,0.10996757737819791,0.2677406943413011
200,0.10961718389536974,0.26804790434030107
201,0.10946483891676158,0.26877027041939583
202,0.10905916926616444,0.2685394977302524
203,0.10876968903700353,0.26839343555130124
204,0.10853791076851906,0.2684145421917456
205,0.10836222915056105,0.2685269012796006
206,0.10803841599812226,0.26884899999930867
