0,0.5719976206112358,0.5677841907994158
1,0.5451426617051875,0.5385221983375473
2,0.521850093884654,0.5120229822876674
3,0.5035133457950542,0.4946775191501449
4,0.48902285180806465,0.47999782505137206
5,0.47629834174266195,0.4667915954460809
6,0.4654306930593678,0.4574535613973896
7,0.4558710160701986,0.4489762290365173
8,0.44712411231880067,0.44085222279214575
9,0.43845131095967815,0.4323514659390549
10,0.43140087360324236,0.42656601419396767
11,0.4267885276692986,0.42206804423251715
12,0.4210876183335024,0.4179236532041901
13,0.4162140089342279,0.41457577126309675
14,0.4116570395784074,0.4117391144055892
15,0.40788839371314795,0.40765486502614845
16,0.40378717657780866,0.40464207567015614
17,0.4001166202592323,0.4016391660688887
18,0.3967965530892563,0.39884773304070004
19,0.3934971020749634,0.39636410279301215
20,0.3905906323967943,0.39420150823025507
21,0.3879294479804667,0.3922902127411568
22,0.38462948198387453,0.3891002117640449
23,0.3816809692885611,0.3862405219637856
24,0.37924515996576985,0.3832619727442139
25,0.3765029985201412,0.3794537186345165
26,0.37430107138490365,0.3777236025022063
27,0.3715164365151146,0.37628689645988406
28,0.3693161314917182,0.37489761169278457
29,0.36728904433483694,0.37376338117520114
30,0.3651347898181804,0.37267077661858355
31,0.3629460856369353,0.3714928634634913
32,0.36107216828146793,0.37063210792543577
33,0.3593799713219655,0.36944061533530365
34,0.3578369066545655,0.3684857942139898
35,0.35646688394842385,0.36797136025523625
36,0.35472419855596743,0.36651873826895504
37,0.35286241495782456,0.36559949681262716
38,0.35150271433775376,0.3645908297515865
39,0.3501232295251526,0.36468888026622404
40,0.34851237427099135,0.36219820143727083
41,0.34713592363934503,0.3616830039512303
42,0.3454053692447046,0.3606072547517221
43,0.34421499423254376,0.3598089583223647
44,0.3432034052005775,0.3596217129041941
45,0.3416989430506962,0.3581233540930912
46,0.34034145549959605,0.3578146052067728
47,0.3387958200731453,0.3584473685383641
48,0.33746620926701654,0.3573948169005027
49,0.336077335434923,0.3565468441407347
50,0.33477096835767417,0.355494519082465
51,0.3336722433252752,0.3554387018708799
52,0.33268781057932456,0.35421843840643513
53,0.33175695136278266,0.3531404149176621
54,0.3305769912326842,0.3521317346710545
55,0.3292428751279299,0.35127543582180526
56,0.3281114313310659,0.35066841408432775
57,0.3273017874580415,0.3509663337071231
58,0.32643592916579367,0.3499741460092166
59,0.3257649116216818,0.34927259332961896
60,0.32476323871477386,0.34932567710990997
61,0.3239547184358349,0.34903637125446296
62,0.32269158448953655,0.34786964399423803
63,0.32156653916940825,0.3468892963454238
64,0.32086857720551104,0.3468744031291422
65,0.3200564260737587,0.3467168377466359
66,0.31914293507427655,0.3456174457060079
67,0.31808550207814845,0.3451925667572504
68,0.3172341173362433,0.34323287689124254
69,0.3166328301181592,0.34371928480992975
70,0.31591210564547445,0.3435782309447701
71,0.315000040744034,0.3426234329495276
72,0.31424672040050056,0.3431530491376801
73,0.313217956778919,0.34385057061433405
74,0.3120325997462327,0.34333986918559406
75,0.31091710738690287,0.3425519005837087
76,0.31050740254393966,0.34273282372181846
77,0.3098615778519973,0.34270548281470703
78,0.3092222018081229,0.3428526325530512
79,0.30860968275479733,0.3433860733459103
80,0.30774309436974157,0.3425362721643232
81,0.30697287257333145,0.34191771090384887
82,0.3066389565972698,0.34196713610386703
83,0.305627142890844,0.34131835475577876
84,0.304931654426272,0.34103208711410593
85,0.3043416595334029,0.3401440062433899
86,0.30357042311571414,0.3400096438229528
87,0.30266770191955733,0.33906314852060204
88,0.3022499084592049,0.33856538800331243
89,0.30199004715577515,0.33823571404809355
90,0.30148982947337505,0.3373073712349689
91,0.3010796043295774,0.3359913521089296
92,0.3004945133095385,0.33605106916235133
93,0.30006042957698026,0.33685212246837815
94,0.29888812398666004,0.3362767232039549
95,0.2982245080087677,0.3364248236945563
96,0.29775788816241217,0.3366760285272954
97,0.2973519538233539,0.3360659088005331
98,0.29675737779386824,0.33604981543176254
99,0.29617368910475944,0.33484904949605104
100,0.2952882703905526,0.33461569495894045
101,0.2947970883700967,0.3350407447219228
102,0.2943674549470529,0.33414282081898417
103,0.2939521924316245,0.3335749545447203
104,0.29333706992809416,0.3343480498975748
105,0.292879110966597,0.33391168802863774
106,0.2922009864291642,0.3338853394829547
107,0.2916176984045322,0.332771249102288
108,0.29117456919275203,0.33344324508773454
109,0.2907453930603812,0.3326530899627545
110,0.2901502579095984,0.33261496387225553
111,0.2895361823097607,0.3323324615797749
112,0.28899384928166877,0.33177409018135545
113,0.28830602045300124,0.33136253727841825
114,0.2877432648005927,0.3313932983708071
115,0.2871202171971053,0.3305721198637066
116,0.28664053006727075,0.3311668184169456
117,0.2861794978006269,0.3313659406904096
118,0.28560451006183557,0.3316998110049198
119,0.285089219618169,0.3313196162793086
120,0.28454749157967596,0.3301470846180733
121,0.2842706164184355,0.3302026635568585
122,0.28371743110475356,0.32954457009503896
123,0.2832674935626113,0.3300943928462053
124,0.28299425062319894,0.330072531806441
125,0.28264759492389496,0.33004719454724835
126,0.28198900647688174,0.3299185696006877
127,0.28167948111932395,0.3304328255308191
128,0.2809965711639058,0.32945095038396616
129,0.28048919893749813,0.32948185926531703
130,0.27998627175555796,0.32907179121518565
131,0.27951007013314016,0.32868726443903484
132,0.2791303801218327,0.32894157624318865
133,0.278715806252727,0.3292054701704012
134,0.2783833171809706,0.3285520955146352
135,0.2779824057123771,0.32750055105208076
136,0.277622350334255,0.3279571067563803
137,0.2774030131995182,0.32740239074311284
138,0.27693405692020956,0.32693413257482806
139,0.2765657376232501,0.3271491583440196
140,0.27620705108411875,0.3281194258495368
141,0.2755583114997787,0.3276780455514498
142,0.27522306338569,0.3276241272385024
143,0.2749354113735381,0.32754022923465576
144,0.27450146421998034,0.32661678193471383
145,0.27404369283776564,0.32634024713671644
146,0.2736736449767003,0.32543467660677317
147,0.2734146011007401,0.32567218493539823
148,0.27310328314233095,0.32518591869542934
149,0.272702716682136,0.32583670645361246
150,0.2724142682720592,0.3257924024346992
151,0.27213812467664766,0.32494002207697487
152,0.2718186023824221,0.3246575900005055
153,0.2714199858085257,0.32395631270915504
154,0.27090477665613616,0.32465855898095114
155,0.27056891874048045,0.32450569818668484
156,0.2701533491719004,0.3244757144496884
157,0.26984647270855616,0.3244879696966272
158,0.26945000393798346,0.3243663354924544
159,0.26904209491512243,0.3245555539025861
160,0.26878506588672085,0.32443001160392115
161,0.2684049088644875,0.32404302022107273
162,0.26787634901081303,0.32379104729079156
163,0.26752311920518984,0.32309412354219136
164,0.2670794466026498,0.32305563384826114
165,0.2667665586618551,0.3230751712562363
166,0.2664480802218089,0.3234926230177494
167,0.2660220282821372,0.3227602354429575
168,0.2656806090849679,0.3220923704322004
169,0.2652989605426859,0.3223718274864502
170,0.2649162632865933,0.32220080782127103
171,0.26476503807253554,0.3214826488061859
172,0.26462117639339877,0.32182494355314767
173,0.2644016528012321,0.32242342399915563
174,0.2638458162129656,0.32226199477697354
175,0.26359733299198057,0.3225531297967776
176,0.26314136328845394,0.32098946336919465
177,0.2628324141095891,0.3211173189220378
178,0.2624278784805888,0.3209996316534566
179,0.2620943381469875,0.3210734027444108
180,0.2618771064029461,0.32093527014314105
181,0.2614148746063265,0.3199381330699078
182,0.2610652006372482,0.32009754481490943
183,0.2607722316813836,0.3196531501358196
184,0.2603819904289651,0.3195675263401443
185,0.26005883615045433,0.3197000339685531
186,0.25980240100412805,0.3193438329698995
187,0.2596325459794597,0.31983564480470517
188,0.2594710836435591,0.3197582422894617
189,0.25918606855456555,0.3205025332243216
190,0.2587633348873573,0.31999473770571246
191,0.25837995959215,0.3198925407413558
192,0.258213767063805,0.32000818975869094
193,0.2578962719824501,0.31953330888979825
194,0.25758232587874086,0.31969074474916076
195,0.2572714629759649,0.319691586857368
196,0.2570630727144045,0.3197347860572473
197,0.2567477517304157,0.319669120377584
198,0.256425737520847,0.3196120872539736
199,0.2561755908621644,0.3195534492565977
200,0.255924933078058,0.31967633119452504
201,0.2557169301637423,0.31936128105105355
202,0.25546361010383234,0.31893567224019304
203,0.255186739624218,0.31921891282113035
204,0.25495137723602557,0.31886650208200445
205,0.25461474416091284,0.31795824414609064
206,0.25440477293691627,0.3185011513533289
207,0.2540694078337404,0.31881828455927497
208,0.2537462965198334,0.31910673535418305
209,0.25351238632320716,0.3185739259546194
210,0.2533551460528312,0.3181613208280965
211,0.25306121111711416,0.3180220465003208
212,0.2528145188769588,0.31835189613730064
213,0.2524875868919991,0.3187100095277289
214,0.2521485225583779,0.31914953296201104
215,0.25197273433277817,0.319257811026656
216,0.2518106566111369,0.31885601428768373
217,0.251578579815344,0.31860436575736734
218,0.2513293197874026,0.31864815359739096
219,0.25102105129519764,0.3186895809615634
220,0.2508826247091149,0.3187312357904077
221,0.2506192468137224,0.3185192374075562
222,0.2504608813756594,0.3182161357469973
223,0.2502631536016135,0.31816338120490106
224,0.2500521481236328,0.3181573395056501
225,0.2499369066771345,0.31844871322385776
226,0.24980640541867918,0.3192541747280099
227,0.24962091578928874,0.3194350411783318
228,0.24927791563076734,0.31808514081378897
229,0.2491490064182666,0.31794863942678314
230,0.2490730504726307,0.3182007070900613
231,0.24872729327897286,0.3177444016944262
232,0.24851870672619425,0.3173714312778526
233,0.2481114090811144,0.31720322100450254
234,0.24774674229443516,0.3168952581156512
235,0.24751308652847068,0.3163633355629226
236,0.24732765815931884,0.31622588886824354
237,0.24717309161028855,0.31615545731085254
238,0.24698492648007403,0.3159296603789789
239,0.24682657415207976,0.3158014889450674
240,0.24656898490766652,0.31581204150503506
241,0.24641443955992393,0.3156452347093716
242,0.2462290772469671,0.3159936671080521
243,0.24606758503236376,0.315222082454806
244,0.24596410578386624,0.31499208861246014
245,0.24563487279820845,0.31410806586541296
246,0.24555118136583803,0.3142396840698383
247,0.245171693039537,0.3142977013886659
248,0.24493782578555837,0.3147555296440505
249,0.24469939698307328,0.31512856654868604
250,0.244619390227531,0.31571314276969237
251,0.24443940552274612,0.31565817918830996
252,0.2442106536292938,0.3151359253270157
253,0.2439160010729852,0.3153333832564613
254,0.24356867669026633,0.31546945119147857
255,0.24338773028855723,0.3153612993961864
256,0.24317579225489425,0.31529847679269785
257,0.24287210468171377,0.31499779349062457
258,0.24271269739113505,0.3149443038217245
259,0.24247245069894405,0.31429949843068883
260,0.24225599747777804,0.31426661845328757
261,0.24198374148030075,0.31371239986419336
262,0.2418132420069417,0.31384523821546806
263,0.24157448350794672,0.31378205955343447
264,0.24142037719093729,0.31384589055895507
265,0.24107493333598756,0.3146009013559815
266,0.24080110244248829,0.31446407624574
267,0.2406699130417696,0.3140372459115086
268,0.24054845943146902,0.3137661294144652
269,0.2403941279789388,0.3134526542167442
270,0.24027474645040794,0.3138041643228945
271,0.2401658629265498,0.31315738722945463
272,0.23997877377933655,0.3131761222084082
273,0.23975306977514796,0.3132988200437122
274,0.23931758465808334,0.31357651930969427
275,0.23913744637637455,0.31380180250581047
276,0.23899725447298423,0.3137275431715109
277,0.2387875039128787,0.31390792408335194
278,0.23840950892228752,0.3143252813525599
279,0.23819501191998932,0.3148039924070138
280,0.23801735524660725,0.31517177570635285
281,0.23783380024342374,0.31574490474685685
282,0.23765514129082876,0.31639991778538856
283,0.2373962618209036,0.31675389570668094
284,0.23720402746894212,0.3164549714541666
285,0.2370694143812741,0.316295031835073
286,0.236870833449679,0.31636384878801915
287,0.2366445619914963,0.3164893226802838
288,0.23636902551074018,0.31613561882233515
289,0.23614409635200592,0.31624909621250563
290,0.2360521336965497,0.3159626955813564
291,0.23573129075846722,0.31518397855246627
292,0.23555500633353146,0.31468035292568575
293,0.23546971684288415,0.31459125251249254
294,0.23511072770286573,0.31435832487802595
295,0.23488111285381436,0.31384107750105694
296,0.2346643834681212,0.31337625236425487
297,0.23459569799229657,0.31343950385745367
298,0.23447192962369245,0.31352599405682074
299,0.23439257285160597,0.31336734372475755
300,0.234204778920184,0.31374458200775124
301,0.2340799020846132,0.31338978544053436
302,0.23384919100320373,0.31335219470840714
303,0.23350856243424592,0.3132298369333853
304,0.23342987315244013,0.31271562254589397
305,0.23331514827197508,0.31300716806620926
306,0.2331248764313615,0.3131044556926013
307,0.23298270061461168,0.3129008858677489
308,0.2328740480710021,0.31303443493230904
309,0.232682923240723,0.31330863189240876
310,0.23254414357967454,0.3132482454675049
311,0.2324860857069076,0.31332571106317664
312,0.23223059099682855,0.3132385464101975
313,0.23217767789433016,0.31314344410520384
314,0.23204295349251478,0.3130950234055992
315,0.23169654615261626,0.31331091265518046
316,0.23151884977141912,0.3132139160689716
317,0.23139467433998723,0.3130457658934418
318,0.231254586511461,0.31286277879904534
319,0.23108114462365295,0.31332494073010203
320,0.23086415152853507,0.3134857553681992
321,0.2307824843982113,0.3137346746034337
322,0.2306744702311074,0.3142779864705329
323,0.23052314788837805,0.3143398742306926
324,0.23047127472363155,0.3143319096189647
325,0.23032990497220002,0.31431576761283797
326,0.23015403196464518,0.31360424093294254
327,0.2299661430215138,0.31321462701292
328,0.22978858786048195,0.31277561025031475
329,0.22947027247462415,0.31260149359197054
330,0.22917604341888126,0.31212012844372683
331,0.2289632220434303,0.312009790787705
332,0.22890640484629324,0.3121244305298643
333,0.22860123594507817,0.3123419151911426
334,0.22850395319225233,0.31206417216140986
335,0.2283181855851307,0.31239473092339215
336,0.22814354994230354,0.3122771984259177
337,0.22800260030070776,0.31265356462725596
338,0.22786467438312993,0.3122500011322212
339,0.2277693605384781,0.31158342131690625
340,0.22757954292145127,0.3106985780983412
341,0.22738719319097836,0.3103779191058487
342,0.22728628740760973,0.30965205225698733
343,0.22717139270122408,0.3088737621433423
344,0.22704568858260912,0.3087330394544844
345,0.22692812605714477,0.30867663547421514
346,0.2267700607018769,0.30881845044318257
347,0.22668487126719944,0.30855614309180773
348,0.22651490989250556,0.3088336944860827
349,0.2263979893276977,0.30890851716227485
350,0.22617621515705655,0.3087580482370085
351,0.2259718217697965,0.3089533422711396
352,0.22577609231910528,0.3089381673007331
353,0.22560062683900242,0.3087492101538955
354,0.22546663167372658,0.30867602490906004
355,0.22538880738059983,0.3089697137938594
356,0.22524584479942308,0.3088259534532174
357,0.22508475234196454,0.3090780928472065
358,0.22499397000731275,0.3094819301259917
359,0.22494955085808008,0.3095350065253836
360,0.224824678886683,0.30994945956043096
361,0.22464900519401532,0.30996097331708705
362,0.22459411792331524,0.30993531830094395
363,0.22438004878966153,0.3091316938573331
364,0.22427433258444215,0.308996480031619
365,0.22417941752239043,0.3089962694157528
366,0.22410266185260586,0.3086364174654403
367,0.22394982406268504,0.3085088871179316
368,0.22380929893517584,0.3080071550800593
369,0.22368950354610698,0.3075376574315136
370,0.22351398673861664,0.3077031776248378
371,0.2233884478335433,0.3076686855585221
372,0.2231931149172879,0.3072655795228123
373,0.22302020653128643,0.30680722701972507
374,0.22296412424850512,0.3069701533441597
375,0.22286566423087098,0.30708597613113137
376,0.22273844117695565,0.3072824513903773
377,0.22259449617877394,0.3075498849244096
378,0.22248708921399107,0.30759516443860463
379,0.2223084993932741,0.308410083940233
380,0.22212893235743003,0.30913682091189154
381,0.22202101208189215,0.3092816334342988
382,0.22180510427717984,0.309180376217541
383,0.22172718799092114,0.309243185411129
384,0.22160268476129782,0.30868020157072285
385,0.22152852801788647,0.309105084435723
386,0.2214327138736119,0.3091358054957497
387,0.2213287862354689,0.30889309040096063
388,0.22101600985912398,0.3078635576952611
389,0.2208668617995172,0.3074537116835701
390,0.22073945492728306,0.3079337428731205
391,0.22063288578822088,0.30725273962104654
392,0.22053311195224654,0.3070647599365571
393,0.22040927314331707,0.30806949934570715
394,0.22027085908649838,0.30780340887379787
395,0.22008024244454835,0.30753832844633616
396,0.21994959613904508,0.3078545306132893
397,0.21985502280756494,0.3074484689326729
398,0.21966424038341031,0.3069873417053897
399,0.2195678287743912,0.307291084100591
400,0.21944714059306822,0.307567632861404
401,0.21934086131178782,0.3077190936143166
402,0.21920119426389836,0.3079122157115455
403,0.21919510933880146,0.3078330317247417
404,0.21902735276260366,0.30833989215522606
405,0.2188607796426728,0.30849101454376887
406,0.21862997676250262,0.3084790104934069
407,0.21855510538271916,0.3078100147057737
408,0.21850648181318352,0.3077916001079996
409,0.21847177156527353,0.3075680141353401
410,0.2183138753320609,0.30744298961728694
411,0.2182837001811095,0.3072631883595297
412,0.21824011125193263,0.30738146717245335
413,0.21821076289061178,0.3072449558376022
414,0.21819053614348288,0.30748887139658304
415,0.21812086835514014,0.30716232986102954
416,0.217968244813219,0.3069996716344915
417,0.21769543844236078,0.3066313518637832
418,0.21762141207335942,0.3060876748824257
419,0.21738042545994568,0.3054067957731597
420,0.21727138932470325,0.30525580512522976
421,0.2171583221326284,0.3051998819200953
422,0.21706638436629894,0.3051361189329721
423,0.21696332113223607,0.3044332109618046
424,0.2167027486048276,0.3046674637239317
425,0.21655527153639598,0.30483433406241883
426,0.21639367961602998,0.30517779531610745
427,0.21633559907072863,0.3048942565436527
428,0.2163192442212172,0.30479022515769477
429,0.2162146625426839,0.3048925564968644
430,0.21610895200767052,0.30499932096911897
431,0.21602562586177274,0.30494690415726433
432,0.21595583137002694,0.30536212873887436
433,0.2158611869079902,0.3054632366559299
434,0.21570303749869543,0.3058476831789185
435,0.2154998246402162,0.30599890554643094
436,0.2153458090505136,0.30634705097212356
437,0.2151917730360326,0.30696498693087576
438,0.21512138640900866,0.30654899392132146
439,0.2150243868540983,0.30704000413741744
440,0.2148738747593818,0.3069784006041677
441,0.214763788677333,0.3063772592886687
442,0.21468524530871227,0.30658599738239833
443,0.21448376952399323,0.307207965110535
444,0.2143243614929869,0.30682290005022494
445,0.21413832161558166,0.306367083139783
446,0.21410176000646128,0.30658793924106426
447,0.21402625807971687,0.3063304042975132
448,0.2139449349883097,0.30664819012662625
449,0.213828572061584,0.30665040174777186
450,0.2137762758322186,0.30730576448628305
451,0.21367014759481345,0.30724292048662366
452,0.21356291471630529,0.30707710757549866
453,0.21335670079911892,0.3071256780919116
454,0.21320372786787406,0.30662810541346047
455,0.2131511796940743,0.30673144487197634
456,0.21295030943846982,0.3062990813940875
457,0.21283116032272548,0.3062550987651035
458,0.21274497100604178,0.30611169163042645
459,0.21263683720952906,0.3063978597706694
460,0.21252004388494425,0.3062793118095968
461,0.2123847552227038,0.3061612723583955
462,0.21220828729573205,0.3061144237296784
463,0.2121443130067447,0.30612651379379563
464,0.2120278266333903,0.30629090989377794
465,0.21196994016447812,0.30636032586234047
466,0.21178249791562004,0.30683152601022856
467,0.21165665803845507,0.30682275154901384
468,0.21150086403989948,0.3066677962827911
469,0.21142560967723528,0.3067161233130902
470,0.21134921516279467,0.3068586203691969
471,0.2112002394875896,0.30669386941499593
472,0.21111375241955385,0.306750428478335
473,0.21100327252758747,0.3067098961833933
