0,0.6386136720297344,0.6425376631822829
1,0.6210124197509862,0.6287709028353855
2,0.6043798444774063,0.6161920342466496
3,0.5910048764095882,0.6044025296058634
4,0.5759173405675397,0.5930773737620674
5,0.5616499523849846,0.5815107661690295
6,0.5492524666792135,0.5722519685725701
7,0.5398072789434513,0.5655774069518874
8,0.5283915735451156,0.5568019143931757
9,0.519869482683086,0.5501214072091767
10,0.5121942105417367,0.5446858953927971
11,0.5048858409712415,0.5393044545932993
12,0.49869541835002723,0.5341805186151534
13,0.49360212245141283,0.5306268807331457
14,0.4882354956173884,0.5271890092051175
15,0.4809235633038405,0.5229379471189292
16,0.4754995719353325,0.5191638251541725
17,0.47109585330261544,0.515182091053142
18,0.46582788947024945,0.5113933895645479
19,0.46186094867438904,0.5095425124217241
20,0.45774626937939283,0.5069072458517644
21,0.45257124611086824,0.5037958799208517
22,0.4480816651102679,0.5004218146411221
23,0.44320047865204043,0.4978187292244941
24,0.4387193483342793,0.4952438045354975
25,0.4366250605088301,0.49343026999965856
26,0.43310122565363235,0.49088607535822315
27,0.42941123094814,0.4885925157645414
28,0.42566501681619673,0.48732418799205607
29,0.4229174428067664,0.4853880960712929
30,0.4204091800826448,0.4841762517031245
31,0.4181366267377884,0.4829288353588626
32,0.4163823827620542,0.4820801298013359
33,0.4137564770029579,0.48164878845429365
34,0.4118626166128885,0.48138800569513973
35,0.40954518256088096,0.48002871888734044
36,0.4078033271236376,0.4794412338786479
37,0.4053913732203691,0.4781314436251407
38,0.4039871193616056,0.4773632670904315
39,0.40212264728648867,0.47703188136715036
40,0.3999927470239822,0.4761362143483834
41,0.39795091139319727,0.4757910241576062
42,0.39600950453465483,0.4753382615538795
43,0.393881704380317,0.47475102123859053
44,0.3919048903562574,0.4730510194295995
45,0.3902768331253953,0.4732549308406257
46,0.38889918162911336,0.4727982661376397
47,0.3871248440692203,0.47180038568453403
48,0.38514633286395755,0.4711802257235231
49,0.3836346420151071,0.4710719755408277
50,0.38244582026947294,0.47069009772583364
51,0.3809545590585574,0.4700373793484959
52,0.3793939574830985,0.4696113084703849
53,0.3780042236543994,0.4679966540625556
54,0.37676967147032286,0.4673052835066783
55,0.3758330742461382,0.4661158226958475
56,0.3744990265168093,0.46516996056072474
57,0.372893228771625,0.46456092797170245
58,0.3711161200882267,0.4634148432323472
59,0.3692163056956969,0.46164680886621756
60,0.3680102592643561,0.4610907182258328
61,0.3667956872276987,0.46036043388362674
62,0.3654609980893962,0.46059693889496467
63,0.3642534738765454,0.4602045056246147
64,0.36327418589712857,0.4599896151168171
65,0.3618734147271259,0.45875871745850955
66,0.360592218969896,0.4577453273099951
67,0.35843322951329104,0.45717440454386266
68,0.3570126820165367,0.45672629712559987
69,0.3554726833478132,0.4565534179788887
70,0.3543021490868049,0.4560778291456624
71,0.3531027471204211,0.45529471544274525
72,0.35191985686641736,0.4551729075280601
73,0.3509992980991273,0.45409456855830954
74,0.350218179927322,0.4540368949753105
75,0.3487914021808658,0.45327489690469414
76,0.3477127820458098,0.45344054182642785
77,0.3460394119186861,0.4530203915835417
78,0.3450167241716677,0.45250845100351117
79,0.3440801291360395,0.4519486251500655
80,0.34311153400139643,0.45147318062336406
81,0.34249288556016444,0.4509173445599535
82,0.3412965954183926,0.4503699335736838
83,0.3400401069425822,0.4494481749083859
84,0.338841476197667,0.4486007698897194
85,0.3381192726915927,0.44822891163490175
86,0.3371714039982615,0.44783590393757666
87,0.33635057408232677,0.44742064081557337
88,0.3352550956343764,0.44639243070832385
89,0.3343588343379526,0.4463865879566253
90,0.33367498802662654,0.4462287467992055
91,0.3329250504289045,0.44583955818966675
92,0.33187481349360937,0.4447756403075286
93,0.3311996985126827,0.4442911567713071
94,0.33069274660688747,0.4435265141354661
95,0.32948513970692805,0.4429331737449795
96,0.32868633193457925,0.4429809765710783
97,0.32793844369903274,0.44292496228105865
98,0.32719429474863393,0.4435006182244747
99,0.32636970295550166,0.44312034808986245
100,0.3256921910677994,0.44234235279142425
101,0.3251270625816611,0.44198872173846526
102,0.3240960136071159,0.4419484335850772
103,0.3233510432886073,0.44177202608617866
104,0.32266513687576004,0.4409953944121022
105,0.3221176904515319,0.44061484246938626
106,0.3215220158767308,0.44037275927828196
107,0.32063954592832483,0.43967598754033893
108,0.31978720122693544,0.44034197245717277
109,0.3187425124118876,0.43959418585542526
110,0.3182868206305512,0.43932241127348753
111,0.31730574922396876,0.4394634651991715
112,0.3159668307153483,0.43898598434133324
113,0.3153036337563457,0.4388714980742464
114,0.3144705890372843,0.4380345863309727
115,0.3138913570462075,0.4378305298419605
116,0.31347314477240684,0.43803315027797407
117,0.31254839910189636,0.43780447883533513
118,0.31188367639633735,0.43777783728975095
119,0.3112176781500136,0.43702922542997175
120,0.3105420908404118,0.43694551809198934
121,0.3099239731406286,0.43654158526406533
122,0.3089032661919312,0.4360878630247326
123,0.30843040019022105,0.4359704320507737
124,0.3079733924374525,0.4359218542539367
125,0.3074581976292824,0.43567779241078186
126,0.30692268178913257,0.43498904615999556
127,0.3063490088452283,0.43442293878743715
128,0.3059466394860347,0.43399063353081246
129,0.3047486088931734,0.4338736624981907
130,0.3037481150261909,0.43337712616165674
131,0.30327776773069015,0.4334845202031276
132,0.3026980845980111,0.4334895074272638
133,0.3018311371233681,0.43254996947263463
134,0.30104059012333945,0.4325792925712856
135,0.3006186787633881,0.4323392410897717
136,0.3001156418003113,0.4317601279201912
137,0.29959749096926147,0.4312722468769316
138,0.2990769434555002,0.4306255398382116
139,0.29848196492713475,0.43061832745032486
140,0.2979567832854171,0.4304500134344133
141,0.29754330676692564,0.43001292400878927
142,0.29649533252185367,0.4299396658687546
143,0.2961150814887654,0.43026269059360095
144,0.2956687834854872,0.4303193325826595
145,0.2949588625643615,0.43060342591062006
146,0.29449523548112927,0.4307016084024297
147,0.29405413356796317,0.4306827497220952
148,0.29333557569252167,0.43052728913037536
149,0.29276162943638273,0.43027154161674225
150,0.292270423036769,0.42976333807735134
151,0.291372995223883,0.4290311844614133
152,0.2906138352234461,0.42954466296803384
153,0.2900371579431433,0.42973829555848114
154,0.2890382861524639,0.4294524293739435
155,0.2882868392053416,0.4294127244027878
156,0.2878452734754845,0.42923569477164286
157,0.2872437195988281,0.4296089694938382
158,0.28680393510345464,0.42980662031833533
159,0.2864249114501254,0.43007549747374996
160,0.2861324281965208,0.4307369435405109
161,0.28571125648976103,0.43078615341917226
162,0.28536343871943803,0.4309758858761419
163,0.2847496107950856,0.43087265409987136
164,0.2843075967747058,0.4306943050424794
165,0.28391006924400203,0.43029775314037155
166,0.2834570708597989,0.43021460179938775
167,0.28307537832178775,0.4300588443261651
168,0.2823984793026118,0.429625769676424
169,0.2819981513791671,0.4292813480516085
170,0.2815096505283577,0.42951468795595704
171,0.2807748763999156,0.42937142216855223
172,0.280229590706716,0.4294794380529717
173,0.27977012127048956,0.42950154512869
174,0.27912601117603686,0.4290066750303472
175,0.2787732764094107,0.4285462887912312
176,0.27840582628160454,0.42833054697724804
177,0.27808157258611876,0.4279968868430543
178,0.2775986108111304,0.42780956889245897
179,0.2770651602527902,0.4275455433402957
180,0.27645078389907973,0.42774304464368657
181,0.27606914484959016,0.42774526841509447
182,0.2755969847861372,0.4278207809111497
183,0.27531768320551697,0.4277866731040955
184,0.27491500872717956,0.4264407997196984
185,0.27445738213750454,0.42660289791754036
186,0.2741357871382327,0.42659779476437093
187,0.2736787893345264,0.4262940756551682
188,0.2731581642229269,0.4263433058934899
189,0.27262181967843924,0.42720472987056407
190,0.2719804044909737,0.42770691258071664
191,0.2714750455762801,0.4277386995185072
192,0.2707516783138697,0.4277572178984203
193,0.27027891175791774,0.4280588869680986
194,0.26986663780744463,0.4275576267484266
195,0.26933117504913623,0.42764724919197056
196,0.26903603918759406,0.42783772797248476
197,0.2686170173778894,0.4282713026810821
198,0.2681050052250615,0.42833855142094945
199,0.26720852560465813,0.4286292248417377
200,0.26676258745261366,0.42858112216870387
201,0.26622065739574147,0.4282396704730488
202,0.2658690395554866,0.4282535276329815
203,0.26552822896693745,0.428448372932021
204,0.26482616004796805,0.4280095818905822
205,0.2644456559418291,0.4278222509935201
206,0.26408385975077,0.42790708530375554
207,0.26357727929990243,0.42778640797651546
208,0.2632520012609719,0.42819108072784856
209,0.2629178051807395,0.42804796309834336
210,0.26254555520905565,0.42754623304319217
211,0.2621945584311995,0.4274841015286958
212,0.2619001985464275,0.4271081246903366
213,0.26165903784283867,0.4270634259904837
214,0.26134523242532304,0.42703238790101916
215,0.26100572034532765,0.4273816175882087
216,0.26061530384415055,0.42628416720110457
217,0.26016297314120335,0.42585721413490435
218,0.2593950640830724,0.4255996543629423
219,0.25902442199630293,0.42625250718798713
220,0.25870077038925876,0.426431178253769
221,0.2582689979666579,0.4263914719124449
222,0.25800137046062166,0.4263246768390902
223,0.25761506187673844,0.4264791946755547
224,0.25715668391743685,0.42608533379057645
225,0.2566422918990769,0.42627625684006343
226,0.2563701833261575,0.42614613020310954
227,0.2558364842746717,0.4261044899212116
228,0.2555716445537775,0.4263787252536087
229,0.2550315611764602,0.4260772222367859
230,0.2547424674772963,0.4261574361897213
231,0.2543223623457341,0.4257421785450395
232,0.25392509992114515,0.42573203524195097
233,0.2532414108260683,0.42622066291042937
234,0.2526613324085804,0.4263887904766959
235,0.25214922256808486,0.4261728498392665
236,0.25189516334399964,0.42633963864067714
237,0.25125858678212,0.42603580955470627
238,0.25075140680987823,0.4262392956558264
239,0.25045113579668143,0.4262105695999218
240,0.24955356421119534,0.4244183861338023
241,0.24880560329168466,0.42438000144518434
242,0.24856401541489997,0.4244844866795352
243,0.24841690607057473,0.424480737219972
244,0.24825174154736698,0.4248158111724825
245,0.2479044636369194,0.42485449527924546
246,0.24753022805295405,0.4247253900154051
247,0.2471601557771568,0.4255851117266468
248,0.2468637778195666,0.4256234726152287
249,0.2465599211012008,0.4258701438736583
250,0.24628138162020607,0.4258773183779624
251,0.24606164876784942,0.4258799210156222
252,0.2456879421642771,0.4259319850027041
253,0.24536053121100507,0.4257035777797863
254,0.2451756973688363,0.42561236045742046
255,0.24497993112533226,0.42552053252882754
256,0.24465516311771948,0.42568447391743897
257,0.24432579959290987,0.4257538711429385
258,0.244053804276048,0.42580315240133854
259,0.24380614492555683,0.4257225070023911
260,0.2435154930257459,0.42633752440151906
261,0.24322623330763266,0.4261178434189566
262,0.2430171842057957,0.42605583675634756
263,0.24274206053934103,0.42588121506771237
264,0.24241297417156582,0.4258609034986352
265,0.24216319159518232,0.4257066515086122
266,0.24177464575079763,0.4258541310773822
267,0.24159438461203236,0.42590255062183485
268,0.2409254026320502,0.4260863621509299
269,0.24051717144922133,0.4262272197452032
270,0.2401963232797653,0.4260173159644239
271,0.23996624299637037,0.4260684610633252
272,0.23974398527610769,0.4258210092227584
273,0.23962199129634779,0.42590758938456813
274,0.23935904335904845,0.42554707726843216
275,0.2390128555885544,0.4246601659146056
276,0.23859189323779786,0.4247595694657118
277,0.23816601807646842,0.42481689702498737
278,0.23786924242783042,0.4249199037646394
279,0.2372277830299382,0.4249883091706599
280,0.23686181991538993,0.4253993209180446
281,0.23660477503060529,0.4251930859795403
282,0.23644485950601726,0.4255653340602809
283,0.2360672725354639,0.4253246341187379
284,0.23575371335085754,0.42560406435014947
285,0.23536499981161987,0.425226643784147
286,0.23501111114296314,0.4257902900380488
287,0.23446379233384246,0.4257457868035177
288,0.23415009362998512,0.42532324401846366
289,0.23386597806038098,0.42560418588490917
290,0.23343658382731183,0.4261181503328044
291,0.233245144142226,0.4263524224289104
