0,0.641507127719332,0.6422010926181164
1,0.6208206266907362,0.6221630205281681
2,0.6019334127984174,0.603714812534592
3,0.5873574244636106,0.5891723137427274
4,0.5731424787808891,0.5755237148185637
5,0.559274321947977,0.5622696822069808
6,0.5478684239848574,0.55169331791459
7,0.5384290809737949,0.54352387287556
8,0.5275848611760245,0.5329639329136672
9,0.5200449853747721,0.5270312669731322
10,0.513359281584076,0.5217907864885076
11,0.505714331787587,0.5160568310803881
12,0.5002112353709449,0.5116427085163321
13,0.49533260601097234,0.5077529322120834
14,0.4905061816563572,0.5051917999174244
15,0.48529093800853124,0.500684552695004
16,0.47906860839142357,0.4942593401502137
17,0.473823797776635,0.4899099653015369
18,0.4686490747281417,0.4850640808493064
19,0.4657562340600447,0.4834429164513005
20,0.46266168513121797,0.4806506236394246
21,0.4588256591883543,0.47714595794512715
22,0.4562955506389356,0.4761256588373337
23,0.4516379592789632,0.4728243076969619
24,0.44867378072287156,0.4694784657940978
25,0.44426581729409736,0.4650466510013224
26,0.44149556816663854,0.4629243587330396
27,0.4391361821890455,0.4610818524536566
28,0.43603557674781496,0.45847245000905107
29,0.43255387038685555,0.45627367670584884
30,0.42994660121653794,0.45323920477664353
31,0.42774131878125476,0.4514463455689574
32,0.42527561013484716,0.4500672252661036
33,0.4227814891809806,0.44762601202987096
34,0.4201457274217542,0.4461253809918993
35,0.41848670067585353,0.4447089852486734
36,0.41662486932103254,0.44360941872908294
37,0.4147562744995272,0.44163961920181777
38,0.41265407968663165,0.4403606217028625
39,0.41056394187840795,0.43945416771411766
40,0.4081005006327251,0.43676507755585947
41,0.4067080534642907,0.43535288011166345
42,0.4048801854666393,0.433210117201984
43,0.40283742598087785,0.4322130002931239
44,0.4007020261136615,0.43099630318565557
45,0.3994253549641277,0.4301049938035566
46,0.3977063630830294,0.4286045355955397
47,0.3962882277112277,0.42751159586202137
48,0.3951024731944995,0.4271948735249267
49,0.3938430766822566,0.42687358933264763
50,0.3924431913668457,0.4256037327451662
51,0.3912326370165833,0.4244737305563946
52,0.3900366055532663,0.4232058059919217
53,0.388778110867591,0.4224015763060397
54,0.3869130166916843,0.421140456320522
55,0.38492833660886616,0.4206589339331931
56,0.38394123002843455,0.4196793709738244
57,0.38297912285787983,0.4191990701970567
58,0.381944539017175,0.4187325515546078
59,0.37976321853554973,0.4167827833093216
60,0.378599779877362,0.4163656032016111
61,0.37671110050181383,0.41554511332077904
62,0.3751651138698441,0.415012244329038
63,0.37328655952391765,0.4144494407980446
64,0.3718166543709182,0.41337357735795566
65,0.3708932265522761,0.41302454833803515
66,0.37007864003285257,0.4118455545760171
67,0.36861801639937714,0.41037283677933684
68,0.3677960599025924,0.4101156972715856
69,0.3665987061734228,0.40889042755331045
70,0.36541850240576235,0.4085554290595872
71,0.364531641870898,0.40825534036438726
72,0.36347035652208054,0.4080444007827297
73,0.3624300169835851,0.40785955888315095
74,0.3615244297972846,0.40713726334141803
75,0.3606390472089486,0.40691149963121676
76,0.35980235483159095,0.4063385094929557
77,0.3586012786393521,0.40585370498048273
78,0.3571891714339191,0.40556434221701865
79,0.35608086257746,0.4044300062573646
80,0.3551036860654079,0.40456038111138054
81,0.35429025851814067,0.403910090025733
82,0.3533722546873645,0.40349096612507684
83,0.35226345607409604,0.4029801465304835
84,0.3514288142609698,0.40208149416906425
85,0.35071922476885065,0.4017403831990108
86,0.3500778756487562,0.4012710749484178
87,0.34868556290662794,0.4006157192099398
88,0.3475204213070637,0.3998870684786938
89,0.34692405528855097,0.3994411280459146
90,0.3456951035465117,0.39830469471997565
91,0.34479775835047266,0.39772677797914907
92,0.3441677019917968,0.39701054755243514
93,0.3434179591575528,0.39671874657409434
94,0.3426702770511264,0.3968914430763816
95,0.3416041141746675,0.3965036177580737
96,0.34092989746751395,0.39605325293868515
97,0.3401690215663417,0.39600682695079614
98,0.33917455556560083,0.3950249031773982
99,0.33856045426803427,0.39499873920227274
100,0.33799141435626096,0.39447002455175484
101,0.3374053083159337,0.3942740749019061
102,0.3365816709011533,0.3944301713105386
103,0.33593085927232286,0.3935288077546232
104,0.3351877367712871,0.3930906426524568
105,0.33433360779946225,0.3930131556860203
106,0.33346054551051363,0.39287830392932177
107,0.3324785782742352,0.3930144333058879
108,0.33110145469217284,0.3924103808998732
109,0.3300104109556976,0.39142067770237476
110,0.32876653843886783,0.39074574440618687
111,0.3279867558602134,0.3908548087143604
112,0.32688052822105534,0.3899325857275183
113,0.3261032076524148,0.3891806341336415
114,0.3255291101963652,0.38914562649983636
115,0.3248776704653611,0.3888865542564034
116,0.3244862899807945,0.3885638117965554
117,0.3237858987394009,0.38813918712007445
118,0.32309836506042194,0.3885481310059478
119,0.3223847539972716,0.38785441630805617
120,0.3215619373435138,0.3876379017294245
121,0.3207492057019009,0.38716870515606266
122,0.320138661664135,0.386726359874402
123,0.319492283771882,0.38566662123991985
124,0.31891228248321907,0.3849546653249508
125,0.3182969624336483,0.38451162311336146
126,0.3174238207927675,0.3839779359681464
127,0.31659751934768243,0.3829276353287885
128,0.3162567555991539,0.3829605750861276
129,0.3157083485951051,0.3831940408350522
130,0.31510186120728495,0.38290283105264966
131,0.3141995950982053,0.38227868757024
132,0.31348639430907776,0.3812251117189775
133,0.3129503508552224,0.38147490112325494
134,0.3124942150368414,0.38140687401584894
135,0.311845471456715,0.38095060810921166
136,0.3113952792544333,0.38087805780836875
137,0.3109094766137507,0.38045197072751397
138,0.30988009736302347,0.3802382520261785
139,0.30910665801636555,0.3802497502362741
140,0.3086537269096469,0.3800284656229845
141,0.30823009774596294,0.3800897562287434
142,0.30760856451126845,0.37977041875590817
143,0.3064715264787679,0.3785008708410097
144,0.30608140193464817,0.37866173529428154
145,0.3055357822855978,0.3786447434139501
146,0.3050055297708875,0.3786540213288535
147,0.3046474745522247,0.3784030169333153
148,0.30414755676919697,0.3783585417114306
149,0.3033901246431916,0.37770408476215034
150,0.3027335122350917,0.3780704652668819
151,0.302276210053664,0.37778559144058266
152,0.30183670643758564,0.3778549975948666
153,0.3012545778345062,0.37723874882459724
154,0.30075587644784507,0.3765856736243712
155,0.30004092123475984,0.3762633729971541
156,0.29930885578782873,0.37598355415412293
157,0.2984966621442841,0.37563264970837834
158,0.29776758305493284,0.3753785202718017
159,0.29701303391369804,0.3750979920879114
160,0.2965928800277085,0.37523454036264536
161,0.2959478067274511,0.3745524739874434
162,0.2956060293524558,0.3745876034512365
163,0.29509419863148884,0.37383391214060213
164,0.29471618789923715,0.3735554096916049
165,0.2941023589663387,0.3733107010320299
166,0.2934878998764008,0.37287138298036304
167,0.29312292905840226,0.3731614486304043
168,0.29249732221444763,0.37247294347510485
169,0.292111701930031,0.37262014394465126
170,0.2915124572461042,0.3720094577898194
171,0.2909941061348051,0.372359659179843
172,0.2904407583333213,0.3722827747992239
173,0.2900459382498424,0.3722576531370151
174,0.289454187317001,0.37138560604601106
175,0.2888808394191144,0.37111019849847354
176,0.28848345006572684,0.37124182750467843
177,0.2878591252290664,0.3710700749818768
178,0.2869678245647088,0.3703833684502613
179,0.2865050119787619,0.36986490084860857
180,0.286206881045895,0.37033850715907163
181,0.2855535058787733,0.36993925094012486
182,0.28458806513607554,0.3693312490776651
183,0.2840241457328947,0.3691663645756568
184,0.283738465323296,0.36879116439096554
185,0.2831578713852437,0.36854890179237637
186,0.28259773102162483,0.36833595125064467
187,0.28218557986449905,0.368647247909724
188,0.2818490008779483,0.3688491240777034
189,0.2813222782976682,0.36835905630450905
190,0.28108024172787066,0.36817626044997825
191,0.2805147844177603,0.36816033046354324
192,0.279998751364933,0.36779679021986816
193,0.27936039437122945,0.36789041492574387
194,0.2785400322391956,0.36707465007131795
195,0.2782242958021251,0.3670449640874154
196,0.27770522716092894,0.3669262845744714
197,0.276924750549579,0.3662149689123158
198,0.27658143459333484,0.36630284381310474
199,0.27620087420941225,0.3655635743589653
200,0.2759055258073985,0.36526472025224993
201,0.2753299179885682,0.36498826847165194
202,0.27495816836619885,0.36473909177887537
203,0.2745410078903918,0.3651156901600559
204,0.2739765675533341,0.3647847250294753
205,0.27372621914195483,0.36533251591078353
206,0.27336807022810267,0.3653636435588259
207,0.27288121068191373,0.36552058978899404
208,0.27237006580473333,0.3659120316293342
209,0.2719154120103821,0.365674506561678
210,0.2715711107386399,0.3654513331001226
211,0.2710845334710505,0.36546563656958375
212,0.2707728762321426,0.36568195339532594
213,0.270440625306322,0.3656372848190656
214,0.27022475529038464,0.3657504686114202
215,0.2698888227316228,0.36577370399011017
216,0.2694772319896054,0.3659463275173949
217,0.26885654510931983,0.36607515993956086
218,0.2684473857711738,0.3657241565137194
219,0.2678409367821675,0.3652392386526884
220,0.2674885280544412,0.36562773960143335
221,0.26710642776776883,0.36561783488916183
222,0.2665667517392655,0.3648551315291458
223,0.26618499360199405,0.3648707142225049
224,0.26592626522834323,0.365344324500629
225,0.265617212070426,0.365690732005043
226,0.26537472964941283,0.36550065767198414
227,0.2649748131321719,0.365671129245672
228,0.2646759814802704,0.36561117375270563
229,0.26441527045035895,0.3657682732434516
230,0.2641269654983908,0.36582934694696767
231,0.26383982245423054,0.36560952799175045
232,0.2636105181888604,0.3655055293819536
233,0.26332545821117403,0.365855595843654
234,0.2628363039960016,0.36606129455707087
235,0.2623475675461071,0.3658022786045069
236,0.26205477004739014,0.3657048966050775
237,0.2618837222638839,0.36573264643380776
238,0.2613937016372189,0.3660969369369739
239,0.26098766693568726,0.36601320550140665
240,0.2606351573586439,0.3659489953778024
241,0.26009233768920825,0.3657435845730131
242,0.2598263848695315,0.3661350131499997
243,0.259543980570543,0.36611462552574847
244,0.25914994507721456,0.3661183398768743
245,0.25876311153584186,0.3662168650079832
246,0.25825830212106327,0.3657093522773699
247,0.2577232004964909,0.3656148250693825
248,0.2575026195631881,0.3657653143480915
249,0.256845718523925,0.36536884183169305
250,0.2561656495273319,0.3648855725095988
251,0.2559236080628373,0.3644204862889703
252,0.2556814945598841,0.3641534799342234
253,0.25543615532514785,0.36406241582370347
254,0.2552328038035883,0.36388198688733553
255,0.254699547606945,0.36432174151425034
256,0.2543881752439359,0.36382130308103555
257,0.25386981461481406,0.36401037741859843
258,0.2536760231474588,0.363654214950693
259,0.25340816774324965,0.3630488433365649
260,0.2531945362514293,0.3631585603363292
261,0.25293561458883,0.3627783508415943
262,0.2528260631034842,0.3627834444041008
263,0.2520647202732515,0.3623172380035312
264,0.25183457632334194,0.36196458465362985
265,0.2513391118091394,0.36168040458710116
266,0.25117439886454257,0.36189746493468494
267,0.2506301575354834,0.36177196089876557
268,0.2502723927267983,0.3614624312386259
269,0.24991623217120468,0.3611801273611313
270,0.2495322894880428,0.360642331518008
271,0.24926940833707262,0.3607048536599268
272,0.24874924913509378,0.36037235175891635
273,0.24824336563136581,0.36039299734314784
274,0.24808211844022682,0.3608673120806806
275,0.24750110468261097,0.3605973396242977
276,0.24691440242981838,0.36029060246141326
277,0.2467419700684817,0.360442177310291
278,0.24650259325046794,0.36044532976965166
279,0.24599905923438353,0.36039257055361973
280,0.24562327759896052,0.3598749562846559
281,0.24536478802017586,0.36002998457561997
282,0.2450583768441073,0.3601100418892259
283,0.2447936153999795,0.36018303352493714
284,0.24457615553389808,0.36006232024147766
285,0.24417449644566147,0.35978507715989533
286,0.24392045691345998,0.36001725040442195
287,0.24365632538087453,0.3600006418662086
288,0.24307107729626512,0.35947794046388076
289,0.24269669719779366,0.3596481668551691
290,0.24250512781259934,0.3594520192417746
291,0.24225889498561673,0.3595822980626902
292,0.2420431038222375,0.35938511918023525
293,0.24185764933837028,0.3592169985453859
294,0.24162758596056216,0.3594629806301382
295,0.24122990855666993,0.3594574728730039
296,0.24090833447699292,0.3595442242803339
297,0.2405907740261922,0.3590536605353247
298,0.24011003151193705,0.35884858430507627
299,0.2396724610054424,0.3593266868612142
300,0.2392457746110657,0.35954314995565323
301,0.23905596154425313,0.359156024406235
302,0.23851735192876525,0.3594110597996093
303,0.2383442784593557,0.35926844259561064
304,0.23802744554971852,0.35914539858896866
305,0.237814042762115,0.3589804181892266
306,0.2376533236505362,0.3591828655513676
307,0.2375173506879785,0.3592506449372824
308,0.2371032890486108,0.3591572635839069
309,0.23673342657356072,0.35918902370208255
310,0.23653301996034404,0.35909071145179566
311,0.23632867780814704,0.35896176878367536
312,0.23592364713461947,0.3593049557155807
313,0.2354651639100506,0.3594357419323541
314,0.2353287514369158,0.35973395738667674
315,0.23520051089103453,0.35961424243602397
316,0.23498262858224164,0.3593734656706822
317,0.23471682012623388,0.3592145365838463
318,0.23441033881151319,0.3585424315389854
319,0.2341757772804884,0.35838418457850996
320,0.2337838240417885,0.35806930033015116
321,0.2335127074067617,0.35809599147446386
322,0.23329273531518172,0.35793361968978626
323,0.23296421359800853,0.3580312539429114
324,0.23248762893761227,0.35752577041928135
325,0.23210914200864777,0.3566927705598265
326,0.23189318294491612,0.35648544595212234
327,0.23164464559896328,0.35674637955369
328,0.2312114198606991,0.35623318315504254
329,0.23101916080999527,0.356365831757448
330,0.23088799235347174,0.35629333619514103
331,0.2306912009516158,0.3562405925509154
332,0.2304738937148846,0.35652497192176424
333,0.23021101475740213,0.3566930975448103
334,0.22984571982341936,0.35693004376751064
335,0.2295535107474614,0.3574806171206908
336,0.22933130217202993,0.3575286840976671
337,0.2291154430923645,0.35772106972144524
338,0.2289010579441558,0.357358448846309
339,0.22862374917932132,0.35686287352508955
340,0.2283465724415481,0.35698828347448097
341,0.22792289972367566,0.356586899490927
342,0.22766654747550516,0.3564118527926418
343,0.2272873478114916,0.3566475506203614
344,0.22693050437976744,0.35646665587767046
345,0.22670181355819957,0.3561505616957359
346,0.22653859303137422,0.3562929918426156
347,0.22624241445777712,0.3562049105435203
348,0.2259916892566059,0.3563046937670192
349,0.22561750301465588,0.3565497069405846
350,0.225363456870857,0.35629269758426063
351,0.22484131303619995,0.3564521377473803
352,0.22469101104138114,0.35692561113591187
353,0.22448469034297747,0.356943103170372
354,0.22430096898109453,0.35710933905379516
355,0.22416748382721086,0.3572363440310407
356,0.22388277088765984,0.3573875881165291
357,0.22347280058836005,0.35707118736432014
358,0.2232535064866901,0.3565859179443588
359,0.22306838284188868,0.3564150383116333
360,0.2229814746988288,0.35621393466541584
361,0.22281059202733142,0.3558455166619133
362,0.22223942057779877,0.3553810682798017
363,0.22181662717174816,0.3557714165330443
364,0.221697589989552,0.35589686756930905
365,0.22135036056094526,0.3559266440416939
366,0.22080297037880586,0.355605713117317
367,0.22069523723587545,0.35561003917500744
368,0.2203355903320769,0.3556231797948956
369,0.22011315035412,0.35542275833640485
370,0.2198747102111589,0.3553544778642652
371,0.21954731598702967,0.3550894941260795
372,0.21921683385486884,0.3551547889437079
373,0.2187697441792987,0.3556183882766472
374,0.21862050898912402,0.35506684434237135
375,0.2184978091734377,0.35481700891420526
376,0.21835038516064087,0.3545808726114634
377,0.2181020806082509,0.35439363322122763
378,0.21791274243437686,0.3545099584035604
379,0.21769721374273235,0.35453338032574955
380,0.2174726485357467,0.3547012880686897
381,0.2171797942410335,0.3550784691097163
382,0.21681412374058656,0.35481623625024383
383,0.21644482072376375,0.3545277944095211
384,0.21622976572753022,0.35504831774409085
385,0.21604571191291427,0.3544750849991998
386,0.21589664097629827,0.3543202402360236
387,0.21578277012369437,0.35457362263754283
388,0.21550253206138628,0.3547392132827921
389,0.21523393821656464,0.3546957893762222
390,0.21511840442015884,0.3544689935747692
391,0.2148916306218785,0.3542858134583361
392,0.2147235545781262,0.35413030896791964
393,0.21432317232392156,0.3540973838314683
394,0.21420994802801108,0.3540779545924865
395,0.2139493459950549,0.3539563165553448
396,0.2138256707835872,0.3542856247662458
397,0.21343742312470518,0.3532151202773722
398,0.21320877779297223,0.3531694531631924
399,0.21302255211641793,0.35296817390310836
400,0.21292021891768972,0.3531039255311644
401,0.21274226578455294,0.35336283541757385
402,0.21226782913291145,0.35364232560261827
403,0.2120136191291485,0.3537557819900866
404,0.21177231841539507,0.3536930144592374
405,0.21154466821569207,0.35377593203387164
406,0.2111852659091707,0.3539844457853476
407,0.2109539266547596,0.3539285718921416
408,0.21064697528400875,0.35311208864127863
409,0.21038479818617006,0.35284355836278414
410,0.21026668833440867,0.35232260626310674
411,0.21003794538293313,0.35219670447657825
412,0.2098672904114093,0.3524803161101673
413,0.209688058037776,0.3523754563029435
414,0.2094861774417116,0.352619508128128
415,0.2093568020181164,0.3527050885390042
416,0.20906736707148024,0.3531972419102867
417,0.20890985644411963,0.35313420093209397
418,0.20871375880785187,0.35295599069243144
419,0.2084776165932132,0.35279848430518956
420,0.20827870668234819,0.3524433850152944
421,0.20810797994308292,0.3522737487792326
422,0.2078525177062273,0.3524295841225094
423,0.20755026699063148,0.35213922838791833
424,0.20739538245637806,0.3522978217719001
425,0.2072020335394353,0.3525160429840015
426,0.20711729045987817,0.35219174805254566
427,0.2069316126609984,0.3521308653062552
428,0.2066571638426743,0.3525246011230817
429,0.2063937087523068,0.3521231472276792
430,0.20614417719072403,0.3522241645382902
431,0.2060118627521022,0.3522083446708872
432,0.2057003541155155,0.3516383155434447
433,0.20519535704897157,0.35189133463234046
434,0.20500964436107735,0.35150328022608346
435,0.20484321465553842,0.35143345859441144
436,0.2046835151184532,0.35137748171161276
437,0.20451685662014507,0.3511330199566879
438,0.20430803888626675,0.35104773819120655
439,0.20416414378241715,0.35090252170818814
440,0.2038664102435811,0.3507130768947852
441,0.20371011008434955,0.35064613589772525
442,0.2034520465196354,0.350562137452079
443,0.20330248510323923,0.3502008384176151
444,0.2031299750905623,0.3500236409942177
445,0.2028381430435118,0.3499961830395844
446,0.20249674822665223,0.35046951956314715
447,0.20224001987037368,0.3505332246730888
448,0.2020999399648397,0.3507438060522785
449,0.201868438051199,0.3507803025175735
450,0.2017719512867869,0.3507584713874225
451,0.20148596548932543,0.35051977969681564
452,0.20132106858587034,0.35076401684294506
453,0.20122781004250515,0.35100134810564804
454,0.20110734188083643,0.3509431553787061
455,0.20100337617187242,0.35109950022156744
456,0.20076809351988273,0.3509018220240637
457,0.20055368681702426,0.35071249994399556
458,0.2003729066003073,0.3506462130444702
459,0.20025214713566802,0.3505030316476022
460,0.20012293010629398,0.3505724172161635
461,0.19984555572193446,0.35026697318816347
462,0.1997037085373002,0.3502831454662109
463,0.19955425705254187,0.3502874641567969
464,0.19932882723583412,0.3502734497942805
465,0.199220144613898,0.35014576175761153
466,0.1989657552296752,0.35057077577089063
467,0.19882809624928796,0.35070527721087347
468,0.1986218852077278,0.3502899750988262
469,0.19830927265950798,0.3502171968495636
470,0.1979517291454236,0.35024089202358816
471,0.1978229559486905,0.35088904715559044
472,0.1975144360074174,0.3513474675052818
473,0.1973613081696377,0.35135462580136295
474,0.1972539803273754,0.3513509642167387
475,0.19710235621902375,0.3513428421037046
476,0.19698618394214076,0.3508875223246928
477,0.19664417771459744,0.35055465580199885
478,0.19651803282129948,0.3504629325624303
479,0.19621244358888265,0.3503181051912435
480,0.19605492451358733,0.35022234986768264
481,0.19595262716591147,0.35061345847799513
482,0.19581308770847744,0.3506883639375708
483,0.1955610428390833,0.35032527127999613
484,0.19540321511958367,0.3502209015780542
485,0.19523228167543882,0.3493623045302261
486,0.19508188508332475,0.3492244075950759
487,0.1949384009592981,0.3493619402479906
488,0.19468841220051808,0.34930790237776094
489,0.1945377203766742,0.3495690799667629
490,0.1943660045653895,0.3494172258022038
491,0.19416302018589554,0.34972956485483964
492,0.19388978119462655,0.3497427888965551
493,0.19366586568926428,0.3502630093900084
494,0.1934388684833097,0.35036111657870245
495,0.19327461787962538,0.3503706913846488
496,0.19310484171610964,0.3503195135471935
497,0.1929572736962705,0.3505351662330648
498,0.192708986888241,0.34995417486664043
499,0.1926518887264207,0.3503064908326917
500,0.19254814949195914,0.35036842605219753
501,0.19235601726176058,0.35028328478505477
502,0.1921339625594813,0.3505656523246484
503,0.19207177138292217,0.3501124132685915
504,0.19199151046671,0.35001846493862815
505,0.19187067478743802,0.34966871690332263
506,0.19172558648890503,0.34984472016032975
507,0.19148465327713932,0.34987445559708713
508,0.19129093795793398,0.3497846141458331
509,0.19113357319823032,0.3497727453867995
510,0.19097981383276735,0.34979787025752024
511,0.19075874998269987,0.3505663685956356
512,0.19053151429786358,0.3503028453249203
513,0.19030958130707007,0.3501629693559211
514,0.19009996979578722,0.3499727844495784
515,0.19001899537339534,0.3499224036229374
516,0.1898802454439971,0.3501390113494903
517,0.18973680886723346,0.34969145871940194
518,0.18961801085694796,0.3501647161644732
519,0.18946500794710266,0.35043585239756175
520,0.1893436561919246,0.3508591157871408
521,0.18902478474813075,0.35091567868758755
522,0.18878841704275068,0.3508388519895357
523,0.18867170148994225,0.3513292599339729
524,0.18855704675199703,0.35101595462597945
525,0.18842082854581055,0.3509927844157616
526,0.18825091204673455,0.350639462620943
527,0.18791142482181322,0.3503810821393977
528,0.18774914124194217,0.3500355496832555
529,0.1876726826514746,0.3499119894728343
530,0.1875240337760456,0.3502567156440638
531,0.18732259460963846,0.3499725790219799
532,0.1870710353619006,0.3497026392211261
533,0.1867731979533066,0.34978452636036506
534,0.18654748326740386,0.3498243183234179
535,0.18647139152978454,0.3502005909338536
536,0.18629589848277106,0.3501305549568858
