0,0.5638628445617492,0.5702987500201637
1,0.5264097656370275,0.5389308063517034
2,0.496636336075573,0.516080014422447
3,0.4708738357694348,0.49488259795645834
4,0.44981399611334105,0.478107501954492
5,0.42997026774947195,0.46383160957048236
6,0.4141794042338089,0.45289361559847
7,0.39740709947142844,0.440412497262713
8,0.38450538073301077,0.4314876519158394
9,0.3720429698754446,0.4205489844439281
10,0.35875839044921687,0.4137432151742531
11,0.34766995303828524,0.4079199924946542
12,0.3366684037470652,0.3998393030470574
13,0.32751498850989186,0.3953587665235546
14,0.31947180518904533,0.39082162093304496
15,0.31161866873843075,0.38405801170685183
16,0.30476788401440924,0.3823484059341741
17,0.2978065778106421,0.3782568733035689
18,0.29143679796976096,0.3761040370385524
19,0.28605816524583094,0.3725334495106049
20,0.28065603093707486,0.368845500451907
21,0.2748485038680318,0.3658530406587226
22,0.27142027176753825,0.36441186518143587
23,0.2677396110498532,0.36296057602979437
24,0.264022857976417,0.3610453934484637
25,0.2599021369238063,0.35877671300120667
26,0.2580027437057668,0.3577287535944113
27,0.2547583274724556,0.3566478163959314
28,0.251733270084417,0.35582914480950617
29,0.24772207411570252,0.35284746688592505
30,0.24486606998800078,0.3511524523569504
31,0.24123083268104503,0.3511381955339646
32,0.23715466052911577,0.3480632217160276
33,0.23518973792548908,0.3468568420581979
34,0.23156395621964007,0.34583482227175244
35,0.2289587438093589,0.34494993458344614
36,0.22642989799957408,0.34337108038276964
37,0.22390416669201516,0.34285047247443
38,0.2215386717224192,0.3423677008084316
39,0.21884627482421926,0.3403132703251559
40,0.2161922907283809,0.3392957596767464
41,0.21346867729353883,0.3390103697658296
42,0.2110808993830293,0.33793621150513825
43,0.2096554843737543,0.33702333447769667
44,0.2076593368349351,0.3366768033397393
45,0.20538980058646855,0.3359651265223372
46,0.20330033771963762,0.33351259099441777
47,0.2011135349368312,0.3325906782938727
48,0.19963704537676116,0.3315126395989839
49,0.19682455825288303,0.32966951208807543
50,0.1951592061872101,0.32982101675241476
51,0.19360367764229586,0.3287279667845644
52,0.19194289114531554,0.3282841260269077
53,0.19101440088033617,0.32816838243213403
54,0.1898917683868187,0.3277835341551847
55,0.18840637937689417,0.3268008747204738
56,0.18687022512417023,0.32629458098181674
57,0.18541129251277072,0.32552412922853313
58,0.18345129724740872,0.3246795232592902
59,0.18193074419669986,0.3248931825999726
60,0.18066157678085773,0.3238051883630069
61,0.17947074227208917,0.3236104100067761
62,0.17842541062254588,0.3236349825798228
63,0.17745214726155312,0.3231721748982114
64,0.1766987931698444,0.3231620084638772
65,0.1753072494249273,0.3226842105006299
66,0.17428504428403155,0.3224567444208143
67,0.17323557253605146,0.32272619856234497
68,0.17193520233999704,0.32280512525798166
69,0.17069521933251136,0.3233618758263337
70,0.16952816047659466,0.3230750256159693
71,0.16852437024875966,0.32353257068718005
72,0.16718599551853047,0.32331257602468383
73,0.16604023264841727,0.3229945735185672
74,0.16515840858194697,0.322403175609601
75,0.1638515625814209,0.3229080734655972
76,0.1628863842945866,0.3219646715821058
77,0.16212501472473523,0.32151118323214306
78,0.16106201204089327,0.3214110609113422
79,0.15986543369228381,0.32160583143465027
80,0.1587253837714313,0.32041057382865806
81,0.15784903785561571,0.32072215412130534
82,0.15653044670228797,0.3203298915774704
83,0.15568245196615113,0.32037071409129775
84,0.155022613343687,0.32001073636433064
85,0.15380163195456517,0.31957655770483817
86,0.15279378006198926,0.3201325730565069
87,0.152026380516037,0.31966775479295084
88,0.151117043823844,0.31970559329740617
89,0.15041514463739353,0.31934758088094134
90,0.14949381349812,0.3193900230515167
91,0.14883190772936392,0.3189277394918195
92,0.14821758625485315,0.31913109430436887
93,0.1471579716738097,0.31873468688511425
94,0.14616279611279615,0.31876900230041866
95,0.14490079550861446,0.3187910796730514
96,0.1442957996043826,0.3188654934442611
97,0.1433708766069427,0.31859613520257124
98,0.1426369254289462,0.31892492151916374
99,0.14206977917604904,0.31979640459486286
100,0.14142823589313913,0.31959375536933016
101,0.14065508847679783,0.31944457658522096
102,0.13985893601668878,0.3190200960402012
103,0.13892459678467106,0.31821903528179973
104,0.13824057256077604,0.3190775709328562
105,0.13737959226103436,0.3196360209170325
106,0.1363163638628544,0.31940088623201485
107,0.13565955334736077,0.3191234908672142
108,0.13510016913812695,0.3190453063423984
109,0.13449591401083044,0.31883852294424947
110,0.1340007146306788,0.31853170173935164
111,0.13355969498506234,0.31852904164091594
112,0.13253283933246215,0.31804637153629234
113,0.13172703919018497,0.3177589273518118
114,0.131359104737429,0.317481814727426
115,0.13070799974674246,0.3176553594311847
116,0.1300235930957985,0.3178669332311846
117,0.12964486810801848,0.31749640891391406
118,0.12896165544492708,0.31768273749753506
119,0.12808877216387182,0.3170386183907178
120,0.1275855717216556,0.31752632890893223
121,0.12667529400589053,0.3174096639404651
122,0.12596407831972972,0.3174350238872681
123,0.12538861591863593,0.3175087035662554
124,0.12490250768749549,0.3173791427841312
125,0.12412444926493606,0.3178542217544778
126,0.12364204286626224,0.31833882780158224
127,0.12308222678754259,0.31819125273052945
128,0.12254044844719462,0.318305280073694
129,0.12215690557817076,0.3184346404051821
130,0.12162402988687322,0.3184338272913733
131,0.12109501376687276,0.31731593395512975
132,0.12059376530674455,0.3172530172645924
133,0.12009831974619274,0.317031729756137
134,0.11920624766402851,0.31636802222538984
135,0.11850579971733828,0.31591801538463554
136,0.11815869369492182,0.3161732258832232
137,0.11781704450317367,0.3160404085081439
138,0.11707087091707011,0.3162995846524314
139,0.11679801334033452,0.315854589852447
140,0.11636909700919945,0.31565567495502256
141,0.11597449332203988,0.31556706050900135
142,0.11549140393470166,0.3160069778703466
143,0.11496807448117986,0.31638782541533733
144,0.1146029594651786,0.3163437961294523
145,0.11426698531407045,0.31659550856922475
146,0.11391976610723306,0.3166129825421272
147,0.11347296715781899,0.31683005608185927
148,0.11301118466238835,0.3169741579846416
149,0.11227433414652443,0.3166571696530509
150,0.11163149604833035,0.31745517768452286
151,0.11095515473880098,0.3178253998343692
152,0.11045012743408929,0.3175751113569573
153,0.10997020917667849,0.31799510447644014
154,0.10964867758319913,0.3180510879385009
155,0.1091987753047711,0.3182404920337055
156,0.10886095926101882,0.3182727168645121
157,0.10833647782340819,0.31819361131143004
158,0.10802612531542466,0.31808015162603853
159,0.10779453763506947,0.3183234365488945
160,0.10746247997856467,0.3182984376158408
161,0.10705449664433483,0.3184249829859649
162,0.10660384772025773,0.318435844071913
163,0.1060039350064298,0.3195727597515906
164,0.10556993773955618,0.3196493383277361
165,0.10523861847503334,0.31989316309227794
166,0.10487888903161599,0.31954475766648194
167,0.10455087726722335,0.3197585429050117
168,0.1041023958429716,0.3197897377697738
169,0.10354523446874532,0.3191748219866224
170,0.1030036559348928,0.3190199030233662
171,0.1024765235269663,0.3192032115000706
172,0.10224222635110779,0.3191468357063402
173,0.10164374632830478,0.31922643486108115
174,0.10129895650115742,0.31913346170968976
175,0.10091427389977468,0.3191970813448127
176,0.10057053500944516,0.31917949463559037
177,0.1001920565349241,0.319160970122434
178,0.09994991554537268,0.3188433723233059
179,0.0995587061757921,0.3188015995368965
180,0.09917775723714575,0.3191201374435586
181,0.09892218879859524,0.3189899215471716
182,0.09866280453719496,0.3191981389359469
183,0.09823136043883345,0.31972869753904243
184,0.097970319799165,0.3202620402808675
185,0.09766964859414076,0.320531584552853
186,0.09735491317505542,0.32090442440015216
187,0.0970261313128899,0.3208387798022629
188,0.09666466789292134,0.32174554815093265
189,0.0963473360326823,0.32197663074909666
190,0.09602354936820606,0.32189511368531415
191,0.0954454321301054,0.3216113393643045
