0,0.5766852986421839,0.5790720362708254
1,0.5505257085990692,0.5549990272273373
2,0.5290138307475025,0.535001842007263
3,0.5089007101403533,0.5166337496888673
4,0.4917733316493147,0.5018983120921825
5,0.47575188611144015,0.4878051533126073
6,0.46113154046035804,0.4746989336867318
7,0.44890646736394507,0.4638098678232542
8,0.43675117267918756,0.45460945854653434
9,0.4254135519103315,0.44528454589512284
10,0.4150860932067514,0.4367080890049172
11,0.40543371836023706,0.42886386242026486
12,0.395079789821522,0.4209425221784586
13,0.38605187237928784,0.41450494899235985
14,0.3775681718973004,0.40868947677898787
15,0.36949014999314694,0.402905153290044
16,0.36222485194608534,0.3971026133017128
17,0.3556434759633814,0.3919444959592204
18,0.34930515218260627,0.3870659426905311
19,0.3431298511941379,0.3827396249685292
20,0.33714511990732193,0.37772996884945487
21,0.33135560446129503,0.373627758680176
22,0.32692948918440873,0.3703782863567224
23,0.32224703008257666,0.3670833316051735
24,0.3187936256978007,0.364717640241658
25,0.31470704429093976,0.3618868781029882
26,0.3107670838642807,0.3588327138491397
27,0.3081316076809282,0.3568439319389461
28,0.30504495872548654,0.35500670355386743
29,0.3018785063885032,0.3527057770095847
30,0.29924064631815994,0.3512803702925026
31,0.29642585253697756,0.3493725099816341
32,0.29389423685324584,0.3477117064692887
33,0.29156131679592284,0.3459506331616504
34,0.2887268752305553,0.34373556063792554
35,0.2865158237474326,0.34222685948177034
36,0.28485093309990606,0.34094216752253553
37,0.2827596499792527,0.33909742755014466
38,0.28016561162358544,0.33660899495193597
39,0.27829097700079797,0.33547747609424733
40,0.27690983451912116,0.3346066892280242
41,0.27392876256088006,0.33220613881383304
42,0.27114417346766545,0.33050642792198365
43,0.2696067698730971,0.3297631222321888
44,0.26789948647563827,0.3286951684856338
45,0.26563127566409267,0.327375863283843
46,0.2641495697173471,0.3263588881465979
47,0.2629347096343238,0.3254636096201149
48,0.26178291644961166,0.3244231633856789
49,0.26035182115485184,0.3235360501868634
50,0.25923821105137707,0.322691140228433
51,0.25745187832543504,0.3219055345183925
52,0.256352611436056,0.3209723993181413
53,0.2551980087039139,0.3200653020362809
54,0.25371077001605463,0.31892958387007425
55,0.2524141727886337,0.31818209827508565
56,0.2511597538132406,0.3177974443779121
57,0.2498933978476831,0.31717912800787634
58,0.2489117529504103,0.3164129040158671
59,0.2477849315133141,0.31581344321192556
60,0.24648202914857475,0.31495231602714574
61,0.24576371332396008,0.3140403967491298
62,0.24427614223280458,0.3132551626599178
63,0.24275456763561587,0.3125479535626057
64,0.24181893667373144,0.31198211822218547
65,0.24057313600943134,0.3109924150344129
66,0.23899087444551867,0.30975556777570074
67,0.23790044761451318,0.3090047053992748
68,0.23687292349475997,0.30826969114765745
69,0.23585959339733156,0.30762224946293126
70,0.23493072436463347,0.3071198474168186
71,0.2332051056084508,0.3066491674069526
72,0.23198601268814667,0.30621795732687046
73,0.23043097315718303,0.3053210067008775
74,0.22963335551252126,0.3047934271905723
75,0.22882028994885203,0.3042886658149005
76,0.22777056596319367,0.30323487934735055
77,0.22670155135590445,0.3027643829791288
78,0.22597982874012945,0.30259099658560135
79,0.22522479471518594,0.3021759916718424
80,0.22330330777450794,0.3010538586895347
81,0.2224688089492231,0.3006995447079883
82,0.22154878234934328,0.3000954476221212
83,0.22022690214281465,0.2997744927846835
84,0.21871671918270819,0.2986912703679832
85,0.217649376321411,0.2983171576060643
86,0.21692238961974808,0.29808913631126094
87,0.21615294696194698,0.29763130470000526
88,0.2152341047788942,0.2975389262496715
89,0.21447600817262963,0.29750161266736797
90,0.213911924168684,0.29713734044196766
91,0.21290029439684777,0.29652306074304313
92,0.21198288983993116,0.29609420893079386
93,0.21120756186974132,0.2956075561755404
94,0.210229071122896,0.29511209975284375
95,0.20931304309219734,0.2948914787694146
96,0.20864494859423882,0.29463371309399045
97,0.20789879162386263,0.29438517058717667
98,0.20679680250646598,0.2937347132522084
99,0.20571920679565792,0.2935676252110579
100,0.20506018501430517,0.2935296755039911
101,0.20447637402224264,0.29350459267216056
102,0.20402184213232502,0.2932747098669972
103,0.20321804526656762,0.29342998631017386
104,0.20241766717393153,0.29331996179368003
105,0.20141953889901285,0.2932764630960791
106,0.20057981531291844,0.2930215444261358
107,0.19978279786657144,0.2924450363361766
108,0.19879220523990584,0.2917787796506046
109,0.1981584646884534,0.29136925795954366
110,0.19750793182356077,0.2912532751616775
111,0.19691299608123897,0.29104956702394885
112,0.19603870356784311,0.2911315679761961
113,0.19552942052026107,0.2912456081225699
114,0.19486941668781518,0.29086160142106016
115,0.19394058845268883,0.29045544855080196
116,0.19354656731803732,0.2903124543351733
117,0.19243108224008545,0.2898612385148658
118,0.19196680941909686,0.2898114449279836
119,0.19134776870254544,0.2893734601342009
120,0.19068697921312866,0.2895899168488522
121,0.19013792319178882,0.2890821596368955
122,0.1891739744426387,0.28876109212283657
123,0.18856433313432455,0.28867779191825704
124,0.18792464169330186,0.2882906489773416
125,0.18747073254967306,0.28851105955077005
126,0.18692084346572505,0.28796753034276784
127,0.1862737954329854,0.28766693778903907
128,0.18562267672838073,0.2874656125584982
129,0.18501067548450928,0.2872571807008795
130,0.18449913775007168,0.28676114469727776
131,0.18395684807054163,0.28667424818132786
132,0.1834317137975674,0.28659035482553924
133,0.18279190391090727,0.28650079164496794
134,0.18236433636331906,0.28638772165371323
135,0.1810660705217587,0.28619688650215824
136,0.18035773662539203,0.28592464517082467
137,0.17985609666147642,0.28567395948452545
138,0.1793879607925018,0.2852784134646417
139,0.17871058744141105,0.28491724800603335
140,0.17825394537082942,0.2846863390674376
141,0.1769886734902462,0.2845124774658729
142,0.17572435148358428,0.28411484455510366
143,0.17460586918936083,0.28388865242962835
144,0.17422892717526162,0.28375304800707035
145,0.17346430583688174,0.28324536230718456
146,0.17291653963220532,0.2831249598243996
147,0.17211093053575313,0.2827863967880355
148,0.17141202594546048,0.2826650655738706
149,0.17084478873576575,0.282595956412513
150,0.1701219163835974,0.2825502002481815
151,0.1696774438552018,0.28225079564703215
152,0.1692563227095336,0.282048363602501
153,0.16883880785371075,0.28198624682467516
154,0.1684454003700939,0.28200111106059367
155,0.16800239517105786,0.2820128302735877
156,0.16714953459872833,0.2819024215923121
157,0.16662038516194028,0.28183463443502554
158,0.16600331019774137,0.2817753099608896
159,0.1653156830987731,0.28166456663377154
160,0.16455037405585807,0.28152465722625364
161,0.1638648449520756,0.28131294633329373
162,0.16328013432992708,0.2813547656752535
163,0.16293431688534887,0.28137110488844413
164,0.16254267727139562,0.28130271311090055
165,0.16199137443411324,0.2813256658743623
166,0.16169869647180254,0.2810775179579177
167,0.16082704806437165,0.28101366772612346
168,0.16030990285926106,0.28098577818446707
169,0.15966103876559773,0.28092173430509126
170,0.15913020983615417,0.2809185587702543
171,0.15852204722392566,0.2808940771353536
172,0.15818900046065296,0.28109645062101246
173,0.15776234345190526,0.2809567099223015
174,0.15746984563916847,0.28070069542857556
175,0.15702117039401248,0.2805300523199108
176,0.15645205119592587,0.28055538587150086
177,0.1559210008385561,0.280659859879784
178,0.15558374210675707,0.2808066070379917
179,0.1552648959889939,0.28084308594093466
180,0.15478506608811113,0.2803493068812927
181,0.1545029032857719,0.2801667073842826
182,0.15421947000148378,0.28002746900300335
183,0.15357509552052942,0.27969719335004917
184,0.15310404784611453,0.2793654513821864
185,0.15264031947536064,0.2789528709225904
186,0.15180329357634426,0.2787261772179438
187,0.1512499998036498,0.2785336912469522
188,0.15093368177390873,0.2785068058703361
189,0.15052460436449047,0.2787121053243587
190,0.1499815035330919,0.2785735845504756
191,0.14904793029256036,0.27837254381805654
192,0.14852198349741647,0.2783633946743308
193,0.14814224690379868,0.2781057756844087
194,0.14752457130704744,0.2777174652907618
195,0.14725151716187773,0.27773533250534005
196,0.1468414489058086,0.2777392012063671
197,0.14657106759710742,0.277587113442323
198,0.1459074471984394,0.27745238441697395
199,0.145546551440058,0.27761220731881153
200,0.14498574064879974,0.27738095344312014
201,0.14449998903971029,0.27708280164435833
202,0.14406627722314405,0.27741725948607304
203,0.14378759955349263,0.27743854715945265
204,0.14322385164384777,0.27737667643020714
205,0.1427955658913437,0.27719652313621607
206,0.1422911536405041,0.2772175423905453
207,0.14185354456407032,0.2771359432186717
208,0.14106308474235615,0.27692891960205696
209,0.1403745026032801,0.2772054396386609
210,0.13995879571721248,0.27691355693549874
211,0.1396597048020784,0.27682986344874844
212,0.13920105159619067,0.27691610269338657
213,0.1386664561069135,0.27665048570669504
214,0.13839143658251585,0.2764123574011638
215,0.13797917520314704,0.2762562462759677
216,0.13744984968582866,0.27610928596014966
217,0.13672384597863638,0.27617789425077
218,0.1364159150455431,0.2762494535565047
219,0.13595450600790845,0.27601055585875894
220,0.13524746895096604,0.27594843856914497
221,0.13496199329526481,0.27578814685968506
222,0.1347224220782907,0.27554495138883345
223,0.13435506173863968,0.27549967065519654
224,0.13409379754544576,0.275355995635367
225,0.13382566512549846,0.27534594333995605
226,0.13350284548820004,0.27544712920556663
227,0.1332346122174889,0.2755383534979837
228,0.13286725896341725,0.27523869407710516
229,0.13253637190652293,0.27514860043133393
230,0.13224723625353227,0.2752744285414058
231,0.13204976417733552,0.2752798116635744
232,0.13171742965797642,0.2752553942591801
233,0.13123902517930783,0.27512773261657547
234,0.13090086599462347,0.2747919775381205
235,0.1305124642913436,0.2745254428109502
236,0.13008340590828643,0.2744021252259638
237,0.1298631704980312,0.27446511518471445
238,0.1296153102077147,0.27451550978737166
239,0.12918321587654294,0.2746213057058537
240,0.12878348032631343,0.2745751339472625
241,0.12851979752442794,0.2744401704560218
242,0.12817595219817188,0.27431798408877534
243,0.1275836515442819,0.2740884743137942
244,0.1271492896428915,0.27370173115292035
245,0.1269132025838473,0.27367387143508903
246,0.12639560734141475,0.2739077284882426
247,0.12618507750537666,0.2740216288457106
248,0.12586678548963814,0.2738313308126009
249,0.1255495347128464,0.2738180526948646
250,0.1250518575510148,0.2733971656133886
251,0.12479292476766386,0.2737204792929902
252,0.12425720485684762,0.2737208691029902
253,0.12396288525384486,0.27378501473288325
254,0.12360521719656802,0.27377908125560446
255,0.12343074968267397,0.2737290003294654
256,0.12297888363769989,0.2740187105216833
257,0.12263041499043302,0.2740335449966086
258,0.12235052640125632,0.27427491941593324
259,0.12204280405006179,0.274153610277385
260,0.12161636622092424,0.2741622931129496
261,0.12125902060009222,0.27400982621125414
262,0.12091637169432021,0.27371672695341254
263,0.12051158709448839,0.2735915358627794
264,0.12011447212066946,0.27364753735606173
265,0.11975586262838242,0.2736373017956512
266,0.11948900882815325,0.2738850023167424
267,0.11914866366716512,0.2738313527228431
268,0.11892225843484101,0.2737937921965324
269,0.11864488580209398,0.27368752550922865
270,0.1184198722590329,0.2736864396988977
271,0.1181475588474565,0.27348650814657854
272,0.11784051709963592,0.27335659679302404
273,0.11762919935481292,0.27348867450358
274,0.1173005607399175,0.2735422150982297
275,0.11666318320716702,0.2735248759748227
276,0.11630663831114016,0.27362983382789996
277,0.11614501580996586,0.2736284602816677
278,0.11591044774377923,0.2736373642550725
279,0.11561513939104685,0.27372313256412717
280,0.11549808298536422,0.27381455864822735
281,0.11534626465461056,0.2738738602355387
282,0.11515080157891383,0.27377834829300424
283,0.11494480071468859,0.2736290129757201
284,0.1147392123398185,0.2737850359337665
285,0.11456251366721394,0.2738163776345673
286,0.11424533377146787,0.27374272633890984
287,0.11378721543172904,0.2735321665350454
288,0.11356845130532624,0.27353929557883555
289,0.11326754864620421,0.27342776150197345
290,0.11309980327931381,0.27323420289153594
291,0.11286769170419417,0.2733150645246583
292,0.1127166736058583,0.2732871333790907
293,0.11252204100629416,0.27332521317386355
294,0.11222538422711743,0.27337927585088506
295,0.11200906878302226,0.273277603865295
296,0.1118160610334154,0.273288571681837
297,0.1115490910624392,0.27347883432642295
298,0.1113795185513994,0.2734735846571955
299,0.1111542111269068,0.2734130528105086
300,0.1109421383977244,0.2733000214562507
301,0.11079523856569351,0.2731073682537245
302,0.11065195187184813,0.2731764551510275
303,0.11052411001965774,0.2731403672231626
304,0.1102781926203422,0.2734262065124044
305,0.11007975116199234,0.27342504436876663
306,0.10990206062361865,0.27348890552915034
307,0.10946826010370125,0.27360604505763086
308,0.1092361474962665,0.2736633695445145
309,0.10902763490090672,0.27374119431633814
310,0.10876887227196948,0.2734302234016969
311,0.1085304370381124,0.2734874027775177
312,0.10813828481880527,0.2734924826308943
313,0.10799216624275754,0.27350353087157997
314,0.10761090263960424,0.27351047600245626
315,0.10732856124907147,0.27338158188760237
316,0.10692373236864694,0.2735261157394457
317,0.10672030746183438,0.27344570501633275
318,0.10658753699047795,0.27343818042830764
319,0.1063528576105378,0.2734123534483529
320,0.10612084869444267,0.2733564999697535
321,0.10577515576150043,0.2734808298870607
322,0.1056483319786591,0.2736081522939724
323,0.10547155322508353,0.2735856112487297
324,0.10519351784011893,0.27358679647404605
325,0.10504181567336934,0.273622443110443
326,0.10471793009758425,0.27332942397212295
327,0.10453925073750549,0.273437828314849
328,0.10430445379907802,0.27335067826239745
329,0.10406950932089598,0.27335386047643345
330,0.10387397357262382,0.273261536571071
331,0.1037404864921839,0.2733215637244478
332,0.1035812861239821,0.27334696599974806
333,0.10322597471351525,0.27347970950872014
334,0.10304803670295125,0.27361856664513823
335,0.10279254185988135,0.2738380488093809
336,0.10259961717970369,0.27398028625645876
337,0.10236855092957999,0.2739636762028485
338,0.1022724876274996,0.2739335114859801
339,0.10199962256268921,0.2740748149405609
340,0.10174484532169485,0.27402940700520817
341,0.10156679599931423,0.2739691510221985
342,0.1013142273970472,0.27394258723591475
343,0.10116376584984463,0.27396847520868317
344,0.10092514234422618,0.27394754802607013
345,0.10062686353720252,0.2740506789334733
346,0.10036162638103081,0.2742556742107338
347,0.10020378042571518,0.274195979393968
348,0.09998099954861348,0.2741484125495066
349,0.09962917196189922,0.2741039804659359
350,0.09944871494066561,0.2741871725056816
351,0.0993105030638208,0.27416092226429856
