0,0.5769955668610439,0.58047977584121
1,0.5517104001207449,0.5577353103809584
2,0.5294340963706444,0.538816971214194
3,0.5095178266894235,0.5223056241618368
4,0.4920029547134877,0.5076666508820703
5,0.47663523463996255,0.4949856989581393
6,0.4633580509370629,0.48439094806025257
7,0.4508877145406298,0.4736138300631702
8,0.43862889409213257,0.46400378999608277
9,0.4273172489038791,0.4552863730337793
10,0.41660779394137226,0.44656873641622574
11,0.4076277153579893,0.439901582386193
12,0.398561776727845,0.4344051257737699
13,0.39002895232374213,0.42880520118028664
14,0.38145006896323413,0.4223185744665585
15,0.3741950899443971,0.4169795506494166
16,0.3660834065890798,0.4122768102478247
17,0.3589810764512798,0.40817637579532223
18,0.35230618527680374,0.40379316225100415
19,0.3471070610399367,0.39980437070160896
20,0.34130657339380255,0.3957161907302706
21,0.33640271458364995,0.3929942330306668
22,0.33198846120647263,0.39106403671523193
23,0.3271456416691685,0.3871742344453058
24,0.3222550433790503,0.3831827547752632
25,0.31709730980197637,0.38139481165528655
26,0.3137133407043647,0.3794366174785359
27,0.3106648132375224,0.3774497180200499
28,0.30743457702399485,0.3757429201869884
29,0.3034176705939349,0.37325286107968314
30,0.3010524419662021,0.37250211777936854
31,0.2989164808478742,0.3718746830085006
32,0.2961253452530815,0.3703439220001823
33,0.2942393093705473,0.3699155533177613
34,0.2909155447606801,0.36830105443134564
35,0.28917476354915717,0.3677297223289058
36,0.2856700257639865,0.36486680244115044
37,0.2840760889140968,0.3641613061838555
38,0.2825057144023095,0.36403360081302016
39,0.27959068609539883,0.3623919572973441
40,0.2777223623817246,0.3621645152176681
41,0.27567874048407526,0.3607951587245475
42,0.2740905194723461,0.3606863229738062
43,0.2725714697697514,0.35981626835463953
44,0.27082246268246263,0.3583700453109721
45,0.2693066105902424,0.3584897313599938
46,0.2674112309608539,0.3573493031154145
47,0.26580870269837287,0.35623628266207513
48,0.263393621791366,0.35496554196864927
49,0.26186366138463135,0.3538673448967336
50,0.260354101203654,0.35295770235189494
51,0.259095416674661,0.352884328804814
52,0.258008654545951,0.3527153364041415
53,0.25665364215099135,0.35225805420106665
54,0.2557528346026724,0.35239192464804164
55,0.2537390587257967,0.3517044959414118
56,0.2526492406212872,0.3513470666951018
57,0.2512203189705112,0.35038991190877844
58,0.2503056272386539,0.3505612578809025
59,0.24873244137021472,0.3498048633170548
60,0.24727341319314777,0.3493541629417118
61,0.24571875546003596,0.3490280459016236
62,0.2447255777087787,0.34819721068554327
63,0.24291421838478455,0.3468051325574206
64,0.24181679129181463,0.3466063016635304
65,0.24029362253957598,0.3458896717093626
66,0.23942316542137881,0.34560171852411764
67,0.2383087617274617,0.34544183087998553
68,0.23674179252139024,0.34488414260239714
69,0.23568317373053094,0.34411855937696645
70,0.23482761859892873,0.34417830651872
71,0.2337215534217798,0.34427612163995824
72,0.23229240336061552,0.3433574444754003
73,0.23100892717963692,0.3426632016717781
74,0.2300687477116105,0.34183966099213375
75,0.22947460380069465,0.3418607706390876
76,0.22825568284296371,0.3411493428965222
77,0.2265577678493961,0.3407140270720838
78,0.22546892795089177,0.3408167915096897
79,0.22466207664970586,0.3407048983212705
80,0.2239356322786631,0.3408653964024951
81,0.22309675377876637,0.3407970129677798
82,0.22196359549393968,0.34016384006327144
83,0.2213000337091865,0.3400536795454738
84,0.22012260015373983,0.3392817291302575
85,0.2194680119832265,0.33891830108356924
86,0.21868061578097361,0.3386269379971325
87,0.21795098452826744,0.3383027142710991
88,0.21688933503995125,0.33807549419671357
89,0.2159470944001166,0.3377511324592179
90,0.21524672626952732,0.33760927969917226
91,0.2140348790256713,0.3373138134413082
92,0.21313186364178088,0.33633516911813083
93,0.21255859756471762,0.33608477841184103
94,0.21195909517801242,0.33599611572309024
95,0.21055441314638076,0.3352573939077482
96,0.20960964033227975,0.334857513501504
97,0.2090306966112261,0.3348434788328452
98,0.20818300870195613,0.3348292154394083
99,0.2071833151146568,0.33402719717406204
100,0.20590928318473894,0.33362951728144463
101,0.20507048886419194,0.33369833565166346
102,0.20416048036445128,0.33331236303871814
103,0.2031179003361756,0.33342915798501366
104,0.20203440699879907,0.33219964568370947
105,0.20125310555995918,0.33220262121910443
106,0.2006549084441598,0.332106932625452
107,0.19981213059603126,0.33170246592303876
108,0.19906923545490712,0.3313306361763315
109,0.1983142948271982,0.33122637988620296
110,0.19723674543708403,0.33080760193590997
111,0.1961801226425667,0.32997495722989323
112,0.1952829630530886,0.3297157523313828
113,0.19477829946792907,0.3296839363027693
114,0.1942386166062502,0.32958535977260994
115,0.19381078823139095,0.32981376534202084
116,0.19308170266745475,0.32924022952829
117,0.192352625786766,0.32910360507167646
118,0.19168684828246157,0.328908985793265
119,0.1910349835361499,0.3286194286832647
120,0.19039702218008348,0.3284386429346565
121,0.18992786871174294,0.3287338555134766
122,0.1893099465301394,0.3286395952065754
123,0.18868824869396847,0.3284405488030691
124,0.18757656380285095,0.32766170699848557
125,0.18699071631382486,0.32705310299343315
126,0.1862998772500421,0.32676966804150925
127,0.1856535701221653,0.3268904816155815
128,0.1848258892463223,0.3270587472988675
129,0.18405967034912465,0.3271514511007775
130,0.18359404053668085,0.32737908251430975
131,0.1821576280981096,0.3266964017056565
132,0.1816922509067407,0.3263310931505989
133,0.18106111668897662,0.32572677162940156
134,0.1803429933709583,0.3255834517542221
135,0.17956700387300042,0.3254200955614718
136,0.17868950690550076,0.3253006861603411
137,0.1782006989004817,0.32524466298010973
138,0.1776689428583503,0.32524075758871884
139,0.17719321968717888,0.325392285760727
140,0.17672691290876902,0.3256072451493702
141,0.17625135407330497,0.3253800449053578
142,0.1757850258989037,0.325095497310354
143,0.17511142996135892,0.32470885240204644
144,0.174651365948251,0.3243595156390886
145,0.1741939215458731,0.3243395523558895
146,0.17351097774380592,0.3239947039668209
147,0.17318950406287717,0.32384074866691237
148,0.17249508234381428,0.32357983770845006
149,0.1719231297154357,0.3234975562209417
150,0.1712556877294611,0.32285839211761713
151,0.17077905712282665,0.32246316655593543
152,0.17042376742905702,0.3223553295520087
153,0.1700308994958242,0.3219339620040373
154,0.16957046362118824,0.3218417693678171
155,0.1688690646347743,0.3219048002907727
156,0.1685271552076257,0.3221895283565772
157,0.1679311435320039,0.3221591967749923
158,0.16764116467696877,0.32227012541379996
159,0.16721294002551035,0.32201606418189244
160,0.1663612070990225,0.32177088642978435
161,0.16579013988797153,0.321620539052952
162,0.16541148361437502,0.32175147528214476
163,0.16508884917789604,0.32165489469394976
164,0.16436462771617083,0.3218978761862723
165,0.1639634713387211,0.32172338714126714
166,0.16357916710464188,0.32124037106448367
167,0.1631442447789816,0.3207617171759354
168,0.1627864874749062,0.3209762541284043
169,0.1621653359847734,0.3209248574747951
170,0.1615310164027923,0.32059242600799825
171,0.16039991595229375,0.32021916467352385
172,0.15958046001057355,0.32037091810605833
173,0.15927973081415478,0.32049103311051236
174,0.15860154244008973,0.32004232426583695
175,0.15804571000523684,0.31974799006223836
176,0.15740057969703944,0.3195738455383782
177,0.15676753929048834,0.3192493690581495
178,0.15645608768476021,0.3192255548060462
179,0.15593527633099424,0.31924167772141854
180,0.1554885966999494,0.31923149232225456
181,0.15511397790282397,0.31923031949326247
182,0.1546983030556868,0.3192336527062367
183,0.1541982956284931,0.31920513075493395
184,0.15361531240845816,0.3189882567758619
185,0.1531062426500791,0.318886404091496
186,0.15227795944696926,0.31867835077673545
187,0.15168404264135857,0.31815114296101543
188,0.151340275756524,0.3179146307913629
189,0.15095654625578236,0.31807042736571206
190,0.15034424161354853,0.31792236973190274
191,0.14971746973046857,0.31770777383651827
192,0.14927117654926306,0.3178799198385487
193,0.14875359142221475,0.3178946788576751
194,0.14824779080759515,0.3176667806653115
195,0.14789728608475233,0.3174686548082748
196,0.1474314846748811,0.317360181748486
197,0.14705954071612248,0.3173960108389059
198,0.14676391473188866,0.3175927910904281
199,0.14648400747351895,0.3175131218822797
200,0.14595148788952633,0.3172756264891657
201,0.14547346757916488,0.31728220009545555
202,0.14491949753559952,0.31682706273682487
203,0.144421070985648,0.31712972493069996
204,0.14413817817529007,0.31735187707063783
205,0.14378716355585267,0.31739810260073786
206,0.14329162675887694,0.3176190661023211
207,0.14286490146495445,0.31732473774284103
208,0.14236660619994657,0.31770980052831244
209,0.14183662021841112,0.3176458638415523
210,0.1415394875421581,0.31769367088189177
211,0.1410383673933097,0.31767795910786417
212,0.1407227293134904,0.3178576407786468
213,0.14042141689433385,0.31795353727237635
214,0.1401701394823776,0.3177477401260901
215,0.13973247871600875,0.31787814191242453
216,0.13929681462827048,0.3176041435677597
217,0.13891889528576182,0.3177123099610361
218,0.1384341547590785,0.3178510898049059
219,0.1381120894587509,0.3183300963645966
220,0.13764770060280665,0.31815022207535765
221,0.1372382831416749,0.31815544437374754
222,0.13676157899280472,0.31804232968224627
223,0.13646904001735047,0.31821536038372883
224,0.1360810061858082,0.31785540851670047
225,0.13571993709005717,0.31789065872967825
226,0.13539560666417486,0.3177650692789929
227,0.13494660096862074,0.3173759562138407
228,0.1347394120026636,0.3172541933665755
229,0.134214870481543,0.3167361475326363
230,0.133918183598743,0.3170560729699607
231,0.13368178504492106,0.317131778919864
232,0.13333325762650497,0.31696113245480795
233,0.13307703432249418,0.3168044985948748
234,0.1326813378201691,0.3164936686074546
235,0.13233310075620788,0.31649485484698314
236,0.13186123011011233,0.3163263577062224
237,0.13165350742117177,0.3163460956412657
238,0.1312888293990878,0.3164572376209194
239,0.13080158741157588,0.316260659803272
240,0.1303306856465084,0.3159534011427831
241,0.12996478446225398,0.3157482697588439
242,0.12958542167332007,0.3156622008987228
243,0.12926571145038548,0.31553589273486915
244,0.12879143830301826,0.31492314006242617
245,0.12850123747486783,0.31500258522356517
246,0.1281977986954134,0.3148078010608271
247,0.12791526491886968,0.3147558560189139
248,0.12764704070210217,0.3147714933447074
249,0.12736147444421816,0.31496737520658996
250,0.12691443302450486,0.3149040739156968
251,0.12667900981364305,0.31459358235143214
252,0.12640991148735814,0.3146079175439899
253,0.12618325818611043,0.31474762914950616
254,0.12578465432476282,0.31487592967511957
255,0.12548565688932536,0.3150255279584308
256,0.12515204922694295,0.31490904210834064
257,0.12492047324658702,0.3152159372659755
258,0.12462269354204081,0.3151032687338252
259,0.12412353368207588,0.3152416120953821
260,0.12361339176214341,0.31538006108968175
261,0.12320885181429228,0.3152970986782047
262,0.12299836841277607,0.31559878367886257
263,0.12255032696169256,0.31554187551629104
264,0.12209264098387697,0.31576148012598426
265,0.12169816301412464,0.315899386509047
266,0.12130721192084964,0.3157614038977633
267,0.12108824116090032,0.3159190678218511
268,0.12066673531308252,0.3158735930823694
269,0.12034528835966767,0.31585292171101
270,0.1199071657809949,0.31609219289696916
271,0.11970409356354218,0.3159622816518532
272,0.11928736273134882,0.31566579952105867
273,0.11899211304090997,0.3155227060727553
274,0.11870028306928983,0.3155207176536253
275,0.11821109665316673,0.3153073028329521
276,0.11791633322674468,0.3152960875443143
277,0.1176380254575348,0.3152676934554161
278,0.11707249185740239,0.31514468647379157
279,0.11668253972287654,0.3151238636062143
280,0.1164513933971155,0.3151895894883792
281,0.11608804540347534,0.31529201438792454
282,0.11585983524744033,0.3152722991540424
283,0.11564739277721894,0.31562566006248177
284,0.11541098620631435,0.31558195058858235
285,0.11523396625179158,0.3156612980097524
286,0.11500495885156571,0.3158943571744287
287,0.11472566973032558,0.3160279859746404
288,0.11434123347735425,0.3161686099446638
289,0.11414892190848586,0.3161864986068286
290,0.11386563143722138,0.31605350474138905
291,0.11368525749037482,0.31630148687848475
292,0.11330837552144557,0.31625200861938024
293,0.11303105205361069,0.31612563090754514
294,0.11275529511501749,0.3160766075280737
295,0.11234669221773935,0.3159934186963679
296,0.11209295174400061,0.31608613686880715
297,0.11179506039711017,0.31605725251244565
298,0.11155462437851796,0.31596980769824895
299,0.11129693345334327,0.3160699613097789
300,0.11104560976126647,0.31612336670491076
301,0.11088132835601831,0.31653779883337896
