0,0.5859946365042569,0.5874422087785033
1,0.5668719948694005,0.5713074935590888
2,0.549615246019305,0.5562150738775944
3,0.5339220348008061,0.5431525273735449
4,0.5197171679929742,0.5308793565831638
5,0.5069950811596323,0.5195661395493201
6,0.49482326068330496,0.5092708908087145
7,0.48343531718954913,0.4995746927289468
8,0.47330960637334096,0.4917666307911548
9,0.4637580504023714,0.48450371371541406
10,0.4547713036190977,0.4776035034590571
11,0.4462219531193583,0.4708510043664053
12,0.4384647697544927,0.46479298418969645
13,0.430561611126868,0.4591275233451173
14,0.4233264810544741,0.45351783578922794
15,0.41639680466781137,0.4486597649386388
16,0.409574454574165,0.4430751257638872
17,0.40342868143086597,0.4394136375298375
18,0.3976070153447797,0.43491903068810794
19,0.3918302763386728,0.4315757112288909
20,0.3861696294462077,0.4274811135661273
21,0.3808617539596875,0.4239714967698977
22,0.3754747945120687,0.421115109434931
23,0.3705481541753463,0.4182130416284332
24,0.36567957252891176,0.4145074930840536
25,0.3603772724385996,0.4108484108308817
26,0.355909106707192,0.408365915779493
27,0.3512331729656233,0.4059256512140595
28,0.3468515734992435,0.4036228190869605
29,0.34261527627957233,0.4014013202625219
30,0.33836051336375617,0.39845750150008785
31,0.33455615504155484,0.39629480676471
32,0.3305812854671409,0.39446804977313904
33,0.3267157675190731,0.39230152860019774
34,0.32286941109936773,0.38994371778020903
35,0.3193087263181655,0.38795914479007704
36,0.3158695398581776,0.385476273083071
37,0.31254676359723577,0.3840169716889124
38,0.30908534345020067,0.3815680807532444
39,0.30582213833723004,0.37952786960231866
40,0.3026394715621213,0.37800763983166613
41,0.299551706927241,0.3757294144664334
42,0.2966877636749591,0.37338624833968015
43,0.29352753547686183,0.3712769155112466
44,0.29057422838811625,0.3698959779975879
45,0.28778631763551604,0.3681586083126209
46,0.2849964698961381,0.3667253470238783
47,0.28224832514052917,0.3655908900506084
48,0.2795428322394449,0.3640229744151165
49,0.27701908172927703,0.3625809618704332
50,0.2744171606884841,0.3607855225447031
51,0.2718904683760888,0.3600183166646021
52,0.26948482009053715,0.358125811676247
53,0.267188230887141,0.35730485341569446
54,0.2647028208711899,0.3556573161763978
55,0.2623216434761654,0.35411989615251216
56,0.2600095416758309,0.35298492983380625
57,0.2576947225698584,0.35197387160721594
58,0.25552345496327616,0.35133149500312694
59,0.2533861572381145,0.35087437050000936
60,0.25128915231577686,0.34959128262199307
61,0.2493089867639569,0.34809384449392794
62,0.2474276965995808,0.3476133980638379
63,0.2453155264885361,0.3465823474559132
64,0.24307996526566336,0.3450786485602909
65,0.24120382958727846,0.34441398689831004
66,0.23941833755667044,0.34367571512777395
67,0.23748572398946854,0.34268973954383825
68,0.23574761154360355,0.34212644442137385
69,0.23376834782099412,0.3408396928768878
70,0.23195062456102347,0.3401552458316773
71,0.2303435603597812,0.3398538677411578
72,0.2287027309817043,0.33897731369284373
73,0.2270117653095523,0.3383281881610304
74,0.22536400935765444,0.33770752553906924
75,0.2237691014989063,0.3371042164196804
76,0.2222380314275251,0.3362797643715686
77,0.22055670626798488,0.33540211828305844
78,0.21925612253831284,0.33523909257934753
79,0.21779117841922427,0.3347103229747875
80,0.21623645411046644,0.33423619641766755
81,0.2146778874055653,0.3339101584190635
82,0.21333582091800213,0.33354116287140445
83,0.21198349970031724,0.3332031067387039
84,0.2106250415063569,0.33239779907267974
85,0.20902854136097976,0.3318441902599015
86,0.20767427549545325,0.33121776275812376
87,0.20621122211226323,0.33047887508614543
88,0.20490230547999347,0.3308325359694496
89,0.20364083587394635,0.33064189813280487
90,0.20235614240533864,0.33026539111631914
91,0.2012312974646091,0.3298774471913605
92,0.1998869036835281,0.32904967753378117
93,0.19876170653238387,0.32859019245227733
94,0.19744469387994293,0.3284498030727306
95,0.1960994902804328,0.327942463197843
96,0.1948978325824094,0.3274016554910288
97,0.19371666413005587,0.3268753626523846
98,0.19248555320630653,0.3262184833570024
99,0.19151215016702275,0.32603895991965726
100,0.1904141645445583,0.32556154814580757
101,0.18926473085531792,0.32496997958888385
102,0.18813454313163286,0.32481295654908254
103,0.18703836358052373,0.3244903530320961
104,0.18593967613290519,0.32419169252185953
105,0.18483562110872148,0.32393153837026045
106,0.1836420283143781,0.323425443551914
107,0.18254417104221093,0.32295764027557294
108,0.18142562611758303,0.32269451137802113
109,0.18029808654892115,0.3224699622455212
110,0.17930944448502092,0.32230088571790105
111,0.17831651903498472,0.3223813427838332
112,0.17732957220133358,0.3218882435240733
113,0.17639268127005614,0.32107890953613716
114,0.1754107741718601,0.32101311998668614
115,0.1745038641240841,0.32065428020333225
116,0.17363930020969454,0.3205808934190892
117,0.17249204557632436,0.3199578095771254
118,0.17145201390735618,0.3193943211499194
119,0.17052952818771488,0.319256946260703
120,0.1694349393400237,0.3194250400395081
121,0.16845581715945518,0.31912773259782784
122,0.1676059312080218,0.3188423475353616
123,0.16657801680914822,0.3186098943905458
124,0.16565110535797506,0.3184544935965923
125,0.16485266225294784,0.3183987759471462
126,0.16406162273812758,0.3186066219747211
127,0.16327152095262268,0.3187248912531908
128,0.1624393486606971,0.31909059370743614
129,0.16158656497920795,0.31894737772803833
130,0.1607828880291887,0.31888859465038344
131,0.15996644152274683,0.3186171507756973
132,0.159108634664595,0.31859538169544377
133,0.15835865718429257,0.31845048409281534
134,0.15760275897423548,0.3184116537821291
135,0.1568605810890468,0.3178751048301126
136,0.156233549037334,0.31771614660612835
137,0.15547922785389454,0.31771714507951887
138,0.1547191731020193,0.31756913503323897
139,0.154012400118874,0.3167374717934707
140,0.15317035670396828,0.3164349196899948
141,0.15221514842030176,0.31630300042679815
142,0.15147289865921362,0.3156481559395989
143,0.15075975307056041,0.3152995789478022
144,0.15008629629404363,0.31584337651934385
145,0.14933855742661137,0.31580495157940297
146,0.14864622829250607,0.3153726616539061
147,0.14795665481974818,0.31532429833816705
148,0.14724034042114656,0.3152400995336692
149,0.1464718078438002,0.3149528101534944
150,0.14574119722383544,0.31505034120074793
151,0.14490052126793312,0.3151384965613127
152,0.1441457055399443,0.31509940040541246
153,0.14350456930572617,0.31451427811800914
154,0.14274129718626763,0.31500368075495
155,0.14208001269209403,0.31498164109479654
156,0.14147716529008728,0.31499088500499733
157,0.14079363083018448,0.314277412753895
158,0.14018852514598276,0.31422005617978876
159,0.13956287847177062,0.313934896709581
160,0.13903605531135985,0.3137457134666913
161,0.1383800011284274,0.31352193481986523
162,0.13759050030984968,0.3136510874911904
163,0.13699499188164008,0.3135292245298422
164,0.13629385669275268,0.3134338755068518
165,0.1357063997724503,0.3135609691374463
166,0.13511136431170542,0.3136553057605548
167,0.13460404209409033,0.3135877057630613
168,0.13393037220386186,0.3133978524497035
169,0.1333504643409666,0.31373520675076816
170,0.1327798421200488,0.3140391996419083
171,0.13213415640829607,0.3139303748113592
172,0.1315828436197261,0.3139173618277074
173,0.13079010077131847,0.3138482864953658
174,0.13013781547856929,0.3140886955696964
175,0.12946000640758942,0.31421988808368606
176,0.1287428860814093,0.31395582662100713
177,0.12817679419834418,0.3137185276238566
178,0.12761220003281462,0.3139703136747967
179,0.12696258462293025,0.31375177895028894
180,0.12645453370215562,0.31399907041042185
181,0.12588984287614433,0.3139124876598699
182,0.12542067215834504,0.3134541619835129
183,0.12487097218080476,0.31384926500374405
184,0.12438137654967232,0.3139534698299107
185,0.12392134702048099,0.3142196196913727
186,0.12338186850737186,0.3142451633082816
187,0.12290284649064435,0.3145357175209851
188,0.12243045684488121,0.3148231627765799
189,0.12185470588600386,0.3151841465011678
190,0.12138660109357911,0.31519392656191686
191,0.12081011530351875,0.31517886316557886
192,0.12029327444536334,0.31511153839048606
193,0.11985732944041859,0.3153444487029096
194,0.11937435454404911,0.3154246531457748
195,0.11883461387314527,0.3155099871149468
196,0.11830454350341901,0.31550386080915616
197,0.11786135671970384,0.31574418459264864
198,0.11722565601689065,0.31589084931588857
199,0.1167728450844137,0.31590090631863316
200,0.11628354415394633,0.3161666852247754
201,0.11572668286489812,0.3160681885750004
202,0.11527074696101579,0.3159529530852214
203,0.11484432492111933,0.3160458637172503
204,0.1143508902897179,0.315967083598723
205,0.11385475659668985,0.31594399724259076
206,0.11337770502049288,0.31616415793452457
207,0.11287916421659126,0.3162329513650112
208,0.11241831928714957,0.31627514113690053
209,0.1118086640755441,0.31626313006160495
210,0.11135370116824073,0.3168513071855033
211,0.1109606942089499,0.3167493103817531
212,0.11054080955511784,0.316382684415405
213,0.11003831520044784,0.31636596100749365
214,0.10962276771151289,0.3167130396559711
215,0.10919392382111809,0.3168988540825236
216,0.1087127802386154,0.31698493670704897
217,0.1082067144764049,0.31702006379065256
218,0.10775953148363164,0.3171466651478918
