0,0.6574780026230042,0.6583725355260264
1,0.6490151338683542,0.6503773386098222
2,0.6424999959923632,0.6442686824637526
3,0.6375614375057542,0.6397590290338362
4,0.6315974580043574,0.634009144630939
5,0.625927774588333,0.6285815389119378
6,0.620757303587424,0.623733940710657
7,0.6154858541911095,0.6186277837320288
8,0.6103632646310633,0.6141081745112326
9,0.6063105165958405,0.6102216673121764
10,0.6019171098472008,0.606141958224813
11,0.5977897040158148,0.6027066036316248
12,0.5941030626924727,0.5994821014264361
13,0.591299113080087,0.5969568001867529
14,0.5884497863460221,0.5943995889767196
15,0.5855689373605804,0.5918811827832018
16,0.5832007990434255,0.5898695836629583
17,0.5804041557979346,0.5870200665554203
18,0.577567453569385,0.5843676012648829
19,0.5747900514936658,0.5814612858319204
20,0.5718044372624073,0.5787826599439777
21,0.5700484606935534,0.5770031921689297
22,0.5678039846419958,0.5747099278839192
23,0.5654062914227859,0.5729806376157013
24,0.5635270767763736,0.5711741600255765
25,0.561568885707479,0.5694095314308126
26,0.5599538153769698,0.5679477320887057
27,0.558533921400508,0.5672048288887389
28,0.5568605240554046,0.5663577150697856
29,0.5551659793717785,0.5644672037590117
30,0.5537987575718797,0.5627003302869871
31,0.5517985181901542,0.560399343207033
32,0.5498165784739907,0.5587813503883474
33,0.5485093159021466,0.5576961989682642
34,0.5467057510269837,0.5559907408713767
35,0.5456005102549478,0.5549556239696832
36,0.5441712549622537,0.5534247386363126
37,0.5428349324940381,0.5515657641067854
38,0.5414000729558904,0.5500907487383448
39,0.5401301141931435,0.5490822117788055
40,0.538896949437848,0.548195227634075
41,0.5378657088182859,0.5470082960684566
42,0.5367628757079707,0.5461272984281067
43,0.5360579273703684,0.5451548524852738
44,0.5353771179402917,0.5448625920585883
45,0.5341439030276548,0.5439109894986432
46,0.5333851507451315,0.5425723552753363
47,0.5324445936606077,0.5418007573564583
48,0.5319550258983112,0.5410978540299607
49,0.5309999195955785,0.5400327541519901
50,0.5301592396355645,0.5392833943514861
51,0.5295423507393396,0.5386290466650115
52,0.5286908732584842,0.5380771838681379
53,0.5276918342483466,0.5369734448831475
54,0.526902294722886,0.5363461587285151
55,0.5259957038575694,0.5351592143079635
56,0.5251257363335535,0.53481945649598
57,0.5241865015847573,0.5334178134633986
58,0.5235847259313693,0.5329227024237579
59,0.5226662858417165,0.5318995768148638
60,0.5221197443373774,0.5312275775230736
61,0.5214627245946448,0.5303474415345314
62,0.5210443511275226,0.5301990732138075
63,0.5201972733774652,0.5295964496938361
64,0.519224224770947,0.5289336273473495
65,0.5187028306840629,0.5287106475841299
66,0.5180955779628368,0.5280144802178127
67,0.5171959080742641,0.5268073232054447
68,0.5167991200447545,0.5262819206381293
69,0.5162925327471061,0.5259112894601072
70,0.5155699080988715,0.5249732225671295
71,0.5150242934657357,0.5242592331232423
72,0.5142868355520952,0.523363205648604
73,0.5140477590343336,0.5229777340691615
74,0.5134394260005797,0.5221146725175917
75,0.5129316294470911,0.5213949754462883
76,0.5124025342332102,0.5206897077485837
77,0.5119773997509581,0.5208488721462381
78,0.5115462418672436,0.5204475083876223
79,0.511027997168831,0.5199595814981268
80,0.5105746309907234,0.519556117315229
81,0.5100413341681624,0.5189633354882928
82,0.5096723924876745,0.5183851882972128
83,0.5092888372091129,0.5180476647353054
84,0.508730340106485,0.5176219379164254
85,0.5084177504302902,0.5175968839406373
86,0.5078907986125132,0.5171544094583389
87,0.5073808307263378,0.5166388500857261
88,0.5068807913287484,0.5164711796621878
89,0.5066583379329588,0.5164492194347934
90,0.5063347186499243,0.516159749757973
91,0.5060649681403193,0.5159135362708885
92,0.5055502781630025,0.515401325117413
93,0.5051699066514012,0.5147538788426886
94,0.5048906283746014,0.5146960232361475
95,0.5044550613787929,0.5146539997915889
96,0.5040763902641907,0.5143907315707286
97,0.5036105259289657,0.5139277715644369
98,0.5031128803872454,0.5135804783441498
99,0.5027977297606476,0.5131306482740943
100,0.5024784684071889,0.5126744689520939
101,0.502202275986778,0.5122802790010952
102,0.5018815634553532,0.5117283109389864
103,0.5016150633471369,0.5112497385215852
104,0.5011075553345027,0.5108784637099353
105,0.500671798645922,0.5104485126222553
106,0.500159930798781,0.5099483621641911
107,0.49970474913365653,0.5099455840217315
108,0.49951128205562945,0.5097676733816053
109,0.499170821408637,0.5093327728889115
110,0.49891067478302475,0.5090383635266609
111,0.4986821253395176,0.5086914953731355
112,0.49837480968943204,0.5086454273483088
113,0.49799749334801735,0.5081987675580537
114,0.4975974487629642,0.5078756371523323
115,0.4974268315677611,0.5078731600199294
116,0.4971608338565055,0.507912251524883
117,0.49687259728171485,0.507511456130879
118,0.4965766652565602,0.5073998341149137
119,0.4962089902232478,0.5072608186284767
120,0.495875646700569,0.506867412811894
121,0.495778797117525,0.5068749911703606
122,0.4955581991462984,0.5066947986929784
123,0.495325337131616,0.5062655530754447
124,0.495084495773046,0.5062211180520414
125,0.49491070308191404,0.5060302997348316
126,0.49473005430958544,0.5057746106150208
127,0.49440133515466933,0.5058665106512383
128,0.4941358498245032,0.5055716267579615
129,0.49387411339361126,0.5054648856891284
130,0.4935541467499792,0.5053203215374965
131,0.4933225061963101,0.505309926158236
132,0.49310014839567745,0.5055821814047273
133,0.4929168645786544,0.5055219224702612
134,0.4927420769410738,0.5054172993712911
135,0.4925996847347597,0.5049585673632152
136,0.4924323570967166,0.5048504837335872
137,0.492229935864723,0.5047474480538339
138,0.49192101344546657,0.5044795045441435
139,0.4915794506473085,0.5036867169100184
140,0.4914458646879409,0.5037090533133493
141,0.49132775632274706,0.5034005270872765
142,0.49108101022899037,0.5032037878089305
143,0.4907526084952106,0.5031262855514769
144,0.4904261539908846,0.5027971114047441
145,0.49025932488940316,0.502856084802585
146,0.4899886045290378,0.5026901071150669
147,0.48966106237866325,0.5021258551392246
148,0.4894206129547708,0.5018722970442947
149,0.48921056234165367,0.5019837009224418
150,0.48900228033021736,0.5015666431593704
151,0.48876903093742785,0.5013194657523898
152,0.4885749651582196,0.5009600911887645
153,0.48837448745668927,0.5010017930062803
154,0.4882104193409111,0.5008282484744541
155,0.48811412247925057,0.5008546543221999
156,0.48796595562072026,0.5006515530793044
157,0.48776090713444753,0.5002913648574092
158,0.4875312720395517,0.5001778839215851
159,0.4873795853762713,0.5000983074406453
160,0.48718783410435185,0.4998594964127307
161,0.4870669966494481,0.49985113342685555
162,0.4869097913249271,0.4997050013302404
163,0.48667203483263555,0.49949686495114864
164,0.4864822214676618,0.4997062103602115
165,0.4863646945282858,0.4994443062597995
166,0.48608591001231227,0.4987777431484143
167,0.4859560051023267,0.4984447210800245
168,0.48580592331978784,0.49851929285209773
169,0.48546715440581306,0.4983141967554392
170,0.4852956453062891,0.49871550774323453
171,0.4851672846781645,0.49852771529410106
172,0.48501429988065137,0.49847817478097095
173,0.484819506152697,0.49828334921477974
174,0.48466263214025157,0.4982462624626302
175,0.48451374854597523,0.49815510263293156
176,0.4842995723775471,0.4977569783215771
177,0.48415945835539437,0.4975365877258751
178,0.4839093693107127,0.4971796153639242
179,0.4835733227191466,0.4971274154741371
180,0.48344046042939176,0.49677991061156834
181,0.4831520313962238,0.4967113141267502
182,0.4830428229181812,0.49628769492901703
183,0.48298182598741135,0.49611766690208864
184,0.48284481812716107,0.49606488709846475
185,0.48265592837273036,0.49606508288660384
186,0.48246821227503045,0.4959627611445034
187,0.4823061432550194,0.495938661719692
188,0.4821627972908483,0.4959057399060408
189,0.48205214156382453,0.49574159399285533
190,0.4819694935005872,0.495751761087729
191,0.4818269390765483,0.49591354383021624
192,0.48164384700110385,0.49599892971573084
193,0.48134166905955555,0.4958037521178573
194,0.4811153938067646,0.4955616258703593
195,0.4809422921250107,0.49549500448453926
196,0.4807149339199132,0.4949344346260576
197,0.48058462728759643,0.4948779264813576
198,0.4804240987313332,0.49487135274044897
199,0.4803031029113685,0.49440907213552254
200,0.48022732233828713,0.49417314527232453
201,0.48010496055637203,0.49406443835171154
202,0.4799790897051848,0.4937892748808214
203,0.47988573285871716,0.49380219448460955
204,0.4796277078436863,0.4933350623099511
205,0.4795396531677309,0.4932288918561681
206,0.4794317833065434,0.4929579885682691
207,0.4793264829560883,0.49297027562147755
208,0.4791869882180676,0.4926873256688564
209,0.4790318518905908,0.49293566958056734
210,0.47892707875019075,0.49289107481935623
211,0.47881831420309107,0.49277410976143177
212,0.47871063073430775,0.49279778466610485
213,0.4785490321389431,0.4926607104189537
214,0.4783389458833995,0.4924312377614634
215,0.47820593794995503,0.49239269387005835
216,0.47799186682965966,0.4919853212305676
217,0.47782894544270416,0.49167670671552716
218,0.47768558606820993,0.4913146455740249
219,0.4776255215872966,0.4913194076460296
220,0.4774972225827137,0.4913373463235358
221,0.4773570685183314,0.49133242341222555
222,0.477216225455217,0.49099648964992526
223,0.4770699312094628,0.4910173464900631
224,0.47686578239987737,0.4904728711625006
225,0.47675068130157683,0.4902055854470792
226,0.47668300065751357,0.4900709249693921
227,0.47651816973904126,0.4899302524878568
228,0.4764152114312572,0.4899484128861431
229,0.4762396791878704,0.48984047453252316
230,0.47614049790984025,0.4898099917650289
231,0.4760982228209938,0.4895454517948304
232,0.47604306214226044,0.48950679351267296
233,0.4759026410389209,0.4891342886910255
234,0.47561728253760527,0.4887761853239267
235,0.4754623415867529,0.4887292833064383
236,0.47535594196779735,0.488488241485583
237,0.4751968098420687,0.4883561505753535
238,0.47504744718185443,0.4880923738585556
239,0.474900172315311,0.48804448813959084
240,0.47463405245279733,0.48737428435108987
241,0.4745584181148934,0.487502887160213
242,0.47440257688555226,0.4872600033772018
243,0.4741995348234105,0.4869808829466865
244,0.4741563648413475,0.48694771043915025
245,0.4740413302387568,0.48712073675751816
246,0.473753924784792,0.4871774336255072
247,0.4735829596312826,0.48738094221631423
248,0.47352529535171134,0.4874818053628717
249,0.47346699732208286,0.48741973350329915
250,0.473394527700281,0.487491349620561
251,0.47335802603271665,0.48741237929550846
252,0.473094869203915,0.4872029859547896
253,0.4729358604258279,0.48705788698059777
254,0.472879658567648,0.48690413217269635
255,0.4727259757546945,0.48678322532033735
256,0.47257404465172625,0.4867553253217723
257,0.4724333343484902,0.48686852899987504
258,0.4723399966707142,0.4867751336185177
259,0.4722248354760656,0.48659600718060336
260,0.4720424341591197,0.4866708714828506
261,0.4718320524786183,0.486681919538747
262,0.4716807013155288,0.48631989546862747
263,0.4714614591746388,0.486256818562449
264,0.4714234299722601,0.48625087410681866
265,0.47124456256165986,0.4861547713923956
266,0.4712160766503236,0.48605658613962194
267,0.47118220273441414,0.48599271906554237
268,0.47109387455593715,0.4860648762905023
269,0.4710694922436986,0.48583823862018377
270,0.47096773490370564,0.4856139909174883
271,0.4708175591710369,0.4855620743024059
272,0.47065081379628004,0.4858117791827137
273,0.47055598057792053,0.48582833612612053
274,0.4703777805494159,0.4856475248895709
275,0.47026196447023677,0.48540596185192253
276,0.47015305682743463,0.485101431769093
277,0.4700345690271911,0.48487145460085945
278,0.4699106158790254,0.48479317802139626
279,0.4696992710047089,0.4846194312327097
280,0.4696610579950424,0.4847235482120072
281,0.4695496044644069,0.4844612442720207
282,0.4694402525046735,0.48455556031988967
283,0.4692163520035203,0.48466571765525857
284,0.4690800548153635,0.48469973244969367
285,0.468943607774001,0.48454879091254305
286,0.46885428040346144,0.4846078219843135
287,0.46869487211248473,0.48430570353602254
288,0.4686034473790122,0.4839411553527628
289,0.4685014352091028,0.48386245807952527
290,0.4684043492720146,0.483678455207732
291,0.4683171812600146,0.4836208648084439
292,0.46822624882747105,0.48353028605389897
293,0.4681117313242067,0.4836313913546395
294,0.4679926690549599,0.48339456705745737
295,0.4679102562512307,0.48353372555089946
296,0.467821810824089,0.48351015867345687
297,0.4677621494993621,0.4835598259805346
298,0.467568404692022,0.4833974089073316
299,0.46738633537661917,0.4830778057533311
300,0.4673443004475537,0.4830057101648049
301,0.46724316363964447,0.48308219332433616
302,0.46717254686347753,0.4833070835818517
303,0.4670250942463371,0.48310963264310675
304,0.466983170099278,0.48311400977051006
305,0.4669187644902402,0.4831464623337238
306,0.46684967300025404,0.4830976586153572
307,0.4667771849507963,0.48311985937356616
308,0.4666072122212747,0.4827851100473078
309,0.4664807594752564,0.48260592653778106
310,0.46638820410277054,0.48237916767382677
311,0.4661599132518572,0.482334313148907
312,0.466090084984125,0.4822246569166515
313,0.46605790682768206,0.48233281932606187
314,0.4659752788794137,0.48204262690785715
315,0.4658702136925499,0.481611709235234
316,0.4657977483008915,0.48157232519185555
317,0.4656922723533295,0.4817126063178247
318,0.4656324898514686,0.4815528090952474
319,0.46558444329809734,0.48160131326396993
320,0.46550158676247866,0.48156748897089713
321,0.46541907767077306,0.4816108899518996
322,0.46534256122909395,0.48148261502195366
323,0.46528271238364954,0.4813541697930227
324,0.4652254598149215,0.4812531000826248
325,0.46510533705752877,0.48125396959137084
326,0.46499664640334637,0.48139851100346776
327,0.4648939015081819,0.48130214487224127
328,0.4648052450286994,0.4810769561603913
329,0.4647141234247387,0.48125081025435285
330,0.4645713592112654,0.4812965411837249
331,0.4644572154808571,0.48122273489280065
332,0.46437425549907335,0.4810250734153347
333,0.4642823963933485,0.48085586554427545
334,0.46426987071167825,0.48093119929291944
335,0.4641854200217716,0.48065424784357896
336,0.46409052078857616,0.480581941225402
337,0.46401485730790776,0.48045408631265496
338,0.46390885517417824,0.4803938685048986
339,0.46385212219629646,0.4802438409345128
340,0.4637750415783788,0.4804119307667446
341,0.4636952702684693,0.48031916123209467
342,0.46365142795659503,0.4800483303480799
343,0.4635859153128785,0.4800769273513476
344,0.4635390877808266,0.4801000371505223
345,0.4634789456693293,0.4798276104354779
346,0.46335518424675604,0.47943585016171664
347,0.46321234554036883,0.4793036752076178
348,0.46305869851706927,0.47902476276422656
349,0.46294299823104107,0.4788464553683072
350,0.46282671592100333,0.4787963208858984
351,0.4627549870642044,0.4788742534762634
352,0.46260624079488566,0.4790177211157177
353,0.4625825590231267,0.47892668194334503
354,0.46247588419757685,0.4789806968498468
355,0.46231847387276476,0.4789023139284035
356,0.4622579835291337,0.4790286827494173
357,0.4621424440367731,0.4788364810149205
358,0.46196307807981324,0.478501134033285
359,0.4618630117364434,0.4786517290874969
360,0.4617838568806005,0.4785320867814231
361,0.4616854231524078,0.47853017603134856
362,0.46162602424148186,0.47867180754617267
363,0.4615469944646844,0.47874350360453394
364,0.4615055211050826,0.47880983983031405
365,0.461434827179979,0.4789622283292107
366,0.4613645393269885,0.47864072612081454
367,0.46130152877548075,0.478781768936635
368,0.46122330094631947,0.4789015623933717
369,0.46118295796814757,0.47872892723254784
370,0.4610777379042992,0.4787018107928971
371,0.4609579973212615,0.4785003603012162
372,0.4608181977228407,0.4786957946759654
373,0.46073285303700506,0.478689334647171
374,0.4606235388644217,0.4786219244651653
375,0.46053473105017767,0.4783130518015338
376,0.46050669663974547,0.47849961381574735
377,0.46047127639110574,0.47854593729111444
378,0.4603429360684948,0.47830878837593105
379,0.4602942642660921,0.4783916479391216
380,0.46021035778313535,0.4783308992176786
381,0.4601164529167615,0.4784594877939651
382,0.4600273094723746,0.47837941162494463
383,0.45997855397057846,0.47840957644943183
384,0.45988982930755734,0.47820867300817405
385,0.4598115719344306,0.4781255622519178
386,0.45970023627720924,0.47809520504073316
387,0.45965296804419165,0.4779078789150233
388,0.45963838248790045,0.47784741075166964
389,0.45963288335736063,0.4776214752944469
390,0.45949688812089695,0.47736811292577425
391,0.4594242313929863,0.477450708387335
392,0.4593728201152862,0.477524523418046
393,0.4592662289233802,0.4774161088543378
394,0.4591603281885563,0.4771929544438984
395,0.45910951102478376,0.4770387542513452
396,0.45908948070842026,0.4769339844510207
397,0.459036062951669,0.4769365707833159
398,0.458998116356726,0.47682778790473507
399,0.4588803563781128,0.47662868122606317
400,0.45880213640047524,0.47644968122215003
401,0.4586820269727013,0.4761503219536422
402,0.4586060195031926,0.47615223616704033
403,0.4585955665670624,0.4761979998546268
404,0.4585074933853252,0.47590555667109863
405,0.4584253975620817,0.4757304167393533
406,0.45842675586331094,0.4755712688868558
407,0.4582983386078344,0.4752832941385038
408,0.4581966115185498,0.4752476727239301
409,0.4581110410452619,0.4751401085206457
410,0.45804805981236635,0.4752185373605205
411,0.45796757466613564,0.4753488236780414
412,0.4578863210699718,0.4753009125823413
413,0.4577903107756487,0.4752443164900556
414,0.457700343840474,0.4753898652528277
415,0.4576262061366582,0.47526324083172566
416,0.45755538202183793,0.4751560705644826
417,0.45750091311105157,0.4751745534314055
418,0.45746418117243354,0.47478347686598965
419,0.45740735588506576,0.47466473850800117
420,0.4572826098064879,0.4746867797707732
421,0.45725188954683804,0.4745872686096237
422,0.4571843812087961,0.4742421230078486
423,0.45709479301172623,0.4741509363430646
424,0.4569803464155776,0.4742065659401359
425,0.4568853389313455,0.474237811272079
426,0.4568781461324316,0.4740324225338591
427,0.4568207181708068,0.474134225364267
428,0.45671602886439333,0.47430772267195376
429,0.45660543901348694,0.47413478582037216
430,0.4565447966482053,0.4740279995375297
431,0.45647972361246536,0.4735705939143203
432,0.4564429359257341,0.47355917735171743
433,0.45638368829490733,0.4732857872974354
434,0.45629876421621135,0.47300722612561047
435,0.4562824082551555,0.47312042759143536
436,0.4562418609749266,0.4729305318838289
437,0.45622601400537915,0.4729766696309908
438,0.45615356929258855,0.4730418756798091
439,0.45607206236456593,0.47287037119822184
440,0.4560778419822888,0.47292867513293046
441,0.4559910860495871,0.4730368364191844
442,0.45599337394843303,0.4730164200915302
443,0.45597980042186215,0.47313962222395645
444,0.45589110579579895,0.47296717829779533
445,0.4557894138549171,0.4727392533530016
446,0.4556754922431379,0.47293804171324966
447,0.45548466169032975,0.4726604707229672
448,0.4554198085150454,0.47261477079023817
449,0.4553200735126293,0.47237840499873307
450,0.45523072822856925,0.4722788147432348
451,0.45513164553278695,0.4721439546396995
452,0.45508375831499104,0.47193523147788025
453,0.4549029002967574,0.4717173387718326
454,0.45478420599532887,0.47192957565798976
455,0.4546568678887427,0.47201011729646364
456,0.454593188588065,0.47204133763121375
457,0.45454844747564793,0.4719379654366643
458,0.4544464590129518,0.47167565240932097
459,0.4544433709713584,0.47172757235158685
460,0.4543483129051201,0.47159636814811434
461,0.45433650350436394,0.4717823060885369
462,0.45426451751538416,0.4715820044373984
463,0.4541972240287159,0.47140936937352285
464,0.4541554185355563,0.4716490649495476
465,0.4540896275199863,0.47159541680262
466,0.4540532437034038,0.4713870664658324
467,0.4538917717140205,0.47113144169597665
468,0.45383103153434223,0.47081699809894906
469,0.45370627388720125,0.4708528186907272
470,0.45357262947445,0.47092853610404867
471,0.45348434518442043,0.47089513386821463
472,0.45344167756992426,0.4709925548898537
473,0.4533868975772864,0.4708299113051803
474,0.45328881804251697,0.47062071087406093
475,0.4532373716568952,0.4703135761264237
476,0.4530957901583735,0.470057301853442
477,0.4530253933220772,0.46999907683981285
478,0.45300824549936114,0.46983583699829323
479,0.45295153348294115,0.4698431779324167
480,0.45289684448583034,0.4698642950478203
481,0.45280074715023344,0.4699455807150516
482,0.45274738867737246,0.4700860062878113
483,0.45266016918014845,0.46998583791614534
484,0.45262147676548276,0.46982734308063423
485,0.4525597887392159,0.4697953090999907
486,0.4524712619020532,0.46963518416119177
487,0.45236842728716015,0.46956425825193737
488,0.45226740733934884,0.46974438965085435
489,0.4521707687428962,0.4695081029186316
490,0.4521231555982244,0.46950744142588785
491,0.4520739876027791,0.4695282709028815
492,0.45203800076553813,0.46941434804263504
493,0.45198069411460906,0.46961965659532207
494,0.45192865336185956,0.4693734595048781
495,0.4518591980560727,0.4692077024572695
496,0.4518189287073044,0.4691950929797732
497,0.4517248431540374,0.4694236963069436
498,0.451625430248193,0.46942902499745914
499,0.4515324054259584,0.4693728609295234
500,0.45146834869211044,0.4692934997212699
501,0.4513341673948428,0.46919432919109416
502,0.45127420496775184,0.4692519211570257
503,0.45121172365705675,0.46932814641136794
504,0.4511508483443294,0.46933392198407736
505,0.4511065791002119,0.4693159555020027
506,0.45105840138532016,0.46911422287114996
507,0.45092186304469356,0.46892191658924814
508,0.45088864901440334,0.46914599911884247
509,0.45087268136870756,0.46917497125121116
510,0.45082725423871894,0.4691535694759797
511,0.4508068747264111,0.4692098161871911
512,0.4507201398637224,0.4692079282395649
513,0.4506637199399199,0.46916318053827266
514,0.4505951391947626,0.46909853693403114
515,0.45050146078545467,0.46887868370526653
516,0.450457680833001,0.46881763874073556
517,0.4504205332084013,0.46856957736527205
518,0.4504403296256271,0.46854699716582515
519,0.45038205002159176,0.46862352973495836
520,0.45020413390801167,0.46868711507312977
521,0.450152749094879,0.4686625204693654
522,0.4501186110899739,0.4687633084954234
523,0.45003071122886334,0.4687887782505316
524,0.44996873618403693,0.46888365593645
525,0.449899099671549,0.46886322905071254
526,0.4498627490074202,0.4689176409058727
527,0.449804344055411,0.46884955255395155
528,0.44976236079231624,0.468716970570633
529,0.44971161379385016,0.4686033881330246
530,0.44967143204303484,0.4685270199748138
531,0.4496545208059045,0.468376640407812
532,0.4496416929719407,0.468217307334541
533,0.44961817206836546,0.46847851295436704
534,0.44957026584612275,0.4682285361588084
535,0.44951329336234536,0.4681885160922443
536,0.44945529548416235,0.4679346462889087
537,0.44939027821071703,0.46798203421441026
538,0.449380209506773,0.4679366837999271
539,0.4492964899429901,0.46776129524321486
540,0.44927335147857295,0.46762154628197816
541,0.4491940107998971,0.4674624122642104
542,0.4491455636986615,0.4675188563920863
543,0.4490849420223034,0.4674999401837604
544,0.44903991869078375,0.4675327422198399
545,0.44895487267973677,0.46748220148070374
546,0.4488439484840261,0.4677043230348119
547,0.44884300629911555,0.467784583331359
548,0.4488081406236751,0.46784875413933036
549,0.44877973269642324,0.46781368914719335
550,0.448724948663413,0.467758415633006
551,0.448656853909036,0.46773515151584666
552,0.4486159124594194,0.46758247006907316
553,0.4485423497934047,0.4673251028916286
554,0.448408533027705,0.4670042556876591
555,0.44840509475106716,0.46706439126262306
556,0.44835138520440404,0.4671173835439341
557,0.44827413288046164,0.4670913293720496
558,0.44825913963616637,0.4670377123434662
559,0.44820618193523376,0.46686492765637927
560,0.4481454532485711,0.4669296341264416
561,0.44811074022855507,0.4667858942953307
562,0.4481169410982785,0.46663280313469446
563,0.448031635919394,0.4666240761852756
564,0.44791739568648525,0.4664898884296005
565,0.44785323989931347,0.4664964702615673
566,0.44786487909880646,0.4666625899474156
567,0.4477993353823837,0.4666571626780041
568,0.44771667062624637,0.4667698406590642
569,0.44764941105988304,0.466968210803908
570,0.4476289784374357,0.4668982642664598
571,0.4475312891649856,0.4667033827879104
572,0.4474729681578346,0.46662634655272184
573,0.4473857352603433,0.46646485089377016
574,0.4473966758364063,0.46639685202719994
575,0.44735078653423804,0.46650016950783735
576,0.4472809508332007,0.46678763608822593
577,0.4472064553052991,0.4670765642458336
578,0.44710961088862017,0.4668976322965385
579,0.447045922147601,0.46663870399865265
580,0.4470369911018825,0.4664550380222293
581,0.44697313088199675,0.4663096488683442
582,0.44692415253162293,0.46639444996475976
583,0.4468839187203398,0.46650908998258056
584,0.4467642153948463,0.4665382735427069
585,0.4466785560583785,0.46629242164908946
586,0.44661768284164255,0.46624630624438707
587,0.4465551020261437,0.4662497151108791
588,0.4465439950169094,0.46606389554124633
589,0.4464795071113925,0.46599924149340305
590,0.44640395773965597,0.465920945091105
591,0.44638281368113153,0.4657853028189354
592,0.4463899030233089,0.46572036682066004
593,0.4463352195468369,0.4655154325121628
594,0.4462999481857875,0.46549206343298966
595,0.44625237726777633,0.46562685386163255
596,0.44621676726731885,0.4656879979970629
597,0.44611533808703446,0.4655778964482256
598,0.44611176706134764,0.4655899586494298
599,0.4460765827606522,0.4653647588411241
600,0.4460357523464999,0.4651505645129372
601,0.4459104240164965,0.4648872061549033
602,0.44586838308823884,0.4647297378328287
603,0.44583882339085235,0.46468145557775153
604,0.4457672269298599,0.46479745203235157
605,0.4457293634585508,0.464935004391428
606,0.4456604232259738,0.4650423546308282
607,0.44566766788939616,0.46514527882415296
608,0.4456382513369598,0.4651786530264555
609,0.4456025704115955,0.46505607237496877
610,0.4455202971616036,0.46479665895909533
611,0.4454755780747591,0.46477815799274846
612,0.4454046257341988,0.464705203438089
613,0.44535686345234643,0.4643891391757946
614,0.44528770206159896,0.46428622565812877
615,0.445172477446513,0.46415135312767686
616,0.44510178854957155,0.46407497132038195
617,0.4450395981792014,0.46422988066918003
618,0.44498650213690105,0.4643858252000373
619,0.4449113895889714,0.46422326217218823
620,0.44484473984164585,0.46439600734562014
621,0.4447678992602611,0.46428399741678505
622,0.44472879159923306,0.46405013672005
623,0.44468503738217185,0.46430942294386895
624,0.44463032993806706,0.46425039164004134
625,0.44455091397284197,0.4642713516548375
626,0.44450945922963586,0.46431473315541827
627,0.44445952989113574,0.46440804388233825
628,0.4444504908223122,0.46443441210485836
629,0.4443407004130829,0.4646681030863609
630,0.44429893959581784,0.46441738921653886
631,0.4442535775591406,0.46434347073888926
632,0.44422652938527984,0.46440386424379493
633,0.4441849714668998,0.46425099245964624
634,0.44406334988170554,0.4640651906098952
635,0.4440417973255555,0.4641505155788687
636,0.44403752351436526,0.46414118318211034
637,0.4440048646420583,0.4640073715807129
638,0.4439379700401783,0.4638537705348906
639,0.4439205728236128,0.46382511153421135
640,0.44387383339075726,0.46382972199968986
641,0.4438581169391585,0.4638540329822109
642,0.44379054483207786,0.46387333765828104
643,0.4437734409947575,0.46398966923945995
644,0.4437584895836571,0.4639302197635454
645,0.4435731025837085,0.463795249373059
646,0.4435695745594952,0.4637313383122945
647,0.44354665566855633,0.4636024766738794
648,0.4435149339408792,0.46371783147507234
649,0.44345456236588704,0.4635595577466792
650,0.44337864053293297,0.4634419369943448
651,0.4432788805379651,0.46347622175475095
652,0.44323415579305236,0.4634904438456477
653,0.44312031332074414,0.46342115868439904
654,0.44308332884467616,0.46327095339229435
655,0.4430597521548272,0.4632605616743795
656,0.44302515553363114,0.46313874530972104
657,0.4429919705429689,0.4631453378369427
658,0.44295855306845944,0.4632450079665017
659,0.4429447075753274,0.4632343752041525
660,0.44286981507839795,0.4631299263429503
661,0.4428503389569806,0.4630276667148056
662,0.44281397913819837,0.46309321050986996
663,0.4427891239198492,0.46310150525238725
664,0.4426833155104975,0.4627778588104189
665,0.4425959030660292,0.46271108847383746
666,0.44255470519896767,0.46277874045111117
667,0.4424809656992394,0.46265414621730483
668,0.44243244881275523,0.46276349824433477
669,0.442356820627717,0.46262510192651685
670,0.44230379724121166,0.4626112935192066
671,0.4422756933590659,0.4623786478611751
672,0.4422375747873649,0.4624532388826442
673,0.4422020959399191,0.46237397494757854
674,0.4421157543155533,0.4623259658020728
675,0.44205432438785636,0.46246639330761047
676,0.44191144220763046,0.4623077440220999
677,0.4418212064886868,0.4621619541447606
678,0.4417388915148247,0.4619912774232964
679,0.4416924123660015,0.46206241320707275
680,0.441648679488913,0.4621212614673383
681,0.441545480160416,0.4617570416531541
682,0.44147054439824146,0.4618243493350142
683,0.4414145676664088,0.46183909535931955
684,0.44138241054207616,0.4618415039688646
685,0.44133402995975607,0.4617069229856959
686,0.44132361618919524,0.4617791145602664
687,0.44127249950104713,0.4616870857777274
688,0.441217787651209,0.4615114272736087
689,0.4411204579780817,0.4614249220549037
690,0.4410498958642585,0.46138690620792794
691,0.44101868262117394,0.46136280966578164
692,0.44100745258427915,0.4614911552792949
693,0.4409870644544013,0.46151745886514056
694,0.4409117124609109,0.46150606800827837
695,0.4408760842156069,0.46153764649173645
696,0.44087060590188,0.46143828009297516
697,0.44083359362743174,0.4613353113219934
698,0.44072577583779926,0.4613710262143318
699,0.44070883148534434,0.4614397359760282
700,0.4406800694788929,0.46144676926738665
701,0.44060761386019115,0.4612909133771923
702,0.44057057937091487,0.460881205965638
703,0.44055689527634595,0.46085524271063893
704,0.44053434281133463,0.4607421230413391
705,0.4405026611351694,0.46060382527972704
706,0.4404213726218864,0.4603799265981595
707,0.44038308218739314,0.46038196438558376
708,0.44023191655345534,0.45999286791509797
709,0.4402090688233479,0.46005342883013545
710,0.4401092473391736,0.4601280967367695
711,0.44004528979814156,0.46016620583976653
712,0.4400173459683699,0.460047437830035
713,0.44001485908673177,0.45986724539803275
714,0.4399730647720215,0.45993585777102847
715,0.4399485768286711,0.45993274530645456
716,0.4399136347298594,0.45996388587956283
717,0.43983457821569844,0.4602864627630459
718,0.4398320572273362,0.4601819864654726
719,0.439800745854773,0.4599079854718326
720,0.43978728077545604,0.460001956192923
721,0.43974564567694063,0.4598622495413718
722,0.4396996007477277,0.45992152111404727
723,0.43966264020989865,0.4596734716188769
724,0.4395693902731775,0.459459000655913
725,0.43952068215847667,0.4593940145673348
726,0.4394737320664882,0.45935294845946967
727,0.43938539580185204,0.45904637887302463
728,0.4393550440280235,0.4590770730455865
729,0.4393181269503676,0.458929354591029
730,0.4392878350807954,0.4589316539429252
731,0.43925934720135695,0.4588611217665332
732,0.43920244623191146,0.4588742596741894
733,0.4391320791327037,0.4587308277436847
734,0.43907116658357515,0.4588321253403625
735,0.43905404838501316,0.45882606423425915
736,0.4390391230290283,0.45869546918794596
737,0.43896933030007057,0.4584271572860306
738,0.43888952818535193,0.45816450762012734
739,0.43883764029842526,0.458070098844296
740,0.43880271036611046,0.4578939487049944
741,0.43874510734420424,0.45790211699804
742,0.4386888578217497,0.4579152505698378
743,0.4386516115390969,0.4579106697426946
744,0.4385986504081022,0.45765016794901914
745,0.43860464018294104,0.45769369912128544
746,0.438527595611745,0.4577369289111721
747,0.438473943702398,0.457891085254212
748,0.4384364301546612,0.4576673739561904
749,0.4384160326298219,0.45764190147724726
750,0.43837773491904874,0.4577235921914148
751,0.4382963322911614,0.4578135685370214
752,0.4382833943241776,0.45798293330963463
753,0.4381917626939916,0.45763105269137805
754,0.43814496483585713,0.4576460069957151
755,0.43811538707746495,0.4577739474333715
756,0.4380576369091703,0.4577298494270391
757,0.4380034343491629,0.45776312197078994
758,0.43792508450436796,0.45757405608191115
759,0.4378710380442861,0.45757982742499276
760,0.4377940533639387,0.4574747534142859
761,0.4377567060327865,0.4573000269516032
762,0.43774449379041025,0.4573478882457826
763,0.43775458231100095,0.45739972889155217
764,0.43771486486368094,0.45730541412257575
765,0.437696660117732,0.45733843423768566
766,0.4376819683955663,0.45734425039357557
767,0.4376320626108638,0.4571402275435635
768,0.4375576359642193,0.45713848772779486
769,0.4375112831212502,0.4571088599371141
770,0.43746444844132326,0.45710690592952974
771,0.4374051869394111,0.45708250118046173
772,0.4373969362506175,0.4572421603672132
773,0.4373590034880837,0.4572967504350219
774,0.4373016886035102,0.4574506900398059
775,0.43722724643276006,0.4573292432441598
776,0.43718824074201384,0.4575734986683327
777,0.4371532382856609,0.45768044304808114
778,0.4371135610760141,0.45756355759709383
779,0.4370690368477911,0.45752087555277027
780,0.43699224710780077,0.4573088478604342
781,0.4369398521100597,0.4573357983916206
782,0.43694328760278567,0.4574221205337598
783,0.436908716926607,0.4573206493212271
784,0.43686746359557316,0.45749704072876923
785,0.4367228189005247,0.4575142700241617
786,0.43669096509599076,0.45743688765669843
787,0.4366796208694598,0.45735616967647214
788,0.43662939111883664,0.457443242666754
789,0.4366017813729339,0.4574506626601598
790,0.4365570651053256,0.4573749349672236
791,0.4365347403479103,0.45741025472610597
792,0.43649007821664965,0.45738279657564224
793,0.436410796953621,0.45732492356275434
794,0.4363700895302579,0.4573160388805013
795,0.4363499236337486,0.45718054608818337
796,0.4363267964705132,0.4570106208182104
797,0.43626386751003093,0.4572961851015918
798,0.4362384357032235,0.45738388659744
799,0.43617487537719984,0.4574170955049404
800,0.43609233393337976,0.4570965146623214
801,0.4361105052762534,0.457324307897682
802,0.4360850435972486,0.45711639489883665
803,0.4360454101208288,0.4569782456331541
804,0.435963039852654,0.4569343139127656
805,0.43594359139786004,0.45685094430452733
806,0.43590975567777895,0.45675471548510843
807,0.43582240855816345,0.45660581501305997
808,0.4357850313308347,0.4566948475668894
809,0.43576005714479316,0.4563989196393478
810,0.4357063882398406,0.4561060640459688
811,0.4356973051059484,0.4560254596355284
812,0.43564477613905356,0.45601390628505123
813,0.4356387244279116,0.45594496656712535
814,0.43562887451592897,0.4560343340464176
815,0.4355703141851761,0.456167668297037
816,0.43555824107857644,0.4562583406458909
817,0.43554406223461806,0.4560341634957794
818,0.43551417688013017,0.45592535734341655
819,0.4354492150799393,0.45599552448880204
820,0.43541548146408854,0.45584635109798455
821,0.4353925725367799,0.45604036572458406
822,0.43530935292278655,0.4558685593036801
823,0.4352426170835587,0.4560010406329964
824,0.4352029726182029,0.4564498096275435
825,0.43514705504482076,0.45647375897843706
826,0.43508099544840295,0.45649011533166944
827,0.4350698645209124,0.45646293033100044
828,0.4350318178140784,0.45638801645516425
829,0.43500494928233807,0.45640843696087796
830,0.43496844612870567,0.45620412153737455
831,0.43490401921966054,0.4561286630172897
832,0.43485232819568426,0.4560825991591775
833,0.43480734328753784,0.45606246561736097
834,0.4347788887021079,0.45611244319409033
835,0.4346855226238923,0.4560473729708827
836,0.43461559254741594,0.456094519091834
837,0.4345516161480042,0.4560382143910954
838,0.4345038877204494,0.4559362439628472
839,0.43446741274950956,0.456014725993308
840,0.43444363804351527,0.45598991823528096
841,0.43442050570966045,0.4558941826960722
842,0.4343768148862211,0.4558982187170424
843,0.4343027155989459,0.45589563872557903
844,0.43427368736264305,0.45581800744436674
845,0.4342439812395344,0.45568091370957436
846,0.4341609494371034,0.4555917829254504
847,0.4340778086241644,0.4555016481518696
848,0.4340293243175975,0.45533005568144197
849,0.43402197873807724,0.455223193483949
850,0.434022879805947,0.4551738047382381
851,0.43400233345539935,0.45519553363459353
852,0.43393064092005196,0.4550520458175148
853,0.4338876625485842,0.4550666507325266
854,0.43378248964970084,0.4551235586157273
855,0.43377536981947235,0.45514846427298067
856,0.4337153532083331,0.4551309400422711
857,0.43361466760004036,0.4550620391232643
858,0.43359486483025095,0.45504255392325677
859,0.43357145056195023,0.4548202917837885
860,0.4335420416369735,0.454743863913671
861,0.4335055137572682,0.4547257097437978
862,0.4335087308102439,0.45486497501755013
863,0.4334963429471682,0.45490944869754424
864,0.4334054963673792,0.4546195911470458
865,0.43338949220233874,0.45446731271851365
866,0.4333804943580758,0.45452797801284367
867,0.4333012275415053,0.45436776242325144
868,0.43325994215539015,0.4542328986243354
869,0.4332447477488996,0.4543076007145303
870,0.433231002197999,0.4544348720685968
871,0.4331840159035528,0.45448814582384933
872,0.43308419282411476,0.4542535552940644
873,0.4330041909261358,0.4540373378124909
874,0.4329926498400064,0.4539478486145982
875,0.4329899481835735,0.45384936728684905
876,0.43297413590424494,0.4538094414292875
877,0.4329539895230948,0.4539033640176058
878,0.43286965047161413,0.4538333623722641
879,0.4328105595552776,0.4537115337972757
880,0.4327654605980185,0.45369696922823044
881,0.43276274199213355,0.4538041677610621
882,0.4327553214518465,0.4538614141743461
883,0.43268144500038586,0.45385532096803916
884,0.4326378445567487,0.45388502709295264
885,0.4325224721960513,0.45386043721593394
886,0.43248629199850436,0.4539417158038761
887,0.4324845606071827,0.45391268147504243
888,0.43245545239896843,0.453820274668361
889,0.43239827124801067,0.4536533334559595
890,0.4323894358851152,0.45365326518784893
891,0.43230070911462865,0.45349261310397093
892,0.43226691535808115,0.4533869963250683
893,0.43222613082600475,0.45346686018451404
894,0.43217945261858404,0.45337901422846755
895,0.43215695490745015,0.453377496599656
896,0.43215323786394605,0.45336661889534424
897,0.4320672371327786,0.45310968026242415
898,0.4320411187634522,0.4531303089553468
899,0.432001598680197,0.45335243286096705
900,0.43197066101138837,0.45318194246280563
901,0.4319264529054265,0.4531710994412353
902,0.4319071605228401,0.4529927832601491
903,0.43189467403780907,0.45306294094482363
904,0.43187059608627426,0.4528901161128863
905,0.4318105088765264,0.45281508213356714
906,0.4318126453792445,0.4528810659182131
907,0.43180016957490025,0.4529688008251298
908,0.4317851000186211,0.4531603901784203
909,0.43169891727422516,0.45334964308780457
910,0.43166036055779655,0.45328760332121604
911,0.4316080641887148,0.4532866209089459
912,0.4315598722337668,0.4532794650697695
913,0.43155327913645813,0.45333340698038355
914,0.4315472328011772,0.4532195887129222
915,0.43148252408157883,0.4531845206277216
916,0.4314175823019871,0.45302989524361137
917,0.43133950385018555,0.45291574156078884
918,0.4313291667540045,0.4526978914016406
919,0.4313033283624957,0.45267636278501877
920,0.43126021851945345,0.45250098079088186
921,0.4311952870714314,0.4526619254719726
922,0.4312100620620089,0.4528123950193804
923,0.4311740503243943,0.45280887976140277
924,0.4311494326714276,0.45281985185830004
925,0.43109104034177864,0.45267052019111903
926,0.43106602447853626,0.45266631813895203
927,0.43098370319865087,0.45260636304151414
928,0.43097347460412816,0.452309324470032
929,0.430926962777537,0.45208773309631006
930,0.43087083108595275,0.45187291569785026
931,0.43082296799784287,0.45183231149091574
932,0.43079847664815185,0.4518176672138596
933,0.4307606879214097,0.4519199824676429
934,0.4307359676710913,0.45181161165237427
935,0.43067172853957353,0.45175058770190474
936,0.4306459316935087,0.45147318969421907
937,0.4306443754824937,0.4515882221959193
938,0.43055154088044545,0.4514080537287137
939,0.4304808350018218,0.45115852670317075
940,0.4304784366566789,0.451286521554612
941,0.4304098842071487,0.45135569168875617
942,0.43040596702430556,0.4511624575073801
943,0.4303653755885057,0.4511692115020085
944,0.4303323948086247,0.45133608955258747
945,0.43033920480366405,0.4513529392592568
946,0.43027280384322975,0.4513824852369107
947,0.43027091430743036,0.4514840544301476
948,0.43015157898262985,0.45145394833261354
949,0.43012147515139143,0.4515422343112454
950,0.43009088050322924,0.45156887274417007
951,0.43009917401094483,0.4514362295586224
952,0.43008963302796827,0.45164441899112856
953,0.43004472137342187,0.4515809418978056
954,0.4300436561496347,0.45148750621689315
955,0.43003280747051176,0.45141900004870605
956,0.4299934707613711,0.45124781952504633
957,0.42996509901362917,0.450930639259839
958,0.4299410775485361,0.4508553682924439
959,0.42991747403597813,0.45057132917612064
960,0.42988463312452957,0.45044531719810676
961,0.42987828523140803,0.4505059993470032
962,0.42986759419577736,0.45050885997184553
963,0.429802074277328,0.45077531838197576
964,0.4297971779984398,0.4505959728872971
965,0.42970774709909704,0.4506494882697052
966,0.4296968862993729,0.4507308117539961
967,0.42958199502621774,0.45055365322646607
968,0.42952668838987307,0.4506810109284712
969,0.42947517177912564,0.4504595365053495
970,0.4294019565724944,0.45007412763392907
971,0.42936709663195893,0.4502586170872168
972,0.4293570573898579,0.4499876817558394
973,0.4293314649969451,0.450020589209796
974,0.4292770042393567,0.4496666110633302
975,0.42925594656706034,0.4495008305036942
976,0.42921637404327934,0.44956696332573626
977,0.4291875384819404,0.44958201760956285
978,0.429138644514755,0.4494574787363344
979,0.4291035039890568,0.4493474545718428
980,0.42904726027086654,0.44940393018110314
981,0.4289638423960365,0.4492184340939388
982,0.4288496256416358,0.4493253046496135
983,0.4288569646122982,0.44948047600843316
984,0.4288061565859037,0.4493457940793859
985,0.42878896143462236,0.4492909160235346
986,0.4287361571983489,0.44941535179120623
987,0.42871183321392525,0.44950388604104685
988,0.4286753057049957,0.4496224972843332
989,0.4286477348028764,0.44961816375272745
990,0.4285729279336061,0.44934589278410836
991,0.4284965398142285,0.4492038136496645
992,0.42843039230670954,0.4490391626058854
993,0.42838337025909395,0.4489203954552809
994,0.42838191795461955,0.44897845367347183
995,0.4282995568911193,0.44914665786757785
996,0.4281940545923111,0.44885955366449365
997,0.42814702007265665,0.44886225655856454
998,0.428088253134875,0.44892275783285945
999,0.42804662549519107,0.4492316761374853
1000,0.4280087996978397,0.44939359599272677
1001,0.427994617737741,0.4493072745457275
1002,0.4279520561170103,0.44943897991935217
1003,0.4279059537063463,0.4493808928095341
1004,0.42787818325005866,0.44936896621013434
1005,0.42787161176758154,0.4493532940340027
1006,0.4278302635131961,0.44902244187398493
1007,0.4278146083491719,0.44908718891846117
1008,0.4277885793857813,0.4491916072491973
1009,0.4277642563388684,0.4491314478084478
1010,0.4276987393128821,0.44905403707122815
1011,0.4276648810414901,0.4491053353376266
1012,0.4276096418406866,0.44899865530291005
1013,0.4275706854955977,0.448975526911319
1014,0.427553409209412,0.44888106120414084
1015,0.42752261859262186,0.44881470570627474
1016,0.4275121194392222,0.4486363868426082
1017,0.42746158224540315,0.4488363057707054
1018,0.4274087571410064,0.4488670256252866
1019,0.42731921289413693,0.44892058685805614
1020,0.4273116116647651,0.4488261308333324
1021,0.42729324324764023,0.4488756586049796
1022,0.4272757485603804,0.44886862158317403
1023,0.42718632285666763,0.44872688004233413
1024,0.4271510471776798,0.4488018536878335
1025,0.42712592021322365,0.44880473922220276
1026,0.4270330220423505,0.4486121828920504
1027,0.4270069770942208,0.4484933983815106
1028,0.42696027404779274,0.44851411873390146
1029,0.4269537252009406,0.44849476665423427
1030,0.42693145711458125,0.4485868656283795
1031,0.42690562989907227,0.4483826444819487
1032,0.42685461324236873,0.4481283189349314
1033,0.42682525816173444,0.44811845387735405
1034,0.4267839120607101,0.44802281091449697
1035,0.4267358026714276,0.4478608629019603
1036,0.42670849118970133,0.44790685591458085
1037,0.42669444770362963,0.4479419660268729
1038,0.4266414067527209,0.448156020833037
1039,0.42655868954845144,0.4479954139600742
1040,0.42655240072211786,0.44793995416899557
1041,0.42651088578148993,0.4481607864684078
1042,0.42648096627219045,0.4479230766783851
1043,0.42644799437287756,0.44783540740237876
1044,0.4264228676698724,0.44773877436214704
1045,0.4264123640960425,0.4476978245159304
1046,0.42636100257332266,0.44749535295641996
1047,0.4263675360106796,0.4473258360719116
1048,0.426277175427859,0.44713791283641674
1049,0.42625467813391227,0.44723883718004653
1050,0.4262394498870476,0.44728622510451677
1051,0.4262181471625615,0.44735647077596896
1052,0.426180897876316,0.44713172317273164
1053,0.42617803333280246,0.4472864238464852
1054,0.42612411221167007,0.44732498590847847
1055,0.4260999400530666,0.4474895493924651
1056,0.4260899327550463,0.4473545372306657
1057,0.42606796761796784,0.447394797360836
1058,0.42603918863034984,0.44739561784983606
1059,0.42599792569240913,0.4476567253012495
1060,0.42597443627189446,0.4477096606295552
1061,0.4259577493514899,0.44767864120160855
1062,0.42594446724302376,0.44752829194745486
1063,0.425922982232771,0.44750125435978205
1064,0.42581939711330863,0.4475544391144253
1065,0.4257498947324145,0.44752524121316895
1066,0.42563275402633044,0.4476218389910321
1067,0.42561246862994445,0.447523982997402
1068,0.425613504698333,0.44736496417382
1069,0.42557371122523285,0.44737764052502144
1070,0.42550626775618033,0.4474213086316158
1071,0.42544080875220924,0.44725477246099365
1072,0.42537424872048685,0.44734412455438316
1073,0.4253659068327294,0.4475581411814785
1074,0.4253291948324591,0.4475793483515465
1075,0.42530929252821414,0.44761336309338196
1076,0.42522323396712325,0.44737848153302767
1077,0.4252018278146499,0.4473403856851334
1078,0.4252142933050866,0.4474217313736809
1079,0.42518079299430733,0.44724516598518077
1080,0.4251699367410979,0.44711312440513806
1081,0.4251567957053118,0.4470882637267427
1082,0.4251309038821354,0.4469104559456771
1083,0.42509471330183723,0.44675097418773674
1084,0.4250725823295213,0.4467391915400724
1085,0.4250580087624612,0.4467223296993941
1086,0.42500710611658093,0.44680819489115464
1087,0.4249922371289465,0.44681824027155326
1088,0.4249658360609327,0.44665836423206434
1089,0.4249450345339299,0.4466882657036928
1090,0.4249019458728037,0.4465470467977729
1091,0.42490757715329835,0.4467010536558043
1092,0.4248870086277591,0.4465656264325148
1093,0.42484336066320705,0.4466526655187358
1094,0.4248124771868266,0.4466205259211617
1095,0.4247601196423311,0.4463753839655638
1096,0.42472807819795705,0.44632231832945
1097,0.42472793577831436,0.44633639638403955
1098,0.4246843263976418,0.44613018815827493
1099,0.4245604392025591,0.44592147695100715
1100,0.42447851563995687,0.44589225300572244
1101,0.424477466647276,0.4457391837873761
1102,0.4244752005133252,0.44566048660489876
1103,0.4243812758056808,0.4454557937245036
1104,0.42438293068648075,0.44546775969523
1105,0.4243885441739958,0.44550485874640683
1106,0.42437898292353715,0.44547481476076584
1107,0.42434515760747915,0.4454345461620577
1108,0.4243276300992206,0.4453595119527441
1109,0.42430371237436054,0.4453565248665694
1110,0.4243044359511505,0.445554705500677
1111,0.42430433135656054,0.4456053386444426
1112,0.4242806496805896,0.44554031864458393
1113,0.4242673358998075,0.44574943145248186
1114,0.4242339731528757,0.44560189524991384
1115,0.42417443857723197,0.44566996398475744
1116,0.42415886453779855,0.4456873730181872
1117,0.4241123750846078,0.44579012970958865
1118,0.42408097602062417,0.44554453317832987
1119,0.4240464698367289,0.44535420557941957
1120,0.4240064419335959,0.445111129781518
1121,0.42399119681953057,0.4451069167148887
1122,0.42397083561652954,0.4452314177566184
1123,0.42395463624143004,0.4452372086435507
1124,0.42390930653572423,0.4452883207129886
1125,0.4238624437298298,0.4453717140426214
1126,0.42380902170864215,0.4454452214976061
1127,0.42380250181233386,0.4452939439278224
1128,0.42380480893891703,0.4452944584675587
1129,0.423774476507823,0.4453973644562602
1130,0.4237457971940238,0.4456383901228458
1131,0.4236538303738299,0.44557854719356876
1132,0.42360648893852276,0.4457081353517738
1133,0.4235975487278372,0.4456158054709963
1134,0.4235901810982495,0.4455543394388212
1135,0.4235659810961436,0.4456244312909536
1136,0.42350366799024697,0.44551689249173565
1137,0.4234988949770069,0.4455640259903267
1138,0.4234827245988626,0.4455737794139902
1139,0.42345930945428845,0.44560487623814315
1140,0.4234421138845308,0.44540687962894143
1141,0.42340745266791485,0.44558935612594813
1142,0.4233744827002196,0.44560521160554584
1143,0.4233348005068883,0.4456430417614456
1144,0.4233195668512879,0.4455325314811207
1145,0.4232897879321186,0.4455074778627006
1146,0.423271411634205,0.44571249638833643
1147,0.4232408390549328,0.4458069791656363
1148,0.4232521663672071,0.4458823015904085
1149,0.4232124314189126,0.44596390310542894
1150,0.42313722387350194,0.4457832478406578
1151,0.4231016652958709,0.44570970287492884
1152,0.4231037907299801,0.4457968865250003
1153,0.42303616353640683,0.4459535788676618
1154,0.4230038786485146,0.44584012815495694
1155,0.42299167286686634,0.44580760000816083
1156,0.42295237492982934,0.44574212458589063
1157,0.4229348744051727,0.4456905970666537
1158,0.4229017055326823,0.4455695573538583
1159,0.42286269732192466,0.4453055193206318
1160,0.42281716481067244,0.4453816374548291
1161,0.4227931462812309,0.44532049404083857
1162,0.422747708341377,0.4452577485395585
1163,0.422726197655422,0.4454196734082651
1164,0.42272213239654394,0.44540065283869557
1165,0.4226816261129439,0.44536769157120853
1166,0.4226556838918601,0.4453595902988376
1167,0.4225760263478247,0.44541230625890665
1168,0.42253884109671014,0.4453565047142134
1169,0.42251691679910636,0.44537991230610186
1170,0.4224581355040796,0.4452463208129454
1171,0.42241769634906084,0.44523550144005836
