0,0.6574387178567557,0.6578478719440938
1,0.6499230869584701,0.6498244898857864
2,0.6427886261793466,0.6423878755218299
3,0.6374679911357752,0.6368319511677604
4,0.6315978374889126,0.6313043341354146
5,0.6261982427763516,0.6255222251380929
6,0.6208045318112156,0.6201020222763682
7,0.6156630587422702,0.615047331070187
8,0.6105718236263936,0.6100579497228034
9,0.6058507952447217,0.6054389173802347
10,0.6018088039089147,0.60157827212829
11,0.5984031185837811,0.5977832881583196
12,0.5953122674676271,0.5951114143116002
13,0.5914980551085599,0.5923003117045427
14,0.5884763868494683,0.5894778952382068
15,0.5855314650491359,0.5866894114387128
16,0.5821612413110395,0.5828510382906807
17,0.5791722150026498,0.580123804072341
18,0.5762654487146756,0.5774049784158948
19,0.5737508614387689,0.5746953961824129
20,0.5714852305898569,0.5729613117007322
21,0.568927468230756,0.5700168099382259
22,0.5666329911636686,0.567541456202732
23,0.5648901087880662,0.565477600723406
24,0.5631916361137944,0.5637881134369577
25,0.5612876070034201,0.5622978821842377
26,0.5597946480914934,0.561024565352818
27,0.5584283758404511,0.5592348660411497
28,0.55713097153774,0.5580609195421172
29,0.5557838296589925,0.5566778904278809
30,0.5540831970589304,0.555005821080699
31,0.5526923734286299,0.553420423405247
32,0.5510886777171727,0.551582698773176
33,0.549302704244489,0.5498891006144442
34,0.548177228000836,0.5487123361292604
35,0.5466017203358057,0.5472921550702943
36,0.545355805085512,0.5463852097887798
37,0.5441414075362128,0.5453978164053439
38,0.542608901482913,0.5444049346750625
39,0.5413549414702824,0.5437265801370342
40,0.5402269500574862,0.5425999314583021
41,0.5389938172208741,0.5410950627437857
42,0.5380234346763207,0.5399234647783198
43,0.5368842872092758,0.5393039488861727
44,0.5360565304050711,0.5385896792327974
45,0.5348831473159731,0.5380338611017298
46,0.5338244268140556,0.5367930071925536
47,0.5326008452030346,0.5356319369469766
48,0.5319198485513363,0.5349948800118395
49,0.531005686179942,0.5341729940568094
50,0.5297002790027514,0.5331181974902105
51,0.5288418784370421,0.5327867029166697
52,0.5279818800064515,0.5323976933263069
53,0.5268513855843053,0.5320908030781767
54,0.526044526932594,0.5313899602456347
55,0.5254350213595931,0.5306279088720135
56,0.5245482977974751,0.5298203170992607
57,0.5234414942166536,0.5287167541311428
58,0.5226502688075617,0.528389394555575
59,0.5220635339168054,0.528075170097821
60,0.5214606755509033,0.5272172069381241
61,0.521093023848098,0.5269168039592002
62,0.5205699140133784,0.5264812928943143
63,0.5198331648712835,0.5262151173050882
64,0.519189646310799,0.5253255899050835
65,0.518674405304053,0.5248749725941407
66,0.517917972095187,0.5248273243820284
67,0.517334914495003,0.5244449732922108
68,0.5167747606809023,0.5241082789559961
69,0.5162603621219479,0.5238882849531317
70,0.5157514835665558,0.523440473111695
71,0.515305646642597,0.5229043710485909
72,0.5146969396338394,0.5225579239106257
73,0.5140063930715404,0.52186100467924
74,0.513572086677046,0.521409388153029
75,0.5127416754725203,0.5212567502907081
76,0.5122193195511601,0.5208043930959266
77,0.5118767711955844,0.52051750205845
78,0.5113833708170872,0.5200794389469349
79,0.5108205155548893,0.5196048789229636
80,0.5099183056928457,0.5195214035420587
81,0.5094966804990307,0.5193361837255994
82,0.5085307441606441,0.5186771878133118
83,0.507961943697139,0.5183100265554943
84,0.5075268616914287,0.5179409734814006
85,0.5069827129290845,0.5174488942092439
86,0.5066820425821977,0.5172186867599009
87,0.5063516669664305,0.5167909243689687
88,0.5060967043215452,0.5163781841802241
89,0.5055217536832572,0.5161491859650625
90,0.5050229109392593,0.5157333372794051
91,0.5045603952202472,0.5157655931613176
92,0.504119210174165,0.5156495939292517
93,0.5035186123715534,0.5158333911674957
94,0.5032737129177085,0.5156031538415721
95,0.5028567010947274,0.5153897761234215
96,0.5024989447386261,0.5147994219687492
97,0.5020572476084876,0.5147795016781436
98,0.5016033071416078,0.5148866071529761
99,0.5011230474337935,0.5145374102185863
100,0.5005303302930373,0.5139498840460548
101,0.5001354082771149,0.5135324222725689
102,0.4997267020012305,0.5134970923990902
103,0.49953223453424167,0.5133677739753147
104,0.4992858017346144,0.5129794067809418
105,0.4987406147208688,0.5126210926255317
106,0.4981846573575919,0.5121040673119945
107,0.49794705805976197,0.5118987936637924
108,0.4974696910955581,0.5121618551661076
109,0.49713445549515195,0.5119299844468419
110,0.4969479367136955,0.5117512463962253
111,0.49666855796235115,0.5116463467924302
112,0.4963760025374352,0.5115915842040762
113,0.4959700437570001,0.5111294582832692
114,0.4957290412301191,0.5108451689093282
115,0.4951867901659256,0.5109401171364856
116,0.49480795795520804,0.5106661254839182
117,0.4945692734737135,0.5104183407782981
118,0.49419049952377214,0.5101514488277114
119,0.49396283773381516,0.5101626249915143
120,0.4935885541551516,0.5099287129369289
121,0.49344241513188924,0.5096151630702539
122,0.4932381907500665,0.5095358880634852
123,0.49307807070664145,0.5093202781456121
124,0.49291759078955055,0.5089343328396083
125,0.4926325317481502,0.5087329537369484
126,0.4923260639254561,0.5085063228014431
127,0.49200089573540445,0.5086916528460658
128,0.4917118701957999,0.5084946269287025
129,0.4913900593302913,0.5082644413401716
130,0.4910841795728271,0.5084325979862895
131,0.49089450784933114,0.508561927247648
132,0.4905590949155151,0.5085463445522262
133,0.4902219951662296,0.508734513216488
134,0.48999839354613806,0.5086959423383869
135,0.48951047781601154,0.5082760508525972
136,0.48938582359595534,0.5083261830618776
137,0.4890864905535119,0.5082373818504322
138,0.4888357639772733,0.5077749768340112
139,0.48856457808866666,0.50762037970827
140,0.4883401159239378,0.5073379355617866
141,0.4879990579010682,0.5071560050838381
142,0.4878330257451028,0.5069646043094455
143,0.4874620181100973,0.5064762566911092
144,0.4872270565091169,0.5066240863216543
145,0.4871174468744468,0.5064000698159205
146,0.4870177985933235,0.50645644342731
147,0.4868313039251802,0.5061680854031051
148,0.4865129496525779,0.5060069984895644
149,0.4862132001521761,0.5059829983521966
150,0.4860355918345187,0.5061925190499884
151,0.4858537387429785,0.5060748315910301
152,0.4856098143560224,0.5058405138139643
153,0.48548008635504003,0.5058972213586436
154,0.48523870334782093,0.5055888295792464
155,0.48509056376115905,0.5056268177175707
156,0.4849599639788179,0.5054349533260561
157,0.48463760921576887,0.5051814585280577
158,0.4844212439102002,0.505054757287798
159,0.484200155552258,0.5053135442505214
160,0.4839447639358631,0.5051983323769184
161,0.4837772706946397,0.504989099180365
162,0.483614379036264,0.5046243559061688
163,0.48343970032010725,0.5044771151313948
164,0.48313065128636073,0.5045015098772538
165,0.482851332841505,0.5041788305018762
166,0.4826472908653451,0.5041349919003374
167,0.4825367037333746,0.5042071477288291
168,0.48231382646669085,0.5044395314325328
169,0.48211850423122427,0.5043408162541201
170,0.48190745974169963,0.5041675465253666
171,0.48162056496243094,0.5040535831458842
172,0.4814116075296669,0.5044566065935234
173,0.4810360218253882,0.5042013583327349
174,0.4808531690663261,0.5038931263922193
175,0.4806824071566932,0.5037536324638201
176,0.4804647091135655,0.5035377935849848
177,0.4802959289377017,0.5030761937613899
178,0.4801007011974414,0.5029768147490349
179,0.4798126875176399,0.5027678404250909
180,0.4796166926197468,0.5026738385536841
181,0.4793761108825571,0.5023361078978146
182,0.47911120337616664,0.50193882036587
183,0.47886281581502715,0.5018195935823064
184,0.47872890664804996,0.5017458423765857
185,0.4784897118657291,0.5015589044257124
186,0.4782872630473008,0.5012802713502154
187,0.4780712257029029,0.5012877775172591
188,0.47802054204081795,0.5012543542807714
189,0.47794257598214374,0.5013100244476154
190,0.47777027178530973,0.501172173966304
191,0.4776035620029582,0.5012253366579876
192,0.4773550497415421,0.5014695860032954
193,0.4773052930806125,0.5016046743014887
194,0.4771738130788,0.5014824958627472
195,0.4770715294616216,0.501216808952812
196,0.4768558594265154,0.5014467102393987
197,0.4766818655439233,0.501473860375806
198,0.47643765221181783,0.5011725233040609
199,0.4763509840085682,0.5008383708039622
200,0.476214641160079,0.5008801013697455
201,0.4761787880112026,0.5008370700629545
202,0.4761046560575045,0.5010010600770728
203,0.47590454629800827,0.5007017150991581
204,0.47578112680283463,0.5007100461065307
205,0.475575996349346,0.5004549768040677
206,0.4754500891311983,0.5004606106620724
207,0.47525253444126214,0.5005203170633792
208,0.47507920010522803,0.5003823580164648
209,0.47494376765240237,0.5001884541378365
210,0.4745208373873939,0.5003438425040985
211,0.47442669329488213,0.5003803037168872
212,0.4743135876573028,0.500384618335322
213,0.4742404298417493,0.5003313203512434
214,0.4740962313646956,0.5002025152357544
215,0.4738642658733021,0.49987647359817394
216,0.47379459821075565,0.49986415908590437
217,0.47368571474675836,0.4998100874130743
218,0.47360986926008103,0.4994373725745765
219,0.4735378755642264,0.4992936457469152
220,0.47342031731518813,0.49923380943487583
221,0.47330733269230274,0.49916630387223704
222,0.47311921845368654,0.49885733608787636
223,0.4729028751569308,0.49875482399293025
224,0.4728209311513855,0.49870262784493524
225,0.472623751126436,0.49868533199452947
226,0.47250153763469305,0.49886685463157404
227,0.4724086876762649,0.4986308107311411
228,0.4723296784233727,0.4984994795243539
229,0.47218990217479706,0.4985693138431044
230,0.4719423912094281,0.49863450965149986
231,0.471772364398479,0.49866442542197237
232,0.47169444817690753,0.4984589368352462
233,0.47147269931942604,0.49840019373089106
234,0.4713602142902514,0.4983520221670601
235,0.471315332378466,0.4982286391744714
236,0.4710883805569538,0.4982683453337596
237,0.47097740481078526,0.4983815310475471
238,0.4708657547406613,0.49865690005916363
239,0.4708285969099317,0.49865277610917225
240,0.47062838997780565,0.49870776548230833
241,0.4705494351072416,0.4991126591638803
242,0.47048969197129276,0.4991485623380836
243,0.47037115708665955,0.4990249290229012
244,0.4702577634337064,0.49868336937092206
245,0.47005224506425386,0.4985132164436321
246,0.4699119949828862,0.49854327199912546
247,0.4696607851946225,0.4981306595614351
248,0.46956836853840556,0.49802667585718274
249,0.46946057099446753,0.4979123641341793
250,0.4693344010237155,0.49776754567888487
251,0.46924536708837267,0.4976919733074515
252,0.4691178990421757,0.49758574952797374
253,0.4690736134357107,0.49784499756034756
254,0.4688366768177256,0.4976320263980202
255,0.4685575459822847,0.4976108287330119
256,0.46849853324096397,0.4975054717827939
257,0.46843563316024817,0.4977737655646579
258,0.46829109949756986,0.49754285658292
259,0.4681903915010508,0.49746605950476785
260,0.468067516198388,0.4972963254086071
261,0.4679847025103116,0.4974049091120462
262,0.4678457894327443,0.4972234329689348
263,0.46756507824964055,0.49680400610894193
264,0.46739490946975526,0.4967020875418503
265,0.46726688776775815,0.496802472832261
266,0.46710697788351185,0.4966055286773878
267,0.466989315591406,0.49653634761077486
268,0.46694570598383317,0.4965359630189003
269,0.4667928107309744,0.4965118331894493
270,0.4666294824524864,0.4964919778892764
271,0.466616312028471,0.49667233771593994
272,0.4664405275230087,0.4964623060840639
273,0.46635830952530133,0.4962169491765342
274,0.46628986526299204,0.49619241950957155
275,0.46601580759275246,0.4961117451715542
276,0.4657934818221906,0.49590521597675774
277,0.46567258241783377,0.49594517734524685
278,0.46553211441936004,0.49587628988967847
279,0.46543452664972557,0.49590074012503604
280,0.46524042932931353,0.495761360665773
281,0.46503976149461823,0.49555559477594535
282,0.4649337984978377,0.495325020461829
283,0.46489765214298545,0.495181925431851
284,0.46485769362854107,0.49525120039599413
285,0.4646846453539598,0.49524502888123856
286,0.46456143129405547,0.49517206982570233
287,0.4644794986327514,0.4950376089006365
288,0.4643825540114875,0.49475173686207136
289,0.4642939191586972,0.49461588297959247
290,0.46426593822376555,0.4945049731293951
291,0.46420815052642,0.4947209688602789
292,0.4641248645195954,0.49477619004300727
293,0.46388608652269125,0.4946409091724708
294,0.46380405824405585,0.4945333219367437
295,0.46373025167079546,0.49433198154121144
296,0.4635965489098598,0.4940704251510624
297,0.46348070110383127,0.49428723998994856
298,0.46341173087606663,0.4942146495318789
299,0.46328504908580337,0.494155519125222
300,0.4631232860653351,0.49401812659265065
301,0.4629968999774667,0.4938057216600095
302,0.46285487608576725,0.4938326896511736
303,0.46275670014518794,0.4941127173115777
304,0.46268387074744205,0.49404283909174557
305,0.4625868667525591,0.4939646969177035
306,0.46249829562884215,0.4937753650779575
307,0.46241994082034543,0.49387231071872567
308,0.46228982474224833,0.49382015240738625
309,0.46211662374649315,0.4937410370765433
310,0.46203716188655797,0.49374786060579856
311,0.46192904769526516,0.49377220327185173
312,0.4617599013554405,0.49378610560969594
313,0.4616587977894558,0.49362739957539015
314,0.46160393797226273,0.4936200595282406
315,0.4615023772447274,0.4936078753289359
316,0.4613427813822385,0.4935471979614475
317,0.4612599846789384,0.49351742459772563
318,0.46121282327986207,0.4933758930180424
319,0.46110956815271487,0.4933850717537955
320,0.4610716022065287,0.49343261082067774
321,0.46098164290990085,0.49364911332305683
322,0.460862778178246,0.4935142257202371
323,0.4607655711168813,0.49354476560162974
324,0.46066147738094065,0.49364425284542546
325,0.46057388293613594,0.49358138438739124
326,0.4604809048574249,0.49352958393597757
327,0.4604051412082693,0.49344092220014346
328,0.4603104002591726,0.4933027976593735
329,0.4601894311727038,0.4931459198061249
330,0.46008925382867827,0.49345350482398986
331,0.4598581714110587,0.4936201814737414
332,0.45975493434826914,0.49367307869517396
333,0.4596823672526789,0.4936138088129057
334,0.45960604944441713,0.49344231773081215
335,0.45949079600087517,0.49375122584245795
336,0.4594821488595096,0.49375079318381854
337,0.45932888653225257,0.4939697604803812
338,0.45929393413655073,0.49383871573934196
339,0.45928882071794785,0.49380430950373744
340,0.4592096534106934,0.4937721225304131
341,0.4591514236478863,0.4937539616020052
342,0.45899446455917525,0.4937581838152948
343,0.45894693866978553,0.4939132244094117
344,0.4588100108063284,0.49371868820916676
345,0.4587357868401773,0.4936668162088705
346,0.45858384082728126,0.49350129815018584
347,0.4585778884061613,0.4935150829866809
348,0.4584272715844758,0.49341813992948197
349,0.4583434381255115,0.493329249493621
350,0.45824030354997536,0.4933051930323804
351,0.45814721691468574,0.4931956794894695
352,0.4580849394048043,0.49307305789795
353,0.45801040903120566,0.49300546900927195
354,0.4579286036220331,0.4927788913252032
355,0.45781112282824676,0.492743788963619
356,0.45770388126300066,0.492760221788439
357,0.4576052298590413,0.4925760038956125
358,0.4575413974854943,0.49250769967281344
359,0.4574201854352209,0.49224695849210715
360,0.45739344131549076,0.49227217639201337
361,0.4572643012273541,0.49228543438355654
362,0.4571600792986771,0.4923418339286185
363,0.45714051612644585,0.49240142056988684
364,0.4569153245149133,0.49225088207985573
365,0.45683649670258414,0.4920415688720702
366,0.45679234892618764,0.49193441729109777
367,0.4566880766037286,0.4918550737779732
368,0.4566689691414019,0.4920819226646196
369,0.456476472955556,0.4919995290865649
370,0.45636801885189293,0.49193854192282144
371,0.4563082113151943,0.49215871403004113
372,0.45624691586356697,0.49204771946249315
373,0.45616731102370006,0.49185991233909876
374,0.4560085826701405,0.49161800335585276
375,0.4559332847562727,0.4915803677535483
376,0.4558358715013276,0.49149873523002413
377,0.45581013589333186,0.4913956912096223
378,0.45571318095738683,0.4913562874104477
379,0.4556240422897668,0.4914091384917052
380,0.4555495026661135,0.4914283555708537
381,0.4554265668089187,0.4914947004363782
382,0.4552375543836797,0.49156486412359696
383,0.45518191070306185,0.49142058966175994
384,0.45512510591407296,0.4914240865294686
385,0.45506318507856325,0.49139894179046845
386,0.45490946117525555,0.49135294939769825
387,0.4548092337437634,0.4913209915080686
388,0.45477220165086363,0.49159387261570653
389,0.4547530755904479,0.49136371754113983
390,0.4546697466584708,0.4912576539656467
391,0.45457872396911536,0.49127897007570315
392,0.45449446085974543,0.4911483489193542
393,0.45431986738255214,0.4908327730589135
394,0.4542511454788537,0.49085903174222206
395,0.45419535193368504,0.490798666036728
396,0.45409698762770034,0.49074906791051887
397,0.45388635963945134,0.4907412010741112
398,0.45382163360104344,0.4906276148813029
399,0.45369219246597864,0.49051628322036295
400,0.45365820040411686,0.4906364903699685
401,0.45361882204407517,0.49090028525322904
402,0.45352326407471666,0.49068833419440494
403,0.45349518387425786,0.4907421776292596
404,0.4534120985811137,0.4906737796306313
405,0.45332400568612413,0.4905468219290936
406,0.4531718180251874,0.4905051503264462
407,0.4530634077968218,0.49055270848080007
408,0.4530316400238553,0.49054098482721237
409,0.45296567346919264,0.49035174694584716
410,0.45291777459001076,0.4904329609105225
411,0.4528872345936209,0.4906259423734441
412,0.45273362675342393,0.49058091733398396
413,0.45263971760997945,0.49072009121951704
414,0.45253431421662305,0.4906226101218994
415,0.4524457239092597,0.49065945305318004
416,0.4523513981186014,0.49051838879734444
417,0.45223521702233926,0.49050554981535655
418,0.45212966798013643,0.4902306866686655
419,0.4521044685014401,0.4901251000850353
420,0.4520564202865398,0.4902433956553489
421,0.4519138145404904,0.490329103421622
422,0.4518195798319939,0.4900586408401034
423,0.45175740860221064,0.48999840405316875
424,0.45164256423179594,0.4898767145567162
425,0.4516243340093271,0.48998259155003404
426,0.45149874851878025,0.4898088793945834
427,0.45143772556538286,0.48967467865918
428,0.4513815120679913,0.4895615012128141
429,0.45123609655396446,0.4895449135646405
430,0.4511705652830229,0.48945592117216336
431,0.4510384659390641,0.48930281276916743
432,0.45090358498236033,0.48920249706288904
433,0.45087416478379083,0.4890977279999905
434,0.45073493163318995,0.4890773901014546
435,0.45064467397582403,0.48890185762291666
436,0.450582084557452,0.4890779886737152
437,0.4505290072813531,0.48931295581673534
438,0.4504587230855828,0.4890664409483027
439,0.45042122932509876,0.4891152980800301
440,0.4503805781959567,0.48902292941735104
441,0.4503571015789358,0.48896573182888503
442,0.45026957432343395,0.4888738612835177
443,0.4502121711119902,0.4887713473878083
444,0.45018788567895807,0.48873409814101254
445,0.4500939770370148,0.4887670988953391
446,0.4500941191557568,0.4886313567798201
447,0.45000295371930027,0.48842036949959505
448,0.4498906741586564,0.48844404034790967
449,0.44987879979067324,0.4884617898699849
450,0.44971550637438423,0.48793298633127646
451,0.4496055344975185,0.48786726044975676
452,0.4495374317178327,0.4879170362615869
453,0.44943590919747084,0.4878561817293168
454,0.4493045505788074,0.4879588677392136
455,0.4492493323468142,0.4880331352276775
456,0.44914545745827084,0.4881379598976502
457,0.44905310687954525,0.48815749290039306
458,0.4490265793237703,0.48812757816644237
459,0.4489791477037179,0.4880541557774096
460,0.44889846604352496,0.48794980426365353
461,0.4488687083503625,0.4881189837577368
462,0.44876857864044417,0.4878365085609794
463,0.44869722685944763,0.487740733871156
464,0.4486841657428444,0.4877741700419919
465,0.4485700977765073,0.48775404155902063
466,0.448480200521124,0.4877468398571064
467,0.4484490131459623,0.4876004559300419
468,0.44839767030293814,0.48757416880581267
469,0.44830193496432985,0.48745158505301145
470,0.4482083833577361,0.4874831108595033
471,0.44813845201874003,0.4872429705980922
472,0.4481235538980102,0.4874072164794222
473,0.44804978317216015,0.4874473758968024
474,0.44795964944773536,0.48749399998927634
475,0.4478757552632903,0.48723760307049696
476,0.4477908487386841,0.4870298568144903
477,0.4477456732803145,0.4871751365632413
478,0.4477406710647727,0.4872571491499164
479,0.4476282797846118,0.48714554260855136
480,0.4476042325852866,0.487027799797266
481,0.4475479771188179,0.4871927035512487
482,0.4474786411203003,0.48735447500544626
483,0.4473728951946487,0.4874342303126968
484,0.44733636183839537,0.4874543180845983
485,0.4472275377178497,0.48737936559755146
486,0.4471756877124429,0.4871991979183087
487,0.4471255247308414,0.4873445831839478
488,0.4470413619095969,0.4875619482292339
489,0.44687074937358506,0.4876615905676322
490,0.4468448547224059,0.48764690272262523
491,0.44680743955296454,0.48765291486158224
492,0.4468010815354487,0.4874691607065474
493,0.44671479966011873,0.4876747013565776
494,0.44667060275310455,0.4877850531197152
495,0.44660635770309887,0.4876754569407482
496,0.4464777451269494,0.48757923794611213
497,0.4464138178930928,0.48754258685903096
498,0.44631636476892966,0.48760526170304347
499,0.4462973636854543,0.48765208705195356
500,0.4462225525882322,0.48762335476866725
501,0.44611958371540317,0.48752410644056854
502,0.44607922524251953,0.487457469403785
503,0.44604681085295983,0.4876060139177448
504,0.4460258336489193,0.48767060688299724
505,0.44592746360906105,0.48743399987791397
506,0.4458913559608207,0.48746174333384
507,0.4457601247845756,0.48724164578399454
508,0.4457182437075758,0.4873994862782467
509,0.445671490377335,0.4874132821936643
510,0.44560874455169064,0.48715486908114924
511,0.44556083580621353,0.486873148356751
512,0.4454609474800486,0.48698053041891765
513,0.44541020514361007,0.4870953717973426
514,0.4453253837499318,0.4869799972743885
515,0.4452262294284302,0.4870947990690256
516,0.44509318910625784,0.48715990675862875
517,0.44507680152819296,0.4870225603373542
518,0.4449974852258284,0.4870197985853468
519,0.4449296338612096,0.48685719751972595
520,0.4448826573915462,0.48670502980409863
521,0.44485130949216095,0.4869275538236365
522,0.44475273676665245,0.4868646477775056
523,0.44471898229673074,0.48692417058347004
524,0.4446413998643157,0.48695461478100827
525,0.4445730663239358,0.48679052090018593
526,0.444520447124724,0.48668214981985647
527,0.44443828603593116,0.48667842877259354
528,0.4443484205406588,0.48643189478162285
529,0.4442477025344848,0.48641677606120653
530,0.444188628842588,0.48645428701067717
531,0.44402693469022686,0.486499829004299
532,0.44395469663229464,0.486595238101022
533,0.4439266506950696,0.4867065887720812
534,0.443872243600948,0.4866540000886385
535,0.4438190382409218,0.48661571800717024
536,0.44377612433337493,0.48665061649574526
537,0.44368490544024025,0.4865500366290493
538,0.44368790415608644,0.4866300550158469
539,0.4435792594009975,0.48661032134557713
540,0.4434361957343128,0.48652032305046106
541,0.44340042319125056,0.4865553196125632
542,0.4433633035501612,0.4865785119446574
543,0.44329001008407115,0.486470394381059
544,0.4432139460668834,0.486350755242307
545,0.443143134589636,0.4862499811829935
546,0.4430416389435513,0.48591842336821495
547,0.4430163689630657,0.485804375966522
548,0.44300296771131736,0.48578674022256835
549,0.44294018652532474,0.48581487807555584
550,0.4428863817480922,0.4858487414274517
551,0.4428545612741802,0.4858279084211271
552,0.442819023506916,0.48578362699169025
553,0.44280755088421186,0.48565660757842916
554,0.4427849906679771,0.48590187169198906
555,0.44264724928316385,0.4858842008341834
556,0.442599825825076,0.4859172274417358
557,0.44257174957680784,0.4860690198127069
558,0.44256032890215274,0.48608063169211513
559,0.4424809029883811,0.48594477827787597
560,0.4424401006203945,0.485726363263851
561,0.4424041491710908,0.48547587964007194
562,0.442350908969235,0.48543772624613735
563,0.4423115690571905,0.4853960952111999
564,0.44227116011265677,0.4852783346810643
565,0.44221298270064674,0.4854317121651201
566,0.44217635086244583,0.48552612285619623
567,0.4421129179159272,0.4854528827722682
568,0.4420655750154372,0.48542409306051726
569,0.4420218153713335,0.48552018037975525
570,0.44200971287676233,0.485545177524239
571,0.441934228163359,0.4855116214438167
572,0.4419062538892402,0.48562650168613675
573,0.44186618187926824,0.4854610930810603
574,0.44180604544749785,0.4855104208411288
575,0.4417141943015901,0.4854397512528868
576,0.4416825655264551,0.48535888946634753
577,0.44164737166268575,0.485312884709574
578,0.44157882387324926,0.4854041301353462
579,0.44153067629767845,0.48538618821007173
580,0.4414739920507605,0.4852853408898098
581,0.44144795710145646,0.4853196428750424
582,0.44140559008937014,0.4854691215684578
583,0.44131364557399094,0.48565711514510684
584,0.44120710729729645,0.4856346454203195
585,0.4410815792027263,0.4857071445933064
586,0.44098372556215537,0.48535469201922515
587,0.44094258501062406,0.4853933702706713
588,0.4408803082835486,0.48531671417804884
589,0.44080974722739025,0.48526159079347303
590,0.4407901952648071,0.4852373981177972
591,0.44074968788679997,0.4852670661564648
592,0.4407578390811035,0.48533502561148517
593,0.44071013360734973,0.4852894540506921
594,0.4406743592593988,0.4853902979561046
595,0.44064090176895965,0.4855698131546708
596,0.44058555493503604,0.48536224974626685
597,0.44053102529464355,0.4853963008581569
598,0.4404984751967909,0.48541672532946895
599,0.4404297919785614,0.4854213631983149
600,0.44036595740279233,0.4855166826209472
601,0.4402989766760064,0.4856244440469994
602,0.4402824702096643,0.4856707086417399
603,0.44023358414092967,0.48563600108048083
604,0.4402305356091237,0.48547699828534197
605,0.4401935003762332,0.48534590201937117
606,0.44014232602137515,0.4851541682110392
607,0.44012599057133245,0.4851792019132859
608,0.44007897225145665,0.4849883881732739
609,0.44000427157964644,0.48499467668297847
610,0.4398524248951908,0.4847773781988939
611,0.4397562411126442,0.48480757372608513
612,0.43963627859920157,0.4851115829613501
613,0.43956261935281843,0.48508459452956354
614,0.4395089280711134,0.4850450007601797
615,0.43950512932983754,0.48508735002737374
616,0.4394006623509046,0.4849552257339226
617,0.439356569244845,0.48493860764088625
618,0.43930447140888024,0.4847253666167557
619,0.4393055625564129,0.48452583628841744
620,0.43925746425301465,0.48470040028326933
621,0.4392642531995708,0.4844773925937803
622,0.4392096619000545,0.48446344285543314
623,0.43917504197748736,0.4842693156966009
624,0.4391249950510034,0.48422658649930195
625,0.43905485414715273,0.4842701333462532
626,0.43897035848715465,0.4841705585870137
627,0.4389637935430158,0.4842686027263684
628,0.4389362262187016,0.4843491807658378
629,0.4389380597976652,0.4844238678960837
630,0.43894070802088353,0.4844028540316594
631,0.43888448836263333,0.4845960573442817
632,0.4388293333912159,0.4847450386526544
633,0.43878764340706616,0.4848523956330561
634,0.43874143769630414,0.48491164822758465
635,0.43861859339415193,0.4849880890836186
636,0.43857115953474834,0.4851000237475631
637,0.4385223428706885,0.4851474064615775
638,0.4385023024353453,0.48525066766475355
639,0.43846849112277425,0.48522212763511857
640,0.43838489688582233,0.485283595537674
641,0.4383348752424773,0.4851582640975895
642,0.43823165951605064,0.48542138398238194
643,0.43814986156854585,0.48546029514182415
644,0.4380999375085717,0.48518107832715757
645,0.43803897672069825,0.4852810542492128
646,0.43797620780872243,0.48533835826423083
647,0.4379423856412928,0.4852344183249199
648,0.4378954178436039,0.48505037742876267
649,0.4378711022931674,0.48512974500156947
650,0.43779608732680375,0.4851936470461413
651,0.4377649756084513,0.48521203218091896
652,0.43771148093585194,0.4852038829340904
653,0.437672921845479,0.4851072429249255
654,0.4376259280689956,0.48509579986036816
655,0.43754771059319164,0.48503001588309064
656,0.4373523501691162,0.48486322663922443
657,0.43728975870116416,0.48484843306074277
658,0.43720075287593163,0.48480377245306605
659,0.43716199217201235,0.48460766796955007
660,0.43712061593424556,0.4842373064986264
661,0.43702040841402784,0.484193664160686
662,0.436877545395274,0.4839491664987895
663,0.4368396112115194,0.48369263821299024
664,0.4367870430383163,0.4836394039713927
665,0.43676828957938385,0.48367650634562753
666,0.4367228009251224,0.4838736337255831
667,0.4366954567121261,0.48387346724161706
668,0.43667953144599075,0.4838885620426168
669,0.4366425111366937,0.484039965469353
670,0.4365840552814082,0.48402391885049384
671,0.4364697803080016,0.4842185775954627
672,0.4364014060725381,0.4841901815206572
673,0.43636270732993254,0.48426127916455664
674,0.43633465954063383,0.4843264307335828
675,0.4361875324225381,0.48411486348279587
676,0.43614746249798614,0.4840406554504602
677,0.43606894823943254,0.4841474902528366
678,0.43596441710212064,0.48407915219817216
679,0.43590198476785424,0.48414008318346535
680,0.43585315581095524,0.48445012028600326
681,0.43575688323794,0.4843652738889438
682,0.4356945139711263,0.4843468418889416
683,0.4356191722642123,0.48426429258199494
684,0.4355542876864428,0.4841878983766616
685,0.43551539019026597,0.4842486436956316
686,0.4354433670780773,0.48454067406604523
687,0.4353898744911558,0.4845060961453011
688,0.4353475039572159,0.4845161649799707
689,0.4352652057358151,0.48459317722664125
690,0.435245631082429,0.4845734554779193
691,0.4351507496658057,0.48458724046086815
692,0.43512766661327684,0.484608346372554
693,0.4350800325873319,0.4844220770700347
694,0.4350281684439741,0.4844453995975182
695,0.4349961284865705,0.4843870524455229
696,0.43494861504936577,0.48436243256815975
697,0.4348501553354168,0.48443469687252577
698,0.4347545070935181,0.48448091221752587
699,0.4347385660982933,0.48446669057527286
700,0.4346889996726338,0.4844717143159174
701,0.43470514136477933,0.48431541338760986
702,0.43466316854812265,0.48445272635862413
703,0.43464713405399014,0.48445795865467484
704,0.43462130396728993,0.48434408699963677
705,0.43444131434779587,0.48437859895633967
706,0.4344145723305032,0.48429200382633003
707,0.4343465821098656,0.48429071616509295
708,0.4342971327859013,0.4841393226023314
709,0.43423865310479565,0.4843324299350975
710,0.4341686994091588,0.4842760195761738
711,0.43415607108965576,0.48432604683684816
712,0.4340539266397106,0.48467305258786925
713,0.43404224262096336,0.48475664993077683
714,0.43398325165949253,0.4849704255000301
