0,0.6459341957917013,0.6462134361330096
1,0.6388259232359338,0.6397116353093444
2,0.6322548147660224,0.6335161663828138
3,0.6264897142331373,0.627757436030763
4,0.6201619586158674,0.6216139566255674
5,0.6152826678318036,0.6169110345664034
6,0.6105455712228423,0.6126886711438161
7,0.6062324333137348,0.6085267917235356
8,0.6017832485592116,0.6042593706233809
9,0.5977238880289695,0.600304277357793
10,0.5933552902746289,0.5965148735374023
11,0.5901087460664729,0.5937486363074744
12,0.5864521731405135,0.5897923384736002
13,0.5832676286975322,0.5867180302896661
14,0.5805152707548328,0.5845500784463409
15,0.5776864199286379,0.5817025287458811
16,0.5750260965796712,0.5790287428092503
17,0.5719461822609028,0.5765394214028788
18,0.5700422781478971,0.5749878462474896
19,0.567636730071101,0.57213939164015
20,0.5654611899806745,0.5699474039875427
21,0.5630969698943381,0.5676132092453209
22,0.5611121560802165,0.5654154386347746
23,0.5594676496914509,0.5634591440034216
24,0.557100890215635,0.5613418900531896
25,0.5549170844829999,0.5591969105078353
26,0.5530926987091574,0.5571965578053517
27,0.551371518877994,0.5555800475951985
28,0.5494303443808105,0.553983259103389
29,0.547840304198071,0.5526214979478723
30,0.5463803446532367,0.5507729871328487
31,0.5450179709538624,0.5494103346799695
32,0.5432887877692881,0.5476028606547614
33,0.5416523203974579,0.5459733618931337
34,0.5402836390913022,0.544510652395812
35,0.5392262910566821,0.5432455093928674
36,0.5380325428875641,0.5420532982410513
37,0.5371531631729605,0.5412471328426869
38,0.5356481317514438,0.5398917372316815
39,0.5347523501577625,0.5392543972483649
40,0.5329718340642232,0.5380114385145411
41,0.532118671615304,0.5370929218025339
42,0.5311934464162316,0.5358897701504367
43,0.5300992991506439,0.5348297583203109
44,0.5292396677503849,0.5337944996344363
45,0.5281881082102857,0.5327375156541078
46,0.5269697311671834,0.5315561150899649
47,0.5259863625824877,0.5304751159430307
48,0.5251711797015458,0.5293126724518631
49,0.5244713324837794,0.5287446129523674
50,0.5234760311866702,0.5275883765430456
51,0.5226461965961964,0.5267847495716672
52,0.5220875931918983,0.5263789850848296
53,0.5211923776788747,0.5254354918765467
54,0.5204590216452345,0.5246550905858866
55,0.5197719333251727,0.5240675979559694
56,0.5190532901497893,0.5235403575727728
57,0.518286895965052,0.5228487365026555
58,0.517420466293064,0.5224162816654804
59,0.5168814752177054,0.5222379424418254
60,0.5162058634151235,0.5213864799313263
61,0.515618482250607,0.5207596968536523
62,0.5151020846955681,0.5202729340335531
63,0.5141892375795261,0.5192934623732375
64,0.5136371374055408,0.5188812255922381
65,0.5128691106495042,0.5182886289523218
66,0.5120764104085658,0.5176249079989076
67,0.5114630086890548,0.5169268180842631
68,0.5108468573291308,0.5163110069316235
69,0.5104247147097747,0.5158509590030976
70,0.5099149859620408,0.5156448706275691
71,0.509522626434972,0.5151913706095098
72,0.509054735670235,0.5150355178839182
73,0.5086282406946654,0.5145546717620425
74,0.5078178230134419,0.5135534960367022
75,0.5073344335925034,0.5132365418877649
76,0.5068539905177438,0.5128146348714072
77,0.5063462434462098,0.5125153876140115
78,0.5056559683219831,0.5122113193032858
79,0.5052953620694584,0.5119164545033875
80,0.504800852201042,0.5116266291155371
81,0.5042740027871975,0.5112341384956688
82,0.5036899841161843,0.5106184848251479
83,0.5031984938648826,0.5100406645885797
84,0.5026921781546582,0.5096560048715194
85,0.502256807057025,0.5091944573876344
86,0.5014810922895117,0.5085736503568625
87,0.5010228310722761,0.5080561050692333
88,0.5005965456927843,0.5076158572004096
89,0.5002178397199999,0.5071394254136476
90,0.49984954713104957,0.5069868466393515
91,0.4995087309431028,0.506724478818681
92,0.4990028009535521,0.5066836111672837
93,0.49853870851567994,0.5060731860086416
94,0.49825454602954,0.5056162560102677
95,0.49777764446802975,0.5055260797115889
96,0.4973475940096183,0.505139198544067
97,0.49701309731924875,0.505185335453198
98,0.49664336010348914,0.5048004295913223
99,0.4962337866746541,0.5043024061204389
100,0.495725092519702,0.5037505481211
101,0.49541078786681547,0.5034684705809861
102,0.49514308514700284,0.5031596394314827
103,0.4947426395262797,0.5026117444440061
104,0.4943832833533592,0.502002867466394
105,0.49408204914785836,0.5018336647692241
106,0.4938057844110765,0.5017162188257526
107,0.49338406841771615,0.5013285840154639
108,0.49321362759869725,0.5012681534194858
109,0.4929102578752103,0.500687823073651
110,0.4926032196920431,0.5003454674618125
111,0.4924421474611337,0.5001672682948962
112,0.492134568953314,0.4998706689470666
113,0.4916813555546548,0.4996077456407202
114,0.4914678009879312,0.4994174995938076
115,0.4910595533823308,0.4990404702990806
116,0.4908042740989639,0.49882020253538456
117,0.49054309516306155,0.4984646729699653
118,0.49023359372892805,0.49831134743641975
119,0.4900427770599262,0.4983418853421859
120,0.48975483854942586,0.4982604624282167
121,0.48948621691974925,0.4978633025153117
122,0.4892204332798365,0.4975912072685947
123,0.48895695634400943,0.49765437089269055
124,0.48867492142994823,0.49735481067153037
125,0.48838804423722393,0.49730148037253674
126,0.48808550778328347,0.49716679355716353
127,0.48781043013492303,0.49709520112510464
128,0.4875313148430312,0.49706863092522413
129,0.48731748815581594,0.4968738823727435
130,0.4870873343897676,0.4966695369762737
131,0.48671566255286264,0.4963051980325901
132,0.4865281759369099,0.4963890762869702
133,0.4862703885828932,0.49579477395240146
134,0.48600566054234234,0.4956599720980161
135,0.48575237844392416,0.4955658764474047
136,0.4853249737264664,0.49517858128435516
137,0.4851753649366082,0.49512612617261564
138,0.4849156962292569,0.4949012861427621
139,0.48469317482280694,0.49462990309594174
140,0.48434443998724386,0.49425800165937267
141,0.48404051472380966,0.4942011223637339
142,0.483845559690574,0.4941260450171114
143,0.4836337446995097,0.4938457364582675
144,0.483432046473302,0.49345009858241545
145,0.48325001010181345,0.49317221091883
146,0.48310018390783427,0.49308735610676996
147,0.4828882978920375,0.4929897616839875
148,0.482578443171776,0.49293257076742153
149,0.4821546012208264,0.49267131145886023
150,0.4819482676975356,0.4924225653275595
151,0.4816594692491174,0.4923677508725172
152,0.4814061287666459,0.4920167699239628
153,0.481135962226192,0.491878128051364
154,0.4807108123310377,0.4917412356219508
155,0.48054968075447146,0.49132989392464244
156,0.48029332951955966,0.4911017581706288
157,0.48008860041666307,0.4908731133651469
158,0.4798437531908495,0.4907850390398603
159,0.47967184941990176,0.4905801101215578
160,0.47951424160064793,0.49060638848274757
161,0.47922482286332985,0.4903339693937096
162,0.47891125476129104,0.4901074818995078
163,0.47875986295817957,0.48980692337143056
164,0.478641987025655,0.48959630529492715
165,0.4785422657562522,0.48949321183567
166,0.4782259814769124,0.48960132635617926
167,0.4781643082891196,0.4896186221229507
168,0.47802832481746016,0.48964839361915186
169,0.47776298036051906,0.4892562829296697
170,0.47749008499076057,0.4890628833792332
171,0.4773509647567224,0.48920172347783664
172,0.4771772638079495,0.48902365270545256
173,0.4770217576309617,0.4888860741905852
174,0.47670235365684344,0.4885512606376668
175,0.4765051543356138,0.4884032307204497
176,0.4763858083989092,0.4883176336639874
177,0.4762371397761127,0.48823128769816104
178,0.4760143996986674,0.4878635639718578
179,0.47586982371297865,0.48764172022134444
180,0.47569878526059545,0.4872626574300466
181,0.4755033775154691,0.4872017670186516
182,0.4753700171568006,0.48711022464302517
183,0.47514063777697957,0.48713017881987714
184,0.47505740483298586,0.4868723605198286
185,0.4748294231957728,0.48676270665502447
186,0.47460125452939034,0.4863787941323558
187,0.47435234104827967,0.48634187672405366
188,0.4741571137970626,0.48622003847823714
189,0.47400125680959576,0.4860737089237029
190,0.4736852089975629,0.48621453505292944
191,0.4733838765445467,0.48587162062588757
192,0.4730988510293744,0.48539683205443757
193,0.4729462695878443,0.48515599163497225
194,0.47282041658278323,0.48509787701377466
195,0.47254587963475553,0.4853443852438735
196,0.47238861865450427,0.4850761457060879
197,0.4722503568797894,0.48507353091458877
198,0.47211735424303264,0.48508676797167316
199,0.4719826049837814,0.4850078611546068
200,0.4717465683757794,0.4850017545354921
201,0.4715519338868856,0.4851476796262801
202,0.4713823410632897,0.48494377244956965
203,0.47124460073320396,0.48470770107310496
204,0.47113792974961727,0.4845948767007563
205,0.4710033796594717,0.4845267887311903
206,0.4709401595825489,0.48455162585592865
207,0.47086646966340756,0.4846461849566746
208,0.4707511975768458,0.48453416701910296
209,0.4705244625293008,0.48455795025094617
210,0.47044792484630915,0.48454928916758894
211,0.4703065527437101,0.48445223235420837
212,0.4702061477067757,0.48434394374529166
213,0.47007761050696145,0.48417720571357215
214,0.4698958576218913,0.4841163513303811
215,0.46976946821047805,0.4841139230022628
216,0.4695441232269919,0.4837740563982448
217,0.469377211310578,0.4837429994288005
218,0.4691503952160584,0.4835523903216324
219,0.4690026489103436,0.483489918309888
220,0.4688267097883507,0.48329070042109956
221,0.4687379224306135,0.48325789774557376
222,0.4686150046716859,0.48332593435850824
223,0.46851826768034655,0.4834225599636298
224,0.46838659908107483,0.4832353235771742
225,0.4682135693083916,0.4829417277013304
226,0.4680498200383785,0.4827912622220011
227,0.46782498555309615,0.482644037128944
228,0.4677332199424576,0.48239710653716616
229,0.4674721422806843,0.48206362779986656
230,0.4673548804316891,0.4820709438978775
231,0.46725248079328446,0.4822218658670342
232,0.4671360185591909,0.4820416259813668
233,0.4670442592331949,0.4820335003592657
234,0.4668705405924935,0.4820113008837934
235,0.4666336280410209,0.48192211371466487
236,0.46647932436075945,0.4818828720008722
237,0.4664054551225095,0.481712950364023
238,0.46627482879456866,0.4814957889470313
239,0.46620834443226805,0.4814403872291142
240,0.4661459728032587,0.4813808439768079
241,0.4659331925636777,0.48147737219276
242,0.4658121279082127,0.48144385034324755
243,0.4656990668026151,0.48155599911293573
244,0.4656546108657063,0.48155992071540044
245,0.4655152508630037,0.48151364250908
246,0.4654432598505383,0.4815598919054387
247,0.4654185260051998,0.48145204392826896
248,0.46520872787675105,0.48131779233194555
249,0.4649507698009419,0.4812159466756071
250,0.4648721033405437,0.48108594016374795
251,0.46457218138652207,0.4807780530603
252,0.46443441616306774,0.4806353098281657
253,0.46423698437751965,0.4805981519515872
254,0.46411072863440667,0.4806420419199774
255,0.4640464400106949,0.48052306966875813
256,0.4639641105111451,0.4805152498512484
257,0.46377218967171185,0.48039797738974177
258,0.4635931365113157,0.4805117352032762
259,0.4632868492547959,0.4801283368553344
260,0.4630895405928987,0.47987113854243374
261,0.46297638564848914,0.4798096163792981
262,0.462927743672395,0.47965653959945254
263,0.46272733538236027,0.4795458009820943
264,0.46261621743958603,0.47955344079444323
265,0.4625276014772068,0.4795602287971129
266,0.4622810191706024,0.4792395231154517
267,0.46211822028191846,0.4790087225699273
268,0.4619947242733468,0.4786416183011193
269,0.4619133201234009,0.47847720204279554
270,0.46177480229726314,0.47838233738948627
271,0.46162716949965676,0.47828015193429796
272,0.4615552097956812,0.4780939723685951
273,0.4614747859800528,0.4780996626530465
274,0.46122738683092557,0.4780755097530861
275,0.46108463073965184,0.4779554933061465
276,0.4610165789779527,0.47785689083398586
277,0.4608596811642683,0.47780118034030244
278,0.4606740384453973,0.4776702100257478
279,0.4605593131394762,0.4775208626828505
280,0.46045051457642516,0.47733880482007596
281,0.460360006594446,0.47713874400166073
282,0.46021494771787924,0.47700650869902167
283,0.4601703737381114,0.47714071189216783
284,0.46005607325413334,0.4771962174574744
285,0.4599280948114283,0.4771877594615075
286,0.45982640859713525,0.4769758011094328
287,0.45971361568979,0.47691856579457353
288,0.459553446355314,0.4767858265046558
289,0.45945182096871895,0.4768221667764933
290,0.45937231060943684,0.47673168316696146
291,0.45925103828700925,0.4763176617060983
292,0.4591650250918047,0.47621714745512345
293,0.45907103844349373,0.47615526564789434
294,0.458967183368734,0.47584646839813877
295,0.4588543115518032,0.47588702405253563
296,0.45876731771307117,0.4757319776475209
297,0.4586093429586314,0.47559302436073664
298,0.45843000045356896,0.475689497291963
299,0.45826785381663787,0.4759099561244596
300,0.4581607838719886,0.4760317824383209
301,0.458049600235399,0.4761922653079285
302,0.4579366410189037,0.4760998705181492
303,0.4577664512163065,0.47586353985793556
304,0.4575587699995796,0.4754157184010832
305,0.4574295732648386,0.47521023548170765
306,0.45731388251837557,0.4751627976055125
307,0.45718213073277075,0.47528973628764865
308,0.4569154280431602,0.47499819140660776
309,0.456854315649914,0.47490842795948524
310,0.45677079252963687,0.4748008972935646
311,0.4566543601185454,0.4746646210157468
312,0.4565326575826959,0.47474788514263216
313,0.4563210905533744,0.4748019210907609
314,0.4561662088568536,0.47487472512820306
315,0.4561601501616014,0.47497599038549443
316,0.45599878677507966,0.4746237022617151
317,0.45595338309004985,0.47442543983112934
318,0.45590047627301433,0.47427622867988356
319,0.45586486189263525,0.47408672146121117
320,0.4558374176233684,0.474016832110982
321,0.4557105359078998,0.4738280141753702
322,0.4556533637925088,0.47387214761865315
323,0.45547715194145194,0.4736936414401671
324,0.45544494910669364,0.4737453763698076
325,0.45538652098599547,0.47374300102468964
326,0.45527053278056745,0.4737313415197533
327,0.45520906319914123,0.47376549445549476
328,0.45506575082197587,0.4735671161589297
329,0.45500533942092813,0.47349543691106755
330,0.4549178540619977,0.473489778785795
331,0.45475803508698753,0.47339205626185676
332,0.45463627118921585,0.47321284726364476
333,0.45460138926413,0.473256515205127
334,0.45457641766048396,0.4732364465464812
335,0.4544279928817191,0.47327323145101174
336,0.454267239123248,0.4729506867518353
337,0.45420838492801113,0.4727810361771106
338,0.4541352214692975,0.4727554226699768
339,0.45406379553157283,0.47259620418397996
340,0.4539053113468852,0.4723968581310286
341,0.4538460398295231,0.47247677327214443
342,0.4537660606203494,0.47225924206299047
343,0.45356694532067426,0.47236012644872827
344,0.4534834591923427,0.47236991417249685
345,0.45337425641436846,0.4721731551810627
346,0.45317232835434224,0.4719801797112155
347,0.4531248509416127,0.47207659540056046
348,0.45304558999066374,0.47198273899746435
349,0.45297547389819387,0.4717456795950568
350,0.4528633871554202,0.47178737514398317
351,0.45278598158417194,0.4718649172033114
352,0.4526720237823416,0.47195897350209837
353,0.452568082371542,0.4717547040330305
354,0.4524679429437192,0.4714419321308649
355,0.4523446046167006,0.4712333300930643
356,0.45222962616681617,0.47105252320423374
357,0.4521719741096123,0.4709694953379369
358,0.45200041149273423,0.4709182593451683
359,0.45189156782811646,0.47092157776957777
360,0.45174251116778746,0.47075449819056353
361,0.4516694089904932,0.4706827465358169
362,0.45151616482543205,0.4707834975002432
363,0.4514519128322645,0.4705283410146234
364,0.45132500313132795,0.4703573908373304
365,0.45103303992989324,0.470305720104956
366,0.4509557578198172,0.47022549052334867
367,0.45088557796338596,0.4702366589131444
368,0.4507710408390321,0.4700905012978875
369,0.45065773564715556,0.47007381831971146
370,0.45058328055678426,0.46995268923271816
371,0.4504426319460834,0.469909908330702
372,0.4504257756721858,0.4699841837209687
373,0.45032865411478623,0.46992988728211277
374,0.45018895271108905,0.4699605845129531
375,0.4499767367702697,0.4698734056493996
376,0.4498761015770129,0.46974756500051684
377,0.4497542645523244,0.46944792090913173
378,0.44960868354968503,0.46914871100604094
379,0.4495222066909945,0.46888281432734547
380,0.44946328606042923,0.4688006606500352
381,0.44926584610814474,0.46859000042183263
382,0.44911698099056385,0.46832646529660826
383,0.4490158874472589,0.4680879304085092
384,0.4489257877614785,0.4677829475872549
385,0.4488560421537079,0.46799660135793003
386,0.44872166440624495,0.4680664567887216
387,0.4486675782074023,0.46803660060812663
388,0.44862339097958237,0.4680323735505626
389,0.44850694447334344,0.46780163796134216
390,0.44844112900818645,0.46790550901095757
391,0.44829718472434593,0.46800364094863134
392,0.44822009357626463,0.4681022901227796
393,0.44800624147302737,0.467773441374932
394,0.4479258750180561,0.4677210711700798
395,0.4478219171514291,0.4676274862553901
396,0.447719562725375,0.4676511956538304
397,0.4476681041393154,0.46776084378105737
398,0.4475594174986872,0.46773213880376824
399,0.44755192063064436,0.4678547226786456
400,0.4474983196432313,0.46796008989108573
401,0.44740547141330544,0.4678899684525144
402,0.44725401932336717,0.4679724057293625
403,0.44713466323689594,0.46783703710021446
404,0.4470636218123014,0.4679416348295282
405,0.4469281887439132,0.46776401022169545
406,0.4468540165781632,0.4676600268256337
407,0.44667719153354024,0.4676447873639758
408,0.4465442378688904,0.467610139328884
409,0.4464955113406219,0.4677144012218991
410,0.4464225697213207,0.4678445833284274
411,0.4462668772352583,0.46785244155265626
412,0.4460938264909534,0.4677050516184569
413,0.4460241890347708,0.4677707373713937
414,0.44585129140477164,0.4678444048226368
415,0.44568325017000116,0.46770177268468427
416,0.44553947085187234,0.46763921728511254
417,0.4454538910340753,0.46766251811450527
418,0.44538334537983854,0.4675914357262752
419,0.44533556410483965,0.4675446589808147
420,0.44525517902366313,0.46755038012197164
421,0.4451260955025918,0.467439944744622
422,0.44501074697372306,0.4672185959900881
423,0.4448987334088267,0.4671684896266265
424,0.44477794365280365,0.46696777359915237
425,0.44469782675584685,0.466881981345945
426,0.4444711153483362,0.4668586606289758
427,0.4444191068178966,0.46685905127547855
428,0.44436422338551185,0.4667108632263828
429,0.44427949837511127,0.46675914213018016
430,0.4442403374309719,0.4668597474745445
431,0.44414703216858675,0.46680181375635793
432,0.4441013923606646,0.4667845848331476
433,0.4440100611072549,0.4667666430238548
434,0.4439005306462762,0.4667820484214019
435,0.44384465210273677,0.4666556821078708
436,0.4438005742328175,0.4665205917856705
437,0.4437016814847669,0.46640972188136387
438,0.44362508613018486,0.46642117559846813
439,0.44356219030147603,0.4663679981673132
440,0.4435220378217911,0.4662115243194629
441,0.44346016970766644,0.46628613468460406
442,0.4433252307614191,0.4660994514171231
443,0.44325872697330027,0.466066622515908
444,0.4431720474090387,0.4657374563583628
445,0.442996725804381,0.4656144537348655
446,0.4429025692178885,0.4655866726915929
447,0.44280537329033165,0.46573380961714916
448,0.44263532009845274,0.4657560062720726
449,0.44253536432778634,0.4657382371276223
450,0.4424119705062024,0.46561023633509685
451,0.4423292503130167,0.46581074526832766
452,0.4421895568793531,0.46599429519256347
453,0.4421336029794342,0.4659273692211786
454,0.4420149981462996,0.46576020804511475
455,0.44195686772336706,0.46565437416229044
456,0.44190699015375984,0.4656745688694413
457,0.44189781431372627,0.46573892023796354
458,0.4417899510242929,0.46552008689217755
459,0.4417493103686036,0.46551411570370765
460,0.4416552984692154,0.4651406586808143
461,0.44163492955848427,0.4651421148479615
462,0.4415990169581785,0.4651661708509947
463,0.4415717673363145,0.4651246060367209
464,0.44145221201131307,0.46521050664625796
465,0.44138348024947055,0.4650040662780514
466,0.44126932286026416,0.46485689323765655
467,0.4411458171007477,0.4649412271243778
468,0.4410390812507775,0.46491640953870833
469,0.44100766828588445,0.4650472816331883
470,0.44099049610702484,0.46496792331270986
471,0.44094486685286094,0.4649137892911947
472,0.44086368589561326,0.464690643683643
473,0.44079107080741103,0.46456746334391186
474,0.4406650253041531,0.46439425264195744
475,0.44052284364146654,0.46420614815752237
476,0.4404891779178031,0.46423479128751044
477,0.44044872515958206,0.4643211180450548
478,0.44038935954958996,0.46421962660239185
479,0.44028271436213684,0.46415717264412887
480,0.4401718382766712,0.464056960543338
481,0.4401282264183623,0.46409085313405596
482,0.44003785463227757,0.4640552974817979
483,0.43995173906667656,0.4640959766122412
484,0.43985072507944223,0.4640239315849766
485,0.4397798725038259,0.4639934604548422
486,0.4396085942460964,0.464121376488153
487,0.43955944127671787,0.4642600612370317
488,0.4395395747333974,0.464199048173604
489,0.4394855752145168,0.46407029494036767
490,0.4393740645874446,0.4640163980930429
491,0.43931260707456066,0.46392528363257396
492,0.4392319848862391,0.46398959993276484
493,0.439155009359529,0.46371067820479167
494,0.4391297050428011,0.46367389729726927
495,0.4390375482892367,0.4634991008680054
496,0.43898874618917577,0.46335592846057316
497,0.43890035109008046,0.4632964839904823
498,0.43883917483267504,0.4631960811447864
499,0.4387444550729845,0.46341356857095
500,0.43870150578754064,0.46345825678714203
501,0.43864490795253275,0.46344086191425965
502,0.438552238250719,0.46335828212339897
503,0.43853502402792577,0.46322795971991776
504,0.4384190538467777,0.46304304871401
505,0.43834243712741455,0.4629160778470983
506,0.43823392885241547,0.46288182237825454
507,0.4381896571280593,0.46289392871719176
508,0.4381259081187527,0.46270981155647
509,0.4380149261983116,0.46259934764481436
510,0.4379527684039688,0.46250820204903065
511,0.43791913195135784,0.4624360394624729
512,0.43789074474764966,0.46232472855329954
513,0.4377757775241043,0.4620414436627455
514,0.43770942299009086,0.46195297548645836
515,0.4376373733299066,0.4618253295238959
516,0.43762740418029356,0.4617828302140531
517,0.4375819503050273,0.4617898024423698
518,0.4375338996995655,0.4619373327227463
519,0.43755869220517835,0.4620317979469643
520,0.4374964761434745,0.4620198912900847
521,0.43743892992296934,0.4620529086069139
522,0.4373293283626638,0.46187486792924415
523,0.43729218289117244,0.46185555492860536
524,0.43720575032754255,0.4617511470571759
525,0.43713557461910335,0.4616662611294908
526,0.43708064856030837,0.46158098852966795
527,0.43703252491975725,0.4616046203684306
528,0.4370010924554363,0.46158790194092764
529,0.43697866590478424,0.46148821553727315
530,0.4369342511053513,0.4615089705550598
531,0.43677275497914386,0.46133834691462255
532,0.4367674451967356,0.46142147581858944
533,0.4367374133369377,0.46151622283089333
534,0.4365800058263857,0.4611629315388111
535,0.43647680518261944,0.46111562937285444
536,0.4364486037234808,0.46102286932643416
537,0.43638264127947174,0.461049324325847
538,0.43631924840343705,0.4611835447455073
539,0.4362578186106322,0.46099443053807
540,0.43614082597516146,0.46106180958607357
541,0.4360584783592581,0.4609300475626648
542,0.43601585508078267,0.4609277873766662
543,0.4359560594434855,0.46096610580915565
544,0.4358678860122108,0.46111520525780814
545,0.4357707695508666,0.4609753116640414
546,0.43573275530164773,0.46106193142098395
547,0.43568714265594666,0.46102914397839073
548,0.43561567746604046,0.46104867794564736
549,0.435537201994225,0.461011082014703
550,0.43548331179631716,0.4609108620567393
551,0.43539275173437586,0.46080305083826123
552,0.43533202246503083,0.4608511836898078
553,0.43530871933156257,0.460797850884316
554,0.4352562514431883,0.46091323002806645
555,0.4351581111491246,0.4608026263284365
556,0.4351306561082247,0.46086687856328223
557,0.43501745813907555,0.46062185267778016
558,0.4349591192200252,0.4605009519430094
559,0.43484756921029283,0.46039499040696985
560,0.43482061609563777,0.4603295201400244
561,0.434822432065844,0.46022461494923145
562,0.43477510675707176,0.4600749679931674
563,0.434706071808495,0.45991549672397447
564,0.43463664228318666,0.4599735851893812
565,0.4345759623798466,0.45981904702461923
566,0.434448381910751,0.4597158240583621
567,0.43433775573165334,0.45951631298903023
568,0.4342875770762653,0.4595577750486926
569,0.434219448478115,0.45971585958940125
570,0.43412454436136055,0.45970790244119114
571,0.4340142581418369,0.45970122583494
572,0.4339690952880115,0.45963739937695086
573,0.4339115709111197,0.45944337414609104
574,0.4338308826252373,0.45914830616921437
575,0.433842788864259,0.4590439416170829
576,0.4337478284301847,0.45910520555774426
577,0.4336948814163511,0.4590054268812875
578,0.43365507087803945,0.45904985622918315
579,0.43360766996842487,0.4590502095381172
580,0.4335810482416311,0.4590684532239072
581,0.43342630320925096,0.459042835416544
582,0.4333797860368712,0.45887586978967077
583,0.4333347041458246,0.4588700968114537
584,0.43318534497405026,0.4587832145199936
585,0.43312402441211395,0.45873438705046354
586,0.43305800528372135,0.4586714124060915
587,0.4329761563064917,0.45850211451712203
588,0.43291475457177964,0.45848730927132403
589,0.4328586342302625,0.4584801574788956
590,0.43279424601682803,0.4584083619436946
591,0.4327454097983074,0.4583685110799622
592,0.43261458319514606,0.45838687613893925
593,0.4325311569154298,0.45831063210405015
594,0.4324819244244467,0.4582652107371415
595,0.43241747484367393,0.45818343155192365
596,0.43240399649152556,0.45816426114996317
597,0.4323241396686749,0.4580652390352704
598,0.4322880021316875,0.45817001831440163
599,0.43217927845184595,0.45807349962826194
600,0.43215956938968286,0.4579895157051956
601,0.4320806230851918,0.45788224960576906
602,0.4319930758296226,0.4578680874598675
603,0.4319412177714179,0.457940978827014
604,0.43180983050812766,0.45801470943787637
605,0.4317500816220912,0.457908697560209
606,0.4316961071809728,0.45803578320622884
607,0.4316127675775258,0.4579732527091989
608,0.4316054934632312,0.4580101089219289
609,0.43155517255330517,0.45795817711404335
610,0.4315325773626117,0.4579757125152326
611,0.43148825255631534,0.45815179484303703
612,0.4314809848716669,0.45821246485487727
613,0.43141806344525063,0.45810195793895875
614,0.4313107384469714,0.4580348330750731
615,0.43125719695982007,0.45813365367262865
616,0.4312272025543055,0.4580410966417313
617,0.43117860962934407,0.45782855643751
618,0.43114771118312245,0.4577504562255365
619,0.43104098833227855,0.45743257380888086
620,0.4310150843853697,0.4574239916073643
621,0.4309462049420595,0.4572928241832107
622,0.4308897692736257,0.4572784237063492
623,0.43083785070628794,0.4572661042048046
624,0.43075746562264955,0.45729913804817934
625,0.43071756445013226,0.4571449461168596
626,0.4306986657319137,0.45718951313707185
627,0.4306675984368847,0.45710513798468777
628,0.43053257483284907,0.4571099911509259
629,0.43044056523071333,0.4571581679744839
630,0.43035450330417196,0.4572448404476314
631,0.43031950366710137,0.4571679331909621
632,0.43029093052630596,0.4571597578937294
633,0.4302251014825003,0.4573283026823833
634,0.43016757479096546,0.45739542095908153
635,0.43016270878413326,0.457476809183746
636,0.4300816342559085,0.4573440719740446
637,0.4300461891595941,0.4575373371659402
638,0.4299969974656112,0.45759625673337384
639,0.42996514854795626,0.45765613476464223
640,0.4299579166903001,0.4575890859640174
641,0.42988677491452876,0.45741847188981843
642,0.4298295803314423,0.45753183010985277
643,0.4297551233126941,0.45743528407078876
644,0.4296982933114993,0.45722200548922126
645,0.42963015348627126,0.45707255333315494
646,0.42957983368418334,0.4571006363946905
647,0.4295548586750429,0.4570651650970239
648,0.42951162476358457,0.4571337212068098
649,0.42951280737707864,0.4572008923532926
650,0.4294583716466944,0.4571744718167529
651,0.42942706097317196,0.4570173017993711
652,0.4293789856259923,0.4570266074780572
653,0.42926587705420904,0.45712264134778974
654,0.4292520435712591,0.45710626898341306
655,0.42917998547894975,0.4570301299792642
656,0.42910305632314266,0.45712312012930534
657,0.42908417651572067,0.4571489552144221
658,0.42902017608181553,0.45737366016115405
659,0.4289786289139554,0.45728226362119173
660,0.4288341965346134,0.4571575622062492
661,0.42882242354119016,0.4570873689121049
662,0.42878925146182006,0.4571645843764929
663,0.42868275222883806,0.45708729478729454
664,0.4286329577950957,0.4569756930642791
665,0.4285756647360331,0.4568831265419643
666,0.42850544526454176,0.45678995725015537
667,0.42842494389950686,0.45665570691987933
668,0.4283554249189788,0.4565939236940308
669,0.4282913375052567,0.45654396058983676
670,0.4282490854099109,0.45656734163110907
671,0.4281099882021649,0.4565078859654576
672,0.4280237870836424,0.4565050220461543
673,0.42798603605282054,0.45651810725827957
674,0.42791943047358155,0.4565073896650359
675,0.42785743353216305,0.45635680850776383
676,0.4277164818610215,0.45612130377906324
677,0.42765709619054304,0.45619303054111293
678,0.4276632544388362,0.4561791224109824
679,0.42763354957666017,0.4561465386169358
680,0.4275463704564349,0.45612453801722813
681,0.4275299806621476,0.4562453270622039
682,0.4274415834517591,0.4561711507888775
683,0.4273409658426012,0.45597758680585987
684,0.4273096186333163,0.45597086151289984
685,0.42728083994497573,0.4559474686981744
686,0.42714002777699467,0.4558939159843858
687,0.4271082789286333,0.4559545297260312
688,0.42706457031740575,0.4559628340429439
689,0.42701667201531224,0.4559586608701683
690,0.42690684979359544,0.45587418390926265
691,0.42683005455424433,0.45593558541197826
692,0.4267508408292033,0.4560488122338173
693,0.42674801713449007,0.4559336144164063
694,0.4267226880839222,0.4560471650146058
695,0.42667656443016555,0.4560338156504545
696,0.4265852933781561,0.45619717941582044
697,0.42649993402112846,0.4562220816366595
698,0.42645044677686256,0.456034824291508
699,0.4264053224644789,0.4559490677760816
700,0.42635510497271795,0.4558563843107611
701,0.4262544643705031,0.4556826201472313
702,0.42618550028442204,0.45568141453932914
703,0.426127316961481,0.4554876930732083
704,0.42606796380826684,0.4555689931205271
705,0.4259910810127768,0.4557615347368048
706,0.42592027401485133,0.45561728645490196
707,0.4258881285316413,0.45572827358377693
708,0.42584733467277297,0.45593666410601325
709,0.42583130221265414,0.4559569971470544
710,0.4257812082967882,0.45592000260830995
711,0.4257446355180248,0.4558794515219224
712,0.4256984559851599,0.4557680583856291
713,0.4256266497283339,0.45566414496871244
714,0.42553500051209137,0.45538040284799847
715,0.42553189290456517,0.45536986842404964
716,0.42547138068557155,0.4553341722976314
717,0.4253895900448813,0.4554151927621102
718,0.4253185686411372,0.4553865103442891
719,0.42520644657359125,0.45534415627055924
720,0.4251662269884589,0.4554872027771591
721,0.4250788242067967,0.45536229368515835
722,0.42505691177821014,0.45529208941893146
723,0.425036372027271,0.4551211688825053
724,0.42499742930582196,0.45518859765978714
725,0.4249173721981496,0.45517394639429565
726,0.42488943882918756,0.4551688814929531
727,0.4248606129942111,0.4550854435936798
728,0.4247906103724293,0.45493931235867624
729,0.42465646398834,0.45514634176576807
730,0.4246442389937658,0.4550631973837319
731,0.42451808444058614,0.45507819504412106
732,0.4244461818631446,0.4550747927750833
733,0.42439203540701737,0.45501060178208047
734,0.4243749271152123,0.45487088322773356
735,0.4243487889536007,0.4549305338440089
736,0.42431116959475473,0.45493866950686995
737,0.4242402302697518,0.45487458958737476
738,0.42424120472366456,0.45483484703271665
739,0.42417139900853684,0.45493818558732846
740,0.4241376903999677,0.45493490986691404
741,0.424116160293946,0.45488054658548144
742,0.4240779604756884,0.45476377095798737
743,0.4240149010478477,0.45463915291413604
744,0.4239997211112556,0.45463249186274396
745,0.42392225613797385,0.4547112747902803
746,0.42389739714631824,0.4545570701591072
747,0.4238660877940774,0.45447676643890667
748,0.4238291850927533,0.45447516154564804
749,0.4237984400257338,0.454497061378419
750,0.4237443387792491,0.454518836864859
751,0.42367537012665935,0.4543931441997861
752,0.42360160840089806,0.45423065717814465
753,0.42357392674309535,0.4541976715469571
754,0.4234651485822372,0.454157848909387
755,0.4233590687006937,0.45407690834962855
756,0.4232506728180869,0.4540668702497291
757,0.4231858833466723,0.45399109076464406
758,0.4231618494071123,0.45397439138987444
759,0.42310207625966745,0.4540247742399715
760,0.42305394699129867,0.45404335092674414
761,0.4229941576999444,0.45403597441582644
762,0.4229685045092384,0.45415689001336346
763,0.4228247178823323,0.4541279884098574
764,0.4227982410848901,0.4543235940902039
765,0.422784570800527,0.4542567247552423
766,0.42273189803324945,0.45424016266884026
767,0.4226803838470106,0.45427973857385756
768,0.42261088790754586,0.45418861339333416
769,0.4225626796254548,0.45403534088807523
770,0.42252564794518604,0.454055756143438
771,0.4225018370624296,0.45408915367221603
772,0.4224242593687123,0.45406043800145357
773,0.42238516187095415,0.4539809148290035
774,0.422364359837372,0.4540428576624734
775,0.42224463474651946,0.4538999365949826
776,0.42222148944096194,0.4538402024727417
777,0.42214461760876093,0.45357461913683733
778,0.42207480278006454,0.4532592956490626
779,0.4220145322071517,0.453210582774542
780,0.42200203736130754,0.4531675849324506
781,0.42193629150974343,0.4530522965168458
782,0.42190255556354544,0.4531553659428612
783,0.4218913128343737,0.45299617896825234
784,0.421888874641967,0.45292607709631544
785,0.4218178550529848,0.45319960227858347
786,0.4217754269843247,0.45316374708994844
787,0.42175666456096744,0.45315800475874174
788,0.4217245651666541,0.453157405255768
789,0.4216879988100282,0.4530703646227339
790,0.4216151805869061,0.4531048934524741
791,0.4215688773433592,0.4530471213384439
792,0.4214496422672761,0.45280641151875667
793,0.42147652420136283,0.4528615527666207
794,0.421451864098776,0.45295457700050845
795,0.4214099002149012,0.4529163199654105
796,0.4213501648337807,0.45311183228313007
797,0.42126239590042036,0.4530712520845439
798,0.4212251172331833,0.453005514045622
799,0.42114513890104804,0.4529510849316941
800,0.42112541412715554,0.45301223311368494
801,0.4211113458606896,0.45294638676765764
802,0.4210509960499018,0.4529660216869341
803,0.4210198702146143,0.4530791669589788
804,0.4209556266152899,0.4529381214294496
805,0.42094720917119455,0.45288335783879646
806,0.4208947880712552,0.45272221801266954
807,0.4209061472009776,0.4526846382509027
808,0.4209044530544358,0.4527609507960856
809,0.42079147818578816,0.4529803628840309
810,0.42076267923065713,0.4528524986100058
811,0.4207333825260771,0.45269636933969426
812,0.4207044617540518,0.45271755299032773
813,0.42060603323423834,0.4528906245954161
814,0.4205671713593683,0.4528848952741754
815,0.420523339514937,0.45282420518672206
816,0.4204923019547753,0.4529060607197169
817,0.42044750125052127,0.4529258772183454
818,0.4203927753697032,0.45289985385150444
819,0.4203091120525127,0.45267577809094595
820,0.4202142597286672,0.4524536020532014
821,0.4201875079837767,0.45245800667243513
822,0.42011745736798595,0.45235162768827997
823,0.4201005496975392,0.452412180989453
824,0.4200373286122376,0.4524109827061174
825,0.4199900089822436,0.45225354427881304
826,0.4199424588753926,0.45211893605879544
827,0.41988721549975755,0.4521819684284308
828,0.4198678420866935,0.45224595453834304
829,0.41986972061504085,0.45216168168770743
830,0.4197894294546563,0.4520728270529157
831,0.41969986187706243,0.4519599723397315
832,0.4196243043700905,0.45177200408140494
833,0.41958830976945394,0.45169990406869803
834,0.41955521261169837,0.45160919106338987
835,0.4195598404847889,0.4518567980532918
836,0.419517319851823,0.4519200720775077
837,0.4194896225411294,0.451954718917435
838,0.41948311778249237,0.4519918076477425
839,0.41942242518111184,0.45189681453689395
840,0.41937709889888464,0.4518299433944184
841,0.41934704636239617,0.4518160999685636
842,0.4193015983855062,0.45177668197096243
843,0.41930826784852826,0.45173755703379753
844,0.4192794352371522,0.45180168173356616
845,0.4191984608994677,0.45179396041474024
846,0.4191406033023504,0.45164598443055126
847,0.41909866760347747,0.4516239204123049
848,0.4190933625960977,0.4516513111546289
849,0.41908497617688567,0.45172815648326947
850,0.4190722147883917,0.4517820447645924
851,0.41906371935926323,0.45169393896335935
852,0.4190643779787464,0.4517203712014848
853,0.41903021404280383,0.4518241192919082
854,0.41893248959485574,0.45179027771226765
855,0.4188841186092584,0.451705174214437
856,0.41886289045854735,0.4516075226472372
857,0.4188101959627485,0.45162399248544904
858,0.41875450696427885,0.4515367181573937
859,0.41872935512841947,0.45148306828382057
860,0.418726993073295,0.45151032290537596
861,0.418642358679867,0.45122053346106383
862,0.41851952204078496,0.45102472801990096
863,0.4184530116468737,0.4509646005812347
864,0.4184577980138088,0.45095225477721107
865,0.4184342555644125,0.45089503093061467
866,0.4183902754906261,0.4508971067974403
867,0.4183466369016606,0.45090260103356733
868,0.4182933345758323,0.45076846652103086
869,0.41825969678815333,0.45079989731508696
870,0.4182327675477789,0.4507342998536961
871,0.4182234132960793,0.4507187207644888
872,0.4181391106911807,0.4507132378991607
873,0.4180691603873001,0.4506112552478311
874,0.41805833855623187,0.45060954720124474
875,0.4179964378842222,0.4505384151546194
876,0.4179480840342955,0.45031919554328786
877,0.4179201147511913,0.450233303474156
878,0.4178839563408105,0.450050053163087
879,0.4178300501827713,0.44986154542089957
880,0.4178133919586935,0.4499659526602899
881,0.4177471106937694,0.44988737010099705
882,0.41766757587009823,0.44969816192941264
883,0.41757267877506793,0.4499593058238731
884,0.4174943908323031,0.45001089042269216
885,0.4174439169817557,0.44990132330871535
886,0.41741396688164156,0.4499874764415445
887,0.41730314446797834,0.4500535865950282
888,0.4172274203329221,0.4500144835173627
889,0.41719291669774744,0.45009684619980117
890,0.41714197201587844,0.45009523674444024
891,0.417112432696844,0.4499811601862469
892,0.4170270919180154,0.449978783821695
893,0.41696464678382406,0.44979864591338825
894,0.41687853805259945,0.4497508260443114
895,0.4168691064198847,0.44978875807834984
896,0.4167957368179784,0.4497511362771151
897,0.4167286758224928,0.44988154334628494
898,0.41669068484846034,0.44993301159180465
899,0.41666684623294614,0.4497846090992869
900,0.4166212067961498,0.4500489796946971
901,0.41652995408649285,0.4500306909559314
902,0.4165321857312228,0.4499643694384941
903,0.41648225743407763,0.449975166558416
904,0.4164779680660928,0.4498850405078389
905,0.4164649291479029,0.4496620940910869
906,0.41642077592578935,0.4496214272391374
907,0.41634095471648747,0.4495920799584
908,0.41628089088561543,0.44949410891014663
909,0.41620291069018506,0.44951920634151354
910,0.41614044643864684,0.44953038224588143
911,0.416118474911082,0.44952909979795996
912,0.41606727073881444,0.44947981395725217
913,0.416030009041934,0.4496482902356122
914,0.41600096721729957,0.4496707687160319
915,0.415958627425858,0.449673612575474
916,0.4158651769619623,0.44954405753650795
917,0.41579568365459785,0.44958929047992663
918,0.41577422858134383,0.4494605331098854
919,0.41575168518429784,0.4493897528206461
920,0.41568996402994585,0.44928668938325145
921,0.41567455531616665,0.4492221434638062
922,0.4156073064898061,0.44909333580726835
923,0.4155650421133363,0.4491128636470919
924,0.41552129995713993,0.4490471796327552
925,0.4155145279376046,0.4490897029088948
926,0.4154564558006203,0.44899091573164307
927,0.41544638377494425,0.44901955088435125
928,0.41542672503595823,0.44902570309003237
929,0.4153471552611024,0.4489181789404163
930,0.415297532257184,0.44878610131088603
931,0.41526286563846626,0.44871992288535384
932,0.41522226352508035,0.44871897845731823
933,0.41520020129142354,0.4486952490265822
934,0.41515576607761145,0.44856186569953854
935,0.41511345178897247,0.4486402214315757
936,0.41509157980189315,0.4486130316442481
937,0.41504556279798843,0.4485498194171246
938,0.4149610700442483,0.44832406262227237
939,0.414909246923688,0.4481705753654478
940,0.41488111602608235,0.4481267988244682
941,0.41484878230062017,0.4481031630379217
942,0.4147733501995688,0.4481274267081683
943,0.414739769907457,0.44811620032828275
944,0.4147124127433159,0.4481309691127035
945,0.41461161327440743,0.44805967496081905
946,0.4145993523535048,0.4480752394899891
947,0.4145808405763052,0.44816491118559404
948,0.4145123608406173,0.4481977737443738
949,0.41447228893695265,0.44820504174045983
950,0.41436627465345804,0.4481847890865365
951,0.41430500046156316,0.4480946272779965
952,0.4142804296938109,0.4480469400859605
953,0.4142150550097436,0.4481249946498373
954,0.4141524236448879,0.44793143680803554
955,0.4141049365298352,0.4479400066990626
956,0.41407290750823,0.447964761472636
957,0.41397815770372365,0.44814309097105837
958,0.4139607112170075,0.44826349386813447
959,0.41393132115060133,0.448238012750572
960,0.41381882162377664,0.4482882118844929
961,0.41376901897455304,0.44841349175166395
962,0.4136592990791653,0.4484303488359682
963,0.4135794097400351,0.448479114473949
964,0.4135905706633632,0.44850511305392515
965,0.41355056090326203,0.4484406864195747
966,0.4135016712412768,0.44844291253206386
967,0.41347487388890675,0.4485109316339681
968,0.41343637539626266,0.4485393797729684
969,0.4133959071883775,0.44845499594727367
970,0.41336829187986107,0.4483786101421503
971,0.4133489086538132,0.4483701581800904
972,0.4133297009942568,0.44816715196346035
973,0.4133063166338518,0.4479873605037057
974,0.4132766696556018,0.44804611336981315
975,0.4132792440403333,0.44803697542813126
976,0.41319145120831985,0.4481504718407823
977,0.41318826657724095,0.4481342645735139
978,0.4131216012657096,0.4482294202203337
979,0.4130390113068953,0.44821929012722556
980,0.4129967634390597,0.44824967157719836
981,0.41293030017750554,0.448329928708627
982,0.4129127760230904,0.44831590883307804
983,0.4128715176355146,0.448173584880201
984,0.4128463785688435,0.44827222556661395
985,0.4127795251865288,0.44820205274876795
986,0.4127664232206564,0.44814231349883826
987,0.4127156977369907,0.44823404412960777
988,0.4127071744641976,0.4482519273571355
989,0.41265719652236466,0.4481986952836312
990,0.4125842852953712,0.4480645253340739
991,0.41254474450665457,0.44805761070057637
992,0.4125039548963454,0.4480988738938268
993,0.4124730403404343,0.44810362793475655
994,0.41246107873227916,0.44797850352068125
995,0.41236702250668783,0.44790508930352824
996,0.4123613529913955,0.44788270031720256
997,0.41226390270556157,0.44790946436951423
998,0.41224465452978043,0.44791473288150074
999,0.4122569449796156,0.4479808515891724
1000,0.41221799574013945,0.44804164860939044
1001,0.41218725843438764,0.4480354926872794
1002,0.41213574880320986,0.44790732604845274
1003,0.41210860834340535,0.44794472306769884
1004,0.4119976043535981,0.44773102466196185
1005,0.41194208955627104,0.44762102457208375
1006,0.41186881118667973,0.4474030209283874
1007,0.4118632075186999,0.4474959217502202
1008,0.41177030511253604,0.44743750938342347
1009,0.4117571282879497,0.4474708004224549
1010,0.41175171894105284,0.44747268904815674
1011,0.4116727680470346,0.447406418353268
1012,0.41163669062392827,0.44746396910245617
1013,0.4116039839495656,0.4475529289855592
1014,0.4115765480710646,0.44759227098389104
1015,0.41153291239017414,0.4475930173055369
1016,0.4114802346703678,0.447473302508663
1017,0.4114486213007604,0.44755715581718397
1018,0.411430594205813,0.4476413404870282
1019,0.4113772110683642,0.44758902330160233
1020,0.41131446866674076,0.4475062807237269
1021,0.41127345435584256,0.44740647160257146
1022,0.41122367536720994,0.4473346921971686
1023,0.4111547316223907,0.44708578118042386
1024,0.4111262523553657,0.44702861327028204
1025,0.41109832906206817,0.4470465246968987
1026,0.4110217830934322,0.447021973864264
1027,0.41094091716287706,0.44697398803370114
1028,0.41090206289208464,0.4469129425393768
1029,0.4109006159153045,0.44698149899373235
1030,0.41088400986597057,0.44693952956016375
1031,0.4108059124573287,0.447051784347538
1032,0.4107715684350382,0.4469805341691417
1033,0.41073232822360467,0.4468028128342053
1034,0.4106088536071409,0.44672717418360186
1035,0.41053924549242005,0.4466890601902003
1036,0.4105120094754235,0.4466013354859679
1037,0.4104513326473189,0.446647539098371
1038,0.41041050759332953,0.44667980727940465
1039,0.4103819333892557,0.44676036259354374
1040,0.4103594038537264,0.44669054107480616
1041,0.41034766320351385,0.4465882511081934
1042,0.41032954433796515,0.4466280304136672
1043,0.410249360914591,0.4465802772380175
1044,0.41019167858312566,0.44660704009024227
1045,0.4101669615279354,0.44664033878807285
1046,0.41005603630431026,0.44648410750938927
1047,0.4099566890859837,0.4464149256118713
1048,0.4099381943342864,0.44629319248244514
1049,0.40993668580725157,0.44644120463906506
1050,0.40990559971454854,0.4463140835013855
1051,0.4098627470437897,0.44637737537480215
1052,0.409831656370053,0.4463871230738509
1053,0.4098135692579758,0.4463935708784622
1054,0.40979650220322883,0.4463946947377041
1055,0.4097142519571868,0.44624735091923173
1056,0.409718678237345,0.446275679555566
1057,0.4096854734507779,0.4461541910750307
1058,0.40964756068408475,0.446047599817258
1059,0.4096481967991907,0.44606152404912885
1060,0.40962668034099603,0.44605771618369516
1061,0.40960706714006495,0.44615809503602094
1062,0.40951426592260354,0.4460359506474426
1063,0.4094814287492192,0.446021912959611
1064,0.40949077772133163,0.44601996556804546
1065,0.4094845295622512,0.4461015321862693
1066,0.40947006657392676,0.4461951201080677
1067,0.40946639917777106,0.44615631177283066
1068,0.4094600282809366,0.44606630554438487
1069,0.40939452614686433,0.4461077146692867
1070,0.40937371947008655,0.4462123218220885
1071,0.4093601546185537,0.446205578241832
1072,0.4092911254568309,0.4462046438594788
1073,0.40918776108702376,0.446271661756635
1074,0.40913540823298955,0.4464408037411226
1075,0.4091042764029438,0.44637970034481983
1076,0.40906706679279553,0.44641220060238185
1077,0.40903390147283814,0.44637546346357476
1078,0.4090022819762704,0.44644178770606585
1079,0.4089672883585767,0.4464014778765269
1080,0.4089352067434649,0.44648462660014077
1081,0.40890717930033676,0.4463313146962944
1082,0.4089081616661832,0.44642290558486813
1083,0.4088608625854784,0.44636491353497554
1084,0.4087964557149422,0.44624582772885485
1085,0.40876743356206613,0.44623062729217255
1086,0.408734349405037,0.44628812586613015
1087,0.40876055543798145,0.44628464242435567
1088,0.40869408047531797,0.44619210251315594
1089,0.4086811608611994,0.4462416080564032
1090,0.40862250712557646,0.44628049683142806
1091,0.4086253227860015,0.4464085644340422
1092,0.40857521200305413,0.446530194228011
1093,0.4085573617703996,0.44659717126560433
1094,0.4084276937467999,0.4467819055082595
1095,0.4083635265372217,0.4465886473022677
1096,0.4083220002476787,0.4464516097558643
1097,0.4082820977119051,0.44643526683545753
1098,0.40824577773601395,0.44647448539219986
1099,0.4082468531873425,0.44630607082183626
1100,0.40823647679446917,0.4463199656594537
1101,0.4081940625760012,0.44627440772531257
1102,0.4081964160707375,0.44632502098963545
1103,0.40818035485348,0.4463297265038351
1104,0.4081501264800644,0.4462109349050754
1105,0.408091147496219,0.4462585917666129
1106,0.4080403162452791,0.4462225587795396
1107,0.40799933258419946,0.44612070311542135
1108,0.4079879680755537,0.44611006131175174
1109,0.4079345552996195,0.4460149252044931
1110,0.4078936401729753,0.4459794431222882
1111,0.4078690399886745,0.4459412231746998
1112,0.4077981886943345,0.44598662384872345
1113,0.40778782182246814,0.4459931912327906
1114,0.4077901259334741,0.4459483931033063
1115,0.40779740790578756,0.4460123775479626
1116,0.40776869660970133,0.44615991483590156
1117,0.4077131318496139,0.44607166640793244
1118,0.4076074990985495,0.4460049376903736
1119,0.4075468487006312,0.44599136866798456
1120,0.40744638846307785,0.44604465120371595
1121,0.4074145379688462,0.4460465793579573
1122,0.407344584920112,0.44598458855152995
1123,0.4072894837622101,0.4459820494186684
1124,0.4072788938639443,0.4458368310397668
1125,0.4072260555100733,0.44572204315491476
1126,0.407238574121753,0.44576825489866967
1127,0.40721892440389273,0.44595539314627064
1128,0.4071001667476907,0.44570876482773736
1129,0.4070754893337793,0.4457320729546233
1130,0.4070252299541669,0.4458085514681835
1131,0.4069679518519036,0.4455570604245574
1132,0.40692659546976884,0.44548849984176503
1133,0.4069219474719373,0.4454968284577305
1134,0.4068468407540184,0.4453124711851158
1135,0.40683241852872054,0.44532707179049874
1136,0.4067910549255738,0.4453218033872978
1137,0.40676415183694903,0.4453670742358406
1138,0.4067236187744973,0.44530231114102814
1139,0.40668946896102887,0.44520844004400484
1140,0.40657646386304874,0.4451187688184914
1141,0.4065546226493735,0.4451698419769899
1142,0.40648432154781544,0.44517237582464503
1143,0.40648308970679625,0.4451375644861762
1144,0.40644365399024696,0.4450156100997091
1145,0.40638398708361556,0.4450434101076037
1146,0.4063264343546846,0.44501744979750324
1147,0.40629868508355227,0.445100460561331
1148,0.40626764603531784,0.4450398214632964
1149,0.406244996809328,0.44510036757379284
1150,0.4062354203080697,0.44505296004532463
1151,0.4062081075135836,0.44510186667333557
1152,0.4061530722623251,0.4449589031396028
1153,0.40610775429417684,0.4447539024976482
1154,0.4061131809461205,0.4446464084565293
1155,0.4060526422431489,0.4445529995042138
1156,0.4060405730170144,0.44446099633410036
1157,0.40603866210717443,0.4444973821068541
1158,0.40602502560534987,0.4444325460691052
1159,0.40598848540748994,0.4444795451412493
1160,0.4059569502320508,0.44450974792102255
1161,0.4059186017419183,0.44448868913652795
1162,0.40589324345796446,0.44455709103908364
1163,0.40585652603997996,0.44442039168632763
1164,0.40584487730155655,0.44444885711534143
1165,0.4058455783012637,0.4443974504237463
1166,0.405803896783906,0.4444165956105911
1167,0.40577884823930266,0.44441535563924867
1168,0.4057429140208901,0.4445176197178504
1169,0.4056673436345616,0.44436833452744445
1170,0.4056498328353811,0.44431142299140686
1171,0.40556560848939777,0.4441732104752512
1172,0.40553647917078645,0.4443181748413353
1173,0.40551827358145454,0.4443799995686308
1174,0.40549729352271885,0.44448725521430593
1175,0.40544880817843953,0.4442787926012048
1176,0.40540127926206987,0.4441328074460176
1177,0.40536696711425135,0.444189248292512
1178,0.4053325954765109,0.4441837080302461
1179,0.40531463926289246,0.4441944892797816
1180,0.40530754067951547,0.4441507430077702
1181,0.40529687621488186,0.4442538411423454
1182,0.40527435996257777,0.44430386750854506
1183,0.40519734255417084,0.4444104767764818
1184,0.4051712608296486,0.4443372713094754
1185,0.40515475226760683,0.44429226440277114
1186,0.4051444702238896,0.44426084891056156
1187,0.4051042772726627,0.4441864070764115
1188,0.4051010325805097,0.44416631471186513
1189,0.4050582290340009,0.4442378286125599
1190,0.4050293452992194,0.4443652382382363
1191,0.40501212621104743,0.444280394871796
1192,0.404937281012348,0.4441628496706029
1193,0.40489644200341424,0.44421146716479504
1194,0.4048655919286051,0.4441496570497145
1195,0.4048498137586928,0.4441504377466144
1196,0.40485149815945953,0.4441476926024428
1197,0.4048464205657643,0.4442082691763431
1198,0.404803141302614,0.4442132557274667
1199,0.4047637738849,0.44419987940763067
1200,0.40470142152218014,0.44414624083643467
1201,0.4047094780603139,0.44414934895373487
1202,0.4047117246794454,0.4442277448675172
1203,0.40470237964532824,0.4440274817635744
1204,0.40470838108898377,0.4439548942266351
1205,0.4046506296510693,0.443864289844452
1206,0.40460802289550696,0.44379537620081566
1207,0.40457797226573095,0.4436672265886528
1208,0.4044770639045831,0.4436999709122907
1209,0.40447157383887794,0.4437080263598265
1210,0.4044243128983313,0.4437637229319111
1211,0.40437807895842875,0.44354291509464777
1212,0.4043384644100967,0.4435717171239204
1213,0.4043237391195575,0.4433121898622069
1214,0.40431675099514913,0.44315138757356837
1215,0.40428850092124285,0.44316079772036154
1216,0.4042801049554205,0.4431318318167107
1217,0.40423892026135916,0.44308062954992844
1218,0.40420123639642336,0.4429617641660056
1219,0.4041861109298925,0.44290191497669473
1220,0.4041908208558746,0.44280997035438174
1221,0.4041379465046505,0.44296882114566105
1222,0.40410561988190774,0.44299178641441084
1223,0.4040949042238287,0.44289325185348505
1224,0.40408436955437027,0.44291597527518756
1225,0.4040649348629642,0.44299146222948915
1226,0.4040091374854304,0.4429856222024459
1227,0.4039919019976846,0.4429793214429383
1228,0.4039539343420443,0.44307403037635645
1229,0.4039269809612619,0.4432490907819158
1230,0.4038837714503073,0.4432982343315968
1231,0.4038677770281794,0.44329768489853305
1232,0.40382991601291285,0.4431449691031569
1233,0.40378233387784657,0.4428991140924733
1234,0.40373665934387704,0.44282847642110973
1235,0.4036841447224598,0.442716385049836
1236,0.40366970610731245,0.44267162523206804
1237,0.4036516011574414,0.4427063528898253
1238,0.4036473936966059,0.4425952631372754
1239,0.403592320234903,0.44255494240801346
1240,0.40355162830612695,0.44252335595805786
1241,0.40353992455110876,0.44246483064181785
1242,0.4035237740947831,0.44243473824592067
1243,0.40349963600416167,0.44245998614692145
1244,0.4034955818329165,0.44246744542593336
1245,0.4034904920554639,0.44241356556047834
1246,0.40348787029846683,0.4422524526211222
1247,0.4034754187236716,0.44206972565180985
1248,0.4034462714057683,0.4420727681684609
1249,0.40341849139877534,0.44204896361956936
1250,0.4033826286407218,0.4421533289794706
1251,0.403360107295932,0.44211526509732735
1252,0.4033593348421436,0.442127409837569
1253,0.40330715993583743,0.44225223568793837
1254,0.4032382070994831,0.4422121430790528
1255,0.4032133650551657,0.44221482404220225
1256,0.4031907072857745,0.4421769016201807
1257,0.40316208481700994,0.4423085802936647
1258,0.4030784591559755,0.4422923304252799
1259,0.4030306828701871,0.4421871575801564
1260,0.40299042813962915,0.4421208811344
1261,0.4029579281739491,0.44193643029093993
1262,0.4028866055053237,0.44207818828469997
1263,0.40282579242568656,0.44213843608253395
1264,0.4028087608276677,0.4420702568797816
1265,0.4028068163910767,0.44216589010359986
1266,0.4027431678316676,0.44214862483272027
1267,0.40272740510366456,0.44213301692075285
1268,0.40266468253542065,0.44229864612975833
1269,0.402617720673006,0.4424665370492371
1270,0.4025736946511414,0.44239771909013503
1271,0.4025672800335989,0.44222673464194334
1272,0.402541869509785,0.44223067201142363
1273,0.4024987819988872,0.4422182082124724
1274,0.40244643803882363,0.44218714489556266
1275,0.4024122006304418,0.44228907661949607
1276,0.4023530723691034,0.442305374460346
1277,0.40233207333531645,0.44225214242080646
1278,0.4023089213125672,0.442182345929148
1279,0.40222026281720535,0.4421160314438853
1280,0.4021280961964962,0.4422991964508273
1281,0.40210990654107676,0.4423324286211164
1282,0.40205753963990143,0.44231636066287044
1283,0.4020375781848893,0.4422444603524031
1284,0.4019954177578544,0.4420549749838775
1285,0.4019594077288488,0.4421957867332275
1286,0.40196664554839734,0.44226439687301333
1287,0.4019232254592047,0.4424118655561479
1288,0.40189648545702894,0.44229082438954986
1289,0.40182803491915314,0.4422513269376301
1290,0.40178876281133696,0.44205636918607777
1291,0.40176997461621855,0.44204785316211836
1292,0.401775673482574,0.44203151480824415
1293,0.4017726274040074,0.44199965461442764
1294,0.4016882139312248,0.44200720929936455
1295,0.4016567884712718,0.44200999485515846
1296,0.40162037481326623,0.4419859314684896
1297,0.4015697664120871,0.4419735803448026
1298,0.40153878589943365,0.44200913360131705
1299,0.4015236627085254,0.4419153133662217
1300,0.4014930511311981,0.44188524294845427
1301,0.40147817279934733,0.4418135246377139
1302,0.40146272187176607,0.44191508018264025
1303,0.4014581451478074,0.4420018622107276
1304,0.4014300929150782,0.44196128589691824
1305,0.4014228943029053,0.4421395552379077
1306,0.40140553004485774,0.4420850928410116
1307,0.40137885751913194,0.4420636346525302
1308,0.4013271635776657,0.44218908397512346
1309,0.40126987869826425,0.44223874900342375
1310,0.4012246127633027,0.4422749314003331
1311,0.40115482819175774,0.44238658377410445
1312,0.4011205734441093,0.44256996135050175
1313,0.40107692982875914,0.4424341557056192
1314,0.40101596340820184,0.44237327752152483
1315,0.4010055554749313,0.44229419372314255
1316,0.40093592615865076,0.4423281849676007
1317,0.4008829516807717,0.4421751207369823
1318,0.40085148666976717,0.44221494260566985
1319,0.4008391855073836,0.4423899773816454
1320,0.4007973224565952,0.44243943598022956
1321,0.40075501695015825,0.44260199713603404
1322,0.4007055242959496,0.442566183686599
1323,0.40069308532170506,0.44269041421805483
1324,0.40067287887567954,0.44271292622214925
1325,0.4006695496493238,0.4427602796108476
1326,0.40065135498413734,0.4427921520944795
1327,0.400610959169657,0.44279539460969997
1328,0.4005844930291251,0.4427367640018314
1329,0.400536690952373,0.4427604516598949
1330,0.40048956794702667,0.44282495792035653
1331,0.40046357057059045,0.44287812583498953
1332,0.400395330658959,0.44292455074036724
1333,0.4003644595008827,0.4428916858596802
1334,0.40036192828700234,0.4428356595619938
1335,0.4003043823533042,0.4429195247320793
1336,0.40025523968632776,0.4429578215620199
1337,0.4002524966229036,0.44298501950531144
1338,0.40023930877865155,0.4428627806160418
1339,0.4001995567558567,0.4427866827220071
1340,0.40015318059625155,0.442801550052367
1341,0.400138262173832,0.4428731913109316
1342,0.40010371404849415,0.4428782835105596
1343,0.4000880623903709,0.44278764206351
1344,0.4000842786861075,0.44285701256664767
1345,0.4000109385317691,0.4428216920782621
1346,0.4000021661684693,0.4428526127590831
1347,0.39994676389696754,0.44277130188932345
1348,0.3998787927536327,0.44275211482791205
1349,0.39985151141965647,0.4427818731832107
1350,0.3998327332632747,0.4427168392271087
1351,0.39978284117914176,0.44269830236865115
