0,0.6109045259414296,0.6201799762611382
1,0.5775969267575585,0.5939361721254044
2,0.5472840813610105,0.5720024216735171
3,0.520107724625177,0.5539395540567648
4,0.4966521870731248,0.536026101313882
5,0.47526916916583684,0.521473790175557
6,0.45476213326230475,0.5069630933277329
7,0.43622014540454546,0.493284487064488
8,0.4201216720270288,0.48373166019288555
9,0.4057980133571288,0.474254161925383
10,0.3923530295128375,0.46803864843790266
11,0.379734631669142,0.46004461383307593
12,0.3679834380771781,0.453728803103554
13,0.35667511306808786,0.4477205584384786
14,0.3467994473810327,0.4430897135500673
15,0.33687773189223,0.43818675281439967
16,0.32716841672742736,0.43329130769748025
17,0.3186891192010622,0.43005595135133334
18,0.3096571065476772,0.4251334135328895
19,0.3008945954953364,0.42017603380326096
20,0.2931803917129192,0.41699272220295264
21,0.28619659404208425,0.41460535056942616
22,0.2785929875914196,0.411147422257693
23,0.27150503844726026,0.408086555203241
24,0.2644922736720853,0.4049493094180932
25,0.25829960796910384,0.4032948599817507
26,0.2519992226477887,0.40088070817321175
27,0.24618152169688734,0.4003435036208649
28,0.24034852836530665,0.39736384238728006
29,0.2347513200977759,0.3973990638492277
30,0.22960937730912406,0.3949215599240591
31,0.2243882023299887,0.394601546075169
32,0.21954946682955123,0.39419711375691285
33,0.21514234258601322,0.39335435071753394
34,0.21049025229242155,0.3916278737024198
35,0.20610187749217881,0.39051237935148453
36,0.20204427359312702,0.3898928902271574
37,0.19828406238627347,0.38893644065622823
38,0.19430922857175248,0.38843516855271737
39,0.1907880491943199,0.388328735018168
40,0.18721366205341433,0.3883596804148932
41,0.18323260315508752,0.3865308141788675
42,0.17961532578049302,0.3874557330541875
43,0.1760327850021928,0.3871436500834944
44,0.17226477506659774,0.38505138333496897
45,0.1689638826194997,0.3848199716279556
46,0.16598971241472205,0.3857769487419588
47,0.16300750345950182,0.38647328778820245
48,0.1601347763830675,0.3859868315421677
49,0.15731130195672013,0.38583207535276365
50,0.15436708339275548,0.3857928277495577
51,0.1515251581857717,0.38618596116537557
52,0.14902973387714036,0.3865913860067937
53,0.14635745172292253,0.3855814300927272
54,0.144167134143449,0.38562685310293476
55,0.14180149236055203,0.3849904431700745
56,0.13936406050106664,0.38598274311718184
57,0.1367809807673069,0.3859512841418235
58,0.1345171806371409,0.3851808759453347
59,0.13210151660763392,0.38509401037810403
60,0.13008210530834913,0.3840816693144359
61,0.12791186587061323,0.3841947851583003
62,0.12595909983710968,0.38472893006748377
63,0.12390425910125351,0.38377046577646934
64,0.12189337891123624,0.3841965512947505
65,0.12000634817648645,0.3834536827045676
66,0.11826955137153147,0.38274136071065107
67,0.11639124303692282,0.38330904443598546
68,0.11455289434586041,0.3842293588425558
69,0.11270903786651165,0.3841687562486562
70,0.1111266453884672,0.3856706115132151
71,0.10925807758991822,0.38543998339808977
72,0.10761350833119737,0.38569072510506913
73,0.10607657684058805,0.3866312133468015
74,0.10466558491465351,0.3878169911080854
75,0.10299365990491324,0.38830081710061287
76,0.10148475951121681,0.3886633497970908
77,0.10015064164913748,0.3902220860268472
78,0.09863973782021009,0.3912536265666402
79,0.09731982321654947,0.39187766584963013
80,0.09614499337166399,0.39226736138768703
81,0.09476674937539854,0.3929891170626612
82,0.09348487247778363,0.39456314546451327
83,0.0920621999606627,0.39422455951402174
84,0.09071909109217184,0.3945476317474582
85,0.08954435912002828,0.3941373593067599
86,0.0881702866861445,0.3936235173575652
87,0.08700337979841412,0.3944722685690057
88,0.08592042694716477,0.39566038146573385
89,0.08483862487696285,0.3957014646815082
90,0.08359078979488102,0.39671343868876563
91,0.08237153219355502,0.39660234118430643
92,0.08119026762340331,0.3961252289902363
93,0.08000915911345573,0.3967065623234405
94,0.07894639147942491,0.39671026470525717
95,0.07791520037042428,0.3979122086101158
96,0.07687789648935683,0.39811495946971187
97,0.07580039169354916,0.3979949750018178
98,0.07489122403663061,0.3977610800396502
99,0.0738657856272371,0.397535996860989
100,0.07279652057410818,0.39822585221444057
101,0.07183226942070838,0.3993940507931865
102,0.07088814030010791,0.39959762676973454
103,0.07002266893797804,0.400355244440395
104,0.06903768363200326,0.40086996727765606
105,0.06819813524993253,0.40141206390216916
106,0.06720023490518609,0.40244566531601433
107,0.06623894946164276,0.40333842869368247
108,0.06529675015571468,0.40463623902380647
109,0.0643379579162754,0.40533446895967296
110,0.06360919968509776,0.4061489132217848
111,0.06279637311213321,0.4068054863210852
112,0.06202338209471919,0.40698527501430226
113,0.061332068293944664,0.4083720328620169
114,0.06050510513207546,0.40949544966986434
115,0.059754161123427005,0.4098160464955949
116,0.059077934316966264,0.41061383263951257
