0,0.45420223474502563,0.47145965695381165
1,0.39378970861434937,0.43322473764419556
2,0.384185791015625,0.4181998670101166
3,0.38182827830314636,0.4125509262084961
4,0.3791971802711487,0.4151816964149475
5,0.37760841846466064,0.41543132066726685
6,0.37640485167503357,0.4146978259086609
7,0.3741613030433655,0.41314539313316345
8,0.3738005757331848,0.41314253211021423
9,0.3733443021774292,0.41015827655792236
10,0.37353187799453735,0.4109973609447479
11,0.37437739968299866,0.4130799472332001
12,0.37433263659477234,0.41211846470832825
13,0.3740047514438629,0.41335755586624146
14,0.37407582998275757,0.4130168557167053
15,0.3737913966178894,0.4130699932575226
16,0.37312817573547363,0.41195058822631836
17,0.37342050671577454,0.41217514872550964
18,0.3729740083217621,0.4130678176879883
19,0.37307390570640564,0.4137503504753113
20,0.3735315203666687,0.4146929681301117
21,0.3737278878688812,0.4134944677352905
22,0.37382081151008606,0.41346415877342224
23,0.37370747327804565,0.4136873781681061
24,0.37359941005706787,0.4137662351131439
25,0.37351858615875244,0.413709431886673
26,0.3735167384147644,0.41309982538223267
27,0.373334139585495,0.4128859341144562
28,0.3733617663383484,0.41396790742874146
29,0.37308385968208313,0.41300731897354126
30,0.3729642629623413,0.41305720806121826
31,0.3729586899280548,0.4127487540245056
32,0.3730423152446747,0.41348952054977417
33,0.3728356659412384,0.4139425456523895
34,0.3730657994747162,0.41427379846572876
35,0.3731943666934967,0.41395431756973267
36,0.37301453948020935,0.4140918254852295
37,0.37279534339904785,0.41390261054039
38,0.37259066104888916,0.41357943415641785
39,0.3729551434516907,0.41369813680648804
40,0.37263041734695435,0.41360050439834595
41,0.3727057874202728,0.4138363301753998
42,0.372583270072937,0.41368335485458374
43,0.37265223264694214,0.41380903124809265
44,0.37260714173316956,0.41421476006507874
45,0.37275904417037964,0.4141945242881775
46,0.372821182012558,0.41417020559310913
47,0.372982919216156,0.41434699296951294
48,0.3731248080730438,0.4149748682975769
49,0.3733084797859192,0.41569462418556213
50,0.3731621205806732,0.415692538022995
51,0.3731967508792877,0.41604435443878174
52,0.37298235297203064,0.4157258868217468
53,0.3730580508708954,0.41590967774391174
54,0.3730357885360718,0.41599106788635254
55,0.373087078332901,0.4161832630634308
56,0.3729533851146698,0.4158145785331726
57,0.37288743257522583,0.41572850942611694
58,0.3731285035610199,0.4163736402988434
