0,0.6791148677124633,0.6798260179581893
1,0.6665069434013813,0.6674885735947715
2,0.654561896103767,0.6563345205491632
3,0.6430519565159137,0.6457240176164922
4,0.6321228628204305,0.635668663879216
5,0.6214522089451174,0.6258544065476513
6,0.6124557962228072,0.6175392643492845
7,0.6029609698383173,0.6087868248325154
8,0.5939959831145433,0.6001856365463976
9,0.5849920590839464,0.5919700170985693
10,0.5773817014401519,0.5849685052106026
11,0.5700041873781563,0.578411488165645
12,0.5628037202001536,0.5719470955446624
13,0.5546580150738258,0.5648734949886127
14,0.5482538367823037,0.5592282792285032
15,0.5405667609957687,0.5522573252831581
16,0.5353391710617923,0.5470653842520601
17,0.5280734070324412,0.5410307017173326
18,0.5218582246494199,0.5350305842447113
19,0.5163709844590003,0.5303237484792525
20,0.511346262372958,0.5259438554703577
21,0.5045834700145644,0.5202060235107899
22,0.5001019730790247,0.5165663051873288
23,0.4954165224145949,0.5125478235412501
24,0.4907579502663898,0.5082869989726603
25,0.486964307057523,0.5050071205348462
26,0.48202113446790884,0.5007573664072356
27,0.4779519269898301,0.49754771797531494
28,0.47438720671997964,0.49426856020735177
29,0.4706968362067336,0.4909528067635374
30,0.4662606468901079,0.48729952891013223
31,0.46220824288942985,0.4834811558358556
32,0.4578766535374613,0.4797014564005005
33,0.4540609796370766,0.4765365951640837
34,0.45096958136111537,0.4738155774314156
35,0.44808660930488375,0.4717204147869757
36,0.4449816049773432,0.46925159100308583
37,0.44103267385552886,0.4662484054652426
38,0.43785206000000304,0.4637065512446526
39,0.4346927461203494,0.4613691198134047
40,0.431354562154117,0.45801797212939566
41,0.42857444720763205,0.45592129595667896
42,0.42542525205269976,0.45286631142857825
43,0.4221069497285956,0.4504484102641829
44,0.41980423008815393,0.44878089772344393
45,0.4175303988889515,0.4469469638062424
46,0.4150473870427667,0.445130801278195
47,0.4127957883501633,0.44337390834829826
48,0.4109422173901471,0.44195458108882
49,0.4089428990272662,0.44045542206210714
50,0.40666611121122376,0.4390061129589149
51,0.4039330823947811,0.43719752929142813
52,0.40142980279728885,0.43542697335372643
53,0.39959591342566886,0.43385641181296913
54,0.39787286779026193,0.43257900587200293
55,0.39569942508126893,0.43077818372448945
56,0.3943019051808769,0.4298286641014379
57,0.3927406940266013,0.42853890107048487
58,0.3911910793171173,0.4273068448939689
59,0.38916426034135915,0.4254354895249909
60,0.3873691889571883,0.4238784763150958
61,0.3851720750339279,0.4220665742450645
62,0.38330372194069207,0.42047972582854365
63,0.3818293758567403,0.41939293988141724
64,0.38047998500116004,0.4184842570981348
65,0.3789187984835696,0.4176897519783699
66,0.37702988884068317,0.41648014303834224
67,0.3752823425399064,0.4153930435961775
68,0.3734920348131186,0.4142628526526414
69,0.37177003268823156,0.41335348579098347
70,0.3703035190608977,0.4124238850468419
71,0.3687144971519953,0.4113330837959305
72,0.3667417283845001,0.4098043738413131
73,0.365224292316329,0.4087966189683032
74,0.3641100704211114,0.4080149042577246
75,0.36270727673076003,0.40708980900862163
76,0.3615204009105113,0.4067286089133246
77,0.3605734643981745,0.406146166919232
78,0.35939617763611764,0.40542255875072725
79,0.3584984784049907,0.4048510134243145
80,0.3571606009980275,0.40410842961321114
81,0.3556881535799236,0.4034770956588912
82,0.35468661749232694,0.40291418513075716
83,0.3532906233716727,0.4021363993495264
84,0.3520876987158941,0.40114974780106083
85,0.3506899771595345,0.40019428141838514
86,0.34982107539559704,0.3996180617469275
87,0.3482137638580601,0.3985641720495964
88,0.3470258153965759,0.3978619363791402
89,0.3459303862782279,0.39727838959721895
90,0.34502056071191084,0.39661445317719196
91,0.34369800548407525,0.39578116285248266
92,0.34260728932326917,0.39498010910264103
93,0.3413231305204247,0.3940534561109271
94,0.3404592692920014,0.39355515056292434
95,0.33910006962483924,0.3927047046024869
96,0.3381899073885336,0.39224526978316987
97,0.33728273603321646,0.39170525091230257
98,0.3359773606112815,0.3904130283846894
99,0.33503699540649734,0.3898371577011746
100,0.333524881424831,0.3889560648818164
101,0.3327093771140794,0.38857639480767137
102,0.33174751208170505,0.3877035042879773
103,0.33079661449742637,0.38689700037631686
104,0.3296114947301802,0.38594487937250277
105,0.32830811430000995,0.38533897944611356
106,0.3270924974874454,0.38457237935395355
107,0.3262302524100056,0.38405567321703005
108,0.3252531664410381,0.383498047941008
109,0.32439749169178206,0.3829219418374409
110,0.32328638162992124,0.381935836245767
111,0.3220313919876613,0.38120019501078395
112,0.3211096971450031,0.38058527970964934
113,0.3196556219032766,0.3794373246472693
114,0.31888203034771784,0.3789185329963638
115,0.31786151439148536,0.3781866398941703
116,0.31674931723432975,0.37783314069529306
117,0.3159599095348917,0.37725791929593555
118,0.31531582713017975,0.37690417591711156
119,0.3145340696571111,0.376345501854559
120,0.313483895310787,0.37560483513243365
121,0.31268531501849156,0.3751217234842948
122,0.31157914512201695,0.374495641734802
123,0.31093271145967594,0.37424261702145306
124,0.30982912588875666,0.37383346208283
125,0.30915020205596705,0.3733776279091814
126,0.30831119753646996,0.37294868904629674
127,0.3074764369631721,0.37249536264971805
128,0.3066734883324633,0.37205450821021985
129,0.3058715278187016,0.3714420640179596
130,0.30522186389766026,0.3709112515780878
131,0.3043807552434062,0.3704350923532386
132,0.303530006155812,0.370251535233967
133,0.30236555812434046,0.36979072988245065
134,0.3014892170065563,0.3691106050794831
135,0.30059586960090606,0.3685479713460587
136,0.29980439059612085,0.3679104887631152
137,0.29896073896268593,0.3672549847912834
138,0.2983294813763068,0.3671474976335592
139,0.2973094373749005,0.3668432379460158
140,0.29671178021412026,0.36657325254309936
141,0.2957163854900619,0.36610113550833107
142,0.29494969835789353,0.3658638839448459
143,0.2943351735007772,0.3655804381129389
144,0.2930939035059531,0.3646492223630563
145,0.2923769262700955,0.36424291788954716
146,0.2913767418328988,0.3635797890815548
147,0.29066040823321676,0.363172425470882
148,0.2900874540857325,0.36313820577245276
149,0.2893987356754252,0.3628993456168297
150,0.2884289302377746,0.36243237007195755
151,0.2879093400458707,0.36207148117912297
152,0.28748977210752896,0.36205245133287767
153,0.2866433613503693,0.3618052139628909
154,0.2859931443823695,0.36163737900689863
155,0.28520758065753754,0.3613283773975535
156,0.2846188412737337,0.3610849967798572
157,0.2841312980604491,0.3608055237858844
158,0.28323129677383246,0.36022573966553756
159,0.28254067807323974,0.35983365890767355
160,0.28180092492129033,0.35947596156527795
161,0.2813403377439415,0.3593141280838275
162,0.28080006904746513,0.35918212087742973
163,0.28021943813959066,0.35885483408161867
164,0.279696352646654,0.3585424879794693
165,0.27923697602491326,0.3581329198628246
166,0.27880531592562385,0.3577414883981802
167,0.27821352187963166,0.35734580428700435
168,0.2777090586494328,0.3569053767346253
169,0.27706442541702525,0.3564614213705075
170,0.2765119949271077,0.35639486518893665
171,0.27605284552309806,0.3561674449295502
172,0.27529049140031386,0.3557160511161807
173,0.27436284257248433,0.35514835860431115
174,0.27389122328880794,0.3546691926483855
175,0.2731235313106921,0.3542305840752367
176,0.2724753879963508,0.353906559383848
177,0.27197423770835033,0.3537074896719275
178,0.2715378780540533,0.35344358413042554
179,0.27112402722354206,0.35316608518711035
180,0.2705693486620038,0.35288277707799487
181,0.27001006885352846,0.3526751380582349
182,0.2694170889996227,0.35222363306008025
183,0.2688525764728143,0.35180492718749545
184,0.2684100102610111,0.35157778986976274
185,0.26756801076190834,0.3510367858701854
186,0.266979424225091,0.35069441817797337
187,0.2664859772231758,0.3505086469979078
188,0.2659042609412883,0.35018269860017753
189,0.2653406723752814,0.3500343503088378
190,0.2649713082732561,0.3498567299673478
191,0.2643804460179282,0.3495695173931543
192,0.26389217866075404,0.34923999566720687
193,0.2635425015199797,0.3491747940296401
194,0.26275670000007145,0.34901472805314343
195,0.26221672395396417,0.34866454710440414
196,0.2616706006256676,0.34835664748191186
197,0.2611770783797339,0.3482524219239452
198,0.2605232908000773,0.34777510722389116
199,0.2601105928779951,0.3474668579264395
200,0.2595421271530487,0.34735584511961376
201,0.25907474165485844,0.34708619725405493
202,0.2586620565636122,0.34680199318036775
203,0.25807547465296105,0.3464376067364767
204,0.2575307209696875,0.34604963266824046
205,0.2570783059932116,0.34582879113642234
206,0.25662913287776795,0.3455269155894951
207,0.2562428607977973,0.34543323762633776
208,0.25545351715124304,0.3450710318944092
209,0.25492182843755307,0.3447012652731633
210,0.25451895965923294,0.34426059528078795
211,0.2540368361226051,0.34397885115928
212,0.2534292921190792,0.343811491225906
213,0.2526094384541398,0.3434442733095516
214,0.2518407307974097,0.3433017366370548
215,0.25142898469763714,0.3432022942402897
216,0.2509932275246325,0.3429029143015493
217,0.2505945765316442,0.34282530508541015
218,0.24995322379153864,0.3423629689521352
219,0.24958806890121962,0.3422430546811994
220,0.24917177718316824,0.342142365267399
221,0.24869789441606677,0.3419538668127518
222,0.2482137589692063,0.3417371564859351
223,0.2475959947968731,0.34135419767935915
224,0.24695287660959492,0.3410310055279886
225,0.2464407231609668,0.34079341492367426
226,0.24606431461361877,0.34064207598985846
227,0.24562107758128912,0.34031825376365393
228,0.24521423445754115,0.3401316644308688
229,0.24468002748091225,0.33991755353966413
230,0.24415204560035864,0.3396783691292939
231,0.24375554833025562,0.3395203094301562
232,0.24322757081052107,0.3392675768400115
233,0.24262767254303458,0.33897128619671973
234,0.24233822404842445,0.3389762201925598
235,0.24192033704950283,0.3388597247567297
236,0.24143620797365659,0.3384490109708886
237,0.24089607764391618,0.3383176162868717
238,0.24058006551770736,0.33809892860673163
239,0.24016327324441536,0.3377299422674458
240,0.23987753238590948,0.33751828791427607
241,0.2390151404700979,0.33712317589291
242,0.23861616942222105,0.33686415243172824
243,0.23819070383684346,0.3364912059059796
244,0.2376392308140633,0.33630876439592977
245,0.23718030853157662,0.3360724542456575
246,0.23686643703006946,0.3360620986452543
247,0.23634641192278052,0.3358562275587094
248,0.23573567510957394,0.3354128668880805
249,0.23529267635706166,0.33502720520702944
250,0.23485099748498547,0.3348803509629387
251,0.23444142392511577,0.3347159336850664
252,0.23416036093963238,0.33459709121842324
253,0.2337328745595702,0.33444674205954855
254,0.2333381555498993,0.3343570418141682
255,0.23290815780150675,0.33402261551284257
256,0.23242230380339277,0.3335694321069366
257,0.23210711642611342,0.3334959894274007
258,0.23174212518307005,0.333484938836454
259,0.2312687025915416,0.33320851818495506
260,0.23084488079906518,0.33302035013745357
261,0.23050318725142552,0.33283816628637075
262,0.2301206900922039,0.33252003440845435
263,0.2298944034376155,0.3324524588108418
264,0.22949425501761408,0.33235750043441137
265,0.2290114038828543,0.3320250043829135
266,0.22870575670483156,0.3318822943197114
267,0.22821189402453443,0.3317590759621267
268,0.22766316397823735,0.33153521552935145
269,0.22729912033174599,0.33145478229768527
270,0.22705722548509757,0.3313554077194642
271,0.22644350791513285,0.33098677884040234
272,0.22595345502086067,0.3308529859558088
273,0.22561300639271262,0.33072020299222027
274,0.22527318461796975,0.3306846173094907
275,0.22486180971973968,0.3306189212323394
276,0.22445963372330469,0.33037088193694314
277,0.2241032502172468,0.3302617801386457
278,0.22376787985265922,0.3300918912325379
279,0.22342871490015798,0.33000690412177347
280,0.22283311443080048,0.32967789057759245
281,0.22242665113402502,0.32952818327084316
282,0.22208019079113675,0.3294378413994411
283,0.22149124628694708,0.3291478221698639
284,0.2209865693923392,0.32894233349026536
285,0.2207126167917595,0.3288385551318587
286,0.2202387775856699,0.32857307643430267
287,0.21993037500366225,0.32839638828433176
288,0.21931961352416798,0.328115168690446
289,0.21882272432441446,0.32798379370403286
290,0.21836777012735079,0.32778701397003135
291,0.217984581721874,0.32747947089167284
292,0.21766990314968354,0.3272689442941608
293,0.21730569764501792,0.3271304346676324
294,0.21698243440266932,0.32705753929906317
295,0.21654109856442658,0.3268294561277028
296,0.21623069363472064,0.3266779467512629
297,0.21590596349664293,0.32643635679578703
298,0.2155769164936475,0.32620148600837223
299,0.21521733299282575,0.32598682538336543
300,0.21492115172934734,0.32601455148010916
301,0.21451140237222363,0.325837782270182
302,0.21384577268398308,0.3256364925324946
303,0.21347642942304673,0.3255086170336363
304,0.21328108367813797,0.32550445491188595
305,0.21274911596360915,0.3252035683838224
306,0.21249282715029447,0.3250800843428907
307,0.21210215316850878,0.32508535916851605
308,0.21172958881362278,0.3250436783807243
309,0.2113113772704076,0.324850999222201
310,0.21101297259049526,0.324642245627327
311,0.2105883186290363,0.32461176119089935
312,0.2102212645677766,0.32458000929540626
313,0.20980489127817123,0.32445239436317325
314,0.2093159618285844,0.32431069472322455
315,0.20877368243372793,0.3240636246188502
316,0.20838903839535028,0.32407060764040074
317,0.20801175232705627,0.3240652270830436
318,0.2076480598116087,0.324016989515305
319,0.20701273368647946,0.323803601258056
320,0.20665850887375253,0.32365148466596055
321,0.2062244537236275,0.32360364756157217
322,0.2060112872472954,0.3235536580430217
323,0.20568004283181693,0.3234837881650679
324,0.20535746863126192,0.3232855730745607
325,0.2051102540108623,0.3233065684441285
326,0.20475041537159633,0.32321778763118814
327,0.20433875623843437,0.3230138933585037
328,0.2038226016707624,0.3227472484541216
329,0.20337098352250285,0.3224960398260876
330,0.20295746360822442,0.3222916332206773
331,0.2026490694860578,0.3222021624338659
332,0.20234159039768712,0.32207583544312646
333,0.20199349817043058,0.32199746773229254
334,0.20152010319803973,0.32184247207671884
335,0.2009172330730483,0.3219769919771741
336,0.20044925256912335,0.3219391803529577
337,0.2001065962092439,0.3219550031644625
338,0.19961704206723477,0.32174150710873217
339,0.19936257500598323,0.3217369727486747
340,0.1990431111610303,0.32154099892564747
341,0.19867209577204456,0.3215086261713832
342,0.19834221396359344,0.32120552006548264
343,0.19796952692389874,0.3210050208355078
344,0.19751749863015058,0.3208552503814985
345,0.19711574700690837,0.32073683228231875
346,0.19686006414577983,0.3206837178736401
347,0.19648026975821348,0.3206350286250078
348,0.19596464174418257,0.3204565109858795
349,0.19571252432352323,0.32043362764490657
350,0.1954350604559844,0.32032216729896457
351,0.19508233706475872,0.3200313733623704
352,0.19472474888289037,0.3198249360107689
353,0.1944062248018515,0.3196044762828303
354,0.1940810118755869,0.31935891400308963
355,0.1937290409856009,0.3192606220590732
356,0.19327045130483975,0.3189127531810229
357,0.19292856267021347,0.31869747825138706
358,0.1926485234929324,0.3187297810275369
359,0.1920668112157088,0.3185635707157023
360,0.19181967077178727,0.31865311114128336
361,0.191512433886491,0.3185717081472563
362,0.1910957590731655,0.3182724410175249
363,0.1907126096153351,0.3182630613147991
364,0.1904666254776552,0.318246213656256
365,0.19019758050624389,0.3182386803497876
366,0.1898716097993178,0.3182049801593409
367,0.18917819319849338,0.31810256047266805
368,0.18886266834710116,0.3182250237762658
369,0.1884660421793636,0.3182096599419448
370,0.1878195241276801,0.3179620345171801
371,0.187447192446637,0.318010731804002
372,0.186892969125379,0.3176994369833391
373,0.18646913730782907,0.3173277844858493
374,0.18599337631725987,0.31725175072246026
375,0.1856257013943271,0.31717020634034643
376,0.1851375940201935,0.31686456144310887
377,0.1847665133188299,0.31696614455049305
378,0.18435062695158633,0.31651945909592394
379,0.18390978055561866,0.31627834863256277
380,0.1835023830370732,0.3161163804641942
381,0.18326673913133745,0.3160285083002582
382,0.1828436312615605,0.3157555971468529
383,0.18251648816035615,0.31578313891604176
384,0.1822147509987416,0.315759647587687
385,0.1819045671886506,0.3155399616731213
386,0.18151853613690494,0.31543577781421167
387,0.1810948851157321,0.3152814644891707
388,0.18059696783021423,0.3149962131731617
389,0.18027130081816706,0.31483219436303594
390,0.17983166893251723,0.31431533096643016
391,0.17943870190365427,0.31432788364733516
392,0.17911755236067842,0.31421875884306877
393,0.17871401030852418,0.31413581939810997
394,0.17834133340121203,0.31406883107801153
395,0.1777749684883727,0.31406905430111626
396,0.17741604746849654,0.3139413317024619
397,0.17713867769714678,0.31387381033685624
398,0.17677090055676262,0.3137965582684804
399,0.17647834895361378,0.31379278368006513
400,0.1760892002039196,0.3136497229573821
401,0.1757573589140483,0.31339379494720515
402,0.17532336676915586,0.3133055537830294
403,0.17508862848269427,0.31328965455605456
404,0.17463783636552274,0.31313075251609157
405,0.17436097473783088,0.31313006004067917
406,0.17401037514135742,0.3131212406120605
407,0.17375767810734116,0.3131226155153659
408,0.17350308488483668,0.31304108126559754
409,0.17323946160906548,0.3129321724994828
410,0.17289595171413263,0.3127239204645583
411,0.1725779716859784,0.3127360819512425
412,0.1723207986652518,0.31254295620513434
413,0.1719412487721788,0.31254232610063976
414,0.171617027197282,0.31255466244415075
415,0.1712857728200979,0.31250833179573734
416,0.17074061045434713,0.31222440253828787
417,0.17052059952583168,0.3122388660022109
418,0.170279708542235,0.3121992615962836
419,0.1699910756461424,0.3122721247908158
420,0.1696861067276632,0.3121979472474242
421,0.16915268580440126,0.31206772286267764
422,0.16885527565766348,0.3119675128296961
423,0.1685986150294794,0.3116931050185564
424,0.16814812499893816,0.31153668940378465
425,0.16785046626978606,0.31151333810624515
426,0.16754218865475526,0.31147740076887503
427,0.16730232821393093,0.3113821678802613
428,0.16696632455230528,0.31116678661423663
429,0.16674692626290444,0.311094621148871
430,0.16639691562724152,0.3110920194877238
431,0.16603070403108577,0.31091858767978964
432,0.16572319078466155,0.3109203391829407
433,0.16531371971005346,0.3107457923427549
434,0.1650548747365798,0.31072130309162443
435,0.16476160248171196,0.31061370285094037
436,0.16441808395949892,0.3105951313434361
437,0.1642008596864259,0.31050141158078665
438,0.1639550245797846,0.3105367525752397
439,0.16361792090663194,0.3102353594334774
440,0.1632359978685774,0.3099942903600135
441,0.16294188212361885,0.30992505812510646
442,0.16251338668249,0.30964340601724977
443,0.16218575461496335,0.3096033298546766
444,0.16184719196706454,0.3093347191993582
445,0.1615230624962007,0.3092742519077915
446,0.16128017689162222,0.30932476669314457
447,0.16097014075085458,0.30922808668615376
448,0.16071947098753353,0.30918163004611426
449,0.16051891247915562,0.3092151459092204
450,0.16025809067488087,0.30901048891166044
451,0.15996983859189426,0.3089236273258172
452,0.159626121083027,0.30888373614912235
453,0.1594268275109849,0.3087589181563257
454,0.15913276263700693,0.3086987724951444
455,0.15890205751938932,0.308678362494999
456,0.15854286390437894,0.30853903040545266
457,0.15830655117397321,0.30855068990419576
458,0.1579859162853563,0.30870755814848655
459,0.157700401450768,0.30873414909353025
460,0.15734120070432903,0.30866344869702134
461,0.15706504314910294,0.30859717722802205
462,0.15688510891258242,0.30864853755000293
463,0.15665673262730836,0.3086467394413932
464,0.15634020663213205,0.3086189872556901
465,0.15613290272802965,0.30856059213275455
466,0.15570319863787901,0.30827769015363815
467,0.15548987507677667,0.308301546896004
468,0.15519692251601688,0.30818566886288185
469,0.15496761440400053,0.3081527325385837
470,0.15474082755865234,0.30811991042044073
471,0.154424609494751,0.3083357992215178
472,0.1541401219559102,0.30816376219137415
473,0.15388999001460896,0.3081320994246683
474,0.1536497680943525,0.3081797705721525
475,0.1533830960380408,0.30828385031994326
476,0.15303881672403638,0.3081375968878895
477,0.15275553096967387,0.3078997817842019
478,0.1525744161195544,0.30799512749821534
479,0.15227406632885065,0.3079498288272511
480,0.15189072552875058,0.30800331058791053
481,0.15162278645976487,0.3081747028261188
482,0.1512732350135415,0.30808967568998974
483,0.1510680368397249,0.30807319378185777
484,0.15083305260408433,0.30795477225217244
485,0.150426494291592,0.3077096197144785
486,0.15025516335214373,0.30774741536166705
487,0.1499786965663702,0.3078064062249761
488,0.1498086759406608,0.30776033422546345
489,0.14954092156170673,0.307622213493171
490,0.14927951300987127,0.3077786752016554
491,0.14910979244348307,0.30770801692668753
492,0.14890109823088374,0.30765414798432145
493,0.14864810205291126,0.3076560458293146
494,0.1484025649112139,0.30772558889880525
495,0.14813293040868128,0.3077918333347392
496,0.14786101264963752,0.3076756266272099
497,0.1476570171062833,0.3077322556351711
498,0.14748568447162902,0.3076726314679627
499,0.1472871817744619,0.30763969061141777
500,0.14699663097505566,0.3074192127170899
501,0.14677211478989,0.3074453741928107
502,0.14651606877540013,0.30754254002456954
503,0.14633421897925186,0.3074464378861182
504,0.14605948393866106,0.30734523757396764
505,0.1458228738251856,0.30723392071529515
506,0.14553792484942754,0.30723739371911746
507,0.14529480380964746,0.3072091122004359
508,0.14511260500504755,0.30708260791711717
509,0.14487037885918388,0.3070924707000843
510,0.14467551528265954,0.30711287969440837
511,0.1444039072888585,0.3069361034444528
512,0.1442412489242084,0.30690823313525106
513,0.14401461712707056,0.30688417637409937
514,0.14371505244014088,0.3068953001296445
515,0.14340745922624842,0.3068787539232327
516,0.14313319034694974,0.3069532174280756
517,0.14295189527168903,0.3068364495083937
518,0.14261043316985084,0.30674999988478735
519,0.14239392229218267,0.306670722166151
520,0.14208182688781204,0.3065340535428374
521,0.1418373195812021,0.3066012003388485
522,0.14166715695782442,0.3065019991193498
523,0.14136905370033614,0.30631612586415574
524,0.14108743973775703,0.30634830264972646
525,0.14081431428853516,0.3062492478057585
526,0.14043879815265592,0.3061354858498852
527,0.1402553774195353,0.30608064684986797
528,0.14004357152292146,0.30592442969389877
529,0.13982260996776003,0.3058548974011858
530,0.1395464509809753,0.30582148378393376
531,0.13931826961016075,0.305464977142336
532,0.13907054282201264,0.3053374117900358
533,0.13885715095960446,0.3052149530756181
534,0.13859634934562606,0.3052843365165615
535,0.13845937046436776,0.30529286250944143
536,0.13821884105363613,0.3052572716646955
537,0.13795445716183846,0.30519111898895634
538,0.1377485341049947,0.3053024423703143
539,0.13750450798803637,0.30516870913681476
540,0.13723412199861246,0.3050374261063997
541,0.1370737677856795,0.3049760527834807
542,0.1368686649670835,0.3049960508526376
543,0.13656329843838916,0.30494548129587773
544,0.13641645193566215,0.3049835998279704
545,0.1362021214874271,0.3050367777221558
546,0.1360522331066313,0.30500818847470884
547,0.13584814080748794,0.30499064194328745
548,0.13563493646538846,0.30494636522051705
549,0.13533411589586428,0.30496893515957446
550,0.135209193220073,0.3049462424959186
551,0.13499537257693647,0.3049547962164721
552,0.1347660553542865,0.30515140780064975
553,0.13459753156261509,0.3051196201782277
554,0.1343854190511127,0.30504006662021194
555,0.13417432470437254,0.3050802948563155
556,0.13393557545973434,0.3050162601235894
557,0.1336807983885569,0.30504035022809933
558,0.13344118128911583,0.30502580145685604
559,0.1331799705939514,0.30498132296361563
560,0.1330762865456149,0.30500175870837826
561,0.13291196094334184,0.30494542132245334
562,0.13266710399783943,0.3047687706127998
563,0.1324833594345857,0.30486094395335267
564,0.1322274818689904,0.3049309843749834
565,0.13196169652103978,0.3047899689898062
566,0.13174816496995873,0.3048904077413077
567,0.13154398495165356,0.30488939197421266
568,0.131375937514712,0.30500869631116784
569,0.13126932561299495,0.3049975633724292
570,0.13110868325019878,0.30499439590476074
571,0.1308103595604287,0.3047589928426029
572,0.1306138617600131,0.3046118298954872
573,0.1304727491899781,0.30463563373848607
574,0.13030983970727406,0.30458447192116145
575,0.13015941795639774,0.3046108970490561
576,0.13001361049837515,0.30453973861801836
577,0.12979888037330006,0.3044925608324749
578,0.1295936304700302,0.3045109632547292
579,0.12942441315594844,0.3045513989072136
580,0.12914178439265434,0.3044915282783173
581,0.12902162646213816,0.30446102619965504
582,0.12890266606582804,0.30443450022839413
583,0.12871957572395834,0.30451978144201297
584,0.12848285654560193,0.3044908966250938
585,0.12825920466617627,0.3045709779592141
586,0.12808756771545302,0.30456760192243243
587,0.12782641665314826,0.3043932265739508
588,0.12761543513959547,0.3044392529907412
589,0.12743234464231262,0.304540392493769
590,0.12729967876932063,0.30449143841422605
591,0.1270935314522211,0.30450131566648253
592,0.1269299287246302,0.3044188731918468
593,0.1267861747822366,0.30444860261840617
594,0.1266305101811072,0.3044123275579031
595,0.1264359166150483,0.3045493960566428
596,0.12622318114240766,0.3044105125940514
597,0.12606553322197797,0.30442088819488394
598,0.12590977997707098,0.30441780386216505
599,0.12572119809661236,0.3042981816211642
600,0.12556056774318264,0.30424842869031005
601,0.12546757987564186,0.3042119526137734
602,0.1252680262289377,0.30438405073036995
603,0.1250680003889684,0.30431335842700363
604,0.12488657330364722,0.30433407649927335
605,0.12477957485195111,0.3042348974730806
606,0.12461466832132236,0.3042164518906861
607,0.12444204045448065,0.3041678731484053
608,0.124271106268625,0.30410009819468065
609,0.12412422742192299,0.3040781124002076
610,0.12395206847541942,0.3040001457962399
611,0.1236537008398049,0.3039721250279976
612,0.12343574970033688,0.3038814902932529
613,0.12315199462553986,0.3037209810904688
614,0.1229284324680705,0.3034858760552043
615,0.12279528975977047,0.30346180970228226
616,0.12261840328666689,0.303372660593516
617,0.12247353592651164,0.3033601782538236
618,0.12227970043251392,0.30345931151077715
619,0.12204492038801805,0.30333604838977035
620,0.12186207269696064,0.3032275409335693
621,0.1216956528936526,0.3031806270615467
622,0.12156064752401446,0.30321193222176596
623,0.12142250035166267,0.3031779061459919
624,0.12124779581401968,0.30319007459465225
625,0.12110003920908909,0.3030529077024057
626,0.12091500772408881,0.30311687832346373
627,0.12066430249974143,0.3029673884412811
628,0.12045532249114059,0.3029806848130245
629,0.1202681656248788,0.302933979623041
630,0.1200216775179568,0.3028083754478726
631,0.1198114057115217,0.30265971389292773
632,0.11960397465772019,0.3026108403524867
633,0.119414528712967,0.3026438823641082
634,0.11928605493171979,0.3027086736567265
635,0.11908148599569765,0.302623420730206
636,0.11889399499948101,0.302650034959821
637,0.1186982203188933,0.30265658520190597
638,0.11857086003080163,0.30254317948239917
639,0.1183923363143512,0.3024976446481629
640,0.11820873778627,0.30254683809643257
641,0.118041250245104,0.30258416711626385
642,0.11789105446772849,0.30246789156508513
643,0.11776836313166673,0.30236165448618624
644,0.11762582181011857,0.302364801793668
645,0.11739094100193184,0.3023411260424056
646,0.11723314657222701,0.30228585447425904
647,0.11701052676842841,0.30247505989918144
648,0.11689954627557815,0.30244409122629295
649,0.11674518785817557,0.30239239971377985
650,0.1165092892723719,0.30237931908763066
651,0.11636063143396336,0.3023228767028513
652,0.11622208373369948,0.30224900211152683
653,0.11610638650204974,0.3022836012908639
654,0.11593206623961827,0.3023889620027689
655,0.11586030123296034,0.3024338351496995
656,0.11572318861729562,0.30246328180982585
657,0.11560134395313139,0.30232144395478916
658,0.11540552594511407,0.3023632535826555
659,0.11523480967393962,0.302240949761517
660,0.11505589771831719,0.30224705040698097
661,0.11491434494561213,0.30231455937674
662,0.11478800344809813,0.30229773905193724
663,0.11461405860094077,0.302336807828373
664,0.1144498535470081,0.3023053660314701
665,0.11426221350911447,0.30227380385788555
666,0.11415983228508299,0.3023510564352445
667,0.11400918791642742,0.30240851267790336
668,0.11386163697444107,0.3024102614879926
669,0.11365348194372663,0.30246720385886783
670,0.11358373973871065,0.30245584358248806
671,0.1134514959012386,0.3023981834870946
672,0.11331811156387524,0.30241970161167303
673,0.11314336080793296,0.3023807409757211
674,0.11300933397871583,0.3023923925666877
675,0.11291067190662578,0.3023917506959844
676,0.11278039780367921,0.3023317928772387
677,0.1125684324952607,0.3021134106005589
678,0.11241051718973775,0.3019832622641778
679,0.11228324471285318,0.3021404884981738
680,0.11215976435808603,0.30211458806737307
681,0.11201654460631738,0.30204348403216047
682,0.1118556106176763,0.3019404265156422
683,0.1117218980310808,0.3019740754581568
684,0.11156256512077564,0.3020855620373932
685,0.11135130198147432,0.30199359250822416
686,0.11119172092955462,0.3020067426014793
687,0.1110187906000383,0.3020145781769741
688,0.11085642545653064,0.3020496674039339
689,0.11064580765508646,0.30215066646770933
690,0.11047201010490844,0.3021215751932575
691,0.11031537054248593,0.3021612578378941
692,0.11016485193128663,0.30224660486896765
693,0.1100257481234428,0.3023742917744982
694,0.10979235463393869,0.30236498612759927
695,0.10963394629637435,0.30237135257939424
696,0.1094504377363203,0.302255434945311
697,0.10929055862324852,0.3021982182820919
698,0.10911549272828372,0.3023437547270903
699,0.10900352546135308,0.30243092636295976
700,0.10887994133407791,0.3024333359659754
701,0.10876377317004474,0.3024922905683201
702,0.10861821708724786,0.3024826635683586
703,0.10850739986331626,0.3024924084881299
704,0.10829376685473562,0.30239738073861194
705,0.10806408484457354,0.3023587562720064
706,0.10791061395422634,0.3024125331037621
707,0.10777651293141717,0.3023356141452097
708,0.1077175797533354,0.3023267324815424
709,0.10753777581409289,0.30238486925958397
710,0.10738471112100013,0.3023078523519177
711,0.10726998547503278,0.3023543536837136
712,0.1070811886036029,0.3023589186325146
713,0.10692010735036023,0.3022547582947034
714,0.10671936742904052,0.3023703550887393
715,0.10645926976495503,0.3022657412554225
716,0.1062556619963835,0.30197882148151667
717,0.10614951620230403,0.30190793575824154
718,0.10598881832740947,0.3020284576686245
719,0.10585479274797312,0.30189971097756324
720,0.10574445370117562,0.301853021928501
721,0.10563666168632699,0.3018843816830492
722,0.10553461069397042,0.30198081351325917
723,0.10540857927067525,0.30199529763287253
724,0.10529576895861656,0.3019091529548568
725,0.10516650769706914,0.30183364021642634
726,0.1049940904414155,0.30177963954999293
727,0.10486979008660827,0.30172709985900925
728,0.1047110064766944,0.30163842291929616
729,0.10457016319278854,0.30164183133289596
730,0.10445721815833982,0.3016371606070001
731,0.10436981357495306,0.30163061076782754
732,0.10427258789644796,0.30161320420482096
733,0.10413813075642299,0.3016116893700098
734,0.10396234736888157,0.30160676129266417
735,0.10391489624873503,0.3016288418285646
736,0.10377360953779871,0.3015546496645724
737,0.1036406774249604,0.3016323444423612
738,0.10357399833873598,0.30169508346645335
739,0.10344634362736262,0.3016287867036096
740,0.103261013345773,0.30155984978687095
741,0.10310976600229578,0.3013702209246937
742,0.10297163230509698,0.3014707082014103
743,0.10277228506880035,0.30137887262065755
744,0.10255353989300225,0.30138916691451667
745,0.10244914630036187,0.30135672617492176
746,0.10235011291618246,0.3013724039773196
747,0.102235090957461,0.3013815642683476
748,0.10210413733316409,0.30125144768275924
749,0.1019618948322573,0.30128626086857613
750,0.1019073902939911,0.3013597899496717
751,0.10170283134048885,0.3013604601794805
752,0.10154854316890669,0.3012979137125995
753,0.10144162218881758,0.30127329897383925
754,0.10132427027239481,0.3012542748981377
755,0.10121658129369188,0.3012766714922817
756,0.10109236715941962,0.30134903309918765
757,0.10092132075277842,0.30141843292975845
758,0.10068257562936403,0.3014409272888911
759,0.10055891390698392,0.3015843678326364
760,0.10038679997525278,0.30158627573070046
761,0.10024040515264225,0.3016947843880175
762,0.10007125692849557,0.3017459272947339
763,0.09991873556071337,0.3017902342421326
764,0.09978834261850858,0.30178399817706403
765,0.09960525198338906,0.3018259349036625
766,0.0994832233798942,0.30186848548328743
767,0.09928941303553758,0.3019859055857758
768,0.09918653953710382,0.30202176051920854
769,0.09903932719458813,0.3020467357376658
770,0.09889768440020137,0.30187040730643216
771,0.09880255358508733,0.3017851461390706
772,0.09861348102506141,0.30169949085812214
773,0.09854261415703201,0.30171190925828495
774,0.09842619807802849,0.3016391544795619
775,0.09836979475781703,0.30164441518532303
776,0.09824582455281528,0.30159755190537385
777,0.0981643069785265,0.301632409926538
778,0.09803623316505647,0.3016387440018585
779,0.09782579295459311,0.30154495806827164
780,0.09767043101503013,0.3015807346541492
781,0.09753328232454964,0.30151082254715583
782,0.09741512537307839,0.30154562295027604
783,0.09726264207180556,0.30152037602571136
784,0.09710483551108648,0.30146075168240133
785,0.09700882912092863,0.3014461933902462
786,0.09686587685369916,0.30149511620868313
787,0.09676391537191852,0.3015044523594269
788,0.09664726960661248,0.3015240872290502
789,0.09653641595864802,0.30152722026462603
790,0.09645035011804381,0.30149503331998634
791,0.09629378190876045,0.3015168017744712
792,0.09612672547350709,0.3013858633944574
793,0.09605974602962372,0.3013792301892749
794,0.09595385496001593,0.3014243254484494
795,0.09587236075366745,0.30138008467023375
796,0.09573539574210804,0.30143231367525664
797,0.09566090977259271,0.30143234618921605
798,0.09553424087275575,0.30148389660674924
