0,0.6793018206426708,0.6806267983080684
1,0.6665928617172056,0.6694487619226192
2,0.6554516925150286,0.6593568517449331
3,0.6452088027763284,0.6500667529354756
4,0.6347350222758185,0.6402968363666928
5,0.6239277716066484,0.6307572081123403
6,0.6142787636584492,0.6218354378416893
7,0.6044665351140016,0.6129032395952462
8,0.5960851927822803,0.6054672503458564
9,0.5882566512289668,0.5984863298514751
10,0.5794162347428047,0.5912874288568095
11,0.5710951124308925,0.5838049450886852
12,0.562838484327995,0.5764511110395096
13,0.5555297305892116,0.5695358791338964
14,0.547959087225501,0.5630349861062359
15,0.5413492019726498,0.5572237320483354
16,0.5349475672412576,0.5519803232253482
17,0.529352720067375,0.5471731683999713
18,0.5229086518465274,0.5419133005013733
19,0.5157173406198595,0.5358563701114001
20,0.510516470386516,0.5313207126108185
21,0.5053874441980576,0.526849300981599
22,0.5006711859249554,0.5226983219706349
23,0.49536109544930695,0.5185395691426465
24,0.49032972396707786,0.514335141150989
25,0.48561786274653024,0.510340308845013
26,0.48163343417250787,0.5068961695617761
27,0.47707549344377304,0.503050535411664
28,0.4725981430199829,0.4996280923711948
29,0.4680706428140513,0.4958575645883171
30,0.4636249800444182,0.4919287347519074
31,0.45958173064076047,0.48874994204865074
32,0.456216332521396,0.48601533546859965
33,0.4521482219493564,0.4822320405909742
34,0.44871203418194816,0.47951550190575687
35,0.44573566861504327,0.47720198792254603
36,0.44260681337122587,0.4744094635838834
37,0.4392324761092766,0.4720958253179593
38,0.4361740621882217,0.46982705783122225
39,0.433350895344841,0.46765297591835336
40,0.4305410501839714,0.4657698239840944
41,0.42754680428192343,0.46369772024258776
42,0.42464859678930583,0.4618215481847922
43,0.42187898159619147,0.4599318119207819
44,0.41940700042061274,0.4576191413299449
45,0.4165915258326837,0.45514309372929507
46,0.4141357797775015,0.45328981609826463
47,0.4109248876135018,0.45126734010279695
48,0.40813316575403924,0.44916684543458874
49,0.40559836214133993,0.4471227123859794
50,0.4038984617761859,0.44550894791902146
51,0.40180350467470166,0.4437184433993405
52,0.3995886769155903,0.4422065549652646
53,0.39732865589574395,0.4404773616193361
54,0.39583192660253813,0.43977089135150405
55,0.39443564769838063,0.43844950793080806
56,0.39218785505911125,0.4366939984822225
57,0.3900907193686372,0.4353062919645751
58,0.388282995081759,0.43389699433763756
59,0.3867744916066183,0.4328692228155493
60,0.3842459580710013,0.4312992082776589
61,0.38278745095931715,0.43031850449159126
62,0.38080480207069534,0.42897248638640567
63,0.3797252761435503,0.4280624661386736
64,0.37814641678957894,0.42697995887055473
65,0.37645075654299703,0.4254535263792774
66,0.37508561532654894,0.4248620048656156
67,0.3739023483144399,0.42418792936417066
68,0.37209627805645423,0.4230012488353116
69,0.3704820010956328,0.4221850964242394
70,0.36893873090243146,0.4210843741420049
71,0.36720623308711764,0.4198405459802319
72,0.36582160689841436,0.41863197817934217
73,0.3647315882595947,0.4176110056693756
74,0.3634726927997991,0.4164521458339426
75,0.36201148192847604,0.41536693588876267
76,0.3604199606726357,0.41434801039688945
77,0.3592959619690355,0.413508080874555
78,0.3580407610351346,0.4125952343372245
79,0.3567969172948757,0.4117566618288567
80,0.35579120151112087,0.4112471092578027
81,0.3544365599296334,0.4101148262911854
82,0.35326106653176204,0.4092664224156031
83,0.35201624212710236,0.4083581567685967
84,0.35117393583318335,0.40794553889956553
85,0.3500743550929533,0.40752973159281675
86,0.3489761108651421,0.4067091808768121
87,0.34774143743713354,0.40586977185592354
88,0.3465906680851383,0.40515147851126276
89,0.3457462111247927,0.40448598641172806
90,0.34474815281354554,0.40396966844421095
91,0.3427515385396314,0.4025260687016109
92,0.3417869053053921,0.40185111550285524
93,0.34056357389604125,0.40113777485236507
94,0.3395642318055385,0.40041559406975796
95,0.33857478395655755,0.3998285794476888
96,0.337279712029684,0.3990630976301776
97,0.3361183161552887,0.3982445851873271
98,0.335169066880606,0.39747333996744844
99,0.3342844154015054,0.3968204798288962
100,0.3332190243598987,0.3961889601775272
101,0.33214583747257276,0.3956325839924256
102,0.3312026561712668,0.39493379261670886
103,0.3304198226762641,0.3943268009748746
104,0.3295152983210772,0.393948749717473
105,0.32851157062308856,0.39355040240780154
106,0.3269401113848429,0.39256158680944114
107,0.3260050171328029,0.3919103600436539
108,0.32491603724220003,0.391119385292179
109,0.32410782483839534,0.390384092986753
110,0.32304140398852843,0.3897622627029035
111,0.3221906772360246,0.38940102284396344
112,0.3212373447138469,0.3891829829751188
113,0.32022598883502973,0.3884242879687255
114,0.319238501152952,0.38771538745078216
115,0.31842693544763295,0.3870404584271682
116,0.3175534662039664,0.38648961468395654
117,0.31669550126144186,0.38601858068913864
118,0.3163686193764461,0.38570966629930403
119,0.31530391670410113,0.3849148039667065
120,0.314180315036705,0.3843213746753528
121,0.3128544698622672,0.38353784247113804
122,0.31221871243418375,0.38309806825691134
123,0.31146357459926655,0.38258724854762605
124,0.31072557133097256,0.38227988599863855
125,0.31004188881934,0.38170976996625167
126,0.3089960491410076,0.38101929359697373
127,0.3082087980141585,0.38056646848353853
128,0.3074394257256758,0.38032260208720364
129,0.30623628445911383,0.37978612799746336
130,0.305264920958343,0.37923318606950385
131,0.304773265107826,0.37896819160685025
132,0.3037228911193719,0.3785853685388211
133,0.30304950449235507,0.378109816831229
134,0.30222777630796144,0.3779067646829775
135,0.30164567987994934,0.3774558558201683
136,0.3009190376369717,0.3770761874357212
137,0.29982616498174575,0.37645952085991313
138,0.2990670914030679,0.3759338125748273
139,0.29816851871486394,0.37536328146084014
140,0.29753781561486503,0.37510371273104953
141,0.2966647100213268,0.37447676831238935
142,0.29612224284112676,0.3740631433176841
143,0.295384814322128,0.37342209224919837
144,0.2948898856371071,0.3731326414666299
145,0.2942544177761068,0.37275993310821204
146,0.2936272014525442,0.37244606984188183
147,0.29298616163774877,0.3723380614252959
148,0.2921377229979546,0.3716036988621721
149,0.2913166931449908,0.370983229833998
150,0.29068664224276713,0.37093899668765973
151,0.2901319815888945,0.3707951493485827
152,0.2894655187658897,0.37056776926864
153,0.2889817929335229,0.3702686593739655
154,0.2882186213537388,0.36983938176611547
155,0.2876699523290752,0.3696801521494764
156,0.2871146254044425,0.3694943520507252
157,0.28667306166899864,0.36908906489304033
158,0.28587314380767154,0.3683782715115381
159,0.28504772131061373,0.36812639892689886
160,0.2842083120744501,0.36781127562234417
161,0.2836342459853978,0.36730688887957785
162,0.2828884189890622,0.3667153202738669
163,0.2823809909837578,0.36644972716637075
164,0.28163133846720306,0.3659717571961534
165,0.2810655827887277,0.3655591289487112
166,0.28037421708186033,0.36507536692180864
167,0.280010993806828,0.3649954519000455
168,0.27927976219676875,0.3646682969304335
169,0.27859397602008773,0.36427459779938376
170,0.27812252865851234,0.36398501704387315
171,0.27754616609334887,0.36377342465490353
172,0.2767659910994545,0.36341713824191807
173,0.27577774644060826,0.3627720366590709
174,0.27502422714302965,0.36238615186887907
175,0.2745716693973701,0.3620903057475231
176,0.27413187025386404,0.36200548955386663
177,0.27347032938764027,0.3615750677279377
178,0.27305950293040376,0.3613013523428155
179,0.27240386399525346,0.36104372370011384
180,0.2719539790357613,0.3607490502675578
181,0.2713542545747603,0.36026104096849215
182,0.2706824178960769,0.3597454743151584
183,0.2701886133921037,0.359447501323756
184,0.2697289023638097,0.3593103470460913
185,0.26930435154118015,0.3589118585925355
186,0.268724565548017,0.358439252081815
187,0.2682900246365034,0.3581014543947659
188,0.267709684593597,0.35779518414148825
189,0.2669924920254142,0.3571497995440349
190,0.2665482006313962,0.3568840915887321
191,0.26572201490357816,0.3562708256210776
192,0.2648790381406625,0.355778508458499
193,0.2644421906925799,0.3555804136132857
194,0.26370636294571614,0.3552890017348998
195,0.26316953300208645,0.3550069039871054
196,0.2626563832885372,0.3547861274113275
197,0.2621430468608849,0.35461089626699954
198,0.2616573429308223,0.3543386586552063
199,0.26117767025592875,0.35414092478640624
200,0.26042481299433307,0.3538431292413639
201,0.259932547400659,0.35368606616880655
202,0.25937868720038465,0.35365754289202894
203,0.25877280655794116,0.35327026537390666
204,0.25808402936445857,0.3529198299180485
205,0.25759045911991246,0.35280275954872325
206,0.25709149946172094,0.3525747711974052
207,0.2564328708381815,0.3521501810148638
208,0.2560837248773648,0.3520300323464072
209,0.2553821635532681,0.3515428277575375
210,0.254998351966947,0.3512999714561271
211,0.25450779056361095,0.3508679627706309
212,0.25414594152199,0.35073234256402325
213,0.2537995786888297,0.35033409198039533
214,0.25334067051378706,0.3500744742168563
215,0.25268916656021034,0.34956338962211897
216,0.25217689600222043,0.3491714950886304
217,0.2517083612404096,0.3488843846108516
218,0.25118410448919076,0.34869405753918714
219,0.2504796396755006,0.34837151535240224
220,0.2499346745230289,0.3481809300093605
221,0.24933053842838923,0.34811712779065035
222,0.248792977511942,0.3478999059545964
223,0.2482060198141352,0.3474076419771681
224,0.2475618543068647,0.34706314568870705
225,0.24693593553049795,0.3467861006768563
226,0.24634985334344203,0.34646919712309376
227,0.24591211868236815,0.3464295350093975
228,0.2454372167454069,0.34617355539183176
229,0.24452226085582324,0.3458808561749679
230,0.24404592919925439,0.3457245519726342
231,0.24362784645006502,0.34566641589024527
232,0.2430938124205239,0.34531015244028
233,0.24276500976215915,0.3452382355114273
234,0.24234002163651744,0.34494484205800957
235,0.2419222997511206,0.3448313280787415
236,0.24152083876990255,0.34461328437883204
237,0.24114429573467183,0.34441812922887244
238,0.24070488470961504,0.3442526293564842
239,0.2402055537508977,0.3440366968157466
240,0.2397377539989461,0.3437755121337962
241,0.23923968359631878,0.3435057707438326
242,0.23880760316550362,0.3431557709657146
243,0.23845848457960386,0.3429883041352084
244,0.23803305653482862,0.34303557466491835
245,0.23741890531868623,0.3429791458084774
246,0.23712045708793786,0.3429471678888938
247,0.23668042306520223,0.3427559250034941
248,0.23633065859703678,0.3426633595363882
249,0.235899572460726,0.3425748063951862
250,0.23556633463473067,0.34245569802300485
251,0.2351860354596905,0.3422371458678997
252,0.23468152939651632,0.3421559269297035
253,0.2342440283140119,0.3420029627644914
254,0.23391341966784324,0.3419269608708862
255,0.23346483991242,0.3416590668464265
256,0.23308652501182342,0.3415580583112101
257,0.23273320131786474,0.3414970224726006
258,0.23233869916412295,0.3412556909588134
259,0.23192582760114425,0.3411513835054083
260,0.23161755476321777,0.3410276484330605
261,0.23116811898474307,0.340987645716184
262,0.23093076623460038,0.34086682657577416
263,0.23062312617613062,0.340678372105043
264,0.23009890706449754,0.340348674671419
265,0.22975276606881295,0.34021780179620786
266,0.2294445232034233,0.3400580173860835
267,0.22914890989546507,0.3401197124266698
268,0.2287308468504434,0.3398908946102022
269,0.22830582170686858,0.3397013715506158
270,0.2277559612861247,0.33926562093303514
271,0.22734707801690432,0.3390906349871804
272,0.22692890939824717,0.33898688053433473
273,0.22633248485804255,0.33891263690723966
274,0.22593186211802097,0.33866699163003827
275,0.22558563070518373,0.3383540502390728
276,0.22522474125838024,0.3381826152880401
277,0.22485329230554885,0.33801714783251025
278,0.224248342926475,0.33773041077202
279,0.2239716493956854,0.3374256033878624
280,0.22348874403098573,0.337060087789515
281,0.22307949342797523,0.337124666006808
282,0.22278386719667323,0.33695121844836173
283,0.22245984453442436,0.3370320084359427
284,0.22214593889290268,0.3368681965576644
285,0.22162996237690052,0.3367451310535973
286,0.22100748469567874,0.3362715909216844
287,0.2205463057697959,0.3360561069222531
288,0.2202735220546725,0.33591838602736074
289,0.21988762873690923,0.33566265864958994
290,0.21938321541468442,0.3353567784286786
291,0.2188747643865691,0.3352656423419212
292,0.21847187959884395,0.33499616439165397
293,0.21818053529595274,0.3349685105698669
294,0.21783145517110825,0.3348732671585024
295,0.21740278725976947,0.3346224700851928
296,0.21703216121403668,0.33454297439994435
297,0.21659759018752425,0.33444801103975585
298,0.2162042766224814,0.3341380691634261
299,0.21582045977246475,0.33390021067166215
300,0.2154287982547967,0.333799850921692
301,0.21513804071981793,0.333796505920277
302,0.21484456303096272,0.3336847454746605
303,0.21444650053393316,0.3336079030662811
304,0.2138722845315489,0.33341297488149424
305,0.21333666526008724,0.33319419757875846
306,0.2129941484029399,0.33286503509387955
307,0.2125388306269789,0.33265037391426805
308,0.21226229973235436,0.3324788938069511
309,0.21186026977432967,0.33245880633103925
310,0.21138878223105342,0.3323869343015117
311,0.2110334838464623,0.3321933599031332
312,0.21053870224704035,0.3320217924208452
313,0.2101259527444425,0.33168706698815276
314,0.2097371444013594,0.3315611747328567
315,0.20948859513072363,0.3314182025799095
316,0.20902344254027058,0.33124278396944135
317,0.20849199712587285,0.33124008585507075
318,0.2081248634856778,0.3310117936211431
319,0.2078179572178141,0.33088017589057295
320,0.20734103472298832,0.3305401315747923
321,0.2067841849249825,0.3302846967470817
322,0.20632922361499179,0.33012518511901234
323,0.20595287639663448,0.33000923045597585
324,0.20558157947117026,0.32997566896340313
325,0.20516246425134538,0.3299492274922634
326,0.20470990558800817,0.3297797755146473
327,0.20429722372621023,0.3298031358361711
328,0.20387939223383655,0.32977211323141786
329,0.20357038092440785,0.3295571281447208
330,0.20324757996311044,0.3294082870561121
331,0.2028638243357005,0.3292317455433061
332,0.20254914763956886,0.32911763466343974
333,0.20224736969032714,0.32920223302733237
334,0.20197105409750016,0.3291542617562112
335,0.20175898750873456,0.32910440434428656
336,0.20129201930133764,0.3289306905089475
337,0.20095434832900785,0.32883164534748105
338,0.20054307810801236,0.328690297692147
339,0.20021152266455933,0.3286897668066123
340,0.19981116749510922,0.3286406047661691
341,0.19942156526740887,0.3284645870084508
342,0.19910129413345418,0.328363476911804
343,0.198636254718005,0.3281280452061391
344,0.1981295772462987,0.32785087259812357
345,0.19777983258128431,0.3277265862649647
346,0.19717578317758194,0.32758514911534264
347,0.196656026521539,0.32732813404986566
348,0.1964199924973347,0.32731517478033734
349,0.1958826980598665,0.3271297045534336
350,0.19559613202597,0.32688001385184223
351,0.19535640775065788,0.3267382565491989
352,0.194864031096709,0.3266637431699691
353,0.1944155633358897,0.32642175298795295
354,0.19415554417579856,0.3262529704796716
355,0.19367366979790882,0.32603896875194793
356,0.19313508578186922,0.32600261329104563
357,0.1926510761410316,0.32574329500533444
358,0.19229345159618558,0.32556658656241516
359,0.19195125626017592,0.3254845341472347
360,0.19162457042424827,0.325317670086559
361,0.19131128141679182,0.32535011482012055
362,0.1909580780570179,0.32517377347070414
363,0.1903959080439985,0.325244060360698
364,0.18994493499908874,0.3248185949218538
365,0.18970450411844644,0.3247350305818149
366,0.18934100226626108,0.32460496056385607
367,0.18910568108148956,0.32454364657941687
368,0.18880749658408785,0.32444009827239584
369,0.18840701029126478,0.32431383462453944
370,0.18790838544018545,0.32413095520300134
371,0.1874645147107214,0.3239782988066683
372,0.1869691195179666,0.32380244561682
373,0.18667956035346467,0.32370360487222244
374,0.1863441304647141,0.32350647441369995
375,0.18592625763891707,0.32334995433303615
376,0.1856633198817788,0.32323490740336885
377,0.18532138888041672,0.3230664980736324
378,0.18502408493821781,0.32298774909259037
379,0.1847433959258115,0.32291919468966107
380,0.18441533928388754,0.3228463188778824
381,0.1839521895767531,0.3227682579181769
382,0.18356564374853815,0.3225928195536872
383,0.18320818659753488,0.3223772145973426
384,0.18273783004573269,0.322383235289803
385,0.18234090592970262,0.32213031759930827
386,0.18192949680450066,0.3218771041418014
387,0.1814553803071169,0.32163709577718963
388,0.1810186346925782,0.3214420584958003
389,0.18075874356147312,0.32117780382973204
390,0.18025634235299814,0.3208975106058769
391,0.17992141679843307,0.32084412925193273
392,0.17948860134203232,0.32061661888236315
393,0.17924484761622841,0.32055463499159903
394,0.17886180245357527,0.3203884159088972
395,0.17863067605021368,0.320239940935521
396,0.17828950176659814,0.32004303693625885
397,0.1779144347696453,0.3197973729123127
398,0.17751382094090293,0.31968400450860074
399,0.1772178326311806,0.319501545929066
400,0.1767680520131196,0.3193118659517524
401,0.1763989261640844,0.31922348457067523
402,0.17600335686777258,0.319104161328208
403,0.17570765149139694,0.3190520574657655
404,0.1752308469792069,0.3189248426104
405,0.17484751844934532,0.3189443277974293
406,0.1744970519105835,0.31893070394335316
407,0.17421528459268734,0.31876215853950635
408,0.1738927483101666,0.31851238983669006
409,0.17356114390416952,0.31842667077593484
410,0.17332319488278505,0.31838685875021455
411,0.1729186163072273,0.3181528035510643
412,0.17261955673848692,0.318090534927335
413,0.17233139908703024,0.3179564310754128
414,0.1719860234696752,0.3177617855047511
415,0.17173259154420975,0.3176534625863902
416,0.17132085489041166,0.3174663354436955
417,0.17091491778765308,0.317337254270376
418,0.17066850040909545,0.3173973250304791
419,0.17034197638416304,0.31729804138637935
420,0.17005706053407113,0.31725506744271226
421,0.169862818283031,0.3171812312998564
422,0.16950016534189513,0.3169185866254642
423,0.16926451665234826,0.3167898473866296
424,0.1689504389555143,0.3167296008060907
425,0.16861264400049092,0.31665569734858284
426,0.16830132431821282,0.31662071728615926
427,0.16810985433591308,0.3165374214863182
428,0.1678687538299455,0.31651004280856543
429,0.16762978658505637,0.31643007381571103
430,0.16739575912228197,0.31626625405246894
431,0.16709213618023508,0.3161897533895364
432,0.16670063536254323,0.3158495982522912
433,0.1663426102245671,0.31574863948770104
434,0.16614104495717982,0.3157959436541566
435,0.165831675541617,0.31566451503728465
436,0.1655467397121466,0.31601550424843405
437,0.1652658011117658,0.3160814083493033
438,0.16500408977625355,0.3159557333002977
439,0.16467315829903634,0.31583296363177726
440,0.16449482857566747,0.3157728075787439
441,0.16429440582530475,0.31569965453089355
442,0.16406794274718436,0.31559039717164983
443,0.16384741168183342,0.3154703893594453
444,0.16343882116381572,0.31534216793878084
445,0.16304323394226175,0.3152097826840955
446,0.16277173404709736,0.3151841050272252
447,0.1623398910755551,0.31529363392116916
448,0.1621079457540325,0.3154003522043918
449,0.1618241877092716,0.3152726612084639
450,0.16161361520058587,0.3151581170178962
451,0.16124722352313853,0.31498806485028713
452,0.16104507023805806,0.3149645544661981
453,0.16070892416571664,0.3149016392148396
454,0.16038621838942543,0.31477325522850935
455,0.16017979390036685,0.3147434704940342
456,0.15985760112809488,0.31477825774413265
457,0.15944486762842647,0.31463107084347275
458,0.15909622196290343,0.3145441778798046
459,0.1588546536291152,0.31443862737753797
460,0.15864160926034293,0.3144103392210164
461,0.15832741980202475,0.3142754258406451
462,0.15809802205732215,0.3141764207917155
463,0.15782099778236425,0.3141448481186853
464,0.15750062178338406,0.31410494955543505
465,0.15727943215201887,0.3140649238647433
466,0.15705017098402574,0.31393327112027214
467,0.1567412568263197,0.31375789226626777
468,0.15642239614166661,0.3136247452081069
469,0.15617082829522175,0.3134977639827181
470,0.15588519641001408,0.3133509011602351
471,0.15558321807956263,0.3132557929632566
472,0.15526441352496023,0.313294112849038
473,0.1549305334439312,0.313081058073016
474,0.15473786548801324,0.31309408310870834
475,0.1545515809932491,0.3129889991639985
476,0.15424993048371852,0.3128716346961174
477,0.15405209591093713,0.31281921069950747
478,0.15369130949935428,0.3127594382375558
479,0.1534860722437549,0.312652526415282
480,0.15325825926825784,0.31266615648856294
481,0.15297974683834656,0.31261381267755206
482,0.15266833497294133,0.312616627605482
483,0.1524976144616705,0.31251393140749023
484,0.15222009262132502,0.31238775441013317
485,0.15200225896957587,0.31231543358236075
486,0.1516764309411757,0.31218027849448
487,0.15129719926393562,0.3121434893663851
488,0.15105809575593854,0.3120860381164536
489,0.15075684241027285,0.3118612319366718
490,0.15039496741373012,0.31172654423714213
491,0.15008712872244864,0.31151555061543634
492,0.14985664422536624,0.31163169442275995
493,0.14960162842524594,0.3116616737465133
494,0.14937138878343742,0.31181825287254317
495,0.14919252276720318,0.3117138552619347
496,0.14898793753731449,0.3116499914325306
497,0.14878223347333072,0.3116503868348872
498,0.14846235858556323,0.31167939386988697
499,0.1483152024873454,0.31165340589548934
500,0.14801375834613129,0.31145892545059184
501,0.14784649874703268,0.31143515104923136
502,0.14755213505796383,0.31146093180460077
503,0.14734863438246887,0.31159386592431315
504,0.14711569276087214,0.3115780812132356
505,0.1469461032697528,0.31148539880938136
506,0.1467177440225708,0.31155036946507214
507,0.14645369214738663,0.3113960504880847
508,0.14615370350401188,0.31120170916885703
509,0.14599218177150075,0.31110461431825404
510,0.1457291215969014,0.31108479837705894
511,0.14541479654523198,0.31113739501773907
512,0.14506068755600807,0.31093046104483607
513,0.14484236585422666,0.31098146482933214
514,0.14455606569615817,0.31091907610295005
515,0.1443038568768381,0.3108925494194853
516,0.14406757201580364,0.31078958995301686
517,0.14385811632361725,0.3107701878266361
518,0.14371811007784352,0.31072782002496446
519,0.14351658427707162,0.31070785321745376
520,0.14326273805991663,0.3106221616850098
521,0.14301228678945072,0.3105270906441754
522,0.1427138729780905,0.3103890199695244
523,0.1425450552714679,0.31039144014993475
524,0.1423098432440852,0.3103677849545332
525,0.14216333844631665,0.31032919348422155
526,0.14188248880794038,0.31019390193252755
527,0.1416586279852428,0.3100827228371944
528,0.1413897397683488,0.31032359494637285
529,0.1411782626514995,0.3102348944366449
530,0.14088327661785707,0.31007422042368454
531,0.14058788863954516,0.30997267879108575
532,0.14036854426648263,0.3099131504847012
533,0.14015999716029648,0.30986596071859523
534,0.13988864264488665,0.309780431111638
535,0.13963209219722794,0.30954121008545304
536,0.13934772177838733,0.30951626286741935
537,0.13915022945219777,0.3095280708700744
538,0.13893322713223527,0.3095808852715101
539,0.13876255628656803,0.3095479803138296
540,0.1385425223934464,0.30937049837028124
541,0.1382544180755287,0.30926669367824355
542,0.1380882910525633,0.30926477526230844
543,0.13777467861460757,0.3090211508810713
544,0.1375292673066854,0.30880757858266666
545,0.13731552293764204,0.3088401310904493
546,0.13706556825568103,0.3087182882182118
547,0.13676161251486696,0.3086419438436021
548,0.1365330792882098,0.30860406160090187
549,0.13638062250060598,0.3085838217702011
550,0.13617803382372512,0.30858097481441943
551,0.13597277429039023,0.308480234371796
552,0.1357591473313591,0.30855869561465804
553,0.1355671592302822,0.30856032701805775
554,0.13525078304413532,0.30843814009302584
555,0.13499466243318184,0.3084959924363388
556,0.13473850538339424,0.30850797118501444
557,0.1345191654229552,0.308421326030919
558,0.1343374903426444,0.3083612245046713
559,0.1342006133046433,0.30829971141926144
560,0.13395922288006282,0.3082525032810858
561,0.13369949425283661,0.30807304436937516
562,0.13344480073704357,0.3079052935863416
563,0.1332014903846156,0.30791971584035793
564,0.13298168068791932,0.3078488231698923
565,0.13273492871027653,0.30758793224127773
566,0.1325092530532513,0.3075467021396542
567,0.13233492052104387,0.3074677267237738
568,0.13217976513666316,0.3074058423131251
569,0.1320548521140639,0.3074295732913829
570,0.13179524506432766,0.3072787266464735
571,0.13156026719368832,0.30742978492750533
572,0.13133503952710482,0.30760535391168686
573,0.13117262983228895,0.30757288246859965
574,0.13097386421075613,0.30764300671553113
575,0.13076890364885035,0.3076006351306605
576,0.13057067219897833,0.3075703643521167
577,0.1303873646366987,0.3076651002248371
578,0.13014983670632924,0.3077098923670477
579,0.12995476150889387,0.30765479045759553
580,0.12985744459222912,0.3076670575292216
581,0.12967783693332427,0.3075544843914992
582,0.1294702561056463,0.3073734020576745
583,0.12929381210072952,0.3072089685515325
584,0.1290867231334813,0.30710153757489
585,0.12889205884287397,0.30704527259213316
586,0.1287293787245452,0.30708638261611315
587,0.12852277981289895,0.30707765497066614
588,0.12834428806484174,0.30706344012513553
589,0.12821384635898472,0.30696086162070046
590,0.12806106881898333,0.3069560087479397
591,0.12782001381391683,0.3068551520239067
592,0.12764483101542012,0.30675760548201464
593,0.12738964066875166,0.3066097778748674
594,0.1271562079536151,0.3065934365273831
595,0.1269747551298405,0.30662754613582993
596,0.12681189322345068,0.30657467565233265
597,0.12658154718006162,0.3064699054875809
598,0.12630600981952714,0.306458660301759
599,0.12611212523301185,0.30641830344057785
600,0.12588776670709004,0.3064507152642011
601,0.1257413672137592,0.306439585589817
602,0.1255615355018161,0.30637656616725173
603,0.1253126494397752,0.30617989819333236
604,0.125250623039929,0.30617243049420223
605,0.12510238287668385,0.30611658333241415
606,0.1249162068316236,0.3060256080112374
607,0.1246968068308279,0.30584206116300233
608,0.12453024102565015,0.30581036411374457
609,0.12439046933995396,0.3058501718282005
610,0.12422275924807688,0.3058971564010586
611,0.12406787338248251,0.30586048316985986
612,0.12393270088079877,0.30584242460799405
613,0.12375436203708298,0.3059056366096331
614,0.12359391849812723,0.3057933211540748
615,0.12338672048357452,0.3057275919835318
616,0.12323793278498747,0.30569951109473387
617,0.12307455752582387,0.3056486748975718
618,0.12285461515994886,0.30554790330188447
619,0.12265310764334945,0.30553441288881683
620,0.12254624826746185,0.3054969241069612
621,0.12237522724913195,0.30556450640728516
622,0.1222336628079518,0.3055444016192767
623,0.12208768551387975,0.30565562572378585
624,0.12192586961202093,0.30574295282791175
625,0.12175686938837559,0.30571564200355134
626,0.12164821470286286,0.3057406114885357
627,0.12147646643330537,0.3056442969974973
628,0.12133987773018319,0.30558106102783206
629,0.12119286411900007,0.30554774439300203
630,0.12101589257338369,0.3055390139712251
631,0.12088571574982059,0.30546066455795634
632,0.12070641226683534,0.3053228386469927
633,0.12059666718413435,0.30528005771991656
634,0.12038939090425749,0.30517290346094983
635,0.12021935501568129,0.30522904190781613
636,0.1200816435237543,0.30523101718158674
637,0.11993158410153201,0.3052048379639193
638,0.11974392883407439,0.305108236504349
639,0.11957305681070501,0.305144466661828
640,0.11939374798354245,0.3051221421346347
641,0.11918932348878294,0.3050806226367629
642,0.11897964952622272,0.305122516546414
643,0.11884760644600473,0.305130592773081
644,0.11868205595866071,0.3049841762784782
645,0.11848952866644814,0.30503402145210506
646,0.11827520013821312,0.30485443840130205
647,0.11807352892808415,0.3047975488596789
648,0.11790748761084763,0.30466634421502137
649,0.11772614695836689,0.3046016479920693
650,0.11750360326214733,0.3045922599946071
651,0.11734745779236848,0.3047507330919765
652,0.11719561427432015,0.30478534548167646
653,0.11710804098070422,0.3047790166288799
654,0.11689826187929533,0.3047007144315451
655,0.11673122853122102,0.3047000639681969
656,0.11659693461154808,0.304647035829707
657,0.1164207470633121,0.3047473511544113
658,0.11629410755413769,0.30475877660343004
659,0.11607947007657902,0.30464103274388543
660,0.11589461429863761,0.3044875679408354
661,0.11575675965361953,0.30453560213614217
662,0.11561758613002517,0.30446291816278465
663,0.11547587886230656,0.3044080255690386
664,0.11531876169583595,0.304233280077546
665,0.11513385119211268,0.3040809909171553
666,0.11499759937845391,0.30400093070734113
667,0.11484023053148174,0.3038742817287205
668,0.11461746549362843,0.30378952274126236
669,0.1144724302266745,0.30388484579772296
670,0.11434848776430831,0.30389835229075435
671,0.11418494355532026,0.3037603825649829
672,0.11408401093590724,0.3036730841695561
673,0.1139653970521875,0.3036315517777815
674,0.11386974270288794,0.30358963166619063
675,0.11369275063996002,0.30349680976759363
676,0.11353955288360514,0.30347598848223806
677,0.11340332939861902,0.30349312812739904
678,0.11325508894073644,0.3032669147066771
679,0.11315584234589897,0.30326403605848606
680,0.11301905404603345,0.30334809001045054
681,0.11286557592527428,0.30324761929526795
682,0.11264985056951557,0.30305500863981366
683,0.11244978618569652,0.3030088399422503
684,0.11225558492129098,0.3028843797352416
685,0.11215765604498164,0.3028001279587879
686,0.11201850680145475,0.3027971183456458
687,0.11182358749821386,0.30271479322030004
688,0.11160552022950448,0.3028411486581941
689,0.11148873429911024,0.3028814007066355
690,0.11134616979417492,0.30291522193286696
691,0.11115477753741616,0.3027533244563274
692,0.11101961560937734,0.30289086075298693
693,0.11089752945953692,0.3028831415634463
694,0.1107763787201921,0.30286514974573076
695,0.11064218735053621,0.3027979695356037
696,0.11051669965357307,0.30274993994258087
697,0.11041992817232249,0.3028298872018151
698,0.11033398154517068,0.3028800405777616
699,0.11018348333934844,0.3028050823608184
700,0.1100324205466786,0.302817106786904
701,0.10986588634587574,0.3026156827582021
702,0.10971809909263867,0.30251563870103865
703,0.1095920169718151,0.3025518923145252
704,0.10944672345214086,0.30247865631653276
705,0.10930482485834143,0.30260493463723115
706,0.10917456136234262,0.30265861847427095
707,0.10909136603599096,0.30261522743268976
708,0.10897500993906416,0.3026636957871599
709,0.10883750150182317,0.3025709961177285
710,0.10864746174422378,0.302465896797089
711,0.1085083321988516,0.30235717398398854
712,0.10838717338264818,0.3023728860842116
713,0.10828004557447869,0.3023432043609163
714,0.10820371193359396,0.30230563460213294
715,0.10800794027014912,0.30214624841330595
716,0.10787262685452631,0.30211344295110104
717,0.10768783586166812,0.3021192666332966
718,0.10759333489443769,0.3020141059246036
719,0.10748310590605523,0.30194187555672264
720,0.10726490227571708,0.3018477217781758
721,0.10714730967843625,0.3018581864172137
722,0.10701013230451556,0.301822595098805
723,0.1069087437815411,0.3018143720737157
724,0.10676824719431621,0.30175390326862617
725,0.10659802824245854,0.30179133451394424
726,0.1064381329409791,0.30179174182792445
727,0.10627923686652155,0.3017828511330593
728,0.10619130487333375,0.3017798417488641
729,0.1059507236387909,0.30177664737600457
730,0.10580181558381721,0.30168058325155794
731,0.10566997346067017,0.301712901704615
732,0.10552843823022484,0.301752848598925
733,0.10533203819393372,0.30164674886213994
734,0.10517906920065322,0.3017681399818033
735,0.10506500645607954,0.3016647327559655
736,0.1050135367134827,0.30165949565365463
737,0.10494621034858687,0.30166213605226755
738,0.10480366968661954,0.3016673089280275
739,0.10468680172120708,0.30151299100111684
740,0.10457482429922944,0.3014548156042542
741,0.10444586451237303,0.3014736729275153
742,0.10438013753060715,0.30145735600990803
743,0.10429522315901016,0.301474769130142
744,0.10415702494592592,0.3015569932598424
745,0.10399953169211179,0.30147985187886306
746,0.10385954601360382,0.3014743101355831
747,0.10377395982470855,0.3014974787896658
748,0.10358845663395937,0.3016191635318891
749,0.10346693936147967,0.30158540274543677
750,0.10334761029325365,0.3014838088510446
751,0.10322456966659138,0.3016362400062226
752,0.10306247331984647,0.30164330591183164
753,0.10287956203844445,0.3016894664841278
754,0.10270561250715315,0.30174221568693294
755,0.10259681090856859,0.30185322809836346
756,0.10246748185543349,0.30180025651207104
757,0.10223512834866319,0.3016363952935678
758,0.10210954820076275,0.3016407826239198
759,0.10200336227262394,0.3016559051183566
760,0.10189362902167434,0.30162256560897915
761,0.10174134925150283,0.30155539620220795
762,0.10164380338859819,0.30147037808337807
763,0.10149623940902089,0.3014443443932728
764,0.10137666787037282,0.3015247009588191
765,0.10123468972030247,0.3015934585403004
766,0.1010984032990021,0.30167121304806566
767,0.10095107139520457,0.3016507259092758
768,0.10081323438356643,0.3016110644234205
769,0.10061354409123446,0.30184055942370486
770,0.10050443328615451,0.30186043102990046
771,0.10043450962240535,0.30186984341138745
772,0.10024130530886653,0.30183688637872946
773,0.100067335565077,0.30198183706648796
774,0.09994288045900955,0.30199487242543893
775,0.09984946232275199,0.3020048958893761
776,0.09968364229025692,0.30190472780505656
777,0.09955288277606396,0.3018953893636025
778,0.09942169171053318,0.3019609059369283
779,0.09926515604550426,0.30195260923564493
780,0.09914819671750913,0.30202452708154964
781,0.09900245768290271,0.30187930926650497
782,0.09891428380810521,0.30185023421090995
783,0.09880122468190007,0.30184132437986494
784,0.09869552492218424,0.3018485817558047
785,0.09858331798596864,0.3018483823350046
786,0.09848710598837125,0.30187346094562145
787,0.09836142257906853,0.301912302378993
788,0.09820922551875985,0.3019831489795535
789,0.09807451906319599,0.3019390555048918
790,0.09796713645608603,0.30192491109148306
791,0.09779355903568918,0.3020160431296781
792,0.0976644744141421,0.3020571700557786
793,0.09755812852377702,0.30199336992158454
794,0.09742498295189711,0.30188210161717105
795,0.0973246517670504,0.30185294699567855
796,0.09719638213069394,0.3018175843584472
797,0.09710605295852792,0.30181346916500673
798,0.09700531779430198,0.30184418667441865
799,0.09683842360853098,0.3019507164133798
800,0.09676693281450667,0.3019438518232106
801,0.09665475160055564,0.3019135953422123
802,0.09660229231974446,0.30195172038390006
803,0.09648345256613271,0.3018939677419785
804,0.09640304814133287,0.30190813723802545
805,0.09632548872776457,0.3019919547784302
806,0.09619171281632194,0.3020319122478567
807,0.09607271301352655,0.3020335698048143
808,0.09594305824448623,0.30212604707745155
809,0.09583996885636767,0.30217486572525265
810,0.09566167877676664,0.3022927715762994
811,0.09551966405141316,0.302360195331827
812,0.09537296909084976,0.3025194963905226
813,0.09525864842612142,0.30238504676111244
