0,0.6366781638178957,0.6414256259401112
1,0.5968694888112679,0.6057324327698643
2,0.5692568605380405,0.5805816842513288
3,0.5410259603299543,0.5557705307342048
4,0.5132385713973588,0.5309288359289983
5,0.4917735319842705,0.5128888531829022
6,0.4758067367196468,0.4989719998735356
7,0.46154576907064354,0.4885802862437287
8,0.4497602672043467,0.47861997720418425
9,0.44121259570802623,0.47236095485669966
10,0.429779513452969,0.46179074371002643
11,0.4210743106696278,0.45508435411559167
12,0.41396488001010895,0.44965826204684806
13,0.40504957186412005,0.4439160309604664
14,0.3990384250997698,0.439962593490019
15,0.3918599192731162,0.43376329849640516
16,0.3850746937401395,0.42797078383264486
17,0.37988789437321596,0.42412156903695036
18,0.3765150046145795,0.42228538012090705
19,0.3720484853220069,0.41893612104513134
20,0.36782821836026336,0.4165133211946855
21,0.363829358179989,0.41352410171796045
22,0.36057795904278905,0.41052945979496647
23,0.35602969496605974,0.4076041331464004
24,0.35082242462292834,0.40462398894089135
25,0.3477315362131208,0.40227378608331726
26,0.34509360672212697,0.3993199859011382
27,0.34238761687118896,0.3983258187568631
28,0.3391413364697249,0.3965245412954809
29,0.3348696893643054,0.39417121432779934
30,0.33219490193435564,0.3931734040988534
31,0.3285058662720878,0.39139485448696865
32,0.3256151470736591,0.3887427019381513
33,0.32163818817754997,0.38547074949297744
34,0.31823271688750104,0.38376348787831005
35,0.3152871381224075,0.3821953459846023
36,0.3132423799228721,0.38023480584897923
37,0.3125787611901834,0.379599140968701
38,0.31003922324693317,0.3790272197856043
39,0.30764145407060667,0.3777142750375362
40,0.304737749437126,0.3766744687964245
41,0.3018383243971585,0.3754520131832333
42,0.29994406630124354,0.3747181353614482
43,0.29817532226979837,0.3728349515318571
44,0.2956328546313367,0.3712272549000902
45,0.29373167691461377,0.37001979939680407
46,0.29174462001125956,0.36856191616846756
47,0.29006963429141347,0.36693050088681806
48,0.2885875937003695,0.36640391537841666
49,0.2860199184091505,0.36476014199552925
50,0.28449540050769223,0.3637159909233616
51,0.28228694862871806,0.36211729998834025
52,0.2799398406307662,0.36053742299698466
53,0.2783324522821282,0.359766727526229
54,0.2765464771909929,0.3598395739197275
55,0.27487408184393897,0.35894919163061045
56,0.2724211375012361,0.35883185040359755
57,0.27062941058778217,0.35806018866059985
58,0.26868703018902607,0.3572316110721423
59,0.26713411223586453,0.35662184177295675
60,0.2648561064728383,0.3566996498317631
61,0.263085302850775,0.35639980996194437
62,0.26174136779708396,0.3557240391178503
63,0.2598733046388812,0.35553642158705695
64,0.2585477777087225,0.3548829930886673
65,0.25656388821899023,0.3540286976491515
66,0.254702183351139,0.352879189734856
67,0.2532625825363825,0.3518964547816575
68,0.25166205419280674,0.3509780203922546
69,0.2501108442413058,0.35008290057021085
70,0.24868989673306457,0.3489272107410577
71,0.2469863972009368,0.34820315051435813
72,0.2453420698894352,0.3469691344418852
73,0.2433431425478993,0.3459649070228828
74,0.2416065345449604,0.3454172123271504
75,0.23954274116658916,0.3443792874397193
76,0.23750469076158334,0.34344134213557453
77,0.23612493357817943,0.34312186840539516
78,0.2344204205228698,0.34180641814645574
79,0.23297983431656247,0.3407352627422529
80,0.2315014596627935,0.34045925764164686
81,0.22966793972119107,0.33926275297633157
82,0.22785002347299294,0.33957278921864814
83,0.22535004599058275,0.3384255228441853
84,0.22432062601536948,0.3377520081107105
85,0.22335326999263075,0.33726913010236026
86,0.22207172602407685,0.33693654801163114
87,0.22070436033290522,0.336879543186278
88,0.21929374226001938,0.33650905777670775
89,0.21732495882418187,0.3358574281850658
90,0.2158294058383355,0.3351877312923534
91,0.21464688776406454,0.334256236961424
92,0.2135251818744219,0.3335344175863142
93,0.2117216419830996,0.33302963057447577
94,0.21014055616363628,0.3324490573688144
95,0.20790628171385978,0.3322294486724595
96,0.2060074126891383,0.3308927561592866
97,0.20489473053494014,0.3303604987699563
98,0.20336786138417853,0.33074265499472855
99,0.2018697008357351,0.3301071537812907
100,0.2004504542042015,0.3290473716091739
101,0.19909899583563248,0.32832533758524785
102,0.1976556194396211,0.327314976822767
103,0.19613289328531144,0.3262201641835654
104,0.19413283663409384,0.32636905818976947
105,0.19280184528979824,0.3260977798923439
106,0.19110097412157806,0.32547126014367445
107,0.19024392696218215,0.3253703661317265
108,0.18890493579240303,0.3244873461389288
109,0.18805627028085709,0.3238218564050041
110,0.18698567315392142,0.323397912050121
111,0.18566689726038343,0.322919584154595
112,0.1846995985767727,0.32318327922170886
113,0.18329534495745695,0.3222514136070051
114,0.18216135656183133,0.3216281342727358
115,0.18091447458969975,0.3215854668938023
116,0.1797751850264227,0.3209004290991066
117,0.17829663050690536,0.3209371749726567
118,0.17733498813775475,0.3206003539510286
119,0.17646165114605666,0.3203081012940441
120,0.17536804091572938,0.3206502420419419
121,0.1738503749063967,0.32021676963945056
122,0.1726767750781169,0.3196590056782083
123,0.17151089097267497,0.31936174204894924
124,0.17044235613388578,0.3186210775676482
125,0.16917858814331743,0.31772708846980735
126,0.1685320418970976,0.3177020126810587
127,0.16727487116437825,0.3182496231083927
128,0.16653026884450847,0.3178047041345436
129,0.16559980354087508,0.31746035214811863
130,0.16412660724136294,0.31727503157167386
131,0.163428419309631,0.31721944279183584
132,0.16226390635431448,0.31686302925120735
133,0.16115461787574784,0.31643068656969464
134,0.16037729496669614,0.316174385222093
135,0.1596921256646007,0.31657400128111746
136,0.1583597637363276,0.31575560443025086
137,0.1568745678558535,0.3148568535289657
138,0.15605286240618402,0.3150812279389885
139,0.15485424618415955,0.3152823384086337
140,0.1542018378684901,0.31505578185945454
141,0.15302872732522205,0.31510492093308
142,0.15188652482175163,0.3148124178549153
143,0.1510613892946197,0.31434666818546386
144,0.15017775665327576,0.31419513657883197
145,0.14924811041489083,0.3137557391716956
146,0.1484005320877362,0.3142203776009943
147,0.1474429757283644,0.31412592677853896
148,0.14689882726091472,0.31415927078437134
149,0.14592548849966322,0.31366872765882636
150,0.14511504390968233,0.3134291928605211
151,0.14457284074312765,0.31310261642832826
152,0.14385851370395045,0.3132226244888306
153,0.14322513120439942,0.3129720555914416
154,0.14219377609397657,0.31298745217182256
155,0.14143694854527156,0.31265391276106674
156,0.14036116202604484,0.3121704893293795
157,0.13941567881171124,0.3118889880594627
158,0.13875272787269274,0.31193639145101976
159,0.137618528823788,0.3126174284046538
160,0.1369835596169924,0.3128416806848149
161,0.13647527788005545,0.31302311134339705
162,0.13585331227314926,0.3129096664880386
163,0.1351561912943463,0.31292713650079423
164,0.1343042573479689,0.31300378763648745
165,0.13354749609314984,0.3132102747225458
166,0.13290998545112906,0.3131771863357993
167,0.1321669281045216,0.3129236208191643
168,0.13146356894811123,0.31282012811606985
169,0.13088756977127894,0.31247098983447114
170,0.13044515584493974,0.31277910567151984
171,0.12971964983307963,0.3131542419250659
172,0.12922501872724507,0.3128304212238126
173,0.1286772645858209,0.31286143198062016
174,0.12832585019611056,0.3129431857512133
175,0.12759742416350783,0.31241456350141805
176,0.1270123361386701,0.31244112712844047
177,0.1264167846383322,0.31244862685333463
178,0.12580341263229006,0.3119693457259769
179,0.12534943858343348,0.3116692046478628
180,0.12480164029727303,0.3116395695084938
181,0.12433494927108599,0.31148088893983344
182,0.12365712775303704,0.31191377265285525
183,0.12286585886313538,0.31162157685736025
184,0.12218562547725248,0.31140941805917755
185,0.12168576141718987,0.3111452513320247
186,0.12122118235677888,0.3111867082198801
187,0.12062887613841283,0.31165774392466594
188,0.12014633910196248,0.3117252462610316
189,0.11972399912765312,0.3115256295715141
190,0.11915548487957488,0.3112321035258935
191,0.1188127889707481,0.31118003187857446
192,0.11834553908348557,0.3109294597650148
193,0.1180057291830477,0.3110508311158202
194,0.11720377693116028,0.3105984391809557
195,0.11641078576193958,0.31026464014768496
196,0.11574147351554229,0.3104088200207437
197,0.11516771835663758,0.31061242808609096
198,0.11467175204366971,0.31039170556269796
199,0.1140938891467472,0.31047235064704787
200,0.11365445372460052,0.31027603228892564
201,0.11297039622785526,0.3103872910884667
202,0.11239316675701921,0.31025563012064983
203,0.11217280379782132,0.31001642197614704
204,0.11166135748829355,0.3097961649604843
205,0.11129515200413011,0.30975593511530936
206,0.11094350036976501,0.309380308303135
207,0.11010846039055965,0.3098396081397638
208,0.10961154559759,0.3099846653363877
209,0.10916612793878554,0.3100783688736198
210,0.10883157176890916,0.30994921088806393
211,0.1081686524957833,0.3094576310178223
212,0.1073792117252587,0.30939072374016374
213,0.10685685308437831,0.3090260964599924
214,0.10634128592246027,0.30935021438992044
215,0.10578602671055232,0.30944955631322996
216,0.10540326545905365,0.3094344894691028
217,0.10501966177482877,0.3096076455845555
218,0.10421517105305464,0.310055875026485
219,0.10360803586521737,0.3110016392097721
220,0.10312526219327632,0.3111514654947642
221,0.10271415081331221,0.31132671425202946
222,0.10227121855265262,0.3109804988498337
223,0.10176201079522731,0.3110352410115791
224,0.10140789400759334,0.3116873452437826
225,0.10086197433112083,0.3113885035375741
226,0.10037076641600334,0.3116496380149354
227,0.09990218760103897,0.311538754799937
228,0.0996139470417527,0.31148822907849355
229,0.09910571977943886,0.31140076145146683
230,0.09889941688082134,0.3111910442283607
231,0.09858944045154501,0.3109760787359554
232,0.0981459876151003,0.3110590328516703
233,0.09788179115989175,0.3111195395005809
234,0.09748847328675928,0.311345073901108
235,0.09722955610074874,0.3114813144058233
236,0.09686342253078442,0.31137852565047297
237,0.096392880904118,0.31163922774748515
238,0.09591386597191899,0.3116673362495431
239,0.09538454469501499,0.31227818813940433
240,0.09506503789035105,0.3122997938855721
241,0.09477781517528736,0.31179420703161587
242,0.09450481194740998,0.3118621596669376
243,0.0940073491782986,0.3120587241574482
244,0.0936439479362411,0.31161713065529445
245,0.09331803076359602,0.3114242316481931
246,0.09309979375920818,0.3113856392313326
247,0.09271335581223648,0.3114437137416988
248,0.09227077794074642,0.3113582061463398
249,0.0920017371835293,0.31145119096883955
250,0.09164694452120363,0.31137449682031215
251,0.09127938171544767,0.31172366803101037
252,0.0908889997128868,0.3116722639171644
253,0.09063493284883187,0.3116715033038095
254,0.09019768496164472,0.31182726848110304
255,0.08983004429204858,0.31195073095117565
256,0.08938185492290407,0.31234038869832076
257,0.08914457956296148,0.3122077533412965
258,0.08896895791610936,0.3121274133691236
259,0.0886538436681195,0.31266700346722015
260,0.08832087938083825,0.3124116101316694
261,0.08803983200373841,0.3124918849814031
262,0.08776793438133647,0.31284756776858286
263,0.08741215535982803,0.3129023324955926
