0,0.6440047838955437,0.6480051533145027
1,0.6018891926436817,0.6075884159365599
2,0.5721850125294812,0.5797884613107318
3,0.5446731279481132,0.5542470489139497
4,0.5201339645916088,0.5329215661105398
5,0.5010844498665591,0.5144393214572015
6,0.48147713321204694,0.496684570125623
7,0.4671319319451341,0.48431511151308665
8,0.4536705585316845,0.47276954295496915
9,0.44241723947989076,0.46413888583318486
10,0.43241432288434084,0.4554858683253008
11,0.4242085188834409,0.4502406638721413
12,0.41521928895194576,0.44260806620506077
13,0.40717592210968534,0.43553845643709715
14,0.4004824504833354,0.43074510674211935
15,0.39399078278224303,0.4276630465853942
16,0.38909984842431106,0.4239828005454211
17,0.38373463392967977,0.41932409701017975
18,0.37829032223653175,0.41542563462156595
19,0.37360855602578824,0.4122530208894164
20,0.3683841103001645,0.41018186717158645
21,0.3648604058698486,0.4074792918535326
22,0.36008069247688057,0.4041816396323681
23,0.3548743390989635,0.4005381856971161
24,0.35129569090584656,0.39956875658975466
25,0.34882028195211645,0.39820884478091617
26,0.3447703538608646,0.3973025297446333
27,0.3398492352846481,0.3941458048651703
28,0.33671337987602407,0.3929159626114506
29,0.3330965165230108,0.39090453441618017
30,0.32943831654977657,0.3886964724476558
31,0.32523128505733306,0.3859672020071078
32,0.3231199353548597,0.3855175289118221
33,0.3210179197279202,0.38391390925798247
34,0.3187742261687717,0.38292239436721753
35,0.316606993234856,0.38236192562518273
36,0.3140790952589685,0.3794443039421241
37,0.31097078749534507,0.37809035333376084
38,0.3079313943023833,0.3760171957395978
39,0.30528809321080563,0.3737870854792481
40,0.3020394106488952,0.37292204569210025
41,0.29947875249231937,0.37147011325898066
42,0.29756547914597814,0.37055812256354903
43,0.2951234364817372,0.36949595457489687
44,0.2931150949699758,0.3674623876146488
45,0.29001048447003785,0.3656358324987358
46,0.28791101450006207,0.3656192669405767
47,0.28576160116489263,0.3643661057550939
48,0.28329464742893495,0.36410767829991586
49,0.2818316220053376,0.3636976342916457
50,0.28050597114146286,0.3632848596711361
51,0.27808489984173285,0.3622100712487294
52,0.2755497891711147,0.3595295037604372
53,0.2742030154155288,0.3591143763162778
54,0.2719932639492304,0.35907550042688907
55,0.2706078204521475,0.35862839321943685
56,0.26846322568194514,0.35727845779056533
57,0.26694243808962265,0.3567112774949457
58,0.2649304599250559,0.3562664273741942
59,0.2632329916172728,0.3549324640905846
60,0.2609261718265113,0.3538778808502411
61,0.2587617876039598,0.352717943012892
62,0.25761078699106255,0.3516696693734782
63,0.2556115068058745,0.35060451979202023
64,0.25393323699435977,0.35007088158042854
65,0.2518536322403333,0.34922171926808715
66,0.2505332393703063,0.34905702801032235
67,0.24912344545214746,0.3483966957480866
68,0.24734147042479984,0.3481005506497082
69,0.24529526226570258,0.34844061086980055
70,0.2433076193694917,0.3468381348786839
71,0.2418628681262413,0.3463928796359621
72,0.24033153424078327,0.34573344490042185
73,0.23896927440533453,0.3443115120586763
74,0.23734305418709659,0.3433316956329951
75,0.2356946503867459,0.34236795917406854
76,0.23468032730845023,0.34296997455340816
77,0.23314168981194142,0.34258562003631277
78,0.2317128489247145,0.34136546165920084
79,0.23066000763212202,0.3414070174003783
80,0.2287534620934707,0.34053796627652794
81,0.22761550797251273,0.3406021251354935
82,0.2263424218943955,0.3397763109096987
83,0.2243911455262382,0.33940048796554806
84,0.2228874198966609,0.33867006672572575
85,0.22153960060339342,0.33881398837765836
86,0.22035762783077054,0.33843085814575036
87,0.21879209425622206,0.3379307353149699
88,0.2174889603343005,0.33729429010902856
89,0.21657122069342727,0.3365279503540005
90,0.21437780385931293,0.3356580268209663
91,0.2129996033624007,0.33568417971409115
92,0.2117274264474848,0.3352588980386603
93,0.21030984403123448,0.3351436725521036
94,0.20890139870515764,0.3346071886400549
95,0.20748308895834627,0.33454614334478006
96,0.20544539662790157,0.3338591706766133
97,0.2041417778189393,0.3336012893782044
98,0.20308232994041708,0.3334580493726814
99,0.20174152635651998,0.33333770739446555
100,0.20051579252847257,0.33300783635887266
101,0.19921129486174902,0.33256903420353245
102,0.19770335677600545,0.3316472991296075
103,0.19648416892300768,0.33157850423397056
104,0.19504440292464467,0.33095997606527333
105,0.19344185125508162,0.33024582296174115
106,0.19205042243358988,0.33015959013640445
107,0.19077563925083013,0.32990071121131426
108,0.18932575123549217,0.32991964024818304
109,0.18768313577419005,0.3291499215360799
110,0.18679250434943676,0.32914925490206304
111,0.18542983539054742,0.32941097607073455
112,0.18418946403495842,0.32844110822415085
113,0.1828679650163698,0.32876924881658576
114,0.18129811291661493,0.3285098517030593
115,0.18004275552092386,0.3284671233581229
116,0.17848297997998386,0.32808786135449547
117,0.17779580412697057,0.32730256138814245
118,0.17682139331321375,0.3269836231037306
119,0.1760304819389275,0.3269913038017104
120,0.17472925725972877,0.32640288441375975
121,0.1735945609735756,0.3262091311531126
122,0.17247550229448547,0.3259526964234125
123,0.17163692046300894,0.3257692878941537
124,0.17018395644550646,0.3259892852439711
125,0.16923235047538326,0.3254807367078301
126,0.1682221034787736,0.3251541270578986
127,0.16745928524740877,0.32576993060069565
128,0.16610341985980945,0.32573231520357937
129,0.16500057459114326,0.3259069462684928
130,0.16424857540187437,0.3258390590930004
131,0.16273448531180176,0.32591088084137587
132,0.16133220714277402,0.3253400457230409
133,0.16067404874860353,0.32556644949540803
134,0.15984913467058715,0.3254335477234463
135,0.15867001060932845,0.32558493075069417
136,0.1579172840894985,0.32555661110728873
137,0.1568354556435033,0.32526923399924423
138,0.15603861955568832,0.3249010557095307
139,0.15535147400811508,0.325020843342466
140,0.15459453503211892,0.32516995916021496
141,0.15402480791199882,0.32504509390993297
142,0.15319881799086085,0.3244501193096443
143,0.15241919539299126,0.3241378335805998
144,0.15140232665773182,0.32414272117434006
145,0.15054824359367242,0.32412075040530564
146,0.14957225689703327,0.324078838910007
147,0.14893031191328668,0.3242193146239898
148,0.14801776965538108,0.3234448465971547
149,0.1473759004352346,0.3235546579115185
150,0.14663796297014647,0.3238774105900191
151,0.14554990675622206,0.32351991396327207
152,0.1448054233160843,0.3237723125570613
153,0.14415673537192775,0.3233616371662285
154,0.1436304359473917,0.3233955131039619
155,0.14315045838796395,0.32368226333177275
156,0.14228078317500156,0.32352838254200517
157,0.1415100703765051,0.3236952042676961
158,0.14062877302728558,0.3238540258337518
159,0.1401310213272716,0.3238793791176781
160,0.13954352006656529,0.32372441315665346
161,0.13859595987268805,0.3228265480815738
162,0.13800330668717414,0.32328599854430995
163,0.13747206747591081,0.323275726376037
164,0.1367043700686988,0.3230234784906832
165,0.13612997591081183,0.3230146506293525
166,0.1355700829059862,0.32288119919747466
167,0.13447587468773275,0.32316309781666763
168,0.13397856241659942,0.3232013117077883
169,0.13302154692542825,0.32321364474123027
170,0.13254972152937253,0.32344949666866524
171,0.13187103119957175,0.32367356069407427
172,0.13100193178997022,0.3232615280359224
173,0.13020836868968005,0.3234004730086215
174,0.12944555045831524,0.3236148134400271
175,0.1288359868372564,0.32263066864017237
176,0.1282756240981101,0.3221276997858816
177,0.1275389897669439,0.32228885328129586
178,0.12688911991062563,0.32270262062677235
179,0.1262483719917608,0.32229303863399883
180,0.1251940078508061,0.3219298410207321
181,0.1247163259284617,0.32155803908397257
182,0.12404262084354829,0.32131405511090255
183,0.12357515943085899,0.3207791735264442
184,0.12303870768390796,0.32117112962705235
185,0.12238639823966609,0.3213561617674272
186,0.12196714520572788,0.32154443173218517
187,0.1213604075669532,0.32111880440717766
188,0.12077292145896693,0.32112799115067764
189,0.12023468169105325,0.32120387889789653
190,0.11949738821656607,0.3213000256584661
191,0.11899581045474646,0.3212345154411032
192,0.11829187569338846,0.32127853789971617
193,0.11776095468924559,0.32172293605017144
194,0.11728499260062376,0.3213759782460021
195,0.11662586443237183,0.32129655514757394
196,0.11616811591321685,0.3210325491242983
197,0.11566443192331415,0.32076515427045443
198,0.11488261975740131,0.3204955114463073
199,0.11439091399267627,0.32057978502592127
200,0.11371593607928097,0.32017678196639254
201,0.11323979215801887,0.3202902528450603
202,0.11288695349593858,0.32054658044652906
203,0.11248086817569979,0.32039252462293605
204,0.11195420508588319,0.3200228774255953
205,0.1115083211465057,0.3201739670850889
206,0.11098937079118049,0.3201220394396977
207,0.11054740382992878,0.3200265933374344
208,0.11007315399866947,0.3197525594865013
209,0.10959915418729053,0.31982440041206783
210,0.1091675441101741,0.3196006502981603
211,0.10856595839620702,0.3197548696089261
212,0.1081864357941674,0.31980128344008735
213,0.10769384359532104,0.3191658687362051
214,0.10732548854793787,0.3193153535034946
215,0.1067141369059164,0.3197233024450717
216,0.10638749729675474,0.31978496270996365
217,0.10595881927096264,0.31982464119649134
218,0.1055401647694653,0.31968601897809856
219,0.10514361051012057,0.3201564112985538
220,0.10489431796031297,0.3200883059567144
221,0.10442615194614263,0.31963910532619244
222,0.1040186195411417,0.3195155589901001
223,0.10350616970270606,0.31928709808267597
224,0.10323220094834207,0.31885763893976177
225,0.1028232820694591,0.31883393543731386
226,0.10238658067841516,0.31871948378199594
227,0.102112498278651,0.31895705742359787
228,0.10162765669609608,0.3191285031615332
229,0.10117094613826264,0.3193636142961224
230,0.10066236024343268,0.3193111134320902
231,0.10030914276335184,0.31912483981904244
232,0.1000451672278426,0.3193046810873114
233,0.09975759133089855,0.319137916157926
234,0.09941937504363983,0.31928638972800405
235,0.09911927542359732,0.31915782776140084
236,0.09878800665846885,0.31925580554904254
237,0.09834015286548846,0.3190601021547232
238,0.09804503849033329,0.3188959604312555
239,0.09764618859390517,0.3190670890579858
240,0.09723683786250155,0.31949911535999254
241,0.09681103127715368,0.31932619820510694
242,0.09650103693093656,0.3192952235308216
243,0.09621694615959767,0.31950979941739166
244,0.09593854523462714,0.3194703147833533
245,0.09558723699726912,0.3194944704860144
246,0.0951464216427391,0.31994227748744963
247,0.09483238909663605,0.31982166002456175
248,0.09459179420812128,0.3195756692468197
249,0.09431953771111981,0.31962888913447385
250,0.09387561604898523,0.3194260224682994
251,0.09338142523817651,0.3195517807966988
252,0.09316721123522065,0.319514619415569
253,0.09264726080037394,0.3195213634034225
254,0.0921299242097311,0.31955428789804946
255,0.09189962559447151,0.3197457685529939
256,0.09155234040427943,0.3193610788460122
257,0.0912146696149415,0.31937000641436786
258,0.09094847420594898,0.3193316920051401
259,0.09054832117559894,0.31937829597355477
260,0.09030245314051638,0.3195028621830076
261,0.08985299315921363,0.31980764148498636
262,0.08958675986842106,0.3196193866372976
263,0.08939239592869445,0.31960277811247756
264,0.08916718105100235,0.3194461997501807
265,0.08894926978436103,0.3191839404518289
266,0.0884816492681115,0.31881615293595134
267,0.08816973810281156,0.3189961852058456
268,0.08794750073460386,0.3190522735245558
269,0.08774734087946871,0.31926179579745606
270,0.08735718106797341,0.3197279438933206
271,0.08701488869902868,0.3196290039722266
272,0.08666389109243111,0.3191906813706889
273,0.0864193413439905,0.3192210700141583
274,0.08584903842050956,0.31985925108075924
275,0.08569364727668043,0.3199907574987083
276,0.08537612960497222,0.3197716959243242
