0,0.6233970865906624,0.624909742048038
1,0.5906037794066159,0.595711699134402
2,0.5624602165248195,0.5740974510262896
3,0.5379390666882197,0.5587640736181402
4,0.5217354234466548,0.5453846029835422
5,0.5048752684513476,0.5289071585247694
6,0.4944029128662218,0.5206693433601438
7,0.4863205717661387,0.5144001351129317
8,0.47779365194882156,0.508339313775606
9,0.47106811624515665,0.5024258452644607
10,0.4604504204087083,0.49534456530866816
11,0.45003463646449676,0.491401454614145
12,0.4428533002194544,0.4851135048591726
13,0.43591375220217404,0.47847510476467964
14,0.4294087212732662,0.47541438835802685
15,0.42205717185171954,0.47041136773692327
16,0.41603436101028096,0.4672099790239803
17,0.4120652059099519,0.4659278795606786
18,0.4078353390298506,0.4639948639313805
19,0.4017780863778666,0.46121651868073077
20,0.3955984590720349,0.45739532761320906
21,0.39090906729182645,0.45457924565322266
22,0.38740205566245917,0.45254424911568003
23,0.38349806515196155,0.4493087213809763
24,0.37989054994469057,0.4449365097872769
25,0.37632690863243146,0.4422366533021346
26,0.3728652909661991,0.44088704694785963
27,0.36876155739340427,0.43905958941593554
28,0.36647927775652106,0.43676670644472654
29,0.36275871051955466,0.43478557834532017
30,0.35911648535173846,0.43336169522742307
31,0.3555923155729272,0.4308802447739719
32,0.3519124622512614,0.4288510256074063
33,0.3485264514540668,0.42731944113569736
34,0.34475680035146306,0.42552912842720264
35,0.3421752206270196,0.4240165181512869
36,0.33965584512444486,0.4220309958872999
37,0.3373381226994895,0.42002256183001496
38,0.33419365609941615,0.4184586246929115
39,0.3283631718177629,0.4189957638899814
40,0.3252683753985247,0.41759402604548745
41,0.32263712240705533,0.4162215413796569
42,0.31909776391560457,0.414572726497976
43,0.3154299906793486,0.4132485882564435
44,0.31212929238993875,0.4129186643547515
45,0.30776289787449723,0.4105164110527109
46,0.3038183140090588,0.40891758101476977
47,0.3013327774049396,0.4062582025743235
48,0.29799287976559713,0.40610688231421666
49,0.29379814756064704,0.40522065905691346
50,0.29088782067104146,0.4039784123384022
51,0.2867307798799591,0.40363150163985784
52,0.28292766220901117,0.40218991519287944
53,0.2798995312176273,0.40239852816078
54,0.2764380499543319,0.40067458270788525
55,0.2734545665720988,0.3998815539302439
56,0.27007422813253995,0.3965175295242614
57,0.26650446090091956,0.39712738386241087
58,0.264305066239525,0.39632537385505107
59,0.2614640791383711,0.3959939974418859
60,0.2589661752794774,0.3950130411965173
61,0.25555931044505636,0.3940652143332418
62,0.2515814943077102,0.39294405985678693
63,0.2475810137149237,0.3911177858165236
64,0.24557134142170625,0.39041616740216534
65,0.24289216895267945,0.38958619701827235
66,0.2411911877321718,0.3884769577183345
67,0.23877929271394036,0.38856374829272616
68,0.23634460257544046,0.38867610663626007
69,0.23389629723059574,0.3883330893083505
70,0.23170954811290997,0.38753967641482473
71,0.22974712818274098,0.3875520206890549
72,0.2274112923938841,0.3870272816670034
73,0.22509175502482684,0.38687400511475944
74,0.22323558433264487,0.38777543299986067
75,0.22145890242841362,0.38793795431092865
76,0.21951213743052186,0.3884205233568007
77,0.2171382708039244,0.3880160390707568
78,0.2152621842056174,0.3876483406804236
79,0.21321047966186565,0.3859846669943426
80,0.21138724053493732,0.38424602098430166
81,0.20984885930038147,0.3841153889241575
82,0.2078313551037645,0.3829924978122108
83,0.20617130873889764,0.38238400335562234
84,0.20429998104384958,0.3821415604112945
85,0.2022791786546229,0.38144614638771934
86,0.20052491744402662,0.3807764879512079
87,0.19849696121430416,0.38097336221027184
88,0.1962218352337694,0.3805764505570927
89,0.1942126848219155,0.38038388850854304
90,0.1929784622156617,0.3804637369330852
91,0.1912363482047854,0.37983973372111596
92,0.18979476979767995,0.38003922598829215
93,0.18840300053369896,0.3808188818187949
94,0.18706834636295783,0.380542301837761
95,0.185229949192288,0.38153802077574367
96,0.18410927604292077,0.38194170713450776
97,0.1822176087680173,0.38197625606667346
98,0.18043336871260063,0.38224223837767307
99,0.1789513402880656,0.38208134118330467
100,0.17756506314876846,0.38182102988616035
101,0.17635052730832784,0.38155218360690407
102,0.17502654374370555,0.38180465258535207
103,0.17401921704506043,0.3812272048416841
104,0.1725731061630201,0.3810763359471272
105,0.17110211994501923,0.38089236472812626
106,0.16956204518443405,0.3801058701012318
107,0.1684254163321272,0.3796588144933459
108,0.1666716401227175,0.3795831829097377
109,0.16532175806716592,0.3790080476644399
110,0.16347701790585756,0.3784389441476564
111,0.16271987720238779,0.37892069374371057
112,0.16133544309901288,0.3793725201195877
113,0.1601813636880694,0.3788568336650927
114,0.15960955130196802,0.37946524665255565
115,0.1584591695705506,0.3789886521654432
116,0.15727897529066112,0.3799006700194628
117,0.15612079523170935,0.37927523159503707
118,0.15547586022426912,0.37882017698825643
119,0.1543820076726698,0.3775674479542009
120,0.15321043087452643,0.3782407858518711
121,0.15159730639081215,0.3775902631949705
122,0.15084989329968893,0.37768395610867506
123,0.14982321164013138,0.3774352055959515
124,0.1486574194265789,0.37680971092649485
125,0.14728911152686072,0.37702726310319284
126,0.14607464577269055,0.37810183592236174
127,0.14490280471232056,0.3775985129414148
128,0.14387080866667193,0.37793887633520573
129,0.1425650299389133,0.3778681462345834
130,0.14168257652795443,0.3783363061556067
131,0.14119469519471195,0.37842591377237006
132,0.14015389871745396,0.3788429728381942
133,0.1391170876745175,0.3789490932955003
134,0.1380635383803552,0.3788036366636363
135,0.13682414530849066,0.37885375939833993
136,0.13594076089844592,0.3784158299547299
137,0.13519619729201487,0.3784048884511963
138,0.13417273777764277,0.3770992850350524
139,0.13312785004782843,0.3769863094618254
140,0.13179456250027646,0.3763257740770678
141,0.13089668819399666,0.37604200311334185
142,0.13035670328839033,0.37664517399500597
143,0.12921754475520492,0.3773967407001469
144,0.12830515419599037,0.37768140450501747
145,0.1277118031267385,0.37757538170930177
146,0.12706435821899228,0.37786690815758756
147,0.12606353259111425,0.3779297719754039
148,0.12501129196297467,0.37761312969575545
149,0.12429060784894545,0.37721779418412976
150,0.1233918163610291,0.3776604573400572
151,0.12274127133720425,0.3775084999830927
152,0.12214896230885285,0.37744901296845484
153,0.12138518479145806,0.3777321349625682
154,0.12020606632134428,0.37876022607787746
155,0.11974063526199918,0.3790612167782029
156,0.11909437441950732,0.3792463636114636
157,0.11849779543200246,0.3793665870453697
158,0.11735967710759947,0.3784852205954034
159,0.1167874522482572,0.378599222907129
160,0.11575984972559394,0.37870999525620136
161,0.11518846607087325,0.37936369447210205
162,0.1143315867625498,0.37895633397171474
163,0.11353058064936954,0.37883861248536144
164,0.11259498631967192,0.3780564988638579
165,0.11185955601647603,0.37862465511896826
166,0.11140905145310533,0.37877449434849003
167,0.11079715302190885,0.378306463122686
168,0.11012229785946487,0.3791382318875794
169,0.10940838959599822,0.3795261818616651
170,0.10876318869042374,0.3798762398339767
171,0.10801371425107621,0.380869079590303
172,0.10720491943575153,0.3814153461478696
173,0.1066539945256161,0.3813828962211577
174,0.10589845636241609,0.38122376946860886
175,0.10531686342998595,0.3812002946664529
176,0.10484331223755256,0.38089912535129333
177,0.10435230175130208,0.38033058574730505
178,0.10376266494148147,0.3795161529701792
179,0.1031641510873836,0.38011672057236917
180,0.10253712493077437,0.3800897441543261
181,0.10174580293769342,0.37963571572190435
182,0.10106607806676088,0.3796763768557243
183,0.10047165513040605,0.38051239657341224
184,0.0997996159383356,0.38000780470432566
185,0.09934378378910581,0.3799008543512078
186,0.09882972277050969,0.3796195495706393
187,0.0984962413436087,0.3793740841793587
188,0.0979410178591075,0.3796164993255602
189,0.09743382683392597,0.3800288101562827
190,0.09702116486862865,0.3804602012326518
191,0.09645710639929349,0.38053643235374807
