0,0.6311953049297481,0.6382476820132768
1,0.5895301252768549,0.5998171276639053
2,0.564935931335652,0.5803027949240193
3,0.5432664231208472,0.5587449497953176
4,0.5273177610547307,0.5476302743867667
5,0.5093860985300733,0.5297706022623361
6,0.4958110484041909,0.5178816168024722
7,0.4849078240716708,0.5126754922082255
8,0.4764970713939646,0.5050564366740187
9,0.4672122587793293,0.4982426763270435
10,0.4579047692046477,0.4891339371109233
11,0.45180973631731036,0.48264908851654664
12,0.4460569531682586,0.4806637440835492
13,0.442831316131558,0.4781825667658802
14,0.43575559766057587,0.47418926759999724
15,0.430111603087365,0.4699391215861109
16,0.424600324493442,0.4654114670413272
17,0.42045605090237403,0.4625759127135307
18,0.41754623531371127,0.46122353468155797
19,0.41472215958739966,0.4602835460099822
20,0.4105087398558624,0.4584972814264269
21,0.4063924829561185,0.4560623334558951
22,0.4027046550019899,0.4540746841412475
23,0.3977733455755122,0.45085340337392776
24,0.3945936707827208,0.4498644838142428
25,0.39067853249584716,0.448429602633914
26,0.38739057606372856,0.4468057786359922
27,0.3834321791943522,0.44412890444252695
28,0.37896018804505816,0.4407817719417187
29,0.3749711384144864,0.4381514897999443
30,0.36915045956836584,0.4364877501865573
31,0.3670173721060008,0.43511695813477824
32,0.36354421486754224,0.43301878252727705
33,0.35988987851908566,0.4305129022205311
34,0.35712690554055926,0.4280757171618264
35,0.35372448284364616,0.42776438635301
36,0.3491698610426184,0.42693645065624947
37,0.34553245637371954,0.42498198465681947
38,0.3415530385369082,0.4231644808395644
39,0.33788471074067344,0.4223518900443242
40,0.3348230169725048,0.4204228178341712
41,0.3313235666268688,0.41827388006501254
42,0.3278130988610015,0.41694590562574696
43,0.3248283918513808,0.4165083539541433
44,0.3215827477202727,0.4148567288903871
45,0.31870855287063954,0.4154936576390281
46,0.31434359291727226,0.4130397113386017
47,0.3115117779601848,0.411612369227316
48,0.308011178558451,0.40973910722691687
49,0.30464457937517303,0.4086171442021112
50,0.3007231212797619,0.40601843715983976
51,0.29668787283490794,0.4036184361649607
52,0.2930556727142165,0.4023151834243339
53,0.2898741391542082,0.4007646531625021
54,0.28631909477090256,0.40012590103948925
55,0.28294675030713595,0.39918317260850866
56,0.2800714739929402,0.39913513564429287
57,0.27742739452476123,0.39732208373531036
58,0.2745167678376765,0.397321677671698
59,0.2712201596890573,0.395425700815431
60,0.2686109405551374,0.39525817104392197
61,0.2651888318236088,0.3946382570329044
62,0.26248282161133896,0.39473034170696797
63,0.2592207865329544,0.3938689187596162
64,0.25601044208108387,0.39269834716754676
65,0.25285552268804506,0.3923394428425919
66,0.2508332008539244,0.39102724584810045
67,0.2480364152099339,0.39151696178469886
68,0.2462770582433555,0.3904391596494602
69,0.24357795926555578,0.3903971447751338
70,0.24119985248823367,0.3886213478962292
71,0.23922349289802222,0.3885044050677229
72,0.23636932204068037,0.3873332969791057
73,0.23408391705383097,0.38727154330470004
74,0.232221297119411,0.38713435890055947
75,0.23003099342253253,0.38738792324625965
76,0.22797340570494187,0.3858351511682555
77,0.22573568654614826,0.38542257976794697
78,0.22460915532751072,0.38472149682913087
79,0.22289451016144102,0.385489213893494
80,0.2207307023463455,0.3852537918282012
81,0.21852395700853924,0.385670080396747
82,0.2168248240997889,0.38466308542137634
83,0.21498663850532945,0.3850117673699403
84,0.21301073515798033,0.3849681511895754
85,0.2110918114747716,0.3836123552599506
86,0.20900313165100706,0.3837960368806789
87,0.20739644706447258,0.3832934305670943
88,0.2057258546814438,0.3819609630462643
89,0.2043365782677533,0.3811601296969453
90,0.20235884994895487,0.3811415500053624
91,0.20047108596345514,0.3790771443656352
92,0.19936373384291944,0.3794466563402712
93,0.19757516043526785,0.3794906677863619
94,0.19617870242096658,0.37994808188512375
95,0.1947585704714753,0.37938373181041046
96,0.19289084737615067,0.3790802511192742
97,0.1916029413673173,0.3785868000547016
98,0.18988966492983458,0.3785643900662674
99,0.1878436184668726,0.3785995565637804
100,0.18652370786614064,0.3787048045266643
101,0.1850569208595048,0.37903364728072225
102,0.18303502147247888,0.3799684428868455
103,0.18140721453120673,0.3804562070486474
104,0.17979507192820807,0.3806472789665387
105,0.17880103701636904,0.38124579976854067
106,0.17706011564100568,0.3803500806763611
107,0.17587920703233145,0.379458971162271
108,0.17467497934402684,0.3801243786471099
109,0.17316931030678986,0.38047800725825753
110,0.17158401844113372,0.38074435115257926
111,0.17027291163785646,0.38040672930554004
112,0.16897163940294505,0.38176908042435825
113,0.16775012517952312,0.38108076697526133
114,0.16665526059510832,0.38213764616812446
115,0.16547791743991383,0.38198372850918505
116,0.16362555452095445,0.3826492538732681
117,0.16247872894388496,0.382295745991898
118,0.1615463544099962,0.3810380914933823
119,0.16027766129503218,0.379643830289016
120,0.15920206029813816,0.3794167309614889
121,0.15826563027213975,0.378838202227937
122,0.15673618591241,0.3782144638647486
123,0.15550311353647564,0.3792573545248697
124,0.1548439946813573,0.3794848295820412
125,0.1538937928800699,0.3777394615023587
126,0.15250946754632994,0.37793262470137645
127,0.1515379575135832,0.3779264865269067
128,0.15041759402252908,0.37756647906860735
129,0.14988598659849114,0.37748545345292844
130,0.14863461381441204,0.3779125548063134
131,0.14797760719476744,0.3779231230757625
132,0.14651810317604513,0.37701277570517094
133,0.14497840180085478,0.37748242377050345
134,0.1439406013699993,0.3763266790898184
135,0.14272664050063158,0.3758864438146674
136,0.14193355522282497,0.37556128678611744
137,0.1410754046434844,0.37530690516129706
138,0.13992176921924748,0.37522894279991265
139,0.13913154813274328,0.37543206996002
140,0.13852256529883028,0.3753215657435533
141,0.13764356273089268,0.3749921497499182
142,0.1366309654937102,0.37466161283528293
143,0.13552363027105827,0.3735495104924576
144,0.1347344568533491,0.37288080267142343
145,0.13400778870777963,0.3731699803092595
146,0.13299258919649345,0.3734066293134746
147,0.1324320694932906,0.37397639844169844
148,0.13174534794500103,0.37438473755179064
149,0.13056101751485932,0.37366903628426107
150,0.1296189266977912,0.37388452052653487
151,0.12889741240677777,0.37389021692420016
152,0.12828532036224738,0.37324150711689513
153,0.12729512127002873,0.37265114648397946
154,0.12664716346715377,0.37260712427778964
155,0.12564586246528497,0.3721580340079889
156,0.12506456681396214,0.3723166166045331
157,0.12437209998518393,0.3724163719354828
158,0.12334612807298155,0.37296364411261024
159,0.12276601527352402,0.3728199314572055
160,0.12229195359273343,0.3731009516651562
161,0.12160494478041943,0.3738769208868771
162,0.12112997906284607,0.37365113527790567
163,0.1207043974106494,0.3738213824648667
164,0.11953663535556391,0.37416576764176923
165,0.11912350744372058,0.3740336250291366
166,0.11822675364886144,0.37394447070196046
167,0.11769019514487299,0.3743194836488037
168,0.11689350216887719,0.3751582675289958
169,0.11661790613320183,0.37579161086847407
170,0.11590424935815079,0.3756594179655911
171,0.1153869544416831,0.37546721092720864
172,0.11494643506021594,0.37597807894882507
173,0.11381615251137701,0.37582905474119827
174,0.11300989533315597,0.37678274243823745
175,0.11235906489003668,0.3759207911326187
176,0.11163544681249135,0.37524261613409676
177,0.1106617231569681,0.3764026689083371
178,0.11005507223101814,0.3766234443280779
179,0.10942312517303433,0.3778071179042384
180,0.10892167202261992,0.3781153321999261
181,0.10844668940716276,0.37779684903054506
182,0.10780783111470878,0.3781966295275318
183,0.10742269454736382,0.37807124688757476
184,0.10677471139766317,0.3785231207666999
185,0.10622869007875226,0.37868240546786625
186,0.10570802403446844,0.37848416009613717
187,0.10520684969913656,0.37817528891457247
188,0.10447130171563539,0.37922853511475857
189,0.10393797915639276,0.37920427240443405
190,0.10334167818426426,0.37886882142989514
191,0.1027187376983406,0.3792641662962608
192,0.10195953267753323,0.3792246020290358
193,0.10133358436829491,0.3780672024349779
194,0.10071910127320823,0.3778138201772938
195,0.10002593318225274,0.37807441285868965
196,0.09965626662751766,0.37832158754034895
197,0.09922626617870986,0.37844030577407767
198,0.09867007233375727,0.3779762058941572
199,0.09794746812923934,0.37850306721309146
200,0.09743656906178623,0.37836568059037917
201,0.09705039327458818,0.3783677378812036
202,0.09637223050443833,0.37858010728643327
203,0.09577676597755745,0.3783272370294794
204,0.0953965889391049,0.3780230197268012
205,0.09482963959111988,0.3784407134421009
