0,0.6315819285108666,0.6349211133362418
1,0.5869569155332918,0.5980819065195073
2,0.5608064940865518,0.5751365693389877
3,0.5382129419945667,0.557538369739068
4,0.5230463477860258,0.5441364841667388
5,0.5094852891079215,0.5363223174541687
6,0.4924599276824647,0.5224594909685691
7,0.48292529675387597,0.5170415849134888
8,0.4725466841215047,0.5113031775111074
9,0.4634825240734012,0.5059394728858362
10,0.45290096785671025,0.499568941022266
11,0.4441058221185458,0.49671556054236593
12,0.438391937897979,0.4946507423730218
13,0.4327700795525332,0.4912849143425137
14,0.42840001643826137,0.4905038375445563
15,0.4245996485780904,0.48781883869712744
16,0.41959094684385384,0.4846798666356745
17,0.4138365414979582,0.48081641063823805
18,0.4085771765555786,0.4760860990693715
19,0.4050088842313815,0.4742564167286567
20,0.4022354345649052,0.4739900761098617
21,0.3978524952631852,0.47116363910407233
22,0.39471435546875,0.4677455901262276
23,0.3904828550015573,0.46658466203454063
24,0.386467681242646,0.46423209160505113
25,0.3849063505762043,0.4623441303510119
26,0.3810521122625104,0.4595747320199834
27,0.3780000502881022,0.45648830081991737
28,0.3734466451347072,0.4546790743054597
29,0.3691859451243252,0.4528768998837679
30,0.3640809930440199,0.45169689668149576
31,0.3617288414161995,0.45044845644203596
32,0.35754577028394935,0.44781851231285835
33,0.35465501550820183,0.44715352204296527
34,0.35139872571030595,0.4445135510972592
35,0.34675167248494604,0.44335261484569904
36,0.34298749989185356,0.4412506175863569
37,0.339788595307309,0.44023738455997863
38,0.3367397439308209,0.43942948853005137
39,0.3333374902127457,0.4375693140599471
40,0.329746216766594,0.43640745149073745
41,0.3273265411951481,0.4351138026766694
42,0.32391120851501937,0.43358346100216877
43,0.32040996699370156,0.43177597919315974
44,0.3178005957788275,0.4325195988570785
45,0.31352330204656353,0.43147239333044995
46,0.3093563514954492,0.4306744340396902
47,0.3056899838537341,0.42998168123588587
48,0.3021474101086656,0.4277258158910727
49,0.2977749136991279,0.4257062416867868
50,0.2946657030817414,0.4249649508836933
51,0.2913958611810458,0.4246388939591802
52,0.2887394800534676,0.42302490151932803
53,0.28607968555336377,0.4199255027080239
54,0.2825853890622837,0.4171529326937226
55,0.27936470310553363,0.41625267970531377
56,0.2763626926629118,0.41529730443946616
57,0.27316179412808,0.4134411043760206
58,0.2710548307940545,0.41324101667785806
59,0.2679873748475135,0.41119315974086385
60,0.2654523374234323,0.41034269228209447
61,0.2628711856744878,0.4107357896932496
62,0.25921926572341325,0.40917923180581284
63,0.25683083433909537,0.40814461677624053
64,0.2537313231070044,0.40760731576805365
65,0.2512684734424747,0.4071998049494472
66,0.24813847842802636,0.40631307574228676
67,0.2454084732207745,0.4062944904167114
68,0.24360078830655627,0.40674680454287715
69,0.24079399911536198,0.4056481996546283
70,0.23752804372793812,0.4045098768814693
71,0.2345637493619359,0.4038038445253574
72,0.23299836320338455,0.40309530369914764
73,0.23112526658101468,0.4035110604916423
74,0.22892252604166666,0.40267477332152957
75,0.22690515528749655,0.4012979920120982
76,0.2247086500672671,0.40245507449353335
77,0.22297849264387803,0.4019684309184441
78,0.22104699693512944,0.40056375412052175
79,0.21931744783555682,0.40192810974061044
80,0.2170184062564888,0.4017000151920414
81,0.21480613531068313,0.4022695513059103
82,0.2132731423953575,0.4019676310784362
83,0.2111464930267165,0.4008993139499697
84,0.20960194195887838,0.4014272978234506
85,0.20774197499221345,0.40110046302658753
86,0.206343759597998,0.4002388262166169
87,0.20446490079725568,0.39967346881823945
88,0.2029444799074699,0.40028884357141714
89,0.20146295794616903,0.4003890384789605
90,0.20000561685657184,0.400804236351873
91,0.1981427096581274,0.399652213759756
92,0.19674446046814437,0.3991499977458008
93,0.1949858977021041,0.3986803926089892
94,0.19320560425750968,0.3976929071533495
95,0.19120036618390088,0.3962172884774863
96,0.18928551489068557,0.3964480627155742
97,0.18750829686094095,0.3951508761383186
98,0.18566451806694698,0.3967240706795182
99,0.18440454426001868,0.3958149833752859
100,0.18262093883020142,0.3970120429114996
101,0.18075708535026475,0.39661418624673134
102,0.17929570566644173,0.3966458674072717
103,0.1778631030787133,0.39766212892936975
104,0.1767334795473422,0.39770450299987486
105,0.17526115003482315,0.3983523665867755
106,0.174055114272953,0.39845488855318273
107,0.17238080435549039,0.39808501802903296
108,0.17103483721795404,0.39688410950578923
109,0.16963516860573263,0.39546153669380035
110,0.16809551792419367,0.39658060979317594
111,0.1664384269503132,0.3961414631140376
112,0.16502355024268064,0.39660282006868997
113,0.16403958646958056,0.3968827514782002
114,0.1626749809662237,0.39641756780786286
115,0.1614563393830461,0.3954770178276229
116,0.16028301792419367,0.39520460309586564
117,0.15894059934225324,0.394180664888611
118,0.15773909221323887,0.39441873040373565
119,0.1568156059662237,0.39493789055681083
120,0.15559377068300975,0.3949901569506065
121,0.15440992184255606,0.39478449639672325
122,0.15305286969325338,0.39528352799166794
123,0.15205391749723146,0.3953304368654655
124,0.15123166647200303,0.39595484006216725
125,0.15049343172497923,0.3949572808087987
126,0.14961320406046685,0.3943974169895889
127,0.14849547663928397,0.39512176888965383
128,0.14748481420979548,0.3946238953872531
129,0.14670962379092262,0.3942631678443301
130,0.14566783545949266,0.394622716243486
131,0.14464260705417706,0.394987929685254
132,0.1439292966857437,0.3954497497825312
133,0.1424167840055717,0.3945671423473976
134,0.14160487448522288,0.39433449409908783
135,0.14032507946060874,0.3933448264193456
136,0.13900165410004844,0.39246192799470736
137,0.13801443748431877,0.392087699891624
138,0.13717865970311635,0.3928102056666846
139,0.13600670697285092,0.3934954097105964
140,0.1348136487857316,0.39364771304753093
141,0.13395204258915594,0.39303346005883694
142,0.13337876498369153,0.39321656656192655
143,0.13240357121227853,0.3951545320235679
144,0.13167738465639708,0.39522364385450093
145,0.13099270775204613,0.3962965115193383
146,0.1302804197055821,0.3965581122845182
147,0.12964565070100534,0.3963960991643432
148,0.12886679344135002,0.3965930646892028
149,0.12798142882016542,0.39753566510374794
150,0.1273476229949647,0.39667740133683826
151,0.12645703692768895,0.3968638874501888
152,0.12541649903965946,0.3962874102565638
153,0.12463040948574197,0.39609690840765216
154,0.12389289289877924,0.39621291813427945
155,0.12319822934510832,0.39547292662116557
156,0.12259679986524952,0.3958553139451253
157,0.1217846791213533,0.39695701325841787
158,0.12090288840259032,0.39730481457353356
159,0.12030314026216864,0.39777774330093174
160,0.11935415510851416,0.3978251989310691
161,0.1183941440856866,0.3984795873444463
162,0.11777656867786632,0.39817106257192275
163,0.11735379207437881,0.3983673533101105
164,0.11676615126769276,0.39804725175483463
165,0.11628644569371625,0.3979409680931963
166,0.11555492785549903,0.39788283508661365
167,0.11451915517069837,0.3985850159071328
168,0.1137892510803831,0.3984675876605362
169,0.11305861193212295,0.3979685085026138
170,0.11258343499100222,0.39887395691507377
171,0.11210241138209008,0.3983122857403252
172,0.11136915306184247,0.39826757123874873
173,0.11078252612818383,0.3981552389699892
174,0.11009141113010884,0.3995033644202455
175,0.10933312704396803,0.39984422705540024
176,0.10882181397836206,0.39975320131122927
177,0.10838762285437431,0.40011688153949715
178,0.10795836591245328,0.39978130128088296
179,0.10716511165580876,0.4006436334997176
180,0.1064252462629992,0.40118033460450875
181,0.10576635552931202,0.40113245337312786
182,0.1049587042756783,0.4010778292158651
183,0.1042615905288578,0.4020928526697998
184,0.10359008552492127,0.4019335454876439
185,0.10302856039763289,0.4024112565091733
186,0.10260213385124671,0.4022980774455086
187,0.10204997860051997,0.4018480859329451
