0,0.6295442210371032,0.6384811505008563
1,0.5900078643583098,0.5998665149502819
2,0.5603232091140595,0.5745135694053546
3,0.5391041777521852,0.5565716024893365
4,0.5216586839308223,0.543833996448363
5,0.507955389353859,0.5357512957746413
6,0.4979415951627069,0.5261497316365795
7,0.4874891201381311,0.5174209462533129
8,0.4801087135918283,0.5140397967221835
9,0.4720032077746482,0.5060327763572126
10,0.46544075294336473,0.501666369499691
11,0.45878382311346605,0.4957484117835303
12,0.44999478331922366,0.48831731854165134
13,0.4442444552113274,0.4828962128628119
14,0.4388940617089592,0.47804049571596186
15,0.4336257994720506,0.47348698308043013
16,0.4291911073557849,0.47163212326132836
17,0.4253824699028515,0.4690574397556326
18,0.4207506898121956,0.4637007379845542
19,0.4160547204425954,0.4603111266779017
20,0.4118964623077865,0.4576164117412842
21,0.4073979470602126,0.45484125243627044
22,0.4024690216830128,0.45251901819484497
23,0.39726022926254967,0.44634053114444444
24,0.39447741903425715,0.4452141796937847
25,0.39132074206996587,0.4444649894953668
26,0.3865240443819908,0.4425810822192199
27,0.38321757506054294,0.4407463493184705
28,0.3798992914122318,0.4395175934261259
29,0.3773617807592573,0.43871249077508073
30,0.3742400901645674,0.43657898945206136
31,0.3704411001901108,0.4341976717528614
32,0.36693132905860193,0.43124639625427696
33,0.36335732896021755,0.43032688328116586
34,0.35989938461584386,0.4290139969451814
35,0.35635422287839225,0.4283790232018248
36,0.35266710306731225,0.42715137804053205
37,0.34873473821953827,0.42646373351984357
38,0.34545227937388523,0.42493206884439383
39,0.34106696273037485,0.42286605460768806
40,0.3367489287154584,0.42161102431221653
41,0.3333466540551354,0.4190477060188439
42,0.32961758641694,0.41590726232841607
43,0.3268964843169158,0.4129968886294993
44,0.3230364843725394,0.41198018311270723
45,0.31987539991123903,0.41073187961130364
46,0.3159070234012598,0.4085304061835006
47,0.3131340926012333,0.4076372319635608
48,0.30805181694039036,0.4048705193961782
49,0.3034243086584852,0.401073604343301
50,0.300117382186901,0.3991644707587574
51,0.29565637844717835,0.3982717952083706
52,0.2913583888441616,0.3954612986765246
53,0.2881868344303511,0.39270956023708864
54,0.2850291643369507,0.3909679663689821
55,0.2810230083205249,0.3876988143816453
56,0.27709024155351447,0.3834626703481309
57,0.2746721344960333,0.3822338809832124
58,0.27162909420207637,0.3804990541547498
59,0.2676750729251934,0.3775723842812423
60,0.26501996014951607,0.3757970679743984
61,0.2624240912641801,0.37558621884467597
62,0.25991210830674866,0.3761589702407086
63,0.25788271223164616,0.3753210209484932
64,0.2553221265485787,0.3746011390356911
65,0.25319560851036177,0.37433972084040334
66,0.2505902161808429,0.37334338270166145
67,0.24887089318778743,0.37304419597337063
68,0.24620934135467404,0.37198910180179734
69,0.2435611712468378,0.3702441323996492
70,0.24122100169966137,0.3689463576256314
71,0.2389091484863119,0.36920091063767746
72,0.23611586026063505,0.36790099930240866
73,0.23347141801525118,0.3680527369980427
74,0.2314302094060137,0.36765333498089625
75,0.22926055920092936,0.36760756332367805
76,0.22725402089852584,0.3673469917119942
77,0.22471412825598788,0.3653752280852548
78,0.22323526230675422,0.3646080304019269
79,0.22122293975088028,0.3643153189289021
80,0.2186879547553626,0.3636742326914578
81,0.21716432966254484,0.36345310961322774
82,0.2157341455361266,0.3632916343603904
83,0.2135923151448743,0.362417254207343
84,0.21154153861421546,0.3613239583419882
85,0.21010643253932546,0.36026765334226996
86,0.2084899672681031,0.35925616110407127
87,0.20661944366239174,0.3584173956658251
88,0.2051477889317902,0.35763022760662605
89,0.2039926335540042,0.35723023340083765
90,0.20227271611052644,0.3563221285821495
91,0.20057249135856484,0.3552005477488547
92,0.1989166042803162,0.35521967758523604
93,0.1973607302046357,0.35439729846487217
94,0.1958912862386006,0.3539428358081543
95,0.1942108005010519,0.35321793947088953
96,0.19234796166011314,0.35268200031045205
97,0.19094194563909747,0.3522289577945723
98,0.1895259272552359,0.3515114400677729
99,0.18798625462166837,0.35125007228374877
100,0.18648291623553184,0.3515646180713507
101,0.1850732649855479,0.35145068922730055
102,0.18386061995987174,0.3521293112599627
103,0.18258644879024802,0.35154497008115076
104,0.18116787056547684,0.3512388911980274
105,0.18013233081847546,0.3513153107275489
106,0.17919020935993502,0.35089930622114374
107,0.17766044280060206,0.3507637143235342
108,0.17639915585446983,0.349902559004188
109,0.17468560503674127,0.35027589044452834
110,0.17331483444736145,0.34988265657606554
111,0.1723202112067551,0.349686653784013
112,0.17122865881142582,0.3496410559182843
113,0.17013668758386488,0.3495108918926608
114,0.16876452337106543,0.3497642009492692
115,0.16739871333634612,0.3491877440175065
116,0.16587149653241073,0.3477778576808527
117,0.1648565409020645,0.3469280603788754
118,0.16313359263384317,0.34748147103488086
119,0.1624635333826058,0.34725254239370346
120,0.16153524248896967,0.3470495723006826
121,0.16013651695461886,0.3467499384282669
122,0.15923064084590158,0.34664829756435817
123,0.158482120221689,0.3466910836421716
124,0.1575389587106944,0.34684254915251234
125,0.15651086383843127,0.3465610967557565
126,0.15545275094351446,0.34588624384284694
127,0.15452012240132373,0.34587096040238563
128,0.15373350153208182,0.3460108683015432
129,0.1526979617550457,0.3465198670075315
130,0.1517975408012235,0.34649557539340486
131,0.15076732482887192,0.3467855829171915
132,0.14970542476597426,0.3469619398542475
133,0.14858402476180468,0.3471282140778724
134,0.14794917318855735,0.3467662575255519
135,0.14632969661319134,0.34617154421740515
136,0.14511627369264138,0.3442936343576832
137,0.1437382000251549,0.34315716250728123
138,0.14287288643999757,0.3435374383163147
139,0.1417229688225869,0.34294212104042077
140,0.14063693919794415,0.34376848850167846
141,0.13922540979947823,0.3425222830259548
142,0.13854618675656225,0.34297245573171614
143,0.13726912568880434,0.3430762861120759
144,0.13656704850591367,0.3428322747126966
145,0.1358007130370887,0.34354355552243526
146,0.13487065346907118,0.34344948358494176
147,0.13402121922381846,0.3432167441121927
148,0.13327308627450604,0.34329554167257803
149,0.13245344504530848,0.3433708765634
150,0.13153511157198783,0.3425938702422545
151,0.13042026887737174,0.34272257833630276
152,0.12954598172988024,0.3423596424971783
153,0.12846369580115838,0.3418045428310197
154,0.1275819210762007,0.34207261322253807
155,0.12682684596557542,0.342322937185395
156,0.12619722423769245,0.34280021693464235
157,0.1252108120258298,0.3433116100624542
158,0.12385623341011676,0.3431918883739418
159,0.12328022576072367,0.34340756446020476
160,0.12270437863067249,0.3436946095856131
161,0.12192000246215577,0.34392149834216673
162,0.12130018982048088,0.3439061907500434
163,0.12056324958304958,0.3432558876438501
164,0.11960785777733703,0.3421338147988052
165,0.11907668124543153,0.34265060427493277
166,0.11853418881324704,0.34263426932668395
167,0.11794668963492141,0.342884312888466
168,0.11724895077304308,0.3433928643628771
169,0.11659438919658573,0.3430216015158587
170,0.1159787947450354,0.34322277261132256
171,0.11549477795007984,0.342743989839328
172,0.11463387659572394,0.3416349118687094
173,0.11413991087781743,0.34134646982626277
174,0.11346793416843208,0.3407689740444093
175,0.11284345282023088,0.34086712708070677
176,0.11238262156480512,0.3414535772498842
177,0.11157516036044778,0.34189478246111893
178,0.11109385919010505,0.3415659332825907
179,0.1103262294636768,0.34182175411926247
180,0.10951065752759158,0.3414430573143019
181,0.10876897659754425,0.3420076332855841
182,0.10825104666802418,0.3416497804623233
183,0.10775201646608633,0.34242429857306045
184,0.10718581556757859,0.3421097040642157
185,0.10687469201632181,0.3419288898861344
186,0.10638144834286146,0.34196029521953586
187,0.10597150470579435,0.3423617080648657
188,0.10533807876817991,0.34199385069473953
189,0.10471823986237137,0.34266994227190994
190,0.10421007763970562,0.3418863207656076
191,0.10364140660403295,0.3415427378604968
192,0.1031197285696425,0.34161558892149974
193,0.10262966113427947,0.3418269898708234
194,0.10215670118126118,0.34207450929038463
195,0.10152077678927796,0.34225584546045756
196,0.10099244245987542,0.3425311240007849
197,0.10028207970292219,0.3427411746701668
198,0.09969825966100516,0.3427547913191355
199,0.09922108350347746,0.34197777728111317
200,0.09878160112222079,0.3420845773145574
201,0.09803798577844006,0.34217119955748687
202,0.09751591281650257,0.3416188546957224
203,0.09706767124980353,0.3417003839073913
204,0.09641673084606443,0.3417729781710799
205,0.09608041279819508,0.34160091720905816
206,0.09556372289304818,0.3410218293948856
207,0.09493907338966934,0.3417524804916567
208,0.09458200152059404,0.34222846622117614
209,0.09416694953489163,0.34230663876779593
210,0.09352474958871466,0.3414764345524072
211,0.09282694210069653,0.341804499966872
212,0.09237567061189579,0.34209730754210543
213,0.0919890731979066,0.3421678411521145
214,0.09135202319845517,0.3421990520460662
215,0.09093693059288357,0.34195455183703927
216,0.09048569572847233,0.34203119996974557
217,0.09009939037667632,0.34201336608727056
218,0.08972711792804583,0.3422622954945701
219,0.08904118329976389,0.34256376339612404
220,0.08853986641077485,0.3422491304108576
221,0.08793815526670126,0.342131346487443
222,0.0876963060000134,0.3426632997994001
223,0.08717976706402837,0.34235054718672686
224,0.08658715484512686,0.34260036229678087
