0,0.5639027964100816,0.5666823469124579
1,0.5290438266850773,0.5358022010432928
2,0.5016472158832824,0.5119346159157947
3,0.47524032306813235,0.4872839674131636
4,0.4523509355589862,0.46880055617729743
5,0.4335546967762411,0.4528712078322247
6,0.41697845193375893,0.4360808822610291
7,0.39980265248390173,0.4220727822394688
8,0.3864777564543603,0.41164525542796665
9,0.3726695513041463,0.39984332810802514
10,0.36047594367843544,0.3908823082055212
11,0.3517984294746305,0.383296150029771
12,0.3410423631618655,0.37469523414865863
13,0.33122622408204083,0.3678697595648401
14,0.32137823243620145,0.360969395858588
15,0.3140423780458424,0.3544509475671547
16,0.3058583378636396,0.3490044557542171
17,0.2993030512387681,0.34452862749033436
18,0.2914216053402243,0.3390769869340685
19,0.2871245918117847,0.33635253815836796
20,0.2810958291449972,0.33305511891087214
21,0.27541063990428216,0.32926222181471126
22,0.2712909294889469,0.32612735590534037
23,0.26672606010971484,0.32415592744798505
24,0.26251943698344854,0.32122221138132245
25,0.2597186362779271,0.3194984665257041
26,0.2552035739217513,0.31624852584410446
27,0.25205456193139664,0.3146984023416587
28,0.24842079412002466,0.3125368683879165
29,0.24446081521180565,0.30981560063279256
30,0.24144650052058983,0.3079837867555457
31,0.23759203333743445,0.30472148019661377
32,0.23452249567087083,0.3027540018806066
33,0.23103429879859064,0.30170132332437977
34,0.22777219471270285,0.3003839542617598
35,0.22506251910561245,0.29883726807764355
36,0.2218156584316732,0.29802895169205734
37,0.21942761530792088,0.2966585399540439
38,0.2177787364400629,0.295794271008512
39,0.215606068107636,0.29440891928230933
40,0.2136550404326604,0.2935865931194405
41,0.2115730236654235,0.2923550582560225
42,0.20974319677930375,0.29147829313493356
43,0.20780904155926697,0.2902560975520974
44,0.20599894877222533,0.2893397758762022
45,0.20360981157039823,0.28796162068577486
46,0.20079138677642175,0.2865894247038806
47,0.19957048314393885,0.2857876193803081
48,0.19857882914672922,0.28586899264426135
49,0.19655594069544002,0.28482472991465396
50,0.19531974475969555,0.2841067850560157
51,0.19307494853922244,0.28327773075343626
52,0.19114020482253313,0.28176527572083615
53,0.18865030558087414,0.28034951911578854
54,0.18704997164018958,0.2797122919292013
55,0.18572533026551316,0.2796286247964752
56,0.18420336306301416,0.279279929976041
57,0.18281449062223837,0.2785506015495502
58,0.18160218578239018,0.2780208974048244
59,0.18104207852144402,0.2775303995525307
60,0.17909084080489732,0.27626270018869414
61,0.17708062088481946,0.2752696557050014
62,0.1757550516617,0.2750266625637479
63,0.17465790044627336,0.2745467536891288
64,0.17325400005353497,0.2744277080515438
65,0.17190887517836254,0.274664471220029
66,0.17023415971308695,0.27483613593568573
67,0.16874643184925953,0.27447955237882804
68,0.1669764114416135,0.27373194108118765
69,0.16557099336761957,0.2734950294190058
70,0.16480138874745728,0.2729790755658565
71,0.16314922099198054,0.27165004992006714
72,0.16239448461051625,0.2712042176422719
73,0.16120263293379955,0.2707810939794597
74,0.16028232773572118,0.2702625427860304
75,0.15936352226694456,0.2698691384649494
76,0.15800480305052775,0.26919720179929424
77,0.15690736823939833,0.2683290935180667
78,0.15618050191597702,0.2679538083620658
79,0.15539157428719272,0.26767784343753104
80,0.1544037239355696,0.26739177744153075
81,0.1531077457892773,0.2667264119442645
82,0.15201773508184763,0.26613347447369073
83,0.15112894174044103,0.2656780219278016
84,0.15025068231080554,0.26573283840738454
85,0.14971701359491482,0.26609165629218473
86,0.14864714045356472,0.26652471567416247
87,0.14763853726328077,0.26544003869714855
88,0.1469864853712015,0.26491084242680746
89,0.1460521998016202,0.26389544713842683
90,0.14540179891319613,0.2636142865691774
91,0.14467831160360914,0.263229636558449
92,0.14354861435410574,0.26342236547492254
93,0.14254754038295414,0.2635885718479279
94,0.14164170829262626,0.2635253541855476
95,0.14068174203242603,0.2624150746732732
96,0.139924231859369,0.2620078963153582
97,0.13913658671889353,0.26178786468987153
98,0.13864889556252027,0.2618080764343498
99,0.13764538742781798,0.2616622436173397
100,0.13681172601081226,0.2612638471321163
101,0.13619272692636883,0.26149878286998884
102,0.13541919615163406,0.2613838307065621
103,0.1344999520701079,0.260744149623718
104,0.13381781371263868,0.26045037713387376
105,0.1331774090456161,0.2602085053010695
106,0.1324340779615762,0.260206665512167
107,0.1313999309081946,0.25992844829959155
108,0.1309351233872098,0.2596853148710545
109,0.13014757626149726,0.2587235787175429
110,0.12901109509219316,0.259202152033047
111,0.12810664636423838,0.25860704938315093
112,0.1275093055823168,0.2582386596981055
113,0.12679581899735462,0.2590302119753855
114,0.12623646369271918,0.2590295961582173
115,0.12542790130225037,0.2591052472467933
116,0.12497129632863821,0.2591993084964421
117,0.12424815276074301,0.2602718055965943
118,0.12373266635602097,0.26016708164542446
119,0.12320049372335157,0.2606538342258337
120,0.12261397259687783,0.260579766233497
121,0.1221320050174943,0.2605025976886575
122,0.12173664428456518,0.2603249432463125
123,0.12128685159139939,0.259790775090985
124,0.1207106156793703,0.25967319639604963
125,0.12022874614397637,0.25948269773541016
126,0.11977845795525675,0.25959057449071843
127,0.11903865314228101,0.2603898359205511
128,0.11873451162016087,0.2599790923370468
129,0.11795225216364634,0.2597887878409793
130,0.11756601770244712,0.2595492303991078
131,0.11720149551257736,0.2594803922288046
132,0.11661840858851909,0.25942372504976424
133,0.11601269887163607,0.25892061743165745
134,0.11559929903674115,0.2593792047875988
135,0.11502819851188621,0.2593440681905416
136,0.1142746386641365,0.25927429319527684
137,0.11385405090034353,0.2590509344841693
138,0.1135526969891561,0.25933013537869987
139,0.11315762979646361,0.259127322385317
140,0.11271016479415256,0.259309269476066
141,0.11199771082934167,0.2590319600243902
142,0.11147845108555211,0.2594613942246914
143,0.11095507757104901,0.2586149138392919
144,0.11036879212830493,0.2581326111912073
145,0.10960934902074175,0.25806487820993523
146,0.10919478982829227,0.2582076878962962
147,0.10886459261578373,0.25774618169864366
148,0.10842193317236386,0.25695057249826386
149,0.10810590865186928,0.2567969834303221
150,0.10744048550054071,0.256842369310347
151,0.10686071304902055,0.2568671181908963
152,0.10633935797016564,0.2564178261100828
153,0.10586727286562594,0.2559928231763486
154,0.10540687435620326,0.2555057028087241
155,0.10486349793102917,0.2564020386593908
156,0.10450676082688824,0.25676226298578636
157,0.1042629275729994,0.25651894145875953
158,0.1038477755233385,0.2564589106724038
159,0.10354205062529634,0.25637827932387464
160,0.10293282747020871,0.2561248767785284
161,0.10258224871372566,0.25673009180836104
162,0.10216770515943568,0.2567785512002799
163,0.10197980562178731,0.2567846517563199
164,0.10154912603400053,0.25646281164613954
165,0.10111373161593754,0.2572221465591691
166,0.10087080802521589,0.25696721904536074
167,0.10057500170409422,0.2568777490373934
168,0.10013752653718128,0.25737604305211476
169,0.0998315664563538,0.2574720073492722
170,0.09931110773244636,0.25793471455085254
171,0.09899716330836138,0.25797340086818044
172,0.09862666355668809,0.2579490053466296
173,0.09819209044604653,0.2581638129816003
174,0.09789335691059996,0.2581960291902525
175,0.09762319172399504,0.25853865040080526
176,0.09741261795506359,0.258346191450307
177,0.0969462928925679,0.25830917441297246
178,0.09632103638355485,0.25820418483961016
179,0.09590396081009368,0.25794534598381924
180,0.09556994528177458,0.25781647422833714
181,0.09511584587312975,0.25823298703750563
182,0.09468351794767668,0.2578874843953688
183,0.0940510639850149,0.25818529016201414
184,0.09346357124040876,0.25799744158831556
185,0.09304250208821692,0.25782569525372645
186,0.09268689181071747,0.2574327241468901
187,0.0921346703155437,0.25858744582456794
188,0.09188743685255672,0.25840602143872954
189,0.09156124657849941,0.2583211877163871
190,0.09109502114582324,0.2576780624862468
191,0.09087431298919275,0.2573785926391072
192,0.09056779132596963,0.2572654539164546
193,0.0900475705821831,0.2569872314533979
194,0.0897322665637183,0.25733621635607445
195,0.08955772269020475,0.2573066386670501
196,0.08918027502971095,0.25760419542143764
197,0.08902686015729207,0.25812198983943746
198,0.08874076436126203,0.25817862056499086
199,0.08841253038594821,0.2578330343806989
200,0.08811605054972048,0.25809745748387236
201,0.08777707113611144,0.25785999224544803
202,0.08731369862041483,0.25736397698342656
203,0.08714038183422228,0.25717168315320693
204,0.08686301045881564,0.2571224341627493
