0,0.591429760571831,0.5921934393808882
1,0.5782614147615752,0.5802845157305557
2,0.5653976544586103,0.5674566096499518
3,0.553595850551753,0.5565949947736942
4,0.5423494908289842,0.5452221931506765
5,0.5323811082189303,0.5366420527437356
6,0.5235777601936422,0.5285487930848085
7,0.514954543769404,0.5206495011456554
8,0.5071638738484426,0.5134635621084357
9,0.4996788933159016,0.5062492487447146
10,0.49257731455074577,0.5001075570106269
11,0.4863027908168835,0.49488917453345854
12,0.4803523183949449,0.489592440552129
13,0.47460285388257034,0.484376547797079
14,0.4685809286276578,0.47882408895109
15,0.4630599389611742,0.47416053552554166
16,0.4580962708437742,0.46977963021104596
17,0.453431707777514,0.46536614657809744
18,0.44911862238927075,0.46205188209688536
19,0.44408051511964286,0.4579346522082165
20,0.43995384099334295,0.45398976323088447
21,0.4363264251664107,0.4510100404875281
22,0.4322581056968906,0.44794498204948174
23,0.42868968402596364,0.4447524985881169
24,0.4250518587444034,0.4417246066499964
25,0.42199270911968045,0.43933943649448726
26,0.41877299827309145,0.43686453585236407
27,0.4153469167270464,0.4340624154916231
28,0.4127530476995606,0.43260907015532934
29,0.4099264859834971,0.4309202291019623
30,0.40733970909467077,0.4289483905593238
31,0.4045914962521433,0.4268127701133342
32,0.4022052842750868,0.42435350841005604
33,0.39971860156836037,0.422146654686897
34,0.3972335293859443,0.4202246117260392
35,0.3953467424647193,0.4188596843607731
36,0.3928497664802478,0.4167843905777893
37,0.3904394703487738,0.41449683161809403
38,0.3884325688563774,0.4129213108103112
39,0.38629804570102977,0.4108512034970812
40,0.3847080646542985,0.40989136291148054
41,0.3827451587866724,0.40810893473789733
42,0.3807593802841686,0.40636282434174653
43,0.37902087496229575,0.4049687459398997
44,0.3773683287926723,0.4036780175306236
45,0.37527719079552674,0.4021589944385133
46,0.37332956807982515,0.40042632344699547
47,0.37140717419747354,0.39916927198756413
48,0.3696899266771534,0.39772404197607164
49,0.3680591959869829,0.39679155370744007
50,0.36668190894116975,0.3959982926257199
51,0.36500824407401705,0.39468714628135554
52,0.3633534491639413,0.39335740010634196
53,0.3621118675315161,0.39244109862359183
54,0.36059598406017757,0.39085712171018183
55,0.3591737903780386,0.38973776287701656
56,0.3578332973713981,0.3888179062835154
57,0.35668854979344444,0.388100413921869
58,0.3556265711658552,0.3875592284148712
59,0.3544809970785481,0.38670343530938667
60,0.35354832484985155,0.38588252386157773
61,0.3525831028809833,0.38469899725816337
62,0.35094073314061525,0.3834490062892733
63,0.3492770450449194,0.38215804003482423
64,0.3482573935227815,0.3812987126683763
65,0.34727352685247637,0.38049208764597225
66,0.3460955744494065,0.38003525528927307
67,0.3449657978011267,0.3789257175421348
68,0.34366526461070157,0.37818194493695784
69,0.3428270191644317,0.37767812226045333
70,0.34096726000231287,0.37618148126736534
71,0.34012570293393124,0.37590723102977047
72,0.3394101543464405,0.3754620886155309
73,0.33874546758958207,0.37482695927419873
74,0.33807808982158877,0.3740761435360397
75,0.33709326071277546,0.37327780216088835
76,0.33617535203062543,0.3724512614331984
77,0.33490381267190955,0.37162183737151083
78,0.3342073163004217,0.37103192729074524
79,0.3332985507507966,0.3705670375565609
80,0.3325924116776766,0.36973387802384106
81,0.3315654515393073,0.369211606888513
82,0.33059489469663483,0.36841440938834874
83,0.32951413415722053,0.36796393225851814
84,0.32890727277081955,0.36774569992512435
85,0.328140878923624,0.36733249112105415
86,0.3275476099929266,0.3668718350220697
87,0.3268177298815546,0.36638225422286114
88,0.3260233232014664,0.3660374985898677
89,0.3248940901837731,0.36548776444428727
90,0.32419843399290826,0.36500276365458906
91,0.32316263611256146,0.36404202196676777
92,0.3220724384067985,0.3632491580742414
93,0.32116646014490685,0.36281040497309164
94,0.32054324941036644,0.3624822890668989
95,0.3199243799882504,0.36181469427749086
96,0.3192319138896489,0.3611629047480069
97,0.3185092968325521,0.3607063727266532
98,0.31803085188457,0.3601464639679559
99,0.3170444682094324,0.3599259167402805
100,0.3163001307968336,0.359478158038387
101,0.3157445999606611,0.3592845916067358
102,0.31507628073493543,0.35924959320356736
103,0.31431300627765657,0.35884333770748045
104,0.3137249213987732,0.3589137526064401
105,0.31296488070716655,0.35844727206601584
106,0.3123825800954104,0.35799866188558
107,0.31173720868567556,0.3575186612419303
108,0.31121377577680953,0.35749376705979935
109,0.31068728224778847,0.3571994581871112
110,0.3098313057337716,0.3562702922947712
111,0.30937545054652554,0.35577137213174437
112,0.30867859968087175,0.35551316062656213
113,0.30821498392067936,0.35516108726377876
114,0.30775751521464445,0.35459311521966325
115,0.30718860683557053,0.3541308252590356
116,0.30674185755662386,0.3536981848432001
117,0.3062466358794175,0.35337693542205056
118,0.3056388601345277,0.35314075056326605
119,0.30490625644093905,0.3529000106103933
120,0.30396043487829355,0.35218646639612133
121,0.30341665984783805,0.3519467760909574
122,0.30299412855484853,0.35146283053135446
123,0.30252162635008156,0.3512006419809774
124,0.3021308498969105,0.35086105403036266
125,0.30157563132878,0.35034458008488456
126,0.30115278345272073,0.350223390914522
127,0.3005623883721082,0.3498737573246319
128,0.3001630218421588,0.34983273542670174
129,0.2995322264947399,0.3492822733901019
130,0.29922367372164543,0.349125489679488
131,0.298707873514003,0.3487175964429427
132,0.29817452291611823,0.3484500056389782
133,0.2975301893165708,0.3480972431899745
134,0.29699904776865405,0.34780530532583404
135,0.2966935442270758,0.3475683793284983
136,0.296106156009856,0.3465531165392509
137,0.29541744201957276,0.3462135331629375
138,0.29496706277363305,0.34581890137535043
139,0.2945609150543672,0.34564130732007214
140,0.29413967627661014,0.34548715426001136
141,0.2934302588226794,0.3451683096672744
142,0.2928583430353416,0.34489759661316455
143,0.2924065343006013,0.34489670539757583
144,0.291988554609297,0.3441809055477736
145,0.29138895547212185,0.34391041020118257
146,0.2907314174886037,0.34355280127343024
147,0.29024209583588434,0.34331197703725175
148,0.28984362819295184,0.3433119222677157
149,0.2894134202811091,0.3431318931303763
150,0.2890473537460184,0.34279724995974664
151,0.28859347252044315,0.34259128857814625
152,0.28826542980141007,0.3427816688220915
153,0.2878939105132569,0.34212919646853723
154,0.2874219720796498,0.34213811785626375
155,0.28703443743732554,0.3420730455461316
156,0.28667211690526767,0.34214935429457133
157,0.28631492671428416,0.3420895199173952
158,0.28591016435712163,0.3416649124269719
159,0.2854442656870912,0.34105739005135655
160,0.28491371268624366,0.3404630826140616
161,0.284297954193972,0.3401973006170328
162,0.283947330709433,0.34005163999157845
163,0.28353974688381905,0.33990566419158225
164,0.28308301713564626,0.3395565883714295
165,0.2826671437558082,0.33914010769057773
166,0.28241382239731955,0.3388760646586903
167,0.28208965455536433,0.338571315981788
168,0.2817005915354511,0.33810220216239073
169,0.2813481148047896,0.3378051817657605
170,0.28107146772287506,0.33764471532268286
171,0.2806701345886339,0.3372186403453365
172,0.2802896313094063,0.3372024280345576
173,0.2800060452114923,0.33716353249496595
174,0.2797467327781479,0.3370488038658356
175,0.27948338514795656,0.336961095683765
176,0.2790915718746631,0.3369434210587415
177,0.27868178929890286,0.3368451492981144
178,0.2784510789210588,0.3369034325829758
179,0.27791637951692716,0.3367602822029558
180,0.27734513789126736,0.33618914254301974
181,0.27699128373313037,0.3362455216764501
182,0.27663878589125707,0.3361841503987616
183,0.2764001930852219,0.33620767250875344
184,0.2761394210994199,0.33595855740687874
185,0.27589525894276,0.3356842370352374
186,0.27518994147445974,0.33520008953216057
187,0.2747220669801134,0.3347512002925221
188,0.27446282594061155,0.33485726879164207
189,0.2742355223081364,0.3346948168095286
190,0.2739824159348373,0.3346792670057452
191,0.27367579548217047,0.3345230948346433
192,0.27339126089662275,0.33458997894822073
193,0.2730071772193351,0.33412306708058986
194,0.2725005648271182,0.33375197324380207
195,0.27219172650455564,0.33353416426356997
196,0.27164980914672227,0.33288274311794425
197,0.2713473888901799,0.33260126897737813
198,0.2708608548871309,0.33236618635412063
199,0.270467802801944,0.3324211853812518
200,0.2702066748462449,0.332087211198032
201,0.2697683605715829,0.33143431970400156
202,0.2695122835799212,0.3314299649746706
203,0.26912402751181863,0.33128732920725124
204,0.2688515703299071,0.3312687698526025
205,0.2683941506939566,0.33102110030301574
206,0.26812905184660957,0.3311698245358133
207,0.26777264717175375,0.3306027595915618
208,0.2674956661696459,0.3304317451943204
209,0.26716302426868177,0.3300474428487599
210,0.2666413518009272,0.32941722448234556
211,0.2663650232919258,0.3293889746534182
212,0.26599118255147247,0.32921824093848884
213,0.2657048267899541,0.3288679736783837
214,0.26551168191928703,0.3287375373645596
215,0.2652592470757025,0.3287581755190555
216,0.264891342520353,0.32859945333032853
217,0.26471052566570513,0.32838131207140403
218,0.26446024213644886,0.32838076263270316
219,0.2641345468146931,0.32824587582147197
220,0.26374284598489783,0.3279682522160561
221,0.2633941707130534,0.3277165821162464
222,0.2630855979390724,0.3275542475973083
223,0.26279116282690534,0.3275326464076405
224,0.2624914984967858,0.3274895301515971
225,0.2622493649735771,0.32730220151600886
226,0.2618526093940928,0.3272969729411337
227,0.2615564163585305,0.3270251515613686
228,0.26118902118887216,0.3267357920993826
229,0.2608961550104204,0.3265818226976133
230,0.26039588404842495,0.3260893881207197
231,0.26002249234814595,0.32589229008473286
232,0.2596931910408956,0.32555456486019163
233,0.25942018645558146,0.325612890832829
234,0.25918682504189533,0.32521783090136436
235,0.2589224328740003,0.32489246905613933
236,0.258712872447687,0.32491370434470496
237,0.25839132647755547,0.3249615845164097
238,0.25820328089898176,0.32456048528590753
239,0.25793703809715407,0.3243406530827572
240,0.25775782492505317,0.3242646234328262
241,0.25754655674384386,0.32398364180190325
242,0.2573513864207229,0.32396355162346
243,0.2570388974297652,0.323677748867589
244,0.25664439268291334,0.3234257531110031
245,0.25638042013747153,0.32341790136158866
246,0.2561853354220212,0.3232926131950279
247,0.2559692225428698,0.32330211934882336
248,0.2555621189713064,0.3230877185167325
249,0.25530976109319536,0.3227804283118532
250,0.25503177548022554,0.3226560730886643
251,0.2548234727994988,0.32244898680673384
252,0.25452737714669743,0.322458354796467
253,0.254237506291518,0.3224551733583212
254,0.2540076614622566,0.32237220226251545
255,0.2537619062628378,0.32233951796843213
256,0.25340609765084987,0.3217897798779098
257,0.2532291084986808,0.3218572106727518
258,0.2527297475382867,0.32157628747099104
259,0.2524764057657484,0.32163371905534643
260,0.25232857400179093,0.3217721571179353
261,0.25182158679178485,0.32153966150578583
262,0.2515679451049314,0.3211623702966816
263,0.2513212321829379,0.3210538241678392
264,0.2509883827888778,0.3210976945408347
265,0.25074808017230704,0.32101581942164287
266,0.2502299186906347,0.3209409059502569
267,0.2500218914769477,0.32106012580065424
268,0.24984003550867703,0.32081508071808273
269,0.2494265133632254,0.3211280014934693
270,0.24921909419390476,0.32089425862536514
271,0.2489847459761888,0.3207977390182209
272,0.24877050774658077,0.32065000874938326
273,0.24857572439388698,0.3207920202398127
274,0.24835697862557624,0.32077959119023197
275,0.24801623403782275,0.3207449156050168
276,0.24781156733281945,0.3205192671051062
277,0.24754472599469582,0.32065162327660335
278,0.24731366465613802,0.3204629606948361
279,0.24712998210643294,0.3206057209755519
280,0.24687881561607652,0.32022029015558373
281,0.24673130340179925,0.3199578787393446
282,0.2465648261275395,0.31989853025405723
283,0.2463175516579275,0.3198722573635358
284,0.2460122092175782,0.3196742180207709
285,0.2458098206202159,0.319733095094987
286,0.2455577529406118,0.3196457320636521
287,0.24527938371253166,0.31927996589649604
288,0.2449804339228905,0.31883065942850597
289,0.24474530938415165,0.31853104691051665
290,0.2445183595679335,0.31831491253890887
291,0.2443432956857078,0.3181014817255219
292,0.2440867721507738,0.3177007217063775
293,0.2438135951708749,0.3179664067334894
294,0.24355206189038583,0.31797217211409545
295,0.2430721257354436,0.31792543226364695
296,0.2427525105409168,0.31785429680031885
297,0.24251516775791457,0.31760601259910437
298,0.24232151400873048,0.31743080900656473
299,0.24211490547528705,0.3170432519383151
300,0.241872746291794,0.3169839001749018
301,0.2416439540262156,0.31713630909529306
302,0.24142116678526904,0.3172726079020668
303,0.24124222484624014,0.31688840950070674
304,0.24094672740919518,0.31735069100498087
305,0.2408043518002178,0.3172806291877964
306,0.24059453635803313,0.31690997266614773
307,0.2404193047021044,0.31673186723015234
308,0.24018095816573004,0.3168553502396925
309,0.24000297191976966,0.3166733958343157
310,0.23979800923567646,0.31646063376556577
311,0.23956948225370253,0.3165466034634163
312,0.23939468781596782,0.3166458903721237
313,0.23913998970588907,0.3163886413051235
314,0.23888761016209745,0.31651705665497226
315,0.23868374232331585,0.3163503814861363
316,0.2384824773193452,0.3161975906777095
317,0.23838720135597743,0.3161229846828877
318,0.2381297173456092,0.31604010558455015
319,0.23797345039853793,0.3160723672829228
320,0.2375823965265853,0.3155071840639103
321,0.237384933350827,0.31555531543698956
322,0.23724585346793625,0.3155265358989261
323,0.23693940324811966,0.31530990900403366
324,0.23669467102537342,0.3151960044205855
325,0.23658422224156778,0.31522271367041493
326,0.23643829195702604,0.3150202636260173
327,0.23616819897603436,0.31513845891314407
328,0.2358592164911203,0.31490487703205433
329,0.23544493625655138,0.31461602270690114
330,0.2353153849808767,0.3146170084753149
331,0.23501875242760703,0.31492200334553627
332,0.23475998139055365,0.31494011248687565
333,0.23458142369031132,0.3149567399272934
334,0.23443627968092404,0.3147403628370228
335,0.2342521820330346,0.31482832078926465
336,0.23392525188040209,0.3150465166907898
337,0.2337462277837821,0.31511392113831277
338,0.2336127962367246,0.31515180647406493
339,0.23337416864687827,0.31490243578264016
340,0.23324625785469497,0.3149443628844947
341,0.23312370917489944,0.3148724716020306
342,0.23290771031841268,0.3147190847261157
343,0.23274088020084704,0.31474198308836226
344,0.2325085958171412,0.31463452108304246
345,0.23235996191322558,0.3147218969110455
346,0.2321889329323999,0.3147326120544898
347,0.2320719606839518,0.31449397597919737
348,0.23193242104240927,0.31432822565113444
349,0.23157953537337073,0.31424197187677744
350,0.23128794946263517,0.31420915063249566
351,0.2311141930199301,0.3143284555268867
352,0.23100523510826407,0.3141661298437212
353,0.2307958224729797,0.31400698719684
354,0.23054476733158036,0.3136945103564278
355,0.23042253299067245,0.3133608053788421
356,0.23025461459764343,0.31334162509492425
357,0.23009702646091898,0.3136259567308357
358,0.2299318942531036,0.3136610955685699
359,0.22974159125863547,0.31381134654565457
360,0.2296212324400245,0.31383807979091305
361,0.22939287877979503,0.31387188161405166
362,0.2292176459188362,0.31406361809996436
363,0.2289838559515862,0.3140882426857127
364,0.22886085158469757,0.31409891261816275
365,0.22860780942692255,0.3140504558627561
366,0.22850349498467498,0.313896731015243
367,0.22839075464542297,0.3137344786436727
368,0.22827473759391237,0.3138690293792454
369,0.22814820379927442,0.3139900308906525
370,0.22804545493577225,0.31399287607649373
371,0.22777599607733537,0.31389518415064266
372,0.22754796656558157,0.3141533838607678
373,0.22735318989744574,0.3141645570570009
374,0.22717798841918993,0.3146378288511187
375,0.226986780279319,0.3144515478676472
376,0.22665626279978987,0.31410413797849523
377,0.2264310287454251,0.31401377118145446
378,0.22622055730194793,0.31375077648792143
379,0.2259820974139376,0.31352818672671956
380,0.2258080172526292,0.31372051122607597
381,0.2256516828540521,0.31388885471895855
382,0.22553385435810544,0.3139977256433119
383,0.22538009032680853,0.3139920863103262
384,0.22519684071149118,0.31385819747828525
385,0.2250915455801548,0.3137962687799898
386,0.22481854414600422,0.31363515295444355
387,0.2247201260882919,0.31358243286925946
388,0.22462024511291842,0.3134977460155391
389,0.2244166262518487,0.31340457882631345
390,0.2242406789304308,0.31321114043510023
391,0.22405684901742987,0.31329862887429144
392,0.22394129338502877,0.31327502077672903
393,0.22375449224062743,0.3132371619057517
394,0.223552285585265,0.31342537119053304
395,0.223387288465737,0.3131366961017388
396,0.22317050156366938,0.3127430254550024
397,0.22296169402759114,0.31273612905711734
398,0.22282531889177362,0.31275510533931067
399,0.22268940583614968,0.31298071196577454
400,0.22257063927317164,0.3127366620543216
401,0.22246291378527086,0.3128843894075739
402,0.22233059706510053,0.31302286741460644
403,0.22218393167726666,0.31301132862547704
404,0.2219862808988966,0.31299781579294916
405,0.22182649680894231,0.3128931881173661
406,0.2216335223728503,0.3130012589318136
407,0.22145731289595133,0.3129160912798083
408,0.22126829444427532,0.31288560298562806
409,0.2210760374280835,0.3126479457941761
410,0.22090518954098973,0.31270526918141467
411,0.22075657512118885,0.31247619599683807
412,0.2206618379415754,0.31245787169362577
413,0.22051772771126016,0.3121813255493541
414,0.22040405990877346,0.3121489566711981
415,0.22015888859348004,0.31193156279679
416,0.21994335385244584,0.31183895490237706
417,0.21983182601771067,0.3120232365915391
418,0.2196135181116508,0.3115051728092937
419,0.2192204127517541,0.31139185983463824
420,0.21905897804586805,0.311463037645398
421,0.218970163450337,0.3115268466691741
422,0.2188027288228401,0.31147133759357026
423,0.21864454187206492,0.31163860238531776
424,0.218501058983654,0.31170184978643706
425,0.2183004769810337,0.3115678392355298
426,0.21814498264773402,0.31154566506906983
427,0.2179154733096802,0.3115782254759792
428,0.21772181855074424,0.3116262457867605
429,0.21743550019404406,0.3117204194415875
430,0.2173160742602626,0.3116350367666678
431,0.21717905126407286,0.31146496770045207
432,0.21704902080044258,0.3114770146807269
433,0.2169030602437254,0.31146141169329156
434,0.2168249589842202,0.3114845912719502
435,0.2166193532378179,0.3111722346366584
436,0.21650621610895301,0.3111572456009716
437,0.21640403996830423,0.31112532926142555
438,0.21625778336444607,0.3110850652723269
439,0.21615055712239542,0.31108954377322573
440,0.21604484354018857,0.3109778364373014
441,0.21585091710810347,0.3112894412975892
442,0.21574504823806212,0.3111482315813307
443,0.215675833087646,0.3110753347872467
444,0.2155621275854435,0.310872720729961
445,0.21546009632760876,0.3110486595977427
446,0.21534273210096677,0.31100466224765394
447,0.21520526571099158,0.3109090051568893
448,0.21504973798502502,0.3107283115044769
449,0.2149127608296159,0.3104639510825728
450,0.21477455304405274,0.3106151695165306
451,0.21468902309867477,0.31071017884493035
452,0.2145077173402341,0.3106462037814605
453,0.21433559533216473,0.310906727537707
454,0.21417782190928236,0.31109609432095825
455,0.21399432964242998,0.3110132877401177
456,0.21384508578958528,0.3110236669594631
457,0.21361012862578288,0.31124418615150823
458,0.2134897991701399,0.3111372836752191
459,0.21337728500475486,0.31116765332103047
460,0.2132799578522144,0.31115398838974595
461,0.21315041139362478,0.31111162941305887
462,0.21299280449154254,0.3107503175392355
463,0.21282506217690464,0.3107775083420264
464,0.21269136660443588,0.3106719304248182
465,0.21257846841126887,0.3106317337532551
466,0.21241435711312534,0.31046124673083186
467,0.2123341994536548,0.31027720935719943
468,0.21215854931780237,0.31003086885810544
469,0.21203057396897237,0.3100721645047574
470,0.21190051291592263,0.30992798942898225
471,0.21180679623712537,0.3099727739756622
472,0.21153977030419532,0.31000941102853086
473,0.21131945082945908,0.30995718967120967
474,0.21112056182812355,0.3101117558893632
475,0.2109878982475623,0.31002572170019893
476,0.2107011535746002,0.3099183722925414
477,0.21058530632071942,0.3098400397475461
478,0.21052562887468154,0.3097385887635544
479,0.21033719888702013,0.3096654200615443
480,0.21017098839478932,0.30944226916427164
481,0.21006455046086828,0.3095419416360163
482,0.20995466694739853,0.309390098118485
483,0.20987485686701804,0.3093124482062319
484,0.20971971689400812,0.3093853462952196
485,0.20960141522106226,0.30940420776335087
486,0.20945432389535237,0.30908143470552124
487,0.2092394256716405,0.30906488224165746
488,0.2089571473214138,0.30916834192081377
489,0.2088168744490243,0.30925876324323065
490,0.20872704946066073,0.30947235741794976
491,0.20852657104744074,0.3094886526495011
492,0.20844055780447576,0.3092178570570437
493,0.20830912715337963,0.3091869730819821
494,0.20815294022789363,0.30917664372515724
495,0.2080560414003359,0.3090113600382587
496,0.20798901933214023,0.30910827042389283
497,0.2078722043535937,0.30895079693538735
498,0.20777409920451118,0.30885721660043874
499,0.20757421735985895,0.3086987371245943
500,0.20743593750745873,0.3083050888870559
501,0.2073330809051175,0.30838699625306065
502,0.20718126468228484,0.30848097428506055
503,0.20703021131003418,0.3085813394723628
504,0.20693891380961776,0.30863851240268225
505,0.20681441140053888,0.3087230268527098
506,0.20665658896842493,0.3086552034316459
507,0.20658129059113164,0.3088265802179923
508,0.20646992118215443,0.3086087242836575
509,0.20634002033806667,0.30879695039640653
510,0.2062467304447484,0.3086838780748801
511,0.20613730142791165,0.3086011579891208
512,0.20599830120501622,0.3083731455971416
513,0.20588377611090664,0.30819420150990756
514,0.20576719202218946,0.3080881936673321
515,0.20556367920868437,0.3079579164798426
516,0.2054759548970195,0.30779632032699067
517,0.20538287893875343,0.3076497359199462
518,0.2052154999282935,0.30746200194042694
519,0.20513483460582996,0.30768760598367295
520,0.20495482465711465,0.30795514268803853
521,0.20486073216763012,0.30785589618273096
522,0.20475204125980945,0.3080478847910518
523,0.204669552588482,0.3080184958425934
524,0.2045095787897439,0.3081525977975629
525,0.2044370708860092,0.3080781470640177
526,0.20433439700649175,0.3079906321829416
527,0.20415616163842057,0.3078058689128415
528,0.20406494934872943,0.3077387192708282
529,0.20396182572334748,0.30787820014950024
530,0.20379371998748025,0.30814658439937376
531,0.20366871512845586,0.3082421789955729
532,0.20346142932833808,0.3081584223660538
533,0.20332187240023322,0.3081208197638122
534,0.20316092771674749,0.30802207986711844
535,0.2030364384444887,0.3080930890451401
536,0.20282316896632552,0.30842628908531355
537,0.2027032249145474,0.30851895950828023
538,0.20256989102692152,0.30836216309186454
539,0.2024686500084764,0.30823038668520175
540,0.20233393901689228,0.30799155109393195
541,0.20221812939401132,0.30810273061816273
542,0.20209607781446243,0.3081535479479748
543,0.2020140036746077,0.30793774696568704
544,0.20190031207310866,0.30792314551209765
545,0.20168723312346426,0.3078906458386108
546,0.20151551857817088,0.3077523308989241
547,0.20129195073686149,0.3075317780663192
548,0.20121454802823205,0.3076628470988047
549,0.20109154565500276,0.3075166944612757
550,0.2009465532403351,0.3075100685886682
551,0.20078767847653045,0.3075510295836973
552,0.20073085521649164,0.3074181503684481
553,0.20045170350421346,0.3071926317469965
554,0.2002765740206964,0.30710794257572105
555,0.20017557683999682,0.306847753695142
556,0.20003950696034464,0.30698167966447987
557,0.19995399319851767,0.30717645202268123
558,0.19987367991902277,0.30702061944778974
559,0.19971555469124938,0.30707836209608164
560,0.19969911836185705,0.30715516822430183
561,0.19964484552358644,0.30721446961109444
562,0.19940969471557266,0.3070634467836632
563,0.19931232706189023,0.306928514161211
564,0.19912097370066997,0.30689364632377963
565,0.19898805827890373,0.3067636934107645
566,0.1988825272528042,0.3067222847079566
567,0.19876844895228735,0.3067400531896252
568,0.19862515295998856,0.30677053427021733
569,0.19860956742812613,0.30677957342932505
570,0.19845765441412008,0.3066695238401847
571,0.19824755349079298,0.3066458743443165
572,0.1980959279686593,0.3064900926299728
573,0.19800681034770248,0.3062828470944254
574,0.19790221505555797,0.30634766468482766
575,0.19765102453108924,0.3064882042422399
576,0.19747028289357468,0.3065210208838968
577,0.19736157379208016,0.30636842883133736
578,0.19722670867619319,0.30612900835307466
579,0.19696590454444077,0.3063292573674331
580,0.19662787806004092,0.3062507312703469
581,0.1964553597277164,0.30647853361313204
582,0.1963262063502453,0.3065076951146063
583,0.19614335271638378,0.3065014552726626
584,0.19604597307605715,0.3066390522745509
585,0.19591509790116052,0.30660283588596215
586,0.1958484627715057,0.3064256761894287
587,0.19574879842654458,0.3063447890771311
588,0.19562892766848858,0.3062984997329377
589,0.19556453129244428,0.3064017107531284
590,0.1955033770472372,0.3062686293824995
591,0.19538763297038864,0.3062239979398867
592,0.19531042101330856,0.3058897525130132
593,0.19514553752119104,0.3057385126749366
594,0.1950271402781896,0.30601857454499115
595,0.1949609190207302,0.30583685989818343
596,0.1947941887414447,0.3056557223960561
597,0.19469689424003414,0.3056052716617919
598,0.19459957530668426,0.30569473747476145
599,0.19451849311478608,0.3055613938071178
600,0.1943668579442592,0.30546588117736295
601,0.19428819264740288,0.30546957271450126
602,0.1942050832213501,0.3056256368501036
603,0.19405859280375024,0.3055955456848864
604,0.1939961389371049,0.305671108225564
605,0.19388640811717436,0.30585488752504053
606,0.1937482686119582,0.30606705820944685
607,0.19366896396284822,0.30579242102194637
608,0.19359077921699255,0.30552944891616496
609,0.1934901924570791,0.3055022720614788
610,0.1933627559538825,0.30556964040903817
611,0.1932062042063385,0.30559721536088835
612,0.19311412400827666,0.30522068262078483
613,0.19302043010769673,0.3053918447046769
614,0.19293238061223458,0.3051386255442716
615,0.1927592449578034,0.30524651885315657
616,0.1927114110937679,0.3050634407666891
617,0.1925698860630624,0.30502696537441376
618,0.19251321279464037,0.3049558344779882
619,0.1924343115332353,0.30459884775608503
620,0.19220118172366904,0.3045169217934552
621,0.1921141933913599,0.30460078575645594
622,0.19200516036981177,0.3047607944620026
623,0.1918915883439044,0.3049941057146942
624,0.1917493305286444,0.3048708683736793
625,0.19162846065726447,0.3048073070466795
626,0.19157843180476908,0.3047450418392605
627,0.19137703518175697,0.3047726470119271
628,0.19126940712417198,0.3048193275863989
629,0.19110427212082776,0.30477762032626704
630,0.1909809379071835,0.3047618130549128
631,0.1908714908774968,0.3047015477667698
632,0.19064395853262422,0.30452224274868583
633,0.19055122379535613,0.30441914498933165
634,0.19047066050983813,0.30440831469373536
635,0.19026662896168497,0.30417469330137786
636,0.19018616647076123,0.30434275523472953
637,0.1899873018132224,0.3039602458186502
638,0.18985386262396303,0.30405952250616175
639,0.18964856534697108,0.303968221147553
640,0.1895799891271753,0.30411294094356683
641,0.1895032131309778,0.3041533897771332
642,0.1894477105316208,0.3041944388348619
643,0.18925252335160755,0.3038730359224227
644,0.18911633290661667,0.3036059632171602
645,0.18901471059885258,0.3037521113460521
646,0.18896543252660433,0.3033995875893827
647,0.18888533807741578,0.3033299880177883
648,0.18873831058395849,0.30340657726559345
649,0.18869241923705504,0.30322189073845035
650,0.1885845911119052,0.3028967238562306
651,0.1885226915980241,0.3026701087557989
652,0.18840402506406576,0.3026708952108927
653,0.18834740516098228,0.30272680850962663
654,0.18817962000445076,0.30268421139204627
655,0.18802923790933943,0.3029003602216971
656,0.18796706443985192,0.30294652496820157
657,0.18783472655608724,0.3028726578399247
658,0.18774122885211092,0.30279177426106907
659,0.18762770400814532,0.30316604098438976
660,0.18754161565574634,0.30314578211638804
661,0.18747417622328585,0.30324556597516816
662,0.1874239625642423,0.30336000963305876
663,0.18734472248162243,0.30326464832686406
664,0.18727052684918788,0.3032830581993263
665,0.18720300047830274,0.3031031736238053
666,0.1871238531461721,0.3030996653339211
667,0.18702866725023407,0.3030359511168409
668,0.18694243128790464,0.30281736195730663
669,0.1868800039595152,0.30258188040122663
670,0.18679349781965698,0.30268119955599554
671,0.18674860142384672,0.30283593880986037
672,0.18664740501516314,0.3030285669015901
673,0.18648790711753413,0.3032522620607811
674,0.18641035625796248,0.3031487203389961
675,0.18628632586675248,0.3032180445841347
676,0.18620555806070407,0.30322999010290747
677,0.18608554032952568,0.30341534595109954
678,0.18597924216121078,0.3035206537869576
679,0.18583656420177513,0.3033366040839946
680,0.1857783893696355,0.3030387044950969
681,0.18567639807962788,0.3032509296642438
682,0.1855684285887611,0.3032044578151608
683,0.18549819262519204,0.30328536597499023
684,0.18541696192920298,0.30343561948072667
685,0.18528182073010904,0.3035529442481228
686,0.1851796638636617,0.3037134155220317
687,0.1850540139863369,0.3037570969538269
688,0.18496060197599118,0.3039576138081649
689,0.1848117679728196,0.30419361084880436
690,0.18466887931097448,0.3041112173770396
691,0.18460706303056498,0.30418806464622644
692,0.18453643870317685,0.30440523509448764
693,0.18451776937897427,0.30430052171549377
694,0.18439744813059702,0.30424069895013905
695,0.18430917719870948,0.30432942753481745
696,0.1841325779757799,0.3043014828279053
697,0.18403580709878611,0.30422343449929984
698,0.18394530294286407,0.30410796932938766
699,0.18389226521549434,0.3040965817137617
700,0.18384225406727026,0.3039929944669385
701,0.18374685879535496,0.30399022152009925
702,0.1836634364002604,0.3042535696209542
703,0.18356278549616228,0.3043056978533588
704,0.18349449917335572,0.3041990017939785
705,0.1834276273510794,0.3042286535152285
706,0.18336026050774215,0.3043556006248072
707,0.18330000617622258,0.30433614127937464
708,0.18317438279273546,0.3042789986494086
709,0.18308624351014233,0.3045520674657052
710,0.18301547018516295,0.3044911970321067
711,0.18293041572181915,0.3046804083533892
712,0.18284585038542156,0.30472801432082647
713,0.18269922804534733,0.3046647940194484
714,0.18260701760597473,0.3046694938724055
715,0.1825061722066004,0.3044929880282496
716,0.18232490415190106,0.3046889843790521
717,0.1822423794044931,0.30459772599567386
718,0.18219284104795863,0.30444341658867985
719,0.18203626020037844,0.3044107660635947
