0,0.681420322532597,0.6824992280047961
1,0.669687660391111,0.6716702525429896
2,0.6592939690047764,0.6617966578559906
3,0.6480373425040554,0.6511883048441477
4,0.6380114104031688,0.6420068473188892
5,0.6285618858077492,0.6331889951610559
6,0.6200913792845627,0.6249448348563383
7,0.6108960286319359,0.6163829077995385
8,0.6030801187193302,0.6084423660747409
9,0.5959455765874444,0.6016080082953753
10,0.5895097200498114,0.5954738896831789
11,0.5825064494809946,0.5888892294323529
12,0.575437423251597,0.5820563788219262
13,0.5698859785459816,0.5768811583183255
14,0.5643035465962898,0.5715736517428551
15,0.5585012450714338,0.566163426739071
16,0.5527268777880563,0.5607756383877963
17,0.5466967484096691,0.5552323336215711
18,0.5412186273561685,0.5501337629496782
19,0.5362488405562998,0.5454323017943411
20,0.5318247992568493,0.541220614683907
21,0.5270184812443351,0.5368330407929166
22,0.522469263582097,0.5327773764351115
23,0.5177270750461277,0.5283639499033416
24,0.5136128356446692,0.5246642066194146
25,0.510043748035779,0.5214990034440843
26,0.5064817072219105,0.5182683198207717
27,0.5026896869556052,0.5145949804880746
28,0.499403073891594,0.5114922880779825
29,0.49590389452354766,0.5084708599252051
30,0.4929239050919287,0.5057655783423105
31,0.4898454403282248,0.5031907489594201
32,0.48592708721064976,0.5000622586697081
33,0.4834454339936557,0.49786417065234
34,0.4805741805295539,0.4952993022936564
35,0.4777711262352448,0.49282912927258976
36,0.4751709104842396,0.4903686898372694
37,0.47257385963330295,0.48806933196964125
38,0.4699266947526508,0.4855947905186868
39,0.46734788637170727,0.4831361365300122
40,0.46523588835112595,0.48118728252317294
41,0.4626188240566057,0.4786192632188029
42,0.46048946808889485,0.4771554344764841
43,0.45842730393621683,0.4756281790023746
44,0.45606676797165835,0.4734851040395752
45,0.45392727388588466,0.47189528211810716
46,0.45216749864948397,0.47066196526644644
47,0.45033081481614834,0.4690202529972769
48,0.4484946781740255,0.4673049155906151
49,0.44655090462770713,0.4654796536370492
50,0.4450952416396419,0.4639044214130041
51,0.4435463647245029,0.46276254393171695
52,0.4417884754119217,0.4613542687840919
53,0.44025352209443813,0.4601945088429931
54,0.4383622444657318,0.45862140475585805
55,0.436862846077421,0.4572796179517809
56,0.4353074125366469,0.45592395018441884
57,0.4339736803555743,0.4548446329944536
58,0.43269708267891116,0.4538052385963909
59,0.43142810714046503,0.4528883414192345
60,0.43015353136673024,0.45165754131425845
61,0.42851462189467987,0.4503717410070223
62,0.42730757776904055,0.44945549340057267
63,0.42589825382518626,0.44850600123137163
64,0.42430183864983784,0.44696283315516105
65,0.4233776160955488,0.4462388964955026
66,0.4218982474618021,0.4451295032767578
67,0.42049275882225756,0.4440881001628565
68,0.4193088074335248,0.4432178357315128
69,0.41814696163804943,0.4421210349217773
70,0.41720569207024744,0.4415849913502569
71,0.41608772101031066,0.4405816158335893
72,0.41485119655243596,0.4395021943973388
73,0.4134169686497782,0.4385937783795205
74,0.4119221953199198,0.43727766164891474
75,0.4109170587794906,0.4366602081415308
76,0.41020065941969275,0.43601620330159435
77,0.4089444998308539,0.4348185070146831
78,0.4076345461694307,0.43391528424770776
79,0.40703589581128885,0.4332680543510573
80,0.40597826768631434,0.43247109755358865
81,0.40511675135340974,0.4320744046054588
82,0.40417414709004273,0.43130741253689914
83,0.4031718934636155,0.4304921211275751
84,0.4024113806758769,0.42996592026652863
85,0.40160501745548205,0.4291637225711115
86,0.4006443572179064,0.42838508404431636
87,0.39971547659467105,0.4274364911086856
88,0.3988614005295905,0.4268617906977006
89,0.39777353824457873,0.4261462454505421
90,0.3968856375537737,0.42563313732651437
91,0.39592485655647724,0.42499259681498974
92,0.39499685711842303,0.424259005351806
93,0.39416502181534024,0.4234934648814131
94,0.39343201856193394,0.4226773698182146
95,0.3925119757408062,0.42184275414584166
96,0.3918707580824836,0.4214273700341948
97,0.3911719769831476,0.42090673980501825
98,0.3904308406522797,0.4203650131677181
99,0.3895808990914324,0.4198971852989544
100,0.38883081354572724,0.4193074414197558
101,0.38786129764463223,0.41836468554600015
102,0.3870391708532515,0.41771010023916766
103,0.3863990071810355,0.41737863814889503
104,0.3855186727648193,0.41675489837390156
105,0.38458031107703244,0.41595959779534375
106,0.3839489985225009,0.4155624903036953
107,0.38337820701750686,0.4151941711650018
108,0.38275373378883737,0.41464278698996365
109,0.3816961818533113,0.4134780069427825
110,0.3809336828114615,0.413069955303245
111,0.3802036214846519,0.4125744018098927
112,0.37961422445898707,0.41228015638661397
113,0.37900238733730335,0.41201311364653337
114,0.37814724419440826,0.4116175521858471
115,0.37736584745145835,0.4108543537804143
116,0.37670781785496893,0.41034679708946586
117,0.3759566977812541,0.40961975392975153
118,0.37521440020145125,0.4092726580547411
119,0.3744555403399118,0.40882307954429714
120,0.3738201572799138,0.40858437938717046
121,0.37309033332449465,0.4078123620515827
122,0.37243102906262104,0.4073814551157043
123,0.37193235375314604,0.407113477867636
124,0.3712790519524544,0.406767148919917
125,0.37063975758001355,0.4062457184973504
126,0.37008916321695073,0.40599914018565
127,0.3694338047192859,0.40557872213751817
128,0.368503523253687,0.4049057625209578
129,0.36793474460620573,0.4045874635804494
130,0.3671726537014996,0.40407858412171527
131,0.36648955391518734,0.4036836471611899
132,0.36600529507953355,0.40332049835096223
133,0.3651103061390983,0.4025214062505587
134,0.36438908866440833,0.40188418507337587
135,0.3633688003572247,0.40112034967873206
136,0.36296200486945845,0.4009624430248747
137,0.3621177432042421,0.4001139926151241
138,0.36142726726543234,0.3995714535107748
139,0.36071685665530606,0.39913651194788274
140,0.3604441835924979,0.3990187069386595
141,0.3598392027052573,0.3985727432433103
142,0.3591807310601041,0.39818083765407797
143,0.35855654244657365,0.39789337289821697
144,0.3579776385044649,0.39757647265252277
145,0.35741101676398834,0.39732321751020266
146,0.35655746381218273,0.39691569927757253
147,0.35606903778557925,0.39655313560150385
148,0.35554210035542505,0.3959965853291542
149,0.35483819691069757,0.39557322143299756
150,0.35423236633164135,0.39509291638377536
151,0.3536534762120525,0.3946361885443259
152,0.3531332372312869,0.39412277904988435
153,0.35258555603043623,0.39403857849680524
154,0.3520723793231023,0.3937846156954973
155,0.3516803944165635,0.3936094333656481
156,0.3511691526399968,0.3933459657016648
157,0.35058345323738876,0.3929822272438755
158,0.35035580009414447,0.39289521318080667
159,0.3497861467166784,0.39247995186843154
160,0.3492045796462197,0.39225751661439184
161,0.3487117009587551,0.39193260175653394
162,0.34800783081869646,0.39138479592006165
163,0.3471633564576281,0.39100265331436923
164,0.34663584034289563,0.39060712881904175
165,0.34622874486333893,0.3904984723659829
166,0.34586300801736475,0.39040714929840326
167,0.34540165812961215,0.39005679636155566
168,0.34488595504455244,0.3898222747603899
169,0.34442490055835184,0.3894198248675263
170,0.3439541798494784,0.38920683593097255
171,0.34329575636575144,0.3888470311779814
172,0.3426902933314032,0.3885072477900078
173,0.3421182326707912,0.38838899117559605
174,0.34164839589273127,0.3883388888514978
175,0.3412474288496688,0.38802631661765086
176,0.34088745575212265,0.3877733668129786
177,0.3404417215282875,0.3875905407114042
178,0.33993618140889365,0.3873952276829851
179,0.3393989105211436,0.3869641214475988
180,0.33904669389983455,0.3866576299756813
181,0.33860518562607234,0.38639516561970055
182,0.3379456801818712,0.3858716876762631
183,0.3375005792740382,0.3858147949619832
184,0.33689973188639577,0.3855134591037182
185,0.33645744766435937,0.3852437843772918
186,0.33604618146745446,0.3850829482281784
187,0.33563345023515295,0.3847630663431307
188,0.33504022858613236,0.38460393205189136
189,0.33449693145713766,0.3843278297084312
190,0.33405406627668055,0.38392345689349433
191,0.33369385657370876,0.38388051344740765
192,0.33318420737863386,0.38356743197216325
193,0.332908933219526,0.3834177724637778
194,0.33256523910588887,0.38322296186237004
195,0.3322005366843156,0.3828520873833981
196,0.3318541087533956,0.3826212527067385
197,0.3313842516495153,0.3823767100532907
198,0.33107682993727583,0.3822429481703393
199,0.33068975939262524,0.38185821609895465
200,0.3302505532372581,0.3814870414471994
201,0.32973165145531935,0.38119669059722683
202,0.32933072542282793,0.38096592221918707
203,0.32898792798758325,0.38095477625700125
204,0.32849855186856647,0.38041565836132385
205,0.3279503948074403,0.38016193818521166
206,0.3274981240913742,0.3798296536645789
207,0.32715905716942,0.3796038665478266
208,0.32669146575065117,0.3794603391790112
209,0.32598960942648647,0.3788668002954077
210,0.3256063265964178,0.37891028184328573
211,0.3252019483437898,0.3787356492153699
212,0.32477844928337857,0.37842897386337154
213,0.32452071350607176,0.378186498548194
214,0.3240250738798788,0.37789245472409116
215,0.32366283358749337,0.37763783409524837
216,0.32335625898980136,0.3773368433833874
217,0.32308178221858225,0.3772067567180679
218,0.32252761490156434,0.3766792175471121
219,0.32212168069499464,0.3763879452060854
220,0.3215676353717519,0.37616265526999354
221,0.3210802735570704,0.37584441207170616
222,0.3205119062808065,0.37539800179418714
223,0.32009044311420776,0.3751097485056234
224,0.3195985709045287,0.37488191713909974
225,0.31928396529326347,0.3745875306531757
226,0.31898259870691337,0.374391781038305
227,0.3183817305771654,0.37398528791276603
228,0.31805937831584474,0.37367854445757953
229,0.3175130566378104,0.37324997814096306
230,0.3171860821876302,0.37307525066859915
231,0.31674602432932725,0.3728563513378698
232,0.31633839071692443,0.37264686671977876
233,0.31598764646318256,0.37257007493520333
234,0.3153780593113802,0.3722744586029335
235,0.3148874320276683,0.37186747667194914
236,0.3144006227715038,0.3716730891238645
237,0.31405044454911935,0.3716454370647273
238,0.3137602950088996,0.3714850314193106
239,0.3131701371359387,0.37117934666616426
240,0.31279851314349244,0.370965087781347
241,0.3123534940828867,0.3706743049029915
242,0.3119372539583021,0.37042865736216074
243,0.311514511399169,0.370275769920356
244,0.3109133640992929,0.36980916614970516
245,0.310519199538074,0.3697132274773904
246,0.30997491205170813,0.3694733990683468
247,0.3094806583093626,0.36916773193978447
248,0.30911235037107815,0.36901114135496677
249,0.3086960129301069,0.3687658627563975
250,0.3083555744315662,0.3685016743096224
251,0.30783883034849924,0.36817951638928265
252,0.3074750817048511,0.3680278307863385
253,0.30716923291803977,0.3679702692335174
254,0.30681379306862544,0.36784612533204925
255,0.30641918478805136,0.3677013888864321
256,0.305912632059453,0.3673922722956996
257,0.3057366279912463,0.3673367566004811
258,0.30540829614407966,0.36720274096740213
259,0.3048374866185604,0.3667165182030154
260,0.30442831905057777,0.3665375635805499
261,0.30416468590838397,0.36636848159890145
262,0.30366546162599545,0.36596022897459896
263,0.30313510672904614,0.365464845792398
264,0.30276647706333154,0.36531871062188215
265,0.302535267824759,0.3651608032325339
266,0.3022994878446313,0.36494665479416993
267,0.3019844655762513,0.3648488952063803
268,0.3016493360178699,0.36472548223873263
269,0.30117450027766135,0.3645087013741192
270,0.30094611745300887,0.3643508447757562
271,0.3007237370747371,0.36425719381752514
272,0.30047365201594134,0.3642117232714882
273,0.300068246706236,0.363856259390815
274,0.29975329871794293,0.3637326394937238
275,0.2994687776954307,0.3635432975833682
276,0.29911192457430086,0.36338260465057204
277,0.2987980243084091,0.36326613651471856
278,0.29851837327270436,0.3630655890787228
279,0.29813219998554524,0.3629634385227499
280,0.2977659763568961,0.3625015756687192
281,0.29735408763225213,0.362163192758307
282,0.29693669014221125,0.36197269632404333
283,0.2966142457005387,0.3618793186507411
284,0.29604862188364867,0.3615665997299045
285,0.2957078136840425,0.36132967332690374
286,0.29540090325147633,0.36121924493284524
287,0.2950993422691731,0.3610211283680504
288,0.294582334698599,0.3607160282775418
289,0.29423065644071184,0.3604561984247492
290,0.29389041268965405,0.36036095259291834
291,0.29351867093381556,0.36015018696750634
292,0.29312014640458084,0.35979986805244085
293,0.2927320977422701,0.3595751032676208
294,0.2923706457285275,0.35943198739740884
295,0.29194439159438423,0.35922850455871785
296,0.29161151364234766,0.3589750914645115
297,0.2912759825509566,0.35892270741756177
298,0.2908661571042929,0.35886350601397704
299,0.2905814036521584,0.3586108707667016
300,0.2902590516054559,0.35841379282911656
301,0.28995628433123044,0.3583288541355463
302,0.28968543244508677,0.3580835553799732
303,0.2893623834009173,0.3578316152067309
304,0.2890050750792855,0.35774443606422884
305,0.2884800694614597,0.35732089462622446
306,0.28817562972153127,0.3572183978921252
307,0.28778721251820316,0.35725868318481957
308,0.2873466134058399,0.35697378758955195
309,0.2870018916236487,0.3567085627245082
310,0.2866741769082395,0.35661637269131835
311,0.28629939566057167,0.3563942589049504
312,0.2860725711645368,0.35631112639847845
313,0.28572027200496697,0.3560501641601626
314,0.28531747790451734,0.35585272124568074
315,0.28498704655237933,0.35577171884265174
316,0.28470153685798855,0.3556009969845339
317,0.2841188242279228,0.3549779750261393
318,0.28390766254797123,0.3549732550521534
319,0.28355964672385625,0.35474269950304704
320,0.2831549805156315,0.35447644507759407
321,0.2826296994825703,0.3541398235219162
322,0.28225672620977454,0.35395001575014334
323,0.2818763337257869,0.3537572253209979
324,0.28153420155412334,0.3535648081998627
325,0.2810533147454188,0.3533212501862236
326,0.28066718985650596,0.35318417984640155
327,0.28023419083496875,0.353094615042627
328,0.27984877066607655,0.3527681161791517
329,0.27941777360833014,0.3523313665852018
330,0.27902624358221617,0.3521222430569769
331,0.2787227467005887,0.35200856853123474
332,0.27846338346263805,0.3518144797948859
333,0.2781037418326714,0.35170232710860827
334,0.2777415203323265,0.35149301871374544
335,0.2774436017903096,0.3512732770866698
336,0.2771277575565607,0.35119726097807397
337,0.27673191589407153,0.3510056727586879
338,0.27639599342795557,0.35094245564628307
339,0.27605945752114464,0.3507820829454361
340,0.27569986289625636,0.3505098776557062
341,0.27537341798031956,0.350171991000661
342,0.2749593606205282,0.34998902086165545
343,0.2746294595084683,0.3498320739539899
344,0.2741582961820079,0.3497159965463926
345,0.2737324271884869,0.34948589014620435
346,0.27348544750282155,0.3493337146573141
347,0.2730431118547576,0.3491823187984061
348,0.2727402462798622,0.3490546387656842
349,0.2723831056221961,0.3488161379576344
350,0.2718549153936584,0.3484353108347041
351,0.27150316545214787,0.348148351928162
352,0.2712137422871066,0.34805617694662183
353,0.27088554826735534,0.3478856801132044
354,0.27056103301571505,0.34779924463690415
355,0.27018684265903364,0.34758316401214784
356,0.26985613052528107,0.34749186248057984
357,0.26959963163131073,0.3473919951600997
358,0.269216413996135,0.34711122524427235
359,0.26882555748067516,0.3469023620417524
360,0.2684975061736777,0.34667197139847217
361,0.26821279073948595,0.3465039375901443
362,0.2678108017735307,0.3465012698843756
363,0.26750992083848485,0.3463934267298219
364,0.26719229770414965,0.3463908602306878
365,0.2667466289453303,0.3461219898156505
366,0.2663808458796692,0.34580733296144855
367,0.2659970754602573,0.34552829219927494
368,0.2657246269204272,0.345476164228504
369,0.2652762890183988,0.3452266723621043
370,0.26494399469363383,0.34510358690116233
371,0.26465474592250277,0.34505606809013434
372,0.2643398586359973,0.34487232071271134
373,0.2640141627309797,0.34467171121584894
374,0.2637182167186123,0.34464546543779706
375,0.263449993547906,0.34444784976375775
376,0.26314733413688474,0.344433201884148
377,0.26271612608358025,0.34439210780058865
378,0.26235068656979643,0.3443640672686551
379,0.2619268069950795,0.3439484106945312
380,0.26162131224035745,0.3437450557480259
381,0.26131657603781216,0.34364302893856946
382,0.2609085655087332,0.3433890513638387
383,0.260462774441612,0.3432219664194708
384,0.26007873656171293,0.3431045271062414
385,0.25967432279440406,0.3429137595279825
386,0.25925019662064064,0.3426788020928621
387,0.25890996952284234,0.3425450945037393
388,0.25858044397961955,0.3423326827668389
389,0.2582603781621673,0.34216890640565734
390,0.2579232343124017,0.3420403469667839
391,0.25755535525984197,0.3417836743102282
392,0.25710361023061856,0.34140607313040217
393,0.2567366675793133,0.3412045753317758
394,0.25647512132494804,0.3411264485360526
395,0.2561485184805696,0.3408867793704184
396,0.2558249135772037,0.3408630315996022
397,0.2554692105689163,0.34070202507813374
398,0.25505441844533655,0.3404940069896944
399,0.2547052207328647,0.34058896262072363
400,0.2544091338976785,0.3404655476018432
401,0.2540293996439017,0.34013996583045025
402,0.25362394832080193,0.34002178259648186
403,0.25322512809121495,0.3397552279912204
404,0.2529797334865065,0.3397104479376256
405,0.252603725407403,0.3396271075121359
406,0.25226483290526125,0.3394086029052353
407,0.25186558282509286,0.3391418296131669
408,0.2515633427326366,0.3391713396280566
409,0.2512479888634659,0.33918343381550076
410,0.2509068343524738,0.3391425693998387
411,0.2505083010812492,0.339120701936326
412,0.2501569556144973,0.33889079524783233
413,0.24979806067072816,0.33857709619101717
414,0.2493968249627266,0.3382900764938925
415,0.24903890297005543,0.3380082285551642
416,0.24866609573771292,0.338194517595155
417,0.2481937980386173,0.3379448793384076
418,0.2477672894792652,0.3377611539714623
419,0.2473544105720899,0.3375807560247889
420,0.24697991675642456,0.3373011054863206
421,0.24666269236506289,0.3372878619508121
422,0.24631714236212332,0.33726370734980704
423,0.2460384791509253,0.33720048963005067
424,0.24569742810809053,0.3369799554595897
425,0.24535156808643682,0.33692329661419773
426,0.2450829291318897,0.3367981554572879
427,0.24477138105240565,0.33664362231927075
428,0.24457855638359893,0.33662616749263896
429,0.24428229304532392,0.3365074436414194
430,0.24395491360419141,0.33665180594349203
431,0.24362295679516788,0.3364055308652682
432,0.24335055539825284,0.3363248535684375
433,0.24300302128645868,0.3362994501786245
434,0.24270294662190336,0.3361270256163862
435,0.2422777445238016,0.3359439308303258
436,0.24200625210697016,0.3356798113165396
437,0.24174378293806695,0.33564395754277915
438,0.2414009851725693,0.33556377978369445
439,0.24104785314650787,0.33538579286178527
440,0.2407215451181068,0.33511830555593874
441,0.2402968927746098,0.33513547746964617
442,0.24004153605260978,0.3350691067253777
443,0.23967454275419287,0.3349602705984334
444,0.23945051885591803,0.33492576083510434
445,0.2391297595821985,0.33476043101323033
446,0.2387613993742151,0.3347227666211968
447,0.2384935113741767,0.3345649329159658
448,0.23818989826941242,0.33443151093221823
449,0.23778572347942997,0.33402832047204284
450,0.23743091799690672,0.33383869348735334
451,0.23708739928644024,0.3334866060726446
452,0.23680952004764552,0.33353232059243954
453,0.2363880018203866,0.33325670520690703
454,0.23601340463739753,0.3331631199021397
455,0.23577139557040683,0.3331659182051357
456,0.23543044260252283,0.33298349392685805
457,0.23505842842685248,0.3328273988064294
458,0.23474216117885086,0.3325431437689109
459,0.2344446139392099,0.3323713992084412
460,0.23412842802779238,0.33222309583935644
461,0.2338558437077452,0.33204417820785637
462,0.233515500633806,0.33190872158302764
463,0.23323446514905016,0.33174315094107576
464,0.23291681981838636,0.33155678410746914
465,0.23262290252769943,0.33133535323219043
466,0.23229103125789072,0.33117972452900835
467,0.2319277157460767,0.3309514913283327
468,0.23173065007894839,0.3308829679436991
469,0.23141512838392334,0.3307500926299574
470,0.23118417246509107,0.330565439636508
471,0.23082628277800413,0.3304054366948396
472,0.23053195057397508,0.33028988617756605
473,0.23023711676289138,0.3300263124208017
474,0.22977017450579082,0.329867798928825
475,0.2295094471954888,0.32963389447877406
476,0.22927097565195445,0.3295374405489914
477,0.22903922562463602,0.32943448304570494
478,0.22869040542366578,0.32936139701148376
479,0.228359062785224,0.3292292029470702
480,0.2280851211801249,0.32928848725689036
481,0.22787400059585156,0.32920581872054405
482,0.22753537116655057,0.3288641210264533
483,0.22724082326664058,0.3287312442138377
484,0.22698399527791654,0.3285860655358536
485,0.22669785466717673,0.32875067311866923
486,0.22644111317974894,0.32855167143474207
487,0.22617237602351528,0.32859571273983157
488,0.2258631591857412,0.3284389125944912
489,0.22549401565568453,0.3284587741400279
490,0.22529364883648068,0.32838379663840284
491,0.225021978799991,0.32820704554197877
492,0.22466176934586526,0.3281100884361869
493,0.22436121133992623,0.32819239875648853
494,0.22414083359427686,0.3281248882130371
495,0.22388904803990578,0.32802102526272225
496,0.22359611754133826,0.32792491572977006
497,0.22336237409147697,0.3278421414245614
498,0.22307549101474683,0.3276984966188676
499,0.22284775738876572,0.3276047348481077
500,0.22254606582333528,0.32741757100195484
501,0.2222538856622493,0.32715356577343474
502,0.2219866178800295,0.32705392882391643
503,0.2216922618718857,0.3270178287085102
504,0.22143280252847597,0.32694775311555435
505,0.22111105006572063,0.32690146505138906
506,0.22079608176178306,0.3268278698559291
507,0.22056652575561064,0.32669840382853144
508,0.22031442806825896,0.3266609412765602
509,0.22005968871021095,0.326722930739222
510,0.21980811037060297,0.32666717711163756
511,0.21946784264059066,0.32647512991025796
512,0.21922691099240224,0.3263801736012629
513,0.21892209889735867,0.32614911718539835
514,0.21866414427150413,0.32608722749435054
515,0.21841803541893118,0.32596795848142307
516,0.21821842540859407,0.32600274710621335
517,0.21793822232039003,0.32589151798439914
518,0.21771909818534285,0.3258163768754352
519,0.21743218349406196,0.3257520124350951
520,0.21719851235757107,0.325727857569534
521,0.21691365126610127,0.3257296760861516
522,0.21668579097562463,0.32569189519218616
523,0.2164461096535479,0.3255140948695872
524,0.21617519769929525,0.3252932457896145
525,0.21590417963763694,0.32522481813424364
526,0.21567389969294232,0.32525028243143955
527,0.2154716212382928,0.32515905997108413
528,0.21526056877400995,0.3251282961793498
529,0.2149752866178899,0.3251419053907895
530,0.2146796397587295,0.3250543379521751
531,0.21451490141751084,0.32503594734152863
532,0.21423947556498907,0.3250169353161648
533,0.21397663396650193,0.32480441224881806
534,0.21369604819607121,0.3245417863340654
535,0.21344248576703528,0.32445267132832417
536,0.21312764288105027,0.32437352410671205
537,0.21289788289835132,0.32435728881940135
538,0.21267574924909954,0.3242177417168021
539,0.2124623846848268,0.32411834306494036
540,0.21225221794369664,0.3241102634485381
541,0.2118902627484161,0.3240491429826752
542,0.2117201987693749,0.32399299669835396
543,0.21149090038224413,0.32393299931475017
544,0.21122989181113697,0.32384159759809
545,0.21097992986083577,0.32372268592891296
546,0.2107198112057987,0.3239722018965748
547,0.21053823302790192,0.32390126973141237
548,0.21031957026270384,0.3239316974142879
549,0.21004670632294042,0.32381723593972617
550,0.20980421330771465,0.3237666672434083
551,0.20959371938072988,0.3237769892145925
552,0.20935425589655288,0.32371492361941956
553,0.20909579261130928,0.3235699412098962
554,0.20882334560248375,0.3235284265703662
555,0.20865403186517847,0.3234909347559709
556,0.2084052319792688,0.3235227815522169
557,0.20819088489673837,0.32339575521015884
558,0.20790986874843165,0.32326215001635683
559,0.20765734279330755,0.3232692909616661
560,0.20746185771541853,0.3231865452727363
561,0.20720496207849393,0.3232222537572811
562,0.20697218391823213,0.32319371716749035
563,0.20658902823277464,0.3230707298364749
564,0.20634249022111634,0.32291565158667646
565,0.2061351586691989,0.322719984672635
566,0.20595389583430443,0.3226706774651345
567,0.2057818134324794,0.322644057421774
568,0.20551178389792485,0.3224299085332573
569,0.2053250746150703,0.3224073793106667
570,0.20512247133212821,0.3224074796271237
571,0.20495238157254253,0.32240212157960557
572,0.20470068257543492,0.32231082418776863
573,0.20451468706865494,0.32224779315268165
574,0.2043219811720383,0.3222111257214845
575,0.20412353082088908,0.32223923607649085
576,0.2039355434202581,0.3220628522686477
577,0.20365243376611272,0.3219334623276449
578,0.203445152673516,0.32187442264370497
579,0.20325546481385032,0.3218111893126844
580,0.20297124056709384,0.3216729888380708
581,0.20275761494572594,0.3216925173125265
582,0.2025415351799834,0.32162975679192435
583,0.20231997046498468,0.32141055617175424
584,0.20210263712240534,0.32137838691707243
585,0.20187975452375198,0.3213878454270309
586,0.2016065866129738,0.32119719997773716
587,0.20144355819711607,0.32119635947273223
588,0.20118246111359242,0.3212086085486519
589,0.20093853944861212,0.3210895559744501
590,0.20067044325692796,0.3209799916522184
591,0.20045418841364235,0.3208177186259658
592,0.20023502189659556,0.32072535543833725
593,0.20004069691406887,0.3206616634014911
594,0.1998255459153722,0.32062560740776014
595,0.19960009959358227,0.3205040323829769
596,0.1994256642426225,0.3204269362061489
597,0.19912444887373357,0.3205204531439567
598,0.19894533875153886,0.32043499586092344
599,0.19875430837477115,0.3204082278501661
600,0.1984834153258811,0.32013850096150637
601,0.19821637464575756,0.32011331207202753
602,0.19788395081465657,0.31983307465636157
603,0.19765829645200864,0.3196784303496347
604,0.1974207073230845,0.31973155509177525
605,0.19718736986649785,0.3197705136265389
606,0.1969778526584549,0.3196166205919071
607,0.19673251916441872,0.31950246670852545
608,0.19651030637656886,0.3195711399816503
609,0.19625803103440595,0.31944070195721896
610,0.1960617570474333,0.31942868023509635
611,0.19579002061622416,0.3192899601558463
612,0.1956114104479692,0.31928712280394217
613,0.19537962156504962,0.3191610238006467
614,0.19525748580094748,0.3190592999851547
615,0.1950585693921149,0.3190644203454921
616,0.19492918763310643,0.31905841988035116
617,0.19473815292697227,0.3190104494471707
618,0.1945570251932874,0.31904291631323567
619,0.19440764869716612,0.3189947186424911
620,0.19420559074556693,0.31891433116810647
621,0.19400411337218126,0.31885536129962405
622,0.19379290151505782,0.3188195371482193
623,0.19361666078823345,0.3188429538315862
624,0.1934334607755565,0.3187922489019799
625,0.19316390371872869,0.3188791278352802
626,0.19295448468600754,0.31890808033310303
627,0.19280057357495126,0.31888220598933487
628,0.1925992116517995,0.3189380569788737
629,0.19242595635476628,0.3188946905241614
630,0.19216719081730338,0.31874729341099134
631,0.19186624587470258,0.31877873210750707
632,0.1916991717741541,0.31879505127449426
633,0.19148684503024466,0.3186584761477663
634,0.1912400306491327,0.31856705229208276
635,0.1910300993427416,0.31857753513900233
636,0.19086185397466018,0.31858000140544446
637,0.19068633317336836,0.31841968980942087
638,0.19044026840123876,0.318333832144122
639,0.1903021037203926,0.31830941490202536
640,0.19016427379161646,0.3183332216861959
641,0.18996407736952203,0.31832199522756527
642,0.18976705794196982,0.3182014644717803
643,0.18960317347530828,0.31821708761499956
644,0.18944419139863422,0.3181877921617442
645,0.189276369681722,0.31823356934418334
646,0.18912699451493822,0.318125962574549
647,0.1889333972526538,0.3180065120809962
648,0.18878296480232193,0.3179708645699814
649,0.18864371701714225,0.31795666898754915
650,0.18848514660724805,0.31799258966966604
651,0.1882089057274446,0.31779053935391177
652,0.188047740009003,0.3177416221515598
653,0.1878114418860461,0.31776617108465083
654,0.18758770890546875,0.3177397774648836
655,0.18742995520511113,0.3177086805822911
656,0.18725244435781221,0.31775366295617596
657,0.18708015370004846,0.3177289032791143
658,0.1868948478729036,0.31763953701356024
659,0.18675406932736452,0.3176208412827049
660,0.18657205320121353,0.3175611742201907
661,0.18641143491774287,0.31756508839854886
662,0.186286838574884,0.3176280365065219
663,0.18612591966871947,0.31758808530428584
664,0.1859200788092452,0.3174953440319702
665,0.18573449103904993,0.3173983977700503
666,0.1855625289529081,0.3173196013698485
667,0.18533674388964802,0.3173050033798229
668,0.18516948694459906,0.31720057977316024
669,0.18497254591280707,0.3171365388781484
670,0.1847741104198029,0.31707676012614633
671,0.18466330579728785,0.31709300293911685
672,0.18443318972373782,0.31718107160384307
673,0.18431053498377345,0.3171526993077634
674,0.18409975596847208,0.3169692757339149
675,0.18393104149457432,0.3170647954447212
676,0.18373312896960778,0.31685404041070214
677,0.18356467716660427,0.31686323267267114
678,0.18337734582502535,0.3169451913795797
679,0.18320295712992693,0.3168267323026929
680,0.1830579392405688,0.3167116591132021
681,0.18289073185566448,0.3166466738130448
682,0.1826569719287711,0.3167404360630375
683,0.18250675606193276,0.31672993746224787
684,0.18230357760832228,0.3167622316691689
685,0.1820453629147438,0.3166798032295775
686,0.18189583524417752,0.316597757094067
687,0.1817602126396358,0.3165600848427454
688,0.18161168748474474,0.31653678384616435
689,0.18136900752275878,0.3163396334440829
690,0.18116375851542726,0.31626688989752927
691,0.18092461360693865,0.3161898792271474
692,0.18070883336073415,0.3161079314518261
693,0.1805251563688995,0.3161165901442966
694,0.18035142982033087,0.3161098059063068
695,0.18017285154091237,0.31615637177623196
696,0.1799732762177736,0.31611338312763243
697,0.17978297853169384,0.3159621106114751
698,0.17960340181249512,0.31597550429874516
699,0.1794200645912802,0.3159131969398381
700,0.17923403018773312,0.3157647290051432
701,0.17909816038515672,0.3157187260081238
702,0.17891625854919144,0.3156104747290005
703,0.1787424004711405,0.31556532728679654
704,0.17855705935457133,0.31558144281762596
705,0.17835803065927264,0.31548245842260536
706,0.17819424219307384,0.3154976536132902
707,0.17800682609350874,0.31539169888678986
708,0.17784628076865058,0.3153598891239081
709,0.17768621373794896,0.3155088135827626
710,0.17750791415779385,0.3154102204052372
711,0.17727786439200593,0.3152567388570361
712,0.17713329109342674,0.3151718312024768
713,0.17693395346453075,0.3152188558462378
714,0.17678152609487932,0.3151359324533574
715,0.17656092983186022,0.3151416452654836
716,0.17636552317748375,0.31501036245187924
717,0.17618038503789402,0.3148542259783282
718,0.17595459185013382,0.3147492434618371
719,0.17585212885843174,0.31474172747122603
720,0.1757514371502213,0.3146925976854649
721,0.1755631460061448,0.31465355669685335
722,0.1754330481431022,0.3147103730741966
723,0.17511113396972264,0.3143498695916554
724,0.1749319383554921,0.3142625619946509
725,0.1747721991484866,0.31430816506822423
726,0.17469545373305037,0.31428404802337356
727,0.17445993810052135,0.31412588972768446
728,0.1743396198358974,0.3140943355428394
729,0.17416507514438337,0.3141394420677236
730,0.1740299362586573,0.31411405496765127
731,0.1738001788203862,0.31399622848399344
732,0.17363610339767516,0.3139836100791671
733,0.17348960411059802,0.3139753395921859
734,0.17329649969210156,0.3140017122335654
735,0.17314111657102083,0.31381827774883014
736,0.1730040301327592,0.3139572113512366
737,0.17281829017793346,0.31379414888708346
738,0.17259381746820993,0.3138366646585478
739,0.17245740048228392,0.3138606811529296
740,0.17232205948683932,0.3138839559779861
741,0.17216047601367762,0.3139188162135322
742,0.17200831580710066,0.31382895822040385
743,0.17184297775936194,0.31375838209557383
744,0.1716800369498065,0.31357288864398203
745,0.17150173250188935,0.3135837982940058
746,0.17136930496699465,0.3134532736801758
747,0.17118092314119313,0.31334960473301826
748,0.17106299253186635,0.3132827568018324
749,0.17090829425364887,0.31322384812964116
750,0.17074807223162922,0.3132505622151235
751,0.17063303101509034,0.3131596678523418
752,0.17046526656422495,0.313009190340332
753,0.17025977583069687,0.31297541137339113
754,0.17011309548267026,0.3129086636562995
755,0.16987276050535746,0.3128204951930899
756,0.16973645889103367,0.3128606387829372
757,0.169589096526258,0.3128120974186486
758,0.1694077234261935,0.3127414027001109
759,0.16925829819926028,0.3128066836445306
760,0.16908540429701455,0.31277625995293257
761,0.16893541606465506,0.3127006464482488
762,0.1687670922388332,0.3126030928998368
763,0.16854139527124182,0.31267450662172225
764,0.1684134712099089,0.31258739948021014
765,0.16828010969191443,0.31255297643275615
766,0.1681643173770171,0.31246078029143276
767,0.16801459432112645,0.3124091143734265
768,0.1678318661844128,0.31225635767440535
769,0.16767268649205058,0.3122627372519876
770,0.16744835390023627,0.31222457597497066
771,0.16727691800279212,0.31208672124713777
772,0.16713490190369737,0.31205453794146
773,0.16700298889087542,0.31197496688322
774,0.1668535914084279,0.3120005709007394
775,0.16669432534381787,0.31203291802434413
776,0.16658850378829357,0.31219365783908004
777,0.16639955972811854,0.3121799973427534
778,0.1662122505819432,0.3121188655472563
779,0.16602860852430276,0.3120314560104467
780,0.16588532896714736,0.3118974353583723
781,0.16574284705181466,0.3120010731748912
782,0.16561647841712884,0.31200833212281953
783,0.16550216224458073,0.3119493263907661
784,0.1653893523728593,0.31189504181463
785,0.16527345531088397,0.3118690270216008
786,0.16511453438281037,0.31188210079418655
787,0.1649756367379156,0.311753679578886
788,0.16480458971285955,0.31157152374743885
789,0.1646230170937583,0.31159304843077223
790,0.16442427217686534,0.31154013052531565
791,0.16422367781707806,0.3115870680593355
792,0.16406530307604475,0.31153621346733945
793,0.163930015146329,0.3114690383771456
794,0.16382191184633405,0.3114765237793103
795,0.1636263843152144,0.311421803677618
796,0.16342870517455085,0.3114238028880473
797,0.1633380873562171,0.3114165635254522
798,0.16316729577673128,0.31152544331583804
799,0.163007332061549,0.31150960829677316
800,0.1628985579470406,0.3115574894780004
801,0.16275294703855345,0.3115155517563895
802,0.16260364079519066,0.3115019936698309
803,0.16245914124015295,0.31146635423162294
804,0.162289347346046,0.3115057066581057
805,0.1621301458074973,0.31149648428772314
806,0.16197696539774808,0.3114410790139213
807,0.16179084180555228,0.311372510299647
808,0.16163138411606115,0.3112495324276412
809,0.161494742629359,0.3112650351736851
810,0.16135416387112939,0.3111593011629908
811,0.1612762458518847,0.31112664485579694
812,0.16119695099004525,0.311149763321263
813,0.16109502471211917,0.3111319612453267
814,0.1609634728128609,0.3111515851908425
815,0.16082782055447187,0.31116515105144615
816,0.16069266662651016,0.3112462899795771
817,0.16045521823853542,0.3110541541322302
818,0.1603091705714447,0.31096811290194887
819,0.16018413132792494,0.31101103914831824
820,0.16003027835341416,0.31099637268989194
821,0.1599224395763202,0.31094789326159306
822,0.15971348055497067,0.3108187434557882
823,0.1595626993316196,0.31066229336370116
824,0.15939284325328704,0.31050572881444716
825,0.15925180514095394,0.3103955276798535
826,0.15908782527605564,0.3103234753926552
827,0.15896924145368022,0.31023014269877763
828,0.1588245698988349,0.31018010442387045
829,0.1586889311697159,0.31019701648450115
830,0.15854853352377765,0.31026676206422377
831,0.15840416331873777,0.31020345832903007
832,0.1582683738087946,0.31029080575242646
833,0.15817350666412192,0.31032547953082457
834,0.15803615669649337,0.3103220511829142
835,0.15789702949388199,0.3103530111482836
836,0.1577073931707907,0.31033396509807654
837,0.15754329157391433,0.3103325081104761
838,0.1573674073380374,0.31021321648025607
839,0.1572834016523491,0.3101933654973674
840,0.15712182229254806,0.3100516087027148
841,0.15700694936671533,0.31009968003923993
842,0.1568001584254662,0.31009233798247254
843,0.15665882070016218,0.31003014881405777
844,0.15651029007065775,0.3100171009477107
845,0.15639065756148682,0.31001240497194144
846,0.15621953758013093,0.30995710427387346
847,0.15609687394276353,0.30984829829310784
848,0.15594380166911667,0.30985672406785614
849,0.15579490017156047,0.3098394474694816
850,0.15569749728366936,0.3099157509848553
851,0.15558216755556165,0.30992155272519994
852,0.15542223232215246,0.30983227876685193
853,0.15532565034319087,0.3096481896755612
854,0.15511396211699882,0.3095218120927454
855,0.15496559695532416,0.3094027394104311
856,0.1548650206843965,0.30937735606518196
857,0.15471334875033307,0.30938155853803145
858,0.15459950575117057,0.30942540559327775
859,0.15442637816443391,0.30944129911244017
860,0.15429312184356803,0.3093971663211975
861,0.15418140595093802,0.3093657914350084
862,0.1540447982591962,0.3093559600753753
863,0.15391732902648375,0.309259011554892
864,0.15379100041022245,0.30922190074551914
865,0.15365413062391015,0.30930130037883397
866,0.15352784290212257,0.30913615387128573
867,0.15338434731513298,0.3090090109388566
868,0.15329749460431774,0.30903952494950815
869,0.15319017199316065,0.30907744696586054
870,0.15302329025293052,0.30897967302918355
871,0.15287010949442678,0.30890004326438303
872,0.15273432402522563,0.308900303150472
873,0.1526154066940854,0.30881876338195696
874,0.15247318386681877,0.3088155285935253
875,0.1523626488111941,0.308895312437461
876,0.15222752663284458,0.3088711311277083
877,0.1520986150485804,0.30884961157324503
878,0.151965453538064,0.30890625493502816
879,0.1518531981291333,0.30892425485393227
880,0.151724799437879,0.3088112836726252
881,0.15164328218412984,0.30879792239059595
882,0.15147569399999572,0.3087571069865371
883,0.1512776228643423,0.30876160774002254
884,0.15114523595472348,0.30860384422289616
885,0.15102434532056827,0.3086201866237477
886,0.15093114219285847,0.3086161190553003
887,0.15077913769129742,0.3086241490354099
888,0.1506958405286266,0.30855636050208657
889,0.15050114860176775,0.30865004752153635
890,0.15037625425742435,0.30857236558468315
891,0.15026318244978337,0.308524809492368
892,0.15007441115491824,0.30851123354834237
893,0.14998321836712064,0.3084670387978899
894,0.1498225229774489,0.30835258762334855
895,0.149702463062216,0.30836398215712113
896,0.14953793680768526,0.30840215229427465
897,0.149391779135834,0.3083593096222533
898,0.14927648453479936,0.30832636910060396
899,0.1491077602185311,0.3082853712625485
900,0.14900499142323412,0.3083285902292605
901,0.14890316793214514,0.30831280350982715
902,0.14880979442443984,0.30824317184258676
903,0.14867203436451468,0.3081551020000168
904,0.1485298615312544,0.30814626507305276
905,0.14844181965911674,0.3081871966977319
906,0.14829954714681987,0.30831284800109726
907,0.14819426296187715,0.308376304602602
908,0.14804867984227946,0.30836472902434053
909,0.14787034107071978,0.3083652986376352
910,0.14773796910712847,0.3083750416589666
911,0.14759857771464427,0.30837529030196176
912,0.1474433099628531,0.3083730143964515
913,0.14731810601931855,0.3082957178904592
914,0.14718077336499286,0.30830280223997564
915,0.14705473957349727,0.3083551674553912
916,0.14692668333327707,0.30826725036301644
917,0.14680477719766008,0.3082707421539603
918,0.14666835629263986,0.3081867347269076
919,0.14656648611377435,0.30818014351928114
920,0.14642370278943123,0.30818553149264594
921,0.14627145591550647,0.3082657748098303
922,0.14609099333716855,0.30827826285028354
923,0.1459636380958415,0.30831045421208414
924,0.14584226352871502,0.30828652208612844
925,0.14570514573908738,0.30842183183454835
926,0.14559140642131266,0.3083594766647425
927,0.14548762528832168,0.3083716226951836
928,0.1453633988518957,0.3083221900762656
929,0.1452479101171676,0.308240389662146
930,0.14515150550531786,0.3082661470535912
931,0.14504483102297913,0.30826227247455806
932,0.14492513895310463,0.30826202489953153
933,0.14484326434022207,0.3082397460492462
934,0.14469983976871803,0.30824033418654806
935,0.1445996893788608,0.3081870843535419
936,0.1445113080455421,0.3081535007461092
937,0.1443480978827893,0.3080809288028985
938,0.14420592694547696,0.3080051779201265
939,0.14408243131905477,0.3079311044423715
940,0.14398553130280034,0.3079855322010622
941,0.1438735686108444,0.30795775798139735
942,0.14375794095202063,0.30797170616460784
943,0.14364592798992248,0.30784019163835963
944,0.14356900507786344,0.3078242934375131
945,0.14343332488442254,0.3076926849041677
946,0.14332628899480782,0.3077181279314538
947,0.1432077673723843,0.3076976704140285
948,0.14308430101728956,0.3076782474581717
949,0.14297078867302526,0.3076350925364261
950,0.14285896507399176,0.30764714344386523
951,0.14273005561833277,0.3076397885946322
952,0.14263457997473336,0.30770860322392846
953,0.1425351589721095,0.30773850964643257
954,0.1424319408625838,0.3077381508157959
955,0.14233447711194142,0.30769646167552495
956,0.14224746974931185,0.30772968426358294
957,0.1421279486533331,0.30768267135686483
958,0.14203284163354554,0.30768154717435864
959,0.14185730346945918,0.30759778679863636
960,0.14170444974879753,0.3075194486132828
961,0.14160356827233814,0.3074874413210566
962,0.14144920692382495,0.30752059951737654
963,0.1413804093962764,0.3075039313549635
964,0.14131013293958034,0.30748913316673837
965,0.14118041159034234,0.307552977943585
966,0.14104136721276603,0.30749138556211586
967,0.14092615172072695,0.30739708195638404
968,0.14080721609292565,0.3073899444598407
969,0.14068155580456732,0.3073924499643535
970,0.14056028517738803,0.30746849047367897
971,0.14046610397549666,0.30741386964215617
972,0.1403979967890142,0.3073839408032262
973,0.1402823079205348,0.30732362556399156
974,0.14016581560860417,0.3072737427781767
975,0.14011383007981507,0.30731276426276144
976,0.1399855997722373,0.3071618003790136
977,0.13989633444103688,0.3072076641888017
978,0.13982220475386384,0.3071941360669962
979,0.13974889251721506,0.30717865920187853
980,0.13961646508130374,0.30717620552862956
981,0.139493911704481,0.3071158422835449
982,0.13938600424633654,0.3071319472013702
983,0.1392844671567128,0.3070450821453915
984,0.139189744940819,0.3070166844668592
985,0.13908842235187502,0.307013935878664
986,0.1389959627239305,0.30694488613117904
987,0.1388522749435992,0.3067984864092975
988,0.13874510660728703,0.3067674901088538
989,0.13863462281950154,0.30672818449274963
990,0.13855677477826706,0.3067526755436844
991,0.13849001504464187,0.3067185711277486
992,0.1383398829158909,0.30672475891492257
993,0.13815063682227757,0.30658903810765453
994,0.1379825015856924,0.3065538604416599
995,0.13786546179068673,0.3065625722381237
996,0.13776156529303163,0.30658298618344326
997,0.13770013944938989,0.30659812145306325
998,0.13759173941295497,0.30650979054229793
999,0.13746545894886916,0.3064741007645205
1000,0.13733637058399276,0.3064161019990879
1001,0.137250905600706,0.3064637841723716
1002,0.13717159052868103,0.30648163898391145
1003,0.13709329522180372,0.30640518767425684
1004,0.13698897947681463,0.3062600692439853
1005,0.13686903469682643,0.3061726915481947
1006,0.13675617064696952,0.30611309991091606
1007,0.13666463083408817,0.3059805294794346
1008,0.1365732060792075,0.3059598331690674
1009,0.13646772975411506,0.3060386451674759
1010,0.13633922067789306,0.30591645952111884
1011,0.13621028350781336,0.30595205449101825
1012,0.13609189308230651,0.3059554237238537
1013,0.1359926582891554,0.3059549715934829
1014,0.1358785018147237,0.3059567131392101
1015,0.1357467066110853,0.30598299388293393
1016,0.13565102322866596,0.3059428951142783
1017,0.13555366042349234,0.3059652757848912
1018,0.13547997062353762,0.3060207516464354
1019,0.13534882206859233,0.30606311554868987
1020,0.13520984569953456,0.30605146264944594
1021,0.13512508162772105,0.3060767389579591
1022,0.13499308408263203,0.3060591530628304
1023,0.13482745980641772,0.3060620730639879
1024,0.13471474135370876,0.3060793755138697
1025,0.1345800222856274,0.3060957366454299
1026,0.1344853475701914,0.306099611986204
1027,0.1343979596729044,0.306090267649033
1028,0.13428727402193377,0.3060763044191553
1029,0.13420059648995766,0.3060477652303398
1030,0.13409346122565713,0.30589425519919644
1031,0.13397540542085917,0.3058913760554534
1032,0.13388930012381547,0.3059953219741624
1033,0.13381271560678476,0.30597710732747113
1034,0.13373471222917807,0.305989421575447
1035,0.1336119962735451,0.30596083300870497
1036,0.13348102306071524,0.3059408957976504
1037,0.13337767430099418,0.30586562470899203
1038,0.1332866954606795,0.30583167313738624
1039,0.13317177487065013,0.30580315770212185
1040,0.1330922894075287,0.3057999083601277
1041,0.13297222392609967,0.3056589480312634
1042,0.13282205400790031,0.30572071656754407
1043,0.13274070692831674,0.30573442043566074
1044,0.13262350383108962,0.3056216648171843
1045,0.13250657651311623,0.3056695380003632
1046,0.13238507487492226,0.3056270792964237
1047,0.13231591569356432,0.3056509682163723
1048,0.1322232993425552,0.3056213058205716
1049,0.13216097524280002,0.30557775879723015
1050,0.13205387928322612,0.3056453022820995
1051,0.13197956085047816,0.30564384233846265
1052,0.13191262181864014,0.3056028794763525
1053,0.13182162829409513,0.3055297830560108
1054,0.13169103553821615,0.30541689921827225
1055,0.13160070048486489,0.3053526328584094
1056,0.13149187114595745,0.3053791316101397
1057,0.1313588509249619,0.3052897784415694
1058,0.13125423943475426,0.3052640263169052
1059,0.1311158854523611,0.3051965605717843
1060,0.1310053579222484,0.305271087528199
1061,0.13088357515368534,0.30523343289583726
1062,0.13077628041791256,0.305072977417656
1063,0.13062233524732356,0.3051198248425022
1064,0.1305145996400491,0.3051234862647946
1065,0.13041213814512373,0.3052352914652156
1066,0.13031272618976558,0.30528142394255964
1067,0.13019332204264758,0.30538807729091644
1068,0.13008281396276858,0.30535112958462934
1069,0.12995041668857257,0.30536683215844285
1070,0.12986191433789876,0.30528976504664274
1071,0.12973583922500584,0.3052951034501033
1072,0.12962102395190267,0.3053594095806058
1073,0.1294966802881674,0.3052532645552088
1074,0.12938437148695522,0.3052741132633389
1075,0.12927958774023074,0.30526727220653627
1076,0.12918860522874287,0.3051949513536802
1077,0.12907988028399608,0.30515242561634504
1078,0.12898089197286902,0.3052610579025509
1079,0.12892287296872296,0.3052295238743967
1080,0.12884278379164235,0.3051578803798455
1081,0.12872820765729176,0.3052730503547124
1082,0.12861832571665746,0.30527207064290124
1083,0.12855349071851166,0.30524049592667574
1084,0.12846019785728205,0.30521104908295293
1085,0.12834656447947382,0.3051300154057294
1086,0.12824342648080347,0.30507572565704905
1087,0.12812522836103535,0.30494569628275314
1088,0.12803927582032054,0.30486099874284905
1089,0.12795829750099785,0.30485530800232497
1090,0.1279032452756769,0.3048325283360761
1091,0.12777044935286533,0.3047995870323673
1092,0.1276853236859849,0.3047878658422568
1093,0.12760197737899212,0.30483614671422654
1094,0.12748353373928137,0.30472554794395373
1095,0.1273513691629803,0.30467753000082154
1096,0.12726038750025173,0.3048020371810601
1097,0.12713702255501502,0.3046975560362262
1098,0.1270536079249771,0.30479718143567275
1099,0.1269699957606579,0.30484517667474037
1100,0.126905182524979,0.3048331237126236
1101,0.12680763769769954,0.30481379278505083
1102,0.12671579556044274,0.30477289379446515
1103,0.12660732877220812,0.3046650119151165
1104,0.1265142169788661,0.3046888418617741
1105,0.12642105272017107,0.30465142850452887
1106,0.12631517504338433,0.304583560292998
1107,0.1261921656552285,0.30449294436607127
1108,0.12608164895824517,0.3045348841061206
1109,0.12600387345980052,0.30454392154702153
1110,0.12584133393394611,0.30452437734805377
1111,0.12575847010200125,0.30438364640733184
1112,0.12568286057216582,0.30439461683578056
1113,0.12558812387370874,0.3044504925116754
1114,0.1254605824400229,0.3044169250798956
1115,0.1253185733668978,0.3044570347548125
1116,0.12519202541827282,0.3044564956830562
1117,0.12510097451713412,0.3044385352612242
1118,0.1250061303347549,0.30446219216502923
1119,0.12490884293780112,0.30445978678184615
1120,0.12477818860824821,0.30450797461669094
1121,0.12470264401382124,0.30449268087745385
1122,0.12461244218978362,0.30446778968483096
1123,0.12450618247832498,0.3045411076851067
1124,0.12444705908055603,0.3045211720637088
1125,0.12433678066477769,0.30448704348025646
1126,0.12425324813258583,0.30452159100951387
1127,0.12415847176122094,0.30452765303855944
1128,0.12406074058015648,0.3045624856947098
1129,0.12396513432614008,0.3045615921961256
1130,0.12388879317824497,0.3046127746057811
1131,0.12378193085783316,0.3044964553350253
1132,0.12368127796128263,0.30458328350736236
1133,0.12359721825055932,0.3046673059171902
1134,0.12349797359699864,0.30469070498562567
1135,0.12341598803577572,0.30465456044803185
1136,0.12334028244118463,0.30463467815457745
1137,0.1232533991875218,0.3046358282629
1138,0.12318370933407423,0.30466297562389005
1139,0.12313418254128587,0.30464148355272946
1140,0.12300841466678426,0.3046165233878473
1141,0.12286621901230493,0.30452012934348716
1142,0.12276539923209231,0.3046006076305425
1143,0.12265770866734264,0.304627919391294
1144,0.12258777372318874,0.3046501883322033
1145,0.12252130878010133,0.3046036874813177
1146,0.12243210402719061,0.30453094159266453
1147,0.12233581608112763,0.3044191078036889
1148,0.12223819975362157,0.3044007789533828
1149,0.1221680786980532,0.3044645949031346
1150,0.12212900101383656,0.30446281493359845
1151,0.12202805836148688,0.30444886226558193
1152,0.12193580558428715,0.30442770883124437
1153,0.12187191964709229,0.3043681393351693
1154,0.12182167053790655,0.3044202515838133
1155,0.12169301454074956,0.3045739046788128
1156,0.12156889452255554,0.304418653423511
1157,0.12150450642279649,0.30438231715556147
1158,0.12140392763750604,0.30435680847301333
1159,0.12129541313465798,0.3042550945356104
1160,0.1211840381865721,0.30428869904280276
1161,0.1211061658648076,0.30429017830395927
1162,0.12099359949867083,0.30430452860740975
1163,0.12091848427702231,0.3043484973741791
1164,0.12078781509626244,0.3043734394154131
1165,0.12069142594894657,0.3043651679612453
1166,0.12057799959718545,0.3044052921302445
1167,0.12048290387861688,0.30439392017180933
1168,0.120382738688432,0.30436918014463193
1169,0.12029418731323388,0.3043903458764972
1170,0.1202154436310823,0.3042983330671329
1171,0.12012451868536664,0.30425983783849886
1172,0.1200430012840675,0.30425839002882693
1173,0.11997664147520334,0.30429777490679116
1174,0.11986845073727037,0.3042169357419435
1175,0.11980556657800077,0.30421121771322285
1176,0.1197452590989769,0.304173178489035
1177,0.11966112330935198,0.3041752252227134
1178,0.11958890153649711,0.30419620385995766
1179,0.11951123789481972,0.30422339752265215
1180,0.11942677712565192,0.30431119988910954
1181,0.1193168841090552,0.304271218472626
1182,0.11925900472558874,0.30422626003591685
1183,0.11919715846392648,0.3042265528463436
1184,0.1190963096117408,0.30422269294456566
1185,0.11897817894937585,0.30427851170535103
1186,0.11889925270602902,0.30425223416571634
1187,0.1188523825422218,0.3042704551251351
1188,0.11877588444646806,0.30422655477047217
1189,0.11870171591849511,0.3043134852847901
1190,0.11858369633421276,0.30421796306694576
1191,0.11848632216884639,0.30423133812705855
1192,0.11838880479234026,0.3042427464912167
1193,0.11828009530403291,0.30436354534780263
1194,0.1181878236959394,0.30441549666214995
1195,0.11808852593964676,0.30433115177595965
1196,0.11798499474245967,0.30425192965794906
1197,0.11789340799249318,0.30417714831222714
1198,0.11783300045723206,0.30414033004861957
1199,0.11776954451516208,0.30418426952500915
1200,0.11768587522032001,0.30415518679820447
1201,0.11761331058615879,0.30418327791931654
1202,0.1175326735959815,0.3041986411913712
1203,0.11744805537895023,0.3041781961636797
1204,0.11734267896416394,0.30419491978042845
1205,0.11723215909878744,0.30415929476939046
1206,0.11714411366764231,0.3041545923466776
1207,0.11709136021725218,0.3041305724645453
1208,0.11700644979111412,0.30414724935331955
1209,0.1169143700518911,0.3041633766006077
1210,0.1168322211445055,0.30410281204608614
1211,0.11671142723584312,0.3040683992808554
1212,0.11665592217151384,0.3040901421232683
1213,0.11652983314151175,0.30419046766193947
1214,0.11642195606432616,0.3041672858971317
1215,0.11636665527347353,0.30416767039459025
1216,0.11628711215739129,0.3041316496233511
1217,0.11618059702927114,0.30409251068700005
1218,0.11607848760711924,0.30407154362887395
1219,0.11598104143342702,0.30408540351658014
1220,0.11590282479058261,0.30416940983960633
1221,0.11583112670316356,0.30414426915179477
1222,0.11575142065304102,0.3041388699572105
1223,0.11560188623796015,0.30404800836166757
1224,0.11553428213102575,0.30404885406522986
1225,0.1154416051753622,0.30399599494529017
1226,0.11537113925338029,0.30404330040511734
1227,0.11531193773483066,0.3040587575632834
1228,0.11523531568089793,0.30404598603323574
1229,0.11516255181123645,0.30415971520816637
1230,0.11509025334754068,0.30413945328502484
1231,0.1150209270875604,0.3040338324780701
1232,0.11495304858552069,0.30400853234532127
1233,0.11484359444780698,0.30410323065467826
1234,0.11475613967753505,0.3040541949223093
1235,0.11469808049515715,0.30397322913033487
1236,0.11460798660647989,0.30395587633487603
1237,0.11452286423310945,0.30389086943573534
1238,0.11445843857262762,0.30388991359728584
1239,0.11438633909142318,0.30386881475123956
1240,0.11432690449083986,0.3038547164439075
1241,0.11422813821816181,0.3039064949280923
1242,0.11410463410275862,0.3038476642414401
1243,0.11400854074714652,0.3037549562833328
1244,0.11395219128106186,0.3037175502725554
1245,0.11387975606188522,0.30367788067806567
1246,0.11378932974585972,0.3036026904674442
1247,0.1137338241808318,0.30358650968777035
1248,0.113676431390168,0.30357640870990227
1249,0.11358583193371335,0.3035040762648006
1250,0.11351726707515103,0.3035240696535261
1251,0.11344590275135583,0.3034805655098479
1252,0.1133603984975703,0.3034791197625296
1253,0.11324516813651649,0.3035159445922964
1254,0.11316329526948794,0.3034969802042842
1255,0.11304963217330817,0.30350551210784354
1256,0.11294978950866472,0.30347554775949764
1257,0.11286365806821456,0.3034826295828253
1258,0.11277917436427437,0.30335008860568435
1259,0.11270974599160781,0.30337925796307585
1260,0.11263032373029813,0.30334643535432576
1261,0.1125569614693467,0.30336815665143546
1262,0.11248686512076947,0.30334667675914495
1263,0.11241973244529824,0.3032650353605413
1264,0.11232649720349537,0.30330362390766047
1265,0.11226498822191083,0.30331941214666236
1266,0.11215290627094239,0.30342476649305783
1267,0.11209728580332695,0.3034494924968889
1268,0.11201562648784782,0.3033823202182749
1269,0.11193261360983185,0.30346801758848924
1270,0.11186742914046399,0.30358075631771925
1271,0.11176901562534863,0.3035977859516952
1272,0.11170652684037993,0.303595559316919
1273,0.11164175169063704,0.3036129159205529
1274,0.11157726738689805,0.3036345082036113
1275,0.11145249094517112,0.30365497303885663
1276,0.11134438848815376,0.30367150976323537
1277,0.11125970915513105,0.3037133013981153
1278,0.11115422954207907,0.3037735510216528
1279,0.11107944953272701,0.30368757535950797
1280,0.11099572968998794,0.3036428674197577
1281,0.11094594263821574,0.3036311984762225
1282,0.11085253315976595,0.3036372788310797
1283,0.11078250452807635,0.3036863850658442
1284,0.11072555150968992,0.3036932331475047
1285,0.11064640261641738,0.3036698174764804
1286,0.11057831720697182,0.30368083188314543
1287,0.11049995600075448,0.30372245660968866
1288,0.1103987617236392,0.30368016484481675
1289,0.11031387541221091,0.30363003036821234
1290,0.11021607827768932,0.3036910120032467
1291,0.11012270292792185,0.303613302186877
1292,0.1100704209598742,0.3035968665162603
1293,0.10999208646575519,0.30355734212192825
1294,0.10991718191172449,0.30351405570956597
1295,0.1097970768269998,0.30355007153852914
1296,0.10973628481462883,0.30355143881034974
1297,0.10964388252627488,0.3034865229432459
1298,0.10957653900742094,0.3034375910752074
1299,0.10949745560460383,0.30344742713104683
1300,0.10943040173285233,0.3034320365455788
1301,0.10933822750751977,0.30348830007729183
1302,0.10926477599247035,0.3034851077082413
1303,0.10917573286785191,0.3035282677927364
1304,0.10908362742093433,0.3035946052895825
1305,0.10900424386050643,0.30360769518274977
1306,0.1089234432686136,0.30352807425302525
1307,0.10883397609064818,0.30368432394968614
1308,0.10877286458329229,0.30365674106888063
1309,0.1087000687801593,0.30357942004558797
1310,0.10862460990394977,0.30356757518263106
1311,0.10853576318894867,0.30358587794624314
1312,0.1084860723730716,0.3036100029338889
1313,0.10842959069502814,0.3036854266335344
