0,0.6817059965676096,0.6811326685053058
1,0.6698044018909198,0.6689658764163429
2,0.6596439277347587,0.6580058106789818
3,0.6491966017482371,0.6474189628200181
4,0.6394531699447903,0.6377920864273237
5,0.629992260582845,0.6281370962432481
6,0.6217235599859332,0.6197120236823698
7,0.6130838312110595,0.6112633069505179
8,0.6058240179661666,0.6034811451990816
9,0.5994401754821119,0.5965608798972055
10,0.5920843226288873,0.5891687589654578
11,0.5854713366782515,0.5824930216460221
12,0.5785636309990375,0.5759355480782865
13,0.5719715211182456,0.5690825472897739
14,0.5658476694563586,0.5626050509356967
15,0.5593559960218348,0.5561379572847851
16,0.5530460009562753,0.5499392116819035
17,0.5473669460105753,0.5439260676187604
18,0.5418857160945492,0.5385829638498135
19,0.536201637496361,0.5330228938090611
20,0.53161267644275,0.5289344200829611
21,0.5269300887254322,0.5244475291124292
22,0.5221799031688168,0.5194165566342298
23,0.5181024149596795,0.5155124743260627
24,0.5142236161474735,0.5118851052977479
25,0.5101764180582097,0.5079373263842312
26,0.5067382627676758,0.5045088661445006
27,0.5036708856742022,0.5018137580467531
28,0.5005815230959368,0.4987000860808854
29,0.49698645548456977,0.4950482640938182
30,0.49377614312264295,0.49216174724225586
31,0.490502010659956,0.48896798118719115
32,0.48751747756197344,0.485908512737349
33,0.48486943638795416,0.4831070737244888
34,0.4822607872087665,0.4805482667523214
35,0.47953929304188525,0.47796297440389257
36,0.4769431852305649,0.47507176343028695
37,0.4745349724031661,0.47232957413149324
38,0.47224568756750984,0.47003553874227627
39,0.46973718442661105,0.46791259996325896
40,0.4674854987470453,0.46607268194550483
41,0.46504164248268276,0.4637879181610186
42,0.4630106428375841,0.46206502794067833
43,0.4608630042440814,0.46023974229143816
44,0.4587826349760718,0.4587220290175464
45,0.4567555972637004,0.45666915112643114
46,0.45471671957042514,0.45492083277835554
47,0.4530677791709843,0.45331545402330065
48,0.4511959630101438,0.4516715712533389
49,0.4495689470921316,0.4502460558551515
50,0.4478657534704452,0.44874306436626626
51,0.4467018305707694,0.44773509225284275
52,0.44486334192447935,0.4461708968266223
53,0.44323624895114533,0.4446928976850956
54,0.4415659841204625,0.44310026034762745
55,0.4399197538674011,0.44189069333573455
56,0.4384531715622545,0.44063581316832273
57,0.43618109351593415,0.43864709684585845
58,0.4348865466524005,0.4374328313685922
59,0.4335699292375753,0.4363599925143804
60,0.4322709782612895,0.43511800372412307
61,0.4306536641167091,0.43344950104176394
62,0.4293092701196493,0.43215493896627966
63,0.4279375376241332,0.43112265217426804
64,0.4267797046110889,0.4301463684241944
65,0.42550362193661406,0.42900987444032973
66,0.42418621429030584,0.42778275960641876
67,0.42271649251734317,0.4262547341646832
68,0.42174534087800375,0.4254893919929009
69,0.4205835387721262,0.4244616222161188
70,0.41928619970406794,0.42371774581125526
71,0.4178260344154402,0.4225264082906992
72,0.4168010539945788,0.4217114760316946
73,0.4157212368083823,0.4210626120835707
74,0.41462648821463205,0.4201558776183418
75,0.41371253760393245,0.41938689758759595
76,0.41285137298949637,0.41864470091358874
77,0.4115787217190463,0.4178730363159698
78,0.41061944311180804,0.4170584056124838
79,0.409677343530456,0.41621479305402836
80,0.4087696060527191,0.41568788451304944
81,0.407682562717321,0.41477548896166194
82,0.4068352544066448,0.4143155320606677
83,0.40603012707975267,0.4133975334815962
84,0.4048724095423819,0.41225432755666586
85,0.4038735608072354,0.41128477341387537
86,0.40280556426410613,0.4104547646687675
87,0.40187435083392836,0.4098082654781283
88,0.40091174046839917,0.4091444362918656
89,0.3999108446940968,0.4084972449181746
90,0.39918337757545397,0.4080237668634419
91,0.3984133502501307,0.40762919377584383
92,0.3977632740198426,0.40724848951620884
93,0.396952994336169,0.40660246170203307
94,0.39602557683896866,0.4058761301955707
95,0.39498478917602514,0.40489197434147156
96,0.39443253918368437,0.40434379356613975
97,0.3933503028141348,0.4034348961463751
98,0.3922831650655916,0.4024670214696407
99,0.391742369636934,0.4020283962554092
100,0.39120465267642957,0.4016675633757549
101,0.39014908771287543,0.40080974866055774
102,0.3893783369430218,0.4002012802830904
103,0.38897220042922936,0.3999226914666921
104,0.38805945009651804,0.3991209247375109
105,0.38729556828463435,0.398449588034825
106,0.3867264027657093,0.39817710287788716
107,0.385799317604737,0.3974283868298708
108,0.38543100911880623,0.397107766649852
109,0.384568297288718,0.3962681076719428
110,0.3837241536597919,0.39551106478404274
111,0.3830417575546373,0.3950734487827846
112,0.382351059922664,0.3947588474356909
113,0.3817473465814051,0.3941165444207137
114,0.3811047699053589,0.39360133239546574
115,0.380624308945347,0.3929950486088841
116,0.37992451373447933,0.3925927637779905
117,0.3794145927199484,0.3923327455606823
118,0.37862547699233456,0.3918698839280062
119,0.37797943804425105,0.3914504556227292
120,0.37739012556334184,0.39092048653637296
121,0.37673710126023685,0.39047532653061445
122,0.3760818619570603,0.3902220070327994
123,0.3753613154342579,0.38977030182101297
124,0.37469183739995376,0.38934896124096874
125,0.37412125232988175,0.38897176380674914
126,0.3732930455058036,0.38846218074235334
127,0.372752309093441,0.3880102643880503
128,0.37155667488350597,0.3873628583447748
129,0.3708785434374005,0.3867989221744133
130,0.37024220635155636,0.3861607320826423
131,0.3696682441573537,0.38588649922394913
132,0.3690104531589086,0.38551296134821295
133,0.3682903497153072,0.3850353557967178
134,0.36763987917594587,0.38459596902499726
135,0.3670503302524248,0.3842592058636441
136,0.36652655277502044,0.38374042632376076
137,0.36576141731923173,0.3832198566931421
138,0.3652936522632667,0.3828808887055437
139,0.36442374292440083,0.3820916490012631
140,0.3637919776606033,0.38170724900091785
141,0.36320126864079477,0.3811430855937683
142,0.36264160947436164,0.3809567935407218
143,0.3623433109360828,0.3807259879265364
144,0.3618782828352663,0.38035959747287684
145,0.3610505971928995,0.3799521549902769
146,0.3606033008744529,0.37978376392227925
147,0.36007118842309893,0.37921965839367233
148,0.35947364800719966,0.379065808844455
149,0.3588572600090921,0.37851041082347925
150,0.3582691421668939,0.37797731550460756
151,0.35781887747941254,0.37778366440227523
152,0.3571409980061334,0.37722966687766957
153,0.3564869398873291,0.3766819631057094
154,0.355971974983297,0.3762547662290262
155,0.35555871141469003,0.37602745847581637
156,0.35506255119883573,0.3756602953727158
157,0.3546401142763209,0.3754159209331017
158,0.3542179495118409,0.37510103808639605
159,0.3536815566270026,0.3748356938387493
160,0.35320935231826134,0.3745433855839166
161,0.3527899199593946,0.3742035534806898
162,0.3524365686610996,0.37390985737830107
163,0.35195937117194903,0.3737403361372851
164,0.35140267122552626,0.3734748081916915
165,0.35079207059679596,0.3732076020194858
166,0.3502686172261231,0.37281359931364666
167,0.34973586976587373,0.3724893013338212
168,0.34924600240993003,0.37215821998789905
169,0.34871137217297754,0.37205059605773155
170,0.34817043400658904,0.37172856885060584
171,0.34742399622407066,0.3711715818224734
172,0.34680286436155533,0.3708163759132788
173,0.34645919320096086,0.3705397329987746
174,0.3460095732893516,0.37022153708519573
175,0.34555525973398515,0.3698816837599641
176,0.3450463696211569,0.3696660332317568
177,0.3445861108688051,0.3693844146992801
178,0.3439623899183735,0.36901049543361236
179,0.34363330900299066,0.36880707758792836
180,0.3432628709757213,0.3684719132594055
181,0.3428280437966475,0.36836917897103116
182,0.3423664985765313,0.36807526524621353
183,0.3416844724157378,0.36757217034305806
184,0.3413316187165379,0.36734754024952604
185,0.3408612742314353,0.3670139834139417
186,0.34049010930917295,0.36682371907789907
187,0.3398368663587248,0.3662405906686642
188,0.33934190729043234,0.36574172242374065
189,0.33887643172461857,0.3656238530218199
190,0.3384797987968714,0.36528689834876066
191,0.3380149952315214,0.36498024321872824
192,0.3374502234455075,0.3645186666101977
193,0.33692894614992425,0.3641923402251947
194,0.3362614093114802,0.36364267766396413
195,0.33582011151569474,0.36334884879253554
196,0.33500231241241657,0.362705406957971
197,0.3344991487005241,0.36232002034993405
198,0.33419090853266276,0.3621100966242508
199,0.3338095339605789,0.36174449469106296
200,0.33335517972951967,0.3615862337937675
201,0.33305621759002546,0.36142506495953486
202,0.33270813627776774,0.36119771238501014
203,0.3322716285498882,0.36101881645721806
204,0.33166104803236,0.36057609933051255
205,0.3312612656390131,0.360373152149728
206,0.3308122418996623,0.359989516757023
207,0.33040630196500775,0.35958546208427145
208,0.32988850767940453,0.35934683149345087
209,0.3295762885000204,0.35911795439165506
210,0.32904597878574526,0.3587438365177169
211,0.32866650427175215,0.35850108557765814
212,0.32824395166634623,0.3581473709280121
213,0.32778499985351023,0.3578369851461451
214,0.3273573964131154,0.35762882448144095
215,0.3270611411026698,0.35753274558947956
216,0.32675995585386763,0.3574102971449977
217,0.3265266872226437,0.35728255796985164
218,0.32615852090644576,0.356946915653607
219,0.32581045568314976,0.3567066191417686
220,0.3253427585945373,0.35632073858315577
221,0.32502357685406097,0.35608028107403417
222,0.3247372615987147,0.35600011217915756
223,0.32445725702768763,0.3558058093700132
224,0.3242254640850619,0.35571312339979533
225,0.32397200705204643,0.355543269109775
226,0.32342171287504057,0.3551927976697111
227,0.3228414619763791,0.3550099578125125
228,0.32231891092337595,0.35455319320547035
229,0.32174393974997606,0.3542144236472168
230,0.32139601884999525,0.35386298302047714
231,0.32103675291560146,0.3535937837063817
232,0.32065534469934504,0.35319153824763877
233,0.3202828814129632,0.35288165627251467
234,0.3198487887777405,0.3526952867038923
235,0.3194975659661948,0.35247868519451847
236,0.3189434062422195,0.35223487927995917
237,0.3185596606639351,0.35212766672800444
238,0.3180998350961468,0.3518621275518168
239,0.31774464849061634,0.3516853761607224
240,0.31725572950644026,0.3514365720102307
241,0.3168120152835725,0.3512029810644757
242,0.31646374861522675,0.35093416148616424
243,0.3161171360830826,0.35064988510865686
244,0.31569342635274084,0.3503155668623781
245,0.31516940894332923,0.350002504384352
246,0.3147682321702158,0.3498004759325828
247,0.3144084270187842,0.34961336998956355
248,0.31405565399063234,0.349441063156745
249,0.31360281071770657,0.3491678769367059
250,0.3133706625709174,0.3488965360615341
251,0.3128757386852027,0.3484351963731828
252,0.3123429313668371,0.34815075356646735
253,0.31186405972464076,0.3480185444578472
254,0.31148162562615644,0.34769040258567757
255,0.31105814107097285,0.34736623703934194
256,0.31060224239394596,0.34701726030872215
257,0.31029228966378797,0.3467642736505015
258,0.30988606684019054,0.3464276309025227
259,0.30944765125858537,0.3459705912519021
260,0.30919461682723776,0.34586737164913905
261,0.30881563026984393,0.34554207965196526
262,0.30848826392134454,0.3452881900833295
263,0.30814565200500166,0.34508277625738853
264,0.30794939021333617,0.34507823447999114
265,0.30749614331024827,0.34483891539917794
266,0.30714101439260033,0.3445533886750043
267,0.3068356712313837,0.3444538687768455
268,0.306502878192284,0.3442250282078653
269,0.3060262257204122,0.3439321571490747
270,0.3055896054752595,0.3435952361348757
271,0.30525164892663426,0.34339068395025446
272,0.3048026998762549,0.34300253011681897
273,0.3044459883180066,0.3428716532372152
274,0.30413119265310573,0.3426211821442441
275,0.3037925824441565,0.3424716030472554
276,0.30337940964793225,0.342412534431044
277,0.30305340419876564,0.342377845012221
278,0.3027374265909284,0.34224526456750615
279,0.3023892587005929,0.3420118695658798
280,0.301957180824844,0.34192466564358914
281,0.3014450556614099,0.34161248317361675
282,0.30111554860587686,0.34129463438199814
283,0.30073139292003204,0.34100671988938214
284,0.3003066379418733,0.34082500610640276
285,0.29990503045785566,0.34041284396511723
286,0.29942336937526864,0.3401981846918307
287,0.29897142282698924,0.33972716461839864
288,0.29867343762383025,0.33947543727646656
289,0.29832768991593245,0.33919279952991893
290,0.2980098610747118,0.3389045165084774
291,0.2977451815246529,0.33869197476800234
292,0.2974442263335722,0.3385172944885119
293,0.2970737979160162,0.33837696195042954
294,0.29677471481513407,0.33829854032869633
295,0.296461285141197,0.3380101317089255
296,0.29599792330250835,0.3377439731188648
297,0.29548573235675657,0.33743732198792264
298,0.29506201478545113,0.3372633231139183
299,0.29477136902953305,0.33726129296049845
300,0.2945185577437219,0.33710944875713944
301,0.2942198133047532,0.3369612173405424
302,0.29391245660701637,0.336873967761949
303,0.29365296875176844,0.33668246034890276
304,0.2932533712186676,0.33640823095276845
305,0.29292543046500213,0.33614251727532174
306,0.2926121670442863,0.3358600344019534
307,0.29242229632069344,0.33568503922227333
308,0.2919503797427549,0.33538374119920794
309,0.2915197456033999,0.3352026408201454
310,0.2911662302905731,0.33512947326734854
311,0.2908238611536284,0.3348736329263204
312,0.2905039343254898,0.3347082049624908
313,0.2901080889377104,0.33449051610066866
314,0.2898252544929705,0.3341590946135664
315,0.289366948654908,0.333826906555136
316,0.288930678949674,0.33350864347557635
317,0.2886495734244652,0.33331824105480523
318,0.288316765493455,0.33317565846714964
319,0.2879908857161749,0.33301225078299196
320,0.2875704409701226,0.3326004736548872
321,0.2871360331736755,0.3323739760321538
322,0.286850244256427,0.33240945382454473
323,0.286530858212409,0.3323397339350766
324,0.2862044019836896,0.33211579479821934
325,0.2857567038075309,0.33174811325450465
326,0.28543676208378155,0.33148359687955
327,0.28500754212086865,0.33139576618349575
328,0.28468692442575694,0.331255839255913
329,0.2842097716067872,0.33107509885881775
330,0.2835171837512305,0.3305945630135163
331,0.28312132086652014,0.33034566992960296
332,0.2827515238611551,0.3301608417120644
333,0.282528354465103,0.3299684961084713
334,0.2822869094794046,0.3297737669412101
335,0.2818384236693826,0.3293739055224781
336,0.28145815568058197,0.32915740112713215
337,0.28116156846499485,0.32898263821110046
338,0.28082866304368337,0.3286960918646075
339,0.28039527542913173,0.32841636688740034
340,0.2801684186228872,0.3282682842965555
341,0.27987024951971345,0.3281681833930717
342,0.27950908390373574,0.3282220370872023
343,0.2791748154683625,0.32802622870627257
344,0.2789319062076818,0.3279140027916074
345,0.2785995290282793,0.3276849570895919
346,0.27828767244628444,0.3274362125363331
347,0.27783826258110295,0.3271917800692318
348,0.2775495372433239,0.3270004407498287
349,0.27723310443775984,0.32684864009256676
350,0.2769176218837226,0.3265508616016998
351,0.2766830142109158,0.32641915106392816
352,0.27637020063912393,0.3261535580735564
353,0.2760538406890262,0.3259796807576562
354,0.2755437233562294,0.3257390964315307
355,0.2753242849193556,0.32575808889158636
356,0.2749431410479226,0.3256341168183586
357,0.27458111504437405,0.3252354095835065
358,0.2743010542304367,0.3250253993722548
359,0.27394189763104676,0.32482797801423063
360,0.273486590976377,0.32470111197980295
361,0.2731345445935265,0.32451528595942086
362,0.27283502965869516,0.32437556328773887
363,0.2724585282852906,0.324297335538167
364,0.27212411721579516,0.32388451162023935
365,0.2717189151235896,0.32365087771527856
366,0.2712881878769543,0.32330289893874514
367,0.27094264118486994,0.32308429749990347
368,0.2705841036312243,0.3227753058439239
369,0.2701992338459901,0.32242435900092764
370,0.26992133480126906,0.32220233958097805
371,0.2695963106122537,0.32198740554927596
372,0.26933172655247684,0.32186286309164264
373,0.26897008929088034,0.3216924386173272
374,0.26867913501580004,0.3215661212999777
375,0.2683569510613744,0.3214852247401222
376,0.2680019681173813,0.32143755308108674
377,0.2676180887986775,0.32146705861676733
378,0.26731292777797677,0.3212494121084329
379,0.26704454181846743,0.3210977135582292
380,0.26670967672054424,0.32095252143869024
381,0.26627831457602286,0.32070758140805294
382,0.26595588561831085,0.3205341023508348
383,0.2655394313269997,0.3204728240541531
384,0.26518151249162075,0.3202852390410328
385,0.264710690464472,0.3199876790899603
386,0.2642373019167499,0.31979698757159924
387,0.26393200213985524,0.31966222532385946
388,0.2636438695570953,0.31958734187926696
389,0.26328571062134487,0.31936644098496797
390,0.26291717597227227,0.31922362516419567
391,0.262486451704389,0.31897817831069036
392,0.262177653027907,0.31889351817965095
393,0.26174808198667976,0.3186404173977578
394,0.2613885359644801,0.31846644830650017
395,0.26100505353581793,0.3181199072363021
396,0.2605706504831724,0.31785961286596925
397,0.26024652928528375,0.3178886895301883
398,0.2598486752305961,0.31783239072461944
399,0.25954295128310084,0.3177444805871823
400,0.2591284498635255,0.3175714495048349
401,0.2588187603514456,0.3174268825416888
402,0.25854032056330745,0.317444220206024
403,0.2581958424920683,0.31729079730308984
404,0.2579392259003863,0.31719536593928555
405,0.2576592381602338,0.3171109309148692
406,0.2574052026165547,0.3169666142939831
407,0.25702417935683,0.31651685020111175
408,0.25667318389067617,0.3163566209156954
409,0.25632690645149336,0.3161443631193529
410,0.2560253775305537,0.3160009658260559
411,0.2557014104988133,0.31591109367658043
412,0.2552637527302474,0.31568299151267565
413,0.2550116728113371,0.3156652306578467
414,0.2546819556890246,0.31554908940796794
415,0.2543473914284134,0.31550265720342624
416,0.2541212306788313,0.31544403305472396
417,0.25377678091683814,0.3152987554678839
418,0.2534885570232999,0.3151780121718455
419,0.25320923442369303,0.31510746175636223
420,0.25278312388760354,0.3150896796381344
421,0.2524177264528562,0.31489948686420866
422,0.25207011162798076,0.3147321266296556
423,0.2518302782729864,0.31470180425954036
424,0.2514991405504881,0.31463954152765455
425,0.25117303992556617,0.3144544326986819
426,0.25085760593998957,0.3142883485799767
427,0.25048962593826074,0.3141141664681826
428,0.2501520737154566,0.31405996415455845
429,0.24975326261546732,0.31392597213437934
430,0.24955418933694523,0.31383942432887185
431,0.24929180012903468,0.3135478537939738
432,0.24896618460962072,0.31351944798931686
433,0.24864051859018257,0.31337028167912734
434,0.24829541219466372,0.3132051829440955
435,0.24798002095140473,0.3133152645577951
436,0.24765577446461198,0.31321500016492737
437,0.24732211367246795,0.3131830889848735
438,0.24694634532925508,0.31278318509185327
439,0.24663941605839446,0.3127061788216342
440,0.24627739812707913,0.31243547641816977
441,0.2459251644417758,0.3122228563823711
442,0.24567538493726637,0.31201640515324713
443,0.24545760098072325,0.3118581147596751
444,0.24510958599842952,0.31188308848094665
445,0.2447625093600547,0.31164024277890084
446,0.24441750953355557,0.31135723427289563
447,0.24421533176072752,0.31136318657842366
448,0.24388215114157402,0.31129892390509495
449,0.24364819317530662,0.3111665606478592
450,0.24321712253775762,0.31106089864649294
451,0.24297843185612603,0.31109358187554204
452,0.24263076429808736,0.31091244341113083
453,0.24238179484948882,0.31084331892253264
454,0.2421273106150838,0.31090941876022443
455,0.24176222410285209,0.31078842972399123
456,0.24135038039991866,0.3106010302724475
457,0.24103550498586807,0.3105365236242435
458,0.2407006869633292,0.31039060857409173
459,0.2403675081129254,0.31029164843034207
460,0.24013834480711507,0.310224166150073
461,0.23991741838180192,0.3100817410170656
462,0.23958960115199116,0.3097742316077731
463,0.2392657631057677,0.30972481263412904
464,0.2390398556870268,0.30966753807713937
465,0.2387470576346942,0.3095184732284917
466,0.23827857528226914,0.3094210382604891
467,0.23790700852996752,0.3092050163466244
468,0.23767264907786945,0.3090808395038922
469,0.23744926707107256,0.309027537367693
470,0.23718918014067056,0.3088069737929339
471,0.23682818495186736,0.30880354799938636
472,0.23650575681007438,0.30852563794039917
473,0.23612875685092086,0.3083865992435328
474,0.23587044373779992,0.3082492043654028
475,0.235589949502479,0.30818488090324014
476,0.23527069338385745,0.30800907875223027
477,0.23501403054751147,0.30782704094906144
478,0.23469831001153205,0.30760359193718
479,0.2344017742599007,0.30757580811093654
480,0.2341271965792909,0.3074918070662178
481,0.23387272561605912,0.30748882183650594
482,0.23370928413516567,0.30744632893487156
483,0.23339826487483947,0.30725723570624297
484,0.23314344948275614,0.30702422931806034
485,0.23290759558702243,0.3068807081434202
486,0.23255251121744494,0.30685548604127055
487,0.23235299695224895,0.3067407029966959
488,0.23213838846571902,0.30677267243301215
489,0.23183297531122837,0.3066722129534453
490,0.2315629018405427,0.3065068181216847
491,0.23125267943340996,0.3064110834757322
492,0.23097657660211557,0.306273721425815
493,0.23069670406936385,0.30603950741958413
494,0.23042465074610882,0.30600976296317023
495,0.23018520228289066,0.30586531988647586
496,0.22996061737088314,0.305847117493931
497,0.22972805373812835,0.30572617460360196
498,0.22940918836887877,0.30560839551370766
499,0.22905633418730834,0.30571992402847553
500,0.22871685062859115,0.3055313974692654
501,0.22841197921290182,0.3053493678317291
502,0.2282311138212459,0.30527459873645596
503,0.22796504079059657,0.3052870698961768
504,0.22769032165811467,0.3051703479370848
505,0.22742333014127722,0.3050121080109816
506,0.22718753763373922,0.30496175159570144
507,0.22701166133364645,0.30491477114565463
508,0.22671504913724502,0.3048212863021685
509,0.2263864270393624,0.3046754291401419
510,0.22611401248043336,0.3044820920252464
511,0.22584212703668718,0.3042773305485525
512,0.22559639767852113,0.3041206239388051
513,0.22533012331383145,0.30399153024370706
514,0.2250171346339689,0.3037505694450043
515,0.22470628188218555,0.3036355046786847
516,0.22431043129361591,0.303416196516009
517,0.22404488611449253,0.3034914689738222
518,0.22385722387286963,0.3035147328362788
519,0.22355136363913944,0.30327796857102934
520,0.2233079915192336,0.30322985897371296
521,0.22309069787268904,0.30309909265528323
522,0.22272867396351775,0.30293646703112453
523,0.22251928998802625,0.30289387634449416
524,0.22226937502060157,0.3028237094820157
525,0.22196716403573388,0.3026204604470394
526,0.221731427946871,0.30265814643357447
527,0.22153293144356562,0.30261426988157336
528,0.22121103076476567,0.30235652241504285
529,0.22100508850792192,0.3023668554299756
530,0.22074356677368198,0.3023177932051249
531,0.22050857717675015,0.3021328187981565
532,0.22023634100436928,0.30203027337350297
533,0.22007641048053372,0.301990089426031
534,0.2198096497503794,0.3017604574121141
535,0.2195241193296094,0.3016029147747
536,0.21931582585121462,0.3015840955195438
537,0.2191460114097311,0.3015773082104793
538,0.2187557177220825,0.3012635445074853
539,0.21847698255089396,0.30112003362167106
540,0.21823299345371888,0.3010219369905399
541,0.21795557585859643,0.30096781254220145
542,0.2177051146194868,0.3008344594950739
543,0.21753750283568024,0.3008312556046177
544,0.21728240108191005,0.3006358849940063
545,0.2170026264760966,0.3003652550851354
546,0.21679760902927625,0.30027615546098896
547,0.21655328140154884,0.3003583198347794
548,0.21627907158017365,0.3003831367863447
549,0.21602709374365334,0.3002458459213555
550,0.21584896257816488,0.3001389434521748
551,0.2156489833445652,0.30006639668678825
552,0.2154256182981538,0.3000963938816745
553,0.2151562057737088,0.300092315917624
554,0.21494767644660243,0.29994488238632916
555,0.21467814526976503,0.2997453086153289
556,0.21440650746022794,0.29966643979260726
557,0.21420325903508278,0.29949791237839524
558,0.21388801151198786,0.29952953928992293
559,0.2136003254386193,0.29941679902813145
560,0.21332491731707323,0.2993715041904815
561,0.21312514617983627,0.2992056228536709
562,0.21289551154293374,0.298958086802157
563,0.21270889402738363,0.298903655863191
564,0.21243530534242974,0.2987626017003598
565,0.2122144522073697,0.29861900411885134
566,0.21204420092541318,0.29861778072140377
567,0.21180267907125885,0.29855527985092434
568,0.2115584720459889,0.29836145456849233
569,0.21131956943817046,0.2981979159746157
570,0.21112657985750605,0.2980832451981206
571,0.2108922279836494,0.2979389219787518
572,0.21063576962290967,0.2978504205756499
573,0.210403750361729,0.297862713229122
574,0.21020484098117878,0.2978224095530036
575,0.20996238527158545,0.2978037648941456
576,0.2097956274849089,0.2976336828971226
577,0.2094894410130668,0.2974223988073036
578,0.20927593366758446,0.2974338499022812
579,0.20905561596229172,0.29731782453103145
580,0.20880923297525428,0.29719847990582704
581,0.20858943368568886,0.2970917513331654
582,0.20840563530924305,0.29704227815599943
583,0.20821060883568154,0.2969481665475463
584,0.2080367187600974,0.2967629229815725
585,0.20786500683686618,0.2967722476779744
586,0.2075586563097889,0.29666159748781845
587,0.20735635192149443,0.2966685134144744
588,0.20715291444734868,0.29654208245643193
589,0.2069095759799411,0.2965100721540052
590,0.20669256524084104,0.2965515833550496
591,0.20643594320599837,0.2964531363345351
592,0.20624765628675448,0.2963886044066919
593,0.206081999824291,0.2963498038006914
594,0.20587788759618592,0.2962423547509462
595,0.20562950786464942,0.2960937095450458
596,0.2053632240789624,0.2960795207774177
597,0.2051602095561641,0.29614079721804193
598,0.20492708917798788,0.29606384714536094
599,0.2047635469949213,0.2960480563300096
600,0.20456928554630943,0.29576442466745484
601,0.20438362038776423,0.2956015453586855
602,0.2041974213730099,0.29557493897083514
603,0.2039322508052676,0.29560688407820335
604,0.2036342866291383,0.29560105703693274
605,0.20342733191757809,0.29561183692004694
606,0.20326304953496302,0.29552122596717834
607,0.2029805533488024,0.2954240050171579
608,0.20275548910285038,0.29538592892780513
609,0.20256509129739678,0.295449652306619
610,0.20232448281837304,0.29535676071460326
611,0.20213640428504134,0.29535026129302816
612,0.20191915826985313,0.2951601148493421
613,0.20171457512046553,0.2950044306921757
614,0.20142843895287676,0.2949336005425262
615,0.20110015367137637,0.29477924361091806
616,0.20097731667063595,0.29473952420671745
617,0.20075214015440665,0.2946536302780086
618,0.20058408589917553,0.2946130844462156
619,0.2003760788777507,0.29464080812202614
620,0.2001482742020561,0.29462026282454
621,0.19997538433315176,0.29464688979200376
622,0.19973531842179945,0.2943072236306086
623,0.1995489636728892,0.2941894281790349
624,0.19931651255833266,0.2940205194862695
625,0.1991136915064092,0.293964754934909
626,0.19889915614454332,0.29397657126540533
627,0.19867709487387997,0.29394182014223647
628,0.1984382965307112,0.29386735506746287
629,0.1981583749049794,0.29376618263079485
630,0.1979415894566723,0.29364550876959605
631,0.19768503746968333,0.2934973863048493
632,0.19756747142908768,0.2934777936578753
633,0.1973807568728243,0.293513497005773
634,0.19715470417701253,0.2934465657843176
635,0.19696583717817226,0.29347056385561215
636,0.1967500446978073,0.29348972631635184
637,0.1965271934593082,0.29355866029062916
638,0.1963293500890322,0.2934567328393594
639,0.196121628800241,0.29334756235776605
640,0.19593064286053433,0.2932866492474077
641,0.19570473411060577,0.2931492298333881
642,0.1955737932519268,0.2931152814223361
643,0.19539870029980946,0.2929792644728583
644,0.1952656323549497,0.2930052349994812
645,0.1950660540280817,0.2928443268286679
646,0.19490480398181534,0.29272245255548474
647,0.19470342358762524,0.2927917103115281
648,0.19458492103106542,0.2926534512588778
649,0.19443263172426176,0.2924481646377845
650,0.1942134034827533,0.292331187225317
651,0.1939732503004396,0.29221589146528015
652,0.19377671275773534,0.29207205085807963
653,0.19360353782410386,0.2920859937081796
654,0.19339939950139018,0.29208924021399835
655,0.19323562589056117,0.2919525775168692
656,0.19296123486114905,0.29184044137042187
657,0.19276098019473747,0.29179764917266326
658,0.1925452850908892,0.2918172251788617
659,0.19234844244348667,0.29172814919894824
660,0.1922058639971589,0.29165272609589116
661,0.19197279238911044,0.29166998484502893
662,0.19171284150072265,0.2915228358736995
663,0.1915450985371134,0.29147212252468696
664,0.1913527718379535,0.29147010604261997
665,0.19114381809417563,0.2914242860626871
666,0.19093482603365475,0.29134612107703034
667,0.19077384309264547,0.29135393306558033
668,0.19059615043092076,0.291202889528122
669,0.19042361053948756,0.29116644180689744
670,0.19019082104609153,0.2910407139451336
671,0.19002176325389875,0.29105178986196406
672,0.1898289872183082,0.29097829356198934
673,0.18963511244594858,0.29098175384623737
674,0.18949280521777595,0.2909505509969433
675,0.18930286667576818,0.29076457928492844
676,0.18911481365794605,0.29067310819862513
677,0.18898601693649106,0.29060164052491905
678,0.1887179318438963,0.29046219029936005
679,0.18855860477731073,0.29046225375238505
680,0.18838289186269644,0.2903680960913271
681,0.1882293346944594,0.2903309098068704
682,0.188108353695881,0.29033342833658266
683,0.18795273073530092,0.2902170945059989
684,0.18774903256021513,0.29017418342055806
685,0.18755650636052001,0.29012755090106823
686,0.18732775323442616,0.29004514020793665
687,0.18715483190360896,0.28997706117444233
688,0.18690728961122607,0.2898476299247616
689,0.18676774108216726,0.28978851796620414
690,0.1865830141075024,0.28973232302332586
691,0.18639655132147318,0.2896628260740466
692,0.18627705495329983,0.28957566854828143
693,0.186097860268773,0.2896230167905857
694,0.18591318357118844,0.2896210788285895
695,0.18572134607470833,0.2894646694423966
696,0.1855175371159461,0.2892958592610211
697,0.18538659663192386,0.2892984645378371
698,0.18524394142722445,0.28931255041181764
699,0.1851100104176172,0.28925186432928673
700,0.184948627370069,0.28920501230643747
701,0.1847915821034588,0.2891132847140646
702,0.18465506391813005,0.2891259041683569
703,0.18449257981371636,0.2891831559679191
704,0.1842768831067074,0.28901145287936414
705,0.18410591402412319,0.28895839048749744
706,0.1839743686832075,0.28899129340381036
707,0.1837741528349314,0.2888998216872354
708,0.18364088820732496,0.28886268092783823
709,0.18343063483585015,0.2887296803182712
710,0.18325299718113108,0.2886946853518249
711,0.18302543138100427,0.28863796931563557
712,0.1827651353422039,0.28855104700571743
713,0.18257262364403615,0.2885128352491842
714,0.18244581497411944,0.28850214266816926
715,0.1822696579340406,0.2885162467586248
716,0.182079632186752,0.2884126563684136
717,0.18193171502199457,0.28847691643323026
718,0.18180414684059484,0.28844741823734693
719,0.18161786421171364,0.28830408483606795
720,0.18144465924356515,0.2883339136766913
721,0.18131098357591938,0.28827158526975216
722,0.1811788081049712,0.2881493615142902
723,0.18104071515978404,0.28814270965344585
724,0.1809306463339073,0.28801121389069384
725,0.1807189297540655,0.28808041339383006
726,0.1804566878861504,0.2879694700085772
727,0.18028548583832366,0.2878948616495991
728,0.1800776580378676,0.2878948000285825
729,0.17993257089668568,0.287841867427739
730,0.1797388240534036,0.2877282483204608
731,0.17957978988140785,0.28763924859359974
732,0.17945257672008108,0.2875756684518389
733,0.1792668906122128,0.2876053231790909
734,0.17913070627191477,0.28760118667233864
735,0.17896106559528824,0.2875992741705612
736,0.1787819154653074,0.2875950384309742
737,0.17863194648058947,0.2875553386176589
738,0.17843372758310488,0.28746105162525787
739,0.17827291900455317,0.28744496636465305
740,0.17811724760687347,0.28747398598265106
741,0.17793123353284704,0.2874287207853871
742,0.17779804381068037,0.2873778091965816
743,0.17761065300368095,0.2873421048467081
744,0.1774394096085547,0.28727713223731943
745,0.17728224128987968,0.28716128104818844
746,0.17710304342215843,0.2870889647366595
747,0.17691738896861928,0.28700499850339795
748,0.17673019887493271,0.2869363972333364
749,0.17653862255488284,0.2868132783164215
750,0.1763314379632162,0.28669978677562336
751,0.17609717815870204,0.2866526386671338
752,0.1759357573235556,0.28657136240393744
753,0.1758168337684886,0.2864872483251185
754,0.17559499553235228,0.2863233823738478
755,0.17543703418475745,0.2863133003364308
756,0.17525943520293658,0.28621865586180895
757,0.17506689270521206,0.28615788615547255
758,0.17484828140211958,0.28613511799885916
759,0.17473320788230912,0.2860776788041516
760,0.17458586159446915,0.28597798405715
761,0.17443700230869816,0.2859359213699389
762,0.17425890132111385,0.28589527429507666
763,0.17409713692021395,0.28582914101551854
764,0.17392568419374543,0.2858364027927502
765,0.17375451537288092,0.28578640446805437
766,0.1736091254526476,0.28568585381972367
767,0.17347737742985245,0.2856558360004271
768,0.1733157607260282,0.28566234853500333
769,0.173160851172879,0.28548564761210676
770,0.17300522463779636,0.2853354362072301
771,0.17287037775997255,0.28529414814679227
772,0.17271052337563123,0.2853160873423014
773,0.17255898981339174,0.28527115358890487
774,0.17240739953275172,0.2852458508463008
775,0.17224360265805375,0.2851695812179936
776,0.17206315833336075,0.28512155819390145
777,0.17190435813586796,0.2850756266975447
778,0.17174442951306831,0.2850356469969881
779,0.1715825180247193,0.2850608095422852
780,0.17150409529478225,0.28504443274415403
781,0.17138029158352208,0.28499226979311665
782,0.17129048528133536,0.285008578768166
783,0.17114596465162643,0.28500533572458747
784,0.1709794520671281,0.2848415541746846
785,0.1709028822819693,0.2848322297681289
786,0.17077736070031324,0.28487540862819594
787,0.17064248176852645,0.28474149713700925
788,0.17049961248683312,0.28474574505951517
789,0.17031596029681012,0.2847058853511238
790,0.1701281120173165,0.28463240939912693
791,0.16990419999246031,0.2845043055723285
792,0.16978164093611936,0.28448014486108664
793,0.16959785854780174,0.28442746132748276
794,0.1694883462296013,0.28445445157708893
795,0.16936331005595387,0.28444110274432666
796,0.16920946619855223,0.2843778891760565
797,0.16904785878528933,0.2843073791007059
798,0.16886408887350265,0.2843339959012324
799,0.16875370973936227,0.28433682186117826
800,0.16858210165339454,0.28416415842233783
801,0.1684701163825901,0.2841600374069753
802,0.16836732312359762,0.2841737724783605
803,0.16816186462442279,0.2841636495246768
804,0.16803398208846695,0.28418842223594487
805,0.16791585996018055,0.2841192921986095
806,0.1678018963946386,0.2841405088295488
807,0.16763807612563558,0.28407892680336466
808,0.1675273610483869,0.2841016794942205
809,0.1673485865020444,0.2840562011255887
810,0.16725751324500107,0.284059971658445
811,0.167142604491811,0.2839902692168586
812,0.1670229946572342,0.28399971663812845
813,0.16693026627415547,0.28401594989659734
814,0.16681012655288047,0.28398553891250755
815,0.16665778346387483,0.2839670533643699
816,0.16654584777171658,0.28389229601330435
817,0.16641646996418002,0.2838454005956246
818,0.1662048957964416,0.2839307091444695
819,0.16611546237203925,0.283940461259659
820,0.16598235432133504,0.2838525542370439
821,0.16582242886137807,0.2838667567729262
822,0.16562352482315504,0.283843553297464
823,0.1655162182477677,0.2839467242054794
824,0.1653704014251775,0.28391254294062906
825,0.1652360896496433,0.2837984372584658
826,0.16512547591287177,0.2836435435226965
827,0.164964378725618,0.2835358838610399
828,0.16483938078360638,0.2834863013308848
829,0.16466128048335527,0.28343869524340365
830,0.164534028326278,0.28355245044108895
831,0.16433688206540345,0.2833574346894631
832,0.16421152800525096,0.28334787864393884
833,0.1641046495070699,0.2832871638228809
834,0.16399855285268697,0.28330591946973355
835,0.16391240393820164,0.283333185597668
836,0.16380108975157093,0.2832989667757723
837,0.16364540582278067,0.28321175071499083
838,0.16342888796262153,0.2831434541449657
839,0.1632481384138952,0.28314858334010246
840,0.16310377672188833,0.2831574640333886
841,0.1629040699478989,0.28297313403888674
842,0.1627657575103095,0.28292140570028435
843,0.16264428212583762,0.28278425008864244
844,0.16252968655142916,0.28275619265574536
845,0.16235231112957976,0.282733445422284
846,0.16223712892047015,0.2827189842357852
847,0.162051175225379,0.28249519022026487
848,0.16195866691287647,0.28239477448153966
849,0.16182256353543092,0.2823091167141488
850,0.16170529456800375,0.2822778236935998
851,0.16154565822924222,0.2822233068462765
852,0.16138229082769368,0.2821704239676214
853,0.1612485334645334,0.2821136789203555
854,0.16107694926501237,0.2820785487443576
855,0.1609632422865873,0.28204557166471356
856,0.16071814281330796,0.2820719357956735
857,0.16056762567529584,0.28210883362255207
858,0.16044339089142587,0.28209011900680103
859,0.16026018186201077,0.28185114206625067
860,0.16011984618753008,0.2817640063434145
861,0.15998769704338514,0.28178779891217215
862,0.15985707285565834,0.28179305943229727
863,0.15972089073554824,0.2816915477204148
864,0.15956154618128257,0.2816800448266476
865,0.1593927677386832,0.2816689566800478
866,0.1592654050921044,0.28156432069390186
867,0.1591225485413386,0.2815595634735017
868,0.1589883902927235,0.28150932912974364
869,0.15890757445739048,0.2815064860268778
870,0.1587674140436184,0.28134417424027475
871,0.15860902196199242,0.2813500017972413
872,0.15850319256087908,0.2813276451292963
873,0.15828876787168025,0.2812954873456404
874,0.15818860902568233,0.2811855062046371
875,0.15805264152651216,0.2812951465804657
876,0.1579827208674173,0.28133565583283393
877,0.1578410184036303,0.2813695674482987
878,0.15772212233448965,0.2813545833005223
879,0.15759665884220012,0.2812880710259657
880,0.15743063570090196,0.28122047839756376
881,0.1572946580610235,0.2811802408980711
882,0.15712007206568862,0.2811515488942112
883,0.15698184107384255,0.28106222643290646
884,0.15687977282738816,0.2810314744654385
885,0.15673214936018848,0.2809677700613691
886,0.1566457650891332,0.2809019758362896
887,0.15656240321076,0.2808525487797306
888,0.15648282009961145,0.2807975682029214
889,0.1563633693331727,0.2807761532257642
890,0.15624802494488668,0.2807426751999536
891,0.15614334690824672,0.280829664915399
892,0.15601984466520202,0.2808060108367579
893,0.1558938176966214,0.2807271296690913
894,0.15581868694475842,0.28068187368300224
895,0.15571506429849383,0.2806638338423478
896,0.15560533827518097,0.2806119794830254
897,0.15545699000728613,0.28063784500146316
898,0.15531967324811827,0.28056682669609345
899,0.1551511517339896,0.2804946978272476
900,0.15501399579783334,0.28046130467994596
901,0.1549012326545919,0.28041748484404955
902,0.15475730002222446,0.28037124127758245
903,0.15459521283005437,0.28034100003375684
904,0.1544291145196691,0.28026314469731817
905,0.15425775736673966,0.2801436766470406
906,0.1541134041947039,0.2801881174429323
907,0.1540069198696096,0.2801495358235781
908,0.15387564851838365,0.2801661524772222
909,0.15372301793262003,0.2802981092279821
910,0.15360988627518854,0.2803030710007155
911,0.15349360400182246,0.2802104765142081
912,0.15339486417042608,0.28024409433629177
913,0.15320194119632408,0.2801183940509971
914,0.15299659349747707,0.2800616958411595
915,0.15287073284317282,0.2800088654172091
916,0.15273622301115064,0.27998853407751295
917,0.15263115554985082,0.28001070474903916
918,0.15251196653431598,0.2799590380241743
919,0.15239461756704284,0.2799690163383053
920,0.15222014148303556,0.27997026760570787
921,0.15206407192703184,0.27986857933674525
922,0.15196734687638602,0.27981226705119105
923,0.15185156935071542,0.27984552184260914
924,0.15171627562029621,0.2798266615381646
925,0.15160417956951566,0.2798296928099597
926,0.15147347208033846,0.2798006630293512
927,0.15134304219698208,0.2797110666447838
928,0.15116991351078987,0.2795948268016356
929,0.15106333551504253,0.2795405448230448
930,0.15093875979079127,0.2795246675833689
931,0.15081105445728338,0.2794468182094314
932,0.15072465717685202,0.27937947894702425
933,0.15063500024243237,0.27942151182732244
934,0.15050066233713663,0.27946445116781304
935,0.15037346081699512,0.27933503965361056
936,0.15024434403602616,0.2792981359611976
937,0.15005668928846255,0.2791926447078608
938,0.14999128874878834,0.279140436902534
939,0.14988659647981878,0.2791199404661018
940,0.1497620033631705,0.27905711462999055
941,0.14959342593638453,0.2790887727966633
942,0.1494540677098074,0.2790328312590849
943,0.14932715255597817,0.2788845938649186
944,0.14920355222133125,0.27878882025788293
945,0.14903847195591055,0.27864186938982505
946,0.1489352696356212,0.2786079716855448
947,0.14880328585384708,0.2785300910585474
948,0.14871314226071297,0.2785630466034429
949,0.1485838869215168,0.2786488328111447
950,0.1485133211146684,0.2786068543923405
951,0.14840227755969324,0.27849354596678394
952,0.14832839570330839,0.2784754721599023
953,0.1482249860128428,0.2784641815103824
954,0.14812417816521514,0.2784215169511348
955,0.14795172957900976,0.2784929389682319
956,0.1478478357451176,0.2784737952173269
957,0.14771004378895533,0.2783791445004757
958,0.14762884993240263,0.27838332578013353
959,0.1475483647487301,0.2784099402488263
960,0.1474272248975568,0.2784246940719982
961,0.1472971854305442,0.27825666232609836
962,0.14719199006976932,0.27823537228050693
963,0.14706934799412685,0.2782001521517285
964,0.14689985099788602,0.2781809420365392
965,0.14676132604761014,0.27806815643382266
966,0.1466422129606517,0.27801278835799603
967,0.14654801054949024,0.27797269625553545
968,0.14644504715934828,0.2779364985073849
969,0.14635647900137974,0.27784986761134217
970,0.14625559586995523,0.2778485087762229
971,0.14609800852596508,0.27779587992354926
972,0.14597505465453306,0.27782786603957577
973,0.14584157471495318,0.2777829341192075
974,0.14570067532088582,0.2778052126393532
975,0.14551854407521642,0.27770612478173495
976,0.14541330155950047,0.2776812753687641
977,0.14532854497388306,0.27768573253429374
978,0.1451844358152999,0.2776914091466755
979,0.14505463620258793,0.27769411563401486
980,0.14492459800478275,0.2777024698102391
981,0.14483900300960462,0.2776052001939824
982,0.14473945946555916,0.2775339697875865
983,0.14461080260854192,0.2774939908626599
984,0.1445061039528318,0.2774663930893234
985,0.14433973738731715,0.2775507321799182
986,0.14424592823434002,0.2774613560073933
987,0.14413911141390418,0.27750200390251706
988,0.1440155820623651,0.2774362659799057
989,0.1439016062358354,0.2773651457265336
990,0.14381082295383477,0.2772428393798467
991,0.14371019713293834,0.27718375913199095
992,0.14363881194631486,0.2771551149323629
993,0.14343922593944683,0.27707785157275755
994,0.14332643433524653,0.27710662092890853
995,0.14325160786291197,0.277147005741694
996,0.1431530467473916,0.2771183789156801
997,0.14306224061873227,0.2770857944395172
998,0.14296959050560312,0.277098776476205
999,0.14288685284601213,0.2770559322186562
1000,0.14278392227394782,0.27705035133027883
1001,0.1425982032998978,0.2771272923906978
1002,0.1425248830354196,0.27710340210618606
1003,0.14236151706866748,0.27702433318203484
1004,0.14226337722085208,0.2770540685012886
1005,0.14217581365998488,0.27705964233509084
1006,0.14205073082816344,0.2769976772372228
1007,0.14196150419391323,0.27695963031223475
1008,0.14185943631286477,0.27696659356145825
1009,0.14173805426416752,0.2769754807413949
1010,0.14166654999036482,0.27697107076522187
1011,0.14159759226839538,0.27698795328599113
1012,0.14148947266759576,0.27701698774374567
1013,0.141371418720355,0.2769814639331821
1014,0.14118987015097675,0.27692514256600276
1015,0.1411173434112603,0.27687471650558937
1016,0.14101074412206074,0.2768522988796143
1017,0.14091297900773675,0.27682797596131586
1018,0.14081855846773847,0.27686790549857704
1019,0.14070214717647767,0.27683105526899926
1020,0.14055492094344882,0.27663409436966746
1021,0.14046413870308636,0.2765900069312058
1022,0.14032194970084505,0.2765232111908595
1023,0.1401748390091703,0.2767038187458182
1024,0.14005512863245886,0.27665605056329456
1025,0.13996796725400631,0.27655638468234656
1026,0.13987242293259422,0.27653416399128505
1027,0.13981733065508334,0.276528493673732
1028,0.1397101018538036,0.2764845664442724
1029,0.13956317016662928,0.2763283527902806
1030,0.13950223011675383,0.276383441245456
1031,0.13945411709892355,0.2763852515315316
1032,0.13928087821555457,0.27646795567246746
1033,0.13918841091454814,0.27643874678577546
1034,0.13910431031212636,0.27645955961757357
1035,0.1390152453621357,0.27644780073404285
1036,0.13890146475950424,0.27637937441814137
1037,0.13877905077579183,0.27636948856307053
1038,0.13865638859819798,0.27629592832883115
1039,0.13857052815735324,0.27625551001884374
1040,0.13848371913937355,0.27625945473594804
1041,0.13840263267423517,0.27622815490971814
1042,0.13830279553439057,0.2761133471812625
1043,0.1382178421106133,0.27604856393869076
1044,0.13811719384454219,0.2760209313082245
1045,0.1380320150411644,0.27599194425876933
1046,0.1379188862593388,0.2759036726777995
1047,0.1378033189584048,0.27588782945414786
1048,0.13770090456152817,0.27594223379184546
1049,0.13756364801223753,0.2758303910406165
1050,0.13750062175793515,0.2758161115712464
1051,0.1373877845173098,0.2757507205069928
1052,0.1372907809470971,0.27566691418775086
1053,0.13717903676603535,0.2756082492048983
1054,0.1371239070820585,0.2756028236209767
1055,0.13705091215466592,0.27565409297303317
1056,0.13691030204275761,0.27552522760170034
1057,0.1368041680753416,0.2755351510477915
1058,0.13674760760699206,0.27551769700888934
1059,0.13664273428262347,0.27548214472531385
1060,0.1365609378975994,0.2754731823045436
1061,0.13644275521507535,0.2755667510002669
1062,0.13629562396076023,0.2754927035444985
1063,0.13619115701773665,0.2755201211124709
1064,0.13609133498812095,0.27547684349865337
1065,0.13601681256126996,0.2753735625663005
1066,0.13587203457662922,0.2753321275995238
1067,0.1357884111286675,0.27523925011584444
1068,0.13570051388928367,0.2752314482692912
1069,0.13562508198928236,0.27519424051478486
1070,0.1355510626449859,0.2752049622147824
1071,0.13544827899940706,0.2752416106113189
1072,0.1353676250564762,0.2752080020775876
1073,0.13529540221700603,0.2751643285630106
1074,0.13522900681575445,0.2751600572419485
1075,0.135088807998282,0.275066572890341
1076,0.1349161503943359,0.2749028728671268
1077,0.1347931007652742,0.2747713697001574
1078,0.13472285891529465,0.2747415978824371
1079,0.13463352673053594,0.2747683884528086
1080,0.13453802962234485,0.27479752346934
1081,0.134435189736631,0.27471688928469423
1082,0.13437808991988243,0.27470806918486024
1083,0.1342501973042735,0.2746802833984583
1084,0.13412098299414993,0.27469547466272254
1085,0.13403491407858548,0.2746982228965771
1086,0.13397151711511351,0.2747179194627692
1087,0.13388644486780435,0.2746620167043028
1088,0.1338053470510302,0.27464304669827927
1089,0.13372971285213187,0.27464074979586817
1090,0.13364746754788748,0.27462214017263487
1091,0.1335607609499513,0.2746587373728151
1092,0.13351819059423695,0.2746683847364759
1093,0.133431956851922,0.2746341963934989
1094,0.13335557095012654,0.2746431187142212
1095,0.1332267271024079,0.2745971272989009
1096,0.13314629341969425,0.2745943633031256
1097,0.13306686187799913,0.2745665199099859
1098,0.13292496060008502,0.27450873703038003
1099,0.1328173991822785,0.274470268622372
1100,0.13270025050370723,0.27439285836028166
1101,0.1326033830298571,0.2743641814522793
1102,0.13248228412172414,0.27427042717392597
1103,0.13239735518939477,0.27424420529876875
1104,0.13231102342208326,0.2742386723089232
1105,0.13225269158698502,0.2742491388797809
1106,0.13216262637943527,0.2742796317049136
1107,0.13206499765217972,0.27420709795253484
1108,0.13196597254883868,0.27427497916523413
1109,0.13183846877879057,0.274299797362072
1110,0.13178310111749697,0.27427104401361135
1111,0.13167485171896162,0.2741629644774101
1112,0.13159988905752537,0.27413827994793355
1113,0.1314914961497438,0.2741089313332466
1114,0.13141838828786775,0.2741480736698379
1115,0.1313324025932719,0.27419705013214063
1116,0.13125017469900105,0.2741878872014241
1117,0.13119840759229862,0.2742148219362288
1118,0.13110941559583253,0.2742447433686106
1119,0.13098082121767832,0.2742663759843746
1120,0.13089018376224504,0.2743035062095619
1121,0.13079643522132292,0.2743243781113929
1122,0.13069081285458242,0.27429989225658263
1123,0.1305499398881518,0.2742651811670174
1124,0.13044649942865702,0.2743529608432932
1125,0.1303759253969375,0.27433968678513043
1126,0.13026115090267323,0.2743141458326972
1127,0.13011664675092147,0.27433678882864726
1128,0.13005383242488736,0.2742711171198521
1129,0.1299794481538545,0.27425399572883485
1130,0.12986863931344494,0.2742361213156764
1131,0.12976551437595507,0.2742878067119366
1132,0.12969174825102794,0.2742753497423012
1133,0.12959843913617267,0.2743062191396022
1134,0.1295001262834521,0.27438350687225843
1135,0.1294214679499492,0.2743841319216139
1136,0.12935838244368814,0.27437011195207256
1137,0.12924970829730328,0.27436959452943227
1138,0.12912862486711782,0.2743867138647163
1139,0.1290236088027056,0.27436318682851235
1140,0.12896352938554675,0.27438036115751774
1141,0.1288881152669379,0.2743226504322658
1142,0.1288228743708005,0.2743420275804742
1143,0.12872050862517906,0.27426036414727145
1144,0.12862500414457648,0.27411917840429706
1145,0.12856377461966315,0.27412645394799
1146,0.12845539154083846,0.27417378538595727
1147,0.1283715308755118,0.27407095750748584
1148,0.12831131650053051,0.2740858517304844
1149,0.12822458363360853,0.2741168678563523
1150,0.12812295563237777,0.2741647139271318
1151,0.12805460730018542,0.2742026721222523
1152,0.1279849935182388,0.27416076992618776
1153,0.12792022037776596,0.27409578834635556
1154,0.1278480799003292,0.2741146715707584
1155,0.1277517385846492,0.2741516381489753
1156,0.1276557782055731,0.274106663939306
1157,0.12753388769822882,0.2740560545262369
1158,0.12739399538602314,0.2740879572029388
1159,0.12727297411878646,0.27406079184194054
1160,0.12713597830720774,0.27398249826538734
1161,0.12700959219224242,0.2738556513960906
1162,0.12694422788973522,0.2739250905406149
1163,0.1268763138461874,0.27386415467431324
1164,0.1267512896749683,0.27378633756647436
1165,0.12667768706040522,0.27379049147602746
1166,0.12660340801009046,0.2738083016789036
1167,0.1264968434182651,0.2738208604636248
1168,0.12643198914888823,0.27374791769830087
1169,0.1263537733400019,0.27376838893353295
1170,0.12629597175654522,0.2737643758058389
1171,0.12620672006978714,0.2736809215028763
1172,0.12614615942643614,0.27366749970616505
1173,0.12605826802660905,0.2736546228894776
1174,0.12597197822408682,0.2736992482070213
1175,0.12585940560719602,0.2737417859347075
1176,0.12580036252148696,0.27372398363395734
1177,0.1256950648031113,0.27366026889013484
1178,0.1255838557627299,0.27365585591945313
1179,0.1255337124191334,0.2736775597269864
1180,0.12542940425099808,0.2737561776734129
1181,0.12531465160754574,0.2737705555200584
1182,0.12521566491160538,0.2737755256891928
1183,0.1251365227598409,0.2737572828042953
1184,0.1250513544547142,0.2736709664900886
1185,0.12495111487250797,0.27365795071494253
1186,0.12486241051017394,0.27367229582141717
1187,0.12480022436965776,0.2736988889750205
1188,0.12468468732872863,0.27373267495697895
1189,0.12458767142560336,0.27379676060442837
1190,0.12448815808998967,0.273814740701461
1191,0.12441972528982316,0.2737884394797189
1192,0.12433735343671805,0.27372978924607627
1193,0.12428068618519314,0.2737257482979155
1194,0.12420268237696248,0.2736587238605335
1195,0.12407379400476291,0.27361248059228443
1196,0.12399999390494773,0.27363399697893315
1197,0.12390615965968434,0.2736713604506384
1198,0.1238289530168611,0.27358682016663594
1199,0.12373708717169775,0.2736129360009027
1200,0.12364739217955702,0.27358432434508634
1201,0.12354182404784432,0.27349360194735367
1202,0.12347267618713202,0.27348024459722414
1203,0.1233982171739357,0.273517707228476
1204,0.12327977357585347,0.27355215654699716
1205,0.123177069946772,0.27363593123129104
1206,0.12311216349419098,0.27364814938500637
1207,0.12302864569849639,0.2735778329062361
1208,0.12294806230989955,0.2735557631944476
1209,0.12290271878638426,0.2735543268564312
1210,0.12285166001999633,0.27351514428926355
1211,0.12278729149628165,0.27352807084161407
1212,0.12272175163611573,0.27355975372684843
1213,0.12263298531666283,0.27358351334879816
1214,0.12256253320980019,0.27351187897713275
1215,0.12247725681297486,0.2734739122071583
1216,0.12240437513505492,0.27349118361880587
1217,0.12229930497853948,0.27358332452701806
1218,0.12219429938462596,0.27351770553493165
1219,0.12212940461763398,0.2735441634843229
1220,0.1220657635297,0.2735222706533695
1221,0.12200193418740768,0.27351156464167414
1222,0.12193118057070106,0.2735396539387424
1223,0.12182117687588682,0.273495240129481
1224,0.12174393543485586,0.2734251247189295
1225,0.1216300174081432,0.273425879185367
1226,0.12148517144736164,0.2733719763905748
1227,0.12140488647237171,0.27327176988038715
1228,0.12133605972206235,0.27321131697862905
1229,0.12125803907463147,0.2731739491193955
1230,0.12119002381132914,0.2732021159392773
1231,0.12109721793629172,0.2732841513283345
1232,0.12099532508005686,0.27320748507629977
1233,0.1209142477824444,0.27320380577820125
1234,0.12082911011452321,0.2732244729884923
1235,0.12077668701028643,0.273175347990154
1236,0.12066703516576437,0.2731077339027127
1237,0.12052690730873529,0.2730668313744702
1238,0.12044810816397701,0.2731060268003421
1239,0.12034043360215678,0.2730817596290538
1240,0.12025681659320255,0.2730245715545621
1241,0.12017748088129318,0.272992349645896
1242,0.12009848692337144,0.2729384282287157
1243,0.11997486518703813,0.27292593401717286
1244,0.1198744629460024,0.272834079080489
1245,0.11979073917191187,0.2728380647505265
1246,0.11971068760203922,0.27283269583423186
1247,0.11964056037804878,0.2728630529963312
1248,0.11958627888541054,0.27288857788115584
1249,0.11950608086824299,0.27292700609749865
1250,0.11942907845588026,0.2728403451171251
1251,0.1193705646463177,0.27284269900308444
1252,0.11928515661593878,0.2729384430983331
1253,0.11923028857463165,0.2728854301314796
1254,0.11911988577652591,0.27271327106545223
1255,0.11905597877899855,0.2726961360407117
1256,0.11893727042767083,0.2727201845042175
1257,0.11883434291067758,0.2727206831891301
1258,0.11876641634480738,0.2726612597012422
1259,0.11872065965079746,0.27265411672593964
1260,0.11861872871001423,0.27267780190299484
1261,0.11858245799734704,0.27266431181602285
1262,0.11851803890654,0.272653445266331
1263,0.11843887637021273,0.27267755215456513
1264,0.11835765282928515,0.2726555157269491
1265,0.11824524087629248,0.27248535335488594
1266,0.11817369089020832,0.2724313166470547
1267,0.11809946669749906,0.27242673533409784
1268,0.11804928173277983,0.27239389435403544
1269,0.11796632321305833,0.272338048482835
1270,0.11789035090035545,0.27229037729459404
1271,0.11777827231089028,0.2722514205843015
1272,0.11768990318767998,0.27227286328232003
1273,0.11760054199200337,0.2722095203870355
1274,0.11753582899780865,0.27217345623675315
1275,0.1174785160420956,0.2722012675871334
1276,0.11742636935541655,0.2721704456273161
1277,0.11737293632285217,0.27214162622128474
1278,0.11730103015109641,0.2720824622958655
1279,0.11721128421258122,0.27202965115499617
1280,0.11713251015317108,0.27206744135478944
1281,0.1170654006081263,0.2720366621997245
1282,0.1169976624404641,0.27206041843931383
1283,0.11693830857886432,0.2720418038782255
1284,0.11684897248009934,0.2719671781412384
1285,0.11680853949234848,0.2719659899809548
1286,0.1167084383379334,0.2719043163294467
1287,0.11663620389798142,0.27187497010683037
1288,0.11655074806094377,0.27191415816409825
1289,0.11646426184949803,0.27195850280165
1290,0.11635273517654555,0.2718684072124303
1291,0.11624863604233983,0.27180613113023666
1292,0.1161262428210847,0.27178016958058393
1293,0.11605495873349296,0.27172446162384545
1294,0.11599202133966774,0.27169726828071505
1295,0.11592650246074011,0.2716527968303251
1296,0.115873526765146,0.2715723011031015
1297,0.11581328672201721,0.2715502205612026
1298,0.11571751446408819,0.27152627676278024
1299,0.11564072560234981,0.2715284292234847
1300,0.11557201840638419,0.27161556122488073
1301,0.11550244956289106,0.2716312217276631
1302,0.11537935306936288,0.27165119634592955
1303,0.11525189726416189,0.2716382655569619
1304,0.11513601783371635,0.2715902940547848
1305,0.11506331892721568,0.27155545327609737
1306,0.11501413136803915,0.27151353843889375
1307,0.11494236748488881,0.2714949434424827
1308,0.11485573461060491,0.27144062848536743
1309,0.11477335333465227,0.2714441425789773
1310,0.11467722831661659,0.2715501594464888
1311,0.1146152419791362,0.2715705415869405
1312,0.11451294771847756,0.27149367682134184
1313,0.11443723039805652,0.2715978818759422
1314,0.11434284820717901,0.2715316043022925
1315,0.11428345547332668,0.2716152877313192
1316,0.11417091767592039,0.27159164225036675
1317,0.11409082062734854,0.27151807211328455
1318,0.11402359156958854,0.27154332356182215
1319,0.11397413477516216,0.27156158956447723
1320,0.11388517202319624,0.2714593105384025
1321,0.11381264323998184,0.27144053822225744
1322,0.11372567368298954,0.2714139528451326
1323,0.11364040148000668,0.2713611605284826
1324,0.11358876627836832,0.27132790515883776
1325,0.11350987915866408,0.2713187340205388
1326,0.11339426625853945,0.27141820314758347
1327,0.11332071300522918,0.2714176792185744
1328,0.11321703819796232,0.27134470155175694
1329,0.11315064104970037,0.27126712560384403
1330,0.11308868111395454,0.27128649708087915
1331,0.11303853837952206,0.27127015507399754
1332,0.11296627169781623,0.2712269054349542
1333,0.1129002049065773,0.27120428487226783
1334,0.11279463080949721,0.2712671871903575
1335,0.11270600197333051,0.2712611062943385
1336,0.11263578823278005,0.271230744288151
1337,0.11255267615792457,0.27126487249042713
1338,0.11245339069823518,0.27124767453930837
1339,0.11241645330060407,0.2712562327316851
1340,0.11235504744559163,0.27126255924859416
1341,0.1122557186769742,0.27119516150331224
1342,0.11217270814657566,0.2712723019347878
1343,0.11210958046553254,0.27131751054967873
1344,0.11206177104544797,0.27131216980102835
1345,0.11199858889116938,0.2713274343247486
1346,0.11190993818430162,0.271292167571386
1347,0.11183997822603059,0.27133785917047415
1348,0.11177822534130899,0.2714159657846893
1349,0.11171087840035916,0.27142206809024283
1350,0.11158447750958077,0.27126804433315743
1351,0.11150844534847498,0.2712986735413818
1352,0.11143570743928573,0.271327640544191
1353,0.11136424729079267,0.27136344232157444
1354,0.1113056515928368,0.2713664476290764
1355,0.1112117492322083,0.27137819867793944
1356,0.11113396904037894,0.2713414364541082
1357,0.11100355367196355,0.27136668778603934
1358,0.110976443007803,0.27135467295355653
1359,0.11089156164762501,0.27130477144039883
1360,0.11081197141476118,0.27127864648563005
1361,0.11074766619276669,0.2712369570443121
1362,0.11068546855075205,0.27124574922039735
1363,0.11065283804245687,0.2712812490224074
1364,0.11058245269618217,0.2712889381322487
1365,0.11050782321325774,0.27132561700781893
1366,0.11045494759355877,0.27129322862302824
1367,0.11035530309988173,0.2712585123357464
1368,0.11029855032625596,0.2712290837592071
1369,0.11024709476187163,0.271193587382165
1370,0.11016602464425436,0.2711994590203916
1371,0.11007389569155981,0.271213932314348
1372,0.11003458205178503,0.2712166783113601
1373,0.10999563681010295,0.2712416404585225
1374,0.10990095091879605,0.27126642610327467
1375,0.10979379069264529,0.2712330153167959
1376,0.10973876273212804,0.2712762150928693
1377,0.10966075294974174,0.2713215135593792
1378,0.10959099441709384,0.2713104659086831
1379,0.10953351285152262,0.27130787664600214
1380,0.10947717466931176,0.2713160237624687
1381,0.10941339785111492,0.2712846329664065
1382,0.10934672524043858,0.27134902872821964
1383,0.10927123748189704,0.2713079073468658
1384,0.1091906770477305,0.2712733013154537
1385,0.10911839061791574,0.2712312541111288
1386,0.1090735949942232,0.27121812638317255
1387,0.1089962835173646,0.2711646438012752
1388,0.1089419897137844,0.2710964534204743
1389,0.10888401760046953,0.271108246896436
1390,0.10882598372476478,0.27112553432538644
1391,0.10874370002560826,0.271062591161735
1392,0.10866752985022131,0.2710103352171156
1393,0.10857977521628223,0.2709891353325013
1394,0.10850385802992009,0.27096078913486793
1395,0.10842445555696024,0.27101795868626977
1396,0.10835176473333118,0.2710590099088385
1397,0.10827742950809943,0.27111715609675074
1398,0.10819804449830513,0.2710949158842854
1399,0.1081219556775413,0.27106511945971373
1400,0.10807629719030584,0.27104080696718524
1401,0.10799186335433009,0.27104439703870054
1402,0.10789113253103405,0.2710755689330674
1403,0.10778945965101738,0.27117666595465384
1404,0.10772569699993212,0.27114531203709374
1405,0.10766675555673831,0.27121082829236876
1406,0.10759178105429988,0.27120926470589074
1407,0.10750747211499503,0.2711548218542805
1408,0.10744167026294234,0.27116845495115727
1409,0.10738262411106127,0.27110869636270196
1410,0.10730164551375254,0.271068297918362
1411,0.10721829575436759,0.27102337133730203
1412,0.10714210414167874,0.2710556231510743
1413,0.10704294511197754,0.27103279697368665
1414,0.10698077298500992,0.27106057366074526
1415,0.10692643808482642,0.2710378426420207
1416,0.10685850353321781,0.27105422630304693
1417,0.10680973038460337,0.2710968859741778
1418,0.10676156678719217,0.27111525127701935
1419,0.10672595217335541,0.2711249763488432
1420,0.10667145387381723,0.2711439058891004
1421,0.10661183236995242,0.2711612054162315
1422,0.1065560941898241,0.2711144196151061
1423,0.10648317047310861,0.27120056064592984
1424,0.10640043045549305,0.2710882344778675
1425,0.10631866866700963,0.27113012313996937
1426,0.10623726956009762,0.2711523801618953
1427,0.1061853488806847,0.2711354207364562
1428,0.10608221229969686,0.27116524723001656
1429,0.10601238267616951,0.27112998294786916
1430,0.10594854127363144,0.2710930588930345
1431,0.10589057634354955,0.271083900415074
1432,0.10582091828411792,0.2711374872012848
1433,0.10576672490611247,0.2711112111665987
1434,0.10572526299216359,0.2710957463940444
1435,0.10567923808604042,0.2710667560495285
1436,0.10564118464666307,0.27107450645707803
1437,0.10561086202647628,0.27107791254770564
1438,0.10557187499993266,0.2710754684654921
1439,0.10552825985894047,0.27110052415245345
1440,0.10546092123398199,0.271077138823151
1441,0.10543111260996094,0.2710622213171925
1442,0.10536137449610372,0.2710633457199426
1443,0.10530581903235253,0.271055508429702
1444,0.1052404888384072,0.27109104547338897
