0,0.5296303629875183,0.6229305267333984
1,0.4491398334503174,0.4791421890258789
2,0.4360419809818268,0.46286141872406006
3,0.4329677224159241,0.4605696201324463
4,0.4287987947463989,0.4590919017791748
5,0.4283388555049896,0.4627816081047058
6,0.4267793595790863,0.4635845720767975
7,0.4267592132091522,0.46048256754875183
8,0.42416492104530334,0.4613882005214691
9,0.42331957817077637,0.45903924107551575
10,0.42242246866226196,0.4601075053215027
11,0.42313265800476074,0.4611476957798004
12,0.42236050963401794,0.4612922668457031
13,0.4222213327884674,0.46203452348709106
14,0.42083123326301575,0.46166691184043884
15,0.42078831791877747,0.46117788553237915
16,0.4206487834453583,0.4604707956314087
17,0.42003169655799866,0.4599238932132721
18,0.4196570813655853,0.4581703245639801
19,0.41909441351890564,0.45830273628234863
20,0.4187852442264557,0.45818620920181274
21,0.41805461049079895,0.4581219255924225
22,0.41782665252685547,0.4574391543865204
23,0.4179001748561859,0.4572341740131378
24,0.41836750507354736,0.45665884017944336
25,0.4175702929496765,0.45630696415901184
26,0.417243629693985,0.4557405114173889
27,0.41724175214767456,0.4554850161075592
28,0.41771480441093445,0.45584118366241455
29,0.4173545241355896,0.45379936695098877
30,0.417695015668869,0.45502904057502747
31,0.4174850285053253,0.4542895257472992
32,0.4173864424228668,0.4538107216358185
33,0.416913777589798,0.45407143235206604
34,0.41709259152412415,0.4548308253288269
35,0.41726136207580566,0.4551198482513428
36,0.4174264669418335,0.4552631080150604
37,0.41759738326072693,0.4552435874938965
38,0.41782423853874207,0.4549236595630646
39,0.41773054003715515,0.45466044545173645
40,0.41777172684669495,0.454621285200119
41,0.4177161455154419,0.45537349581718445
42,0.4179212749004364,0.45485371351242065
43,0.41780996322631836,0.4545450806617737
44,0.4178452789783478,0.45458292961120605
45,0.41743454337120056,0.45404335856437683
46,0.41731974482536316,0.454510360956192
47,0.4173980951309204,0.454877644777298
48,0.41761842370033264,0.4546579122543335
49,0.41772082448005676,0.4546862840652466
50,0.4175652861595154,0.4547695815563202
51,0.417524129152298,0.45468783378601074
52,0.4172980785369873,0.4546019732952118
53,0.41738685965538025,0.45494344830513
54,0.41722407937049866,0.45512399077415466
55,0.41736504435539246,0.4547286331653595
56,0.4171433448791504,0.454408198595047
57,0.41696280241012573,0.4545079469680786
58,0.41661643981933594,0.45413196086883545
59,0.41664767265319824,0.45398464798927307
60,0.41666772961616516,0.4542706608772278
61,0.4165337383747101,0.454204261302948
62,0.4164366126060486,0.4540499746799469
63,0.4164181053638458,0.4543222486972809
64,0.4163222908973694,0.4544168710708618
65,0.4161349833011627,0.4542917013168335
66,0.41588181257247925,0.4540555775165558
67,0.415916383266449,0.454230934381485
68,0.41610056161880493,0.4544025659561157
69,0.41595834493637085,0.4538958966732025
70,0.4160246253013611,0.45390722155570984
71,0.4159447252750397,0.45365720987319946
72,0.41559794545173645,0.45318642258644104
73,0.41562366485595703,0.45337578654289246
74,0.4156593084335327,0.453503280878067
75,0.4158705174922943,0.4535265266895294
76,0.4160084128379822,0.45351430773735046
77,0.4160468280315399,0.4534800350666046
78,0.4159647524356842,0.4531436562538147
79,0.41570547223091125,0.4527035653591156
80,0.415763795375824,0.45269685983657837
81,0.4157571494579315,0.4524605870246887
82,0.4155459702014923,0.45249876379966736
83,0.4155004024505615,0.4522853195667267
84,0.4156382381916046,0.45228129625320435
85,0.4158315658569336,0.4521491229534149
86,0.41577044129371643,0.45188674330711365
87,0.4158179461956024,0.45197921991348267
88,0.41589799523353577,0.45188117027282715
89,0.4158433675765991,0.4522034227848053
90,0.41580334305763245,0.452301561832428
91,0.4158287048339844,0.45245271921157837
92,0.4158058166503906,0.4527044892311096
93,0.41593027114868164,0.4527282416820526
94,0.41608181595802307,0.45275813341140747
95,0.41611796617507935,0.4528796970844269
96,0.4161454439163208,0.45312559604644775
97,0.41601255536079407,0.45296767354011536
98,0.4158548414707184,0.4529438614845276
99,0.4159667193889618,0.4530189037322998
100,0.41606858372688293,0.45333659648895264
101,0.4161975681781769,0.4534413516521454
102,0.4162766933441162,0.4533584415912628
103,0.4163379967212677,0.4534691274166107
104,0.41638311743736267,0.45343178510665894
105,0.4161415100097656,0.45309990644454956
106,0.41631412506103516,0.4533235430717468
107,0.4163542091846466,0.45322710275650024
108,0.41634315252304077,0.4532926678657532
109,0.41619664430618286,0.45317113399505615
110,0.4161577522754669,0.4533630609512329
111,0.41633403301239014,0.45363590121269226
112,0.4164157807826996,0.4532657861709595
113,0.416409969329834,0.45304322242736816
114,0.41634970903396606,0.4530832767486572
115,0.416495144367218,0.45322731137275696
116,0.4165339469909668,0.45317602157592773
117,0.4166601598262787,0.4532197117805481
118,0.4166518747806549,0.45332083106040955
119,0.4167681634426117,0.4532676637172699
120,0.41673731803894043,0.4531903564929962
121,0.4167635440826416,0.4531790614128113
122,0.41673269867897034,0.45312777161598206
123,0.416569322347641,0.4530709981918335
124,0.41630351543426514,0.45294779539108276
125,0.4163548946380615,0.4530836343765259
126,0.4164275527000427,0.4531201422214508
127,0.4164840281009674,0.45311880111694336
128,0.4164307713508606,0.45317497849464417
129,0.41644105315208435,0.4532516598701477
130,0.4166531264781952,0.45335063338279724
131,0.4166151285171509,0.4533922076225281
132,0.41655290126800537,0.4533762037754059
133,0.416586697101593,0.45345520973205566
134,0.416400283575058,0.4533802270889282
135,0.4163510501384735,0.4534355401992798
136,0.41632363200187683,0.45328691601753235
137,0.4163040816783905,0.4531841278076172
