0,0.5489330291748047,0.6922669410705566
1,0.44156867265701294,0.5016804933547974
2,0.4299473464488983,0.4729795455932617
3,0.4217831492424011,0.4690491855144501
4,0.4178123474121094,0.4630327820777893
5,0.42090627551078796,0.4604908227920532
6,0.4186165928840637,0.46251755952835083
7,0.41833221912384033,0.46253442764282227
8,0.4179265797138214,0.463030070066452
9,0.417825311422348,0.46357065439224243
10,0.4165758788585663,0.4621455669403076
11,0.41536828875541687,0.4628733992576599
12,0.4150775074958801,0.4612587094306946
13,0.41705045104026794,0.46176981925964355
14,0.4155220091342926,0.4606098234653473
15,0.414122074842453,0.4598197340965271
16,0.4132542312145233,0.4591676592826843
17,0.4138682186603546,0.4592324495315552
18,0.4128970205783844,0.45817866921424866
19,0.41350123286247253,0.458107590675354
20,0.4135681390762329,0.45693710446357727
21,0.41311249136924744,0.45722511410713196
22,0.4130408465862274,0.45707666873931885
23,0.41322505474090576,0.45704975724220276
24,0.41245007514953613,0.45749643445014954
25,0.4121291935443878,0.4565892219543457
26,0.41217413544654846,0.45644211769104004
27,0.4110417366027832,0.4558108150959015
28,0.41079580783843994,0.4559876620769501
29,0.4113030731678009,0.45626306533813477
30,0.4104960262775421,0.4560028314590454
31,0.4098581075668335,0.4556804895401001
32,0.41010212898254395,0.45637866854667664
33,0.40994057059288025,0.4563422203063965
34,0.4096156656742096,0.45608118176460266
35,0.40971243381500244,0.4560287892818451
36,0.40985506772994995,0.4567219614982605
37,0.4097728431224823,0.45694875717163086
38,0.4093448221683502,0.45631134510040283
39,0.4099605083465576,0.4563244581222534
40,0.4096689820289612,0.4562438726425171
41,0.4102191925048828,0.456312358379364
42,0.41032397747039795,0.45667755603790283
43,0.4098418056964874,0.4570402503013611
44,0.40991175174713135,0.4573616087436676
45,0.4098207652568817,0.4580700993537903
46,0.40947145223617554,0.45842647552490234
47,0.40968817472457886,0.45832228660583496
48,0.4093623161315918,0.458502858877182
49,0.40959638357162476,0.4581616520881653
50,0.40984728932380676,0.45824599266052246
51,0.4095560908317566,0.45842477679252625
52,0.409839391708374,0.4590966999530792
53,0.4099869430065155,0.4591729938983917
54,0.40997740626335144,0.4593465328216553
55,0.41001349687576294,0.4595257043838501
56,0.40966424345970154,0.45895805954933167
57,0.4096430242061615,0.4588424265384674
58,0.4097539484500885,0.45839551091194153
59,0.4095126986503601,0.45825815200805664
60,0.4093906879425049,0.45832744240760803
61,0.40973496437072754,0.4584844708442688
62,0.40979868173599243,0.4586987793445587
63,0.40969008207321167,0.4584205150604248
64,0.4095580577850342,0.45823633670806885
65,0.4096129834651947,0.4583830237388611
66,0.409160852432251,0.458520770072937
67,0.4091116189956665,0.45841699838638306
68,0.40918803215026855,0.4585140645503998
69,0.4092087745666504,0.45874854922294617
70,0.4092097878456116,0.45870593190193176
71,0.4092649817466736,0.45882025361061096
72,0.4090065062046051,0.4589984118938446
73,0.40913358330726624,0.45889440178871155
74,0.4090903401374817,0.4589606523513794
75,0.4092150926589966,0.459073930978775
76,0.4093274474143982,0.45920419692993164
77,0.40918853878974915,0.4590272009372711
78,0.4089020788669586,0.45876744389533997
79,0.4091010093688965,0.45891693234443665
80,0.4092012941837311,0.4589833617210388
