0,0.5972352227783985,0.5975514104610167
1,0.5873343138769361,0.5877025602117195
2,0.5786440479776124,0.5789822963877491
3,0.5703051305154668,0.5707107875292682
4,0.5631182216846058,0.5634881498619485
5,0.5562126811825966,0.5565523980509086
6,0.5499906200524267,0.55043135398431
7,0.5443947200950393,0.5449203025501558
8,0.5394486267372193,0.5399799385693483
9,0.5346926623867024,0.5353114615456231
10,0.5297649333760909,0.5307077388422492
11,0.5257465986436433,0.5267410910916779
12,0.5215157008708367,0.5225088630230448
13,0.5177578934116105,0.5188664914124536
14,0.5147142308445701,0.5159021706543234
15,0.5110432610178456,0.5127744470476039
16,0.5073694160958807,0.5088859415042484
17,0.5040586411079698,0.5058368419434842
18,0.5004657350123476,0.5024980804415895
19,0.4976087064439024,0.5000932811063001
20,0.49466929388069947,0.49787442692460226
21,0.492158767922895,0.49588487925453717
22,0.49035074582371074,0.4939291776114448
23,0.48764134413600413,0.4918039240009617
24,0.4857805134908479,0.49022962598365016
25,0.4840580311430161,0.4889108553721154
26,0.48211225621940657,0.4876475371457377
27,0.4800536823140974,0.48583477919009377
28,0.477920205733129,0.4841154807255545
29,0.4764309832042253,0.4827664268851399
30,0.4747659945724056,0.48138914586534093
31,0.47308653350877855,0.47962960282705036
32,0.47138388568698725,0.47805671123075627
33,0.46969091175676786,0.4764409503846798
34,0.46854726914691075,0.47563027080736664
35,0.4674256072613925,0.47496689697718314
36,0.4663981299783534,0.4739019693779022
37,0.4654039086809607,0.4730186622512139
38,0.4640342758449041,0.4717965563232044
39,0.4628759034279561,0.47058439632838867
40,0.4619220271003522,0.47008465020339324
41,0.46113235635906347,0.46958117947618677
42,0.4602537231673844,0.46911037213871
43,0.45917589238146145,0.46842014407063903
44,0.458320974182455,0.4678101029169358
45,0.4574621568043326,0.46701819498495173
46,0.45646717038578216,0.4661654056805485
47,0.45544855622794395,0.4650807205250981
48,0.4548630434950351,0.464440490358695
49,0.4540644348988706,0.4636299882487365
50,0.45329990654421526,0.46315319668927046
51,0.45236277905703776,0.46216514385504187
52,0.4516649989238708,0.46211744845653363
53,0.4510727212746978,0.46174990175645186
54,0.4502828877862346,0.46154396717604007
55,0.4496604944888048,0.4611541379868333
56,0.448923439173218,0.46057896179173885
57,0.4481759228474646,0.45962051903716145
58,0.44722006548226606,0.45842839776729755
59,0.44645456972698255,0.4576514829264615
60,0.44597015108497823,0.4570427806354327
61,0.44543766112304783,0.45690639126886795
62,0.44511291102270556,0.4569284315438351
63,0.44426441721401705,0.4563416510583628
64,0.44356675420963854,0.4557602270890135
65,0.44307094705546646,0.4552101030087518
66,0.44275947515803027,0.4548491918460615
67,0.44206291136776127,0.45408358762286744
68,0.44153151295196635,0.4538205031827166
69,0.44089958617504876,0.45358720016707377
70,0.44035724856871544,0.453144885869669
71,0.4398194595695889,0.4524243884269507
72,0.439362468903314,0.4521515106129374
73,0.4391348080661935,0.4519923250445247
74,0.43873626435176,0.4515631612401378
75,0.43813190218093584,0.4511650456217337
76,0.43763514684741245,0.4512259378814709
77,0.4372220570251608,0.45098535651424315
78,0.43663107256698996,0.4507461972682632
79,0.4359304101405485,0.44999966418228177
80,0.4353906337938683,0.4497390208098124
81,0.43494747199260597,0.44932103604300255
82,0.43450072555549984,0.4490692623240768
83,0.43413893817497273,0.4488444442027493
84,0.43363325381367057,0.4483180919582581
85,0.43336309371495296,0.4481440188202271
86,0.4328388021567382,0.44781747595763133
87,0.4322417755987054,0.4474430090258529
88,0.4316561907263408,0.4471961854445603
89,0.4311604365106993,0.44720200011219974
90,0.4305062609661564,0.44650537284255737
91,0.4299865903377696,0.4458623914031428
92,0.4294682350014305,0.44573377149388593
93,0.4290132247899509,0.44521149068094173
94,0.4282514743621618,0.4447230109399279
95,0.42789899813520543,0.44481974468375035
96,0.4273982364790727,0.44439887733022054
97,0.4270371061955355,0.4443330982590858
98,0.4267717862683518,0.44403256135951086
99,0.4264542376393601,0.4441115227125607
100,0.4259760714267194,0.4436775691244962
101,0.42566336723017223,0.44335463264625974
102,0.4253391338656151,0.44330849168524367
103,0.42513489851513925,0.4432669226172664
104,0.42481150003698215,0.44305334393723006
105,0.4244158295768831,0.4426782630835294
106,0.42421063123146446,0.44235540212473307
107,0.4238252231052415,0.4423009270900174
108,0.4234735211406041,0.44180443386113516
109,0.42317693079593965,0.4413534460409869
110,0.4227284543898011,0.44068134511342827
111,0.42242233431221593,0.4402379819451875
112,0.42215056881412166,0.439975283925293
113,0.42185908392199384,0.4400230769804182
114,0.42157543746619003,0.4399740654261193
115,0.42136217206013477,0.43998733563154435
116,0.4211013974445665,0.4398068270415748
117,0.42076851408868504,0.4398440216162058
118,0.4204615778085062,0.4394725108225095
119,0.42021999825166806,0.43915218445948717
120,0.4198628761441344,0.4391206492556124
121,0.4194650879402203,0.43886657899325154
122,0.4192763455364754,0.43867574773484685
123,0.41902354243991985,0.4385480514682215
124,0.41884191091877077,0.4383996521689686
125,0.4186170737864785,0.43838960910447183
126,0.4183299118185313,0.4382025150151215
127,0.41790902365839955,0.4378782781294169
128,0.41742490941063326,0.43749658659455676
129,0.4171890494144707,0.43762499191673415
130,0.4170668159875402,0.43754013715443213
131,0.4168057518992467,0.43738003323167235
132,0.4165598571565079,0.4369128519833798
133,0.41634721502380484,0.43670700190268835
134,0.4161559192286603,0.43654963696170174
135,0.41593065783325955,0.4361870518581278
136,0.4157327259218897,0.4362757607939345
137,0.41530336279848507,0.4360863559332777
138,0.4150789183438905,0.43600520852660946
139,0.4148493950230469,0.4361955136034819
140,0.41437410022475996,0.435451546674659
141,0.4141601503689997,0.43531848032623083
142,0.4140520741529846,0.43553894077350924
143,0.41383839879709483,0.43529061466092916
144,0.4136508230132895,0.43498592914748924
145,0.41323838083696535,0.4346015239939049
146,0.413071207910765,0.4347008695657612
147,0.4128159513192398,0.4349153549378033
148,0.41237127104265786,0.4343766104281985
149,0.41207793155263694,0.43451537894197884
150,0.41189419495106955,0.43431233545874415
151,0.4117929849580304,0.4342168254061956
152,0.41166696664355723,0.434265114093253
153,0.4114409591660351,0.43454020468716054
154,0.41128192380161344,0.43454756157689145
155,0.41101865388447456,0.4342178417445561
156,0.4109208788135329,0.4343658020126133
157,0.4108061472396638,0.43437149221967264
158,0.4106121339858585,0.43423919004222605
159,0.41044752777311033,0.43401597380682516
160,0.41022222529868274,0.43367691689874704
161,0.4100389677498361,0.43336051705458906
162,0.4097357142322563,0.43330061630842526
163,0.4095190569484592,0.4331610200218227
164,0.40940643819421346,0.4332187362052241
165,0.4092352395664012,0.4331509400854607
166,0.4091268261972753,0.4331156133462295
167,0.40890790057107934,0.43267353496846284
168,0.40868788154026564,0.43259729157167726
169,0.40854778492128047,0.4322806672982006
170,0.40833675908768907,0.4324042780626317
171,0.4081556369134935,0.43237045315365275
172,0.40778564815859303,0.4324142046350442
173,0.40763764192683466,0.43225630788574626
174,0.407303473971847,0.43172026767239136
175,0.4070017523013623,0.4314754236297166
176,0.40673789306748903,0.4314069102010519
177,0.40656893087311863,0.43142697139242675
178,0.406106315711608,0.4311287401904386
179,0.40593890526068543,0.43095905871464396
180,0.4057164255828905,0.4304333136073853
181,0.4054384334868563,0.430145277474316
182,0.4053252359650065,0.4301469374684822
183,0.4051761187905335,0.43008519461805733
184,0.40507736906449965,0.43001806618351684
185,0.40487055640611247,0.4298310583492495
186,0.40463438970116594,0.4295720847003539
187,0.40452509696047495,0.4292455392518814
188,0.40429453494460654,0.4290353692402136
189,0.4041859939084316,0.4289619640022694
190,0.4040596680489036,0.42853781602936386
191,0.40395465340309894,0.4284202666229974
192,0.4038436299547005,0.4285365641801484
193,0.4036794539866171,0.428455932557864
194,0.4035788604558099,0.42847619055702824
195,0.40349280178317487,0.428376987593132
196,0.4033426307627447,0.42839908033661184
197,0.4030801679010253,0.42825124564635186
198,0.4029042489971454,0.42841145580277484
199,0.4028115105933873,0.42828014423255
200,0.4026774806561384,0.42833745190661027
201,0.4024850000072986,0.42837162128656125
202,0.4023437688574898,0.42810439069264283
203,0.4020880657972767,0.42774057645968494
204,0.40193004579301106,0.4277389810070055
205,0.401751648612239,0.42768359142277007
206,0.40157721511606126,0.4276247898740056
207,0.40147211079039136,0.42755158538370586
208,0.40131404187677366,0.4274633037261184
209,0.40104675343246754,0.4271276736707827
210,0.4009749865233861,0.4269333710189254
211,0.4007872904999853,0.42689232839328767
212,0.40064779407017975,0.42703799422656474
213,0.4004950272192268,0.4270146238601877
214,0.40036635109051594,0.42693553272312895
215,0.4002027223212772,0.42697538010583674
216,0.4000850897238421,0.42697687265800743
217,0.39998107331430044,0.42680410692114995
218,0.39982545994631974,0.42691807550227395
219,0.3997190504813364,0.4267626679793755
220,0.39960556610912706,0.4266997415779571
221,0.39944630577375817,0.42642436402016565
222,0.39934008537882093,0.4264168106444927
223,0.3992086267061781,0.42618927651278254
224,0.39900202280535335,0.42629847757133554
225,0.3989004921353105,0.4264945023542394
226,0.3987166901378769,0.4262010631204214
227,0.3985450144853468,0.4260698510935047
228,0.39846878231421895,0.4260734677066899
229,0.3983319838525996,0.4259143688705821
230,0.39824342344378066,0.42590078496574885
231,0.3979980296570727,0.4258079253851095
232,0.397875012167775,0.42594006242713306
233,0.39779689697664844,0.4259657228741029
234,0.39756603474720204,0.4254965720922051
235,0.397396708337943,0.4251782487127135
236,0.39735517882019733,0.42508109540760874
237,0.397207070706791,0.42475172310009557
238,0.39712316992544405,0.42468509648287484
239,0.3970591595027756,0.4247655021738864
240,0.39697248092962384,0.42452473455694134
241,0.39690198942113264,0.4245182613304852
242,0.3968451103091014,0.42457842554567826
243,0.39666622513380184,0.4243917160879269
244,0.3965865071226482,0.4242376103153769
245,0.39643801641327875,0.42418781914697384
246,0.396300884499787,0.424241666721833
247,0.39621314083519504,0.42428098350593146
248,0.39596280056302374,0.42402569919476857
249,0.3958301627851222,0.42371815433235543
250,0.3956999590193475,0.42364416339701966
251,0.3956191353282496,0.4235355493047505
252,0.39543689318488784,0.4232813462923913
253,0.3952111832664316,0.4232339418151942
254,0.39506457543506135,0.42301461919716743
255,0.3949124173580146,0.42295757481734
256,0.3948204408330149,0.42298232133721314
257,0.3947840714956691,0.4229464010051576
258,0.3946594460415213,0.4229160064226525
259,0.39453010423502555,0.42257817791795216
260,0.3942802567039585,0.42217751878730825
261,0.39409756493161013,0.4218434253004643
262,0.3939353606386352,0.42179605901581646
263,0.39379774067927403,0.4217848320155892
264,0.3936261339418392,0.42178060500230546
265,0.39352856630351657,0.42166420733121474
266,0.3934280861618688,0.42146208179446887
267,0.39335658239894056,0.42147300560619266
268,0.39325339792433667,0.42137648138590345
269,0.393153203320131,0.4213960026108772
270,0.393118653128209,0.4213524955373846
271,0.3930529452365901,0.42147795452487535
272,0.3929286867381067,0.4213689436494209
273,0.39288782970255937,0.42148889855194055
274,0.39279941892099196,0.4213547387697698
275,0.3926682617669814,0.42113790320844763
276,0.39255782540541617,0.4210667628064278
277,0.39235581421744986,0.4207020816536548
278,0.39227759263029327,0.4205332452841954
279,0.39214019743073014,0.42042961490618913
280,0.39206527330181146,0.4204565825610391
281,0.39196689296462917,0.420497840044737
282,0.39191085530589753,0.42060485817381027
283,0.39181594465733655,0.4205407806410424
284,0.3917179245446021,0.4205762393321276
285,0.3916351687708217,0.42066494346149597
286,0.39153700244980943,0.4204169103187669
287,0.39149391164585506,0.4203449833783013
288,0.39137563339811765,0.42013316625283426
289,0.3912794723712937,0.4199703829372237
290,0.39118616525310423,0.41970735825246797
291,0.3911097966348935,0.4197269647447864
292,0.3909457679079378,0.41976606842156317
293,0.3908732008526154,0.4195136659868365
294,0.39075595711496425,0.41944830767928726
295,0.39067993189044237,0.41951648521217655
296,0.3905566284436014,0.4195356767609819
297,0.39043654284541973,0.41928346620090196
298,0.39038344590328233,0.41938085133133984
299,0.3901985585879186,0.4194057627563488
300,0.3900856480089361,0.41943178426607514
301,0.3899913277571384,0.4192667801188381
302,0.38993897151987356,0.4191626868485413
303,0.3898494363154662,0.41888641744533917
304,0.389724933854872,0.4187243713561701
305,0.389577309594649,0.41859283167387934
306,0.3895457104400729,0.41867894212351864
307,0.3894306404915272,0.41863578522361466
308,0.3893018619731847,0.41851712780141725
309,0.3892219363336424,0.4184526005064349
310,0.3891540722835227,0.41828755448297655
311,0.3890867907870057,0.4182941507559192
312,0.38893221338784406,0.4183265138944646
313,0.388831935722824,0.4183061951540166
314,0.3887428596558205,0.41836092211102627
315,0.3886004705416829,0.4183371545249354
316,0.3884404263193649,0.41804244707115623
317,0.38836387426367847,0.4177938385310748
318,0.3883064308651032,0.4177118205051969
319,0.38816014205334326,0.41753199324474227
320,0.3881223419156672,0.4177006158604108
321,0.3880281894366475,0.41763318543967004
322,0.3879637808554237,0.41748701626307294
323,0.38787870518220274,0.41751541267403486
324,0.38782196006302166,0.417682502611125
325,0.38775460646428334,0.417513163451405
326,0.38749017967579563,0.41721307648236694
327,0.3874033703445613,0.4173970157049352
328,0.38726063235483643,0.41718416964374444
329,0.38716149465316224,0.4170562232545805
330,0.3870825224960982,0.4170557436216049
331,0.3870167486022243,0.4170333857406689
332,0.386984164812927,0.4170023477178478
333,0.3868911914700406,0.41717852703771946
334,0.38678572739784145,0.41714871140306053
335,0.38672578200787633,0.41693229022109374
336,0.38669217559181734,0.41690045660370895
337,0.386579157530069,0.41674053894638896
338,0.38646205203739037,0.4165059346964633
339,0.3862225571483085,0.41631364659984277
340,0.38617870761433104,0.41637291855991715
341,0.386061721947391,0.4163932294104814
342,0.3860232263841873,0.4164645720352793
343,0.385958661599446,0.4164184066739817
344,0.3859347181113935,0.4164137120479801
345,0.3858666266848918,0.4162726683353463
346,0.38575027457644007,0.4160006908596287
347,0.38562351269316764,0.4157824584134034
348,0.3855492839577458,0.41571210362498073
349,0.38547110944828616,0.4155677134086042
350,0.385350821619432,0.41555725219599393
351,0.3852252487942201,0.4153488999909639
352,0.38508699441789795,0.41539194195252926
353,0.38494056443155816,0.4153280026078698
354,0.3847922764973854,0.4151217692893261
355,0.38471294621001956,0.4150889967517352
356,0.3846484735688583,0.41500627197780254
357,0.38463103257155273,0.4149391680887448
358,0.3845987443978474,0.4150995796226342
359,0.38458408617366197,0.41502675443125636
360,0.3845047483363852,0.41505440535225424
361,0.384447624885852,0.41504818331561205
362,0.3843632151052654,0.41497321754634797
363,0.38430155853495496,0.4149655116011704
364,0.38424660030267677,0.4147588241347801
365,0.3842111273309313,0.4147426866368569
366,0.3840111049727255,0.41457126495754854
367,0.3838808954043972,0.414469516810211
368,0.38387058385508377,0.4145189302852294
369,0.38376485786708553,0.414553645011426
370,0.38368386804117643,0.4147423380651061
371,0.38364437438047144,0.41486174696936184
372,0.38354898905666024,0.41485126430488745
373,0.3834440250435128,0.4149165405089992
374,0.38336707941870024,0.4148355070483069
375,0.3832914823823941,0.41488828344405615
376,0.38322526483218594,0.41489823172081636
377,0.38311508726474314,0.41474400318293375
378,0.3830296196958625,0.4146499107466953
379,0.38295868318793896,0.41464149133998685
380,0.3828311322480329,0.4145821875013049
381,0.3827260876330449,0.41457785938541813
382,0.38265828669962976,0.41443423129703255
383,0.3825770761764039,0.4144180663116831
384,0.38255418489183207,0.41444528815470627
385,0.38247512755425234,0.4143056498827503
386,0.38237750779470575,0.4144492570640077
387,0.3822963027003019,0.41427227878682277
388,0.38224228341856276,0.41427508061483515
389,0.38216189424830405,0.4140100131891557
390,0.3820413800882907,0.41396776641799504
391,0.38189926678185293,0.41390466338805965
392,0.38176355705551873,0.4137539891415121
393,0.3817311042791632,0.4139481036847063
394,0.3816996509894296,0.4140114467979484
395,0.3816484484774379,0.41411628594017164
396,0.38149940120084025,0.41380925575787314
397,0.3814070866733923,0.41380692399527724
398,0.38136833866314396,0.41379246722477697
399,0.381306496144811,0.4137205429700718
400,0.38125195806679046,0.4136074854397652
401,0.38122502873219904,0.4134888568099555
402,0.38109214915686984,0.41320709230668673
403,0.38105411276379464,0.4133162910161242
404,0.38097192789803747,0.4135170757507881
405,0.3809382563671049,0.4135645812307045
406,0.38091118237536065,0.41361811064653536
407,0.38084928207097124,0.4136930779815682
408,0.38081337361006096,0.413669388715359
409,0.38079063120284906,0.41363239082458775
410,0.3805959733043015,0.4136216920331609
411,0.38050839292204186,0.4136227947690311
412,0.38039594480762295,0.41344454688923626
413,0.38035990748746884,0.41338536633287726
414,0.3802204919652424,0.41310907012663683
415,0.3801516418533526,0.4130505441078526
416,0.3800963592849235,0.41299422779754025
417,0.3800549148080067,0.412935130882642
418,0.3799939532019568,0.4130529491267839
419,0.3799833276186269,0.41295532045780486
420,0.37991426122967575,0.4129035078283203
421,0.37982752165200456,0.4128334150300939
422,0.37975943619352986,0.4126705022171776
423,0.379670070667793,0.4124977929367801
424,0.37951910588728427,0.4123744358897742
425,0.37946265635790866,0.41214103954395626
426,0.37939200774672377,0.41214734188520535
427,0.3793578999320997,0.41218101620293096
428,0.3792011278806574,0.4120042372787188
429,0.3791652590973959,0.41186562007109984
430,0.37913310196091565,0.41191925220154485
431,0.37906436990034864,0.411980182777761
432,0.3790338640822815,0.4121914071908596
433,0.3789826853908247,0.4122918697819484
434,0.3788327289026426,0.4122491535724186
435,0.37882158976880337,0.4122789540673054
436,0.37875947680464,0.4121811772227776
437,0.3787290326473198,0.4120573645102483
438,0.3787012282031146,0.4121384854172287
439,0.3786300279013674,0.4121798507854446
440,0.3786185249167735,0.41230173220038563
441,0.3785304659132265,0.4123853812911645
442,0.3784275793741953,0.4121679282417038
443,0.37834956969657413,0.4120402672358575
444,0.3782332311857326,0.4120438301208861
445,0.3781021522051165,0.4120165073287848
446,0.3780841028015077,0.4120083268188022
447,0.37798752839997807,0.4119913527194518
448,0.37794203488681183,0.41201005899370485
449,0.37788527302718267,0.41211990159016026
450,0.37786224452193123,0.4120998887295253
451,0.37776720542277975,0.41209926991237933
452,0.3776853196034987,0.4121248912391768
453,0.37764090539860723,0.4119179962589493
454,0.37756051210342434,0.41197212791863863
455,0.3774587219516946,0.4117647118084022
456,0.3773854965595461,0.4117043316151573
457,0.3773067198710635,0.41174476586519015
458,0.3771953921072899,0.4117410050412823
459,0.37715680672950636,0.4117771359641464
460,0.37712544580560287,0.41184720485503556
461,0.3770915783061996,0.41181140106315645
462,0.3769554245863401,0.41148009022018966
463,0.37688429184560485,0.41164105583829463
464,0.37684675051627425,0.4116631683439401
465,0.3768134572747184,0.4115701964265614
466,0.3767811057368501,0.41149027839806135
467,0.37672168248443355,0.4112966798010995
468,0.376694073891214,0.4113216732990259
469,0.3766439028195519,0.41121396710384034
470,0.3765501825273988,0.4113355210437527
471,0.3764882374258616,0.41139346408050104
472,0.37645493007454905,0.41164819697933613
473,0.37636800552573796,0.4116286773266051
474,0.37633499729386705,0.4116707007801151
475,0.37626104356398654,0.4116569461177039
476,0.3762342963391521,0.41164896045945576
477,0.37617486735506606,0.4116333798646868
478,0.37610213156002764,0.4115443930904776
479,0.37601702008292315,0.4115297340990489
480,0.3759960578943029,0.4114834858824119
481,0.3759802534017848,0.4115193294298344
482,0.37594430119126226,0.4114362971224594
483,0.3758683901458011,0.4114571995986949
484,0.37579158359749076,0.41143456394872013
485,0.3757492521630199,0.41135242049117104
486,0.37567125444920507,0.411137688249283
487,0.3756304289444889,0.41113341492050454
488,0.3756007113733806,0.41112469077987046
489,0.375569559890788,0.41126785669272325
490,0.3755432015563807,0.41126964515946296
491,0.3754720358255032,0.41128335167147967
492,0.37539291308199707,0.4111901129889112
493,0.3753084047531664,0.4110517810517783
494,0.375292988913446,0.4109936173415217
495,0.37521964263056246,0.41099998021596357
496,0.3751653907422799,0.41100277417258924
497,0.375081536864484,0.4110387875499664
498,0.37507491692475586,0.4110227064724342
499,0.3749692691004388,0.41081911633984214
500,0.37486245896565945,0.4105454272513815
501,0.37482130168646904,0.4105048863894224
502,0.37469289653770566,0.41031458205057914
503,0.3746351107849983,0.41033238386726073
504,0.37454553654772166,0.4101474341920687
505,0.37448355634547614,0.4098739840567497
506,0.3744561576548347,0.4099105145354952
507,0.37436285748490833,0.4098615136299034
508,0.3742995780695166,0.40996361617276367
509,0.37422312557480364,0.4097446091232642
510,0.374125982321006,0.40969821129293876
511,0.3740512637249424,0.40972534994675214
512,0.37399180855605263,0.4096822325193879
513,0.37391727628787186,0.40966555549251704
514,0.3738117720780287,0.4096491674688213
515,0.37374379175782446,0.40981197714539247
516,0.37371053125027975,0.4098432946010551
517,0.37369088183645355,0.4098404312770825
518,0.3735655556019624,0.4098614015743181
519,0.37350736040728844,0.4100138812280577
520,0.3734804934486451,0.40996419004873996
521,0.3733458029698772,0.4097035482716344
522,0.3732553841144925,0.4095906644279013
523,0.37317914646863565,0.4093114586413839
524,0.3731486555548518,0.40933344366219426
525,0.37311291866532226,0.4093164310475225
526,0.3730378406340183,0.40937233155976166
527,0.3729689153013527,0.40935039076336327
528,0.3729128068711249,0.40935552381201024
529,0.37288622574352037,0.4093475809030405
530,0.37278432351127005,0.40918183420963267
531,0.3727432157503645,0.40909153773970053
532,0.37267475928241667,0.40904380789890427
533,0.3726707065978897,0.409126819263082
534,0.37258045199189105,0.40917620202017785
535,0.37240224269775873,0.4090136395436235
536,0.3723642942536116,0.4090205245348879
537,0.3723007878203057,0.4089659193305016
538,0.37228941486344513,0.40903414957051454
539,0.37224092742202464,0.4091501308183344
540,0.3721846025483371,0.40908044850955
541,0.37214535357280715,0.40886280770471845
542,0.37212648756465816,0.40882799797714525
543,0.3720986272648036,0.4089271831451041
544,0.3720665965487138,0.408882618124311
545,0.37201993551018764,0.408927057352742
546,0.3720014764647954,0.408857669300273
547,0.3719393608087698,0.40882184988307624
548,0.3719345585141041,0.4086530548025592
549,0.3718360606182033,0.4086060154380308
550,0.3717997328664803,0.4085562774678461
551,0.3716767209347061,0.40832971835688364
552,0.37163142984728825,0.40840185035571325
553,0.371599019025893,0.4083211528980788
554,0.37151981618182295,0.4081672823080625
555,0.3714626924604731,0.40810129931797723
556,0.3714077793281902,0.4079729722740634
557,0.3713476273608409,0.4079707608546215
558,0.3713201177189682,0.4080494565402769
559,0.3712535212032667,0.4079054080924646
560,0.37124323448814267,0.4078981132221583
561,0.3711966487087831,0.40789821249818525
562,0.37114613348105197,0.40786440149985453
563,0.3710514144692824,0.4079335484637064
564,0.37100199038782167,0.4080014500532081
565,0.37090216060732184,0.4080874459399974
566,0.3708974986106087,0.40812800289802215
567,0.37083547846082277,0.4079580677177502
568,0.37077127824180606,0.40789422858413954
569,0.37074790011454484,0.40796457178143425
570,0.37068668637505187,0.40777315382310214
571,0.3706263178856111,0.4077720091444215
572,0.37053244304536814,0.40756647768333304
573,0.37049340301958567,0.40755742326815353
574,0.3704754898184922,0.40762111476632695
575,0.37044657499610134,0.4076982963998555
576,0.3704158213945406,0.4076857132247123
577,0.3703672025830982,0.4074862573403114
578,0.3703374298308382,0.4076319083686115
579,0.37028503451132805,0.4076996837329219
580,0.3701890441284938,0.407610273190294
581,0.37015053341586096,0.4074801716032367
582,0.3699336184711624,0.4073365382214799
583,0.36991310357524354,0.40724281593556066
584,0.36981067902112286,0.4072096262579412
585,0.36968360500729813,0.40713280125298235
586,0.3695649585589722,0.4070867354063227
587,0.3695494352468931,0.40713875507473457
588,0.3695192485747094,0.40703476431743496
589,0.36946581952934815,0.40705070649241326
590,0.3694039679052383,0.40710429697553696
591,0.36938322449890704,0.40712113744073364
592,0.3693273759104528,0.40720443537897155
593,0.3692880676479269,0.4071451209692697
594,0.36917865493996027,0.4070984207379494
595,0.36910017309971715,0.4074768161760919
596,0.36906147940914136,0.4072694051030435
597,0.3689597945839355,0.4070935740746935
598,0.3689525188638352,0.40716160979129323
599,0.36889262022906166,0.40700735142704214
600,0.3688397860961178,0.40706794044833405
601,0.368772081023016,0.4069445249028023
602,0.3687606318127609,0.40699508936258166
603,0.3686990651725494,0.40671503380248036
604,0.3686392808765282,0.4067557174074274
605,0.3685904806585039,0.406969752403618
606,0.36857823191475664,0.4069651051798083
607,0.3685715700317473,0.4070144185741814
608,0.3685578277202978,0.4069853632686828
609,0.3685370358747856,0.40681036961123407
610,0.3685068936910048,0.4066666967666485
611,0.3684455761125139,0.4066057521743513
612,0.36834091293274696,0.40637832289643017
613,0.36829285650045285,0.406444151397025
614,0.3681446404814043,0.4062206258876166
615,0.36806689354012667,0.40621729644409416
616,0.3679546501703962,0.40608834149870865
617,0.36791921070834005,0.40606067011266017
618,0.36787981930232083,0.405996430943634
619,0.3678170857795632,0.40569348799299665
620,0.36776260429806407,0.4055268043035303
621,0.3677019253319954,0.4056713399893485
622,0.3676326469644749,0.405830147446345
623,0.3675400673177973,0.4058139703653627
624,0.36749740811594445,0.40564684003412116
625,0.3673798018299332,0.4056819451296778
626,0.3673654558675455,0.40559541942485144
627,0.3673307214537971,0.4054660091214548
628,0.3672653730353468,0.40554917412611186
629,0.3672437117436657,0.40556064350512006
630,0.3672129372504836,0.40555942611391504
631,0.3671935695483226,0.40557410832875535
632,0.36710657454971135,0.40556837880129387
633,0.3670638582277428,0.4056018603227611
634,0.36699680816465424,0.4054795613081417
635,0.3669819350795867,0.40557293559432905
636,0.36690782791332915,0.4053776869296014
637,0.36689034456489844,0.40543811311001976
638,0.3668810138284609,0.4053148371250717
639,0.3667520121835461,0.4051484268643295
640,0.36670751668739926,0.4051955232698222
641,0.3666478400045799,0.40509818136773434
642,0.3666282079795661,0.4050674241825997
643,0.36662775685808124,0.4050499222106314
644,0.3665750929543451,0.4050176135711039
645,0.3665617019220676,0.40487641623278836
646,0.36648875890405597,0.4047730477751522
647,0.3664663123028288,0.4048033501446994
648,0.3664072506338578,0.40475162040477375
649,0.3663823791612601,0.40485274161803125
650,0.36631667991287903,0.4047294475037379
651,0.36626912087379226,0.4047814108872492
652,0.36621539059171637,0.4046840362580051
653,0.36618752439622215,0.4047056831412069
654,0.36616906282536615,0.40475258131186886
655,0.3661182539544256,0.4047122320434025
656,0.36596378918325745,0.4047051689951924
657,0.36594098938933384,0.40457429345040524
658,0.3658248381972496,0.4043764765194017
659,0.36573621774414244,0.4041420659535891
660,0.36568980095149484,0.40411895920421703
661,0.3656836981072916,0.4040616267062946
662,0.3656784557070891,0.4041506572369423
663,0.3656659703510937,0.4040962472764263
664,0.3656492731155241,0.4042014239060895
665,0.365640044674707,0.40420815601756255
666,0.3655729245552657,0.4042885280500953
667,0.3654801607599585,0.4042433050457414
668,0.36544421281549233,0.4040860434306939
669,0.36538435440381695,0.40382000948085106
670,0.3653051172954828,0.4039666667809967
671,0.3652650080259884,0.4039364511997077
672,0.36520340900618636,0.40396000774736335
673,0.3651932111498628,0.40376280335470843
674,0.36513139443965326,0.4038195244102279
675,0.3650964250360128,0.40385578481190076
676,0.36505841395695354,0.40393284804168295
677,0.3650093283494419,0.4040731995975989
678,0.36496586444331386,0.4040465647120735
679,0.36489810055055405,0.4040235861027918
680,0.3648776380740812,0.40401000705433876
681,0.3648788866424285,0.40392149605556155
682,0.3648060051083004,0.4041073142676665
683,0.3647677939334759,0.4043815452684098
684,0.3647416954615408,0.4043447379801559
685,0.3647269898804003,0.4043910160231614
686,0.3646460512219016,0.4043087691027956
687,0.3645984611088567,0.4043457629246954
688,0.36458174154756307,0.40443165019726107
689,0.3645230751788289,0.40433648345222495
690,0.36443931171645116,0.4043072812363705
691,0.3644013570171559,0.40425820165760484
692,0.3643505529394507,0.4041730763215864
693,0.3642846287540034,0.4041975671069395
694,0.36419249594893593,0.4042507841089017
695,0.3641841311320183,0.4044148203890952
696,0.3641388238643451,0.40471717613761227
697,0.3640396210558917,0.4043780919594474
698,0.36403129973609777,0.40442932901909534
699,0.3639861223403978,0.40450898733021473
700,0.3639007626443191,0.4042534993567468
701,0.3638720036953085,0.404214397219843
702,0.3638334753641547,0.40418283504368263
703,0.36376412665963576,0.4043830862063489
704,0.36373794744553717,0.40444469586284804
705,0.3637018870568212,0.40430593297029765
706,0.3636915438611575,0.4042680042031912
707,0.3636464229952576,0.4041038348298805
708,0.36361666822657757,0.4041174835434818
709,0.3635516758217921,0.4040062766907831
710,0.3635186511973603,0.4039767102163577
711,0.36353672165309153,0.4040550832070647
712,0.36350329273330845,0.40390732131950197
713,0.36346958008779134,0.4038222901316872
714,0.36346223819331364,0.40385082661097477
715,0.3634430499521792,0.4038225060426875
716,0.36340646764515827,0.4037858190259118
717,0.36335941433764557,0.40362933175471843
718,0.36331452738241826,0.40364915715362193
719,0.3632557931740502,0.403491801174881
720,0.363184003001331,0.403425522776119
721,0.36318254369240033,0.4033869758683933
722,0.36312446457285064,0.4033933770514529
723,0.36306899833330586,0.4031743852235747
724,0.36305410051898745,0.40323506008607984
725,0.36298701028182995,0.4031815383196721
726,0.3629463034719442,0.40333688321413314
727,0.36288061094882446,0.4032864825052784
728,0.36285456821771334,0.4034545846226095
729,0.36283494438334274,0.4033868193201898
730,0.36280024728499793,0.4033777298823798
731,0.3627071449152551,0.40322079121568927
732,0.3626529218480759,0.403220814349853
733,0.36260503861795984,0.40328503929655685
734,0.3625902738704304,0.4033082031655054
735,0.36243479665171524,0.40305815393275324
736,0.36239344515320376,0.40313366440410586
737,0.36237608747665967,0.40324256432685696
738,0.3623760133997431,0.4032674244935176
739,0.3622875375662652,0.4031369528786835
740,0.3622682604812472,0.403010491475966
741,0.36224609459670565,0.4028567213638174
742,0.3622009957104927,0.40283023856918754
743,0.362178617246023,0.40290223531399105
744,0.36216693500559644,0.40288769414134196
745,0.362135679377458,0.4029041949896347
746,0.36210870827269065,0.4029270789670169
747,0.36203791749102127,0.4025498741235151
748,0.36202279394395376,0.4025598615125865
749,0.36198498249748456,0.4026455771790257
750,0.36194207321597816,0.4025210679800998
751,0.36189015224562815,0.40249872498321526
752,0.3618554240937347,0.40242233975071834
753,0.361812734415004,0.4023683627446801
754,0.36177292295949226,0.40240011827709465
755,0.36173812518395143,0.40238499468009337
756,0.36169298080701323,0.402251078315771
757,0.36163819846889106,0.4021611705962513
758,0.36159817288082297,0.4020285348980405
759,0.36158944463105475,0.40205143443368885
760,0.3615772232965101,0.40188604098991626
761,0.3615324617972214,0.40189045070149854
762,0.3614887462536658,0.40191499686956245
763,0.3614252347766017,0.4017899672994658
764,0.36138291225323665,0.4017145439368315
765,0.3613764579821959,0.4017499491041517
766,0.3613503652600271,0.40179242554621064
767,0.361349194242381,0.4017086084853477
768,0.3613091837766834,0.40143919974387937
769,0.36129373486917205,0.40147630192659417
770,0.3612219052902567,0.401372717339231
771,0.36117916465243166,0.4011369128859497
772,0.36111194557401155,0.40085992034776236
773,0.3610329980521294,0.4008615785185895
774,0.36101290392905644,0.40089287984905375
775,0.3609122810086274,0.40068345530700333
776,0.3608618740442546,0.4005726272857155
777,0.3608141981775502,0.4005986655518494
778,0.36079496447702764,0.4007273064741297
779,0.36074954336788945,0.40050142788713894
780,0.36073200822114504,0.400710879068067
781,0.3607039873307626,0.40082917810124535
782,0.3606312032858951,0.4008414311058886
783,0.36062002426065615,0.4007881886058495
784,0.36055580719289937,0.40084593189656437
785,0.36054560451738044,0.4009169181535999
786,0.3605199675412785,0.40096955024151737
787,0.3604932205609539,0.40099831191451096
788,0.3604464911913459,0.40093467726632065
789,0.3604067035785131,0.4009573324264398
790,0.36037196003747973,0.400931994273959
791,0.3602390169910254,0.40085275450355146
792,0.36021500735958567,0.40082717516072014
793,0.36020509203425755,0.4009161515132725
794,0.3602135627050515,0.4010668534826202
795,0.3601864416726712,0.4009268938063421
796,0.36016538451938684,0.4008392239634092
797,0.3601305907169995,0.400808136470897
798,0.3600476952540837,0.40070162051336056
799,0.36003435014246155,0.4006548306267512
800,0.36000937782476605,0.4006708667492411
801,0.35994985085343817,0.4007112800454408
802,0.35988879984654976,0.4006804345599205
803,0.35987766774203367,0.40079472044736236
804,0.3598652460731114,0.40090889497516746
805,0.3598345809978432,0.40086563479926623
806,0.3598089926626472,0.40088729681946567
807,0.35981375252229475,0.400940259148634
808,0.35970865553145503,0.4007716076961851
809,0.35969028423297694,0.40071415343407873
810,0.3596407709917184,0.40069320439448897
811,0.35964704780105794,0.4007513259418213
812,0.3596060556510608,0.40078893297027274
813,0.3595595025895235,0.40068942405673735
814,0.3595179437316477,0.40061994472263307
815,0.35949596893948904,0.40049417162741335
816,0.3594016614337092,0.40033359643832117
817,0.3592876036627612,0.40016727492790355
818,0.359278744811133,0.40020982228781815
819,0.35922831701671437,0.4001665764891514
820,0.35921325181647423,0.4001257407840604
821,0.3591772086885051,0.4001512389418289
822,0.3591386271390425,0.4002453924587705
823,0.359107290115404,0.40006508857248557
824,0.3590565608092913,0.4000185276057974
825,0.35902968495775467,0.39991240359495034
826,0.3589915598171775,0.399978308050589
827,0.3589666956445461,0.400000587032688
828,0.3589142177107452,0.400062512816323
829,0.3589084792489855,0.3999886907925672
830,0.3588853659445819,0.4001898814955506
831,0.35885881323197144,0.40016384049371445
832,0.3588694846143089,0.40023316660074676
833,0.35882093732489023,0.40044710569707037
834,0.35879505497789893,0.4003435320122854
835,0.35877174272448026,0.4004252779944
836,0.3586829205849935,0.4003589256701745
837,0.35868517461307775,0.4002717602900909
838,0.358639527240658,0.40036600500311936
839,0.3586036032028168,0.4002914254686794
840,0.3585750867090222,0.40032864726253053
841,0.35852533671542397,0.40043146000035634
842,0.3585081877366591,0.40043675497288944
843,0.3584611865623963,0.4003766247546698
844,0.35833077558729337,0.40038227130424936
845,0.3583140248291797,0.40033562926070576
846,0.3582496442165418,0.40036435724839997
847,0.358224544967697,0.40040829711452186
848,0.35817086664750025,0.4001387976255183
849,0.35816915381519643,0.4000402402563729
850,0.35814397239419055,0.40006554398228816
851,0.35807008602059054,0.40000537600712305
852,0.3580597103699424,0.39992376214564734
853,0.3580366560258087,0.4000631963585382
854,0.35802577638435257,0.3999338443844201
855,0.3580020673077869,0.4000788148568412
856,0.357997679594765,0.40008847547931803
857,0.35795553975112077,0.40019568227335084
858,0.3579193620416626,0.40003835108564
859,0.35786436477327743,0.3999260389578992
860,0.3578737640245983,0.4002464416463672
861,0.3578517116702328,0.40021968124177243
862,0.35781454981900457,0.39997680219724524
863,0.35781331117830845,0.3998681999527495
864,0.3577747491636085,0.40006636051681216
865,0.3576829388412398,0.3999327186780844
866,0.35766664942470244,0.39978446775599724
867,0.35765778127609515,0.39979310237590776
868,0.3576222125212804,0.39980517481634065
869,0.3575872763462211,0.39994795269970046
870,0.3575597549573573,0.4000500699023364
871,0.357529751639161,0.40003494459159056
872,0.35749657044077565,0.39991365038848076
873,0.35746015414263965,0.3999046747440467
874,0.35742460972044837,0.3998924191905206
875,0.3574225127956938,0.3999177099704047
876,0.35739545510544807,0.39972438380240566
877,0.35739715005373357,0.3996861695779937
878,0.35737491829598544,0.3996214452435474
879,0.3573104926890425,0.3996434986115967
880,0.357301517323456,0.39960534615273835
881,0.3572737719886896,0.39953779044737736
882,0.3572007834077388,0.3995561106708511
883,0.35714853089759535,0.3995190795234478
884,0.3571325835080016,0.3995807034045813
885,0.3571079539562716,0.3995882302403354
886,0.35709858214416057,0.39958778216828184
887,0.35705856837269573,0.3996322341619361
888,0.3570033988880347,0.3995278533340026
889,0.35683400971475715,0.3992789972974903
890,0.35678405923917356,0.39915292395941004
891,0.3567180487109075,0.39914418981746286
892,0.3566598718305867,0.39920505345914636
893,0.3566060433083757,0.3990794976950321
894,0.3565746715289097,0.3993292383164308
895,0.3565626001578247,0.3994855084317776
896,0.35652205357363903,0.39938515078326337
897,0.3565204025433878,0.3994405360669527
898,0.35650538004094584,0.3994894618119456
899,0.3565016748776337,0.39945991180537505
900,0.35642844394536477,0.39934527808467396
901,0.3564161924304876,0.39937903979643363
902,0.3563620085096732,0.3994034629263346
903,0.35632775453094373,0.39928797286377465
904,0.35630010276628593,0.3992411750216174
905,0.35623398494888453,0.3992280529515102
906,0.35622596918129545,0.39913809245319104
907,0.35622569357653466,0.3990930297620994
908,0.3561965460831918,0.3989959276344187
909,0.3561986050716996,0.39898671665855023
910,0.3561657150753577,0.3990778442178118
911,0.35610963955704517,0.39887449926305507
912,0.3560845558494579,0.3988162149372765
913,0.3560890535770693,0.398889919879357
914,0.3560708723105453,0.3989050118895405
915,0.3560265237958683,0.39877282678220854
916,0.3559728096787262,0.3986151939676011
917,0.3558880721459636,0.39855649875469557
918,0.355849331421285,0.3985618992617063
919,0.355808466735051,0.3984772032177651
920,0.3557330567014145,0.3982810911009423
921,0.3556893677529348,0.39816390482991815
922,0.3556563333658049,0.3980255488189753
923,0.35561764264045187,0.3979894123164994
924,0.3555375047475918,0.39788056625878254
925,0.3554890360477373,0.39789168293612837
926,0.3554239690008124,0.397994731897405
927,0.3553516674349822,0.39807356610873856
928,0.35534677351345056,0.39805624352364827
929,0.35529273562312547,0.397963374591402
930,0.35527836345702773,0.3980565348962856
931,0.3552461429411207,0.3979604007914855
932,0.35519197403594593,0.3979883823232113
933,0.35518298519919583,0.3980628885139176
934,0.35508672292579013,0.397815218633235
935,0.35504750953865827,0.39780058417295394
936,0.35500962624401744,0.397717198112826
937,0.3549671706954919,0.3978892602488887
938,0.3549573415805229,0.3977699082921876
939,0.3549500550163079,0.39783272007526504
940,0.3549232858912855,0.3978599754454385
941,0.3549031374332763,0.3977749290244419
942,0.3548888892827124,0.39774610591467835
943,0.3548709367153167,0.39753273860602284
944,0.35486200789914973,0.39756212014447834
945,0.3548193631465573,0.3975616206526904
946,0.35477811408335325,0.3974190948257276
947,0.3547615905514698,0.3975022967027125
948,0.3547424857660426,0.39735387640384645
949,0.3546920245084199,0.39729213426832954
950,0.354672212518154,0.39742289835822053
951,0.3545296305129344,0.397349487033385
952,0.3544635658977687,0.3973788824921997
953,0.3544429345097465,0.39751427523817684
954,0.3544303073887978,0.3974062640695299
955,0.3543440365777283,0.3972655261826055
956,0.35430223405521216,0.39722560619743025
957,0.35424645329800836,0.3969701205698409
958,0.3541937992679797,0.3970039191904599
959,0.3541156980843309,0.396818071854409
960,0.3541019714236452,0.3968446200141034
961,0.35409004682097295,0.39689706753044135
962,0.3540095679008899,0.3970193913573623
963,0.3539979792242698,0.3970230651932446
964,0.35394903508106096,0.39685110555306935
965,0.35391955882720677,0.39679952924183265
966,0.35390011930832677,0.39691826224635984
967,0.3538854823541775,0.39696292480955114
968,0.35385572695401585,0.3969386059521719
969,0.35381036161622925,0.39714885804508077
970,0.35372897679391374,0.39696996862183453
971,0.3537041072992491,0.3970299332792008
972,0.3536400384722249,0.39679800967483336
973,0.35361545589706933,0.39687123323967377
974,0.35360082291121686,0.3968761625025484
975,0.35358775332797876,0.3968627921845708
976,0.35358223176163744,0.39672568864619145
977,0.3535436895101946,0.3968328318744528
978,0.35349989423442973,0.3965314249605192
979,0.3534511951093664,0.39656588392907455
980,0.3534221138425522,0.39638665314882165
981,0.3533185948912047,0.3963389015352389
982,0.35329927124422084,0.39628614961283415
983,0.35329865688440276,0.39636154988061084
984,0.35323690010972697,0.3964442458709419
985,0.35319015010821336,0.396563156482476
986,0.3531712317671132,0.39649926307458566
987,0.35316025645434873,0.39652370387464464
988,0.35316318282887604,0.39678089485883844
989,0.3531286952455593,0.39691202543341103
990,0.35311726587545844,0.39690639744785566
991,0.3531018227781325,0.396921600618371
992,0.353071996303685,0.39708788376190546
993,0.35296950178381137,0.39705282962134675
994,0.3529115178344088,0.39686971357556533
995,0.3528610755363236,0.39685205816057284
996,0.35284616217450343,0.3969254254075849
997,0.3528738809873329,0.3968973378835814
998,0.3528142694158603,0.39696253462978515
999,0.3528041936921315,0.3967565724102719
1000,0.35273934255576356,0.39683025677678246
1001,0.35266248010075113,0.39674712240542426
1002,0.3526550648421875,0.3967394852768463
1003,0.3526378687994283,0.3967392778887886
1004,0.3526053678381148,0.3967147958321569
1005,0.3525941820032589,0.39657830880435097
1006,0.35257097023334805,0.3966388599752877
1007,0.3525698721365018,0.3968126050593348
1008,0.3525262746102146,0.3967301074374752
1009,0.3525043316705831,0.39672453796801777
1010,0.352486716561574,0.3966539150655136
1011,0.3524524501744225,0.39650342359448953
1012,0.3524235565892275,0.39666865125868206
1013,0.3523743179418505,0.39659522120704893
1014,0.35236486761331437,0.39675307014583433
1015,0.3523131261179827,0.39670773104846835
1016,0.35224554904784916,0.3966503552736413
1017,0.35223292656304594,0.39650192332861883
1018,0.3521394652360391,0.39647397136661594
1019,0.3520996089727413,0.3964715719198976
1020,0.3520763519286891,0.3964787128352761
1021,0.3520212003544111,0.3963699525253627
1022,0.3519471574125815,0.3961902354522992
1023,0.3519208139323298,0.39618234387474077
1024,0.3519133540110439,0.39619932633611005
1025,0.35187269458569204,0.3962146185672368
1026,0.35184071942812806,0.3960837252787661
1027,0.35182628847076064,0.39617923618494993
1028,0.3518256889880518,0.396189640120297
1029,0.35178860866449413,0.39617393211791774
1030,0.35176989771282335,0.3962584903728228
1031,0.3516956403784903,0.39611472728289476
1032,0.35168420757079855,0.3960470556560811
1033,0.3516494646526319,0.39599091572411427
1034,0.35163856545351735,0.39599758918769845
1035,0.35156338202891035,0.39585274891454314
1036,0.3515518463264364,0.3957841846108799
1037,0.3515012831073199,0.3957744288797441
1038,0.351474555773519,0.3958433627302628
1039,0.35143360509518656,0.39583177868713365
1040,0.3513883727966679,0.3957358578760121
1041,0.35135407270983915,0.3957648485785215
1042,0.3513345258355072,0.39590933714792603
1043,0.35131342931505344,0.3958172079290392
1044,0.3512797507793701,0.39573639212083717
1045,0.35124022572728947,0.3958594717211141
1046,0.3512117054723578,0.39584377125116454
1047,0.3511449773983231,0.3957929737729972
1048,0.3510989142538573,0.3957469347682194
1049,0.3510559662557428,0.3958611165861439
1050,0.35104510513342907,0.3959109374662341
1051,0.35100697650351437,0.3958926799442608
1052,0.3510085162868562,0.39577580738559276
1053,0.350944135698386,0.3959112408859498
1054,0.3509394418524413,0.3958779097009402
1055,0.35090618174869326,0.39599099222528117
1056,0.3509155924324786,0.3960717587839061
1057,0.35090718679555616,0.39588661806273173
1058,0.35088592229528026,0.39588468056727044
1059,0.3508570036540506,0.39589184968683283
1060,0.3508236904257734,0.3960470027417914
1061,0.35078413382649926,0.3961358738100376
1062,0.3507357466013546,0.3961806812794378
1063,0.3507286904601513,0.396070659221654
1064,0.35066429110843367,0.3959031593384704
1065,0.35059576298166617,0.39585292339972344
1066,0.35058378858642336,0.3958961641963464
1067,0.3505544046965491,0.39593263945654183
1068,0.35053705894229836,0.39604115589173156
1069,0.3505290385422063,0.39603917674663686
1070,0.35048737761812937,0.3959714709184583
1071,0.35046934980434474,0.3958834906727401
1072,0.3504241764016296,0.39573120623142594
1073,0.35039473364410884,0.39580416242576316
1074,0.35033007950674877,0.3957244239446024
1075,0.35032074506716493,0.3956422172260194
1076,0.35026173049335185,0.3958286579865722
1077,0.3502166946224895,0.39582658063411313
1078,0.35021125249713125,0.39575865388687886
1079,0.3502285899289728,0.39564511131693153
1080,0.350174291802733,0.39551835728332013
1081,0.3501263056069507,0.3955017986458605
1082,0.35009140848835013,0.3954855681798405
1083,0.3500792723812111,0.3954588391081927
1084,0.35006783433104277,0.3953832524852659
1085,0.3500496349181829,0.3953692107729599
1086,0.3500311651089265,0.3953735207622758
1087,0.35001918403016646,0.39552297809437775
1088,0.3499907166059359,0.3954302884204555
1089,0.34997915909664906,0.3953675323571962
1090,0.349975097096468,0.39527496590316963
1091,0.3498957975654115,0.39519620368852765
1092,0.3498506560620556,0.3951736446650368
1093,0.3498247196642427,0.39507161363286025
1094,0.34982591384845113,0.3951676971452031
1095,0.3498177308268796,0.3951475458051325
1096,0.3497674788271711,0.3949743855463446
1097,0.3497363520753904,0.3949999334873278
1098,0.3496939220007459,0.3951486921799855
1099,0.34968703286236635,0.39515207724020535
1100,0.3496297596665185,0.3950505239996308
1101,0.34961318353763177,0.395059304324357
1102,0.3495896254336706,0.39504611930350264
1103,0.3495573887796571,0.39502248540012
1104,0.34951569260159787,0.39490346269369453
1105,0.3494709568629645,0.39510016154235206
1106,0.3494583291806667,0.3951819307011734
1107,0.3494112165557461,0.3949791525186307
1108,0.34940272984577114,0.3950129471480654
1109,0.34939174122280675,0.395047089133075
1110,0.3493829477211955,0.3951296309169193
1111,0.34936410797995093,0.3950946274215343
1112,0.3493280203412614,0.3951592919339963
1113,0.34931954071172017,0.3951894375564976
1114,0.3493086948466071,0.3953343712587868
1115,0.34928051512334557,0.3953023304101061
1116,0.3492739481534272,0.3952927945959525
1117,0.3492193554943418,0.39517970318474105
1118,0.34922835806659663,0.39515482755276155
1119,0.34922473513193314,0.3950765506094349
1120,0.3491971526003084,0.39511643896617415
1121,0.34917521588003614,0.3951424703357118
1122,0.3491334899937813,0.3951295878901863
1123,0.349123316746564,0.3952144043198246
1124,0.3490885489506715,0.39512205837560815
1125,0.3489942144380981,0.3949832460614589
1126,0.3489150839786873,0.3948414959966056
1127,0.34885749374416863,0.394846958531827
1128,0.3488313856835657,0.3948253171047697
1129,0.34880307750589773,0.3947232755501278
1130,0.3488051516502524,0.39486057496034976
1131,0.348758308661603,0.39492059193177903
1132,0.348724638897859,0.39470847538471693
1133,0.3487083949348703,0.3944957693284997
1134,0.348701987975687,0.39449134222883825
1135,0.34866722260714217,0.3943831025832726
1136,0.34865252631176413,0.3943085350145243
1137,0.3486512507980831,0.39441026980149846
1138,0.34862762878768966,0.3944524158136373
1139,0.3485405546023185,0.39442370937029203
1140,0.34853786807925874,0.39455258650353775
1141,0.34845972634393557,0.3946406872681312
1142,0.3484100994261073,0.39468385826596525
1143,0.3483969871299228,0.3946409251396623
1144,0.3483888089713722,0.3947922577512707
1145,0.34833788456907994,0.3947638970810842
1146,0.34832377190802727,0.39473060083315664
1147,0.34825517376670895,0.3945732281812445
1148,0.34824133522699624,0.3946463538314352
1149,0.3482328200498182,0.39472761321368943
1150,0.34819682831393783,0.39468692096695673
1151,0.3481849621716463,0.3947364960745339
1152,0.3481717039226791,0.39467112631180956
1153,0.34816440779199814,0.39457957601024884
1154,0.34816149529653617,0.3945263763061931
1155,0.3481238641294988,0.3945635130463396
1156,0.3481036262785142,0.39466734346771815
1157,0.34807365065305707,0.39452968230711477
1158,0.34805844624981014,0.39450057868706107
1159,0.3480537090312804,0.39467023236699245
1160,0.3480211776069652,0.39444623276445173
1161,0.3479976462268971,0.39457087317489037
1162,0.3479821023810863,0.3945273935620034
1163,0.3479601356780435,0.39448336089240776
1164,0.34796047197979313,0.394454785426126
1165,0.3479447400650444,0.3946680712727266
1166,0.34793335789105057,0.39470226400649283
1167,0.3479155297199163,0.39459058543197373
1168,0.34789295108295765,0.39460523639340417
1169,0.3478575785615906,0.3945465993946335
1170,0.3478458588077359,0.39460104636527976
1171,0.34782604753596674,0.394444637857433
1172,0.34773028637886166,0.394236187611049
1173,0.3477055302309763,0.39431327729797605
1174,0.347671314926417,0.394443423288866
1175,0.3476704667169237,0.3942877061201709
1176,0.3476573314615679,0.3942172283079205
1177,0.3476313836926348,0.39413576051935023
1178,0.34757652959277796,0.3941704587712181
1179,0.347564244197602,0.39414789152397317
1180,0.3475384070355975,0.39415378148076535
1181,0.3474604421492267,0.39418853994444114
1182,0.3474662021023476,0.3942690007564313
1183,0.3474335581038669,0.39430377278532447
1184,0.3474016212082928,0.39428766685803424
1185,0.34740606123749895,0.39431952091411143
1186,0.34735136724209914,0.39434209852336044
1187,0.34733163338735734,0.3943831778382059
1188,0.3472504463286269,0.39436685577933905
1189,0.3472555307899806,0.3944749491924629
1190,0.34724255582080193,0.3943668804593873
1191,0.34717552659383005,0.3943224686129498
1192,0.34713395989285134,0.39415544223561955
1193,0.3471116064944188,0.39414894563916336
1194,0.34709393615164424,0.39412017012997175
1195,0.3470958374079427,0.3941842110590804
1196,0.34708857360892165,0.39420529390299597
1197,0.34702562456789815,0.394057275680224
1198,0.3470226511328456,0.39408936541640344
1199,0.34697654222730046,0.3939987143410079
1200,0.34694699194151163,0.39387975474902776
1201,0.3469025008310454,0.3939357256274504
1202,0.3468937176798461,0.3938338341725049
1203,0.34689584498191706,0.3939127092935929
1204,0.34684853014413164,0.39390291068416233
1205,0.34677381006065783,0.3936918555253001
1206,0.3467548127813546,0.39365914231166244
1207,0.3466807584716426,0.39334784997275696
1208,0.346666937584563,0.39333499328657806
1209,0.34660793970268927,0.3932077783971929
1210,0.3465650954870852,0.3930870326025025
1211,0.3465152572439662,0.3931483588294268
1212,0.34648182419804485,0.39311799924504365
1213,0.34645116035712026,0.39316972098641595
1214,0.34642609804798163,0.3931645972103014
1215,0.34642833679012985,0.3931187755107332
1216,0.3463886314424863,0.39303247776722244
1217,0.34633018938800947,0.39309600331009453
1218,0.3463120507271805,0.3930554523464762
1219,0.3462426029793851,0.3931992356776414
1220,0.34623452188351833,0.3932328489576693
1221,0.3462066273064486,0.3932787501396539
1222,0.34621965888209333,0.39331157392634464
1223,0.34618501502743926,0.3933079991565486
1224,0.3461105287503354,0.39317555105371
1225,0.34608760252833154,0.3933440679101627
1226,0.3460707374791649,0.3933483904769576
1227,0.3460142911767514,0.3932915751220216
1228,0.3459969804714625,0.393262547443139
1229,0.34596519884629107,0.3933759558804392
1230,0.3459621806344425,0.39337470263054053
1231,0.34593464697453075,0.39347605534450936
1232,0.34593730625305175,0.39355183593917714
1233,0.34588051079556176,0.39356014409445617
1234,0.3458440561724148,0.3935364131647409
1235,0.345805019285423,0.3935169543110966
1236,0.3458011717771913,0.3935503024841884
1237,0.34576430816993375,0.39341153162915365
1238,0.34574545782046945,0.3936244781760734
1239,0.34571274135667424,0.3936737764010792
1240,0.34569935226058557,0.39366933763907647
1241,0.34563806227538785,0.39349669629019846
1242,0.34559744616301125,0.39334451117300334
1243,0.34556993712394274,0.39335625347946773
1244,0.34553075764781066,0.3932844330584436
1245,0.3455122458696021,0.39319979374656727
1246,0.3454769986101963,0.39310532794246134
1247,0.34546861424724157,0.39312506298365324
1248,0.34542552779930746,0.39289253492087733
1249,0.34542850422357707,0.39286600403828026
1250,0.34541478685275884,0.39283592442407567
1251,0.34540277520461304,0.39266976472425025
1252,0.34537879332974286,0.3927125028568545
1253,0.3453833538024086,0.3927463305274315
1254,0.34538000115694817,0.3928523387550908
1255,0.3453764919221548,0.3928458401415397
1256,0.345337406145122,0.39277667746682166
1257,0.34533021638508926,0.3927329880700566
1258,0.3453017522968645,0.3927747258923896
1259,0.34523255490879007,0.39280922451660466
1260,0.3451881410536937,0.39278232849220623
1261,0.3451804555568063,0.3928155102008674
1262,0.3451457833940048,0.3926533685822332
1263,0.3449769419816727,0.39255227393664
1264,0.34496397648587396,0.3926505869358053
1265,0.34493701961280016,0.3926224278174193
1266,0.3449267750255683,0.3925428710324836
1267,0.3448909024697797,0.39254916356062625
1268,0.34487927752529157,0.3924279013905737
1269,0.3448797998064007,0.39234319814529856
1270,0.3448670043804071,0.3924043048785901
1271,0.344859177553758,0.3924234656357163
1272,0.3448177213665063,0.39254855878684436
1273,0.3448083888493508,0.3926734935132511
1274,0.34477318948546903,0.3927033499598618
1275,0.3447761669850265,0.3927526062175487
1276,0.34473524107156045,0.3927703069297776
1277,0.344701664673714,0.3925815106592906
1278,0.34464915243685357,0.39250646546795637
1279,0.34462449515249044,0.39245174868104477
1280,0.34456361983652983,0.3923797005458708
1281,0.3445431193433862,0.3924130192819554
1282,0.34452534961997067,0.3925132188507168
1283,0.34447308034434415,0.3925469839007177
1284,0.34445272753653927,0.3928399484307721
1285,0.3444421502621856,0.3927170848182579
1286,0.34437884107395833,0.3925821303536555
1287,0.34438202119017725,0.39258764396896056
1288,0.3443545270114508,0.3926253703230013
1289,0.34434058242035753,0.39258184270122176
1290,0.3443200656538725,0.39259909058605663
1291,0.34425399939831175,0.3923326743153491
1292,0.3442212432897658,0.392570813336061
1293,0.34418791083419875,0.3924680419664834
1294,0.3441277599888538,0.3921906930535973
1295,0.3441086926250986,0.39226201339486094
1296,0.3440934861411193,0.39213209016370665
1297,0.3440790608842,0.3921178145768341
1298,0.3440575831141189,0.3920572356241381
1299,0.3440283490948496,0.39206090792777737
1300,0.34404916391953794,0.39200141422599444
1301,0.34401858327194523,0.3920819760101839
1302,0.34399619866113973,0.39203259141032715
1303,0.3439889873331378,0.39201539345807
1304,0.34397382340501503,0.39195823090085286
1305,0.34397102327175993,0.3920030914699749
1306,0.34395140887307235,0.39195755045618696
1307,0.34395492524039284,0.39187227305008215
1308,0.34391212811509,0.3917392838800413
1309,0.3439021584169552,0.3918805729658847
1310,0.34383315731656117,0.3918305590615609
1311,0.34371832574317374,0.3916261469033873
1312,0.34369200515704884,0.39160642907108517
1313,0.3436409697215981,0.39150588917166784
1314,0.3436239977774951,0.39169719211998566
1315,0.3436351771066222,0.39167624096203013
1316,0.34362814473663555,0.39146184395372596
1317,0.34360243604123697,0.3915260172853211
1318,0.3435962235626515,0.39160243145864393
1319,0.3435801261170902,0.39156993085868996
1320,0.3435461844382602,0.39148237659131635
1321,0.3434972699075014,0.39149802231623826
1322,0.3434846820611565,0.3915574374782567
1323,0.343463654459903,0.39148863173268417
1324,0.3434635090907869,0.3914472351718672
1325,0.34343496016519265,0.39138083540452523
1326,0.343427627271958,0.39129214133265455
1327,0.34337503720380863,0.3912014614632529
1328,0.3433297474700694,0.39138533821137106
1329,0.3433256135682356,0.39132794477771543
1330,0.3433194326497369,0.391510154576112
1331,0.3432826710653174,0.3913758770036007
1332,0.34327527172526984,0.3915068411743204
1333,0.34327559039178934,0.3914933714008952
1334,0.3432654834440663,0.39149441201699475
1335,0.3432402662978664,0.3915438712625408
1336,0.34323410701984,0.39153400870861327
1337,0.3431891326015241,0.3915148807533248
1338,0.3431776800103391,0.39154348290310814
1339,0.3431724855357257,0.3915412140181963
1340,0.34317071776978647,0.39131446705313533
1341,0.3431505619365327,0.39126394187190866
1342,0.3431014481222852,0.3912245913278293
1343,0.3430674125549462,0.3911171329197083
1344,0.3430554939153287,0.3910563427560927
1345,0.3430162993235329,0.39108472280070194
1346,0.3430119042544618,0.39107715249729325
1347,0.34299596021868156,0.39104185568269567
1348,0.3429682307549053,0.39099141643840407
1349,0.34295453885172383,0.3908807180568487
1350,0.3429112694860347,0.39076206953377607
1351,0.3428742104174807,0.39067161987885246
1352,0.34286394611208926,0.39069535523928633
1353,0.34285085086798867,0.39076062506240494
1354,0.342818991985944,0.3907128861819069
1355,0.34281172643806246,0.39058382262761565
1356,0.3428092404426061,0.39056179622214104
1357,0.3427933335034484,0.39067183083659474
1358,0.3427647049258955,0.3904770704794605
1359,0.34275102694566273,0.39045677172961574
1360,0.34267949099197564,0.39035143199827166
1361,0.3426683170037302,0.39048670301035365
1362,0.34266182907637527,0.3904522241078421
1363,0.3426364753899487,0.39053177003043055
1364,0.34260413314391375,0.3904528575706598
1365,0.3425911132496952,0.39060160367127206
1366,0.34256355945551215,0.39058260383595855
1367,0.342564353839267,0.39053373925120577
1368,0.3425698613159142,0.3905847176145059
1369,0.34253921784272756,0.39049542096166945
1370,0.3424891269974978,0.3904220655922572
1371,0.34247677518811787,0.3903175849104975
1372,0.3424665888027652,0.39041796239077226
1373,0.34246994528198127,0.3904235897240781
1374,0.342423591199871,0.3904027583904365
1375,0.34241366158260356,0.39025851984969834
1376,0.3424062718341147,0.3901754350881458
1377,0.3423755520961435,0.3900473607577339
1378,0.34235291064561696,0.39013377997340765
1379,0.34230068600565416,0.3901222752582452
1380,0.342219636954845,0.39025686281874716
1381,0.3422118628222166,0.39023542042905807
1382,0.34219967963605075,0.3901558643310537
1383,0.3421477968843276,0.3901633473322195
1384,0.34211216456587984,0.39020050679844026
1385,0.34205552811859496,0.39019213769263045
1386,0.3420373808721144,0.39030896096102813
1387,0.34201633317521163,0.39016829851308193
1388,0.34201512093601877,0.39026449539938196
1389,0.3420003219684556,0.390312765892817
1390,0.34198995389813025,0.3902285228110665
1391,0.34198945004718256,0.3900804149880339
1392,0.34198790922364797,0.39017053939427077
1393,0.3419757504657934,0.3903198188789052
1394,0.3419563712616714,0.39023337988904283
1395,0.3419267888394142,0.3900878392740281
1396,0.341913200186245,0.3901368644860293
1397,0.341869599060189,0.3901050116304057
1398,0.3418656447222389,0.39000411777615607
1399,0.34185837821129306,0.3900773015061473
1400,0.34183438717317544,0.39014426678675296
1401,0.34182644693504927,0.3901933684620022
1402,0.34179646567233846,0.3901163181070379
1403,0.3417619644230135,0.3901050377929863
1404,0.3417441207693063,0.3899093252061492
1405,0.34170447580175445,0.3899336472207305
1406,0.3416955179398057,0.389857326085793
1407,0.34166856710113325,0.38993309411361754
1408,0.3416512890611106,0.3898789815513589
1409,0.3415925915825715,0.3898058086973564
1410,0.3415615154867485,0.38991476082341986
1411,0.34155385773775804,0.3899142822743668
1412,0.34153867561612045,0.3900390779028453
1413,0.3415335527906712,0.38991981931655023
1414,0.341478850564156,0.389852852241507
1415,0.34144754488835666,0.38978154129531817
1416,0.3414280083454148,0.389743020564277
1417,0.3414189463908809,0.3898269904496716
1418,0.3414201412863011,0.3897817564763817
1419,0.34139446810939933,0.38975720015602316
1420,0.3413976006468757,0.3898081225118773
1421,0.34137714409471986,0.38984149050493766
1422,0.3413782491297111,0.3898681724950849
1423,0.341341429594629,0.389750590922483
1424,0.3413054108186522,0.389551853404779
1425,0.3412607179223605,0.38973396311281944
1426,0.3412524580765633,0.3899306685096365
1427,0.34123542211334185,0.389890179878504
1428,0.3412172220285283,0.39005759030755316
1429,0.3412026293020832,0.39002827635957915
1430,0.3411875650895376,0.3899896497962591
1431,0.3411775719235541,0.3899930439458914
1432,0.34118003621840814,0.3900960084941523
1433,0.3411569517825182,0.390194873080673
1434,0.3411348999500125,0.39007884030537393
1435,0.34111407083864614,0.3901076110416529
1436,0.34109370633958613,0.3901081875455866
1437,0.3410737171269253,0.39026720726852376
1438,0.34105262909504774,0.3902262977928815
1439,0.34102686987123665,0.3903708855647875
1440,0.3409809895898885,0.39028167016614623
1441,0.34096307603483694,0.39024309496128934
1442,0.34092471053012535,0.39023746419355804
1443,0.34093394966901036,0.3902093276336175
1444,0.34094670704572416,0.39032072014459285
1445,0.34092620299409343,0.3902700960101114
1446,0.34088765464759885,0.3902549270571458
1447,0.34086638296553545,0.3901987751865391
1448,0.34080556469574214,0.3901931459674669
1449,0.34078715364034756,0.3901711524946961
1450,0.34076516393997397,0.3901835242700194
1451,0.34073712221734864,0.3902525343726895
1452,0.34070725124461154,0.3905090752918765
1453,0.3407025925423335,0.3904243038646792
1454,0.340695779912381,0.3903669419228132
1455,0.34070534525740487,0.3904158503830788
1456,0.340670756343729,0.390588252778584
1457,0.3406235330650476,0.39061738227775217
1458,0.34060069474230675,0.3905989579609461
1459,0.34059047046927393,0.3905028824441509
1460,0.34058916759027363,0.39058546378215275
1461,0.34058729931567605,0.3906440304952018
1462,0.3405761612093098,0.390437685666271
1463,0.3405503719776933,0.3903849965561174
1464,0.3405466338152194,0.3904458032807663
1465,0.3405223885794622,0.39041408287294677
1466,0.3405017445456775,0.39029317044712186
1467,0.34042892949287934,0.3903639817466107
1468,0.3404017721347558,0.3902041433460441
1469,0.340372223044862,0.3900395940504635
1470,0.34035905319227167,0.3898784968296349
1471,0.3403192568826044,0.38989948153485615
1472,0.34026925423728804,0.38983432812636576
1473,0.3402556631627264,0.3899061693171781
1474,0.340216460630232,0.3897873518073815
