0,0.6378918129732497,0.641393671490869
1,0.5980506449967415,0.6038587022732991
2,0.5679204310063928,0.5775769770111967
3,0.5416087630725546,0.5534072830673948
4,0.5218210078280164,0.536448222670131
5,0.5014361141928376,0.516652414461461
6,0.4828692742113797,0.5003362727487025
7,0.46597699162503103,0.48672477478770626
8,0.45333141035214436,0.47766454080160825
9,0.443764255678997,0.47006758178950586
10,0.4325102396020823,0.4604326360369673
11,0.4231164926568707,0.45269045090927734
12,0.41408128937282773,0.4462603507814555
13,0.4077170863525633,0.4408697926690323
14,0.39931287263569076,0.433986049501693
15,0.3926876488603215,0.4289538713659941
16,0.38701519781451715,0.42474951985088694
17,0.3815610671587947,0.421628078753071
18,0.3749965451798349,0.41671624331136287
19,0.3698016472582547,0.4118764847791896
20,0.3660722598063555,0.40916930963168424
21,0.3623929369414101,0.40650533393130023
22,0.3583165522009992,0.4035736049166703
23,0.35363690737105885,0.401836034037665
24,0.3486374492323268,0.39965121633422157
25,0.34539594905970705,0.3983067636236283
26,0.3422344249433652,0.3959334492649126
27,0.33892107057239945,0.39406978287531796
28,0.33535802968090556,0.3917979862626226
29,0.33309888034733426,0.3908795534472673
30,0.3299495087124503,0.3887265339447494
31,0.32710519163705626,0.3860885239445628
32,0.32393109076309584,0.3836996371220515
33,0.32159629905117304,0.38238827396297004
34,0.31902060939633503,0.3815283945933375
35,0.31633251686437125,0.38052441315330515
36,0.3141258868583975,0.3793406264193318
37,0.3119932930424528,0.378344446600528
38,0.3092759254554059,0.3766003899867289
39,0.3058376217551359,0.37486706445376
40,0.3029671207795432,0.37371255642923323
41,0.30050871317767813,0.37219324471610393
42,0.29826644397421176,0.37020376192378845
43,0.2945202066976477,0.36832205009026664
44,0.29280216099607437,0.36720242751538235
45,0.29080033515392256,0.36622426733487884
46,0.28758650384806356,0.3639895922393048
47,0.28531308065223127,0.36249830743665223
48,0.2838345691487711,0.36217792654193925
49,0.28236869501380957,0.36142262759693583
50,0.28035480760652,0.36036486803768947
51,0.27835825491093596,0.36045037441783523
52,0.27627560446018495,0.3589795885466826
53,0.27461977582702335,0.35852153947687104
54,0.2722122207535532,0.3565851951854442
55,0.2699846193830685,0.35605840660720783
56,0.26820953884333104,0.3550475581441053
57,0.2661155238525633,0.3546357574794529
58,0.26451209332523895,0.3546881440199198
59,0.26286787167561443,0.35283659691193736
60,0.26134850843897406,0.3518805701832849
61,0.25915721298566285,0.3512481747779749
62,0.25757184450060516,0.3503892786147154
63,0.25586616341857,0.3496936335473496
64,0.25434261803120345,0.3486652899547134
65,0.2522902124096171,0.34717871694245833
66,0.2513494406343098,0.3471305434227644
67,0.2501346016119585,0.3461838509978741
68,0.24801362993227097,0.3455774772819998
69,0.24660756358323765,0.344835376433948
70,0.24443967908236097,0.3437538948834119
71,0.242536073171394,0.3435165680203924
72,0.24088191133743483,0.34285437280426356
73,0.2398027194647235,0.343238330459621
74,0.23731984022002234,0.34181580290228947
75,0.23518504925967446,0.34123389919234326
76,0.23347626187003476,0.34041510317928586
77,0.23194559470425768,0.3397814279174691
78,0.2305670153893449,0.33934452187646613
79,0.22827518163868546,0.3379081675062406
80,0.22697250229836458,0.3369465465069143
81,0.22575837545385427,0.33586219289791885
82,0.22380028036168695,0.3344232227650218
83,0.22211247948927818,0.334211330238228
84,0.2210823066658391,0.3345385088340202
85,0.21960668933190325,0.3333465444966116
86,0.21805083834544906,0.33264025405080205
87,0.2164444227322803,0.3320986849161686
88,0.21525385836740474,0.33151993665013035
89,0.21405868757564236,0.3311955174616659
90,0.2128055121716345,0.3315667598764427
91,0.21174904937895667,0.3322417975348623
92,0.21011910159159322,0.3314742241180744
93,0.2089201577725453,0.33144969485248377
94,0.2077986746582516,0.3309328056866742
95,0.20627503835456493,0.32995044804813206
96,0.204572903009015,0.32880476183142754
97,0.20341732627467105,0.32865878581781344
98,0.20172619180385737,0.327829141649427
99,0.20046330350631517,0.32768862992423076
100,0.19938467228424467,0.3274368745971298
101,0.1982870850094262,0.32725846588190993
102,0.19699811888072555,0.32695696987827016
103,0.195893000704056,0.3264855641486646
104,0.19417898562600858,0.3257442524086223
105,0.19268704881260862,0.32442913565813775
106,0.19142616067410936,0.32411091777968687
107,0.1900464600579149,0.3235188899360446
108,0.18905709350949604,0.3230749185132719
109,0.18726449642541274,0.3221609303161455
110,0.18636131854848095,0.3214807684822671
111,0.1849477212975965,0.3205714861413309
112,0.18385458892246462,0.32080311628413755
113,0.18282811336271101,0.3208192567800087
114,0.1814937951429835,0.32037361350259586
115,0.18033633947135674,0.3196292461105958
116,0.1790356299846388,0.31908538416326604
117,0.1779768336730775,0.31942608405922457
118,0.17686648780800024,0.31970109342851905
119,0.1759859177893418,0.32011328218315815
120,0.17504325192403178,0.319856458145587
121,0.1741575754387258,0.31945906446651784
122,0.17309333930067652,0.3197221483700807
123,0.17182945092361285,0.3197619299336851
124,0.17087399616260396,0.3199264808851029
125,0.17012001196701215,0.31999196568019583
126,0.16860625523678005,0.31927195023165383
127,0.16761523704187872,0.31960869468217984
128,0.16668061727090058,0.31916390773637227
129,0.16535836061631082,0.3188409593524292
130,0.1642974126185064,0.31813406589536775
131,0.16325810270489388,0.31857858752981955
132,0.16207766035699323,0.318533830297474
133,0.1610111513109406,0.3182424842810277
134,0.15996212850379377,0.31754956456181527
135,0.1590186898497626,0.3178334982415686
136,0.1582773884808295,0.3178055070989523
137,0.15714785927220395,0.3176346135004571
138,0.15583052725162147,0.31789029373427613
139,0.15534541292010612,0.3178028972997463
140,0.15420689814850733,0.3175843995849699
141,0.15353893594448237,0.3174366085280517
142,0.15293988831111904,0.31771165949548197
143,0.15234338633471947,0.31760300569736544
144,0.15131875940680858,0.3172724500485038
145,0.15047941993933092,0.31773285203383356
146,0.1499045105889632,0.31779357070074943
147,0.1492870978589328,0.31798979736835115
148,0.14874625182317527,0.3180135584701401
149,0.14817734294993637,0.3180106491722128
150,0.14731531986058527,0.3178791771129115
151,0.14654516771272963,0.31778211661363337
152,0.14589216124336674,0.317535571118168
153,0.1448550787795975,0.31771891055252405
154,0.1435669612032181,0.3178270426292377
155,0.1429009991582361,0.31804144398829653
156,0.14187728139352657,0.3171270214123157
157,0.141173649686569,0.31699080501838595
158,0.14025284919625125,0.3169512406451096
159,0.1392310861324246,0.31606054571267883
160,0.13869808920563864,0.3157738741675166
161,0.13810028409531716,0.31597419751287
162,0.13748205311840553,0.31547104793175484
163,0.1367102038659074,0.31559140764435345
164,0.13580441972113177,0.3159442714496941
165,0.13494603328458601,0.3156142839434322
166,0.13414722734316814,0.31507583404952666
167,0.1332137743316317,0.31447516843759443
168,0.1327524194651114,0.31399101332503543
169,0.1323701314916677,0.31407638150744105
170,0.13175214295827645,0.31412346303288113
171,0.13091434906824106,0.3137291490620684
172,0.1302405379142875,0.3145915818155352
173,0.1293856517560669,0.3148115837390913
174,0.12881439421122456,0.31456651435025823
175,0.12844436478827892,0.3145242130741577
176,0.12790089733195756,0.3145294053682471
177,0.1271623386053485,0.3148430739094001
178,0.12656855654219293,0.31451439480798976
179,0.12613052928814703,0.31459763098439547
180,0.1255306558315425,0.3144136514206378
181,0.12507158902574556,0.3142710433259066
182,0.12444148589269644,0.3141428057457385
183,0.12379514662014338,0.314013644026998
184,0.1232535808301848,0.314281440284473
185,0.12224196251241311,0.31383533111597367
186,0.1216723641904132,0.31357301295303086
187,0.12081907664415498,0.3133896232054387
188,0.1203630252296425,0.31367799798243357
189,0.11965517349015874,0.3130189754989006
190,0.11915138343121587,0.31304203870870745
191,0.11868087632180208,0.3127051306538514
192,0.11840979416060235,0.31235346514600143
193,0.11786579635908019,0.3126193683659309
194,0.11708752235329258,0.31199993098491074
195,0.11665436669873386,0.3121143927509778
196,0.11613690130997083,0.3120776759006343
197,0.11565471145341981,0.3117050054548257
198,0.11531312368595611,0.3116400081117925
199,0.11486039071712854,0.31132991950352457
200,0.11446223784582144,0.31174589290315163
201,0.11368348652935312,0.3114534110669211
202,0.11330063032890858,0.311394217952987
203,0.11272457694817915,0.311318103630678
204,0.11214752348792825,0.3111824010552833
205,0.11175752277999318,0.31088843994699483
206,0.11134667192930735,0.3107927086119703
207,0.11079781768101803,0.3107800952442303
208,0.11032311326815805,0.3104964083377984
209,0.10951962513625325,0.3105400199981956
210,0.1090464284190355,0.31093336782802844
211,0.10858193693947057,0.3114238966789142
212,0.10826803319148771,0.31131274641384915
213,0.10773982452422884,0.3114265896073746
214,0.10728593994867956,0.3112377360914504
215,0.10682116056743421,0.3115199427304875
216,0.1062596310688462,0.31219449191585863
217,0.10584515871807504,0.31253635257975126
218,0.10545063492321329,0.312733689400224
219,0.10504874690642069,0.3129236242418635
220,0.10438173932375713,0.3128913418886071
221,0.10404645508782275,0.31291496320815515
222,0.10369868501058993,0.31242929211656756
223,0.1032354057486268,0.3123952353322529
224,0.102924941668089,0.31235566243875645
225,0.10266381484394395,0.31217576333254554
226,0.10213834881900913,0.3119892124896486
227,0.10176003085821127,0.3119734811360773
228,0.10116913538821996,0.31213788271828136
229,0.1008133949802554,0.31213612535049734
230,0.1005851874403589,0.312212329102645
231,0.10017656403951636,0.31233843296777103
232,0.09978740430754252,0.3124173736489617
233,0.09942673926557069,0.3123766994334606
234,0.09896599050785129,0.3127205472521133
235,0.09830805940448113,0.3124981000541593
236,0.09765776527200223,0.3126865348898879
237,0.09722227609856007,0.3126423185387687
238,0.09691224387054292,0.3126380708777173
239,0.09664188146354426,0.31269618833773893
240,0.09618626947791242,0.3133821112747531
241,0.0958196342642518,0.313154332194512
242,0.0953521728515625,0.3131204490753092
243,0.09493415476430611,0.3133648558561286
244,0.09464040413395296,0.3129206164431969
245,0.09437525426264197,0.3130869162519192
246,0.09410207344971916,0.3133981616728803
247,0.09369718519436213,0.3131431044774827
248,0.09348404703452784,0.31301067679940514
249,0.09323483024832036,0.3126653244386147
250,0.09296604372420401,0.3127027455215714
251,0.0925197355086659,0.3126816840550029
252,0.09223000034911867,0.3125718325264672
253,0.09194034095317155,0.31229478343581085
254,0.09164422649849491,0.31224750363447773
255,0.0913243298497432,0.31247804848828425
256,0.09088377209145357,0.312107656710086
257,0.09048211894182132,0.31224149203217305
258,0.09026435920238021,0.31215883670102634
