0,0.6834882309558394,0.6848357169128639
1,0.6742991957495429,0.6770169862277894
2,0.6647104676768574,0.6687351216802646
3,0.6552375600499205,0.6610044695129242
4,0.647225905544593,0.6539849099886388
5,0.6405095249156441,0.648088861508064
6,0.6319767904982164,0.6413055615783139
7,0.6253841507935194,0.63563995810521
8,0.6182962861128728,0.6299477516717625
9,0.6125292381901465,0.6250506735652538
10,0.6067351096408442,0.6199602750859998
11,0.6004341646719713,0.6149469762281986
12,0.5946506753518582,0.6096336087119913
13,0.5897980202240523,0.6049633875301521
14,0.5845281947773425,0.6004580880749875
15,0.5785975585771149,0.595296010884805
16,0.5741183056594312,0.5910355625568989
17,0.5694039896959717,0.5871641092410762
18,0.564785445351257,0.5829773031859734
19,0.561399442438054,0.5798995257978924
20,0.5580093959627558,0.5766796704726266
21,0.5551547526007461,0.574375656336776
22,0.5515096101938434,0.5713992650286359
23,0.546951946147828,0.5677493553964035
24,0.5424412225596873,0.5641891352600821
25,0.5389469302540777,0.5610999354051581
26,0.534748073786442,0.5574611910786519
27,0.5310951822508494,0.5543872060119649
28,0.528203406948483,0.5520282106558757
29,0.5253114689642747,0.5495255629642073
30,0.5224105103456907,0.5471405153361661
31,0.5194999457347056,0.5446195869922754
32,0.5169776159361056,0.5425765497909913
33,0.5142836304228362,0.5403266656974978
34,0.5123727937346408,0.5388343952596789
35,0.5099134430458645,0.5368761145028419
36,0.5073066835121569,0.5351051621009356
37,0.5040599345321886,0.5321302400950049
38,0.5017582697726386,0.530460833739117
39,0.4997009123357206,0.5288646301971586
40,0.49757754531898984,0.5273225598013727
41,0.49499737964699325,0.5255113321977104
42,0.4928080450714879,0.5237273929755664
43,0.4909094840134542,0.5221864862719969
44,0.48839160264869735,0.5198972134570782
45,0.48575419059922825,0.5178813604473909
46,0.48281540841399884,0.5153188129139916
47,0.48042610598894975,0.5134356317855526
48,0.47783301768323716,0.5110986077563617
49,0.47570635697221175,0.5095923421924577
50,0.4740923333965033,0.508303177781166
51,0.4716839311255953,0.5066936776109172
52,0.4697969646007586,0.505080892314771
53,0.4674738770640821,0.5033057326816218
54,0.4652823671098676,0.5019220670768737
55,0.4630273847899565,0.4999865758311938
56,0.46113010545532257,0.49853515350943567
57,0.45864733396589896,0.49600306386545423
58,0.4559950479814655,0.4943183349300863
59,0.4544688081976884,0.49303175878439603
60,0.45321979602843626,0.49216063382595177
61,0.45128939084427055,0.4909780430785996
62,0.4494085015185983,0.48946854362013226
63,0.44773942224254,0.48804542657443994
64,0.44611270283379634,0.48722827671262525
65,0.4449197867259427,0.48616230041547176
66,0.44322406926480135,0.4848816470765478
67,0.4417868501150022,0.48382331707933024
68,0.4407710037060021,0.4831633340076477
69,0.43934495050973155,0.4820442177438408
70,0.43814426454233646,0.48126749916832223
71,0.43680433101682253,0.4804334729079499
72,0.43573151071322774,0.4796492661321368
73,0.43440236195138043,0.47878158521802583
74,0.43277110440246397,0.477330444437935
75,0.4312574420712185,0.4761287662128752
76,0.4299024677644118,0.4753774118035429
77,0.4285834912193962,0.4743110189384588
78,0.4270883542309512,0.4731201819501101
79,0.42578081989686956,0.4720890951881
80,0.4244682087090054,0.4710227777611376
81,0.4234172885441336,0.4704054440263895
82,0.42179448897781713,0.46930507059083093
83,0.4204789784298966,0.4682302395301127
84,0.4192894705559663,0.46737974385785075
85,0.4180387959165876,0.4666623608022758
86,0.41669781450718885,0.46561570219463566
87,0.4156051959144259,0.46482523119361646
88,0.4146718006229514,0.46424621412337364
89,0.4135063124356283,0.46329011114409213
90,0.41183849944856915,0.4621295052433125
91,0.41117800499711155,0.46184100065099026
92,0.41025568807988516,0.4613382058187941
93,0.40922930901755344,0.46096302578312076
94,0.4086128456747992,0.46052349762372036
95,0.4072199008256953,0.45953502874057556
96,0.40610047160767704,0.4585395105316756
97,0.40496370577340307,0.457941623826123
98,0.40375474845227854,0.4571665551201578
99,0.40302722284360093,0.45658656532959835
100,0.40200304741617426,0.45570279120237156
101,0.40114406651974577,0.4549235860067294
102,0.40054123855569895,0.4543636010162778
103,0.3998249350059034,0.4539061255796309
104,0.39907927932860265,0.4535473126534928
105,0.398313444285025,0.45286237926566
106,0.397509129553986,0.4524272355486331
107,0.3969319603018642,0.4522379909531019
108,0.3959733259613288,0.45156174443385294
109,0.3947120237324467,0.4504436136712905
110,0.39379801866954167,0.4499147088016884
111,0.39308954798228724,0.44962073484753073
112,0.3922483149030648,0.44908635395995394
113,0.39135723804625183,0.4483841658566377
114,0.39067114878888015,0.44786933405534357
115,0.3899369207640434,0.4472819673632972
116,0.38935867577009325,0.446989384389146
117,0.38861543543689975,0.4465485951399161
118,0.3878175575552523,0.4459641277106243
119,0.38671400274725903,0.4452957295635628
120,0.38598563306662864,0.4449914724798157
121,0.3849858101422891,0.4446211001324485
122,0.3841238270390374,0.44434038409297255
123,0.38321086555028083,0.4437331415427445
124,0.3826354928600262,0.44341960089971233
125,0.3818627124558223,0.4430634825020287
126,0.38106153875406207,0.44249469784857504
127,0.38040292407690046,0.442092143446822
128,0.37971316651790005,0.44168940799032946
129,0.3788296342572577,0.441332461677396
130,0.3780798132726078,0.4409911989232921
131,0.3770532538819425,0.4403481551880924
132,0.3764577418828677,0.4399583770622633
133,0.37554754596228185,0.4392010103238765
134,0.37494053501520574,0.4388245206248115
135,0.37433109002617687,0.43860653089700247
136,0.3737495442571233,0.43829471537530645
137,0.37301742233593976,0.4377334559817313
138,0.37246124560277816,0.43755267951411564
139,0.3717535595238965,0.43711276378943054
140,0.37114933873752015,0.43665789567473556
141,0.3705377410560602,0.4364242414505712
142,0.3698008203523998,0.4359338083330751
143,0.3690410220073332,0.4355639690414482
144,0.367728851138344,0.4342759609900059
145,0.36704353035922216,0.43405042045014786
146,0.3660632466595544,0.4334741125891201
147,0.3654034461544449,0.43309570814499193
148,0.3645480700150357,0.4326872375155524
149,0.3637829289734442,0.4323671262852635
150,0.36305405752412817,0.43192817881217477
151,0.36237850657287823,0.4315544927479331
152,0.36180501564511963,0.4311288896107117
153,0.36111064482122823,0.4305545480554092
154,0.36036080976457247,0.43016283010960404
155,0.359739112044642,0.4299474428118627
156,0.35912813989634146,0.42933672054938443
157,0.3583223940649503,0.42890103375487065
158,0.35777044740483116,0.4287726765710634
159,0.357146405237509,0.4282978828763575
160,0.35625927914214645,0.4277856509023735
161,0.355507376532142,0.4275615428342777
162,0.3544941354560696,0.4271191314533472
163,0.3539007788742153,0.42678486779358366
164,0.35313697973969843,0.42636691022130735
165,0.35257227271952835,0.42598078959166286
166,0.35199398501571083,0.4257360218414781
167,0.3515816166954612,0.425628583145054
168,0.3510381657381065,0.4250675823823591
169,0.35051050907857134,0.4246562949798488
170,0.3498593052327751,0.42402889522487197
171,0.3492791021270803,0.4236445817254578
172,0.34866983114101413,0.4231769796711001
173,0.3480344160198732,0.42296500358479894
174,0.3475824807473403,0.4227359917726187
175,0.3468068428785633,0.422203051135381
176,0.3463193514358972,0.4220118106785335
177,0.34566949594774765,0.4218412844735371
178,0.3452253993585836,0.4216338302477777
179,0.3447416669745988,0.42128115988940945
180,0.34423100817362656,0.421091483394055
181,0.3436945284052821,0.42069820598351565
182,0.34299570042172217,0.4202705468279259
183,0.34264418822222054,0.4201041012534917
184,0.3419919172260037,0.4196546132581863
185,0.34156495271712944,0.4194284471109796
186,0.34090296086736327,0.419271177543483
187,0.34028758921916763,0.41885539126753546
188,0.3395864416042822,0.41845843843617025
189,0.3388627621830455,0.41813529223866225
190,0.3383797548963395,0.4179731342747498
191,0.3377591819388429,0.4175201847427363
192,0.3370475043802902,0.41682526396943653
193,0.3364299529641,0.41640018488099245
194,0.33603448612443626,0.4161679506602752
195,0.3352612106795707,0.4159333073174192
196,0.33459415669795967,0.41585001472334365
197,0.33381557700249087,0.4155606985228955
198,0.33331080757134685,0.4153020754117157
199,0.332672132992048,0.41494567849911684
200,0.3322469740721983,0.4147913049423753
201,0.33171885393504785,0.41447094570943216
202,0.3309990221015595,0.4138984731821319
203,0.3303554510230461,0.4136251413962851
204,0.32962111939762023,0.413164046683395
205,0.329049079919969,0.41275442684796987
206,0.3285289965348405,0.4122871579824686
207,0.32797460598778055,0.41195890784588424
208,0.3273704913406658,0.41155258255017646
209,0.32678284031712457,0.4110015825335972
210,0.3261147604385224,0.41047287223333484
211,0.325490350611242,0.4104194034115186
212,0.32489731948859174,0.410096751923573
213,0.3243215710994131,0.4095845631672534
214,0.3239659893393178,0.4093014571376844
215,0.32319357100270535,0.4085746313029907
216,0.3228176752336278,0.4084193854014427
217,0.32231939328278525,0.408192369795972
218,0.32182383214246885,0.40803126386387395
219,0.32130716469984755,0.4078215685673395
220,0.3209689884975123,0.4076697010221451
221,0.320604453161221,0.4072189976482792
222,0.32007376567177237,0.4069242243984816
223,0.31962541891830626,0.4069071421642068
224,0.31890764283058176,0.40640183129148083
225,0.31852272804998827,0.4061857909997715
226,0.31801764168506996,0.405876992995153
227,0.3176373361845969,0.4056882854623556
228,0.3171924687454247,0.4056010689678515
229,0.31629089935688376,0.4049594566767092
230,0.31590014233389546,0.40475130026808503
231,0.31535299383487897,0.4045687464132766
232,0.31476926049274206,0.4042604983942992
233,0.31414895692553163,0.40396291918159066
234,0.3136884280857848,0.4035812643135064
235,0.31333859723397123,0.4034598985464897
236,0.3127387712699512,0.4031164733548838
237,0.3122760602466303,0.4029789359180622
238,0.31150155803796764,0.4024607053992251
239,0.31095648250642777,0.4019564079026116
240,0.31053309789320843,0.4017348384537634
241,0.3100596348416063,0.4015298729148949
242,0.3096174793837367,0.4013964555123963
243,0.30905754209877423,0.4010162397491137
244,0.30854279859995454,0.400820782525113
245,0.3081368365347929,0.400682751940425
246,0.307807312365705,0.4005304675143366
247,0.30725708212595143,0.40033375795505355
248,0.3069673873685515,0.4002364449185097
249,0.30627958219746554,0.3999435509190543
250,0.30578911071163173,0.399723954063563
251,0.3054593633616625,0.3996007829662236
252,0.30494229618741575,0.3992972304814021
253,0.3045118938394909,0.3991492279075392
254,0.3041365270375095,0.39908192039285295
255,0.3034511167194646,0.3986404596886106
256,0.30279341547772337,0.39824586943062185
257,0.3024233390527654,0.39786781554288075
258,0.30197130282688417,0.39767718962133575
259,0.3014923795418109,0.39732481563753075
260,0.30119180759233344,0.3971827482393737
261,0.30059090198738736,0.3967095724000747
262,0.30013635052166665,0.39651311517356796
263,0.299561670075136,0.3962133151886005
264,0.2991232400158868,0.39621993621966434
265,0.2986987007812883,0.3960148857946872
266,0.2982122998649194,0.395827174267588
267,0.2977186670286092,0.3957111185254101
268,0.2973534988587515,0.3958020624494589
269,0.2968417059232811,0.3954289251159952
270,0.29625843963707654,0.395094132115051
271,0.2958963318621312,0.39495349224075454
272,0.2954704030629857,0.39447336910057534
273,0.29503874298127997,0.39432027326530494
274,0.2945060334378864,0.3942352747077563
275,0.2941155206722764,0.3940983362909776
276,0.29376240764079137,0.3938190637891852
277,0.2934152102388369,0.39374365468510114
278,0.2929056515954602,0.3933969363130598
279,0.2925055439456187,0.3932506144333643
280,0.29221480656311827,0.39316386452110197
281,0.2917440975896823,0.39280510617300995
282,0.2913093448776832,0.3924473672628741
283,0.2908505439990208,0.39221565091169097
284,0.2903611280185057,0.3920482536768705
285,0.2899934399140368,0.3917687480775771
286,0.28953364777014134,0.391580711102542
287,0.28914624237177977,0.39126251885030233
288,0.28879175172168925,0.39112319964567077
289,0.28842383567878976,0.3908928146977369
290,0.2879229334202486,0.39056270970802337
291,0.2874307121149457,0.39048246535761827
292,0.28687205480349115,0.3900726696119358
293,0.28654657154014873,0.38988083259974765
294,0.28614365620139276,0.38952704821666995
295,0.2857400100134626,0.38914532108608646
296,0.28536632430141223,0.3890124561890962
297,0.28503704563121995,0.388795779158
298,0.2844041603758435,0.38838427835810685
299,0.2839876057431417,0.3883149732867866
300,0.28335917170769814,0.38794472593549195
301,0.28283509617696484,0.3875125879316942
302,0.28228729851041684,0.387140646377292
303,0.2818511797419493,0.386992790048595
304,0.28136586612216025,0.38688588716183836
305,0.2808433660339764,0.3865762621749753
306,0.2804001168338786,0.38637840359297304
307,0.27975315049619565,0.38593683199335693
308,0.2794688726464415,0.3858269559565609
309,0.27910182042160137,0.38563340399701684
310,0.27875249467577423,0.38544850436142436
311,0.2784284082520285,0.3854280222574104
312,0.27788804989616345,0.3853047107810685
313,0.27739933883205564,0.3850225544027747
314,0.2770304969833692,0.3848781729636935
315,0.2766067873708216,0.38452360548209896
316,0.2763004201667951,0.38444859119826236
317,0.27595411734239444,0.38438428509827827
318,0.2755600996825085,0.38409057071205804
319,0.27491117872055515,0.3835995020458168
320,0.2745837477638238,0.3834219870929427
321,0.27413040743005823,0.3831509996744336
322,0.2736995802336022,0.38291143020515916
323,0.2732350205160144,0.38262620738525444
324,0.27292978146268304,0.38261507252869054
325,0.27254826575689983,0.3824845247963724
326,0.272174716143008,0.3824858517415906
327,0.27143968631762805,0.381857235191647
328,0.2708864050872768,0.38156788338310854
329,0.2705064278906898,0.3815522169116721
330,0.2702285459943602,0.38146813846491245
331,0.2697560606374667,0.38108608221178125
332,0.26926662913417015,0.3810402828723378
333,0.2687980009138509,0.38068520726228827
334,0.26831175281439484,0.3804853678253249
335,0.2679487590163753,0.3803688863149221
336,0.2674939638700906,0.3802590504754099
337,0.2670238341079021,0.38004928492773415
338,0.2665434689020988,0.38006551067153044
339,0.2660182357162332,0.37989145494850746
340,0.2655625760903867,0.3796803558552318
341,0.26470747528863103,0.37919784314017163
342,0.2643883317630682,0.37909683881869943
343,0.26388290389917324,0.37897421224037153
344,0.2631910901694915,0.37868075727003214
345,0.26267642511225725,0.3783508264336106
346,0.2621803843179196,0.3781669474104372
347,0.2616774379683177,0.3778647491444663
348,0.26127347994217626,0.37752602894658543
349,0.26088058617716386,0.3772346206343382
350,0.26043125182614735,0.3769738899360108
351,0.2598824236020564,0.37694079209878784
352,0.25953251263976074,0.3767734570445557
353,0.258953942085424,0.37665888204622294
354,0.258554704894762,0.3763893295718046
355,0.2581231723456566,0.37616662058262856
356,0.2574348948276034,0.37553880586745997
357,0.2569641072939202,0.37531104203751653
358,0.2563983519260503,0.3749425793829845
359,0.2558178709972056,0.3747634605383873
360,0.2554266285441743,0.37451270483096355
361,0.2549710744527099,0.3741992780894838
362,0.25450678599691606,0.37398440995877996
363,0.2540732792345007,0.37380117729135365
364,0.25362328852756044,0.373567972175564
365,0.25315673345049483,0.37351258760237793
366,0.25265688816060344,0.37325657959646713
367,0.25201639998876524,0.3731632209603724
368,0.2515822742195879,0.3729559309523856
369,0.2511526370547099,0.3729287796600511
370,0.2506878572200286,0.3726805907607033
371,0.2502260378638478,0.3724864568305164
372,0.2497527421231276,0.3720391304230642
373,0.24928448854682428,0.3717613042863287
374,0.2488931576087933,0.37153272569985163
375,0.2484577753621235,0.37127669090420085
376,0.24778817750034968,0.37113523055080155
377,0.2473069814976946,0.3707588831098068
378,0.2470072919558,0.3708296145883079
379,0.24642886589949656,0.37074417806675475
380,0.24591414977584902,0.37045509767682905
381,0.24540487362651395,0.3701164932055963
382,0.24505103959921307,0.3699906103015065
383,0.24463716142978534,0.36995388231217724
384,0.2442175213426269,0.3698265603520799
385,0.2436158356505185,0.36949338819938404
386,0.2429739191164116,0.3691452568658036
387,0.24259184919762494,0.369098857495167
388,0.24207760461862365,0.3689587339766789
389,0.24169292295843506,0.368951175195404
390,0.24117312048658623,0.3685850658903345
391,0.24062557039502244,0.3684060674271685
392,0.24030804833455863,0.36819000792378326
393,0.2397562230063468,0.3677584626852949
394,0.2393150160560828,0.36747943431775654
395,0.23883116294014653,0.3674088459723881
396,0.2384707935680292,0.36737521869788936
397,0.23814339352835157,0.36727036582835126
398,0.23778159705591626,0.3669240693596766
399,0.23736331493554608,0.366917944360516
400,0.23696219615102554,0.3668230816288243
401,0.23660547827881795,0.3667586761959429
402,0.23621438820498025,0.36678845478299715
403,0.2359150587582329,0.3666154692005116
404,0.23549268709482368,0.3663609006018181
405,0.2350657275256765,0.36601922557253963
406,0.23443925219282463,0.36587114612693195
407,0.23399455896833532,0.3659411841189996
408,0.2336426832915798,0.3658037736632928
409,0.23326750158743664,0.36558720884429896
410,0.2327280116858103,0.365347407114997
411,0.23239275270877513,0.36505739643463003
412,0.2319856068656585,0.36492847533103423
413,0.23163805855253475,0.36481031089002713
414,0.2312870939473193,0.3646038884984995
415,0.23071778810723628,0.3641679963238281
416,0.23012462361367872,0.36372147036982844
417,0.2296370368095387,0.36344667588101537
418,0.2291269226203063,0.3631490980482894
419,0.22869935707281955,0.3629088789212193
420,0.22826431678549466,0.3627757471413879
421,0.22787701848208974,0.3626817990405062
422,0.22737657223531973,0.36244410219241696
423,0.227028640396765,0.3621119465219403
424,0.22670240624124116,0.3619783579828597
425,0.22626529397586218,0.36178899472358766
426,0.22576985146260486,0.36163740922815024
427,0.2252295027171123,0.3615941626729748
428,0.22455079500405145,0.3611005382476794
429,0.224174657024388,0.36094683393879107
430,0.22381885751674185,0.3608997430069089
431,0.2234530433393993,0.3607646660932443
432,0.223067395568796,0.3607855854294998
433,0.2226713234888591,0.3607313249531247
434,0.22228739995134197,0.3606401565150151
435,0.22182996292504256,0.3606953283139936
436,0.22143106566884357,0.36044476851417534
437,0.2210530689807952,0.3603839688781007
438,0.2206686956523872,0.3601408344660736
439,0.2202460641049276,0.35992801731173635
440,0.21981454927236938,0.35979757830406844
441,0.21931944202416054,0.35949076364076976
442,0.21900466629241214,0.3592204080779027
443,0.21860725965873765,0.35899152828974473
444,0.2181829309441541,0.35889331091138144
445,0.2177791990317107,0.3587481644369697
446,0.21739733539065756,0.35855376217470886
447,0.21696557095823324,0.3584969744919167
448,0.21645898031976302,0.35823672105281446
449,0.21610811621442086,0.35821452816894406
450,0.2156130967599207,0.3578414706758412
451,0.2151595071401765,0.35784938448282155
452,0.21481515236810428,0.3576336503066411
453,0.21430369866792798,0.3575378827078756
454,0.21395022480938403,0.35742528181939576
455,0.21361538552672474,0.35732478961942393
456,0.21330195215872647,0.3571607481089392
457,0.2128621089012967,0.35709069825663187
458,0.21245431736975262,0.35680694991239453
459,0.2120188520199607,0.3567252210099224
460,0.21152058296509238,0.356474076298659
461,0.2111683783906495,0.35649068955882157
462,0.21084316246809268,0.35635229006677543
463,0.21052316909455532,0.35604064095813504
464,0.21019508145225685,0.35589281565291564
465,0.20996802516981758,0.35593459554169127
466,0.20962143303250869,0.3560130428266839
467,0.20917374569973893,0.3558254172691304
468,0.20882594542360727,0.35570642476476866
469,0.2084985327102616,0.35547311120559444
470,0.2081776725134694,0.35523337889753837
471,0.20787419118169334,0.3551275532864642
472,0.207565858700179,0.3552360342272988
473,0.20727246400818697,0.3551297158926016
474,0.2069786465956977,0.3552434242406848
475,0.20671099722690678,0.3550921942702634
476,0.2063923535906438,0.35502521041009877
477,0.20606134557826217,0.3548311426035436
478,0.2057287247579209,0.3547224075515318
479,0.20538410423468761,0.3546509448130572
480,0.20497924222495428,0.3545596313861529
481,0.20462029990736427,0.35458986754731114
482,0.20432995683719146,0.35452882637506855
483,0.20388103648503203,0.3544216969171626
484,0.2034715858036753,0.35448903392224224
485,0.20298782695540749,0.3543009399252082
486,0.20268496993890742,0.3541907177762248
487,0.20225464167162488,0.3539421849950683
488,0.20187667040279894,0.3537206738071227
489,0.20149359149435409,0.35372362026906295
490,0.201138354409038,0.35361772870610064
491,0.20086943507839528,0.35356292748065316
492,0.20055253895335914,0.3535902013615454
493,0.20031024952240126,0.3536154965580644
494,0.19991098467739185,0.3534691872262848
495,0.19962812162922933,0.3531450777261836
496,0.19935130508739168,0.35292837105572755
497,0.1990659603651612,0.3529595412900139
498,0.19882816006657217,0.35291301654130725
499,0.19850970812372326,0.35276766939379806
500,0.19813090711369216,0.3526483407244338
501,0.19789123077742202,0.35274705257306416
502,0.1975452272285947,0.35261073337778626
503,0.19719573904834284,0.35218953581268003
504,0.1969522042182736,0.3520725102359921
505,0.19666209631382103,0.3519826646109744
506,0.19634781619930256,0.35191868353918704
507,0.1959699858300055,0.3517540951566621
508,0.19565149544123506,0.3515746203700379
509,0.19537578743717288,0.3514763399322172
510,0.19482928245497497,0.3512798065976343
511,0.19456749379279364,0.35125047088733735
512,0.19434346046378506,0.3511487124010836
513,0.1939969406434402,0.35122888040172046
514,0.19376890579454686,0.3511955057248844
515,0.19350855633076808,0.35115572727818933
516,0.19316119301454623,0.35108159634472735
517,0.19296102738832627,0.3510402203118587
518,0.19259768048340237,0.35080292804485996
519,0.19233183692348024,0.35069264956070384
520,0.19209422981290197,0.3505267527546748
521,0.19170124611063724,0.3504020321004038
522,0.19130349533665386,0.35019190830182906
523,0.19093955710270308,0.3500775881370948
524,0.1906221185294119,0.34981825992701476
525,0.19035765049255796,0.34979178845473613
526,0.19003981155912783,0.3497088461224967
527,0.18983128541593566,0.3496555998053296
528,0.1896198395255115,0.34965744269503096
529,0.18934562215037465,0.34963993559944867
530,0.18903016558169586,0.34945588452526116
531,0.1886406074190168,0.3491844906086718
532,0.18827635675206872,0.3491101014926843
533,0.18793849347756514,0.34913295859838966
534,0.18763241450371973,0.348930499438584
535,0.18736578329157813,0.3487940852237064
536,0.18712082576792477,0.34868703119136435
537,0.18684304073923658,0.3485745331503968
538,0.1865670337254822,0.34855429679793687
539,0.18632781521512967,0.3485434522118641
540,0.18600900036297854,0.3485071686738994
541,0.1857582461536955,0.3483737994033533
542,0.18542406335202255,0.34822642958480776
543,0.18513075136236143,0.3481677473006007
544,0.18484171456725051,0.3479321430545826
545,0.18455362534965358,0.34777933521242615
546,0.18431864258767497,0.34764584663884096
547,0.18387539064752426,0.3476080842870823
548,0.18348180397531594,0.3473423455267985
549,0.18311748862366983,0.3472808609801976
550,0.1828705478277911,0.3473035610979711
551,0.1825917161422103,0.34722669279145474
552,0.1823859633742471,0.3471427641826127
553,0.18214127447031697,0.34715452212557135
554,0.18188032681851626,0.3470005042452735
555,0.18146836754927245,0.3469149724064223
556,0.18127156690082127,0.3468338118410056
557,0.18103036400375822,0.3468107707341628
558,0.1807324472581414,0.34672223940730595
559,0.1804794244694211,0.34666089611935824
560,0.18018955985237303,0.3465349386615517
561,0.1800024293497512,0.34651268849078193
562,0.17961826476217016,0.3462780400487179
563,0.179349587730248,0.3462488129434802
564,0.1790406507834548,0.34610981659385914
565,0.1788076205891066,0.346107162192238
566,0.17863730379231835,0.34606335194786886
567,0.1783833224222974,0.3460516907034976
568,0.17808750986131197,0.3458165369324677
569,0.1778576829318797,0.345775469433801
570,0.17755095043768376,0.34550139740127417
571,0.17734053806765407,0.34545383841972993
572,0.17699303967125385,0.34520810185376577
573,0.1767279441110709,0.345134907387162
574,0.17642816367844466,0.34516756868680715
575,0.1761793373541588,0.3451849394126655
576,0.17596789073551572,0.34517289394606415
577,0.17572024539841757,0.3451312726221586
578,0.17547951606448178,0.34499263969748867
579,0.17521360633954378,0.34483557176447827
580,0.17501561997122048,0.34480504020678127
581,0.17483217061056353,0.34477013426727754
582,0.17460929360777383,0.3447281751583695
583,0.1742486959956478,0.3446428611340302
584,0.17402091995127816,0.3444905086449809
585,0.1736938613029938,0.34442791444098664
586,0.17342456798097491,0.3444973687248644
587,0.1730940277234484,0.3443144166542491
588,0.17282114851187808,0.3442625797102488
589,0.17260333477929846,0.34414075267172695
590,0.1723725657165149,0.3440516880024103
591,0.17215596433648184,0.34384610415434114
592,0.17193483567998274,0.34376325352781356
593,0.17164398863357216,0.343700115883576
594,0.1714043799271261,0.34363034582115526
595,0.1711422026089924,0.343636239445351
596,0.17090854358185056,0.34361812645427187
597,0.17067159817091473,0.34373854101914736
598,0.1703745838246812,0.34351553357119674
599,0.17023927727115948,0.34349059459265957
600,0.16989215743584454,0.3436190331833304
601,0.16955936659632648,0.3436280878352859
602,0.16935324963421505,0.343621736971741
603,0.16909822126140978,0.34357156368730674
604,0.16891656846606656,0.3435659628950942
605,0.16863906957817681,0.3435552271651853
606,0.1683941617718362,0.34354148346403135
607,0.16811846644833522,0.34355476035221433
608,0.1678635855954994,0.3435696857684513
609,0.1676410999200291,0.3435375597158234
610,0.16744955478247403,0.3434182461176726
611,0.16724360003174257,0.34335169586717923
612,0.16700138088055752,0.34340711148676595
613,0.1667932845184842,0.3433261509494507
614,0.1665327204344585,0.3432922020490358
615,0.16633794947295688,0.34322402815513586
616,0.16616174265443925,0.34321153625404766
617,0.16596962520697586,0.3431466486149983
618,0.16579318581261734,0.3431164933725762
619,0.16555516393458855,0.34303225918233693
620,0.16536830159033689,0.342948324843451
621,0.1652096818294056,0.342971200990787
622,0.16501115618001333,0.3429321478494377
623,0.16478970162499082,0.34291289068682945
624,0.16450795039343527,0.3429650669191622
625,0.16427121574340767,0.3429119753661648
626,0.16401555489683722,0.3427989535325546
627,0.16381433639764498,0.3428981594197511
628,0.16364634372803555,0.34293800311793576
629,0.16340256911674636,0.3428002508693904
630,0.1631437293145517,0.3426444829468265
631,0.16291373171539547,0.34252970559613716
632,0.16271196925624154,0.34237815080264833
633,0.16248168873184854,0.3422867984980307
634,0.162283632606652,0.34212257735614476
635,0.16209855592264807,0.3421120089708291
636,0.1618703969195682,0.34207327774221297
637,0.16167933931904116,0.3420494195534354
638,0.16142310300633161,0.34199226352710577
639,0.16117481238270503,0.34200064772241295
640,0.1609709209185453,0.34186532144342013
