0,0.6401688792265267,0.6450404818865944
1,0.6198373359616677,0.6291987704544236
2,0.6002753448001173,0.6149436383944413
3,0.5823555125763118,0.6010404988908821
4,0.566711049564059,0.5902762522597118
5,0.5529537013301817,0.5801815076061789
6,0.5389193050060029,0.5706373362050104
7,0.5269577780765289,0.5635736945063569
8,0.5135281455361698,0.5544878016344601
9,0.5035114384535804,0.5487462037293486
10,0.4929217025802645,0.5424292673700276
11,0.48275854421628933,0.5356883586509151
12,0.4746081889137741,0.5307165742217504
13,0.46519354333150165,0.524132637420498
14,0.45808992465155596,0.5198063219702521
15,0.45125230786659787,0.515164221442023
16,0.4440923068354758,0.5113080034438822
17,0.4386471475320863,0.5087348876865467
18,0.4326212471051932,0.5046790107457608
19,0.42802714062225516,0.5026122342758005
20,0.4219654421729437,0.4995352691359166
21,0.41711016121637057,0.4963447246886171
22,0.4122450272196848,0.49411038695478754
23,0.4067233896165558,0.4909466415858216
24,0.4028304486864495,0.4898627971361906
25,0.3994649168710376,0.48879893637310756
26,0.39471839757889904,0.48564797874172927
27,0.3918881935613067,0.4849111142167089
28,0.386992178937773,0.4818315299295904
29,0.3831738431660555,0.4798745355741064
30,0.3788757317442682,0.4772092104576949
31,0.3746443923278108,0.4754168035283041
32,0.37192535550247957,0.47384288373216576
33,0.36929477389452203,0.47276281502308243
34,0.3669682705026132,0.47114812883477275
35,0.36392754106447184,0.4700209291348624
36,0.36019062346821096,0.46816884803432035
37,0.3577702216379105,0.4677309478495934
38,0.35627163985356325,0.46671056952884427
39,0.35288039341482313,0.4646261877783575
40,0.3505790241692805,0.46357249475165724
41,0.34859371832638963,0.46327694491426546
42,0.34629280146537295,0.4619119229828598
43,0.3439883219056524,0.46141511133375884
44,0.3424723955842843,0.4606213839487446
45,0.3399247208317269,0.45940918398449654
46,0.3374287173041614,0.4577958287768157
47,0.3356782577814305,0.45775212524489706
48,0.3341905628212399,0.4571000986948098
49,0.3316800630056317,0.4555889723197467
50,0.329816318537879,0.45454676318728054
51,0.32851922544697143,0.45461968284054916
52,0.32643945846997474,0.45414571750987476
53,0.32462463346732817,0.4543223128399316
54,0.322448288132813,0.4530083728770613
55,0.32126497838399676,0.4528274779926866
56,0.31914595322366823,0.451950005912619
57,0.31760849453228324,0.4507802994581453
58,0.31586236700932324,0.4503648066986043
59,0.31409913800158645,0.44992245091300703
60,0.31258222653560447,0.4497658219693821
61,0.3109299243373151,0.44935348080749626
62,0.3098310064075768,0.44863123993120124
63,0.30801649667902264,0.44800373791291037
64,0.3063751187065672,0.447576735848365
65,0.30508563911376246,0.4467699197590236
66,0.3034842491579466,0.4465663793557638
67,0.3016788025578981,0.44566246636154117
68,0.30028671772009874,0.4449928933960836
69,0.2986955545592026,0.4443097144524141
70,0.2975048544091623,0.4442202942363365
71,0.2958656740318138,0.44333830219616127
72,0.2942840042266199,0.44302182645482296
73,0.293100574333066,0.4428336822127682
74,0.2919333908997748,0.44216894284292957
75,0.29015015135570776,0.4414909316298004
76,0.2887696600346367,0.44078935005166797
77,0.2877370127575247,0.4409599049024053
78,0.2860946766379808,0.44060763182399065
79,0.2844768152231864,0.4394011848888763
80,0.28311782068733315,0.4389248700128664
81,0.2821417786606411,0.4391117460117082
82,0.2806587028005166,0.43942188836297935
83,0.27964606144695503,0.43954542860159795
84,0.2783785526667013,0.43899423165550067
85,0.2776772896460116,0.4387275490714887
86,0.27616807059560217,0.4384969332975316
87,0.274993297615597,0.43776356617910817
88,0.27373447073435314,0.4374291175369953
89,0.27288324677886633,0.43715699928001
90,0.2720046168820291,0.43746950127935225
91,0.2708565067637305,0.43740060156137
92,0.2695969116936179,0.43759776253958677
93,0.26823289625440516,0.43700319327050996
94,0.2669966793032508,0.4364424632266081
95,0.26592385331875257,0.43641993706965465
96,0.2651136598180039,0.4363860659773646
97,0.2640500635656158,0.43609415296158843
98,0.26277197326032253,0.43546703207288
99,0.26180674018392985,0.435203708215036
100,0.2602048539639072,0.4346306983588814
101,0.2591012294413491,0.43420491384131915
102,0.25823712663981313,0.4339531550928022
103,0.2575217507416558,0.43388043881155725
104,0.25639563965521434,0.43357919195588523
105,0.2554346975365835,0.43345869097787504
106,0.2543431292710865,0.43318173070933264
107,0.2532208875188571,0.43342401168246236
108,0.25209376557909596,0.4330855558545392
109,0.25123316755532243,0.4327850150947943
110,0.25023210393834716,0.43267786861495305
111,0.24919229831622866,0.43260758095070234
112,0.24818336376381453,0.43256025891240524
113,0.24746440079431634,0.43257151787341513
114,0.24633189162247426,0.4321037016735244
115,0.24541678262498293,0.4320923571976609
116,0.24474020694910548,0.43193011457391356
117,0.24368291121640925,0.4317226093262434
118,0.2428979499427089,0.43139334057755807
119,0.2420324694389371,0.43129455623168456
120,0.24128648847995682,0.4313744048774655
121,0.24037936270621926,0.4313605387098489
122,0.2395682518569245,0.4314119814018949
123,0.23869250269022957,0.43154525875958594
124,0.23786848124573295,0.4317324943378968
125,0.2372077216650411,0.43169279320445014
126,0.23658924092536593,0.4315771929992431
127,0.23585646994975845,0.4314750870460271
128,0.2349906838618906,0.43113694797091573
129,0.2341854286859439,0.43114875374848677
130,0.23360562390325013,0.4314467493441587
131,0.23293035779673563,0.4311392403440808
132,0.23194889966631824,0.43077678587787877
133,0.23124683948294575,0.4306962735497662
134,0.2304033710727528,0.43011616220788523
135,0.2296676244197366,0.43014485569766714
136,0.22903402093551684,0.43006766123768325
137,0.2284774385631298,0.4304184007591435
138,0.22761921830651177,0.4302350116282823
139,0.226835164009629,0.43007696520319005
140,0.2258554546289215,0.4303902229602301
141,0.22476087827582256,0.4300495222576245
142,0.22384372639428807,0.42990456262097004
143,0.22342158601452222,0.4298435423826409
144,0.22281077721118536,0.4295333685985883
145,0.22218265541048426,0.4292775302583141
146,0.22135111821040818,0.4290222478115154
147,0.22045705585283096,0.42907879714725655
148,0.22000136708269352,0.429015591953714
149,0.21926525064491628,0.4288041589743997
150,0.2184124518899623,0.42890776793167185
151,0.21719281364669085,0.4285717455271615
152,0.21625375267257965,0.4281984777250384
153,0.2154284117554891,0.4281160203218646
154,0.21475876300965188,0.4281164399079529
155,0.21408195385233947,0.4280466158271758
156,0.21339430959153574,0.42775573502996045
157,0.21289044522219064,0.42735256752487094
158,0.2123081124368859,0.42724135464700896
159,0.21137103338354316,0.42722183015328496
160,0.21043955691483393,0.4268125786517199
161,0.2098735868063181,0.42663689713707503
162,0.2091986299991986,0.4263917034408614
163,0.20847496829601056,0.42608677315026017
164,0.20775241809985434,0.4262101862380788
165,0.2069897260737981,0.42618488452507125
166,0.20651690851865287,0.42625741396062716
167,0.20585395970570922,0.42599726908846425
168,0.20527386485106763,0.42603361426341085
169,0.20477790418913813,0.42560280770798764
170,0.2041014288566609,0.425923037445348
171,0.20370421172955727,0.4259466616782862
172,0.2028983318435641,0.4255628337754104
173,0.20182388010800942,0.42562760585111464
174,0.20094792936770126,0.425997309278308
175,0.20034526811595124,0.42593912927048116
176,0.1997843912777755,0.4259727527555037
177,0.19912695928537602,0.4258637062958746
178,0.19818805534728304,0.4251303809874403
179,0.1977085172434831,0.4248456548094174
180,0.19724289230392666,0.42493695691385197
181,0.19640712574442643,0.42463154790655877
182,0.19593182137693796,0.4244489275283363
183,0.19548734725008957,0.42438565572640724
184,0.1949221286602648,0.42423965165196637
185,0.19419503352018347,0.424571302174918
186,0.19367061036609007,0.4243963592321429
187,0.1932228401552495,0.42437690149132545
188,0.19259807230359494,0.42438451916439374
189,0.1921449651380401,0.42453486239963034
190,0.19163653432735286,0.4243810746539281
191,0.19100939139228335,0.42439169340634436
192,0.19065080157625267,0.42456527852496095
193,0.19017148812533902,0.4245966904905469
194,0.1896048176871932,0.424280641246667
195,0.18872069775645522,0.4237281439989235
196,0.18813851109349014,0.42345883847470317
197,0.18755069748166658,0.42320661748355154
198,0.1868755088511764,0.4229063890714009
199,0.18628685281815094,0.4228064633711475
200,0.18585793941628145,0.4225734738769177
201,0.18544421459736463,0.42245857538594805
202,0.1849072213037595,0.4223243066801763
203,0.18401983100664687,0.42189698641259094
204,0.18362305272941823,0.4222189834234274
205,0.18283434533518272,0.42184365393637996
206,0.1823414328253074,0.42201409778665494
207,0.181631594131785,0.4219956544538855
208,0.18100027062709131,0.4215850455670077
209,0.18016790387998782,0.42123674822557133
210,0.1797385123971662,0.42096507845790426
211,0.17886813633738033,0.4210733097084774
212,0.17851452138781565,0.42090337652941767
213,0.17795901910506887,0.4206003391547211
214,0.1774588806730265,0.4203706470410059
215,0.17688026447320312,0.4198048249157022
216,0.1763733176019838,0.41985385089973193
217,0.1757839443641507,0.420156080918959
218,0.17526871731082197,0.420141146468849
219,0.1749478400601288,0.4199783739756075
220,0.17456046917641035,0.4200460886696698
221,0.1741612912834777,0.4202373403501991
222,0.1737286907373426,0.4202111089513286
223,0.1733105128885066,0.42042314665815417
224,0.1727495132319246,0.42073279263976143
225,0.17224512296016634,0.42020978407812093
226,0.17170961723722344,0.4198704759130339
227,0.17119377829819485,0.4196251773551712
228,0.1707843672636608,0.41961227060586487
229,0.17031863338173087,0.41952777546116254
230,0.16995906054795434,0.4192270523022653
231,0.16951285843320815,0.4193390834823757
232,0.16919035668284266,0.41896307789220383
233,0.16887001872569277,0.4188209590834054
234,0.1684154209534756,0.4192286695014368
235,0.1678696818292691,0.4194837751007275
236,0.16751700611821474,0.41925096551445235
237,0.16721182077435817,0.41958283962372994
238,0.16678943459484027,0.4195857420540492
239,0.16590188814961798,0.41956697276037686
240,0.16539534425893065,0.4197189428446869
241,0.16480915050452513,0.41968225943082416
242,0.1644404538922291,0.41960940936252583
243,0.16399960586805232,0.4191659673952249
244,0.16321506822311704,0.41891973219855233
245,0.16290041343551356,0.41892388645539697
246,0.16241296269056624,0.4189695214981869
247,0.16175827027394168,0.41945874167985003
248,0.1614064124495763,0.41981667871549594
249,0.16100428331559094,0.41985128014394857
250,0.1606787322168201,0.4198922915979142
251,0.16028264357345096,0.42002482954926446
252,0.159904083274028,0.420076583313783
253,0.15943712950684935,0.42032071636166685
254,0.15879271368910663,0.420568195176521
255,0.15827299739619752,0.42055351694157955
256,0.15785013549550667,0.4207036851918565
257,0.15738780066536595,0.42081169846705146
258,0.15687963663194318,0.42064117195751466
259,0.15659584515862263,0.42074926591587614
260,0.1562423442545448,0.4207678679630492
261,0.15581801026446343,0.4204000974322694
262,0.1554414661318479,0.42043322140860434
263,0.15476000829111866,0.41994223944496795
264,0.1544113963787633,0.42004381613445557
265,0.15411229113447444,0.4199561324905682
266,0.1536953685828681,0.41982821522007646
267,0.15340824658422586,0.41998935871658816
268,0.1530022029666568,0.420298783021345
269,0.15254507582083035,0.42045607280482744
270,0.15223689145341016,0.4205247666081169
271,0.15201119428015727,0.4203239093093869
272,0.15170284068793474,0.420459883502782
273,0.15138761777626925,0.42058325979407674
274,0.15110787190203628,0.42049485194732866
275,0.15071240530618854,0.42081225602105665
276,0.15042060550978392,0.4205412810559347
277,0.1499459117719217,0.420499107824081
278,0.14947863761010086,0.41992794653536275
279,0.14913868429526342,0.41985689836533213
280,0.14884734545765357,0.41983583708122785
281,0.1482048464787613,0.4197446397884534
282,0.1479030590496705,0.41970723687517325
283,0.1477263930286817,0.41979865910581304
