0,0.6789406983271938,0.6779148101066557
1,0.6677372728568235,0.6667132129669348
2,0.653853538124363,0.6533502835546189
3,0.6435882696990705,0.6443528112581988
4,0.6340263230229319,0.6355684183957863
5,0.6239877237554048,0.6256914760879141
6,0.6144882609844681,0.6171859726233173
7,0.6054712521867984,0.6090553112747398
8,0.598021827106387,0.6024646678469869
9,0.5923920439045651,0.5980279456286494
10,0.5858850898696275,0.5914827028968803
11,0.5805785253746403,0.586417809840814
12,0.576430594789107,0.5833962082401708
13,0.5708075689849575,0.5786160332226399
14,0.5660262221119413,0.5737579325536901
15,0.5616651076962322,0.5694301730597824
16,0.5577280307560372,0.5665385800158176
17,0.5536865904149798,0.5622904385360941
18,0.5504598879138908,0.55912281630475
19,0.5472442429397524,0.5569744118153729
20,0.544229352695091,0.5546533521226802
21,0.5407915967919116,0.5515974908411145
22,0.5379860735907777,0.5495695562923836
23,0.5346479259988728,0.5471084776510058
24,0.5322125006960461,0.5449697636857231
25,0.5301743143533797,0.5436015005484042
26,0.5275120287976062,0.5414140030453279
27,0.5250885505115989,0.5396182251137195
28,0.5226735985101041,0.5375776796360542
29,0.5194638527057299,0.5353981682285296
30,0.5175228529732094,0.5342607478383171
31,0.515186050184467,0.5326258123042337
32,0.5129032297965367,0.5312611165479083
33,0.5108968433787386,0.529461480962431
34,0.5088973944618246,0.5279925475407166
35,0.5073363800788411,0.5267815339293306
36,0.5059081048852642,0.5258923492456421
37,0.5040713002599486,0.5248345619687368
38,0.502369307180482,0.523784965567928
39,0.500432306977923,0.5214508692464133
40,0.4982653362762666,0.5193772639502855
41,0.4968865790869425,0.5187256785370072
42,0.49534327778083886,0.5180825002042252
43,0.4934259781974855,0.516493239447588
44,0.49153231352985205,0.5153924187281907
45,0.4904477859682549,0.5146755651674585
46,0.488852685161315,0.5137041719013383
47,0.48705930800277847,0.5119142305839699
48,0.4849083118540504,0.5096311092283374
49,0.48353458462396753,0.5086890994073128
50,0.48199873660454007,0.5077000501989867
51,0.48097593098004404,0.507482526681483
52,0.47939798008614104,0.505111915698615
53,0.47804958235443884,0.5043743478025686
54,0.47682382443492893,0.503650964134657
55,0.4757970359817466,0.5033387612028649
56,0.4741586473724403,0.5022566362255017
57,0.47322579716489077,0.502163788360618
58,0.472259829810001,0.5008830950848424
59,0.47140646192752084,0.5001048676040705
60,0.4705637264174505,0.4993726412114019
61,0.4695116991805961,0.49880404562131436
62,0.46871905647042944,0.49849163627985366
63,0.4676679925308195,0.4975742085790514
64,0.46617473384792324,0.49637646329655805
65,0.46468425334925817,0.49537723440553705
66,0.46401349280325943,0.494783362397213
67,0.4621058858157055,0.49349283631354546
68,0.46120826519499875,0.49322935485081576
69,0.45989347145477366,0.4924292452701934
70,0.4588891338894772,0.49105189865300625
71,0.4578785025629139,0.49011858781997947
72,0.4567459830780399,0.48912553199741293
73,0.455778632182042,0.48841638885904404
74,0.4545356450056371,0.48734454279237693
75,0.45351187721635344,0.48659731258347083
76,0.45251898791324896,0.4858658637211159
77,0.45171335851515126,0.4855058214131042
78,0.4504138372755779,0.48465541581528676
79,0.4498604301326548,0.48411827012111036
80,0.44912842165495576,0.48366862345123474
81,0.4482507926774805,0.483567306699007
82,0.4473201262459608,0.48289990539102595
83,0.44608811444926394,0.48217264304128576
84,0.44507944581558667,0.4813616848175926
85,0.44400349516570375,0.48066652339848226
86,0.4433790829426311,0.48007487561152423
87,0.44265525671351874,0.4796366998578351
88,0.44167572408894873,0.47879208241004473
89,0.44103544034721626,0.47841453573449677
90,0.4400878177407736,0.47754337813296144
91,0.43947197928652465,0.47738969305071244
92,0.4388691490551025,0.47734051779686726
93,0.437346397896137,0.4763121440353004
94,0.436502338875998,0.4756030143794153
95,0.4351610688474438,0.47418988085196484
96,0.4343431485260948,0.473562938350781
97,0.43361389824291907,0.47285690149988446
98,0.4328952049164428,0.4725762452628763
99,0.4321824268231372,0.47247633495284236
100,0.4310992509737205,0.47227946909109725
101,0.42998302243443165,0.47165926037589023
102,0.42923498393570403,0.4705622093226317
103,0.428627068848954,0.4702125964206147
104,0.4278480228279874,0.46953859444926743
105,0.42654991005932624,0.4688886053708062
106,0.4256718845276284,0.4684762456472378
107,0.42491197866121044,0.4681781109651892
108,0.42429062401314055,0.4680916335493465
109,0.42345717137799105,0.4678257627543755
110,0.4225416180241716,0.4677409032804382
111,0.42197424368925457,0.4672944387178009
112,0.42120220116579654,0.4668098796736921
113,0.4206661786002723,0.46662551151651566
114,0.4198642727563676,0.46619811621256657
115,0.41926735891272965,0.46588299522940907
116,0.4184603507259032,0.4655976900530452
117,0.4176603975850314,0.465199179797582
118,0.4168476803598031,0.46490072171514246
119,0.41611059329677064,0.4646583727080457
120,0.4153709187512829,0.4640578437480827
121,0.4145194570042297,0.4635918386993842
122,0.41395584843066074,0.4634327047312075
123,0.41298021385488043,0.46238795321291626
124,0.4119357952373922,0.46184230847590785
125,0.4110950112910048,0.46130422894578726
126,0.4101562222479167,0.46019065546873456
127,0.4093990426292944,0.459381372642121
128,0.4087963229901508,0.4589153776854081
129,0.4079991165256094,0.45799050721768503
130,0.40689796327307776,0.45717877981678595
131,0.40626951876634837,0.456599218431803
132,0.4055760293182733,0.45622131755938755
133,0.40469807675322494,0.4554922319572314
134,0.40366817226753077,0.45515745418218045
135,0.40313460609717816,0.4548149772054377
136,0.4020997364760359,0.45422341616477524
137,0.4013574236313124,0.4538035801611969
138,0.4006952027948546,0.45364956662262806
139,0.4002383781088397,0.4533101158953084
140,0.3994512952314682,0.45276287392850356
141,0.398684009669352,0.4520961911942277
142,0.3979361222423229,0.4516571357341695
143,0.39732797434216227,0.450622320302731
144,0.3962178106759233,0.45017423897961034
145,0.3952683639406622,0.4490429052737769
146,0.3943018289570956,0.4484863158342313
147,0.3934755177073872,0.44804876186829523
148,0.39248686353349826,0.4471091416255789
149,0.3918225257848263,0.44684073342891406
150,0.39121437745531684,0.4467614368340172
151,0.39058179215892674,0.4463805471205841
152,0.3900092202454152,0.44586154808978423
153,0.3891815405271055,0.4451873434917889
154,0.3882907687940202,0.4447572545769933
155,0.3876555422028,0.4442840712342614
156,0.38695112384014774,0.44379440854106256
157,0.38632471028330334,0.4434515763011393
158,0.3852741916994081,0.4427908381295491
159,0.3843790235408015,0.44198193474424646
160,0.38365998375740373,0.44141475647169265
161,0.38306117588380895,0.44106053338004725
162,0.38241399719448527,0.440453357664393
163,0.38182625951880095,0.43981931864135715
164,0.381185294540824,0.43921769162928215
165,0.38045982312595217,0.438869189672185
166,0.37987065149218574,0.4385020547502778
167,0.37916407231147914,0.4382351884837393
168,0.37844184604888237,0.4380197270163572
169,0.3776668866546325,0.43747689148329233
170,0.3770657896546501,0.4372433945474293
171,0.3763493157070432,0.43682387619009333
172,0.37548220465257626,0.4364130347760724
173,0.3748954675999105,0.4360243019569376
174,0.3742419341286118,0.43563465532315393
175,0.3733514810038596,0.43440935868487035
176,0.37266943884603315,0.4340174656755436
177,0.3719508712005905,0.43343530962660115
178,0.3711806737376904,0.43311203377376367
179,0.37043370405754145,0.43264007100669744
180,0.3695108137302004,0.43215433990828966
181,0.36882749759990197,0.4317718156361286
182,0.36791211352276165,0.43082485385713326
183,0.3670934512265895,0.4306875574933254
184,0.36641353811303556,0.43026051336912585
185,0.36567985734200936,0.42994438541625263
186,0.3649642360673643,0.4294708770984872
187,0.3643249343610963,0.4290085327563409
188,0.3634016636090401,0.42803658587956017
189,0.3625726210922909,0.42787617631889135
190,0.3619507491813114,0.42745129485569944
191,0.3611893897101642,0.4268338945341581
192,0.3602276556026422,0.4264188983785184
193,0.3593933896242611,0.4258846816747644
194,0.35848072038861517,0.4253797790665858
195,0.3578395763977854,0.4250548894904551
196,0.35727610330740167,0.42488852543388606
197,0.35638687759046983,0.42470112673868293
198,0.355579715817891,0.42442096282393044
199,0.3547531802196399,0.424179585861944
200,0.35395881861936723,0.42358318098700715
201,0.35321740356074294,0.42324348320035066
202,0.35248436673219136,0.4231723472721108
203,0.351827036659301,0.42255898390177077
204,0.3511875306578373,0.4223518929519048
205,0.3506785703243448,0.4218356661552793
206,0.3501246637518747,0.42150748206705346
207,0.3492750403228305,0.4211309046684987
208,0.34850944110696797,0.42074113581940764
209,0.3476664227801059,0.42026129525708483
210,0.3469976724777592,0.4196686472788892
211,0.34638272964809425,0.41938613057094326
212,0.3457127658681299,0.41888338909503037
213,0.3449383656888956,0.41825798465335234
214,0.34428140924597994,0.41817384875900565
215,0.343612596101147,0.41775120579774894
216,0.34285398936054234,0.4175407477547904
217,0.3421718676097173,0.41684567314402976
218,0.3413673395297372,0.4161828139872072
219,0.3407913835656696,0.41606251413964257
220,0.339933752101737,0.41542880238173646
221,0.33934719663604745,0.4152242297677661
222,0.3386405803028818,0.414769182181
223,0.338013040589697,0.4147248655944409
224,0.3373577938905759,0.4146787087111596
225,0.33676703729596114,0.4144221784772306
226,0.3361157056474982,0.4143121112325804
227,0.3353119537632143,0.4139668646640997
228,0.3345993454300976,0.41353286421951024
229,0.33374837862572404,0.413130257259271
230,0.333158835593415,0.4129590387210205
231,0.3325854652447263,0.41261414041177774
232,0.33181409193722305,0.4122519056663819
233,0.3310171215111321,0.4122545949408539
234,0.33030367758447077,0.4119232125343887
235,0.3297298274306025,0.4118520396837444
236,0.3287618014052561,0.4113426782722561
237,0.32800501569250795,0.41071083311784545
238,0.3273403305435288,0.4102682265579025
239,0.3266438704664481,0.4103200696605775
240,0.3261246306340656,0.4101011682540555
241,0.32540976925167875,0.4097429712325647
242,0.32463712316324495,0.40941988388559
243,0.3239471846189475,0.40896421012062867
244,0.32333011397200223,0.4090563271095843
245,0.3225209364500621,0.4086854818201986
246,0.3218426341626684,0.408467122470418
247,0.32118987472850496,0.40814402928128074
248,0.320596820819348,0.4074698255827331
249,0.32011337281592994,0.40725569410920903
250,0.3195489695984521,0.4070995526132763
251,0.3189167002663548,0.4068614664158901
252,0.3184916922714765,0.40644239236920876
253,0.317880730064669,0.4061072287080153
254,0.3172410774720966,0.40571641302012157
255,0.3166541883797281,0.40555119301890025
256,0.3161588957926646,0.40530938449109105
257,0.31566684858535227,0.4055780852737744
258,0.3149221866570577,0.4055776175471728
259,0.31425099219598057,0.4055085938459602
260,0.31362555835404915,0.40548830082499615
261,0.3131291675872504,0.4053158255262656
262,0.31251103283865506,0.405215274221929
263,0.31196149662550626,0.4046898116461391
264,0.31135590989049106,0.40450265601441954
265,0.31057128206509904,0.40372747211450294
266,0.3100292770427874,0.4034582931772457
267,0.30937609719538417,0.4035828863522166
268,0.3087323597506055,0.4030675670479736
269,0.3081766492592384,0.40253308021024814
270,0.30754001542409826,0.40235292178709164
271,0.3069963795961352,0.40215582875031963
272,0.3064392596628973,0.40189932831426634
273,0.30584593140083177,0.4016679905764262
274,0.30531043708698635,0.4016197314204314
275,0.30485760778811066,0.401331140796131
276,0.3044309594966087,0.4012246143637935
277,0.3038947546616799,0.4006447709384922
278,0.3031960513414197,0.40042318390542964
279,0.30256214288651484,0.4000424283645836
280,0.30211812754373624,0.39974226118549866
281,0.30159416014661933,0.39959002099143204
282,0.30104762470748986,0.39949023713085957
283,0.30053297586162003,0.39946080166723885
284,0.30008167239851874,0.3992794938911997
285,0.2994703082197909,0.39905765217679995
286,0.29898777139992777,0.3986452443041349
287,0.2983715745388768,0.39842835502241164
288,0.2977935621259375,0.3982129743954685
289,0.2971815447599491,0.3981613246112944
290,0.2967782905303137,0.39783939871621327
291,0.2963002892961948,0.39784859210595236
292,0.2957377590912614,0.3974185493981615
293,0.29519009982372857,0.3971051281539518
294,0.2946748711806881,0.39687792535000777
295,0.294116093120049,0.39678982900781445
296,0.2936604066091872,0.39641561920116625
297,0.29322545848217646,0.3963045002974771
298,0.2927271171305314,0.3959667499405157
299,0.2923166532844439,0.39573624409276376
300,0.29179829194700624,0.39545560091594245
301,0.29135040553031133,0.3952408521619115
302,0.2909203561531499,0.39489165431841783
303,0.29049559403432446,0.3947766472477973
304,0.2901666596395973,0.3945790091260857
305,0.28971930788822536,0.39427091553127624
306,0.28925344913689793,0.3941876363032035
307,0.2887375654414899,0.3942470218230549
308,0.2881634401774441,0.3941552657516311
309,0.287646002370294,0.39378087900944725
310,0.2870996211786655,0.3934961291371055
311,0.28670061150914833,0.393448843990468
312,0.2862811132471791,0.39335320446262906
313,0.2857969163816315,0.3930916635676285
314,0.2853816895987696,0.3927384186739122
315,0.28494717317411516,0.392394938684767
316,0.2844881229486662,0.39213875419192595
317,0.28407970844750013,0.39205941306190745
318,0.28357863404938005,0.3918101744971616
319,0.2829785176141455,0.3917748009040676
320,0.28234002905219063,0.39167541924476473
321,0.28194595708804976,0.39155634011874796
322,0.2815508336407811,0.39151248769100777
323,0.28095440844533276,0.3911866563877983
324,0.28056833851898344,0.39077942137491245
325,0.2801471872286226,0.3909060265067163
326,0.279779697466812,0.39100732219224865
327,0.27928243124596097,0.39100143596296927
328,0.2786917330339224,0.3904766821336509
329,0.2781355140606168,0.39024624157429816
330,0.27775123166306886,0.3902451450384758
331,0.2773027986341247,0.3899798441319144
332,0.2768435017989878,0.3898382427702011
333,0.2764102403097152,0.3896823658709832
334,0.2759821776890531,0.389657672257989
335,0.2756185549489332,0.3895582954573342
336,0.2752210929420632,0.3895622280356512
337,0.27483918890553966,0.389338618186438
338,0.2742694429137421,0.3889886445376498
339,0.2737422722179818,0.3886372811934855
340,0.2733307067189634,0.38842231510179787
341,0.2729453491689571,0.3886325481819128
342,0.2725215358440519,0.3886574704222176
343,0.27207410827223943,0.38849463960844904
344,0.2716420379846681,0.38860476960791535
345,0.27119715226715185,0.3884176496760137
346,0.2707302482582544,0.38808428708713083
347,0.27036376397622475,0.3877201162056763
348,0.26998094410322626,0.38745879906055947
349,0.2695482504779846,0.3874293954648969
350,0.26912833092438304,0.3874443273465232
351,0.26875943540758696,0.38717563253908827
352,0.26839504952456567,0.38707822010944576
353,0.2679905270556436,0.38676632207664097
354,0.2676238018449198,0.3864648002511927
355,0.26724443871339826,0.38676855195094173
356,0.26660272977732175,0.38654713917438727
357,0.26623933645915077,0.3863029491534128
358,0.26584132013046297,0.38610375853141926
359,0.2653886433104863,0.38616972244614234
360,0.2650266673347952,0.38578821184196305
361,0.2646716248579845,0.38558005633764886
362,0.264297760307135,0.38529204369727127
363,0.26395997767044443,0.38526208614131463
364,0.2635576305544127,0.38493036213320286
365,0.26317493213001397,0.38479004872720124
366,0.2626899519145977,0.38462894275424403
367,0.26225426686155145,0.38459652257600313
368,0.2620304898894829,0.384553404861703
369,0.26151725933341763,0.38459841299579156
370,0.26117397544444193,0.3845842611315068
371,0.26075573943450975,0.38436290773423604
372,0.260314152033681,0.3842538268583334
373,0.25996300249311016,0.3844208509344672
374,0.2595499249545947,0.38428165363844685
375,0.25914366493760327,0.3844481424027274
376,0.2587273594148569,0.3840862028360526
377,0.2583339303365593,0.38391177348962247
378,0.2579379230678601,0.38366166919912836
379,0.2575194943226537,0.38345356244064727
380,0.2571498089409161,0.38336066485686404
381,0.2568167337368334,0.3832773325438379
382,0.25643933007354275,0.3830128966683982
383,0.25595475756323216,0.3827443872066784
384,0.25561417900803796,0.3826226717832091
385,0.2552284340632913,0.38254823646165514
386,0.2549372698098398,0.3824895846415255
387,0.2546036262907129,0.38210885237685455
388,0.25422613338293804,0.38206004555009415
389,0.2537811975684898,0.3815588703571767
390,0.25339651810206687,0.38150787006279563
391,0.2530242639194712,0.38138657088920375
392,0.2527387452129882,0.381426710231659
393,0.2523192987515597,0.3813289540555009
394,0.2519264559047565,0.3810748534457717
395,0.2515062241210151,0.3809229948344031
396,0.2511585488818938,0.38064244355857424
397,0.2508316944389472,0.3807666344592277
398,0.2504283271359682,0.38043910342175474
399,0.2501634710313008,0.38034748809587654
400,0.2497298748744738,0.37983820897706516
401,0.2493883350949233,0.3795335916594698
402,0.24898400696887169,0.3795568915109367
403,0.24860879819925866,0.37932454016294054
404,0.24831779109682872,0.37931556259728244
405,0.24792072940799978,0.37930783125200707
406,0.24767536140324467,0.37933800038560117
407,0.24730192659806313,0.3792447279679451
408,0.24685848215774603,0.3790018454134414
409,0.24651145859134754,0.3788306422089306
410,0.24609699798686352,0.37871719022752665
411,0.2456892481747795,0.37871831964416647
412,0.24540272754098322,0.37858143877268635
413,0.2450745919738541,0.3785235828295559
414,0.24461195591129137,0.37834639470443115
415,0.24416407621991232,0.37815389210571154
416,0.2438458160182376,0.37800492641003164
417,0.24346603031048392,0.3777144845720218
418,0.2431156059252918,0.3777603740242942
419,0.24285406798337017,0.37762627624184425
420,0.24251484174646698,0.37769325644810536
421,0.24210054677756743,0.37758568530732767
422,0.24171298484488074,0.3774029598902787
423,0.2412878948069583,0.37755714483395375
424,0.24099797215839558,0.37745334198702474
425,0.24065880364921322,0.37733012075524097
426,0.24038610632742818,0.3772734148043135
427,0.24006034160082598,0.37723369570716425
428,0.23979932211877145,0.3772905145288541
429,0.239489890967365,0.37711744360510796
430,0.23918924521789756,0.3770328385463733
431,0.23884498101134496,0.3769471024429382
432,0.2385683026467087,0.37691484808828113
433,0.2382965089663166,0.3766702917718043
434,0.23790074118316773,0.37638161534003084
435,0.23758236989536488,0.3762883385170582
436,0.23726602462288993,0.3764049011696717
437,0.2369308125852018,0.37621838866070745
438,0.23661263199819008,0.3762240698835979
439,0.23624741341972869,0.376066399563584
440,0.23573060312999908,0.37567013534714
441,0.23543888798705837,0.37552104344626674
442,0.23507545378670675,0.37526710148601417
443,0.23481622516927725,0.3752544742654203
444,0.23439185465891588,0.37512358155287495
445,0.23398631760673788,0.3749562198609488
446,0.2336747170891982,0.3748750691726356
447,0.233369698678568,0.375187784542282
448,0.2330670120603716,0.37517944228329597
449,0.23280826418510653,0.37529688500653535
450,0.23258836118062748,0.37542479076717805
451,0.2323444109048646,0.3755557145688532
452,0.2319617888868296,0.37564484842394485
453,0.2316242770052818,0.3756759973546466
454,0.23126010916892764,0.3755635072092481
455,0.23096940593713733,0.3753346696243354
456,0.2306902322991048,0.3751712930330662
457,0.23035950230263683,0.37523842059529006
458,0.23012472578564902,0.37533337218814156
459,0.2297829849753325,0.3752583215301701
460,0.2294560278801062,0.37535013658643174
461,0.22915276773067147,0.37527059231374366
462,0.22891093796833525,0.37514916291979045
463,0.22856996839700114,0.37504112129627754
464,0.22819650732965546,0.3748959884671274
465,0.22790033229388654,0.3748664047684949
466,0.22764301962437547,0.3747280089325818
467,0.22730378642581756,0.37459147812608046
468,0.22702183409542545,0.3745615516413513
469,0.22676514182412102,0.3743868132359402
470,0.22652604836185725,0.3745796715511303
471,0.226247917810032,0.37447231337773135
472,0.22591957296834417,0.37427609135308837
473,0.22562210284126222,0.3739381982261916
474,0.2253293895553832,0.37382395611524066
475,0.22512069643883045,0.37370015110992016
476,0.2247794828836309,0.3737724694668111
477,0.22445018557196977,0.37375819220089
478,0.22420811059237503,0.3737533208074365
479,0.22389008881469552,0.37373323651760315
480,0.22362565229362025,0.37382822444752284
481,0.22345140755783147,0.3737851904679755
482,0.22319136403191825,0.37384114709748156
483,0.22281325916224706,0.3736757872050288
484,0.22257017940351753,0.37352600222501886
485,0.22235228080906125,0.37348137712438617
486,0.2220633697087704,0.37359769865120845
487,0.2217458173516422,0.37351348688623043
488,0.2213174210821443,0.37348065795739926
489,0.22103503156042734,0.3735476331904999
490,0.22061587499315277,0.3735908270303967
491,0.22036643152081112,0.3736000900354246
492,0.2200706950436855,0.3733179649224142
493,0.21980757712864887,0.37329929778632837
494,0.2195527680974504,0.373329227893451
495,0.21927389982539275,0.3731321462746844
496,0.2190689920469185,0.37310786558670256
497,0.21880279876786093,0.373030218794786
498,0.2184725521925562,0.37302183914127457
499,0.21824379501105567,0.3729345224746344
500,0.217865709752581,0.3730075795430535
501,0.21749651270539175,0.37295841950205566
502,0.21716450127405432,0.37304956973454884
503,0.21695852164201737,0.37289197146742614
504,0.21660634404047832,0.37288449118635264
505,0.21625803382400086,0.3728090321040947
506,0.21593705820081696,0.3726336786544528
507,0.21564664313839976,0.37257676902367937
508,0.21530414168003326,0.3723767779015333
509,0.2150491623115853,0.37216623164312707
510,0.21473061793072418,0.3719938132165389
511,0.21450668471064513,0.37194862448495536
512,0.21422288792875988,0.37190608237182377
513,0.2139910519730665,0.37169005005201955
514,0.2137309366425028,0.37167371424543566
515,0.21349576795968528,0.3716564645605857
516,0.21326667380435754,0.37172262123870947
517,0.21298586485792712,0.37180357868975306
518,0.21271867627347396,0.37170834049217233
519,0.21246977845374757,0.3718498945288094
520,0.21224318471021542,0.3717477872604038
521,0.21192870459891314,0.3716282911407386
522,0.2116058531788183,0.3717657049280253
523,0.21142475332394184,0.37171684903616237
524,0.21116469709974195,0.37178966807500474
525,0.21073456824528944,0.37153026001028755
526,0.21043234255520354,0.37136678649778576
527,0.21020739867361551,0.3713611374604036
528,0.20993724501559557,0.37128053599154376
529,0.20965440728719623,0.3713639449859231
530,0.20942317257001858,0.3712556116341616
531,0.20909843497429295,0.37120430201023924
532,0.20885846451291198,0.3711786145379812
533,0.2084925622939512,0.37089176975286126
534,0.2082230283123198,0.3705962790136501
535,0.2080052599592512,0.3706555645348164
536,0.2077152104189109,0.3706590812473771
537,0.2073691462713387,0.37062412873623674
538,0.20708156695543634,0.3709505477942676
539,0.20683800475684197,0.3707972905336027
540,0.20644037887609623,0.3706799891930769
541,0.2061503606737881,0.3706671794739315
542,0.2058741441742472,0.3706944018816403
543,0.2056591167608771,0.3707895955054376
544,0.20538662335466856,0.3705968780969724
545,0.20511704436083603,0.37057591550029056
546,0.20492249152256545,0.37038402939602044
547,0.20470097244963614,0.3702921901390316
548,0.2044455475781232,0.3698563171464377
549,0.2041768148810286,0.36994979834692
550,0.20389479316058076,0.37003844805531916
551,0.20367362178190498,0.36997671985880193
552,0.20348492069866586,0.37000349768777063
553,0.2032526018338767,0.3699190211483594
554,0.20305023163590533,0.3697873442357539
555,0.2028759163465846,0.3698469217101549
556,0.2026352056592876,0.36980177429570943
557,0.20239386495085596,0.36960742203660035
558,0.20211729292636932,0.36962869484423067
559,0.20185061114141778,0.369484107563659
560,0.2016080686418296,0.36945318926555365
561,0.2013298416332478,0.3694886803713624
562,0.20108066811397407,0.36942622560313315
563,0.20090286146298922,0.36939065288140577
564,0.20062773375905618,0.369252818753148
565,0.2002847870265779,0.3691166335184323
566,0.19996335390219605,0.3690886849709462
567,0.19966912126213415,0.36876735231725793
568,0.19943867414695401,0.36879693218709214
569,0.19921688872709292,0.3688091776946151
570,0.19897939810372284,0.3686985123897179
571,0.19876146804912598,0.368649592783414
572,0.19849465048999704,0.36865492205447364
573,0.19826805544709392,0.36869449004844
574,0.19803808234137674,0.3684541145878345
575,0.1978114379159742,0.3684796678991628
576,0.19755707855971283,0.36834632570715065
577,0.1972828081998794,0.3681234321837862
578,0.19695642058366572,0.3680796023627823
579,0.19671996264661112,0.36815714893891527
580,0.19651010005429342,0.36795745161328736
581,0.1962272914708992,0.36782365382513876
582,0.19593294792984123,0.36771691533122697
583,0.1957511036161224,0.36767437092120087
584,0.19546776106066563,0.3675776309907456
585,0.19529805843677236,0.36751576883719395
586,0.19509734732509762,0.3676345739624093
587,0.19496561836637408,0.3676528905121039
588,0.1947759164685835,0.3675038731707773
589,0.19449454939306499,0.3673498697499807
590,0.19428184174617666,0.3671203062430805
591,0.1940910791290888,0.3671251308311418
592,0.19386477714555622,0.36713911782330855
593,0.19366576101117874,0.36706699440172613
594,0.1935085677370693,0.36699381731214753
595,0.19330413364087648,0.3667887072212771
596,0.1930346193538987,0.36690699485604533
597,0.1927840729814467,0.3668776182238074
598,0.19255802412735243,0.3670418186545381
599,0.19235685198096852,0.3668701273532868
600,0.1920707720656075,0.36680741306499093
601,0.1918854409284218,0.3670004131843996
602,0.1916443024194023,0.3669262958450117
603,0.1914765442045272,0.366987407989081
604,0.19119162528775385,0.36694643804149374
605,0.19093615927359525,0.36701777544274017
606,0.19071588303820933,0.36712963871526
607,0.19040724345461468,0.3669183868407224
608,0.1902243705986335,0.36672570830638035
609,0.18998239119198668,0.3668692048053164
610,0.18972080420262516,0.3667301088414604
611,0.18957847591830276,0.36676444628657695
612,0.18928818170723738,0.3665673592617117
613,0.1890489836160646,0.366537749306804
614,0.18887899329055208,0.3664633751530872
615,0.1886223308685916,0.3662876148185773
616,0.1883567010103955,0.3665475116141582
617,0.18814191527831084,0.36637314475455
618,0.1878886702356005,0.3662486170444581
619,0.1876967772134899,0.36622821167114666
620,0.18745141332619977,0.3662190328862572
621,0.18725287282143696,0.36613550507579157
622,0.18698667250416076,0.36577963577401906
623,0.18683301133036953,0.3657149451960398
624,0.18661867727840897,0.36572351870198755
625,0.18638181808115847,0.365751585894802
626,0.18610404677858453,0.36583076100720574
627,0.1858721025531337,0.3656807150786591
628,0.18562761859408478,0.36566040978292713
629,0.18537751957946494,0.365497891027142
630,0.18520656132569846,0.36536347566926947
631,0.18494739152782577,0.36536272166517353
632,0.18470282487506245,0.3654344975730183
633,0.18449416595156384,0.3655187453274857
634,0.18428160623011375,0.3655215758648312
635,0.18406308481842476,0.3655185743807944
636,0.1837978570217608,0.3654644212811244
637,0.18358442083467905,0.3653487959651304
638,0.18344906206973174,0.36535471631992095
639,0.18324767140917306,0.3652968989533341
640,0.18306585809867312,0.36515233188783336
641,0.18280172932985603,0.3651048887817909
642,0.182583016557843,0.36501300531450026
643,0.18239171959030434,0.3649937501131543
644,0.18220408075591762,0.3648326863523519
645,0.182000545782123,0.3647720112404736
646,0.18185528228884135,0.3647666740287148
647,0.18169401649104053,0.36480614822815616
648,0.18154723343604098,0.36488169301326506
649,0.18130105180617107,0.36480354157310013
650,0.18110018884066414,0.36488634806072706
651,0.18085313988285753,0.36473331707161555
652,0.18061116050206028,0.364694539219631
653,0.1803979092776606,0.3644299215880039
654,0.18021063729204845,0.36436058718473646
655,0.18003223621230569,0.36425363278802203
656,0.17983715395026348,0.3642425885279819
657,0.1796448178330356,0.3642695773545201
658,0.17950087165257625,0.36423898249008163
659,0.17929789005401325,0.3643086681990349
660,0.1791081196600692,0.3640344207223885
661,0.17891070235174955,0.36388388703793473
662,0.17866794884026627,0.36420189675329523
663,0.17836860717012554,0.36431407651517905
664,0.1781642669361324,0.36431652715942303
665,0.17793495943678725,0.36423026123488345
666,0.17773940481940748,0.36420172225142616
667,0.17749064935146266,0.3642567044701332
668,0.17724284105728638,0.3641291596415322
669,0.1769944435933828,0.3641629450963157
670,0.17681223507419114,0.3641114677275369
671,0.17668738113674393,0.3639370711345309
672,0.1764821469418935,0.36380211286660674
673,0.17629479988055421,0.3639350397941695
674,0.1760909297172903,0.3638687907127183
675,0.17582455246817363,0.36391549578390603
676,0.1756061192219346,0.3639446014979426
677,0.17532256323235623,0.3637719010220681
678,0.1751424597348292,0.36380724640060386
679,0.1750005791177951,0.36372749766746915
680,0.17481927831733302,0.3636593172306992
681,0.17465005827141508,0.36377936517556353
682,0.17442205973991698,0.3636446625174467
683,0.17426181767069882,0.3634671742707059
684,0.1741529391202588,0.3634137583224589
685,0.17391689009880762,0.36353612804830293
686,0.17379186189719412,0.3635706995100737
687,0.1736218112801772,0.36350081298316916
688,0.17346138768774505,0.36351781752327633
689,0.17321402599413205,0.36344259861126366
690,0.17307890420141964,0.36350156127235467
691,0.17284080363364956,0.3634077538770088
692,0.1726537540494931,0.3633711264898201
693,0.1723751859242619,0.36343751634759996
694,0.1721730047717253,0.3633692454128824
695,0.17200373591987617,0.36331486068737184
696,0.1718438300428439,0.36347328814427393
697,0.17167916562764687,0.3634567722282037
698,0.17154470123394933,0.3635190134465877
699,0.17131503090900527,0.36360063563656736
700,0.17111478225721188,0.36354725577095204
701,0.1709030532508797,0.36346937547249897
702,0.1706896051877734,0.3633517809485106
703,0.1705013288356346,0.3632007269102966
704,0.17030182294818363,0.36324870718282126
705,0.17014349977324092,0.3631942444596328
706,0.1700303868092488,0.3632244365966039
707,0.16985092074527822,0.36299391421057875
708,0.1696325334164671,0.36319690785655145
709,0.16942370970894224,0.3632106080881225
710,0.16926455223071704,0.3631995517675085
711,0.1690910625048208,0.3631625438262977
712,0.16889228782129845,0.363245468720488
713,0.16875458266531904,0.36326460222301743
714,0.1686237640006794,0.36325774005338574
715,0.1684375256940057,0.36318302616239057
716,0.16828059583622693,0.36315558872539505
717,0.16810108682998914,0.36299234059822155
718,0.16791429134918376,0.3629482686862642
719,0.16773127998832732,0.362840734581864
720,0.16757822142233972,0.3630402818610296
721,0.1674429179028173,0.3631049135275577
722,0.16721134959613476,0.36309279978280123
723,0.16692641071538003,0.36299746175064995
724,0.16675215511982353,0.36283546693163865
725,0.16655636482859512,0.3627191282726043
726,0.1663536622154273,0.36278741729447955
727,0.16613775686349325,0.3627343380793423
728,0.16593861861605944,0.3626248611970394
729,0.1657574647557982,0.362655933546383
730,0.16555335193142756,0.3625367809502694
731,0.16537737709027203,0.3626135036677633
732,0.16513400860775795,0.36246146527967843
733,0.16491753989872465,0.36232821247538016
734,0.164755486809121,0.3623816751770796
735,0.16449837271146775,0.3624303866172894
736,0.1643173593947501,0.3625039020287863
737,0.1640630892197031,0.36241525254878204
738,0.16386044066706576,0.36242434961381315
739,0.1636175036412141,0.36236577788649793
740,0.16334565003367327,0.3623127376315728
741,0.16316373861795366,0.362167930973925
742,0.16302566368382954,0.3621437358517234
743,0.16286208381211154,0.3620755442490343
744,0.1627132239848269,0.36193154554540224
745,0.1625608773660796,0.3618898660713765
746,0.16238422796722013,0.36191220343651453
747,0.16224703012970298,0.3620655899562499
748,0.1621210375106976,0.3620142526009531
749,0.1619244621987345,0.36188383831143234
750,0.16175413974360156,0.3619098023049344
751,0.1616175109138966,0.361958740062653
752,0.16139317647522713,0.3618559137099357
753,0.16121402591493492,0.36195722251120804
754,0.1609907303999557,0.3618390162747313
755,0.16076760003335838,0.3617378357316807
756,0.1606233884094708,0.36175371838125825
757,0.16047126978823875,0.3617534186842206
758,0.16031047632534204,0.3616936702566552
759,0.16019818467806168,0.36169310313920794
760,0.16001277594764832,0.3616261122797259
761,0.1598833004911776,0.36156472335247963
762,0.1597511092018205,0.3616851351872847
763,0.1596030453394802,0.36168716429234304
764,0.15944064189410348,0.361686897128286
765,0.15927992076909664,0.36175255920715577
766,0.15907986207731992,0.3619060218204133
767,0.15884072430571677,0.3618731244652032
768,0.15869450158612647,0.36177444321233493
769,0.15852363669307828,0.3617331274799612
770,0.15835712857134768,0.3616594059459986
771,0.15823714219589113,0.36160643819000315
772,0.15813923498727392,0.3615798797950975
773,0.15800666814621223,0.36151497941543187
774,0.1578236284559657,0.3614281207275771
775,0.15764724031389113,0.36148812607361475
776,0.15742844982629584,0.3616742566341479
777,0.15724934839690066,0.3616750596268507
778,0.15713819628076722,0.36152290997341674
779,0.15698639503398287,0.361583280235357
780,0.15679263737433774,0.36161003639893247
781,0.15666581410963898,0.3615008998433892
782,0.1564644049796956,0.36156521019150917
783,0.1563413493106786,0.36170885438194805
784,0.15623280254347502,0.3617883357424605
785,0.15611738833876246,0.3617839891140861
786,0.155954744616839,0.36179923558619825
787,0.1558541076810759,0.36177291230471437
788,0.1556800592876823,0.36174078057707865
789,0.1555528875633369,0.3617492943844195
790,0.15544779071061937,0.3616850432398983
791,0.1552813004593023,0.361982062943048
792,0.15517590020936128,0.3620080099459355
793,0.154970537971074,0.36188457882469816
794,0.1548299835079027,0.3617916560801094
795,0.15470779573157362,0.3617955969177602
796,0.15458531666619932,0.3617995296259058
797,0.15440431086111644,0.3617596736712419
798,0.15427822253548404,0.3618652023411075
799,0.15411303655354947,0.3618516083018306
800,0.15393826300453098,0.36182658173866583
801,0.15376400094289266,0.3617861484229451
802,0.15361969840143908,0.3617646258015295
803,0.1534644339081986,0.3618208205537142
804,0.15327486877942406,0.3619492027916849
805,0.15310235006231032,0.36207794465067505
806,0.15297245323001166,0.36199808616808166
807,0.1528251019906929,0.3620159930459614
808,0.152718078118569,0.3619988656122638
809,0.15252650721811553,0.3620959953125812
810,0.15238799423840022,0.36213950107455717
811,0.15227455348061988,0.3621880245805243
812,0.15211450767871007,0.36226980579241336
813,0.15194218644161814,0.36230159985073707
814,0.15171789703041338,0.3623476769993529
815,0.15160394991085055,0.3623382801623491
816,0.15145313328153207,0.3623984782923893
817,0.15133267955398105,0.3623007400246862
818,0.1512107368161793,0.3624046590152049
819,0.1510490053154857,0.3623934894273993
820,0.15088068655766634,0.36242185677085687
821,0.15077989106417342,0.3623848486425078
822,0.15060522386490582,0.36229159460329396
823,0.15046529430219524,0.3622454444241505
824,0.15027540722630964,0.3621914280391503
