0,0.620686103280972,0.6257527128000393
1,0.5922214701209112,0.603757203777424
2,0.5682152636327272,0.5831021875946777
3,0.5464385815583379,0.5656008204932889
4,0.5266910291359033,0.5502776572875137
5,0.509789793590246,0.5390220055489728
6,0.4941215644291833,0.5266151296071526
7,0.4798470260389218,0.515272795828417
8,0.46762597698048014,0.5067022494943368
9,0.45575364174419136,0.4977438437893241
10,0.4452017561153755,0.49140438868824354
11,0.4355845506647419,0.484862515153083
12,0.42528282255254707,0.47902309060928455
13,0.416487423780713,0.47271517391475476
14,0.4071671890507581,0.46726251255621176
15,0.3993370681958484,0.46112330186195805
16,0.39140845840757404,0.45726641781627425
17,0.3838204343639223,0.451961008504496
18,0.37623240530390406,0.4472534600501961
19,0.36862648123802394,0.44226930954202553
20,0.36159036553439583,0.4387977787758019
21,0.3548613145557734,0.4353021945176043
22,0.3476724341064142,0.4321849648464655
23,0.3420664924404331,0.42887611172666923
24,0.3359234768333984,0.4259803005023861
25,0.329341402174424,0.4226211908412406
26,0.3236671694606304,0.4200076987408353
27,0.3178283292049843,0.4179282542550124
28,0.3119601376336769,0.41531319960498736
29,0.3061877804867304,0.41332080112993974
30,0.30047326858056883,0.41049610262113223
31,0.29551807962150084,0.4076747397293105
32,0.2904889858942266,0.4061760814229369
33,0.2863190896445412,0.40495782127751145
34,0.2814805766157356,0.40247889471382914
35,0.2768784208825374,0.40126960188202265
36,0.2722684891055395,0.39891777359466096
37,0.26828875881045705,0.39762725455189046
38,0.26401038385896075,0.3953731397879471
39,0.26049358595162664,0.3935629805965696
40,0.25659624855092183,0.3917985539090835
41,0.25270083725555287,0.3893787620026523
42,0.24892930451982515,0.388941897332126
43,0.24520249125411894,0.3870049124941442
44,0.24140134077738853,0.3853155483937959
45,0.23820242697658756,0.3844824226677314
46,0.2351717256261701,0.3837052298934794
47,0.23221909300164995,0.3823759416253814
48,0.22888630779787508,0.38112136828540955
49,0.22575654299111797,0.3809856980025569
50,0.22301503228403963,0.3792145764178375
51,0.2201172653596518,0.37918041999318386
52,0.2172995054402311,0.3785811499298352
53,0.2140675921911906,0.37801903337149595
54,0.21107255796356256,0.37713012298067655
55,0.20858333162292297,0.3764073245536309
56,0.2058713163971942,0.3761601824451113
57,0.20331664777555103,0.37567121257723435
58,0.20063952642410532,0.37393756051333443
59,0.19809246378849696,0.3735296541636435
60,0.19530279259414118,0.372702935563077
61,0.19267814000829453,0.3724036026109167
62,0.190074920228823,0.37185365623217453
63,0.1880811620485489,0.37088918421533407
64,0.18585157742782554,0.3704842208546436
65,0.18315911159722514,0.36982699719660894
66,0.18111046452469196,0.3694548532584388
67,0.179116245909297,0.3685690249169793
68,0.17683591883476604,0.3680385757289526
69,0.1746738345754439,0.36723819725570356
70,0.17267718020665915,0.36755096258023207
71,0.1706778294374663,0.3668975048281013
72,0.1685153217945642,0.366425770248818
73,0.16654974403647663,0.3666696713332871
74,0.16466732426519884,0.3669624250600241
75,0.16262443481126732,0.3667237528794342
76,0.16076232763910683,0.36635633673761725
77,0.15874575435525792,0.36647032688798004
78,0.15677939050326933,0.3666658553976758
79,0.15491546222042726,0.3670013279869056
80,0.15322458951549672,0.3672020443809608
81,0.1514836873407917,0.3668362903057307
82,0.14985459279888927,0.3658355113121433
83,0.1481946372507274,0.3648372768475141
84,0.14653102721032846,0.3651139888310173
85,0.14469195698744317,0.3646928340719024
86,0.14290446086037248,0.3656531727380765
87,0.14121692495596774,0.3650721622973113
88,0.13967658415686096,0.36574133580630996
89,0.13820926551292148,0.36572717129836096
90,0.13686567598395413,0.3660577370498211
91,0.13531974262779717,0.36598101519979703
92,0.13383749950887713,0.3660602217309367
93,0.13250981680847596,0.36537806844416976
94,0.13108648139680085,0.36539271615587654
95,0.12943653879531125,0.3665418144930341
96,0.12807322186982384,0.3668363816951488
97,0.12659792567636913,0.36701272772387333
98,0.12527911209365672,0.3667148756134876
99,0.12404478048122526,0.3672368671052305
100,0.12275745916610932,0.3681519943004492
101,0.12141727482704254,0.36887455391081697
102,0.12019115187711622,0.37017868625710726
103,0.11896644676363169,0.3699160479207874
104,0.11775147003952237,0.36971130194080004
105,0.1165107732439948,0.36959246400894935
106,0.11530727115910022,0.3700956811464324
107,0.11403312507909542,0.3694834230389135
108,0.11296217480403194,0.36990306714790644
109,0.11177165364752044,0.37056420308885835
110,0.11072762467927538,0.37153205649282467
111,0.10956354121599456,0.3717706859356514
112,0.10844939163484565,0.37189717214336976
113,0.10718168420497479,0.37235260989913316
114,0.1061759586589102,0.37228831300282306
115,0.10512385222803099,0.37297521373227577
116,0.1040762636597746,0.37312384829117773
117,0.10313102637680768,0.37323723547250787
118,0.10204109243626083,0.37397147680822335
119,0.10103329800747556,0.37387369013926847
120,0.10013796209572606,0.37441608816604777
121,0.09910932536773415,0.3750262220417748
122,0.09822812533343951,0.37565880485896935
123,0.09729288228799221,0.37612492793767477
124,0.09623671741873215,0.37679394143114187
125,0.09523990914470504,0.3767175533759483
126,0.09440529116817578,0.37680844893319865
127,0.09350680113223961,0.3773576283684284
128,0.09262809884649637,0.37797304042389734
129,0.09177074149896552,0.377841276203291
130,0.09090518990773748,0.37815943470945795
131,0.08999203458413578,0.37863694443892865
132,0.08915342241285294,0.3780524343139898
133,0.08824970490713852,0.37822972813063577
134,0.08748626277289566,0.37928696872755635
135,0.08661202100407175,0.3789605481058768
