0,0.6855863107251657,0.6849757330390279
1,0.6774542800985629,0.6767473185117037
2,0.669231166601764,0.6682478973775479
3,0.663938466365962,0.6628970802736603
4,0.6570995992555242,0.6560310694920364
5,0.6508906046305263,0.6493741625445546
6,0.6454160797138663,0.6439738162387597
7,0.6390447972700327,0.6380155115849901
8,0.6342733327930578,0.6334704356167785
9,0.6293064267144391,0.6290703110827923
10,0.6242436731094851,0.6236299573830538
11,0.6190107301381761,0.6192634107177794
12,0.6151778095185426,0.6153895024808941
13,0.611258652995747,0.6117818660406248
14,0.6066174694163882,0.6077843214051133
15,0.6017501217278891,0.603509077576916
16,0.5983549642568381,0.6008772912100936
17,0.5944979360497978,0.5972165930206453
18,0.59022123950942,0.5935045615006058
19,0.5867611057948032,0.5905282008183159
20,0.5832397151534563,0.5877532069181197
21,0.5802848322389383,0.584936679791904
22,0.5775086650422506,0.5828111179777552
23,0.5745483446268533,0.5804518032936683
24,0.5714700096617954,0.5782768275728437
25,0.5683220589413802,0.5748807324987458
26,0.5653338211768524,0.5724296204198529
27,0.5628403836623437,0.5703129619346329
28,0.5602233814296664,0.5683359750506025
29,0.5573038499080533,0.5657711036399699
30,0.555087570084282,0.5641064290104548
31,0.5524812410160911,0.5618578281789978
32,0.5504055781309137,0.5600787706360855
33,0.5477831977528616,0.5577893120147983
34,0.5454705875724388,0.5556191076442852
35,0.5426218982469837,0.5535381790247719
36,0.5408812498478325,0.5522017159588007
37,0.5389529033991164,0.550620028723926
38,0.536371494210841,0.5483456305304087
39,0.5349263323620139,0.5473757452762764
40,0.5331009354598932,0.5458914844749747
41,0.5312361379732318,0.544866310786023
42,0.5294134752234548,0.5434378559791105
43,0.5273369868541249,0.5419132727229486
44,0.5256962778035402,0.5407697652497154
45,0.5239486438026512,0.539454152302383
46,0.522635628220394,0.538363442719913
47,0.5201314784785348,0.5364619921568984
48,0.5184817653806191,0.5348750328762047
49,0.5174609151760674,0.5337471747090259
50,0.5161363800272184,0.532859929893005
51,0.5151246950569968,0.5321624384318235
52,0.5136505992260365,0.5310831194739078
53,0.5119924798406938,0.5295616419025645
54,0.5101877405211436,0.5281641653369983
55,0.5084722723566664,0.5268485404379085
56,0.5067015052542875,0.5255176058055491
57,0.5056272174768148,0.5247898717544498
58,0.504316303159174,0.5237456810344087
59,0.50329563287541,0.5231737946258446
60,0.5018759311750204,0.5218944437472545
61,0.5000795735045775,0.5201747907312418
62,0.49852946918618257,0.5186846211380087
63,0.4977049472712979,0.51821402439014
64,0.49653388273454424,0.5175667541589178
65,0.4949815645518518,0.5167145303315642
66,0.4939594471695686,0.5160712326619675
67,0.49303998428458673,0.5153663866872965
68,0.49189932930337166,0.5147207106172903
69,0.49082188655657016,0.5138997893758387
70,0.49009451171628954,0.5131502986332809
71,0.4893130093671139,0.5126060036714417
72,0.48815498844344496,0.5117380142949792
73,0.4873555036620617,0.5111142460623141
74,0.4862402363520528,0.510213376020962
75,0.484864101341689,0.5089098796957983
76,0.48402313517808854,0.5084353954058052
77,0.4830398962055285,0.5075844100332642
78,0.48224902302302475,0.5068244395427229
79,0.48109779886836385,0.5058493021653763
80,0.4796776349798826,0.5047991374545525
81,0.47867144977892007,0.5040750981396311
82,0.47779265631058215,0.5033841808098457
83,0.47708296081375706,0.5027804034025968
84,0.47626897547332,0.5021377225197738
85,0.47527012618136977,0.5011754486258029
86,0.4744510169015686,0.5004905718270414
87,0.4731008021991593,0.49929067820367085
88,0.4723253384795795,0.49880672204261134
89,0.4712345055012737,0.49794370847150105
90,0.47032843460458124,0.49726524299585306
91,0.46915443780054783,0.49626561578306777
92,0.46821990636347965,0.49556943361376327
93,0.4672124551625407,0.49493389132595766
94,0.4665981629499518,0.49447643765500027
95,0.46571221463569346,0.4939367548336826
96,0.4647687682982888,0.49291704258293745
97,0.4639598903416831,0.4924988126329164
98,0.46279928439939083,0.4918221728072619
99,0.462124224948152,0.49132360807698
100,0.46126165594526486,0.4906048813615511
101,0.4605960832712293,0.4900614986405819
102,0.4599743462565271,0.489693176972342
103,0.45924839179666466,0.48901601499379066
104,0.4583177805663794,0.4884627241709787
105,0.45738233472662504,0.487837979720742
106,0.4566023278663375,0.4875689156185325
107,0.45609467910485013,0.48703505395472707
108,0.45521322747103093,0.4866219206252338
109,0.4544097180132383,0.486060217496316
110,0.45384469927302623,0.48567558810078526
111,0.45314271260814126,0.48547467616732676
112,0.45219536299368956,0.48490781388235904
113,0.4515276430182094,0.48460186502633384
114,0.45080098804818114,0.48421328419600457
115,0.44999415219271277,0.48334526377614584
116,0.44921470844900047,0.482845829259383
117,0.4485427240097362,0.4822961689461147
118,0.4477915687300905,0.48181084769191573
119,0.4471642451585836,0.48136897728156813
120,0.4466910154994222,0.48102540181817033
121,0.4458745747741618,0.480147597842271
122,0.44516602000396405,0.4797828873672197
123,0.44448707605279564,0.4792360273931232
124,0.44373325747911685,0.4789079892530634
125,0.44307124819148636,0.4784595233551147
126,0.44241932241387416,0.47784411014257006
127,0.4416679749051131,0.47748365608616855
128,0.4407504744002531,0.4770401969733679
129,0.4401371045529984,0.47665047168370145
130,0.4395747197889916,0.47629257136710845
131,0.4387340204912835,0.4759937783256818
132,0.4381536310457408,0.47569986734551956
133,0.43740227002332427,0.47513629869120094
134,0.43693570799912895,0.4749455687310672
135,0.4360731596744095,0.47435644038850744
136,0.43561021990141285,0.47397245542004685
137,0.434799487915992,0.47343667954688734
138,0.434248543810961,0.4729081570713015
139,0.4335981736128533,0.4726545636359015
140,0.43303572453712064,0.4724103972182665
141,0.43260924343593093,0.4721161879454866
142,0.4322226524059204,0.4718097373338126
143,0.43168205950712474,0.4715114475026659
144,0.43095063063186306,0.4709974783586504
145,0.43036549793336737,0.47058206646334405
146,0.4295755098141807,0.4700116489691404
147,0.4288386495568912,0.46949406846246805
148,0.4283311827257945,0.4691658286895266
149,0.42790980937149936,0.46891117693187295
150,0.4275839443353258,0.46870226737622744
151,0.4267855216868413,0.46830089495525434
152,0.42621035009037633,0.4680142676940544
153,0.4255855943822503,0.4676816367653009
154,0.42492717187610407,0.4669072187088115
155,0.4244206274125726,0.46633134157565365
156,0.42393393479208846,0.46594452056520014
157,0.42326396317601583,0.46549919694459374
158,0.4226779232125118,0.46513594289399574
159,0.42191801034849596,0.46460026809035476
160,0.4215644837960014,0.4643499451860477
161,0.4206867585563798,0.4637864962499051
162,0.4200021909185969,0.4632750994783899
163,0.41964829168246753,0.46306620371437457
164,0.41916749116940266,0.46280247951416303
165,0.41874772341030236,0.46255964426132246
166,0.4182817403620004,0.4622316241869441
167,0.41770410974355654,0.4619111120710476
168,0.41728602473442117,0.4616283043111481
169,0.41684024822643406,0.4614217450092348
170,0.41634010582346936,0.46118880464145556
171,0.415870830638247,0.46090763134573215
172,0.41524274436795866,0.4604383931875698
173,0.41454660574167757,0.46011512135372223
174,0.41398090592130304,0.4597838567171511
175,0.41334298204412984,0.4593238540559876
176,0.4128196474022921,0.4589098849509369
177,0.4122771733021204,0.4586358719402808
178,0.4118545488874149,0.45840738669630854
179,0.41126859392119,0.4583397791294642
180,0.4108170359674866,0.4580591661354432
181,0.41040842592156884,0.45796486269686115
182,0.40991474910703973,0.4578706710703547
183,0.40942260367436883,0.4576488683483601
184,0.4089821706664584,0.45746288252042455
185,0.408392464224581,0.45700354273584415
186,0.4079113234363313,0.45680014232009303
187,0.40728386526397065,0.4563987649634515
188,0.40687860914033586,0.45623138017677883
189,0.4062938003847831,0.45581432181418496
190,0.40591170180006975,0.45552396377320825
191,0.40563772494791206,0.4553966213590614
192,0.4051424799545587,0.45501646521629474
193,0.4046958827807763,0.4546702169260629
194,0.4040509532765834,0.45430202556554994
195,0.4035653008643893,0.45398723515799555
196,0.4031126913359768,0.4534795649953217
197,0.4026944989364613,0.45338759221416425
198,0.40221249126439496,0.45311509909135606
199,0.40177344772871165,0.4526864881075713
200,0.40132153490344086,0.45234076585730965
201,0.4010263194967413,0.45233024923256554
202,0.4004560415486542,0.4520117276084878
203,0.4000634766648347,0.45171100020451227
204,0.3996212977483699,0.4514764402904043
205,0.3992367622526493,0.45117977514650937
206,0.39851362260559264,0.45032207385786555
207,0.3982364880307591,0.4501193188990263
208,0.3978016861994336,0.4498087437189012
209,0.39703602482843675,0.4494194915538143
210,0.39669463116042425,0.4490952047325948
211,0.39614586379086564,0.4488573455091663
212,0.3956789827570536,0.4485361758463046
213,0.3951674863625197,0.448340162925196
214,0.3947727980336877,0.4479133228230953
215,0.3943063940576167,0.4477093195504858
216,0.3937740130416464,0.4475907299143697
217,0.39330992609372756,0.44720722704402716
218,0.39278682024704853,0.446755377375676
219,0.3923253769159884,0.44659545378042265
220,0.39170036542527487,0.4458322445648527
221,0.39122125205266045,0.4456966752100074
222,0.39078561427722114,0.4454720618278485
223,0.3904352846176039,0.44525065342695463
224,0.39003571115991537,0.44490424546554286
225,0.3896133764798352,0.4445315274552703
226,0.38917462297124644,0.4442400657164406
227,0.38867587890813754,0.44382972465863313
228,0.3881117555551859,0.44361861822146276
229,0.38752607872230554,0.44333388243261534
230,0.38712067400656014,0.44296930687367053
231,0.3865960607102804,0.4426433038165417
232,0.3862827324753806,0.4422968782142554
233,0.3859192983158959,0.44213802534119895
234,0.38556201740638496,0.4418426149904679
235,0.38523406894622014,0.4418567620307029
236,0.3848840843570034,0.4415998659427179
237,0.38453262352081574,0.4415803874809031
238,0.3841522491851907,0.4413159477160366
239,0.3837246781236244,0.44103589902696
240,0.3834485819052679,0.44090425480252704
241,0.3830798726579105,0.44062990772665406
242,0.38269508452192363,0.4403991252232999
243,0.3823834320590857,0.4398814153096744
244,0.3820157500346785,0.4397051049484507
245,0.3816077027892329,0.43910532183696516
246,0.3813108482370766,0.4391250606529613
247,0.38093379279733997,0.43897037999052
248,0.3806131815874101,0.43892773652323047
249,0.38015070641100673,0.43853757890852474
250,0.37972051323153433,0.4385012391690813
251,0.3792787841012829,0.4381708583511749
252,0.378702693762853,0.43777137089590545
253,0.37821898460309405,0.437379201165053
254,0.3778571070221376,0.4372584965064012
255,0.3775370482108185,0.4369895053637214
256,0.3771120383055349,0.43658019307904644
257,0.376748875161658,0.43619060712774654
258,0.3762421528443186,0.43593689972189614
259,0.3759418635745071,0.4358191956979741
260,0.37560786156782927,0.4354522592536469
261,0.3751801566932052,0.43538498054479846
262,0.3747298647148597,0.43512522216467114
263,0.37438530910749335,0.43472403284111655
264,0.3739541892475342,0.4346847782060788
265,0.37358131805228517,0.4343824448602421
266,0.3732908863161658,0.4341756623654366
267,0.37294618439932775,0.4338967724452955
268,0.37263536392586777,0.433689928388443
269,0.3723264716500616,0.43344877472943677
270,0.3718979433927308,0.4331792366032528
271,0.37154691668728057,0.43303630524947767
272,0.37126004668122525,0.4329911218516366
273,0.37085037236920493,0.43268056161089946
274,0.3704497784478558,0.4323905889256934
275,0.3700893173043986,0.43225651112466273
276,0.3696591555284439,0.4319733906435141
277,0.36920681262367655,0.43132168072269933
278,0.3688873313830197,0.43124798997945524
279,0.36855302806997814,0.43100509214030347
280,0.36826360467924757,0.4308421157412629
281,0.36781374805075384,0.4303571563048872
282,0.3674883998333699,0.4302018034161992
283,0.36720830504025476,0.42995171527498033
284,0.3668683569522847,0.4296824187964838
285,0.36659331787737026,0.4295655700687908
286,0.3662055177649051,0.42939534177568806
287,0.36588815193374163,0.429287765055139
288,0.3655856509010785,0.4290635269494625
289,0.3652007749415944,0.4289886008722093
290,0.3647589240417164,0.4288010546840996
291,0.364331727069016,0.4284790485147785
292,0.36397813266463735,0.42834537890244895
293,0.3636910964612005,0.4280188527095238
294,0.3633287537083751,0.42757191937125283
295,0.3630221330048923,0.42730254662062533
296,0.36253893328128967,0.42706964671825964
297,0.36228743039156247,0.42703063907794175
298,0.3618070932605926,0.42678161316505914
299,0.36141134395569113,0.4267099698241369
300,0.36086358658983186,0.42629689579608104
301,0.3604415330111177,0.42610748918030983
302,0.3600034460783824,0.42598511770016945
303,0.3595772227742607,0.42605574108390426
304,0.35934696638399793,0.42588202815051246
305,0.35906094279383466,0.42572139429870853
306,0.35858180566523207,0.4251473425030808
307,0.3582454479161375,0.42500420260228644
308,0.3577935903941454,0.42487979065456033
309,0.3573349193920227,0.42443042734185576
310,0.35692559665365886,0.4239947215013801
311,0.3565016770166693,0.42377779012340844
312,0.3560071202054592,0.4234232578972784
313,0.35560976443090925,0.42331083785328216
314,0.35529163616487597,0.4230585862009787
315,0.3549587578191947,0.4229740977255302
316,0.35459167871869435,0.4227865882645998
317,0.3541975076114126,0.4225980287245099
318,0.35394893733165644,0.4222439476189357
319,0.3535193121491555,0.4219396375220218
320,0.3530454460886966,0.42175734877897375
321,0.3525414256969363,0.42156522801013496
322,0.3522501121965187,0.4213885464648418
323,0.35178936110967496,0.4206780711773976
324,0.35144174112951887,0.42048968507780266
325,0.3510820025820881,0.42018579071887363
326,0.35071782263189344,0.4198807741284084
327,0.35026311273498256,0.4196100442568341
328,0.3499048379597732,0.4196379452125284
329,0.3494659745792469,0.4193328064367343
330,0.3491730120406244,0.41920956472220255
331,0.34880720081505495,0.4188704362610759
332,0.3485442526675928,0.41877947859288134
333,0.3481923479812346,0.4187186201095802
334,0.3477465770636448,0.41853671202976617
335,0.3472384468366978,0.41824624302420144
336,0.3469389401949369,0.4179937564098495
337,0.3465518498846913,0.41782485682176274
338,0.3460430149289309,0.4176675378747437
339,0.3456459716750206,0.4173555559998541
340,0.34530596351366716,0.41726937957695276
341,0.3449408543403742,0.4169586526727556
342,0.34444439809000305,0.4165890337241498
343,0.344065613999368,0.4165179459331072
344,0.3437485887737713,0.4161867731730341
345,0.3433345811465667,0.41593035578762994
346,0.3428931807734303,0.4157367064071568
347,0.342431470533149,0.4156437001909136
348,0.3420544793263586,0.41560615506845167
349,0.34167483037161883,0.41546914003285956
350,0.3412707839697844,0.4152920041209371
351,0.3408160309115006,0.41517625255509705
352,0.34033072700646705,0.4148977205372694
353,0.33980642252424675,0.4147441370206877
354,0.3392847480162281,0.4144828862423576
355,0.33881509929556647,0.41429980212505263
356,0.33843174572032564,0.413915782888461
357,0.33804753113921093,0.4137128486851606
358,0.33755978268942693,0.4134365366119766
359,0.3371331882782472,0.41349664437580885
360,0.3365837050621043,0.4133441645299237
361,0.33608669162923116,0.4130021206256606
362,0.33571127114781557,0.4128089339073058
363,0.3353364266516228,0.41261313109496284
364,0.3348361405940589,0.41234739959697536
365,0.3343073404200834,0.4122193739988592
366,0.33389798848796953,0.41217673171907526
367,0.333476730500489,0.4120112407064517
368,0.33307135694995305,0.41184748311011604
369,0.33269278532395813,0.4115120853102665
370,0.33238272761033383,0.4113533425384615
371,0.33197533505093063,0.41115303709079026
372,0.33152539082346155,0.4108871729088051
373,0.3310617213778763,0.4104991158769902
374,0.33055018392735425,0.4103811959626564
375,0.33015108257807846,0.4101886972614674
376,0.32977447463009935,0.40992634514748305
377,0.3293492737453418,0.40985093989017396
378,0.3289220347535727,0.40975017425874166
379,0.32860879876761406,0.4095934293982109
380,0.32830694422200657,0.4094495127984167
381,0.3279240736779699,0.40927750268033425
382,0.32752146849769653,0.4090081520371905
383,0.3272001013325189,0.40902630217892083
384,0.3267678838679156,0.40869298105797525
385,0.3263285464902356,0.4084858729701212
386,0.3258964362584533,0.40817531922849276
387,0.32544779708791655,0.4078663854025687
388,0.32498957495422487,0.4075922499973854
389,0.3246801827371735,0.4074485719862773
390,0.32429317500961224,0.4070797293685813
391,0.32390155979613605,0.4068888621319152
392,0.3234297002914593,0.40682625996933575
393,0.3230287734179814,0.40662395857029643
394,0.32263141269410317,0.4064992120125686
395,0.3222852375180104,0.40623290905480247
396,0.3219050493307004,0.4060846666689638
397,0.3213523198652765,0.4057784251162931
398,0.32090892131653787,0.40545429194633875
399,0.32045364169738233,0.4053863160697052
400,0.32008508149708764,0.405298648939915
401,0.31957291591121756,0.4049857724101766
402,0.3190519115142869,0.4047911853471438
403,0.3187351577021349,0.40452455981752533
404,0.31827320225444256,0.40428781486254556
405,0.317881560474516,0.4041061289552744
406,0.31737809050399857,0.40407453009299155
407,0.31695328802343026,0.4038421608026559
408,0.31654010619943557,0.40378415226618974
409,0.31614478737088286,0.40371260973071854
410,0.3157581473392231,0.40346795405763847
411,0.315443642781134,0.403382586659387
412,0.31505570279549044,0.40318910608944264
413,0.31468676186717914,0.4030066897314858
414,0.3142051131592804,0.4028532991616514
415,0.3138252188011653,0.40254166142141046
416,0.3135520390853061,0.402337571449832
417,0.31328326165912457,0.4021679346373051
418,0.31281376756607554,0.4019918611534631
419,0.3124436077420796,0.40167486793761137
420,0.3120441847465324,0.4016537285030439
421,0.3116536752588923,0.40155633216161435
422,0.31133611759152674,0.40151726258428266
423,0.3109265530273661,0.40136279739653413
424,0.31060810509538356,0.401226117354507
425,0.3102942748276402,0.40114457403318093
426,0.3098566175716408,0.4011123774153105
427,0.3093701937309009,0.40103490709161854
428,0.30889609946465324,0.40093460377716045
429,0.3084658450832797,0.40080844249532965
430,0.3080369229899917,0.4006836155274066
431,0.3076078462356097,0.4002454716968881
432,0.3072104723319045,0.39995145831200873
433,0.30677898995383307,0.3999312562282999
434,0.30630118276174506,0.39992031613821094
435,0.30599575550813635,0.39973919030048166
436,0.3057274066006305,0.3998069353080427
437,0.3051604443893699,0.39941617617622394
438,0.3048924739636774,0.3993214132629738
439,0.3044800169129804,0.3993031154771674
440,0.3041253296888335,0.39906711886293844
441,0.30368078114110864,0.39907262932986504
442,0.30334610641475335,0.3988447786968053
443,0.302985376384707,0.3986646708806325
444,0.30257798118224827,0.398408803613689
445,0.3021272616345212,0.3984182738125934
446,0.3016807773656909,0.39822270347492766
447,0.3012588224466078,0.3980396326526122
448,0.3009154226098179,0.39780387693749725
449,0.3005590598007106,0.39778619722130326
450,0.3002571909378957,0.3976534453343198
451,0.2999485834660966,0.39752184892995485
452,0.299693044060371,0.39733363580920145
453,0.2992872906454398,0.3972232550970889
454,0.2989460199228393,0.3970273256134585
455,0.2985485249201189,0.39678903530433707
456,0.29813472818984044,0.3967272485699099
457,0.2977365027239658,0.3966831677434775
458,0.2974298307389029,0.3965721896043417
459,0.29705379919958685,0.3962148821905587
460,0.29671939746916154,0.3960831746328861
461,0.2963665054971709,0.39607728091354366
462,0.2960604017217844,0.3959579464620149
463,0.29570880852602255,0.3960006432631374
464,0.2954042755813785,0.39593714981854483
465,0.2950509436794872,0.39573802442301775
466,0.2947003957747767,0.3957332194983549
467,0.2942847816956491,0.3955402890901883
468,0.293881164868137,0.3955031594784395
469,0.2934473834344942,0.39534885159439365
470,0.29303953093615687,0.39514105008545475
471,0.2927449994427311,0.39487807449531426
472,0.2924565129462623,0.3946646651013781
473,0.2920993938579261,0.3944578638281198
474,0.2917359764853893,0.39415547331159195
475,0.2914332785706907,0.39394102801146386
476,0.29116241471606086,0.3938208817294792
477,0.2907352781899622,0.39368401283708226
478,0.2904190120481481,0.39365519793141557
479,0.29006970037063406,0.39341584931380585
480,0.28971751021753533,0.39316619716701884
481,0.28944488327941376,0.3930907261233937
482,0.2890037125901684,0.39270166653304495
483,0.2886893032766148,0.3924735316734715
484,0.28830518706266195,0.3923028525488548
485,0.28799089120157867,0.3920242319542187
486,0.28761164990073784,0.39183882548188287
487,0.28725313788175016,0.39153943977957917
488,0.2869179622185725,0.391425243737739
489,0.2866042285218161,0.39124259198107064
490,0.2863631599703117,0.3910732916448885
491,0.28600543059316097,0.39082666987502174
492,0.28567703495635705,0.39089551987770177
493,0.28539177246771885,0.3906439987870189
494,0.28510252065403163,0.39051304301420703
495,0.28477893520403624,0.39061016115844954
496,0.2844717865758099,0.3905362234827926
497,0.2842471997888511,0.3904480317431132
498,0.28397596734811037,0.3902767666841912
499,0.2836074672133211,0.38997995451289896
500,0.28331583277269423,0.38992139006123955
501,0.28297512729864194,0.38972977088369654
502,0.28262886177416585,0.38956000598631224
503,0.28237764721087855,0.3893505401974669
504,0.2820139335325131,0.3890720535652594
505,0.28172355222124573,0.3889680670155188
506,0.2814310520066098,0.3889726721133636
507,0.28110118882108737,0.3887745660863023
508,0.2807651978855627,0.3885881701133762
509,0.28032674486895354,0.3883922392419979
510,0.2800610580304581,0.38838901105895846
511,0.27976141605519317,0.38827601242259496
512,0.27945281629000834,0.38806849028065404
513,0.2791418652856457,0.38804290647476375
514,0.27876275151814384,0.3879143062760932
515,0.27841653024909235,0.3877126246699576
516,0.278069786574793,0.3875057135754201
517,0.277696824265029,0.3874683599972498
518,0.27734643816376786,0.3872317291040035
519,0.2769050019774256,0.3870006048632926
520,0.27668115445822594,0.3868636020145389
521,0.27637695026577325,0.3866807867811668
522,0.27599315414022524,0.3866995099055264
523,0.27561879276189416,0.38651881649223513
524,0.2752712857566071,0.3864220314153516
525,0.2748730515442275,0.38609479107922634
526,0.2745799680995998,0.3860384693849133
527,0.2742462690034352,0.3857502685679655
528,0.2739014525509073,0.3856777356429693
529,0.27355050983829626,0.3855474984256166
530,0.2731597465050621,0.3855531003909476
531,0.2729208759260405,0.3855186952511745
532,0.272667108808218,0.3854240881668574
533,0.2723809577694038,0.3853355204956201
534,0.2720897964731414,0.38503055314163437
535,0.2717567712576686,0.385027679271385
536,0.271508019627275,0.3848753100380069
537,0.27114116714613923,0.38463170373173655
538,0.2707781088480614,0.3844279851268421
539,0.2704121445694866,0.3842958859227039
540,0.2701403178430221,0.3840734224775564
541,0.2698556862903467,0.38404829756549974
542,0.26944892015382,0.3837822239739763
543,0.2691938690398063,0.38368109118268884
544,0.26893106141643897,0.3836785806249287
545,0.26862096915402145,0.38343610565988295
546,0.2683337523355517,0.38327371571646845
547,0.26808011901995477,0.3831736857738881
548,0.26787481957048515,0.38309899081205373
549,0.2675461669211472,0.3829927340060555
550,0.2672230192247661,0.3828286587059977
551,0.26694682830348393,0.3828012918377613
552,0.2666193751326289,0.38264921608566566
553,0.2661579799910497,0.3825454740675922
554,0.26590133392988863,0.38243462248387156
555,0.2656239516641172,0.3823820385189415
556,0.26539231521972834,0.38243287975769413
557,0.26501167480896115,0.3822678611061779
558,0.2647597334890998,0.382044126772565
559,0.26449626104863366,0.3819098215240754
560,0.26428876306636134,0.3819203320374052
561,0.264017159474249,0.3819142389958188
562,0.26370198906212455,0.38188830331983575
563,0.26345687376115173,0.38175662279470873
564,0.2631169613711723,0.38172741438289376
565,0.2628018761542607,0.38154280173191923
566,0.26251857904330816,0.38127312190885504
567,0.2622032517101,0.38120047623039827
568,0.26188555236451844,0.38110380689106466
569,0.2615708009604027,0.3811635005806932
570,0.2612813509500455,0.38113239280500644
571,0.2610493941444775,0.3811880471025515
572,0.2607548755039433,0.3811609079103408
573,0.2605346282665893,0.3810585628646066
574,0.2602601258688319,0.38107787511096425
575,0.2600095882911374,0.38098630721181476
576,0.2597145866971939,0.3809377225998278
577,0.25947138014319177,0.38083454134212513
578,0.2592247093252458,0.3807150408700841
579,0.25896199810447407,0.38041189257403635
580,0.25871697876493105,0.3803347476908777
581,0.25840731894342855,0.3803336739006674
582,0.25817123078599574,0.3801786539728527
583,0.25794131332034004,0.380199895291213
584,0.2576596782176686,0.379962084806023
585,0.25740523724574244,0.37994160104131874
586,0.25716554492656873,0.37981697589455987
587,0.25686291805925177,0.37958800849344926
588,0.2565422075161252,0.3794118740979181
589,0.25628101306655027,0.37929215081729106
590,0.2559363843300514,0.3792709860916671
591,0.25574957724033354,0.37929166891003285
592,0.2555353743253862,0.37920186559237384
593,0.2552664896141922,0.3790245054683392
594,0.25500477966046226,0.37898466823804466
595,0.25476974874297653,0.37894036604685355
596,0.25453450633968716,0.3789899915727548
597,0.25428123078391474,0.37871845212113625
598,0.2540414430980972,0.37863666891115894
599,0.2537387766144892,0.3784487642143305
600,0.2534926468892968,0.3783281246965853
601,0.2533204445377595,0.3782934154134086
602,0.25306433340386364,0.37822843605728457
603,0.25283006907785627,0.37806418794277513
604,0.25258753831495123,0.37794419839462096
605,0.2523326045638302,0.3778516398917446
606,0.25209462196087823,0.37776692695738506
607,0.2518802573330781,0.3775952805487845
608,0.25163258241104003,0.3775684597359408
609,0.2513430194632342,0.3775035124565755
610,0.25109765494398395,0.3774642002298915
611,0.25089128100183505,0.3774120470117058
612,0.25052850765547613,0.37736248211524653
613,0.2503133809630703,0.3772665884835581
614,0.250098580531451,0.3771823131015394
615,0.24982150521561672,0.37719647868258066
616,0.24948333298229616,0.3769851009138621
617,0.2492449750654555,0.3769101405527603
618,0.24904333298349865,0.3768490827728207
619,0.24879567551705026,0.37678960069828366
620,0.24855008666402853,0.37658387248744324
621,0.24829576094468656,0.3765980548772364
622,0.24801213715147663,0.3764414281829128
623,0.24778572133856258,0.37633593880860355
624,0.2475380275143444,0.37615980077201855
625,0.24718289168666288,0.3760710134978276
626,0.2469740845804614,0.3760066264658609
627,0.2467589029471631,0.37590973849538106
628,0.24655013332724918,0.37607836892230695
629,0.2462223509630371,0.3758427182851029
630,0.2459086731544979,0.3757924064803681
631,0.24567744380270334,0.3759412503555817
632,0.2454270451813897,0.3758875991356828
633,0.24512496142949247,0.37574360857903516
634,0.24489006315814166,0.37560125463964733
635,0.24474892799454237,0.3755804493938831
636,0.2445415131306557,0.3754111233742599
637,0.24433694440628245,0.3754281086150901
638,0.24411516826665813,0.375390859438502
639,0.24377850442533924,0.37523190738575374
640,0.2435114709657949,0.3753514565381151
641,0.24328087575038432,0.3753533825705052
642,0.24302878063895889,0.3753558033403369
643,0.24273507702557018,0.3751492157263207
644,0.24252901320423742,0.37499426297591454
645,0.2422657613673287,0.3749311740189889
646,0.2419910594976566,0.37472615327307496
647,0.24175036858305426,0.3745993792903134
648,0.24147816359142038,0.3744465458256146
649,0.2412209960427938,0.37436190693754484
650,0.24101059180232637,0.3742096115624646
651,0.24078691234167626,0.3740732271921674
652,0.24055851064080794,0.37396259408342686
653,0.24028825271257231,0.37375727447696494
654,0.2400624404341069,0.3736030177058687
655,0.23982892538677628,0.3734931836189251
656,0.23960530272720196,0.37343990779153574
657,0.23938111642322904,0.3734574055500188
658,0.23920462201436835,0.37343186279579027
659,0.2389480377518639,0.3733086346507961
660,0.2387266061823897,0.3732438764445978
661,0.23851903686322076,0.3731981975426692
662,0.2382970372140565,0.3731629998487589
663,0.23807617322697608,0.3731468736868139
664,0.23780838739862525,0.37319565315511344
665,0.23756743246207407,0.3731340107729392
666,0.23734709679954366,0.3730389258138491
667,0.23711815159625077,0.37296135201695474
668,0.23686904826615338,0.37311586045076955
669,0.23667494272416842,0.3731168823201842
670,0.23649219256125836,0.3730536153422078
671,0.23628875015570852,0.3729755426588102
672,0.23605868739782268,0.3729796966705699
673,0.23588776022211572,0.3729482366532584
674,0.23562902469752234,0.3729931902888248
675,0.23540930514561886,0.3728638733018747
676,0.2351552260527055,0.3727382804819218
677,0.2348568438459508,0.37250841545335944
678,0.23459133018273984,0.3725734157095034
679,0.23435793136387567,0.3725556949059702
680,0.2342070724422217,0.3725712334669412
681,0.23394312845070842,0.37250538119767546
682,0.23374506887398067,0.37235977211017873
683,0.2335867811306551,0.37236357680363336
684,0.23334383129277875,0.3722730377178181
685,0.23310739705164282,0.3722113941559562
686,0.23292893319908445,0.37204468927180884
687,0.23272497990487934,0.37185142447160735
688,0.23253660855660702,0.3718646415309442
689,0.23234470660704454,0.37180151274154905
690,0.23219258288975717,0.3718060964338717
691,0.23194946808346106,0.37179668704957464
692,0.23172751609595435,0.3717721792218874
693,0.2315411786143817,0.3716521977611936
694,0.23137303589770097,0.3714747237711342
695,0.23122297157958138,0.37140442406027807
696,0.23092661643887744,0.3712723510698965
697,0.2306448911247022,0.37110444897259415
698,0.23040049526364817,0.37109993379754486
699,0.2302748186475869,0.37110688283999455
700,0.23009267088371455,0.3710891774413455
701,0.22993230448256338,0.3710418759180329
702,0.22966717656070582,0.37097252026703914
703,0.2295080597635271,0.37088633732723186
704,0.22929697588456394,0.37081447639392734
705,0.2290304782129519,0.37079608891183674
706,0.22888316168392459,0.3707410417011685
707,0.22866778229315257,0.37076136891497713
708,0.22842052644805527,0.3707848580107805
709,0.22826584785617346,0.37077553472309804
710,0.22799945529328747,0.3706455534759898
711,0.2277034483012969,0.3704987785837507
712,0.22750461252887288,0.3704630376728503
713,0.2272652550318586,0.3705122821821448
714,0.2270673956212908,0.3705565511614303
715,0.22687400075794842,0.3706165785182998
716,0.2266218821849736,0.3705000628351685
717,0.22644617659820945,0.37043111491576763
718,0.22627767994448428,0.37052777398726305
719,0.2261048291590505,0.37050758110682813
720,0.22589513464399252,0.370414233688136
721,0.22560793520430236,0.3705584313741135
722,0.22537763614996287,0.3704649307121001
723,0.22519315082305108,0.3702949971658541
724,0.2250122788662306,0.3701208192810409
725,0.22480084600053607,0.3701154739004346
726,0.22457469661333337,0.37002152704293323
727,0.22438156800928047,0.37002936490147337
728,0.22415546542897666,0.369982972340766
729,0.22396185874403263,0.3700680658313372
730,0.22370115540943353,0.3699099734072968
731,0.22351705874856773,0.36979587730390606
732,0.22327483470516957,0.36986856216962305
733,0.22308040344991634,0.36979213537796546
734,0.22282636117957239,0.36963467617537404
735,0.22262451433318886,0.369567044131473
736,0.2224177363639569,0.3695557833075697
737,0.2222131518088232,0.36950858548135235
738,0.22197084351950636,0.3693955457360922
739,0.22179765700102405,0.36917279598352143
740,0.22162558300262591,0.36923132158013794
741,0.22146379061834998,0.3691050318699132
742,0.2211674226075214,0.36914378847775653
743,0.2209368307077472,0.3691375580595288
744,0.22073399895339801,0.36896319086901347
745,0.22055746953143682,0.36879940867916583
746,0.2203102269227893,0.36862200404964923
747,0.22011089671532172,0.36865543494102704
748,0.21994706741606798,0.3686485294917421
749,0.219681116119874,0.36856781222877616
750,0.21936680061263586,0.36860933842976473
751,0.21917934822986562,0.36842419257377357
752,0.21899644928281975,0.368351978997917
753,0.21882901997498708,0.36830117780559496
754,0.21862499592094597,0.36824995937386706
755,0.21843114017823798,0.3682200596525414
756,0.21818914693937064,0.3682126358700424
757,0.2180028890488271,0.3683560084598968
758,0.2178493271134508,0.3684203683526046
759,0.2176823143325618,0.36845525596691703
760,0.2175253800237357,0.36846055570381847
761,0.21725045426342732,0.36836350639660126
762,0.21700119137165252,0.36838194915389605
763,0.21680060212044702,0.3682307419106973
764,0.21659681962238256,0.36822567723714356
765,0.2163861945700841,0.36811835246447555
766,0.21616097225332714,0.36816112703676934
767,0.21598343172918355,0.36811749222926293
768,0.21574871186408265,0.36807435064623173
769,0.21559123304691497,0.36802376958734495
770,0.2154269124125949,0.36799173014382897
771,0.2152310052082561,0.3680965951156041
772,0.2150283539463391,0.3679764257030137
773,0.2148497290215045,0.367850141084179
774,0.2147108966328584,0.3678536367356787
775,0.21455107515955016,0.36776150308188094
776,0.21437562853363798,0.3676748743353661
777,0.2141766932000488,0.36757372999992016
778,0.21403212474519745,0.367522054275234
779,0.21379934005122195,0.3673224110509788
780,0.21358977015564248,0.3672876344022054
781,0.2133811516610956,0.3672411131966558
782,0.2132500520784988,0.36718996300178175
783,0.2130368153254191,0.3670801186409653
784,0.2128150292236221,0.3668918016510669
785,0.21268592620903132,0.3668806424673599
786,0.21247654692561593,0.366770982864005
787,0.21232283412533764,0.36671443884050314
788,0.21206875776066025,0.36650261641908294
789,0.21187197798117108,0.36644205224869525
790,0.2116400073010385,0.3664194799212482
791,0.21148501594725452,0.36651541628520445
792,0.21130595485178325,0.36647833020395615
793,0.21110318705711356,0.36649741482682635
794,0.2109507336531119,0.3664617150277113
795,0.2107214914315274,0.3665645246334571
796,0.21057587934442765,0.36657794109888603
797,0.2104373295121082,0.36647707877456914
798,0.21021391832258157,0.3664410471106144
799,0.21006543937693378,0.3663613100953551
800,0.2098705358754035,0.36637942929439316
801,0.20969479303425925,0.3662943261730412
802,0.2094339034907833,0.36625453522156504
803,0.20925793567135192,0.3663279630476413
804,0.20906520243945842,0.3662969690335057
805,0.20888220310258448,0.3662697485384463
806,0.20873793494965692,0.3663193314318453
807,0.20861461189430983,0.36632647771857196
808,0.208465735296818,0.36629126923628225
809,0.20833743227920992,0.3662622025176272
810,0.20816285140219581,0.3662688308178365
811,0.20795438368195443,0.366283813747818
812,0.2077660074070029,0.3662264357669571
813,0.20762260420139098,0.3662535444902332
814,0.20743506354017135,0.3662927363298065
815,0.2071761499579278,0.3662021121192134
816,0.2070325007881283,0.366143482765957
817,0.20688212752103916,0.3661843608242027
818,0.20668971889112916,0.36620375288607
819,0.20652297205785783,0.3662655053508443
820,0.20635528392851463,0.36627680529723744
821,0.20620811824223256,0.3662542081589024
822,0.2060157015689255,0.36614790205244435
823,0.20584440520395134,0.3661386969201391
824,0.20566741648560205,0.36627802719758945
825,0.20547673601618746,0.3662675095218231
826,0.20532991022941,0.36641446747456735
827,0.20512402672177815,0.3662813824341198
828,0.20499160285411833,0.36636945929621506
829,0.20479839785502618,0.3663286058891077
830,0.20461915475209255,0.36633685653141046
831,0.20440868708469268,0.3663469622615793
832,0.20421301544021825,0.36631593125736833
833,0.20408051491459225,0.3662216340027359
834,0.2039120539849535,0.36612692184852513
835,0.20377688200618976,0.3660765446672485
836,0.20354191380711245,0.3660060729823047
837,0.20336389885006553,0.36601456507909796
838,0.20320256470505393,0.3659841341132914
839,0.20309572534287557,0.3659412474500119
840,0.20296355911897127,0.3659003383419301
841,0.2027667154925559,0.36593293522685816
842,0.20258730465259198,0.3658847595206233
843,0.202371083763252,0.3657582017675405
844,0.20220560462421094,0.3656645704776917
845,0.20196150790603584,0.36575277675571205
846,0.20180729959488009,0.36577890007889147
847,0.20162673506116682,0.3657360807360558
848,0.20147131666434748,0.3657251062429855
849,0.20128131350155248,0.3658013807512223
850,0.2011216575180865,0.3658486204053068
851,0.2009458279780238,0.36577474491213663
852,0.20075735878647397,0.36575137736915897
853,0.20051846233180062,0.3656176508456154
854,0.20036462335762384,0.36567233953600375
855,0.20021428263291002,0.36559019399512765
856,0.2000549337436464,0.365432799111154
857,0.19988873557827946,0.36544006870889073
858,0.1997557092170464,0.36533855829995565
859,0.19961361271830705,0.365328070560755
860,0.19940209319209914,0.3651218302389193
861,0.19924696602425562,0.36501139533515703
862,0.19899438917114956,0.3648956886362906
863,0.19879630170890555,0.3647182866892256
864,0.19863859445748822,0.3646326649931415
865,0.19848213556680278,0.36452943632785
866,0.1982644685080505,0.3643829861561279
867,0.19810968685226563,0.3644391061643231
868,0.1979693486339243,0.36445859769848105
869,0.19778576266427236,0.3645023472082068
870,0.19763662104039179,0.3644744587259978
871,0.1974924401545805,0.3644609120795019
872,0.19730967006732508,0.364391305189429
873,0.19717308324290242,0.36423689312856206
874,0.19702580798256816,0.36419252788754075
875,0.19684853806684027,0.3643038731389325
876,0.19671450320955247,0.3643383146752257
877,0.19651469019244833,0.36435995394178383
878,0.19637757623895605,0.3644274592937728
879,0.19620145259150792,0.3644407501104488
880,0.19601310015280127,0.36432930384506906
881,0.19587771094273929,0.3642340176249327
882,0.19573200147568454,0.3642303857970836
883,0.19555799068724025,0.36422713127862283
884,0.19539400828328204,0.3641589711599306
885,0.19527558583501325,0.3641154700258144
886,0.19512050002990594,0.36403213384319116
887,0.19496938177516637,0.3639438203036134
888,0.194750921331994,0.3638483544127096
889,0.19457522319581044,0.3638320212972119
890,0.19443816710544143,0.36390373858479186
891,0.19430039723399073,0.36386947092175886
892,0.19413357872556292,0.3638085300912634
893,0.19398036712552627,0.36367067630090094
894,0.1938151795650455,0.3637492441349914
895,0.19369964623302338,0.363868758329657
896,0.19354125047301982,0.3638609903132971
897,0.19332751726764646,0.36393614033600813
898,0.19313651868227122,0.36405423613555976
899,0.19302704704651166,0.36411653512665054
900,0.19292605960332476,0.3640962167399939
901,0.19277709397848497,0.36408758980972006
902,0.1926038700510176,0.3640944351016443
903,0.1924191082077125,0.3639762356239347
904,0.19220304655163747,0.36396620048276446
905,0.1920318521008766,0.3638924445988838
906,0.19186790839788886,0.3639287085000896
907,0.19175060651900983,0.3638916754207251
908,0.19163141858365418,0.363764350300267
909,0.19150178933758885,0.3638054639156636
910,0.19137555351340516,0.3637508679875048
911,0.19122981742180012,0.363740121218024
912,0.19111817115152163,0.3636343244991135
913,0.19093900873908487,0.3635302405249663
914,0.19081817188123185,0.3634837030671504
915,0.190649683248747,0.36351618189014573
916,0.19040944558813747,0.36344643359072987
917,0.1902545340548282,0.36330265844183396
918,0.19003659223006683,0.3632811387148888
919,0.18989308412104822,0.3632411217755566
920,0.1897518531068029,0.36315028134784394
921,0.1896183582836678,0.3631241795093961
922,0.18944035199336154,0.3631899778572173
923,0.1892893621641399,0.36312269360217747
924,0.1891520842909813,0.36304718393094226
925,0.18897068941979978,0.3629873835592715
926,0.18874628829863094,0.3629258899467736
927,0.1885286331183651,0.3628802779121196
928,0.1884024372393772,0.36284576589267786
929,0.18823676091401453,0.36284473021491853
930,0.1880660354982773,0.362958804165651
931,0.18792476527788732,0.36291747309016803
932,0.18776585175620086,0.36287244654244943
933,0.1876246490967028,0.36273550429647433
934,0.18748358760926181,0.36280838740999255
935,0.18732928541251867,0.3626339799398887
936,0.18719146834716432,0.3624886937265648
937,0.18704389873424315,0.3624806628775501
938,0.18693680474950686,0.36250691200540525
939,0.1867889863934477,0.3624523277537784
940,0.18666571747839544,0.36252168126342754
941,0.18656093599395385,0.3625150591554433
942,0.18633619659712491,0.36246127630417624
943,0.18614300371285802,0.36247811575566136
944,0.18601471577120338,0.3624991188778665
945,0.18594926843449705,0.36245654329524074
946,0.18580586742092747,0.3623559750075364
947,0.18570296313665843,0.36222924943506335
948,0.1855422019665042,0.362177097774344
949,0.1854512217751759,0.3621718550542687
950,0.1852844191319746,0.36207431401386664
951,0.18510706762766244,0.36201546150596264
952,0.18495594294647708,0.3619203166677389
953,0.18482839743656723,0.3618515997554498
954,0.18463122913332772,0.3616939174125563
955,0.184480622533375,0.36169008972784866
956,0.18437914849765363,0.3616883023150138
957,0.18423692372110811,0.3616545149032109
958,0.18405861820421962,0.3615920952200759
959,0.18388515482320614,0.3615175450351685
960,0.1837619686621839,0.361374785361857
961,0.1835803328371973,0.3615240273635412
962,0.18344547868340208,0.36152508320761223
963,0.18332559977218157,0.36148057503537584
964,0.1831911937433349,0.36149185194881506
965,0.18311629260705792,0.3614562572661962
966,0.18298362568168533,0.36139622617928513
967,0.1828145409456375,0.36128912906857413
968,0.1826481774529113,0.361150325289203
969,0.18249831598585886,0.36111253121284287
970,0.18240329991172316,0.361091537183885
971,0.18225627679386658,0.36100592236912854
972,0.1820866992623756,0.3610169851145267
973,0.18191258075366157,0.3610109014140293
974,0.18176596238372142,0.36093851535076515
975,0.18157986913220042,0.36088340125219975
976,0.18144419179117036,0.36090626514800356
977,0.18125249680546252,0.36085230749496233
978,0.18112756637302446,0.36079911304720924
979,0.18094463760051469,0.3608169148141584
980,0.18080141761507854,0.36072100889051684
981,0.18061097535990847,0.36056951971805834
982,0.18044387033647907,0.3605946217752785
983,0.18028628809351455,0.36051202823330375
984,0.18014092223106742,0.3604143531455203
985,0.17996713851743232,0.36034383552525884
986,0.17978647325612346,0.3603104204361485
987,0.1796242946376293,0.36038820208124556
988,0.1794855607397305,0.36035040962561443
989,0.17933916739928416,0.36022682712232634
990,0.17921946457326965,0.3602665742183455
991,0.17906931709245089,0.36024971227490316
992,0.17892864036408013,0.36023713901748444
993,0.17880331618628142,0.36013283938769647
994,0.17862330931414852,0.3599810603051894
995,0.1784868970466076,0.36003792228308734
996,0.1783365777430516,0.3599552880355585
997,0.17820516978312967,0.35981111552010653
998,0.17805617724422454,0.3598641192765092
999,0.1779208478913944,0.3598943143798666
1000,0.1777559105309818,0.35980499529010196
1001,0.17762696211643078,0.35977450075892087
1002,0.1775270275744045,0.35977432900468653
1003,0.17737587495058768,0.3597246791978491
1004,0.17722355198049133,0.35964989494002286
1005,0.17710081632799285,0.35961970461955234
1006,0.1769945113800275,0.3596009715657135
1007,0.17686964341587263,0.35955999801530697
1008,0.17676061026687,0.3595525478859052
1009,0.17664973549111523,0.35953442086267634
1010,0.17652241117019377,0.35955426670146096
1011,0.17642286511449753,0.3594961822937759
1012,0.17632656580734798,0.35947807588209435
1013,0.17617329117575398,0.3595536454856683
1014,0.17602127199850243,0.35950559425037065
1015,0.175930180251815,0.3595652611012083
1016,0.17577510252801745,0.3596438631754284
1017,0.1756456876486272,0.35957107677903033
1018,0.1755009010934401,0.35955140049904943
1019,0.17540716438177809,0.3597131917819753
1020,0.1752965019426466,0.3596539875048088
1021,0.17517720431309985,0.35964607770293516
1022,0.1750593626885984,0.3595880201538378
1023,0.17496853142123972,0.35957247767200723
1024,0.17481940242326705,0.3595440421753256
1025,0.17469909999193636,0.3594517229937161
1026,0.1746205766863792,0.3594359630763419
1027,0.17444387834470895,0.3594180513027522
1028,0.17431055542259832,0.35940041000048784
1029,0.1742141248051204,0.3594275375384942
1030,0.17407869423133748,0.35940805331761216
1031,0.17396409876404334,0.3594147819872128
1032,0.17380712977102153,0.3595119094834911
1033,0.17366662278511427,0.35944106145302335
1034,0.1735383270890852,0.3595308017208169
1035,0.17344775254917688,0.3595259867927073
1036,0.17333415616476014,0.3594759536333488
1037,0.17319769735324722,0.35946429978121947
1038,0.17307090401814912,0.35941037353311667
1039,0.17291975102653004,0.3595078030684557
1040,0.17278502289252073,0.3594752264280241
1041,0.17266982049980856,0.3593848060209894
1042,0.17252712294768552,0.35937444253036094
1043,0.17239678365026018,0.3593932001456505
1044,0.1722488509145933,0.35941064047918886
1045,0.17207036620612076,0.35941768875556346
1046,0.17191729360234712,0.35926510522688065
1047,0.1717837330686559,0.35931639270595117
1048,0.17166238336250514,0.3592939068461434
1049,0.17156593531504089,0.359271332355437
1050,0.17141034919350054,0.35918269603158604
1051,0.171264520467919,0.3592681798399559
1052,0.17114176825250216,0.35927248972459425
1053,0.17101851987036767,0.3593249383114384
1054,0.17091853731759177,0.3592387971506346
1055,0.1707771423930352,0.35930364047849717
1056,0.17063893729334875,0.35925865370388876
1057,0.17051693089178338,0.35921517187134827
1058,0.17036132038647997,0.3593696642793195
1059,0.17021216970688446,0.3593713836995598
1060,0.1700746877541893,0.35927332738157175
1061,0.16994524926356844,0.3592256016850672
1062,0.16982677945201985,0.35919385848209456
1063,0.16969370300370235,0.3592535473462335
1064,0.16957043757120074,0.35924657464757626
1065,0.16943515591646371,0.3592533455372916
1066,0.16932428451887663,0.3591735723071152
1067,0.16919931741601224,0.3590956967902275
1068,0.16910919633689314,0.35909125017118226
1069,0.1689812267504922,0.3591026128050958
1070,0.16887133941054344,0.35910919232431715
1071,0.1687460153006921,0.3591781183444225
1072,0.16859471221670347,0.3591549607181455
1073,0.16846728196774813,0.3591491265165261
1074,0.1683392459204154,0.3590985557513094
1075,0.16824208065757132,0.3591137771754622
1076,0.16812086605252474,0.3591242327362395
1077,0.1680104459872006,0.35910548171649526
1078,0.1678999816974713,0.35918945832260646
1079,0.16776141207177755,0.3592689034300055
1080,0.1676265169324035,0.35927043462491154
1081,0.16751615351896626,0.3592244241952566
1082,0.1674129616990075,0.359235370635306
1083,0.16722453696918635,0.35926536449464425
1084,0.1670866632036926,0.35931652123626223
1085,0.16701752266509567,0.3593164400841346
1086,0.1668681139000865,0.35923565010490716
1087,0.1667264413729629,0.3593003630294189
1088,0.1666501951616867,0.3593832890527582
1089,0.1664945271123174,0.3593260168820124
1090,0.16640622203343922,0.3593234740049435
1091,0.16625688568460714,0.3593028450182165
1092,0.1661293807461909,0.35927603798086855
1093,0.1660271006962026,0.3592757553307278
1094,0.16596683664648676,0.35925527692154985
1095,0.16582423819811484,0.35925654510958344
1096,0.165720026713616,0.359238977583781
1097,0.16560629733741883,0.3591484423004419
1098,0.16549659326639074,0.35906376546056507
1099,0.16540241284636145,0.358872557304058
1100,0.16527065269633273,0.3587772714548104
1101,0.16514796182708216,0.358733430559048
1102,0.1650043615607036,0.35873960346580863
1103,0.16488800119749458,0.3587001819934365
1104,0.16474991448261997,0.3586381429814391
1105,0.16463369551205087,0.3586193556533413
1106,0.16448043010259372,0.35857023277693845
1107,0.16438020079734186,0.3584465175291241
1108,0.1642797713392241,0.35840883230925114
1109,0.16419136895424682,0.35842975433730395
1110,0.1640761489491243,0.358429017598791
1111,0.16392170597865346,0.35825763581996717
1112,0.16381500789414605,0.3582820392427188
1113,0.16372852449034797,0.3582376442063805
1114,0.1636240165210431,0.3582624798551809
1115,0.1634986804851914,0.3582484459581137
1116,0.16340357850756504,0.3583441561923463
1117,0.16325581461504327,0.3583939921115583
1118,0.16310991303113412,0.3584224422205006
1119,0.1630203808895887,0.35839685210186195
1120,0.16286823764702385,0.358583547227147
1121,0.16275599703735305,0.35862943838622025
1122,0.16264498552778686,0.35861148245336094
1123,0.16249889570248724,0.3586494262266326
1124,0.16230783092772366,0.3586782939325608
1125,0.16218249952362,0.358687718827482
1126,0.1620755812203442,0.3586007886701129
1127,0.16196804168232096,0.3585701883901699
1128,0.16181809972639818,0.35853772022206987
1129,0.16168624645223614,0.35847515528749146
1130,0.16150573777030447,0.35849061255905157
1131,0.16135459644717495,0.3585435954519733
1132,0.1612726517611026,0.3585134868868274
1133,0.16116772426408993,0.35856832785684395
1134,0.16105070901222718,0.35851645482109673
1135,0.16094251527364076,0.3584301796586489
1136,0.16087164907013846,0.35839215796365415
1137,0.16070728114294786,0.3583387254884289
1138,0.16057384345865608,0.3583156416989523
1139,0.16047032917164092,0.35834260415419306
1140,0.16036500228052414,0.3583543039859012
1141,0.16024222671532642,0.3584114278288696
1142,0.16009393011023096,0.35841966513632917
1143,0.15993355765634473,0.3582770612505576
1144,0.15980103940136992,0.35825219422129095
1145,0.1596663842189928,0.35845867065807907
1146,0.1595641173461234,0.3583952648253572
1147,0.15940728897394765,0.35838344420650364
1148,0.15927595602180547,0.35840667117447045
1149,0.15917463222936587,0.35841598116535245
1150,0.1590678353668118,0.35838654293605965
1151,0.15895939122505354,0.35844209724634973
1152,0.15884683881533027,0.35839277684771126
1153,0.15872056458387626,0.3583454342729863
1154,0.1585915142506806,0.3584136403329379
1155,0.15848515064071764,0.35836907039662075
1156,0.15838513816572664,0.3583349657926983
1157,0.1582440263930213,0.3583048223528718
1158,0.15817859745775223,0.3583317275278345
1159,0.15806397015414492,0.35833081847412024
1160,0.15797245569754625,0.35831504946682596
1161,0.15787167242424627,0.35830695619817465
1162,0.15779859483209538,0.3583452671034321
1163,0.15768147598407492,0.35838917300911205
