0,0.6844043076896457,0.684969816106501
1,0.6770819815026301,0.6785921231322299
2,0.6694438676633444,0.671805109938848
3,0.6623032951143757,0.6650521821702173
4,0.6556701998113926,0.6584811248124315
5,0.6496220416536891,0.6527304951952885
6,0.6439024459484012,0.6474687799370338
7,0.63818987976277,0.6425151598356226
8,0.6323371963247508,0.6370590985985848
9,0.6272963548155454,0.6331150620366166
10,0.6222182027789314,0.6286189890123204
11,0.6185527138271734,0.6255225798740964
12,0.6142143511428918,0.6219601707255981
13,0.6105355466587071,0.6184627008949964
14,0.6058283369670543,0.6145990650597687
15,0.6010790853405316,0.6102713632766711
16,0.5968553578998823,0.6066258843528528
17,0.5931380262406561,0.6032614784221402
18,0.5892321817898671,0.6002970623762223
19,0.5853847364254569,0.5965840475308507
20,0.5827090579145903,0.5943922933318424
21,0.5786021962382336,0.5905464903911227
22,0.5754349244921443,0.5880491186598781
23,0.5725744507241487,0.5852279862149832
24,0.5688278519301979,0.5824062280531775
25,0.5652207282690511,0.5792802434588036
26,0.5625701938092642,0.5768560611572783
27,0.5597122547238372,0.5748503396356259
28,0.5578667354478128,0.5733153767466586
29,0.5550513114380018,0.5713229781317126
30,0.5528519842711794,0.5695880541762433
31,0.5498355768315684,0.5675375189981341
32,0.5482422753689957,0.5664175753919175
33,0.5461065180409919,0.5644584653016576
34,0.5433372590496954,0.562321001032977
35,0.5408950417012736,0.5601160151776379
36,0.5390635138730274,0.5587128076135391
37,0.536753066222401,0.5564884273791193
38,0.5343034138051115,0.554292891051679
39,0.5321796877703662,0.5523658305987588
40,0.5297959708956257,0.5508084178516559
41,0.5277233102656942,0.5496172317380404
42,0.5261271023671097,0.5479981005356543
43,0.5238364928320529,0.5457660689951076
44,0.5223242336201377,0.5449316110336349
45,0.520427446164694,0.5433598634409359
46,0.5183243355481728,0.5419200071217051
47,0.5169447585197778,0.5411068146472365
48,0.5153182358176738,0.53997131703643
49,0.5139967875095169,0.5388002764659173
50,0.5126266732960444,0.5380098547221593
51,0.5112625747292012,0.536898420124652
52,0.5095979979928018,0.535470798540609
53,0.5082693173903827,0.5342997615870432
54,0.5063649934787687,0.5332723826134335
55,0.5048690914183624,0.5321726109615362
56,0.5032723765832641,0.530624171421016
57,0.5012516600481035,0.5293703388570411
58,0.49948691265659606,0.5283171573431823
59,0.4981545483155108,0.52745018840416
60,0.4971065077670785,0.5267897809530311
61,0.4957394013769207,0.5259633608386649
62,0.49455681987775124,0.5249679458280815
63,0.49349759293024986,0.5243463861108433
64,0.49189087454794783,0.5234080059233633
65,0.49085094498373477,0.5229808027834335
66,0.4898803643345965,0.5221952718822155
67,0.4892332767727367,0.521581734429289
68,0.48798851106121954,0.5209303302424373
69,0.48683330413379017,0.5202686199391081
70,0.4860030097158776,0.519592126386655
71,0.4852306412435977,0.5191131937491894
72,0.4840864517363995,0.518323526112535
73,0.4833574770296927,0.5177452699028873
74,0.4817590724062154,0.5167309129308824
75,0.48077575075269935,0.516123027637979
76,0.47990256950572746,0.5156407564024498
77,0.47905574895746816,0.5149768441861442
78,0.47819791098897774,0.5145057875508496
79,0.4771340540213178,0.5136650228161986
80,0.47609368511212624,0.5128815525300268
81,0.4748634515806686,0.512260357227022
82,0.47407644954102646,0.5116264543225407
83,0.47320171368874586,0.5110102984258773
84,0.4724244786259344,0.5103345985560718
85,0.47186252260260936,0.5096137059641315
86,0.47086879185267855,0.5089886894355676
87,0.4699587394232766,0.5081705281547862
88,0.4689867731476675,0.5073783694430088
89,0.4680237289546996,0.5065916405150928
90,0.4673086781042359,0.5059739889595465
91,0.46622119789503735,0.5049599586851802
92,0.4655070595302983,0.5043806135824325
93,0.4646308704600118,0.5038016082139631
94,0.46393160223300806,0.5030255906549214
95,0.46322527069058,0.5026189016932766
96,0.4622394819460306,0.5021191199522302
97,0.46141608186470445,0.5016989883398669
98,0.46059156652304817,0.5013389162742538
99,0.4598907774865033,0.5008386761721277
100,0.45905152719018205,0.5001951517891797
101,0.4583146442738614,0.4995995133616087
102,0.4576128413642892,0.4992245296966394
103,0.45646351490041875,0.49878589055406836
104,0.45577208729149365,0.4982809701570953
105,0.45516771757985536,0.49802896323400925
106,0.45446081150937845,0.49735993779133375
107,0.45376164466967744,0.4967025185734441
108,0.45271188053709854,0.49585078279956485
109,0.45183974695892165,0.4952845210486169
110,0.4510478107372128,0.494695609200679
111,0.44998983423311184,0.49385588912261347
112,0.4493677555392615,0.493645680914244
113,0.44874320975437776,0.4933218553259358
114,0.4479526253633721,0.49261546840095044
115,0.4471145917146837,0.4918572060314077
116,0.4463555387748304,0.49153484270729514
117,0.4456399471920854,0.4911297782244969
118,0.44470356785973836,0.4905086320437229
119,0.44417669184316166,0.4899429379741185
120,0.44349459186608875,0.48938029572924113
121,0.44302263397183,0.48905374318858924
122,0.44246946484807587,0.48863098222061735
123,0.4419044672056686,0.4881660802855542
124,0.44111540362420404,0.48788167579014596
125,0.4404357707381645,0.4874436543768802
126,0.4397677635961725,0.4870895698901821
127,0.4391167219295058,0.4866584670377965
128,0.4385273237429056,0.48607095377605175
129,0.4376822943703281,0.48548796323372856
130,0.4370537268891023,0.48511581408652527
131,0.43646108430881436,0.4846542173701934
132,0.4357077428536822,0.48424434059891863
133,0.43488613394803777,0.48366380734586917
134,0.4341809176659399,0.483422367193842
135,0.43382525100792496,0.48309933632214186
136,0.4333744830599391,0.48282657357008546
137,0.43277602760762734,0.48247366940435726
138,0.4322847385343127,0.4820307814767942
139,0.43155995450278584,0.4816159932570729
140,0.43095166448210825,0.4813966566153917
141,0.4304096479616556,0.4810392777313616
142,0.43002687709804127,0.4808191681721092
143,0.429643937255589,0.4806782710468849
144,0.4288794431971553,0.4802645585885943
145,0.42820562318313954,0.4798550888581401
146,0.4272426465817068,0.47933072706298385
147,0.42669393849927323,0.47908655508991704
148,0.4259669577428537,0.47862572531720465
149,0.42547205252240794,0.4783350363839505
150,0.42487491510503184,0.47797305904654175
151,0.4242348232670612,0.4775108994374972
152,0.4235095660947882,0.4769394742776266
153,0.42287498296693316,0.47634684042669917
154,0.4224373277767684,0.4760246657064979
155,0.42204671629507545,0.4755920506935515
156,0.4214203117429748,0.4752478094098855
157,0.42091824181980203,0.4749515037800606
158,0.420436246582572,0.47456350618856485
159,0.42014026325010384,0.47447769393372907
160,0.41946880893981864,0.4739826793852399
161,0.41894967215401785,0.47364533796745273
162,0.41856342032634275,0.47321486913650374
163,0.4179325885286891,0.4727596893841343
164,0.4173802305033569,0.47251345157366487
165,0.41701625008651716,0.47245801138319293
166,0.416522426330634,0.4720058407131482
167,0.4159535759707226,0.47166662618790367
168,0.4154524523290421,0.47123579099586266
169,0.4146012383309974,0.4708996918422288
170,0.41410555580789726,0.470363821817246
171,0.41357719277754706,0.47000100128449607
172,0.413212840607264,0.4696638386619571
173,0.41278187697908014,0.4695052658853952
174,0.4121383041770487,0.4690550453893084
175,0.41140980261108806,0.4686392514631993
176,0.4108328074711898,0.4682148412927956
177,0.41032333627491696,0.4680246644840968
178,0.40978584838732,0.46755668628444647
179,0.409299020355326,0.4673901832975897
180,0.4086287151011386,0.4666787909130007
181,0.40817798094892027,0.46634758621176514
182,0.40774640899692,0.4662990937457038
183,0.40731973743121885,0.466028799068937
184,0.40698174595964837,0.4658332823092584
185,0.4063883598724737,0.46566473627969673
186,0.40597253674816586,0.4654452135380599
187,0.4055258242922896,0.46537788167855176
188,0.4051095618230032,0.46503072909672033
189,0.4046421663573678,0.4647519108248103
190,0.40421333186254155,0.4643852168213747
191,0.4037815571359358,0.46421814290423713
192,0.4034155151772737,0.46404393471101557
193,0.40289881168673863,0.4637415683608421
194,0.40244050728258235,0.4633824288843665
195,0.4019571940104167,0.4630906594671332
196,0.401554078094719,0.46290370413871523
197,0.4009795500458541,0.46269378746801737
198,0.4005742712010313,0.46237916332624673
199,0.4001438483051287,0.461897655620518
200,0.3994958482575443,0.46141751417510746
201,0.39902527598975635,0.46119023036913503
202,0.3984580816224564,0.46068641227953316
203,0.3980025146754741,0.4604621294556473
204,0.39767976509508235,0.46009103239609944
205,0.39733842784252144,0.46004845431801267
206,0.3968994884131887,0.4599371440122957
207,0.3964762978115483,0.4596829743960368
208,0.39613982714951895,0.45946332984862964
209,0.395822248321567,0.45937294516972826
210,0.3954587410454734,0.459002457004498
211,0.395084351532219,0.4587558856687533
212,0.3946594035506645,0.4585644575008669
213,0.3941700746318695,0.4582080453937621
214,0.39373650872958194,0.45790586619566925
215,0.3934962546178537,0.45776100512939333
216,0.3930789782755399,0.45755026435160445
217,0.3926220257020868,0.4572547703405736
218,0.3921947120168016,0.45716289605907584
219,0.3917432343576966,0.4571566201236339
220,0.3911912818815753,0.4566866196275338
221,0.390861164823851,0.4565012706593865
222,0.3903382091163137,0.4561497377941351
223,0.38982627082900745,0.45586298095560296
224,0.38951582290801495,0.45562595043871124
225,0.3890624188901578,0.4553116951438033
226,0.3886137462797619,0.4549190216038815
227,0.38812678306469756,0.4544129718735313
228,0.3877850740586932,0.4541930702168123
229,0.3872689450962071,0.45377074907919984
230,0.3869068572423519,0.45352605833293264
231,0.38646217253253046,0.4534936359965034
232,0.38615199497767855,0.45311158678052427
233,0.385628092988649,0.4529813319348293
234,0.38510828028749655,0.45265186003119945
235,0.3846672117248062,0.4525294157213733
236,0.3842826834812777,0.4522507660172874
237,0.3839704443846034,0.45220516690703344
238,0.38358716658447534,0.4520187120251783
239,0.3832005092075893,0.4518300693485024
240,0.3828617066375969,0.4515636835509528
241,0.38245166258954527,0.45126541340653503
242,0.3820852150816722,0.4512700768106583
243,0.3816708451753703,0.45107455465768975
244,0.38114782187629775,0.45065943302123873
245,0.3806992506532046,0.4505265201552628
246,0.38036771417324194,0.4503951185940369
247,0.37991295832468164,0.45007406598965555
248,0.3795664841154485,0.45005470010425297
249,0.3791882418846899,0.4499338788432137
250,0.37867708090003804,0.4497783228423065
251,0.3783303701204319,0.44966142231062983
252,0.3777828786856312,0.4493737691888261
253,0.37743674243407394,0.44924078912277127
254,0.3770676588563296,0.44901955384286907
255,0.3767254429138116,0.44880057011814095
256,0.37624057503633723,0.4484335434365571
257,0.3757425606052741,0.4481111828495374
258,0.37538892169331395,0.4480365065080763
259,0.3750851653343023,0.4478310635836496
260,0.3747933726770141,0.4475618089956647
261,0.37441874659338664,0.44722914910659023
262,0.3741112389041736,0.4470906260878323
263,0.3736450600861711,0.4469938087564117
264,0.37328939342815615,0.44687440227183955
265,0.37281297449257683,0.44672789217630254
266,0.37243321145227715,0.4466044573228862
267,0.3720639588956949,0.4465225870002629
268,0.3716175168059593,0.4462258658506874
269,0.3710716475680025,0.44608651339277877
270,0.3707371032647252,0.44580018001217137
271,0.37031661632449125,0.44552075442979805
272,0.3699578742516265,0.44529386887162464
273,0.36952630229962624,0.44501701550924805
274,0.3692093993870259,0.4449753476693968
275,0.36893153058598077,0.444762383469894
276,0.36865187060925386,0.4446120130716151
277,0.3683612270080634,0.4445026577498549
278,0.3680347598932378,0.44423803384149957
279,0.36762738571082504,0.44400051347285113
280,0.3673296449984427,0.4438001214688739
281,0.3669761074737853,0.44357507874319485
282,0.3665866788439576,0.4432595943397194
283,0.3660845413292497,0.4428226832897434
284,0.3654783466461621,0.44227609068933843
285,0.36501757515097244,0.442077711980356
286,0.36469168256419576,0.4419302099756604
287,0.3642497353115483,0.44172411440498754
288,0.3639420248477298,0.44149774964574773
289,0.3635437755225637,0.44126016733051276
290,0.3633156540913967,0.4410989457054776
291,0.3629927693279347,0.4408600454424468
292,0.36268262556885034,0.4406061476129977
293,0.3621463205331188,0.44010454146700656
294,0.36185165523558627,0.43989687796895977
295,0.36140903206758723,0.43971865478952604
296,0.3611511027694145,0.4397262350457061
297,0.36080618316549,0.439522734040478
298,0.36044098610101744,0.43930375475366595
299,0.3599234377162929,0.4391695427933929
300,0.3595642562984496,0.43889150653630477
301,0.35927205809195045,0.4387902665733616
302,0.35891236973759344,0.43864902911562614
303,0.3585395010338801,0.4385328355566963
304,0.3581598393808832,0.4383678780784422
305,0.3576274546541909,0.43813089272820854
306,0.3571910837031942,0.43787373234859095
307,0.3567237220333264,0.43769303607172966
308,0.35627275131073505,0.437681358953797
309,0.3557738919854824,0.4374806056614931
310,0.35544847253945183,0.43732790355419154
311,0.35503444059082573,0.4370769105104441
312,0.3546858710440026,0.4366561395101466
313,0.3542062077147356,0.43651058398157655
314,0.3538244507241487,0.436170793549736
315,0.35350163355222175,0.4361273153170031
316,0.35294288812681684,0.4359372524576112
317,0.35261831357497575,0.43588857275072973
318,0.35213358088057173,0.4355586168389616
319,0.35163614097755747,0.4353818772368068
320,0.35128632098733387,0.4352471241884718
321,0.3508842527404312,0.4349147627366166
322,0.3505327429618286,0.4346714045492082
323,0.35019137191350014,0.4345122654612366
324,0.3497639568409122,0.43407190451970235
325,0.3494420183589424,0.4339117986872176
326,0.3491224455807032,0.4336579821202395
327,0.34877363946350703,0.4335604999674343
328,0.34845531712866834,0.4336136962449237
329,0.34800637415213176,0.4334753318978284
330,0.3475556062041459,0.43348251086854034
331,0.34722379935804265,0.43323305515271526
332,0.34672213498408083,0.43293866348697163
333,0.34629056303208056,0.43274862551060544
334,0.3460169862935181,0.43263152532976956
335,0.34554502839925944,0.43260719255276925
336,0.34518118316549,0.4323687057539935
337,0.3447788783482143,0.43212166708692923
338,0.34438661087390987,0.43197341478154233
339,0.34402097446445873,0.431794622085688
340,0.34368524730931616,0.4317060555689551
341,0.34333813098049903,0.43153272636609763
342,0.3429361303251315,0.43124044740328005
343,0.3425819506808901,0.43118741702886054
344,0.3420933314732143,0.4309736350636255
345,0.3416216439450962,0.430661626027428
346,0.34125381081075234,0.4304773306399462
347,0.3409024024194525,0.4302646576406929
348,0.34041293831758723,0.4298493795255704
349,0.34003077577778934,0.42964881027221674
350,0.3396148174704111,0.42948929453791707
351,0.3391267727907842,0.4294205930698921
352,0.3388321750847868,0.42923792925351995
353,0.3385302436972245,0.42910807693193664
354,0.3378983980265435,0.42880759447893513
355,0.33753232227211377,0.4287379068142934
356,0.33720599034035853,0.4284455286898126
357,0.3369267697086102,0.4283403704209205
358,0.33654548585876937,0.42821380223799665
359,0.3362565320459579,0.42796329782001297
360,0.33583364560622575,0.42766372296384253
361,0.3353910900297619,0.42764427012095596
362,0.33501301677784123,0.4274880873438478
363,0.3346177076844546,0.42725255591634526
364,0.3342706927429402,0.42707960874549666
365,0.3338351328903654,0.4269775713704384
366,0.33348020973923725,0.4267585763798764
367,0.3329896303770418,0.42653015597234006
368,0.33263088830417703,0.42635700301203766
369,0.33221851234816235,0.4263020731195371
370,0.3317835270236365,0.42617640851233174
371,0.33146571162531147,0.4261245562917049
372,0.3311170744869532,0.42598410479989535
373,0.3308193675703385,0.42580702655606806
374,0.33039888063010453,0.4255034134272154
375,0.3300438560916736,0.4253738627039361
376,0.32970211328990173,0.4251588908778948
377,0.3292935900513912,0.42496818296181516
378,0.3289437362654001,0.4248872610038086
379,0.32855586224088107,0.4247343813891439
380,0.32814696724892717,0.4245274811335957
381,0.32764378206542427,0.424534242293695
382,0.32706668553822327,0.4243679211140928
383,0.32666776029770556,0.42433126560381473
384,0.3261787017450512,0.42385466067296257
385,0.3256976527893134,0.42370814957377734
386,0.3252417816804229,0.42342678574562936
387,0.3247908109578315,0.42309684605730247
388,0.3244354484617248,0.4230316864376806
389,0.32383976426235467,0.42275518732214207
390,0.3234162019072709,0.4224976768836822
391,0.3230006829448713,0.4223962904799432
392,0.3225597833610188,0.42225879252364845
393,0.3220569699309593,0.4220043740901363
394,0.3216064385533465,0.42193971475953185
395,0.3212359017575962,0.4219584457366239
396,0.320767526214701,0.4214744994623855
397,0.32045849771594687,0.4213683906176902
398,0.32019080144094336,0.4212503468520532
399,0.3198055634862957,0.4212803608016804
400,0.3195601724178952,0.4211238451118312
401,0.31905759555820873,0.42120103913028206
402,0.318749175383271,0.42113280836473593
403,0.31831696131168674,0.42093784827215536
404,0.31783581096864616,0.42081344636620377
405,0.3174298224127042,0.420569081074286
406,0.31699537782045956,0.42059472848158785
407,0.3166479911255018,0.42051006486480713
408,0.3163337242827727,0.4204368846861284
409,0.3159054643159953,0.42036669632719054
410,0.3154413132440476,0.42035689369416834
411,0.3150582382185251,0.4202031455712122
412,0.3146876676270072,0.42003030688903853
413,0.3142287211032669,0.41979268138333553
414,0.3138967790740933,0.41971107770955657
415,0.3134448958657773,0.41949774148597035
416,0.31303647401456947,0.4195711251564732
417,0.3126807059692518,0.4193192673440646
418,0.3123141908698436,0.41929172234204304
419,0.31189569787989685,0.4191989484700768
420,0.3115698728846553,0.41903237129320203
421,0.311162701476848,0.4188275086072502
422,0.31081791705599393,0.4186908301591253
423,0.31051061214138637,0.4185285505690763
424,0.31006197332675806,0.4184999382348775
425,0.30969630312153934,0.41828167733586713
426,0.30930636755519797,0.4179569528785669
427,0.30899362152201,0.4177410711339996
428,0.3087114944542497,0.41761211294389006
429,0.30836948128633723,0.4175001398317303
430,0.30805000989540077,0.4176083328169402
431,0.3076585197237507,0.41742593580478415
432,0.30734276586724807,0.4172196376163439
433,0.30695201920248477,0.41726115177436424
434,0.30664140230265435,0.4173298010570684
435,0.30630597930942,0.4171866596023194
436,0.3058785642368321,0.41712614738897985
437,0.30555598363527825,0.4169932001277259
438,0.30521359871392234,0.41688541042159866
439,0.3048346467720446,0.4168743959931817
440,0.3044269008361884,0.4166196001771114
441,0.3040853946047896,0.41671645575919797
442,0.30372357711707504,0.4166069061653574
443,0.3033831185544712,0.4165300182399165
444,0.3030227880805302,0.41657266846976215
445,0.3027666161622716,0.4165807956780276
446,0.3024147346302256,0.4163721622291504
447,0.3020369655402132,0.4161639122150318
448,0.3017322291039417,0.41591975619206023
449,0.3013427328825789,0.4158265797160234
450,0.3010365432283015,0.41575158191333955
451,0.30066509394682656,0.41559344456844854
452,0.30037722159857766,0.41555403387730616
453,0.3000104361330288,0.4153557127110915
454,0.2996025212183347,0.41526475804682406
455,0.2992904848962659,0.41519072427581755
456,0.2989476944256991,0.4151943214158785
457,0.2984656653927014,0.41500094509553015
458,0.2981640719628149,0.4148633971300841
459,0.2978745436219546,0.41470877180547
460,0.29754905658438885,0.4146161965390302
461,0.2972672336785368,0.414591671586111
462,0.29697760395037376,0.41443812654535594
463,0.29667830863268274,0.4143877343694174
464,0.2961642074162514,0.4141468502143555
465,0.2958853247421788,0.4138369350979277
466,0.2955809262635832,0.41373381204122367
467,0.2952296868511213,0.4134546989944416
468,0.2949470866426149,0.41327770343937115
469,0.29455093265503873,0.413315652921033
470,0.294255321076014,0.41322107663488067
471,0.29393993897295473,0.413319908881416
472,0.29367447321861156,0.41341901402619885
473,0.2934273923618321,0.41326037895760837
474,0.29294718830028377,0.4130178125991207
475,0.29265985668431616,0.41294799607170324
476,0.2923629946618909,0.41292348676097157
477,0.29202892349935977,0.4128024907705538
478,0.2915626432940545,0.4123904747419786
479,0.29115506633703625,0.4123469632928441
480,0.2908317084328281,0.41221252332135705
481,0.2905139606260382,0.412147674859616
482,0.2901930022213282,0.4119664186029491
483,0.28984510858985674,0.4117988193386286
484,0.28959116719225847,0.41162557286187035
485,0.2892032593719719,0.41155529376575434
486,0.28890947276439644,0.41145976150729535
487,0.28862092450079596,0.41134517432434625
488,0.2882539700564092,0.4112265068479338
489,0.2879487604793916,0.4109662827144943
490,0.28765892797662307,0.41082513636477386
491,0.28740011998849324,0.4106703175079804
492,0.2871760878452035,0.4106867027147601
493,0.2868794623931513,0.4107792128163419
494,0.2864865190034953,0.41064696795156713
495,0.28606515337330424,0.41038355254467673
496,0.2856498709812777,0.4100963850255148
497,0.285380180755987,0.4099727965425247
498,0.2850297186461794,0.40982272484338067
499,0.28474603697311046,0.4099408945046717
500,0.28445711695606657,0.41000537647449936
501,0.2842387287059628,0.4099906966456129
502,0.2839413935427914,0.40986578488459435
503,0.28363199329059385,0.40970733326570635
504,0.28326628928960756,0.40957470693275233
505,0.28303490656686914,0.40961986262325334
506,0.2827645573241106,0.4096764813204944
507,0.2823907592367888,0.4096034619469611
508,0.2820245651971726,0.40933355834761603
509,0.2817113122274709,0.409171674706013
510,0.28140439596419053,0.4091945070414671
511,0.2809907526668916,0.4089432262471475
512,0.2807037590085998,0.4089494796740413
513,0.2804093978729755,0.40892015688186584
514,0.2800630588468127,0.40896259700364107
515,0.27979002284053156,0.4088338336814263
516,0.2794636740108925,0.4088106732056129
517,0.2792092087788967,0.4085117478789876
518,0.2789070239230776,0.40838593229067327
519,0.27857460875315787,0.40826372571995706
520,0.27831230290308345,0.4081093079994237
521,0.27799685320848905,0.40811467010160385
522,0.2776922012616366,0.4080145097686886
523,0.2773521482482437,0.40766891205332034
524,0.2771052532681859,0.4077304157480294
525,0.2768199493982731,0.40759934970533623
526,0.2765542808693245,0.407542364205419
527,0.2762859086789694,0.4074149514309585
528,0.2760510280942864,0.40730499012168947
529,0.27578578201243253,0.4070038418038796
530,0.27545921351030417,0.4070273260056153
531,0.27512835294569316,0.406898085551743
532,0.27473801183014085,0.40671416058459986
533,0.27436796507302047,0.40641477045365126
534,0.27406748690346416,0.40627924344587024
535,0.2737017829024779,0.40634300422137054
536,0.2734964905123114,0.4064007257693048
537,0.27318046628966813,0.40632885849036227
538,0.2728982716303727,0.406251277328782
539,0.27252155020915525,0.40615893321673086
540,0.27220643847223663,0.4060660015293049
541,0.2719605911609738,0.40594545395527254
542,0.2716969672759638,0.4058908004908762
543,0.27136463659546306,0.40587268415387967
544,0.2710363445091881,0.40558248212463205
545,0.27073505524120983,0.40547112304715716
546,0.27043537127219164,0.40530272371592335
547,0.27015265277849876,0.4052137421013004
548,0.2698662505461396,0.4051579643397044
549,0.2696527288865673,0.40513226174023964
550,0.26940292747049766,0.40490735115865184
551,0.2691305842774519,0.4048254585181178
552,0.2687997237128409,0.4045566978523433
553,0.26855717148891717,0.40446052636676977
554,0.26828851203453763,0.40430072968421565
555,0.2680006903799401,0.4042396006326696
556,0.2677142543518134,0.40423894822490086
557,0.26743405364280526,0.4041522161730075
558,0.2671941036929852,0.4040998448393709
559,0.26694850984997925,0.4040095468545073
560,0.26665259410904624,0.40391407133329277
561,0.26634140268116696,0.4039096235526114
562,0.26599332317297375,0.40351797450575544
563,0.265746022643705,0.40329197531337124
564,0.26552793855550944,0.4031607131154533
565,0.2653151773007077,0.403115555612696
566,0.2650772719948263,0.4030376357443774
567,0.2647457186169799,0.4029829968542831
568,0.26446191865872437,0.4030771401328085
569,0.2642551899484358,0.4030989380638522
570,0.2639851279697017,0.4031185098481628
571,0.2637479830685908,0.4030958239275705
572,0.263469607331032,0.4029900725762223
573,0.26310806020945804,0.40287535799332513
574,0.2628538315478353,0.4028501258411669
575,0.26261310429536094,0.40276311683560334
576,0.2623690481597799,0.40268126390960035
577,0.26208688729625207,0.4026087356581427
578,0.261838082855326,0.40241143977117155
579,0.2616239190761697,0.40249383141484035
580,0.2613355397914071,0.4023909505240137
581,0.26118531760451275,0.4023066500756339
582,0.26081031976744184,0.4022973367899503
583,0.2604455958437154,0.4020625042126894
584,0.26009905404294714,0.40207276343073833
585,0.25979002554419295,0.40194406467086985
586,0.2594968134646664,0.40200916561325073
587,0.2591808230377907,0.4021097375837669
588,0.25889289999589044,0.4020463283544367
589,0.2586990643709337,0.4020031335973516
590,0.258485576507129,0.4019732746732933
591,0.2581728642697086,0.4017560471728533
592,0.25793220460876937,0.4016969521608607
593,0.25766837794915387,0.4016338722566976
594,0.2572549374264604,0.401448179305418
595,0.25697757556192896,0.40152574699475774
596,0.2567618909732316,0.401540687994244
597,0.2564314359578315,0.4014768415344431
598,0.2561596672928346,0.4015069313714589
599,0.25581064150314925,0.4015055514762382
600,0.25553147156505224,0.4015427863082616
601,0.2552820419024259,0.40148598137530406
602,0.25506105137821844,0.4014396867234531
603,0.254729582489791,0.4013363629555996
604,0.25448547566055857,0.40115376822552196
605,0.2542150250304973,0.4010708578047499
606,0.2539619454249723,0.40101443278822546
607,0.25368640853189023,0.4010931565413874
608,0.2534000231974149,0.40104444809392276
609,0.25310897404701344,0.4008765699864751
610,0.2528528359245224,0.4008042381538821
611,0.2525962246612853,0.4007739545291581
612,0.2523171054168397,0.400705834354686
613,0.2520941885338801,0.400621602247861
614,0.2518885074923865,0.40061857116174565
615,0.2517076325442968,0.40061027886533385
616,0.2513993644503132,0.4004601169235193
617,0.25114243212728404,0.40043829974873935
618,0.25088658126881747,0.40031727786644283
619,0.25067125153567965,0.4001911554801594
620,0.25044686453683035,0.40015892429862554
621,0.2501484479090964,0.40008225834718875
622,0.24988372566164002,0.3999106339831049
623,0.2496094561098422,0.39984043261643337
624,0.249344716964502,0.39987762057869514
625,0.249124571334484,0.39986540014367383
626,0.24893384492014467,0.399850903649995
627,0.24872299312621124,0.3996122824821033
628,0.24848027192344962,0.39941592788405794
629,0.24826036286380468,0.39938786250132713
630,0.24805275546355898,0.39924880740489876
631,0.24782419468741348,0.3992231682172276
632,0.24765430336378738,0.3991302215805439
633,0.24744362054869187,0.3990696658274975
634,0.24723315740608562,0.39900146303853123
635,0.24694829288115136,0.39890654274221193
636,0.24669987709155247,0.3986422237154886
637,0.24643136971812707,0.3985339043040448
638,0.246105020888488,0.3983903463336935
639,0.24584643257284744,0.39830762580523343
640,0.24562233283802257,0.3982525911636893
641,0.2453261467309489,0.39790789259797443
642,0.24497583670209544,0.3978417510428648
643,0.24471349705625345,0.39785990885832245
644,0.24437401857090946,0.3976797018067255
645,0.24412455511251557,0.3977051361251562
646,0.2439211721832174,0.397852512539417
647,0.243603306091241,0.39779418884137663
648,0.2434004976899917,0.3977683285614171
649,0.24323672340029762,0.39763984204838304
650,0.2430145500242248,0.39752933101700205
651,0.2428132624325166,0.39752958864260257
652,0.24258054477695876,0.3973999888431039
653,0.24242359723231588,0.3974148497477175
654,0.24224446276625658,0.3973541690064075
655,0.24195169003170855,0.397359403523521
656,0.24166582853163068,0.39729592403000524
657,0.24145626097686532,0.3972988331004658
658,0.24123205985473767,0.3971797410425919
659,0.24100735179609634,0.3971210644795042
660,0.24069382846025403,0.3970022080699713
661,0.24048235144462035,0.3969627961019889
662,0.2402599246002907,0.396992421516215
663,0.23997624292722175,0.396925459888465
664,0.23972551212754362,0.39679084378304325
665,0.2395333493930821,0.39672691845740304
666,0.23932046985309385,0.3967148593706836
667,0.2391551071623235,0.39667056955113894
668,0.23896502286756818,0.39668608854541776
669,0.23873776322847454,0.39650838565760255
670,0.2385199326085358,0.39642722078950127
671,0.2383453774689836,0.3963903893477382
672,0.23804812679523119,0.39625766857402167
673,0.2377761722535126,0.39594286092767345
674,0.23756344479447847,0.3957135564042717
675,0.23732090946843853,0.3955668502177906
676,0.23711380900470652,0.3954883613016902
677,0.23687098641464216,0.395351613513543
678,0.23663678174531078,0.39503829120451694
679,0.23644374032089216,0.39498073507984865
680,0.23625485577588592,0.3949688470964508
681,0.2360315333437154,0.3947352945280288
682,0.2357995591950443,0.39468144992298976
683,0.23556001479443522,0.39462132875799694
684,0.23533856802736539,0.39442568795416516
685,0.23512536742758514,0.3945099283020839
686,0.23493298502063434,0.39440053243862894
687,0.2346848058014085,0.39442279255248724
688,0.23447263597253945,0.3943848077680796
689,0.23421970844796858,0.39420552052402674
690,0.23406051348478163,0.3940439872627427
691,0.23384810708553952,0.3940027851435172
692,0.2336249198364393,0.39399999950608844
693,0.2333309135563746,0.39401674120749586
694,0.2331121197570598,0.3937209055502914
695,0.23284151704604444,0.3936828340474274
696,0.23265053716344822,0.3937031633467031
697,0.23233603375034606,0.3936395725581181
698,0.2320995647645868,0.3936845111164416
699,0.231862977493641,0.3937389631433739
700,0.2315634625034607,0.39369610910880115
701,0.23136464200278586,0.39361060967404093
702,0.23115463510304193,0.3935399055795701
703,0.23085675920758927,0.39339337207975517
704,0.23066561034615518,0.393411380066465
705,0.23042971588844477,0.39326065450455233
706,0.2302717544707745,0.3932767136769919
707,0.2301044147276007,0.39326386233536637
708,0.22993785228708125,0.3931426245059806
709,0.22973215434770383,0.3930485864249481
710,0.22948711813486294,0.39285490366925885
711,0.2292756242213455,0.39273889952928714
712,0.2290822448392511,0.3926680079860313
713,0.22885821269596138,0.3925561448679304
714,0.22866052435350048,0.392521410912503
715,0.2284809674403464,0.3924158983290249
716,0.2283199813014777,0.39240823495356175
717,0.22811862611823436,0.3922482103885916
718,0.22793197209388844,0.3922528690501052
719,0.22778325381865136,0.39223910045969834
720,0.22755383125043258,0.3921860407544033
721,0.22739919871586897,0.39211814406945683
722,0.22726203859314437,0.3921095491360371
723,0.22707484383651716,0.39209419649812993
724,0.22692377675543327,0.39209193928870956
725,0.22679699193335584,0.39208176811741846
726,0.2266182461186237,0.39215784805532494
727,0.2264609775141888,0.3921379563356766
728,0.22626097416164867,0.39209729702969653
729,0.2260625254144172,0.3921258925529932
730,0.22583737801079734,0.3922084048746254
731,0.2256118419558503,0.3921674751445982
732,0.22538127033153377,0.3919952736333009
733,0.22522510008954527,0.3918729209212231
734,0.22505316412198056,0.39187950441846603
735,0.2248547322726329,0.39190650088013634
736,0.22469501347504844,0.39184885855222434
737,0.22450768353535092,0.39198974109959933
738,0.22433159068837383,0.3919880676304675
739,0.22416168246686394,0.3920925979775888
740,0.2240197740387943,0.39209738390896964
741,0.22384183932248408,0.3920423183772472
742,0.2235986787747439,0.3920100755203421
743,0.22340756370907738,0.3920203330953162
744,0.2231486543336448,0.39205822716241007
745,0.2229816694460306,0.39198149326026066
746,0.22280190975827105,0.39196956506810854
747,0.22257108466569767,0.3919432784600302
748,0.2224000949796252,0.39184167080906845
749,0.22216438639863648,0.3917956306320709
750,0.222001693573505,0.391615273598188
751,0.22175505206170404,0.3915224065832836
752,0.22151912380822605,0.39154490369473055
753,0.22130446999043984,0.39155420485654435
754,0.2210002742864497,0.39148371842117696
755,0.2207965533994757,0.3914287163404099
756,0.22057000347150124,0.391402696473992
757,0.2203362212492646,0.3913129460953301
758,0.22014622144392823,0.39131038199360774
759,0.2199520140655281,0.3912458078411929
760,0.2197092590669989,0.3911936422617218
761,0.2195369006523394,0.3910245143286309
762,0.21930450405657356,0.39097311322705147
763,0.21909211455521527,0.3909403712260336
764,0.2189606828150955,0.39094460995038494
765,0.2187441871279762,0.3909047285976862
766,0.2185903825897183,0.39083045508606107
767,0.21837011867451378,0.39086572836227057
768,0.21819373856351226,0.39071743501051154
769,0.21802677057378184,0.3906712042637252
770,0.21781635812482697,0.3906925065408493
771,0.21764494599165973,0.39070487247574626
772,0.21749455482592747,0.39071443942059075
773,0.21729859006761315,0.3907443003863776
774,0.2171378573970013,0.3906140200896325
775,0.21695503919227574,0.39053358966014917
776,0.21677734104633858,0.3905926126909539
777,0.21660069056919642,0.39052562420373266
778,0.21641871725866038,0.3904667210473675
779,0.21621110985841466,0.39062113750611926
780,0.21603160363891197,0.39062948986912543
781,0.215805577545335,0.3905505573327962
782,0.2156500494229305,0.390357890483686
783,0.2154513810032098,0.39030691236623455
784,0.21530075326710443,0.39030745312557424
785,0.21512582637410887,0.3902769061623456
786,0.21488944187776854,0.39026314443036864
787,0.21466740368476606,0.390214923186962
788,0.2145152889348872,0.39007941573114974
789,0.21428471731057067,0.3899736678906615
790,0.2140659235112559,0.3898955155114028
791,0.21386091838511387,0.3898908250870005
792,0.2136985128240068,0.3897723865566573
793,0.2135493214080236,0.38976377922441086
794,0.21338225203099045,0.38988930426121526
795,0.2132156726925872,0.3897955359779432
796,0.21305328402936394,0.3897294183544764
797,0.2128947142878772,0.38968800081754085
798,0.2127310075897183,0.38967164753977906
799,0.2125583788089182,0.38961643840599897
800,0.2123583078648429,0.3895746846373395
801,0.2121359317141646,0.38949775256739805
802,0.2119920293358077,0.38946770503509914
803,0.21176400929194353,0.38944118511111087
804,0.2115670306606018,0.38951797090363516
805,0.2113400582855326,0.38941945956747004
806,0.21108366669478473,0.3893327478698838
807,0.21088183837079527,0.38946215639216886
808,0.21072975741668398,0.38936482712473186
809,0.21053997728383686,0.3891901540935347
810,0.21035298530181512,0.38916654349403357
811,0.21013953123377804,0.3891719301841574
812,0.20997200561388255,0.3891047826121901
813,0.20971669548769725,0.3890069705156007
814,0.2095383045285247,0.3890037630950248
815,0.20936760210647667,0.38896029332635
816,0.20919683209289347,0.38896617394462707
817,0.20902800533594615,0.3891148630787024
818,0.20888104444062328,0.3890769456453472
819,0.20865809376189612,0.3890345765497413
820,0.20845643441674452,0.38912032957426573
821,0.20822947893955912,0.38899396934073455
822,0.20805130765287583,0.3888951198127411
823,0.20789861837494808,0.38882818740763647
824,0.20774322543561394,0.3888603388759001
825,0.2075687209897131,0.38890580897135696
826,0.2073935406284607,0.3888456994564037
827,0.20724975653529035,0.388860104562049
828,0.20711002793422964,0.3889322849807135
829,0.20690607047688261,0.3889027728610646
830,0.20675169141057587,0.389002119764447
831,0.20655398617023119,0.38890016857231985
832,0.20636097854158014,0.38888263834148323
833,0.2061663149203177,0.38889657565541086
834,0.20596526389898256,0.3890058139128836
835,0.20577313496028862,0.3888610976956252
836,0.20561620431352956,0.38877459608185366
837,0.2054993723450045,0.38867263983883416
838,0.20537184401604028,0.38868023393651635
839,0.20524230483890504,0.38865611693713814
840,0.20504187903927015,0.388561378446089
841,0.20483952688088317,0.3885706398227534
842,0.20471933223348387,0.3885095213068938
843,0.20459879962840877,0.3885776788856815
844,0.2044566546299661,0.38848863098004704
845,0.20432845038565026,0.38849509760116746
846,0.20417143524947223,0.38847641863002413
847,0.2039486028559316,0.38847762832908733
848,0.20381975649203177,0.38840801439986505
849,0.20367906471159503,0.3883936739090261
850,0.20353980925128046,0.3884168060914261
851,0.2033643585238874,0.388349041636729
852,0.20320550151837624,0.3883960805465389
853,0.20309458380917775,0.3883301351939941
854,0.20295549732770107,0.3882666547441695
855,0.20279711346293605,0.38832455056445875
856,0.20258357490547999,0.38848898894483
857,0.20237099952739998,0.38832367541186213
858,0.20220254452389605,0.38818060958454986
859,0.20207408681132336,0.38821272567984366
860,0.20186681736875345,0.38826432677607753
861,0.20168854469476744,0.38822311812541066
862,0.20154694042860605,0.3882065614373227
863,0.20134311815432931,0.38819860402650375
864,0.20120567076758028,0.38824314845001434
865,0.20108025467408983,0.38827700687194644
866,0.20091256007535646,0.3883603923332859
867,0.200741891449076,0.3881563111725059
868,0.2005855522282496,0.3882267328797496
869,0.20042772599364964,0.38819288427130594
870,0.20027241754373443,0.38819700653969436
871,0.20011535171390504,0.38824534764498975
872,0.1999346964383046,0.3881514992109812
873,0.19981705337135763,0.3880479659875589
874,0.19969148519691307,0.3880742652579917
875,0.19953631193006818,0.387942715637007
876,0.1993648491032496,0.3879135469914838
877,0.19915183438019102,0.3878349049741498
878,0.1989297285956534,0.38777810565592846
879,0.198772257216613,0.38773826712617665
880,0.19864707769349563,0.3876989067961083
881,0.19850701113475913,0.38764535905585323
882,0.198315220153741,0.38752589142728916
883,0.19815889783079838,0.3873700758419964
884,0.19799294371409537,0.38730032254005714
885,0.19779828009283293,0.3871311116982971
886,0.19761061219545958,0.3873446021539025
887,0.19748256003209788,0.3872768197159555
888,0.19729739302152546,0.38712202910661464
889,0.1971798851376488,0.3871121698723695
890,0.19700656354361332,0.38713082642219676
891,0.19683457688239722,0.38713898956089116
892,0.1967044800750969,0.38711498996318644
893,0.19655860064433658,0.38709223925001784
894,0.19640413708861088,0.38707682927759735
895,0.1962773691644172,0.3870857672790575
896,0.19610882967149432,0.3870562623441207
897,0.19597540398108734,0.3870110129856463
898,0.19582197119627284,0.3869310491866308
899,0.19565262060492802,0.3869634296664754
900,0.195444151412609,0.38685298476129243
901,0.19525112688607418,0.38669905846151403
902,0.19506685546334268,0.3867222989951722
903,0.19494155765503876,0.3867971063773874
904,0.19483363087127112,0.38687066027109324
905,0.1947201277858527,0.38688242619715546
906,0.1945734203587867,0.3868214094480514
907,0.19445462823574197,0.38686409380133413
908,0.1942750713225879,0.386957134022206
909,0.19412422391399328,0.3868112698149444
910,0.1939542987945996,0.38674140598134016
911,0.19384015358959716,0.3867360912956842
912,0.19365613563512252,0.3867704674977008
913,0.1935310068056565,0.38690242659683194
914,0.19338281236481694,0.3870276041238806
915,0.19323791301131646,0.38711147373303556
916,0.1931226187502163,0.3870989058245032
917,0.19297356251730344,0.387120543928253
918,0.19278167014898256,0.3869556584953994
919,0.19259924059558417,0.38690095826948473
920,0.19241005188866972,0.3868054594495684
921,0.1922600662721484,0.386800991909874
922,0.19213037501405905,0.3868544789762357
923,0.1919373842832918,0.38682950537040384
924,0.1918355576355724,0.3868769360200805
925,0.1916934295350135,0.38680611800793485
926,0.19152125699707573,0.386726931714511
927,0.1913386584648394,0.38672576357319866
928,0.1911698148100083,0.3867620706155087
929,0.19100805136848525,0.3867140799102696
930,0.19081685181339977,0.3866585687168872
931,0.19063567270340184,0.3865347573503294
932,0.19049731283092816,0.386663639312633
933,0.19034932116469408,0.3866833420469991
934,0.19019495899627112,0.3867624263852924
935,0.1900339559595186,0.38683151771774893
936,0.189876585967781,0.3869975701423645
937,0.18963018102635312,0.3870070055652817
938,0.18949075658720066,0.3869342166877722
939,0.18930802287189402,0.38691404804378987
940,0.18918272506359013,0.38694200465883705
941,0.18905643028014257,0.38693058321945667
942,0.18891536674626247,0.38695964475942757
943,0.1887745397827554,0.38704105436267916
944,0.18863440563248374,0.38709396234948423
945,0.18855927764115277,0.38715273039957904
946,0.18836706421303986,0.3870833577976059
947,0.18818909570096207,0.38711430636582295
948,0.18803566291614757,0.38710731468234966
949,0.1879070193268532,0.3870315464463232
950,0.18774099761861504,0.386985821666634
951,0.18759560822648463,0.3868832452166349
952,0.1874741124420335,0.3867791894114713
953,0.1873381858648256,0.3867102332637197
954,0.1871997921965843,0.38669262862080994
955,0.1870439599122716,0.38667293768532274
956,0.1869148262843473,0.3866526230823586
957,0.1867807415764725,0.38674378065246245
958,0.18662876200966397,0.38670914392742417
959,0.18648447097997992,0.3867675214075505
960,0.18636120091773084,0.38667113347949306
961,0.18623722114436253,0.38656446212486767
962,0.18603777542198746,0.38648784007273884
963,0.18591100749779382,0.3864165537347702
964,0.18572144703743598,0.3863757673131983
965,0.18561916414685423,0.3863363831360047
966,0.1854570458497716,0.38644353222782474
967,0.18533315056582225,0.3863918703462086
968,0.1852334530514604,0.3864186125794046
969,0.1850702532898152,0.38639854934047674
970,0.18490886160173553,0.3863242336088208
971,0.18481441932923243,0.38640583351412056
972,0.18467533284775575,0.3864182606247245
973,0.18450130154260105,0.38633201383410687
974,0.18430136578159606,0.38639033108352616
975,0.1841034577666459,0.38637819618860236
976,0.18399433123312917,0.38641962571413824
977,0.18385806669824542,0.38639298807583905
978,0.1837300483306513,0.3863900619980647
979,0.18360375354720376,0.38627233680467327
980,0.1834905377258098,0.38626026877516023
981,0.18332640858055613,0.3862049099606027
982,0.18320127975109013,0.38614643627114587
983,0.18307986845605792,0.38603189034297125
984,0.18295362436626178,0.3860168147722424
985,0.18272592538218957,0.38591344149500617
986,0.1826219864989964,0.3858606929493324
987,0.1824777630608475,0.3859028771894484
988,0.18235290459752215,0.3858572058568607
989,0.18221973237537203,0.38594008696157284
990,0.18208453240716707,0.38592688565251754
991,0.1819564464480378,0.38587178597147914
992,0.18186376155544884,0.3858107723419732
993,0.18173214393860743,0.3858313357359419
994,0.1816333927057378,0.38582592898584905
995,0.1814839140257302,0.38569956470279154
996,0.18137755874515504,0.3856329452383713
997,0.1812080898686237,0.38557966259341064
998,0.18110523244999308,0.385566273573988
999,0.18102028678818002,0.38552494671177573
1000,0.18088018643367595,0.38546418133278276
1001,0.1806748771456257,0.38551255310768257
1002,0.1804998319674436,0.3854498544472208
1003,0.18035533816315408,0.3855391043684686
1004,0.1802520751953125,0.38543361573333823
1005,0.18013950149350255,0.3854709704082291
1006,0.17994975515642303,0.38538557846829347
1007,0.1798181206416978,0.385437160265584
1008,0.17966975722202036,0.38552197507721486
1009,0.17949650321952001,0.3854572325096622
1010,0.17935584523485085,0.38552401039641987
1011,0.1792703588407565,0.3855553605561386
1012,0.17913777804453904,0.38553844645028773
1013,0.17895588922342193,0.38543617351340287
1014,0.17881281484137077,0.3853686578975513
1015,0.17866232228833576,0.3853435879925335
1016,0.17853276621331673,0.3853580186108597
1017,0.1783877823703973,0.38538134816099967
1018,0.17826211280864998,0.38535431053525876
1019,0.17816510205781078,0.3853627390748366
1020,0.17803296060657184,0.3853540542886456
1021,0.17788015304345758,0.38547201574270595
1022,0.17770419537955082,0.38538358992989163
1023,0.17754846448254083,0.3855252563559422
1024,0.1774238594874723,0.38547178001869187
1025,0.17724778353837903,0.385534801859359
1026,0.17705180188218092,0.38544637577134105
1027,0.17689740591799039,0.38540410758756116
1028,0.17673358093464495,0.38530048444511833
1029,0.17665294423319836,0.3852786741160235
1030,0.1764929212737057,0.3852749450105619
1031,0.17637041161622716,0.3852170778677489
1032,0.17624773297991073,0.38523901510988734
1033,0.17612676102985708,0.3852183293080465
1034,0.17602069301330633,0.38525799389647286
1035,0.17585571897386315,0.38509220935734895
1036,0.17569236713126385,0.38509163855535855
1037,0.17553031642571637,0.3850325079257276
1038,0.17543727667756784,0.3850475980399374
1039,0.17531642301270073,0.384982853804401
1040,0.17516020207706084,0.3848985485893131
1041,0.17503061220627422,0.38480514187381076
1042,0.17491126245306443,0.384781122587181
1043,0.174776907379049,0.3847211643525233
1044,0.17464567841353473,0.3847344357759833
1045,0.1745272580439334,0.3848089001633949
1046,0.17436517354261835,0.38472062497678056
1047,0.17422530975848732,0.38469829581459813
1048,0.17404073417384758,0.3847130665258741
1049,0.1739188328401855,0.38470782966523676
1050,0.17381572195329803,0.38467954655217257
1051,0.17371801838922343,0.3846279915494861
1052,0.1735867049342902,0.38469306593203967
1053,0.1735239461938936,0.38466881945249076
1054,0.173405711701014,0.38462770446430355
1055,0.1733235541900263,0.3845925532537708
1056,0.17323048064611019,0.3845864739619388
1057,0.1730715222532963,0.38449937727136896
1058,0.17293589983799662,0.38455636282519967
1059,0.17281906786947154,0.38457280164444013
1060,0.17268222880653897,0.3846305292983996
1061,0.17257011134759137,0.38458820495300655
1062,0.1724413156773429,0.38453611892131023
1063,0.1723305669469823,0.3846281430648291
1064,0.17223962253642372,0.3847296491934314
1065,0.17207327976839354,0.384908768803626
1066,0.17188398967417637,0.38472702181400265
1067,0.1717882631625052,0.384715402631672
1068,0.17171668372677015,0.38468739269154384
1069,0.17155808018951585,0.38465899370653706
1070,0.17143004492403793,0.3846834298190272
1071,0.17129247925210236,0.3847113223737527
1072,0.17119518123723873,0.38482256073105414
1073,0.17103378954915904,0.3848726075347055
1074,0.17092986756384967,0.3848932657005874
1075,0.17080783104711725,0.3847731391120832
1076,0.1706616474544487,0.38476567869812356
1077,0.1705335783932032,0.38474105004601156
1078,0.17038296755498167,0.3846711846546966
1079,0.1702509105931617,0.3845836582098809
1080,0.17013357168812293,0.3844305683429868
1081,0.17005330674011973,0.3844803069367106
1082,0.16996979739842885,0.38445425575969583
1083,0.1698140665014189,0.3845128412901957
1084,0.16965313105620156,0.38450225580671826
1085,0.16953349403896734,0.3845792671200013
1086,0.16941338388098698,0.38436922947183544
1087,0.169296467423043,0.38433202619634715
1088,0.16920425567120018,0.38432453483127854
1089,0.1690895190402651,0.38427398977838506
1090,0.16896439021079906,0.3842480302399392
1091,0.1688644054324128,0.38425228706958725
1092,0.16873214569598732,0.3842765728447761
1093,0.16866642982592747,0.3842876769954992
1094,0.1685348798006212,0.3842429189109309
1095,0.16842708819992386,0.3841281994127829
1096,0.168329807082944,0.38412555182855534
1097,0.1682173516663206,0.38405256189742415
1098,0.16805692315761697,0.3840987528266728
1099,0.16795131138392858,0.3840843676899223
1100,0.1678330937889327,0.3841422474680215
1101,0.16771649839078073,0.38415897051841075
1102,0.167565498901232,0.38406906948818936
1103,0.16743661874156457,0.384079349162627
1104,0.16733592425205912,0.38400847536577165
1105,0.16721480022105137,0.3838883008966408
1106,0.16708488929047274,0.3839318588014393
1107,0.16698644221951134,0.38396326923767515
1108,0.16684071486970514,0.38400183675451544
1109,0.16672939161129569,0.38388746093081644
1110,0.16656664809251281,0.38383662941291935
1111,0.16647812007933624,0.38392656135097836
1112,0.16635087901439646,0.38400186265497993
1113,0.1662184334012493,0.38397634216735727
1114,0.1660996243803208,0.38403577990362164
1115,0.16601586157037307,0.38400663583930206
1116,0.16592849951117802,0.38405113494753845
1117,0.16582440854703073,0.3840364129923532
1118,0.1657157551542601,0.3839850165426699
1119,0.1655674593261178,0.3839240915078353
1120,0.16539035260611332,0.3839752734027882
1121,0.16522711904870052,0.3840561970761258
1122,0.16509164871435492,0.38396436562618985
1123,0.16495719225303676,0.3838230973381499
1124,0.16484345259724528,0.38376828703060956
1125,0.16463949513989826,0.3838207535539353
1126,0.1645159547115085,0.38376704597601086
1127,0.16441350284208886,0.38378661108538065
1128,0.16423453735486745,0.383739487277035
1129,0.1641111659053156,0.3836320961257537
1130,0.16400862954647702,0.38368922619794743
1131,0.16387611634179472,0.38364820948006934
1132,0.16371582301616142,0.38372031949173374
1133,0.16357979505165074,0.38377999770833593
1134,0.16345757265819663,0.38373026242600294
1135,0.16334832783949335,0.3837424155631091
1136,0.1632345374900505,0.3838589339685736
1137,0.16313100415606832,0.3838150821684933
1138,0.16298890985127698,0.38379051539233994
1139,0.1629112302794937,0.38378932072911703
1140,0.16278130245103128,0.38380231302560414
1141,0.1626146386232091,0.3839000831460073
1142,0.16250924652200996,0.3838649756100282
1143,0.16236098448963523,0.3838154527230239
1144,0.16228146304851881,0.3838640275008762
1145,0.16217240410653724,0.3836846227899694
1146,0.16209666779138981,0.38368394268624945
1147,0.16197814603448574,0.3837353642591423
1148,0.16183099926244116,0.38374790380774887
1149,0.16168716447561945,0.38360379868832584
1150,0.1615693355319508,0.3836422919387028
1151,0.16146803271862886,0.3836156008391984
1152,0.1613836446869809,0.3836487410471925
1153,0.16123881292501557,0.3837110459737816
1154,0.16115008213723353,0.3837913549085627
1155,0.16102659240249514,0.3838320915013948
1156,0.16090330544236225,0.3838441088211155
1157,0.16075843988462937,0.38391267204510693
1158,0.16065439961413344,0.3838976703524974
1159,0.16051556660091362,0.38403412264035836
1160,0.16042088775803745,0.38399026497460453
1161,0.16031953425106416,0.3839503392889951
1162,0.1602310062378876,0.38393240592869354
1163,0.16009565418872854,0.3839217007721214
1164,0.15995095760983355,0.38382694181202615
1165,0.1598214184326983,0.3838050217823214
1166,0.1597290208041338,0.38379755973714064
1167,0.15958084326117802,0.383687296879138
1168,0.1594548526396387,0.3836649241256855
1169,0.1593838815277201,0.3836240258133326
1170,0.15924851258067727,0.3836245498859862
1171,0.15915234672402756,0.38349362812835514
1172,0.15905001313979444,0.3835714777978158
1173,0.15893892645175803,0.38357780037003797
1174,0.15886667110067137,0.38362971880170565
1175,0.15870338684960722,0.3834677695525005
1176,0.15860269236010174,0.3833783850202135
1177,0.15852496209466707,0.38343538207405864
1178,0.15844412261861504,0.3834748062814076
1179,0.1583430225798986,0.383478900200443
1180,0.15824182115387944,0.3834771582558956
1181,0.1581276590509932,0.3834469422350326
1182,0.1579847029541286,0.3833777358941054
1183,0.1578708788089182,0.3833631961100984
1184,0.1577875722418328,0.3833214141686216
1185,0.15766418389439715,0.3833235354352641
1186,0.15753579377335963,0.3833341975465571
1187,0.1574190969879049,0.3833431902075137
1188,0.15723661674085512,0.3833015904958759
1189,0.1570991862519899,0.3832494319974197
1190,0.15698245567076757,0.38324880887230206
1191,0.15686234551278724,0.38320190017985767
1192,0.1567765042631333,0.38320148468305393
1193,0.15667133183442344,0.38321210381758275
1194,0.15655084992299972,0.38313293071434174
1195,0.1564055281224045,0.383199487027483
1196,0.1563088384313573,0.38323938511658084
1197,0.15624028371682067,0.3832540366451169
1198,0.156110457275661,0.3830761179017568
1199,0.1559960586024017,0.38307556609692067
1200,0.1559101835569802,0.38310915244169674
1201,0.15581455843261177,0.38307191180147493
1202,0.15570869319066652,0.3831253790882373
1203,0.15559995530847695,0.3831251740464666
1204,0.15547281563083992,0.38312339544921314
1205,0.15534469587594305,0.3832114885408255
1206,0.15527543145028724,0.38321833802914906
1207,0.1551980391425284,0.3831244255819454
1208,0.155086225845489,0.3830813755214506
1209,0.15500979671710619,0.38310605220333094
1210,0.15491466163136766,0.3830630818544846
1211,0.15480972577303087,0.3829708923967576
1212,0.1547060910517459,0.3829530499407885
1213,0.1545857950170439,0.3829352884891755
1214,0.1544866720307309,0.38291273673999493
1215,0.15437207058286614,0.382827411399922
1216,0.15426872312560563,0.38281565122242034
1217,0.15413406388968195,0.38282193835056644
1218,0.15402083117040422,0.3828213774751467
1219,0.15393899471920855,0.382790716436476
1220,0.153870676575045,0.3828375733594371
1221,0.1537859505857212,0.3828289780430505
1222,0.15366105832662824,0.3829192593767083
1223,0.1535863865781596,0.3828779681731956
1224,0.15347192031336518,0.3828984138938909
1225,0.1533501372648896,0.3829200624120136
1226,0.15327154520738165,0.382942842005733
1227,0.15317634253010798,0.3829227570433628
1228,0.1530490676694006,0.3828629590995345
1229,0.15296684256687776,0.3828668059838179
1230,0.15285675285398498,0.38287639679669383
1231,0.15276322306720652,0.3828928352963956
1232,0.15264118655047412,0.3828947136232949
1233,0.15250159313248374,0.3828141626937595
1234,0.1523607492710929,0.382832136552129
1235,0.1522601054752388,0.3827844989995221
1236,0.15216899208584234,0.3826874583554772
1237,0.1520838436494238,0.38264891785831173
1238,0.15200285209241762,0.38270329074998544
1239,0.15189311723508445,0.3827348877144911
1240,0.1517853594301547,0.3829307455671864
1241,0.15170169800750968,0.38287717567457724
1242,0.1515832100463732,0.3828284547627755
1243,0.15148354632777894,0.3828690588246322
1244,0.15138770153092124,0.38291989468141285
1245,0.1512881560975135,0.3830926247185711
1246,0.15123092296511628,0.38309696613518246
1247,0.1511170143304869,0.38309081879113605
1248,0.15103242352423346,0.3830780834228896
1249,0.1509253754304229,0.38326345385363647
1250,0.1508396355680717,0.3832953270224032
1251,0.15072569313767475,0.38319876461223584
1252,0.15063880421922585,0.38331480795714595
1253,0.1505229861237282,0.3833609456689427
1254,0.1504475370726052,0.383365736380518
1255,0.1503400834295837,0.3834525969504206
1256,0.15025319451113475,0.38343588859170075
1257,0.1501216444858285,0.3833250242072916
1258,0.1500309197477592,0.38340068563440177
1259,0.14988402644397147,0.3832513035734807
1260,0.1497737846501246,0.38323293575229567
1261,0.1496664492922896,0.3832856982265597
1262,0.1495472854158015,0.38325355109799863
1263,0.1494290002292705,0.3833587256085957
1264,0.14932254356139257,0.38343293204642365
1265,0.14924797320022667,0.3833412524310147
1266,0.1491580764584631,0.3832459076616927
1267,0.14901486689334165,0.383177285340972
1268,0.1489365958956257,0.38321351457248126
1269,0.148831812118243,0.3832254355698128
1270,0.1487486576321117,0.38319559069433634
1271,0.14867488147148394,0.3832261274500185
1272,0.14857192266555058,0.38333883908914107
1273,0.14845289397213282,0.3834264110565703
1274,0.14834307462538068,0.3833594944758716
1275,0.14824314054064577,0.38338557032482534
1276,0.14812953606792462,0.3835374472561908
1277,0.14804922042627008,0.38348154080666985
1278,0.14797277440000345,0.38349505660874744
1279,0.1479068895511057,0.38351412497891985
1280,0.1478405315614618,0.3835479826929617
1281,0.14775712360707363,0.38357587288882833
1282,0.14765114007994187,0.38358920959007803
1283,0.1475649777704959,0.3835696915263478
1284,0.14745343483959716,0.38358500476636376
1285,0.14731771103699473,0.38356906454929096
1286,0.14722227178934802,0.3835494339539284
1287,0.1471426996545802,0.383603723910419
