0,0.6656953427863825,0.6675870194689999
1,0.6432476458719047,0.6465501843804882
2,0.6231197326411481,0.6285301650867315
3,0.6054600658385961,0.612643501227351
4,0.5892255144655845,0.5983649965818165
5,0.5738251855264335,0.5847444416940409
6,0.5590387429664596,0.5718442972836993
7,0.5450657433819794,0.5592498830990377
8,0.5319295716375994,0.5479536091522149
9,0.5201146954530399,0.5375593019839203
10,0.5102148920275421,0.5296612744472243
11,0.4980485780062378,0.519844233844211
12,0.48892275855474326,0.5122271285811397
13,0.4809766099696897,0.5061958481414142
14,0.4738149794731183,0.4995664277542833
15,0.4658888712514267,0.4921260710797027
16,0.4588679224289704,0.4860602116720067
17,0.45326483982326315,0.4811713781894489
18,0.44790970315582734,0.47724011271022615
19,0.4424506209537235,0.4726993380804723
20,0.43765967317630433,0.4684978347581628
21,0.43308181782825017,0.4648952889925355
22,0.42895682337771346,0.46171538683077806
23,0.42445491154051196,0.4575153928930609
24,0.42074522549235144,0.4548411732383808
25,0.4169609841650344,0.4521424681060924
26,0.4140389097337839,0.4488624652358179
27,0.4100823290951352,0.4456971098774566
28,0.40598656438052405,0.4429802212830497
29,0.4026761607153409,0.44090670366742146
30,0.39885501598331985,0.4378624029153047
31,0.3953773217511171,0.43512357976122645
32,0.392261670371839,0.43281697749180187
33,0.3879621873274612,0.4297064273368103
34,0.38409596627200243,0.42734288920375546
35,0.3817451924033813,0.42566931739555636
36,0.37946764312209047,0.4235686363475453
37,0.3773625391254006,0.42223249773952204
38,0.3741463559316825,0.42057456229621226
39,0.3710344509381883,0.4188719119384208
40,0.3687978496001203,0.4178231156531152
41,0.36612424694754686,0.41577898487624027
42,0.36453483570279216,0.414495573753792
43,0.3618558870893511,0.41218067383415197
44,0.35957474024887265,0.41081800882100156
45,0.357114873510127,0.4089714758061936
46,0.3547569409120104,0.40733106668647157
47,0.3532651665601773,0.4061289387787703
48,0.3513637177622108,0.40470781894964725
49,0.34947568558569075,0.40363309039285167
50,0.3476947407391517,0.40234791843944756
51,0.34622881212763196,0.4015461087412644
52,0.3448012717158853,0.4004545320208608
53,0.3429615669024621,0.3994168519578577
54,0.34079797171483656,0.3983888927061363
55,0.33954949131934375,0.39710226330874115
56,0.3381184384630133,0.39630642552371803
57,0.33694941803039613,0.3957374588796586
58,0.3350596906293969,0.3946604148320807
59,0.33326805541155385,0.39336286871703396
60,0.3314364844933615,0.39266641474644104
61,0.32984787819623534,0.3916766922071904
62,0.32841193258599544,0.39124166281432343
63,0.327163807735095,0.39043350165751745
64,0.3254322822214742,0.38965115418360013
65,0.3234630290567801,0.3880845573010496
66,0.32203384493261406,0.3874327377704677
67,0.32065329356764277,0.38671806771410994
68,0.31895934385928615,0.3860766843855837
69,0.31774603850586347,0.3852533863517714
70,0.31677512677262903,0.38459454010099015
71,0.3153820078674753,0.3836304506724086
72,0.3141895310385724,0.38317917333518203
73,0.31291883511906793,0.3824871764475672
74,0.3118832157779072,0.38181157574530555
75,0.3106037050130381,0.38075435244863415
76,0.3093535820152199,0.3799330656385135
77,0.3079815197773953,0.3788969783730955
78,0.3064229890023297,0.37829279649171565
79,0.3049399370583376,0.377628762305297
80,0.3030755455129964,0.37677516816715423
81,0.30189257410595666,0.3762359445275563
82,0.3009005036544557,0.3757743753681093
83,0.29953845657883726,0.37537351445182376
84,0.29833690896685794,0.3751349716753121
85,0.29732401320640933,0.37432462732946753
86,0.29582646137798635,0.37309905054814774
87,0.29475252837246096,0.37255467575883533
88,0.29344514853047887,0.3718018814738852
89,0.2925144212011933,0.37143838895264286
90,0.2915257983462876,0.3706245363839684
91,0.290428809211054,0.37019166948462134
92,0.2891968327470592,0.3694765398564099
93,0.2881862805189108,0.36868452884888603
94,0.2873605390969476,0.36844314527018934
95,0.2866190904318946,0.36815194097807474
96,0.28559221053111633,0.36733928386130665
97,0.28373333335899675,0.3656633813733226
98,0.2829962186635591,0.36505412088343975
99,0.2817968601457588,0.36446801490257535
100,0.2805454118363698,0.3636477750518332
101,0.2791641977453072,0.36260821419554695
102,0.27813828784277694,0.36216100118003564
103,0.2771836559130709,0.36183941597982394
104,0.2761376788939144,0.36114163022438084
105,0.2750494299909303,0.3604686823643478
106,0.2738875304040022,0.35934979891904756
107,0.27319491373410676,0.35886947451918627
108,0.27209531254779623,0.35809550444103705
109,0.27113108530451885,0.3574778628820631
110,0.2703022751129233,0.35746431562464676
111,0.26921626712792945,0.35661083708992947
112,0.2683356544167092,0.3559262611192159
113,0.2673758849472007,0.3554220190748208
114,0.26670529261769815,0.3546810458756248
115,0.26608422862493963,0.3541808676847855
116,0.2656116890076937,0.3541963333545732
117,0.26475049121231803,0.35396627830659205
118,0.26379724656610287,0.3530030201410737
119,0.2632126517511529,0.3527349616739605
120,0.26229243750839143,0.35185664148119505
121,0.2615823958785212,0.35181075190470995
122,0.2608329049349275,0.35132966717621844
123,0.2601879497040419,0.35099584769816444
124,0.2595424962417124,0.3504008558596832
125,0.2589099355576676,0.35003553926373576
126,0.25831818864348954,0.3494488106035409
127,0.25748478754085674,0.3488743524700802
128,0.25649418255213857,0.34874820931252987
129,0.25555155662713824,0.34813778327165734
130,0.25476271794382266,0.3481475668989718
131,0.2540791900978806,0.3482082582950539
132,0.25328311196273745,0.3483661090078492
133,0.2525843677555239,0.34811194539415957
134,0.25178034263721966,0.34764149652278364
135,0.25120590609061916,0.34777292728698617
136,0.24995170474452064,0.34699323339445676
137,0.24919401242799905,0.3467008872041003
138,0.24820769006150042,0.3460606439272886
139,0.24713716971421318,0.3456256211718681
140,0.24565549820535734,0.34497603927090487
141,0.24448274278762117,0.3448210422297868
142,0.24362237669151948,0.34416494845366796
143,0.2428893687664678,0.3439766772216444
144,0.24228180062579907,0.3436258652404597
145,0.24149205589674827,0.3432058420109656
146,0.24075681116752953,0.3428763444102593
147,0.23996167830514173,0.3425796291611788
148,0.23929204993081324,0.342205903289264
149,0.2385779784713426,0.3415876117042156
150,0.2377824048646514,0.3414073363384806
151,0.23704606171041498,0.3411579333609214
152,0.23604578575337232,0.34089259848258086
153,0.23525612743033467,0.3406919381890415
154,0.23446935283906825,0.34049532464885623
155,0.23361452301649174,0.3402122644211607
156,0.23275334977107515,0.3397602572852141
157,0.2319757674626686,0.3391784962436807
158,0.23123423256551714,0.3390473551327084
159,0.23062019609793677,0.33899281160430017
160,0.22966853646699803,0.3384654618085783
161,0.2290838331202434,0.3382843735804686
162,0.22818482767486206,0.33804973203943045
163,0.22748514761959082,0.33763771565227535
164,0.22698964559509408,0.3374530917062102
165,0.226305440175554,0.33712967395674387
166,0.22540586972750237,0.3366895983454031
167,0.2245109016124297,0.3361065119507491
168,0.22356318820268842,0.3352043431891668
169,0.22282922695299992,0.3349348056513855
170,0.22221283216111737,0.33466125659768975
171,0.22156124542783442,0.3344483308588594
172,0.22079467169361372,0.33434043165220373
173,0.21984505028583468,0.33396347821260985
174,0.21913569100499006,0.3335509976540324
175,0.21843603125888775,0.33342637628367783
176,0.21779286280285493,0.33310890531667553
177,0.21692532999013178,0.3327906914030384
178,0.21632535665716698,0.3324864727578515
179,0.21554675304011964,0.3318658399137491
180,0.21500238131982444,0.33160495007852125
181,0.21423329091379947,0.33115932698610734
182,0.21368437048176367,0.3308562442427558
183,0.21304993543275272,0.33094488896668445
184,0.21253775437978825,0.33056564656258725
185,0.2117863972492096,0.3300628393466647
186,0.21129246266257654,0.32973590479456266
187,0.21061235928812244,0.32951014649038707
188,0.20994323434325285,0.32939120771220365
189,0.20920749814583758,0.32929644942141795
190,0.20853372727829972,0.32929030126984016
191,0.2076195502010326,0.3292133583499232
192,0.20706396331436616,0.329101552259605
193,0.20644879410321346,0.329216522959594
194,0.2056618549812216,0.3292490720965122
195,0.20491109619313502,0.3290169065181586
196,0.20421871113324241,0.32890685969894357
197,0.20339633655408965,0.32850733735040305
198,0.2026350346708641,0.32809549438341556
199,0.2019022319115271,0.32749079506155176
200,0.2012038698560078,0.32746046721151734
201,0.20056740793084754,0.3269704463186899
202,0.19989106853346628,0.32656450809497395
203,0.19903976767182144,0.32581347794311577
204,0.19844505928691752,0.32573466332992335
205,0.19795730882649212,0.32583574890516603
206,0.19716654839292483,0.32574370551818715
207,0.19654429561488823,0.3255259853381684
208,0.1956483277528997,0.3253543190464898
209,0.19511254340306625,0.32518789017825295
210,0.19455782103537034,0.3251568367192939
211,0.19369430915316785,0.3252700260700998
212,0.19315901354902548,0.3249593541679442
213,0.19253189176453317,0.32483280792508046
214,0.19205063353573637,0.32452965709112247
215,0.1914335237406629,0.32442137623421535
216,0.19057839875636096,0.3238972475046828
217,0.1898783177446351,0.32398313423923253
218,0.1892090498908951,0.323743892299444
219,0.18867424614949516,0.32363496874833375
220,0.18822261863389278,0.3233071596734923
221,0.18779451842691544,0.3232726399666478
222,0.1869972458616665,0.32314845773345663
223,0.18624102660790845,0.3223720755261946
224,0.18545505696103284,0.3219393938054907
225,0.18488496906134,0.32160132647543516
226,0.18422076400558585,0.321523221725808
227,0.1836257763766631,0.321590316176016
228,0.18310832270303834,0.3214467764094311
229,0.1825170922327832,0.32142857270736064
230,0.18191818792862308,0.32135599620091615
231,0.18146984229479027,0.3209083918700205
232,0.18095957231759907,0.3208781278336663
233,0.1804682989943581,0.32066199079870455
234,0.18000704050989166,0.3206073500881357
235,0.17953027501565397,0.32031283227107243
236,0.1790166636510318,0.32008586774349734
237,0.17842327955456208,0.3200017217159916
238,0.17792294389235935,0.31999187243798743
239,0.17737113354717912,0.3194661137283908
240,0.17698466051985082,0.319128157078818
241,0.17641954698262452,0.31929725010655446
242,0.17566950476018614,0.3190912646685329
243,0.17528983647189247,0.31912456127820454
244,0.17462730683388175,0.31913544623495804
245,0.17425960266459867,0.3191244508745869
246,0.17377536873390279,0.31908881890435026
247,0.1730247066275991,0.31878890965122997
248,0.1722270804914124,0.3184665101506419
249,0.1718146274514313,0.3186175788743454
250,0.17130771794141095,0.3184191981258888
251,0.17069808751722113,0.3183641518945872
252,0.17023507683640351,0.31852935132473637
253,0.16959004768528652,0.3186221003750465
254,0.16919095572135068,0.3184046983895612
255,0.1686658765644257,0.31808895049253755
256,0.16779783002149684,0.31775460513685166
257,0.1671564913546074,0.317557194736514
258,0.16665191126851814,0.3172201773570539
259,0.16628208126561025,0.31720770228481293
260,0.1659814484365634,0.3172211083653791
261,0.1654692841441675,0.3172035289357219
262,0.16479899545542678,0.31693858874028236
263,0.16439126140912355,0.31671683921016347
264,0.16400602609307677,0.31669981168429917
265,0.16359036456241274,0.3165172526036013
266,0.16309879221131288,0.31614255114341755
267,0.16248234848371357,0.316052159219998
268,0.16197331271083207,0.3158297927297299
269,0.16133796470575099,0.3159920776673821
270,0.16106538429045933,0.3155569922343157
271,0.1605691250421982,0.3153310101883014
272,0.16015647090962218,0.3158221740354723
273,0.1595738329000721,0.31580894056036657
274,0.15930259796028282,0.3158477831918175
275,0.15903241066981375,0.3159739387324303
276,0.15863890866262167,0.316184538467454
277,0.15827341451741403,0.3161155472617487
278,0.15757496078571048,0.31588121591619617
279,0.15710586330339754,0.31561083425613395
280,0.156477311789353,0.315104112904041
281,0.1560727291101479,0.3148228974712071
282,0.1556039427936462,0.3145899461666842
283,0.15527107546983418,0.31446245122869765
284,0.15476463921599393,0.31398287437271416
285,0.15431574616707938,0.31390876605361107
286,0.15377234271236054,0.313633809487077
287,0.1533734704165918,0.31351466321543764
288,0.1529099260405287,0.3134245264351666
289,0.15241418459096764,0.31335747955303916
290,0.1519882662565456,0.31320776805045536
291,0.15125833326029753,0.3127720611810797
292,0.15081974033285733,0.3126754637049002
293,0.1504481174634561,0.31250405097858114
294,0.15000606827883767,0.31260134738736545
295,0.14931419303699467,0.3122057953190331
296,0.14890195552823057,0.3120815246150304
297,0.14854826077426636,0.3120647447934632
298,0.14823552311994995,0.3121411348235884
299,0.14799374332991463,0.31202680736911226
300,0.14765148490726548,0.31196245444018794
301,0.147357537587612,0.3120111490866696
302,0.14716452081612122,0.3120661957739145
303,0.14689260270971058,0.3120652523409144
304,0.14661877610201957,0.3120939204869646
305,0.14610918972161113,0.31178946886671083
306,0.1457396956146326,0.31177257759887383
307,0.14537950345577066,0.31172900043485646
308,0.1447797255668727,0.3114768749708776
309,0.14452923505088516,0.31169529239371396
310,0.14413781651613256,0.31161555840431543
311,0.14372900956494652,0.3114116264626769
312,0.14340948208200746,0.3113962402726577
313,0.14298574326165356,0.3112429960106151
314,0.14252521431705836,0.3110990318773421
315,0.14220748068952135,0.3108701911284296
316,0.14186267220529192,0.3111127302466715
317,0.14133049556830546,0.3111180315756429
318,0.14092128029125986,0.3112401248464647
319,0.14052884102604038,0.3112618881627525
320,0.14027445195813998,0.31114595581732674
321,0.14002043299186398,0.3111750158247158
322,0.13967095333772941,0.3108784575305959
323,0.13922990457718415,0.31068224009391904
324,0.1389485599294116,0.3106185062965105
325,0.13853658843431219,0.31042468426134373
326,0.13818620610172735,0.31062849812921206
327,0.13779186100315333,0.31055939864005694
328,0.13745819982895194,0.31057866996162287
329,0.1370029923278743,0.31063094516809203
330,0.1367059638647412,0.3106597912541905
331,0.13609900236544195,0.31060565306719046
332,0.13591422649576376,0.31032515600161115
333,0.13557863475808973,0.31045671421935866
334,0.13519264281680426,0.31043927258568904
335,0.1348350003078628,0.3102644885720844
336,0.1345158136108169,0.3101266090264788
337,0.13427949599090983,0.3100808412634479
338,0.13382211622560264,0.31007517469909873
339,0.13359623165167026,0.3099423188133654
340,0.13326249817519945,0.3100965146598127
341,0.1326989852842975,0.3102721078184539
342,0.13222286474354694,0.31004678646750067
343,0.13184119973018088,0.3099070266734873
344,0.13148332224950204,0.30989984676847476
345,0.13119523252006912,0.30969530330010475
346,0.13095333331167652,0.30969382535682194
347,0.1305643108555215,0.30980581925216155
348,0.13029973354419083,0.3096872930382019
349,0.12998340989971593,0.30950635837229595
350,0.12966411851248436,0.3091827579583025
351,0.12948951073248066,0.3092075818312348
352,0.1292026928395425,0.3090254513118856
353,0.12894480450017326,0.3089882809724445
354,0.12873513654414642,0.3089232702631376
355,0.128352225621455,0.3090004239298404
356,0.12801353555142153,0.30897042553278076
357,0.12749635821070984,0.3091470584070204
358,0.12719526721258478,0.3089339467998335
359,0.12687887292728106,0.30882004233402
360,0.12647587332901364,0.30872902271001146
361,0.12606647511403465,0.3088490670215146
362,0.12561498997630777,0.30887163961827596
363,0.12522355777074806,0.308972573757008
364,0.12497866606635374,0.309083901459183
365,0.12462218537064501,0.3087790511720378
366,0.12427960171266883,0.30881512553763973
367,0.12411360893614067,0.308784671052739
368,0.12389886692473455,0.30886580743371966
369,0.12362256449762189,0.3087371079630105
370,0.12335608776280417,0.30856640849866873
371,0.12305617772795766,0.30849015307679434
372,0.12272206858089107,0.3084731948711462
373,0.1224295666396455,0.3084196511513791
374,0.12207452304936947,0.3083907832224891
375,0.12173014128710663,0.3084091578731677
376,0.12140229867592266,0.308404361869692
377,0.12110216826799935,0.30848568003541116
378,0.12082752450072116,0.308357553494317
379,0.12064466683824482,0.30845115975706994
380,0.12034865303428972,0.30836584098064646
381,0.12009469818704058,0.30839324105469285
382,0.11972091497581888,0.30824047126179527
383,0.11952996259147723,0.3083354243029781
384,0.11916579537857754,0.3080009557789805
385,0.11896932768298492,0.30806547617956365
386,0.11873120431671937,0.30784637671606013
387,0.11837563375004148,0.3076921373671241
388,0.11810109927752621,0.30763156486582094
389,0.11796836714533872,0.3077485103309615
390,0.11772652957306286,0.3076599270109873
391,0.11752513292570962,0.30755053336257965
392,0.1171321485844689,0.3076192786552611
393,0.11690594171788354,0.3076855812979463
394,0.11663291407811499,0.3076057532003786
395,0.11641083907975226,0.30767947821214786
396,0.11614540829904875,0.3076150138332042
397,0.11571944973852206,0.30777547186940685
398,0.11549622076233979,0.30789843275692486
399,0.11525119980369324,0.3079558610573279
400,0.11500121893369074,0.307920100481129
401,0.11460022412209052,0.30829120216765976
402,0.11435456340010865,0.3081794611563081
403,0.1140635392099234,0.3081379884640248
404,0.11372144824309727,0.3082509273329057
405,0.1134705129984941,0.30816794921884016
406,0.1131809666194993,0.30806987137546354
407,0.11297024755620959,0.3080719542644078
408,0.11273870652072966,0.30806015830477124
409,0.11241120612838516,0.3080467358549861
410,0.1121272706693334,0.30789125823334246
411,0.11190151687418227,0.308023679864522
412,0.11155663688093802,0.30800371096217716
413,0.11133158828869835,0.30782409312027775
414,0.11110035765907783,0.3078806801300839
415,0.11086580836749976,0.30792147758663396
416,0.11055121120497462,0.30778730031730533
417,0.11029924449252082,0.3075420288234166
418,0.11008536588721604,0.3073471518298694
419,0.10983351426606576,0.30733690911806233
420,0.10964170179665385,0.30731661463838844
421,0.10932784735960346,0.30764927482327425
422,0.10900858844539531,0.3074748636002478
423,0.108865091550345,0.3074237963101237
424,0.10866099447363477,0.3074837969021249
425,0.10849228315147878,0.307564216944689
426,0.1083178499517886,0.30753358029816874
427,0.10813148045666776,0.30764732018167984
428,0.10787656414594297,0.30753525108068147
429,0.10761793162965111,0.3076030341251994
430,0.10734867511503537,0.3076158985661035
431,0.10717683988256758,0.30760680827233183
432,0.10689209841667259,0.3076256204257263
433,0.10664831084364144,0.3078511181406185
434,0.10641995199285549,0.3079415977477531
435,0.10627483079954149,0.3077227444064292
436,0.10599723875731681,0.30762313365940375
437,0.10569760975293095,0.30779626114349684
438,0.10546214404040201,0.30772939354338336
439,0.10530284022288418,0.3077963591580119
440,0.10502489117259331,0.30762689869018167
441,0.10483378615449565,0.3077538412380871
442,0.10463179072986355,0.30791751440665416
443,0.10440852314877634,0.30772215181528617
444,0.10422375367092664,0.3077201391371199
445,0.10404504274083096,0.30777338384121733
446,0.10392331048848095,0.3077527569995749
447,0.1036739422178147,0.3077613153784471
448,0.10342816040493402,0.3078621355180434
449,0.1031529558903457,0.3079486013032873
450,0.10285097352100242,0.30799768536026423
451,0.1025869671596704,0.3077201688620678
452,0.10236928368143151,0.30775329440404253
453,0.10218987988711868,0.30782038949461327
454,0.10197789406000103,0.30778277185377
455,0.10180401614318348,0.3078944591682649
456,0.10153652056737132,0.3078768011552209
457,0.10137780961680715,0.3077479456968035
458,0.10105751208990613,0.30780483471498743
459,0.10092428315829588,0.30780293484382587
460,0.10068401657895959,0.3077497366532495
461,0.10042087100205704,0.3078889397675838
462,0.10024526899692984,0.3079123339769992
463,0.1000323422217979,0.308022529568735
464,0.09986333718913304,0.30810592712683804
465,0.0995803121176715,0.3080178663156997
466,0.09934282619742016,0.308039662778036
467,0.09918106061334508,0.3080339219134139
468,0.09904350699481758,0.30810160292215716
469,0.09884538183181642,0.30829658510757985
470,0.09862916237508833,0.3080383928446624
