0,0.44515031576156616,0.4997641146183014
1,0.4283803403377533,0.46898213028907776
2,0.4201377034187317,0.4650452136993408
3,0.4198877215385437,0.46233537793159485
4,0.41798967123031616,0.46162107586860657
5,0.41763609647750854,0.4598785638809204
6,0.41683921217918396,0.4590195417404175
7,0.41539108753204346,0.4583187997341156
8,0.41419604420661926,0.45662739872932434
9,0.4137627184391022,0.4574369490146637
10,0.4136660099029541,0.45693039894104004
11,0.4134363532066345,0.45527878403663635
12,0.41303113102912903,0.45609480142593384
13,0.412497878074646,0.45573434233665466
14,0.41279032826423645,0.45587724447250366
15,0.4125746786594391,0.45596691966056824
16,0.4123462438583374,0.45501163601875305
17,0.4107978045940399,0.4544106125831604
18,0.4110071659088135,0.4540514647960663
19,0.4104744791984558,0.4535977840423584
20,0.409688264131546,0.45256906747817993
21,0.409975528717041,0.4523424506187439
22,0.41009223461151123,0.45295292139053345
23,0.409906804561615,0.45308929681777954
24,0.4102226495742798,0.4531211256980896
25,0.40990516543388367,0.4525616466999054
26,0.41009455919265747,0.45323705673217773
27,0.4099704921245575,0.4523530602455139
28,0.40971168875694275,0.4518142342567444
29,0.40948349237442017,0.4519016444683075
30,0.40962404012680054,0.4518387019634247
31,0.41005319356918335,0.45195332169532776
32,0.41024020314216614,0.45252519845962524
33,0.40988919138908386,0.4522387981414795
34,0.40980443358421326,0.45217907428741455
35,0.40991538763046265,0.45189228653907776
36,0.410077840089798,0.45175901055336
37,0.41027945280075073,0.4521127939224243
38,0.41021689772605896,0.45233505964279175
39,0.40979641675949097,0.45215877890586853
40,0.4095572829246521,0.45176276564598083
41,0.4096165597438812,0.45135796070098877
42,0.4096543788909912,0.45135697722435
43,0.40951767563819885,0.45126795768737793
44,0.4095481336116791,0.4515532851219177
45,0.40960296988487244,0.45174312591552734
46,0.4094197452068329,0.4516185224056244
47,0.4094407558441162,0.4514850378036499
48,0.4094856083393097,0.45160549879074097
49,0.40964365005493164,0.4517410695552826
50,0.40973731875419617,0.4513786733150482
51,0.40976667404174805,0.45116353034973145
52,0.4097960591316223,0.45147812366485596
53,0.4097245931625366,0.4514866769313812
54,0.4098106324672699,0.45142218470573425
55,0.4097681939601898,0.451524555683136
56,0.40972405672073364,0.45173752307891846
57,0.40975871682167053,0.45179280638694763
58,0.4099118113517761,0.45190975069999695
59,0.40989071130752563,0.4521421194076538
60,0.4098537564277649,0.4520268440246582
61,0.409911185503006,0.45211493968963623
62,0.409982293844223,0.45246148109436035
63,0.40996262431144714,0.45245349407196045
64,0.41001319885253906,0.45220428705215454
65,0.4101598262786865,0.4525369703769684
66,0.41024985909461975,0.45271334052085876
67,0.4101240932941437,0.4525427222251892
68,0.4102557897567749,0.45259085297584534
69,0.410157173871994,0.452210009098053
70,0.4102492034435272,0.45236676931381226
71,0.4100463390350342,0.4518832564353943
72,0.4100204408168793,0.4518018066883087
73,0.4100596606731415,0.4520110785961151
74,0.41019049286842346,0.4521902799606323
75,0.41019028425216675,0.45219317078590393
76,0.41025495529174805,0.4520756006240845
77,0.41026175022125244,0.45230454206466675
78,0.4100949466228485,0.4518030285835266
79,0.4101376235485077,0.45211002230644226
80,0.41010090708732605,0.4520699977874756
81,0.409985214471817,0.4517784118652344
82,0.4100174605846405,0.45173075795173645
83,0.4099304676055908,0.45151057839393616
84,0.4098224639892578,0.4514041841030121
85,0.40994879603385925,0.4514443874359131
86,0.40988561511039734,0.45144638419151306
87,0.4098985493183136,0.4515455961227417
88,0.4099840819835663,0.45156896114349365
89,0.40996038913726807,0.45157140493392944
90,0.4100000858306885,0.45173847675323486
91,0.4099889099597931,0.4516083300113678
92,0.41004282236099243,0.45139846205711365
93,0.4101773500442505,0.45169273018836975
94,0.4101104140281677,0.451804518699646
95,0.4101177752017975,0.45195770263671875
96,0.4100080132484436,0.451848566532135
97,0.41003724932670593,0.45174163579940796
98,0.41009512543678284,0.4519822895526886
99,0.41019660234451294,0.4522419571876526
100,0.41017475724220276,0.4523006081581116
