0,0.6281548741473238,0.6303477746298651
1,0.6083828913859832,0.6138099007954305
2,0.5915626926284098,0.5962828165885006
3,0.5764287487322333,0.5798907592168066
4,0.5651687031270586,0.5688235800059602
5,0.5549845331770196,0.5572786607462559
6,0.5469904738878908,0.5491199256501793
7,0.5402089887523411,0.5424026466480774
8,0.5338007280774889,0.5348436209918581
9,0.527459890217558,0.527869139449478
10,0.5218866405180923,0.521996633565136
11,0.5155431856865326,0.5154098906646823
12,0.5106531009078026,0.5101821188269533
13,0.5066015173873352,0.5070928989754041
14,0.5027964810687904,0.5043976096786857
15,0.49768703329462305,0.499153791747625
16,0.49464183621563484,0.4959914812239293
17,0.4919873506132097,0.4925202542352815
18,0.4891109060355273,0.4900249919123617
19,0.48547884080575754,0.48821146994923686
20,0.4823111674176963,0.4860221456626064
21,0.47986861221549404,0.48496117684635753
22,0.47814029542630293,0.4832215127800975
23,0.4754964533179975,0.4797697063913494
24,0.47345412440426665,0.47742788770470385
25,0.47082732970984625,0.47571249511959246
26,0.4691466878515654,0.4745402568951249
27,0.4664153839709415,0.4721405213111992
28,0.4650730319196093,0.4693825919925379
29,0.46296885388797704,0.4680603983384768
30,0.461145618322379,0.46603759507753
31,0.45945438492906304,0.46400293200247256
32,0.4582225996567645,0.46283934958846196
33,0.4560674902173796,0.46145337952761645
34,0.4543923520491201,0.4607753338426131
35,0.45269442157499334,0.4595517788444652
36,0.4513614175320775,0.45852829911696863
37,0.4496647003371423,0.45679573582418376
38,0.4477928399664485,0.45504079696901506
39,0.446741621609469,0.4535004857742478
40,0.4454073736017229,0.4524053759778403
41,0.4440161516151863,0.45039314275556275
42,0.4423245726640211,0.45001155628879846
43,0.44114174470728884,0.44955667551512385
44,0.43956085612853146,0.44882188349899227
45,0.4384830529099178,0.44853464801880444
46,0.43705389774403236,0.4479676646733731
47,0.4363133642963323,0.4483773439559479
48,0.43500976923024987,0.44729712888023504
49,0.4343656929832187,0.446561321730373
50,0.43333360540330756,0.4468993373790138
51,0.43263409465320946,0.4459526953395716
52,0.43117337872919476,0.44344790792584926
53,0.43008161817280716,0.4414615848566352
54,0.4290744316114983,0.4412609490715597
55,0.4282004656617269,0.4418803126665411
56,0.4270116952835072,0.440648972387593
57,0.425992765866157,0.439854104915559
58,0.42498507219268994,0.43917101679515513
59,0.4241977454909817,0.43902623940192276
60,0.42334888142514154,0.43826267031468374
61,0.4223636613539345,0.4372536512101601
62,0.42152885985300986,0.43554407546009244
63,0.4202308839565168,0.43408044192242984
64,0.41943597754460105,0.43321316392627596
65,0.4185103893889586,0.43132488941084635
66,0.41782173443095233,0.43078096485037126
67,0.4170073135732568,0.4301163881897028
68,0.4161875869390958,0.4295496137381529
69,0.41562038525557893,0.42965053936100345
70,0.41481047260180853,0.42954608361112706
71,0.41404421832594657,0.4298563173599935
72,0.4132344115514652,0.42901343732765124
73,0.41277786675410283,0.4285346162279016
74,0.41177135452055996,0.42709015319557037
75,0.4108821254550028,0.42748862705104856
76,0.4099857222016565,0.426880610352638
77,0.40913197510126614,0.4269954023211328
78,0.4084812427656501,0.42620101433156754
79,0.40784669620436187,0.4259136797344395
80,0.407328022529201,0.4255413582763117
81,0.4065008012123924,0.42555583475834946
82,0.4056756304446022,0.42415360874155766
83,0.4050471491938368,0.4244993608120049
84,0.4047255970947809,0.4240092409274543
85,0.404174238320897,0.4240082588192493
86,0.40337062814646407,0.4228442719139269
87,0.40303067023406247,0.42259114671274073
88,0.40228951409702346,0.42238722664814043
89,0.40181897716493814,0.4220973150017051
90,0.40176052879665203,0.4221177043848086
91,0.4006012784530825,0.4207558025385452
92,0.399917440367934,0.419799324609418
93,0.3990539878823686,0.4187847559919175
94,0.39847340078275045,0.41884851063075956
95,0.3978842105409965,0.41812682262253625
96,0.3974709656514708,0.4167827433487105
97,0.39685089195426826,0.4164384891974088
98,0.39605302938700565,0.41622403518682694
99,0.395676874594791,0.4161862464204242
100,0.39490196199020694,0.41677863658927616
101,0.39455387299398353,0.41626155164967
102,0.3940564183791065,0.41556915408984835
103,0.39356049506189195,0.41526751819383706
104,0.39280223702896655,0.4146683012513369
105,0.3918421964984345,0.41362395760136605
106,0.3912475041289571,0.4128830237176277
107,0.39053106114050185,0.41295073397878956
108,0.3898962574752214,0.4113792007637405
109,0.3892948589994991,0.41146430143413093
110,0.38879437919446624,0.41079737217388024
111,0.3882384396656932,0.4104162130158308
112,0.3878848796745823,0.4101564022426909
113,0.38744741990968307,0.41073211686622674
114,0.38712254066774565,0.4100733682588058
115,0.3865102322886868,0.409622417379911
116,0.38598787859121614,0.4093420437407182
117,0.3858083690679872,0.40951395295284704
118,0.3854716407748625,0.40848028119043084
119,0.3851745491969258,0.40801065669534825
120,0.3848693641802449,0.40782943853702847
121,0.38434120342999545,0.4077132654703177
122,0.3838415198365855,0.4082484911323917
123,0.3834204711790556,0.40738183270497974
124,0.3829756327199437,0.40795784086445797
125,0.38239793302139263,0.4079365439980781
126,0.3819301672862804,0.4082582192889259
127,0.38149026087912385,0.4082320376858509
128,0.38106423016170304,0.406732484867627
129,0.3806514794370315,0.40692209483106595
130,0.3800910197581457,0.40631264968318415
131,0.3798247061533439,0.40593444767612846
132,0.3795283995174854,0.4059721215044288
133,0.3789880306522987,0.4045174288323216
134,0.3785009444997743,0.40484069377168164
135,0.3781603419342815,0.4048792595495657
136,0.3778680103324834,0.4050997479525385
137,0.3774620814878172,0.40465199814894753
138,0.37720654920142854,0.40471935912476453
139,0.37678836108284564,0.4045669622871883
140,0.3760828344007851,0.4043660699183133
141,0.37563438827411705,0.4037948375809977
142,0.37523402622993224,0.403827053380059
143,0.37481004728199807,0.4030837952346397
144,0.3745934968259596,0.40227775331133736
145,0.37416489008999226,0.401510576592526
146,0.3738540701802988,0.40082713244896356
147,0.3733013512394601,0.4003024317199132
148,0.3728543534610758,0.40060598544538195
149,0.37244043146766487,0.4006230283221407
150,0.37189132477553916,0.4003321944704441
151,0.3715753111171706,0.40020315822048497
152,0.37113778839198497,0.39932277271067274
153,0.37094090999028506,0.3993876709973924
154,0.37059238935817557,0.3991024767656084
155,0.3702324592426396,0.3986217009856604
156,0.3696802551952909,0.3977906990557098
157,0.3694335111968826,0.39789102546650185
158,0.369096391218853,0.3973562478070122
159,0.3685905517148114,0.396755945896848
160,0.368303987697336,0.3961336144047295
161,0.36787552144607377,0.39568211095472583
162,0.3675364591362225,0.39497830816958074
163,0.36720104064022324,0.3947696700120191
164,0.36698777201808763,0.39467920697526515
165,0.36659630127630277,0.3944070661680706
166,0.36628498094357764,0.3940708557504129
167,0.3659878854230913,0.39352708580819046
168,0.36551016646033846,0.39384228905198215
169,0.36527133484607593,0.3933690041603902
170,0.3646955552982118,0.39291669640800353
171,0.3645047594970641,0.39274686426180266
172,0.36400333252294026,0.3920146776614297
173,0.363694351287118,0.39172961516207355
174,0.36333440993484156,0.3911095102313693
175,0.36283962700802547,0.3913173485467561
176,0.36260375881215795,0.39129605342488316
177,0.36217813404964316,0.39156912772691793
178,0.3618937001505509,0.3918099605240101
179,0.36166034783343776,0.3917243437817907
180,0.3612869089463036,0.3914210424639371
181,0.3607740435930732,0.3913442103534811
182,0.3604633446303133,0.3918835314228957
183,0.36002259261001657,0.39203813903665774
184,0.3598563646238633,0.3921948052474138
185,0.359379903884802,0.39276437199109454
186,0.35896669357115,0.3924192769549409
187,0.35872817107707955,0.39231305015588425
188,0.35842514027426076,0.3924078566379585
189,0.3582845481977698,0.3918426095199895
190,0.358030083298756,0.3916853340687211
191,0.35766229087286466,0.39096752486888703
192,0.357597393965033,0.391352087136232
193,0.35751390246885645,0.3913288933001498
194,0.357451570150744,0.39149477850374065
195,0.35710973962486586,0.3911060361436767
196,0.3567402003261086,0.3914778285569277
197,0.35630488542910294,0.39116351008730255
198,0.3559994918521727,0.3905965772995934
199,0.35559835837464143,0.39097444809250625
200,0.3551296657820346,0.3898521839054282
201,0.3548151337568228,0.3896772178578098
202,0.3543495308637851,0.3895670109769097
203,0.35416961139490954,0.38905296315307125
204,0.3538799876266681,0.3887200307034066
205,0.35348445405206735,0.3879448373720294
206,0.3529681701064425,0.38731971704086043
207,0.3528228488062296,0.38718420774656215
208,0.3524281483460779,0.38629574892180035
209,0.3523152235842096,0.38591493301863444
210,0.3520198179164076,0.3865001260713491
211,0.35181836345477485,0.38669192500660554
212,0.3512136213458162,0.3864640816578535
213,0.3508486270293014,0.3870305698158231
214,0.350578672953303,0.38685359690243865
215,0.35006661234161823,0.3866859363996469
216,0.34978426448163064,0.3865988763255002
217,0.3494602428379186,0.38672231919581096
218,0.34925856774478625,0.3863276386998759
219,0.34890388833846825,0.3871519781381333
220,0.34862772199075875,0.3871845970679484
221,0.34851982409117027,0.38788589851164806
222,0.3482818920813386,0.38785258240788095
223,0.34806182774054856,0.3884656104738145
224,0.3476659222878959,0.3881432008260101
225,0.3474482296124182,0.38824765913431625
226,0.34728419933852894,0.38816259830208577
227,0.34712059222993386,0.3884311705263111
228,0.3470321916744281,0.38788736107154703
229,0.34687849534327125,0.3878929265892925
230,0.34668008516501503,0.3883295774614403
231,0.34637038729450476,0.38778707626335773
232,0.3461578047201392,0.3876557462825588
233,0.3459041719067622,0.3879526233402461
234,0.34551987518763705,0.3873804425257091
235,0.3453338615845681,0.3867757819323696
236,0.3451129973425003,0.38735108601099694
237,0.344780395176368,0.3876436600591062
238,0.3444549813729366,0.38796519194547496
239,0.3441234996829511,0.38796850214451434
240,0.34404616864612797,0.38794125679262126
241,0.3439151321130601,0.388826788192168
242,0.3436747580616381,0.3881873980727653
243,0.34343581170599713,0.38782666577370817
244,0.3433258106755775,0.3878240826858176
245,0.34314397570462674,0.38786093761773294
246,0.34295925425820767,0.3871729222249858
247,0.342836754004937,0.38716028887954745
248,0.34262105391774167,0.38644888560434343
249,0.34225094815587637,0.38690681982687997
250,0.3419859738361426,0.38650778683304127
251,0.34167099059560635,0.38576408162374387
252,0.3414983417781081,0.38632033691159695
253,0.3412221363635338,0.38552125274468546
254,0.3409733351770795,0.3852314259197335
255,0.34086186229368265,0.3856810497976032
256,0.34072217824543893,0.38595910442364945
257,0.34052637288428866,0.38578228608938425
258,0.3403505705925507,0.3861688326147875
259,0.3401522475239746,0.3858821776690135
260,0.340132225768103,0.3861715464688341
261,0.339738769274751,0.3867895643639794
262,0.3394382890237423,0.3870968276154384
263,0.33927534998011977,0.3877136450830402
264,0.33903170287207324,0.38783729367226905
265,0.33856549844029576,0.3876275824122997
266,0.33799210319694595,0.3865136349439349
267,0.33760924168480566,0.38572355698824645
268,0.3374524171121454,0.38546782452243933
269,0.3372165887503206,0.38512894207435455
270,0.33697373837833533,0.38492595826041337
271,0.3366167092719343,0.38508146376955477
272,0.3362712012540486,0.3842323212441348
273,0.33617113135069926,0.38451123199904097
274,0.3360663839388652,0.3840854479992825
275,0.3360460991917649,0.3841780371598242
276,0.3358855235510135,0.38412441439083905
277,0.33567813096125837,0.384006282182245
278,0.3354750293824121,0.3836793887370363
279,0.33517202388753947,0.3832111698929732
280,0.3350926106345148,0.3828013197929415
281,0.33481728321063436,0.38261514314549755
282,0.33444638870465204,0.3824732929466186
283,0.33431831697280734,0.3822360221617983
284,0.3340386995399962,0.3816725102836073
285,0.33387767368491356,0.38229598537044124
286,0.3335835567679593,0.3817368855667409
287,0.3333571077053153,0.3810914217191207
288,0.3332280039348096,0.3810661905750349
289,0.3331448672917981,0.3815000774262544
290,0.3328893367663797,0.3808094192548295
291,0.33269672294035546,0.380708802403069
292,0.33261893066159587,0.37994238348991805
293,0.3325643733204984,0.3798830104257368
294,0.332462302758143,0.38007526529827856
295,0.3322425337862583,0.3801722449172253
296,0.33203791206961825,0.3796144224746137
297,0.3318417382685917,0.3795751969624866
298,0.331762064888223,0.3793887495605696
299,0.3315244569988961,0.3795982586455199
300,0.3312216205631971,0.3796226744538559
301,0.3308984648838576,0.3795153103814604
302,0.3306413050492309,0.37959606841233134
303,0.33034985019463997,0.3797729066147294
304,0.33020378664744504,0.37965102750270474
305,0.32999693005728087,0.38012186800652475
306,0.32981736718143007,0.3801880940252494
307,0.3296164905512324,0.38032542239435524
308,0.3294264617165663,0.37983539501396074
309,0.32918465050356377,0.37956103618255765
310,0.32886353633365295,0.3792541228169792
311,0.3287289729605284,0.3791071603935602
312,0.32839820311863166,0.37871251750420426
313,0.3283066082204919,0.37857290546938455
314,0.32822241367067634,0.3785187842186056
315,0.32805856781613607,0.37825758307340335
316,0.32795990918622164,0.3783806092433147
317,0.3277426788435317,0.3790566488838583
318,0.32762657552221436,0.37910188371773385
319,0.32744347936053547,0.3791431264366549
320,0.3272965727316104,0.3791651690381739
321,0.32725116518810354,0.37900109524123893
322,0.3270273576982338,0.378722828130157
323,0.32684559815481035,0.3787882557625136
324,0.3268317183386239,0.37815115774512076
325,0.32670197831231684,0.3781791806066444
326,0.3264689080985477,0.3785496772181767
327,0.3262631147204397,0.3785797910741186
328,0.3260815094245173,0.3782616624370883
329,0.3257309723977923,0.3785707191347556
330,0.3254485763495548,0.3783676521985518
331,0.3252909037168476,0.3784478120227693
332,0.32521087995454856,0.3789641105438963
333,0.3250465341759346,0.3786450957029814
334,0.32500517969201886,0.378386007095185
335,0.32488857620795036,0.37886935683931117
336,0.3245337548852312,0.37851994013759344
337,0.32429604286853814,0.37794737939783873
338,0.32424350359089116,0.3774806545559026
339,0.32413481956937684,0.37807016611053956
340,0.3238598925946317,0.3783670153988655
341,0.3236547892949781,0.3785020908080908
342,0.32351392128807865,0.3786365896919703
343,0.3233134157352121,0.378136974132037
344,0.32318545896557493,0.3783269589311536
345,0.3230555042111914,0.37851112971257567
346,0.3227729639515429,0.3783096906351985
347,0.32235492283735395,0.37801245979036363
348,0.3221751636592364,0.37765344229588843
349,0.3220439385051588,0.3772221104368414
350,0.32196516078187065,0.3770876231282875
351,0.32182367701134384,0.37695926494687704
352,0.32160285795836197,0.3770972741135233
353,0.32121971224543244,0.3766984374589242
354,0.3210753002027978,0.3766836721430893
355,0.32084318016491536,0.3764215870607786
356,0.32052291293748897,0.3759143026425044
357,0.32031490237199994,0.37630116901666627
358,0.3202497555198876,0.376548808715828
359,0.3200389512303991,0.37587682053571797
360,0.31997533762008207,0.37651343102297147
361,0.31975241845229674,0.37734966071462356
362,0.31965362601997216,0.3769849451186419
363,0.31944925399619506,0.3766948910935607
364,0.31927386928286217,0.37734908695346486
365,0.31908426089362474,0.3766970170101143
366,0.31888727805356387,0.37710818606005475
367,0.31853756304084246,0.3766331914891085
368,0.3184981818565781,0.37631094022102685
369,0.31833221075029516,0.37658850133397376
370,0.31813130873706447,0.3761735366532839
371,0.318101450016854,0.37587411403921817
372,0.3179968211677013,0.37578761447112746
373,0.31795181365050484,0.3758064424225285
374,0.3177630101624032,0.37555085002478156
375,0.31761193456386244,0.3756225657677396
376,0.31740856482042973,0.3756762515489174
377,0.3172749214536212,0.376071557266998
378,0.31707189127857255,0.3760964445369594
379,0.31682116420141426,0.3755532005980481
380,0.31666073991769117,0.3746889750667637
381,0.3164632016607454,0.3742550704335345
382,0.31617300528055586,0.37421992742239907
383,0.3159302289497,0.37409562558200543
384,0.31582002254224995,0.37428176068837693
385,0.31568410587590606,0.37344937109960397
386,0.31552191489806214,0.37352581051041434
387,0.3154905278042664,0.3733647818116956
388,0.3151663040859586,0.3735520971454601
389,0.31515756310888193,0.37439067967789325
390,0.31504960934378695,0.3742231730569595
391,0.31497053959978805,0.37427047201743385
392,0.3147023180525522,0.3741383979972708
393,0.3146025183560273,0.3741612804036619
394,0.31431302836133074,0.37404869632681254
395,0.31416144338054836,0.3741110128049796
396,0.31395998217618204,0.3740918670253519
397,0.3137557721284309,0.37407019315422835
398,0.3136965620329374,0.3739249577786897
399,0.31349274210065375,0.3740503738615091
400,0.3133667923882185,0.37373156024152454
401,0.31322630840897003,0.37329893576101364
402,0.313166052889423,0.37335793341950063
403,0.31309754309445587,0.3732915624125071
404,0.3130263884421591,0.37305643704442215
405,0.31292409213944705,0.37336127381957873
406,0.3129187953959857,0.3732123976902166
407,0.31284708439692765,0.37351010825724223
408,0.31286644457643464,0.3737924683811517
409,0.3128384546019918,0.3739268694631165
410,0.3126833122282085,0.3732257644733489
411,0.31247453982558987,0.373746161272451
412,0.3124957366046643,0.37354908465140996
413,0.3123605342401167,0.37261901003181597
414,0.31230186171734425,0.37236746918015284
415,0.3121337304268135,0.3722867591736787
416,0.311929885688065,0.3717801135144616
417,0.3118552133623949,0.3720157019025843
418,0.31174046200627603,0.37275323162264395
419,0.31150502423518134,0.3725626513104242
420,0.3113663066387511,0.37240031837356763
421,0.31118014521742726,0.37217216750180615
422,0.3110145914930621,0.37172260410218827
423,0.31091960443948435,0.37252884209153575
424,0.3107547882174767,0.3722560050007326
425,0.3106219239953064,0.37266848631765315
426,0.3104394605670576,0.3722385509754531
427,0.31009487928092694,0.3723208475528171
428,0.30987466222828414,0.3724238470137163
429,0.3096884238420307,0.37311890852959023
430,0.30951963831323953,0.37277586446571936
431,0.30926911680485997,0.3721277799730998
432,0.3090914661649929,0.3718724580661071
433,0.309059006198608,0.37174104981544775
434,0.3088777654867313,0.3716965856417732
435,0.3086947147119798,0.3717908244624332
436,0.3085810167799826,0.371935193906105
437,0.3083660073227912,0.3715687601845052
438,0.3082428037357831,0.3712454285887592
439,0.3080690786001961,0.37080541452041965
440,0.30804517883244886,0.37115598896820584
441,0.3078177079190693,0.37096451400756053
442,0.307676048046719,0.37087426844951804
443,0.30759532677341805,0.37113035524689275
444,0.30751956626311283,0.37103045590558575
445,0.3074423534065515,0.3710555132228909
446,0.3072611514270341,0.3706892442194958
447,0.3072370283936251,0.37020115206009724
448,0.3071594132465477,0.36962929268758427
449,0.3070470902668974,0.36975391388867823
450,0.3070088018132204,0.3697807903412137
451,0.30677147699050267,0.37033067713368556
452,0.3066077281368213,0.3702153169599718
453,0.30648637334717066,0.37029635977693076
454,0.30628792321784093,0.3702947586847678
455,0.3061159475099176,0.36976361682172865
456,0.3059643650066613,0.3698592882026991
457,0.30592271177598035,0.3704544818885309
458,0.305896419154132,0.3699321563252992
459,0.30579214206656813,0.3704214420498902
460,0.30579763445356345,0.37031102688733514
461,0.30564967246124597,0.3705118408541827
462,0.30557037003194565,0.36961338991517334
463,0.3051911906509466,0.36989098228981826
464,0.30512911736274134,0.3699311069494663
465,0.3050712566144401,0.3697955348139066
466,0.30504391046393314,0.3699605125477577
467,0.30483246583527507,0.3696787404333316
468,0.3046781390884085,0.37010461117579535
469,0.3044792083478238,0.3702440108615614
470,0.30436487704911325,0.3706693709149896
471,0.30420765575771636,0.3705123534521342
472,0.30410655333653525,0.3702603345238466
473,0.3038730748001946,0.3702698254631192
474,0.30361212275353855,0.3703055443445488
475,0.30358676593587003,0.37026843549531097
476,0.3035601769697264,0.3704773997469563
477,0.3032651360965517,0.37021342355053555
478,0.3030966115099194,0.3699719549868508
479,0.302854505846317,0.3690100805824091
480,0.3027707083755316,0.3685442387689019
481,0.30267002389969627,0.3686673787521419
482,0.3025492233899194,0.36929695152746017
483,0.3023474085630116,0.3696500198024888
484,0.3023688839962068,0.3695699369089863
485,0.302133033320953,0.3694331002348825
486,0.3020486720349773,0.36940077093199003
487,0.3018552229131707,0.369409668875364
488,0.30155204015395237,0.369143625287916
489,0.30145494156169844,0.3689006910771112
490,0.30130586942619425,0.3689804748325839
491,0.3011868026501386,0.3690324219544989
492,0.3010305714786856,0.36915876372999373
493,0.30076869725536637,0.3684818340085415
494,0.3007776088553916,0.3687263469660436
495,0.3005858265873655,0.36889685110344567
496,0.30043648906610215,0.369213494227192
497,0.3004543896630161,0.36913062831725096
498,0.300354977895794,0.3693701804093288
499,0.30027062813678157,0.3693797379172452
500,0.30013003334297916,0.36880466139156187
501,0.30003182193463285,0.3688364237166417
502,0.2998630467470489,0.3685039508872199
503,0.299748855496432,0.3687572407109927
504,0.2997360380577611,0.36852000474690577
505,0.29965119389013933,0.3685425448349045
506,0.2995446504638332,0.36932079447999433
507,0.29933881969683507,0.36901474766724646
508,0.29929856907186364,0.3688347229321072
509,0.2992135343448233,0.3695740233934494
510,0.2991201910193362,0.36921234528069435
511,0.29896813274475426,0.369586078176397
512,0.29868697480617634,0.3688391952206387
513,0.29834501592525114,0.36857935576552003
514,0.2982621151145706,0.3687382606544825
515,0.29818653537230305,0.3686737950766227
516,0.2981108606772307,0.36884950763010865
517,0.29796299422437983,0.3686973066083953
518,0.2978406027263767,0.3687533886476083
519,0.2976670426133089,0.36839188712200616
520,0.2974530861543062,0.3681119215676175
521,0.29731131501060337,0.368825011930712
522,0.29697556500703476,0.3686810399935557
523,0.29677351051609163,0.36881640421233514
524,0.29661099559148885,0.3685330397778744
525,0.29650877405910997,0.3686653515632879
526,0.296448625608547,0.3688080997497186
527,0.2963669233687223,0.3688009603736119
528,0.2962825255317822,0.36871324885089196
529,0.2959717499145028,0.3685193332827731
530,0.2957488277308129,0.36836755743947264
531,0.2956290839051869,0.3681805360787617
532,0.2955274330762279,0.3688537890168328
533,0.2954317572075313,0.3690805438284252
534,0.29529727287037816,0.3688486673157656
535,0.2949534984033896,0.3681716266766005
536,0.29488693728212495,0.3678838216724764
537,0.29467697294530865,0.3678907519267935
538,0.2945571345112309,0.3677116572511349
539,0.2945237848177767,0.3673645159474281
540,0.29433133869856337,0.3673743995557043
541,0.2941419480838957,0.36745725886516734
542,0.29416336637772444,0.3675128959426233
543,0.29391920076783606,0.3676022811326145
544,0.29387323592353476,0.36767350131142235
545,0.29385562245471847,0.3672809172084508
546,0.2938218093736916,0.367266955740044
547,0.29375696624026043,0.36724928222659653
548,0.29365847411533724,0.3671501123539101
549,0.2936290128269419,0.36720610101080653
550,0.2934757297307877,0.36750795334997444
551,0.2934377090651552,0.36796593680917766
552,0.2933096701662164,0.36870592543717484
553,0.29322477831124144,0.36806425999938147
554,0.29315793404843465,0.36837679869113843
555,0.29307037045043766,0.36791058136918137
556,0.29298100491408124,0.3681059207258516
557,0.2928820408679392,0.3678186279899996
558,0.2927809852018963,0.367623337977428
559,0.2925898822609711,0.36760477487432985
560,0.292514002899885,0.36744212908224827
561,0.29234060938286655,0.36675745920114705
562,0.2921486970181179,0.3668168396988035
563,0.2921172276682346,0.36741273729147855
564,0.2920297442019841,0.3668722045945297
565,0.2918849167312581,0.36691402546787266
566,0.29182831428185824,0.36674944864796183
567,0.2916206264834651,0.3669904424711948
568,0.291456688912946,0.3672504914279911
569,0.2913427556991826,0.3664061521368503
570,0.2913157545115544,0.3663050798655204
571,0.29114903256309665,0.36641416700737034
572,0.2910692031411139,0.36598117615652015
573,0.2910460985168798,0.36648923110442794
574,0.29103879002627614,0.36635347322773004
575,0.2909477172914448,0.366248726268864
576,0.29080666512840025,0.3662493598820193
577,0.29068359453621917,0.36555411675295163
578,0.2906566220815418,0.3648987598482167
579,0.2905310351489764,0.36454817004689855
580,0.29039458988810846,0.3643642925821249
581,0.2903936903495632,0.36443629160441704
582,0.2902257769484789,0.36362533736678654
583,0.28998317862511275,0.36434880472635006
584,0.28995268358013804,0.3654200281714282
585,0.2898410926679762,0.36524144707316036
586,0.2897839439254768,0.36560974758471326
587,0.2896844015176453,0.36463186460836094
588,0.2896431613543142,0.36460347345133803
589,0.2895779226633454,0.36455071181128784
590,0.28943831744498444,0.36411037195073226
591,0.2893712968171195,0.3643288618154493
592,0.28936716573233606,0.36435167414080116
593,0.28933596959022595,0.3644837348501151
594,0.28936181729348626,0.36449571295843675
595,0.2893182276135117,0.3649699196249471
596,0.28936479412001526,0.36512530770117857
597,0.2892290892528701,0.36452000818523456
598,0.2891485232856711,0.3642394231316332
599,0.2891026711318014,0.3645647816159654
600,0.28905352838019843,0.3640798348623346
601,0.2889868420576248,0.36353365242423147
602,0.2889175603542334,0.363362306868879
603,0.28887497056985856,0.36335309045157943
604,0.2888015050214166,0.3628973801688972
605,0.28862452945525985,0.36260494002978855
606,0.28841098188681114,0.36178473822465346
607,0.28828118119288865,0.362696525139683
608,0.2882824412191251,0.3623246249326123
609,0.2881087808645565,0.3621847529146903
610,0.28781268931756043,0.3623561909204215
611,0.2878028445259146,0.36292285963043325
612,0.28772755080904566,0.3625737065274611
613,0.28767339016302007,0.3626893352986418
614,0.2874468974217658,0.36271815422659515
615,0.2873463150010854,0.36272968575232867
616,0.28723042528698933,0.36281893447845837
617,0.2870465879665947,0.36266602565774136
618,0.28682669393329635,0.36295917026804914
619,0.2867451913844306,0.36308855994384986
620,0.28661709533883206,0.3627758400478296
621,0.28650783494733667,0.3624519265977219
622,0.28642021787027033,0.36252723213511145
623,0.28626845747126206,0.3625250282836684
624,0.2859759546264646,0.3619804914990769
625,0.2859114526791381,0.36145998091999554
626,0.28580114184560573,0.36120937692420363
627,0.2857289951784079,0.3612692681202482
628,0.2856261842201449,0.36106927212670814
629,0.28566253685876564,0.36091030291286563
630,0.2855399688328214,0.3608434093742234
631,0.2854896642057461,0.36050692330858813
632,0.28530489984767926,0.36041373958238687
633,0.2852164299045181,0.3607626398525695
634,0.28513641070518886,0.3605405409973219
635,0.28505191187600293,0.3607633888118961
636,0.28505888970844134,0.36121254847960915
637,0.284957815851789,0.3609942807542775
638,0.28474807540071595,0.36107869942359483
639,0.28468897934610865,0.3609638757027595
640,0.28460500430903013,0.3608005398492591
641,0.28460124615092885,0.361471653081837
642,0.28453648239052887,0.3614649394668351
643,0.284439058830274,0.3611181080791741
644,0.2843891518468263,0.3610407385227406
645,0.2843209387336757,0.3612059081462064
646,0.28422080465584937,0.3614630968643187
647,0.2839815628055634,0.3613085137024506
648,0.2838824858675171,0.3613732265033828
649,0.283786840392236,0.3621544636535925
650,0.2836844243135445,0.36192226068320515
651,0.28355600855057456,0.36162497800303306
652,0.28345401504439155,0.3612799822233704
653,0.28336219698774273,0.3616100025248082
654,0.28334646669622415,0.36206251959391256
655,0.2832523781629346,0.3622457874745887
656,0.2831832891130835,0.36241684574363103
657,0.28288888573199594,0.3621482912423463
658,0.2828957181968097,0.3616966989005071
659,0.2827789754539205,0.36153981226041565
660,0.2826339384726355,0.36188452313855946
661,0.2825677560756469,0.3616587294977656
662,0.282490381224288,0.36159494173507273
663,0.2823446407110548,0.3613578720199413
664,0.28237163312454366,0.361745842295624
665,0.28228584379871097,0.36160510991408096
666,0.2822699111757629,0.3618259643263333
667,0.2822007352635565,0.36175257523926113
668,0.28198471984759804,0.36132271266217497
669,0.2819402793816793,0.3613906726926559
670,0.2817722659737097,0.36136827492115753
671,0.2816511506649626,0.3616871273198734
672,0.2814925434486362,0.3616204707874438
673,0.28145425503111776,0.3615210727462643
674,0.2813635135433291,0.3610049155730278
675,0.2813293508192383,0.36106175062850604
676,0.281155281084759,0.36103316389681894
677,0.2811301522669753,0.36112252839552494
678,0.2810896490692542,0.3603054872159226
679,0.2809721108615788,0.3600668969448955
680,0.2809040282845316,0.3602738261528522
681,0.28077591584246736,0.36041725676306907
682,0.280824368835935,0.36099970939369325
683,0.2807353993870937,0.36071478953497904
684,0.2806298011106282,0.36102966517854845
685,0.28047957099296406,0.3612250412870189
686,0.2803615228710078,0.36145837219253807
687,0.28008525146873325,0.3611404852447913
688,0.28001971298507694,0.3606002592323171
689,0.28004039930072133,0.3602925853037825
690,0.2797379485882502,0.360517675027519
691,0.2796507163609738,0.36068275826318624
692,0.27951840137167455,0.36060857751316155
693,0.2793967564488231,0.36052294662217343
694,0.27934540525877527,0.3601435010147184
695,0.27926781856442723,0.3602397100966479
696,0.27916629192978315,0.3607400825698063
697,0.2790500359205239,0.36038400835025836
698,0.2790641712817897,0.3604535555922826
699,0.2789833834653616,0.36035770937543454
700,0.2789288743960019,0.36046488417719097
701,0.27892926207204066,0.36047208212497184
702,0.2787245367794302,0.3602885385841352
703,0.27860281493076194,0.3601460907744622
704,0.278599999476364,0.35952384607181204
705,0.278521934053255,0.359630501797092
706,0.2784636223712663,0.35925756318208685
707,0.2784876396633737,0.3600126101068579
708,0.27843581311783955,0.36004629281441036
709,0.2783793673169337,0.35996550048372156
710,0.27818557891450396,0.3595756430076248
711,0.27809888991943194,0.3592745308695611
712,0.2780801961393552,0.35941254692440106
713,0.27799763385486004,0.3591995177787815
714,0.2778817810059237,0.3588870689564534
715,0.27788926327361413,0.35883144079313767
716,0.2779006744243371,0.3584529634061305
717,0.2778652841860119,0.3585320084297195
718,0.27777616326489635,0.3581831820107835
719,0.277686326856413,0.35884899364628814
720,0.27754253440283233,0.3589283296240082
721,0.27741038144882835,0.3584299464123058
722,0.2773467585614442,0.35877575614820895
723,0.2772532924080374,0.35818543777299994
724,0.2771862608812611,0.3584194047274127
725,0.27709893921116663,0.35809237615810313
726,0.27712759683277316,0.35731973805086764
727,0.277077491108707,0.356643240997173
728,0.27700022112459616,0.3567219154485186
729,0.27687436133408816,0.3573676260019875
730,0.2768987885545784,0.3572004175909606
731,0.27681614007486194,0.35771416309983695
732,0.276827936079683,0.3581025518119349
733,0.276702953433696,0.3574295643842326
734,0.2765932350867582,0.3573170167039076
735,0.2765947172536775,0.3579749903143492
736,0.27656462890075206,0.3576776374983759
737,0.2764426453574259,0.3573822370379864
738,0.2764299781245241,0.3579779031942943
739,0.27620377886041847,0.3576652438892495
740,0.27619658267721137,0.3568882817867897
741,0.27614181254198417,0.3572019443016088
742,0.276135527119507,0.356685468470471
743,0.27604814840993613,0.3562634111966359
744,0.2759319890789395,0.35644468250445704
745,0.275840920890245,0.35659472693996325
746,0.27567750616992465,0.35698203436267834
747,0.27560023768201075,0.3573292789165616
748,0.2754806847283368,0.35700258701962434
749,0.2754834959143268,0.35699730652079764
750,0.2754399906536168,0.35690801234359126
751,0.2753671833212819,0.35662310024766236
752,0.2752824986809638,0.3569349109727533
753,0.2751646135102388,0.3563247558607397
754,0.2751767999220427,0.3564883955542922
755,0.2749668943429597,0.3563732895643271
756,0.2749009318705776,0.356199714414732
757,0.2748337513267425,0.3561777987029604
758,0.274895262918067,0.35627558341089355
759,0.2747906541400482,0.35627214425308906
760,0.2746571938931869,0.3562926253621136
761,0.27457266585612605,0.3562792051192442
762,0.27458173948258385,0.35628751338824793
763,0.2744012047941524,0.3563170931039892
764,0.274277540970171,0.35620119741745687
765,0.2742257076678399,0.3561333086763471
766,0.2741164142499977,0.35612359892943163
767,0.2741174323651954,0.3563209461747476
768,0.2740530287682594,0.35675075647224774
769,0.2740691383037839,0.35656913463986156
770,0.27391670639627297,0.356444999435695
771,0.2738536438786718,0.3565832862283948
772,0.27377586235492773,0.35647906112717465
773,0.2736632837063357,0.35624030993116257
774,0.27359147920807964,0.355902322480011
775,0.2736008136372318,0.3557806973410554
776,0.27349789038818983,0.3555584388130874
777,0.27348525706218135,0.35582290998124466
778,0.2732399732570004,0.35581322060368786
779,0.27320722697139355,0.35558786333440634
780,0.2732071153329158,0.35566461392866355
781,0.2731853695610327,0.35549921584677396
782,0.2731141734488484,0.35574893640200694
783,0.2730650581000213,0.35575744750181976
784,0.2729634151138484,0.3556033455546213
785,0.27277677547780044,0.3555151567833516
786,0.27269896650192027,0.35566782463518176
787,0.27254082187327666,0.3556476265527249
788,0.27240088032120346,0.3560504656406631
789,0.2722835025105154,0.3559389914539554
790,0.27224294631935814,0.3566891109721241
791,0.2720484533062844,0.3566886995038919
792,0.2719943072431628,0.3560796372821834
793,0.2719471539652168,0.3556517918886327
794,0.2718171201994189,0.35550567586281107
795,0.2716787819505159,0.3559319612912954
796,0.27154136295530684,0.35640013454423874
797,0.27144336763346194,0.35644879387804834
798,0.27136564522143625,0.35648209212793835
799,0.2712337445866717,0.35644347887278494
800,0.27117157109137013,0.35604139692893344
801,0.27116174369672164,0.3558777875001651
802,0.271104463320436,0.35635068378449136
803,0.27105202856525323,0.3563355470703074
804,0.27098943315054447,0.356132007839358
805,0.2708334122825857,0.3562274228289958
806,0.270744385450315,0.35554964687312457
807,0.2706823933912929,0.3557575129908529
808,0.27062717572390294,0.35614777861106905
809,0.2704915589565375,0.35596334031019083
810,0.2704290451835277,0.3562784845770699
811,0.2704003306489845,0.35607156547891017
812,0.2703273013226014,0.35603399416082293
813,0.270325883105668,0.35692294036829747
814,0.2702837024508325,0.3564934609182195
815,0.27029772599532015,0.3561528696269772
816,0.2702328350828006,0.35592637568526164
817,0.2701187487353135,0.3562028999791095
818,0.2700258293358054,0.3561584215961204
819,0.2700263366348189,0.3564411773981111
820,0.27000669852448633,0.35659956118231245
821,0.27009003069504733,0.3568535850854171
822,0.26996349145443765,0.35716469726935285
823,0.26987995045866936,0.3580556397182802
824,0.2699152776065986,0.35830439893239874
825,0.26990712391940186,0.3588622726393464
826,0.2697975151595642,0.3584873636854206
827,0.2697133999221872,0.35834766217459674
828,0.26953635109380353,0.3579124060482078
829,0.26948307412740524,0.35823919985285346
830,0.2693894197070969,0.35758943689802963
831,0.2692698678978813,0.3576645405188274
