0,0.5906706604674581,0.5906781255311029
1,0.5753822143494653,0.5753737506350316
2,0.5622434082429699,0.5623622266455464
3,0.549369600842246,0.5494777146493784
4,0.5372784921156137,0.5375385859457715
5,0.5264015257920999,0.5265909909254981
6,0.5165562567164415,0.5162410191237157
7,0.5073844437596814,0.5069718621338254
8,0.4987894527027617,0.49817362321168923
9,0.489823596624633,0.49047234830517755
10,0.4813809717355723,0.48215450007605337
11,0.4747982058782331,0.4761740911119389
12,0.4684581314552384,0.47043152699522606
13,0.4626799982817261,0.46475940000158555
14,0.45649974879228006,0.4586500508161382
15,0.45014720172733474,0.45337138429298895
16,0.44440907746856845,0.4484464148690234
17,0.4391137831244245,0.44332276451907304
18,0.4335585128130201,0.43847573561133313
19,0.4284564205566766,0.4337749448498524
20,0.42446063986584187,0.43009371123283124
21,0.41989894803342376,0.4260399224978336
22,0.4157126028417268,0.4221990609092059
23,0.41112012037027257,0.4182185926645728
24,0.4067363109516393,0.4143308651186859
25,0.40335952927390134,0.4116491879879422
26,0.3998429777661742,0.40861934950980316
27,0.3965819963331047,0.4056884758359389
28,0.39343307704577113,0.4028159910304307
29,0.39006886020328674,0.39946301797147776
30,0.3862213638056322,0.3963714127744203
31,0.3834570108760016,0.39406736598321435
32,0.38012838145514,0.39156515502704764
33,0.37709394990213757,0.3896481853566672
34,0.37447001258670354,0.3883783821656545
35,0.37158799728529907,0.3856681032548358
36,0.3689280319871043,0.3837561734102097
37,0.3665884915255482,0.3820487899112015
38,0.3637218405516887,0.37975121979058796
39,0.361429777432086,0.3782547216903133
40,0.3591406386625924,0.3766249357366633
41,0.35695118103699025,0.37497561400554624
42,0.35479658411832876,0.3734979711273221
43,0.3523784896619257,0.3718018040889661
44,0.3506330559754049,0.37077229028306863
45,0.34860303774309537,0.36937694771302254
46,0.3470830843509398,0.3679232190750621
47,0.34540263884396716,0.3664397240062397
48,0.3437925778830765,0.3648040776604337
49,0.3415723955006643,0.36302076393318505
50,0.3402701544565911,0.3618182341985279
51,0.3387238413561714,0.3604612331116034
52,0.3369424175716213,0.3590094456643369
53,0.3352523542143199,0.357610032742967
54,0.3330686485044693,0.3558627484845369
55,0.3320035179057058,0.35490751893156924
56,0.33076100681288856,0.35403505663545626
57,0.32909236406444436,0.3526942954244242
58,0.3274407271922064,0.3513350250992957
59,0.32587731839972867,0.3500836858527722
60,0.3247513133789192,0.34928295355523237
61,0.32327896566852937,0.3481723624239967
62,0.32169457208823116,0.3470142676486692
63,0.320718907263858,0.34627430297826467
64,0.3192503868373491,0.34510904179503094
65,0.31814292129355815,0.34399228399506626
66,0.31720708744558324,0.34335858764380306
67,0.3162572666954574,0.3429614583616697
68,0.3153374560828581,0.3422472370416666
69,0.3144826029450708,0.3413878946556768
70,0.3131263653394126,0.3405319571813204
71,0.31231155224849366,0.33976382225411533
72,0.31096721969652197,0.33876388165970306
73,0.3100729565119252,0.3377526260194736
74,0.3092664581681189,0.33695551427312437
75,0.3083993464658374,0.3363851821947151
76,0.30739185463351265,0.335612616560014
77,0.30644337594766297,0.33493813350352775
78,0.30563444848978805,0.33432522045805413
79,0.30483235017821353,0.3337475246959759
80,0.30414564773599473,0.33318981352930865
81,0.3033009349151813,0.3328058169257588
82,0.30266696528832493,0.33243747708473687
83,0.3021333812968863,0.3317189123666482
84,0.3012179197428546,0.3309198466740926
85,0.2998413537562574,0.33013534880138734
86,0.298997271041887,0.32944356245770234
87,0.2983329813785875,0.32899975666060466
88,0.2976474574528152,0.328509014682491
89,0.2969086047230501,0.327874523605097
90,0.29608534129120473,0.32762187501080814
91,0.2952900746782216,0.32746121490072705
92,0.2946373831664832,0.32706729258302425
93,0.29370189723074214,0.3263936804953404
94,0.2929683539249523,0.3260601205213038
95,0.2924078850453497,0.3254269637026877
96,0.2912405376108181,0.32437567003515233
97,0.2906667813260931,0.32378695595754237
98,0.29011084156368516,0.32347160626975996
99,0.289071303879949,0.32231939026148104
100,0.2885581695967057,0.32198710242783896
101,0.28796779244873594,0.321554944596171
102,0.28723188970854996,0.32077344433730975
103,0.2864365562554222,0.3202231448373083
104,0.2855276479583529,0.31969062324942576
105,0.28467162309604394,0.3194467390960502
106,0.2841933004147352,0.3188993847931716
107,0.28358084203822015,0.3186311874642243
108,0.28287487184184346,0.31818020912747397
109,0.2823319657411318,0.3177378806909833
110,0.28158802990964676,0.3173885781710085
111,0.2807497973316785,0.3168471438186881
112,0.27988390183630846,0.3164843215043874
113,0.27933679816507584,0.3160749729334302
114,0.27863142558592985,0.31580927036517664
115,0.27811878891340297,0.3154032049143859
116,0.277321489028048,0.3148649051792868
117,0.27688674199798907,0.31457870205551713
118,0.2760369738740585,0.31393172546607084
119,0.2750568807706503,0.31373330932055055
120,0.2743522362466249,0.3133047712243568
121,0.2734388755264396,0.31272924649728
122,0.2729950653528321,0.31239762664666215
123,0.27248816005492443,0.31199362810493964
124,0.2720025593365411,0.31162824634695657
125,0.27127525687813464,0.311316583509064
126,0.27063411999256093,0.3108713130624789
127,0.27017010141511894,0.3104722632396718
128,0.269603263310855,0.3099500973252977
129,0.26922574715269304,0.30965685859496417
130,0.26872644109060784,0.3091610456357202
131,0.2680558054207246,0.3086354916299348
132,0.2676053736173865,0.3085558879408382
133,0.26727772857078014,0.30828619921115685
134,0.2668079080246065,0.30798568357292716
135,0.2663756923917482,0.30756414043157554
136,0.2659126419371893,0.3073504002258004
137,0.2653788875824066,0.3069478380979365
138,0.26498180836705554,0.3069666163550085
139,0.2645419378331759,0.3068652803729387
140,0.2638589459734358,0.30629173127329484
141,0.26343995250015895,0.30592645122646517
142,0.2631215383658319,0.30572730791500685
143,0.26256121770967455,0.30520917392357105
144,0.26203684847356035,0.3048810118248884
145,0.26170102383262406,0.30481519220099074
146,0.2612837259039035,0.30465135442753355
147,0.2607204882917879,0.30443806607135626
148,0.26035773446716354,0.3040470053574076
149,0.2599321166906799,0.3038064404857801
150,0.25961978841288075,0.30373971725054744
151,0.2588725216360173,0.30312950225859553
152,0.2584669072257768,0.30304021514626633
153,0.25809399165867136,0.30294067552451936
154,0.25750631052373485,0.3022675836142504
155,0.25716673190720973,0.3022036413720401
156,0.25658347397887266,0.3018671442331911
157,0.25614390090715694,0.3016358207330448
158,0.255880717783639,0.3016496402254955
159,0.25553949275531607,0.3016317191079644
160,0.25517195066472276,0.3013949951697085
161,0.25451232303479265,0.30094687500737366
162,0.2540250874004438,0.3010803221973712
163,0.2536274511814589,0.30092929213473346
164,0.25278371669986194,0.3000954361660212
165,0.25252403290805864,0.29996092695199034
166,0.2522126015732243,0.2998085234012703
167,0.25186575236430786,0.2998957814724585
168,0.2514878779167306,0.2998140406061441
169,0.250956378477876,0.299435174321088
170,0.2504631605911431,0.29930779852653744
171,0.2500952704727968,0.29905457337051183
172,0.2496306934274376,0.29888442466766113
173,0.24913986730138368,0.2984271089628694
174,0.2487901938899469,0.29845488414745464
175,0.24839570597269756,0.29840501577823675
176,0.2479951946256321,0.29826446844758736
177,0.24759359178469806,0.29826658078152113
178,0.24703063993597496,0.29801561132206583
179,0.24657573486692871,0.2977041587642327
180,0.2462408462956063,0.29767539311485236
181,0.2459849583386065,0.29740671468519464
182,0.24568937981532674,0.2973490493749421
183,0.24536573392405425,0.29731394697531927
184,0.24503337817860021,0.2970991723564044
185,0.24473621016451527,0.2969337209986103
186,0.24423022692070717,0.2968489120190902
187,0.24391799423645194,0.29673284258510335
188,0.24363597247461405,0.2966861774147948
189,0.2432151125930851,0.2964639406606866
190,0.24284529292885226,0.29610012182336976
191,0.24255367615490298,0.2961640915183245
192,0.24220538047321097,0.2962644481259216
193,0.24178194889506435,0.2962005675313467
194,0.24138173071826202,0.2960267447752743
195,0.24086117990435682,0.29591365635872274
196,0.24054795498539966,0.29572789599266286
197,0.2402378961042417,0.2955956020644036
198,0.2399418253119945,0.29540301085280507
199,0.2396794539018966,0.29541375939785147
200,0.2393398118587657,0.29540091491782483
201,0.23908483544605091,0.2953674500172749
202,0.2388677863845417,0.29537540995733225
203,0.23858590465168988,0.29524147592655126
204,0.23832031123412747,0.2948667819684791
205,0.23790298870005877,0.29457483065935164
206,0.2376460887615201,0.2943827605971839
207,0.23728351561590355,0.2939763307047022
208,0.23697848861175816,0.293901832887113
209,0.23671495681096666,0.2936538101780638
210,0.23642155770936285,0.29358492076143533
211,0.2360715627010476,0.29349573720856953
212,0.23581439454045108,0.29310295021239124
213,0.23541849259118755,0.2932341037315336
214,0.2350155881934214,0.29307171570409046
215,0.2345958078949154,0.29310395565464753
216,0.23420517382262632,0.29270590778695493
217,0.23380187412098083,0.2926271919511599
218,0.2334436299375309,0.292482218513674
219,0.23321086399709084,0.2923215188630769
220,0.2328700759332014,0.29211665473438153
221,0.23266352147237668,0.2920542262807163
222,0.2324783962595998,0.29191779752438585
223,0.23206490234719085,0.2918879774513783
224,0.23175812797317466,0.29207338061592475
225,0.2315510971950858,0.29201217973743526
226,0.23133411407616403,0.29189949019191475
227,0.23113060409345634,0.2916450438296835
228,0.23088519006869487,0.2916103260810815
229,0.23054334545773525,0.2914524917965228
230,0.23028156023471621,0.29140851263913153
231,0.22999544434114338,0.2914072357158823
232,0.22961200940831367,0.2913312631480714
233,0.22922691038358972,0.29116292692380547
234,0.228907695316127,0.2910679015261607
235,0.22869906647522617,0.2910614176449859
236,0.22841969426112632,0.29077474539775805
237,0.2281395247450544,0.29059915094661354
238,0.2278809178101261,0.29054153187093146
239,0.2277176447334344,0.29039703333535805
240,0.22748835494109043,0.29020789718484763
241,0.2271320457947918,0.2901395500129849
242,0.22689690330080356,0.2900626981448726
243,0.22661984971774637,0.28990527637794894
244,0.2264041052895906,0.28959199886301085
245,0.2261970951486687,0.2895269588532172
246,0.22590688317612892,0.289596046111847
247,0.22555927902833367,0.28963275513146536
248,0.2253391856021452,0.28975433074497425
249,0.22512438940358406,0.28975160574436915
250,0.22493884422989094,0.2898857487835427
251,0.2244368589737945,0.28967543201018847
252,0.2240309635107758,0.28932420847439894
253,0.22379010628027968,0.28912836036879785
254,0.22359869833222723,0.2890981771727023
255,0.22331734532914752,0.28890756372285614
256,0.22296331435900346,0.28878529843330464
257,0.22269907702695554,0.28832507686635855
258,0.22250484388516137,0.2881464117360158
259,0.22226294915252884,0.288087667307059
260,0.22202109831989159,0.288043225842344
261,0.22182413665312967,0.28790544013815533
262,0.2214668034936082,0.2879406231880473
263,0.2212246581976218,0.28780696626272617
264,0.2208839271498346,0.28765042638706734
265,0.2207321685395195,0.2874444314783167
266,0.22053335442937178,0.2874230386674508
267,0.22034137338617973,0.28722848898181813
268,0.22013025297402877,0.2872756001596869
269,0.21991086236040724,0.2872161628676591
270,0.2195032398488862,0.2872079218691076
271,0.21932726613417505,0.2871141969099134
272,0.21901606622288247,0.2869683352831747
273,0.21879507013188865,0.2868148548535026
274,0.2182520335736292,0.28681741879171807
275,0.21797294901574768,0.2869495522282193
276,0.21772234165549106,0.286770151950726
277,0.21751300721904085,0.28657013224877137
278,0.21728130053956157,0.28646989412885066
279,0.21708932983972778,0.28627790134102327
280,0.21686727497008587,0.28596621429383046
281,0.21659572613567785,0.28572411550270893
282,0.2163988751819973,0.28563790522860744
283,0.21602106808786756,0.2854899552007055
284,0.2156542100803013,0.28554666958945363
285,0.21540597963344832,0.2854453170514372
286,0.21515214141995512,0.2854960986513408
287,0.2149672076558319,0.28547194944888854
288,0.21468815536103886,0.2852838750125872
289,0.21433319999201086,0.28526560775611953
290,0.2141509039638213,0.285057496383986
291,0.21388193746859419,0.2850082734118326
292,0.21368515038087377,0.2848468931752989
293,0.21335859871332988,0.2843224420383306
294,0.2131734173981968,0.2843307227256052
295,0.2129054035806299,0.28422534325652105
296,0.21263758603189495,0.2840714154119003
297,0.2124079816782977,0.28398320310709346
298,0.2121696890513814,0.28417059189483684
299,0.21195831554260744,0.284137777536978
300,0.21177060668605793,0.28392979820224695
301,0.21150161438166673,0.2836866771019422
302,0.21128579197513453,0.2836474192607593
303,0.21106529749512695,0.28364237291759664
304,0.2108148329172363,0.28346016305492305
305,0.210494222489135,0.283449535263201
306,0.2102493141455308,0.2833533456466737
307,0.2099961482513643,0.28326225302010116
308,0.20976293654396608,0.2832535739064165
309,0.2095295139968276,0.28336892071038544
310,0.20923720131035473,0.28355648028923247
311,0.20900336844202058,0.28351713970299836
312,0.2086627017864474,0.2830658104296592
313,0.20839079168774577,0.2828761261879525
314,0.20805325453383106,0.28300000472912656
315,0.20785956589346888,0.28284606831439596
316,0.20767886869856583,0.2828370504351305
317,0.2074434098376293,0.2828181730155568
318,0.20719295408261507,0.28267116401027315
319,0.20701522072045184,0.282323345389354
320,0.20680510306096955,0.28219753749508597
321,0.2066718498462853,0.28200517914557593
322,0.20639728233430962,0.28214369687555096
323,0.2062397492155183,0.28224842392346083
324,0.2060900025007502,0.282282018336461
325,0.20591550888055402,0.2821708546530376
326,0.20573125432134656,0.2820619887319997
327,0.20543039357862064,0.2822184826200227
328,0.2052153332174187,0.28205867158353065
329,0.20505046726696827,0.2820865438672804
330,0.20490631908395723,0.2819992325944057
331,0.2046538971032395,0.2819517540378735
332,0.20449009812034588,0.28178838961477953
333,0.20423000057270463,0.281823592143371
334,0.20389849751163666,0.2819680842836161
335,0.20353575624899742,0.28188341526987903
336,0.2031842151395759,0.281989818249178
337,0.20293609077677036,0.2819788580031579
338,0.2028013023982962,0.2819020616039985
339,0.20264667649826243,0.28177906267792113
340,0.2024982958066624,0.2816522837715462
341,0.20228089613689426,0.2813999206205745
342,0.2021054488430755,0.281557886809242
343,0.20187773223281108,0.28130198844043536
344,0.2017224168465992,0.28125427742077125
345,0.2014333237613465,0.2811331503857861
346,0.20122159950445337,0.28095877090678945
347,0.20089705990958007,0.2805035823811393
348,0.20067187738687522,0.28049888058813877
349,0.2005238345785618,0.28059330261823406
350,0.20032094541468445,0.2806958254845674
351,0.20018826803606007,0.2806351873955468
352,0.20004815942889853,0.28071020687816994
353,0.1998266127826736,0.2806772923372388
354,0.1996800697903013,0.28054844548215013
355,0.19946572496854661,0.28047191795475446
356,0.1992264841571043,0.2806207151621554
357,0.19908182892026433,0.2803925026402149
358,0.19893230636642173,0.28033725291852635
359,0.19875910657076182,0.2802074616363359
360,0.19846297500011895,0.2801680185877401
361,0.1983273010677236,0.280048332759526
362,0.19819518027725733,0.2801130742115332
363,0.19801268509014663,0.27986194985264834
364,0.19782410164026376,0.2798053209697402
365,0.19754264083029394,0.2795834344543069
366,0.19739798916437182,0.2796270170777596
367,0.197150667577747,0.27958484362790503
368,0.1969866132398252,0.27951392455661417
369,0.19680644564585784,0.27959702695965444
370,0.1966283023083337,0.2792802126498989
371,0.19646790861005256,0.27933072063217795
372,0.1963385604618849,0.27915631023976883
373,0.19615377758231026,0.2790017583707575
374,0.1959305762532492,0.27896703054962907
375,0.19572582061861918,0.2788175990849654
376,0.1955880523334471,0.27883067549899493
377,0.19546962763332681,0.27890117362149935
378,0.19535249158493626,0.278922632950716
379,0.19503255986931994,0.27898577559249643
380,0.19490508772050052,0.27884010668536935
381,0.19470570019175382,0.2787207017311421
382,0.19454427347296485,0.2787482384788825
383,0.19438695017664562,0.2788087906284247
384,0.19421169127510857,0.27859048142057197
385,0.19399397707160823,0.27863054786107755
386,0.19379061807887912,0.27855512566583335
387,0.19360851535782553,0.2786430949919793
388,0.19346999085002617,0.27843423071317375
389,0.19324013870640194,0.27823140418070047
390,0.19304642486144324,0.27808412414783096
391,0.19289455414369358,0.2780985370454773
392,0.19277567851947708,0.2780562820362275
393,0.19253650445538253,0.278182984545481
394,0.19234895932974155,0.27799221559898424
395,0.19220073541410906,0.27778148717423135
396,0.19201703883362584,0.27782962447154413
397,0.19190279546919156,0.2778841278408474
398,0.19169744372517952,0.2779144045048048
399,0.19151574633469765,0.2778966260456379
400,0.19139165800968605,0.2778883543182969
401,0.19128578534506022,0.2777687463111243
402,0.19111420601922746,0.27782862836690647
403,0.19094191138472558,0.2778109722773525
404,0.19053639097978517,0.2776562516078586
405,0.19040949305967314,0.2776430669171752
406,0.190226868960965,0.2776588923197245
407,0.19008207205029193,0.2775484920387335
408,0.18991380165097946,0.2774293591515064
409,0.18967203000134406,0.2774819224027088
410,0.18942842589836867,0.2772473940156889
411,0.18931914836564684,0.27715225558211914
412,0.18906887794200375,0.2769238117779628
413,0.1888896103504375,0.27673510445594923
414,0.18874524276735857,0.2767776907204309
415,0.18853800042169522,0.2769171084896287
416,0.1883940437615465,0.2769252131483818
417,0.18825132373117603,0.2768760207773888
418,0.18808229170432178,0.27668832848426567
419,0.18796107425370726,0.27654334542893205
420,0.1877571129203266,0.276494326746131
421,0.1876355106169048,0.2765641182894812
422,0.1874689994461285,0.2765889147732614
423,0.18732249023726866,0.2768526574337343
424,0.18713398091541292,0.2768108044062439
425,0.18698944498155556,0.2767345658030644
426,0.18685356760099794,0.27652465709466156
427,0.18672991410973325,0.2765240310821932
428,0.18650712923617765,0.27634030866472264
429,0.18635150221363658,0.276432422519446
430,0.18618634354441907,0.27653280428731897
431,0.18606904628624743,0.27637276810845
432,0.18588377007499277,0.2763324280511292
433,0.18569880024914942,0.27637886502544184
434,0.18553368313812035,0.2764052446855763
435,0.18543901604061738,0.27630270729333906
436,0.18531034951924935,0.27629334239132863
437,0.1851867248778522,0.27611767958034417
438,0.18505194146785794,0.27616153374132113
439,0.18491161967992994,0.2761436010375175
440,0.18473282889068693,0.2761751328764461
441,0.18454902549173086,0.27620322902373834
442,0.18439691250698967,0.2762336125826258
443,0.1842330123569265,0.2761929734137655
444,0.18408065338056837,0.27612608763887087
445,0.18387936642318886,0.27592167457018385
446,0.1836828097166204,0.27580075069785426
447,0.18348365161015306,0.27551581132026387
448,0.1833138930465786,0.2755714400114548
449,0.18317478370601495,0.2753028021911492
450,0.18292389821874264,0.2754155525773747
451,0.18268279199555992,0.27548983801919746
452,0.18239900108869345,0.2753712926605622
453,0.18218409044649925,0.2754584127270511
454,0.18206753219935284,0.27552987609708096
455,0.1818978591189103,0.27546571872161024
456,0.1817152520966705,0.2752268682155955
457,0.18153776071378502,0.2753214084722708
458,0.18133876701129295,0.2751784102395043
459,0.18122407267504861,0.2751733373147468
460,0.1811197027164386,0.2749968690738381
461,0.18101232243947077,0.2749195970812685
462,0.1808747243918321,0.27480655578806695
463,0.18076153710332848,0.2747175987734637
464,0.1805294559493508,0.27472505790457524
465,0.1804445571492788,0.2747789483459952
466,0.1802771006413386,0.2749382081733371
467,0.18014018728336154,0.27476571172182407
468,0.18002142486593398,0.27500908419286624
469,0.17987132026030037,0.2750724418493531
470,0.17972563680728884,0.2752345093598084
471,0.17956901634017353,0.2750732629960972
472,0.17943991091245923,0.27486867195115744
473,0.17930875586671652,0.2749536289957069
474,0.1791984602351877,0.2749299291518883
475,0.17905924808925647,0.27496659162959736
476,0.17887277020037007,0.2749052714878303
477,0.17869754975899207,0.27482808092997485
478,0.17848059542811662,0.2749293640704711
479,0.17839165912257812,0.2749942747039985
480,0.17827698381004858,0.2749804657095624
481,0.1780279786165259,0.2747955842188938
482,0.177883228664764,0.27456684450982155
483,0.17777608401065859,0.27444380325556095
484,0.17768502059520522,0.2744235703477714
485,0.177541909908332,0.27426482204287966
486,0.17744965305493376,0.2742602190270658
487,0.1773013639179135,0.2743710858312453
488,0.1772306904749676,0.27443529273923895
489,0.17702147053629644,0.27423158758900257
490,0.176868047996554,0.27407610650601366
491,0.17677881629705205,0.2738903234533012
492,0.1765688882147178,0.2741086475849161
493,0.17629859332538558,0.2742441208294871
494,0.17616406021742503,0.2743201764832716
495,0.17603806807730507,0.2742330114115094
496,0.17588720066669294,0.27433980586807927
497,0.17564603804540363,0.27415520061698095
498,0.1755432795684878,0.27433704225319394
499,0.1753854826327314,0.27433491930009035
500,0.17526376915529351,0.2746005691374054
501,0.17514957847733487,0.2745474506715912
502,0.17506119453149385,0.2745132074750199
503,0.17491128996597627,0.27424589993693205
504,0.1748309264563343,0.27428824662214957
505,0.17460664464023196,0.2743166058388208
506,0.17450676546269034,0.27417918436054434
507,0.17440678458646386,0.27424318121917046
508,0.1742304619062739,0.27404460055406077
509,0.17412305788284974,0.27390432048333735
510,0.17403223523769798,0.2738144617379632
511,0.1739263969009354,0.27377890671319915
512,0.17371914016076465,0.2738338774684012
513,0.17361353997088277,0.27373330586609756
514,0.17352332664099596,0.2736026235925942
515,0.1733862170521007,0.273456625414209
516,0.17325841250833965,0.27367885951590915
517,0.1731082101172036,0.2735207849482764
518,0.17296080185982846,0.2733711732561051
519,0.17280074044475682,0.2734358191052373
520,0.1725896713425939,0.2733246739604626
521,0.17248824507804383,0.2732841856667264
522,0.17239135938104744,0.27333570786304645
523,0.17229709176379096,0.2732714905038008
524,0.17216222481507815,0.2733167132511624
525,0.17202094710752416,0.2732079929396808
526,0.17184232918050746,0.2735452967979242
527,0.17161611955137812,0.273440553849612
528,0.17147098903126573,0.2734390149118893
529,0.1713376304892915,0.2734012193368589
530,0.17119475339578896,0.2733166221379073
531,0.17105909284018478,0.27314526015856094
532,0.17090937508862078,0.2730339739516529
533,0.17073033695074324,0.2730185805163633
534,0.17062482202433057,0.2729506102780642
535,0.17049230558211217,0.27274658354235093
536,0.17039905626761354,0.2728480166493653
537,0.17028304414500683,0.27302750080357774
538,0.17016078021685724,0.27284521344084295
539,0.17005541287562914,0.27280151828001653
540,0.16983735870696795,0.2728806451265793
541,0.16969752181095604,0.272748056332356
542,0.16960432374163217,0.2727780149543363
543,0.16951616469766104,0.2726899816345029
544,0.16942721180311263,0.27272349850362715
545,0.16926040924709848,0.27275082269976425
546,0.1691434836550899,0.27265907876646006
547,0.16903710764423333,0.27271421183138356
548,0.16891626236033594,0.27250374151078627
549,0.16878794243750386,0.27247813793264336
550,0.16871402033438804,0.2723456942680377
551,0.16861341254783518,0.27241061528917593
552,0.1684948570705381,0.2723495469662354
553,0.1682615122030336,0.27211480741239963
554,0.1682036013391816,0.27204374653585955
555,0.16808410015065656,0.27222495479353165
556,0.16796063135906455,0.27243608189752516
557,0.16786764958010003,0.2724822848533417
558,0.1676679411156601,0.27231452051743676
559,0.16758102712082162,0.27216812059619205
560,0.16746372943965793,0.27217429630103906
561,0.16734631369846995,0.2721272205490348
562,0.1672668661940718,0.27200746525752073
563,0.1671857359638406,0.2720265059388897
564,0.16704763383384014,0.2718830583407844
565,0.16687189955973172,0.27206244514673017
566,0.1667608089689482,0.2718731004834594
567,0.16655869827562883,0.2718855287502136
568,0.16645031981501182,0.27192384433647515
569,0.1663548129734938,0.27200559678923547
570,0.1661022349197524,0.27187018797141216
571,0.16596781670450708,0.2719187557254756
572,0.16586808167013606,0.2720121571768372
573,0.16577123692514167,0.27200515380778
574,0.16566912819844629,0.27196268403890855
575,0.16551528410685531,0.2720587516120055
576,0.16534208559015948,0.27175585521564727
577,0.16524827592055502,0.2717433014738118
578,0.16510330815482985,0.2717996855598066
579,0.16496614403070442,0.27192594315331264
580,0.16485047320405594,0.27192643534977895
581,0.16472138708221976,0.2720421393255217
582,0.1645428170999586,0.27198086606597927
583,0.16442924002400544,0.27201193972240906
584,0.16433672317917333,0.272071432688157
585,0.16425888926093576,0.27194717408592795
586,0.16416076207458027,0.27212940672138064
587,0.16403074590492736,0.2721244112610777
588,0.16395867961214988,0.27208898925977826
589,0.1638055973418323,0.27211257541553807
590,0.1636745282919751,0.2721405002332913
591,0.16352996318195773,0.27214984881048054
592,0.16335119485633315,0.27215551072185373
593,0.16329230523280217,0.27227323057528013
594,0.1632133894790338,0.2723382267081736
595,0.16311971674368156,0.27227705491851467
596,0.16295036556175083,0.27233163954455647
597,0.16282729602837206,0.27212426559418085
598,0.1627354382917368,0.272292379352524
599,0.16263453748601212,0.2721816675415017
600,0.1625020855699851,0.2720889107609672
601,0.16239464723351343,0.2721884778436667
602,0.16230175207474662,0.27216894423557664
603,0.16213827895588637,0.27214838353345444
604,0.1620486515280676,0.2720785229605005
605,0.16195533385321714,0.27210810135021324
606,0.16183850892421045,0.27210200033229803
607,0.16169930391842377,0.27200434700792375
608,0.16150862602289498,0.272038147522257
609,0.16131922376268054,0.2719292982375409
610,0.16122258968037506,0.271921372990868
611,0.1609358435388873,0.27201001283712917
612,0.16084239047478818,0.2720397989361689
613,0.16070421972047055,0.27193568095270276
614,0.16059597286891425,0.27192621748619195
615,0.16046297093389802,0.27190978001485705
616,0.16039975960412434,0.2719399519001694
617,0.1603295469082908,0.27200255311495264
618,0.16025826582542566,0.2719508854589597
619,0.16013123463638781,0.27186460021610764
620,0.16000716016438757,0.2717740955637595
621,0.1597581822611877,0.27175848898444327
622,0.15965584484191903,0.271831719652468
623,0.15954193910380193,0.2715794389292088
624,0.159384925745874,0.2713875410389726
625,0.15922354739606853,0.2711689640518626
626,0.15911294826335629,0.27104950343963763
627,0.15898931362624244,0.2710654488857188
628,0.15882815861717212,0.2709949554308098
629,0.15869983700045662,0.2710936001026027
630,0.15858224763414905,0.2712829103408686
631,0.1584348454623003,0.271203082708259
632,0.15833999114741565,0.2712391798022987
633,0.15821784696289673,0.2713676768818594
634,0.15810638393743415,0.2713223439056619
635,0.1580056582110738,0.2712717502891045
636,0.15785809205890675,0.27127451796829494
637,0.15768010349433156,0.2710922549577495
638,0.15760390794350493,0.2710169947627782
639,0.1574204272706805,0.2709480803235896
640,0.15728910916208033,0.27077661206396186
641,0.15715769257838966,0.2708758879341384
642,0.15704847562820712,0.2709813667941619
643,0.15691007843756768,0.2710660648945619
644,0.15680993638757315,0.2711443577450827
645,0.15671864410655686,0.27104613095978686
646,0.1566342183983624,0.27086772323398073
647,0.15650790777078338,0.2707158454701715
648,0.15636264287240287,0.2706142015997487
649,0.1562590924266925,0.27070328258282583
650,0.15611347348619858,0.27065391505931646
651,0.15593350802260503,0.27062433837988004
652,0.15587606567966697,0.27054580046045373
653,0.1557271370124817,0.27062945111931347
654,0.15565576855378166,0.27050545299535544
655,0.15552339323790898,0.2703867247995787
656,0.15545122460214406,0.2704344033287901
657,0.15525087110182723,0.2703667825590849
658,0.15514997729997873,0.27029660664430716
659,0.15505190273067465,0.2702603602389467
660,0.15496689058508809,0.2702095250082847
661,0.15483880270753708,0.2703197681098053
662,0.15476979286505196,0.2704424233090959
663,0.15469469080083542,0.27056105910870804
664,0.15462555621158544,0.27053906867351585
665,0.15456153998116703,0.2705375838654207
666,0.15443820511595688,0.2704914074156793
667,0.15432977815823304,0.2704942482084895
668,0.1542010416640005,0.2703793849397216
669,0.15410587807064502,0.2703738708670788
670,0.15399715096508157,0.27042491710571387
671,0.15391324439945128,0.27039405447162124
672,0.15380606082556741,0.270537449678063
673,0.15370693131835966,0.27041883440217157
674,0.15356507457606355,0.27040883628341095
675,0.15351137937112816,0.2705261305460044
676,0.15337439870917366,0.2706977450175249
677,0.15323779865813045,0.2707299267215196
678,0.153106633835228,0.2708812384776468
679,0.15299084473981997,0.2709688546780583
680,0.15293341414723366,0.27084315571870515
681,0.15287135307025662,0.27093298586582315
682,0.1527632687453448,0.2708510393555421
683,0.1526863768921608,0.2708660252987952
684,0.15262392770500235,0.270922923723202
685,0.15246814772424128,0.27086568904862934
686,0.1523472971224952,0.27062466805440105
687,0.15228912264883063,0.2706192829525362
688,0.1521796652101485,0.27060833795981337
689,0.15208435861845016,0.27054398027458504
690,0.15194022752828423,0.2703816497106754
691,0.15178694177292415,0.2703279301951558
692,0.15164433808775024,0.2703524855743942
693,0.1514968787226323,0.2702653590272596
694,0.15140051467407098,0.2703160941311206
695,0.15131563307629242,0.27018675755356464
696,0.1512246157865438,0.2700554337379393
697,0.15111538209264647,0.26998597390932616
698,0.15100674881207957,0.27002601484678385
699,0.15086130990029956,0.27029246599659695
700,0.1507194241114628,0.2704989607066708
701,0.15062988748287573,0.27055271077670373
702,0.15051931896049842,0.2704973762557884
703,0.15044080756034678,0.2705961404369842
704,0.15034922849357474,0.2705605414996845
705,0.15022766550061073,0.27043001167799874
706,0.15012834413062495,0.27050807344997274
707,0.15002907917110425,0.27045176275169974
708,0.14989818823832277,0.27035757548099104
709,0.14978414732939835,0.2702796903718402
710,0.1496686868932923,0.2702969691171977
711,0.14957566097332795,0.27030929074506044
712,0.14946147837793738,0.2701443928692898
713,0.1494104666339947,0.27004789635321713
714,0.14932278888774309,0.26997009470509487
715,0.1491363772100493,0.2697583766704249
716,0.14903638545241593,0.2697863604552843
717,0.14895370605647476,0.2696264545879347
718,0.14878017755058295,0.26943956031586
719,0.14866795888628975,0.2693335644318953
720,0.14856671648892145,0.26940099636878095
721,0.14849243210550864,0.26934439605777083
722,0.1484085520736245,0.2694230547650299
723,0.14829688503028873,0.26951286085203724
724,0.1482290922193646,0.26948823112508424
725,0.1480757936299452,0.2693602442379547
726,0.14797951896896053,0.2693174241277791
727,0.1479222737758542,0.2693820929467988
728,0.14785517597211997,0.2695399326605948
729,0.1476762511284585,0.26944813241686993
730,0.1475888380625591,0.2694826930290647
731,0.1475224531871302,0.26949110161833895
732,0.1474306302449084,0.26963758403559046
733,0.14732148137381776,0.2695282360717972
734,0.14726835091181525,0.26946399602763305
735,0.14714544919302366,0.26913150974809236
736,0.14704965890553545,0.26895031966950517
737,0.14694999044367238,0.26908691787501277
738,0.1468754950664866,0.26903893005205415
739,0.14679908135752415,0.26895448554909474
740,0.1466988485294302,0.2688813621339309
741,0.14660302352324042,0.26898144506867266
742,0.14655319491898197,0.2690766668156998
743,0.1464254148243176,0.26907769691804784
744,0.14633335723113655,0.2691871097252332
745,0.1462433045593878,0.26899116638210124
746,0.14618849975091144,0.26900458369692687
747,0.14608816477372794,0.26903379655271686
748,0.1460302713891292,0.2690897488526501
749,0.14588120707008873,0.26905507668310324
750,0.14578924838398086,0.26926911242392704
751,0.14570905599722647,0.26919207374123166
752,0.14559810609899562,0.26922537901443916
753,0.14551935421075635,0.2693023190882703
754,0.14540709519392273,0.2693878411340208
755,0.14531562891299285,0.26939160834059805
756,0.14522794825904667,0.26932381924274784
757,0.14510553808162674,0.26899431784344613
758,0.1450319381681586,0.26907493511768665
759,0.14495995085958865,0.2690452199398262
760,0.1448890459421747,0.2690619632465525
761,0.14477882512626997,0.2690607292382886
762,0.14467719263277953,0.26878430309228907
763,0.14459938934756658,0.2688336971936505
764,0.14451300096062836,0.2687709895091076
765,0.14445810907720966,0.26872548753618625
766,0.14432756856897952,0.2687472236205619
767,0.144260415822482,0.2688117583803733
768,0.14419002261967995,0.26884172037017545
769,0.14407829369485406,0.268947869777077
770,0.1439821238481204,0.26902961574128714
771,0.1439162224897353,0.2689758399499131
772,0.14379750747926398,0.2693279944484388
773,0.1436982221433038,0.2691509188512963
774,0.1435932199737266,0.2690604835465409
775,0.14347385605607024,0.2690434219594432
776,0.14340218692796708,0.26899741173767455
777,0.14333245039347145,0.2692522614740827
778,0.1432679064899299,0.26923555351150186
779,0.1432062131916153,0.26918503021854157
780,0.1430920630150263,0.2692065177422457
781,0.14292580564290258,0.26906278764376385
782,0.1428536782495131,0.2691307780543989
783,0.14278212873970691,0.2692027578086203
784,0.14269762884876477,0.26912053652315115
785,0.142579848779619,0.2692177191184144
786,0.1424753216556413,0.26923309158880165
787,0.14238667384112477,0.2692604732929373
788,0.14230653243597732,0.269127090647808
789,0.14223521867003816,0.2689896104395624
790,0.14209777118696856,0.2691252963368486
791,0.1419752835477128,0.2693366131438865
792,0.14190205745668572,0.26938299547444244
793,0.14183909598311942,0.2693014137895634
794,0.14175114992396437,0.2693238548567324
795,0.14169776686128205,0.2692397714040295
796,0.14157326149409546,0.26936278176731976
797,0.14152908055011743,0.2693699683037328
798,0.14145696919805173,0.2694507461919847
799,0.1413874033558884,0.2694294376019105
800,0.14127084525193762,0.26946922452301453
801,0.14116208122035262,0.26963601706441953
802,0.141032196501713,0.2696632613881142
803,0.14095577110993673,0.2697694407461954
804,0.14084941698071596,0.26985840950566825
805,0.14079418844302777,0.2696577331447817
806,0.140719669047297,0.2696863758872843
807,0.14065487100029797,0.2697189791014052
808,0.14056836928373054,0.26966717487656927
809,0.14047246955633608,0.26954017735019675
810,0.14039499567611052,0.2694744199562857
811,0.14034869787826437,0.2695099540451211
812,0.14028325523508972,0.26954307846831116
813,0.14022867661707028,0.26948547820467167
814,0.14010908297142147,0.26934639920510084
815,0.1400129793988074,0.2692609372426621
