0,0.5905871794604379,0.591451223517507
1,0.5752057205911545,0.5783566701305553
2,0.5608480954995932,0.5646201765857207
3,0.5477503443353225,0.5526887625159611
4,0.5358258368671236,0.5418188339080773
5,0.5251320400372399,0.5323753088534945
6,0.5145804052645305,0.523084088774846
7,0.5046846224947683,0.5145602229219781
8,0.49532269326879347,0.5068414613574921
9,0.4866325207972065,0.4989341915424017
10,0.47880128371532055,0.4929503167777602
11,0.4716195374349911,0.48653905634318384
12,0.4644261116518934,0.4802099561863107
13,0.4584392198835904,0.47505988924214193
14,0.4518614787841447,0.46977093167025336
15,0.44562185116578357,0.4641224880578741
16,0.4394050549897028,0.4594955671556427
17,0.4337284432126666,0.45473803354660514
18,0.4289728452848287,0.45155704862791785
19,0.4243302829267666,0.44785556880012894
20,0.41971045611897906,0.44409656111395385
21,0.4152811649324818,0.44104785521035167
22,0.4106610415442343,0.4367078599588535
23,0.4062885149070381,0.43379440983649986
24,0.4018457499318853,0.4305787662166369
25,0.39759452849841104,0.4265333508209846
26,0.39421927055497513,0.42432742984317406
27,0.39085771757535925,0.4221098552759789
28,0.3872301832152218,0.4194886010532706
29,0.38402429893020956,0.4168918138484713
30,0.3809198393896148,0.4143681288965298
31,0.37773456951453466,0.4123599558150318
32,0.374808263952928,0.41062500839590077
33,0.37208295407655995,0.4086606127115533
34,0.36907158104301446,0.40650086050804995
35,0.36665272487784334,0.4056487533506413
36,0.364763929713018,0.40369059725351647
37,0.36176937924144936,0.4020447406703032
38,0.3589450637065429,0.3999676887042243
39,0.3568632601933274,0.39867249430410906
40,0.3551574723782108,0.3975713914982367
41,0.3530339497532751,0.39606216509139563
42,0.3512054583965963,0.3950205110754099
43,0.34876472656009305,0.39332885004091217
44,0.3471048111086776,0.3923899254819034
45,0.345447355064692,0.39094265271163364
46,0.3432853268894118,0.38974102898676755
47,0.34138288467201333,0.38879698177958816
48,0.33938109336093497,0.387710993728095
49,0.3381008715826607,0.3869437436067738
50,0.3361115804165898,0.38605325257268625
51,0.3348448359931874,0.38488107536425054
52,0.33335284088472833,0.3836865792713808
53,0.33186319872159825,0.38237744560520764
54,0.3298176683748165,0.3811329460256616
55,0.3287254566217605,0.38038336935177236
56,0.327343892632561,0.37997933407545564
57,0.3255008791786986,0.378881392148777
58,0.3240579417865083,0.37771589583004445
59,0.3222934141766202,0.37706771018224255
60,0.32118029476077753,0.37661817393989616
61,0.3195032434280899,0.3750092261628235
62,0.31809160162351635,0.37462937221982723
63,0.31703894939773014,0.3736852544839411
64,0.3158216283748217,0.37263701482126066
65,0.31473287031731484,0.37162753735589343
66,0.3137323641307955,0.37068997394612013
67,0.3121464358052644,0.369259344850839
68,0.3106123549237574,0.3685053264533371
69,0.3096611616183202,0.36848084240129764
70,0.3087252011821377,0.3680849284670551
71,0.3077014675285286,0.3676634175965848
72,0.30686011292593407,0.36716225370949884
73,0.30575525052494035,0.36659136739657605
74,0.30476217118231536,0.36576516797792014
75,0.303805079497027,0.36501053090634983
76,0.3028093639996121,0.3645214530515298
77,0.30209325691786815,0.36400104782712567
78,0.3009885230074824,0.36322574969010785
79,0.30019737299958976,0.3629339785790941
80,0.2989667994446512,0.3621741750983014
81,0.2978746567370949,0.36144852277380274
82,0.297121156556874,0.3611589325684499
83,0.2961804077363099,0.3606922419660282
84,0.2951420013267499,0.36046818173333084
85,0.2941495226057988,0.3599501725167747
86,0.2933127670983535,0.35949208301345764
87,0.29263069875937886,0.35939023151408667
88,0.291932606021758,0.3590175666574159
89,0.29099209418810734,0.35864873905897615
90,0.2898335815398087,0.3577456502540122
91,0.2887702211131857,0.3574496629642356
92,0.28805418328873167,0.35716452665078946
93,0.2874519919390238,0.35656149526335906
94,0.28691336242602294,0.356485942319391
95,0.28631162632935586,0.3560602358944166
96,0.2855994050153332,0.3556817665688738
97,0.2849054516208947,0.3553416210339658
98,0.2840408259136149,0.355169728163178
99,0.28304324685915,0.35429076266069537
100,0.28246545705060144,0.35412666606892707
101,0.28181881640132334,0.35350593595504465
102,0.28084438007607937,0.352970191427538
103,0.28018182668466834,0.35250831994914983
104,0.27919402695885215,0.3520004925934624
105,0.2786453977461198,0.3520399586947461
106,0.2779367992584154,0.35201083623598634
107,0.2774991119949123,0.35174390447750004
108,0.27690105666309345,0.351607693398138
109,0.2763592993827627,0.35126860523466796
110,0.2752583355339042,0.35078778490424156
111,0.27459231496611913,0.350456972395405
112,0.27392207018549203,0.35017695413276584
113,0.27345750461491575,0.3499775515548944
114,0.27259297761464973,0.349656851266957
115,0.2718244897471713,0.3488758665872423
116,0.2712793490456837,0.3482661833931094
117,0.2705772446027782,0.348055305196413
118,0.27005152236378926,0.3481681775866413
119,0.26950901533271693,0.34826040955327053
120,0.2687576059143354,0.34855641515103447
121,0.26790572672619,0.3480644709019594
122,0.26742062529839405,0.34800148131899816
123,0.2667642841369927,0.34790552966481825
124,0.2662346567493857,0.34756848589974504
125,0.2654606388477644,0.3468649613987617
126,0.26486993719737645,0.34686309625496475
127,0.26441599044078534,0.34713725973787174
128,0.26395706211003106,0.34674760907755103
129,0.26340213017663044,0.346532577165508
130,0.26300454998547035,0.3464235693853252
131,0.2624725634077251,0.3459651397946652
132,0.26201227609444566,0.3455898471132187
133,0.2612352185878466,0.3452554442873502
134,0.26069407191269967,0.3451731850802306
135,0.26030726438317014,0.3449855352127943
136,0.25986465070671344,0.34454092219153465
137,0.25934018001127745,0.3441644656392292
138,0.2586490021308268,0.343286071112472
139,0.2580351480262034,0.34305856976691435
140,0.2575336167255422,0.34303599794045325
141,0.256983854326992,0.3431900859695617
142,0.25658354542195955,0.3431963771109508
143,0.25595201038345766,0.34292325640104665
144,0.2555055830585137,0.34265983258568444
145,0.25503510109388455,0.34252794921327806
146,0.2546225850079153,0.3424728030040786
147,0.2539679679313033,0.3418831006451612
148,0.2535428735187098,0.3417254374631001
149,0.25282892026978265,0.34137680175367957
150,0.25242972684780907,0.3412861701102916
151,0.25195318904114367,0.34112809790635323
152,0.25149242032935254,0.3410609036824753
153,0.2511068993329432,0.3410272458179393
154,0.2507077602222432,0.34052064959015366
155,0.2503376514701748,0.34038206046191644
156,0.24993497823723873,0.34091376837724396
157,0.24963462048408122,0.3408480455421252
158,0.24935897297199072,0.340828968317546
159,0.24901335296320962,0.3406864061718344
160,0.24816811065325492,0.3404099697461926
161,0.2475614263965122,0.34032532109306834
162,0.24716450949777527,0.34024378351745
163,0.24676569987804275,0.3399044708719118
164,0.246193070582793,0.3400476210700648
165,0.24587854806332857,0.3400892843071105
166,0.2452888870482308,0.3399075094705807
167,0.2448054081269021,0.3396625909653435
168,0.24443982292256616,0.3396278671039894
169,0.24397614891613095,0.33945307518340734
170,0.24368574269936266,0.3392745081703762
171,0.24328775845963763,0.3392055013928022
172,0.24301249982096448,0.339348481809276
173,0.242372813136081,0.3394788932569036
174,0.24200046264329259,0.3398115649188926
175,0.2414851761946747,0.3391977578959804
176,0.24113991317573227,0.33896267128910196
177,0.24044811426092663,0.3384987529192238
178,0.24010863547181469,0.3383046110617978
179,0.2397728409701838,0.3378003581735318
180,0.23939552942943845,0.33724369191255416
181,0.23903623140970098,0.33730736031904296
182,0.23875402088939235,0.3369122472194544
183,0.23823258350210222,0.336664123135243
184,0.23789516298720925,0.33661021571884125
185,0.23738705258769777,0.336455795007145
186,0.2370964176421051,0.33640137395245684
187,0.23675376549097243,0.33598130702033685
188,0.23655849220226552,0.33599899632478536
189,0.23623574057722496,0.336064782299131
190,0.23579691420933518,0.3358828665829351
191,0.23545050195082115,0.3360798288216337
192,0.23516472757901707,0.33583099558851337
193,0.2348024283246532,0.3356788688474455
194,0.23428948866846197,0.33562344867480587
195,0.2339477134810006,0.33535225975195737
196,0.23374234558401727,0.33536501119105855
197,0.23353503176308021,0.33523234310300715
198,0.23321953040035304,0.33503425381309304
199,0.23296079587511803,0.3349113878525542
200,0.23258175458361385,0.3349390547258768
201,0.23231711458875368,0.33524301213214164
202,0.23188597652605664,0.3353934364229493
203,0.2315176847293028,0.335348020286427
204,0.2312381774346162,0.335427800644278
205,0.2309766882992846,0.33532706548683866
206,0.2306080648891513,0.33536396880132363
207,0.2303749470049682,0.33548355928694396
208,0.23008147882778093,0.3353655947900931
209,0.22979830097568488,0.3353332673897504
210,0.22954065415764535,0.335179786015002
211,0.22916182129962467,0.33506172377094035
212,0.2287377093775501,0.33473600743145904
213,0.2282981727788569,0.33430595128569257
214,0.2280079763805329,0.33431648400891756
215,0.22765966781804406,0.3338984794457393
216,0.2273357910852761,0.33376539353638607
217,0.22700441201622557,0.3335986388708367
218,0.22676330010934762,0.3334029843451207
219,0.2263456074347074,0.3333467384152277
220,0.22606182746557277,0.3334682833590354
221,0.22562280812142593,0.3330390414215669
222,0.22540006344541888,0.33325048598736734
223,0.22519375567991276,0.33311182062537825
224,0.22491242725306396,0.3331806585720368
225,0.22466636933661469,0.3331335430925945
226,0.22426560233382262,0.33324268801511814
227,0.2239202878889031,0.3334079863157338
228,0.22366580527341465,0.3332809323040402
229,0.22343179714924247,0.332709250532398
230,0.22307599824564225,0.3328267761786648
231,0.2227608960898974,0.33255627790278947
232,0.22250702578339507,0.33240043034658545
233,0.22230424081223213,0.3322057199407976
234,0.22185880123730564,0.33206796211747835
235,0.22157853776868802,0.33203473648798854
236,0.22124217497190654,0.3316433410313921
237,0.22075771812568978,0.33136436120453283
238,0.22045715521018056,0.33139148436275645
239,0.22022113430821508,0.33153365108889954
240,0.21995213758970344,0.3317568616480539
241,0.21979046649151124,0.3315711760352816
242,0.21961234190588902,0.331226736343712
243,0.21937634952660223,0.3312477172652322
244,0.21912427648590727,0.33129226916217824
245,0.21882540626212532,0.3313200518523137
246,0.21856685293918843,0.3309544696459624
247,0.21821137400431412,0.3308336827468875
248,0.21804256544713405,0.33092963827216615
249,0.21777569797508975,0.3308111908257741
250,0.21758128386654438,0.33050545975547396
251,0.21727496200182653,0.3304170731521743
252,0.2169718340617515,0.3304152633711533
253,0.21665377094056143,0.33030165262079647
254,0.21642608962959564,0.3301855435198688
255,0.2161779774216724,0.33033855592370936
256,0.21589470355699344,0.3299719098299023
257,0.21561640609009977,0.3298131315959673
258,0.2153485665303496,0.3295182222866122
259,0.21507920692071353,0.3297271256059201
260,0.21476829539846432,0.32955823576070414
261,0.21453243377127165,0.3295966918445072
262,0.21416480613924663,0.32953109103440126
263,0.21394773259494906,0.32940839403762556
264,0.21371641839247948,0.32937598688977865
265,0.213422561058351,0.3294441013927451
266,0.21320025723728342,0.3294564274747932
267,0.212995778147583,0.329297455711842
268,0.21280235251783586,0.3293683440095854
269,0.21257517005594598,0.32930328324113123
270,0.21235586119689234,0.32933883527228996
271,0.21214870822973375,0.32897358280643596
272,0.21186120489629795,0.32905841967142807
273,0.21163735868418063,0.32887217607886104
274,0.21145739387093082,0.32868864284143234
275,0.21122180687933198,0.32902317887512783
276,0.21103482223945913,0.32892083674002714
277,0.21069213210658494,0.3285912196387983
278,0.2103654879069949,0.32834515031556755
279,0.21005779586677129,0.32836649324198736
280,0.2098400477292673,0.3284617184914063
281,0.20963200453697503,0.328484982152138
282,0.2094005738785481,0.32826809510431265
283,0.20916494427813223,0.32818469179610893
284,0.20882049653782717,0.32798818227275833
285,0.20857860808046405,0.32772188154410264
286,0.2083579662756864,0.327616041563692
287,0.2081048317500871,0.32750885212418085
288,0.20790614074498623,0.3274835145288882
289,0.20751593243448635,0.3274485431051448
290,0.20718596025644972,0.3274589219395808
291,0.20697077506930728,0.3271053328954617
292,0.20679195340440257,0.32704725191709966
293,0.2065252309141157,0.3269607338014709
294,0.20614644483701985,0.3270896394476924
295,0.2059700905895434,0.32706606393021753
296,0.20579419467641435,0.3270061627344208
297,0.20562160675453905,0.32713575011756174
298,0.20543542624621855,0.32695246028651853
299,0.20528060781912574,0.3268684020972298
300,0.20500901239953498,0.3265316303602788
301,0.2046936598347797,0.3262561798316962
302,0.20448769406263384,0.32625313215147494
303,0.2043142435375588,0.32610930033235497
304,0.2039770972637539,0.3261905776752922
305,0.20381753997769264,0.32644463154958525
306,0.20365267247955807,0.3264504176347885
307,0.20349489319881114,0.32643346229260767
308,0.20324263230609857,0.32639734205515836
309,0.2029389363329519,0.32616889715369674
310,0.20274470917573717,0.3261992916683287
311,0.2025786734505995,0.3260690999695491
312,0.20228094799775176,0.3259801967655055
313,0.2020305562060943,0.325622532089476
314,0.2018511358029121,0.3255262168454817
315,0.20169488594123017,0.32539733899868356
316,0.20152121360086334,0.3254351632696878
317,0.20122929853349028,0.3252436522807311
318,0.20102420475138208,0.32519266462100715
319,0.20066025692282513,0.32485548955750343
320,0.20036554776443433,0.32484559229691745
321,0.20022422557906755,0.3248363323507379
322,0.20007418541709615,0.32491785989149435
323,0.19966348643927273,0.32504631327020805
324,0.1993722345573294,0.32489509072879635
325,0.1992029856174029,0.3248330277044078
326,0.19896190855752094,0.32448915092003294
327,0.19875866574862538,0.32480036775478777
328,0.19848494745968762,0.3247888264710095
329,0.19823975934537313,0.3246608745280346
330,0.19806344472494392,0.32457344521209225
331,0.19785674757654445,0.32452653779090007
332,0.1976170410047382,0.32451899124889877
333,0.19733332737392673,0.3242663827673375
334,0.19708056826554396,0.3241269249396369
335,0.19686270328673863,0.32395575632328244
336,0.19662374012459388,0.3238420489991258
337,0.19644465901415617,0.32387022240963165
338,0.19628904054837085,0.32403991397083265
339,0.19602562926393816,0.3240681118581807
340,0.1958331260161094,0.32374235132994283
341,0.19557877017294686,0.32392662158397917
342,0.19538844659233875,0.3237403557509939
343,0.19524915256569172,0.3234241082442732
344,0.19488525601637888,0.32328670343965527
345,0.1946251669567071,0.32344057823824796
346,0.19445611037090357,0.323564483443688
347,0.19429855073740093,0.32347685904066203
348,0.19413465203006028,0.3234383596485077
349,0.19388553928160743,0.32340862075765814
350,0.19367568003621935,0.3236076730496952
351,0.1934721645772066,0.3238241205209029
352,0.1933090763308222,0.32398841906733306
353,0.193120311820013,0.3238881687889668
354,0.19277936529883535,0.32374577659666426
355,0.19258884866847362,0.3238335939693111
356,0.19245281518033966,0.3239961454432336
357,0.19226603303705792,0.3240209393340735
358,0.19211688268528104,0.3237655854107679
359,0.1919652994321784,0.32358321122812184
360,0.1917924689652806,0.32343736587200594
361,0.19163870124276747,0.32352701142137763
362,0.19143690743980477,0.3234843301554868
363,0.19121273559914803,0.32344332231679895
364,0.19104027922450548,0.32328860479532917
365,0.1908793077339585,0.3231453502510913
366,0.19074220819803497,0.3230684206420167
367,0.1905738698316462,0.32294582065230026
368,0.1904251166945832,0.32274294545282434
369,0.19027397211236105,0.3229347494822903
370,0.1900928865205136,0.3226790007525059
371,0.18989175840062109,0.32263703370387214
372,0.1896294078741328,0.322625147955257
373,0.18945342529546136,0.3225628809198445
374,0.1893154371821954,0.32265640572953974
375,0.1890107972646313,0.3225175386188722
376,0.18882718278465527,0.3226367211028115
377,0.18862199610280236,0.3224395489124359
378,0.1884369632009442,0.3223887070817651
379,0.18804686342992855,0.32233325859752093
380,0.1878117847301102,0.3221764608867703
381,0.18767814940208563,0.32206610790231666
382,0.1875541284612737,0.3219043995306048
383,0.18741941608308446,0.3218902312427441
384,0.1872543651780438,0.3219801053436284
385,0.1869940152992076,0.3218714426017957
386,0.1866734421563965,0.3218119498578346
387,0.18653807667854092,0.3218110294391866
388,0.18640190017074482,0.32183145967411214
389,0.18628290607852913,0.32189027515747337
390,0.18608030653680058,0.3218036150973138
391,0.1859152485945578,0.3217280500139819
392,0.1857637367263594,0.32169305249793123
393,0.1856635163180993,0.3219292316697797
394,0.1855248735253521,0.32168256636675646
395,0.18542543635718073,0.3216232802437907
396,0.18530120663684743,0.32181704533795563
397,0.1851289420608117,0.3217061286557014
398,0.18502568894139557,0.3217053391112507
399,0.1848823414507561,0.3216682106400442
400,0.18468350663414926,0.32171980591160365
401,0.18441013583740384,0.3218366139286955
402,0.18429005247803312,0.3220312107370835
403,0.18403499640090054,0.3224117567846746
404,0.18389465797774848,0.3222460737050359
405,0.18373055244639216,0.322267136312387
406,0.18354540116266604,0.32212574767963925
407,0.1833069117134252,0.3220941045551346
408,0.18316083991916965,0.321904258617611
409,0.18302932135045066,0.3217565377549987
410,0.1829231661570891,0.32183955241817236
411,0.18260412811419682,0.32166396650505596
412,0.18248857591504553,0.32136154251886445
413,0.18238762557485635,0.3214701794715789
414,0.18223384518630997,0.32145075217814223
415,0.18198691107332243,0.3211204198068267
416,0.18172558900293714,0.32094815893899037
417,0.18145029194475115,0.32108299806401613
418,0.1812268400032655,0.3209790560034072
419,0.18096468588225742,0.32109055021119526
420,0.18072192441090473,0.32091772826339876
421,0.18056523870129823,0.32082483978309273
422,0.18043575322481734,0.32062182690560354
423,0.18023851193593307,0.32046005336433986
424,0.18011766068462576,0.32032828782379597
425,0.17989996519401463,0.3201806565615206
426,0.17970039275816577,0.32024767396637843
427,0.1795853117769658,0.3201750854114033
428,0.17944167474055406,0.3201288002586894
429,0.1793063111803721,0.3201039622302415
430,0.17918465739180697,0.3200839534718969
431,0.17901925874448912,0.32011609473270336
432,0.17887242543512827,0.320309851889218
433,0.17868841638654592,0.3203196204155193
434,0.17856806295195224,0.32054037594437323
435,0.1783588651522958,0.3201975658606316
436,0.17822548837796115,0.32036766887743817
437,0.1781152698581658,0.320617837786594
438,0.17795842309738347,0.3206965876486297
439,0.17779153246468266,0.32071293366479986
440,0.17769570457740977,0.3208939574349201
441,0.17753680140762582,0.3209287983647253
442,0.17725545339723722,0.3207629758284416
443,0.1771293766311477,0.320739060126881
444,0.17694751454982618,0.3207847488732549
445,0.17673683423116165,0.3204318826678385
446,0.1766018818178446,0.3206372802223544
447,0.17646653029284798,0.3207026267076831
448,0.1763347154738833,0.3207182331949428
449,0.1761627102564304,0.3209760403443428
450,0.17606330935833694,0.3210174554990647
451,0.17589341444484732,0.3212438023956511
452,0.17573172017796854,0.32114816323375406
453,0.17552320077572442,0.3212744623391841
454,0.17542075199216545,0.32142706827915996
455,0.17522470797112388,0.3214743526207624
456,0.17513236154224343,0.32161085102297493
457,0.17496146855443426,0.32129935817790695
458,0.17476969826787625,0.321118000622262
459,0.17468193621525127,0.320946591281009
460,0.1746031777324314,0.321016956999399
461,0.1743943748013068,0.32107933707894926
462,0.17428570682364236,0.32112226766375845
463,0.17414445769139,0.32114139461665825
464,0.17399663065779294,0.32102722850897597
465,0.17388325446724784,0.3210944829777829
466,0.17364146144622916,0.3211380986533374
467,0.1734949392087382,0.32120426240199845
468,0.17333275867084053,0.321251638084613
469,0.1732089572966232,0.3211409157971994
470,0.1731148626225401,0.3211760634704999
471,0.17299607584783355,0.32131285598699677
472,0.17282852224030837,0.32132165883269687
473,0.17273264514454195,0.32148358082166406
474,0.17254110690672586,0.3214057856522895
475,0.17244275562820563,0.3214577930851212
476,0.17229597742048827,0.3215804196976099
477,0.17211424820085508,0.32164850937228956
478,0.17201083983971424,0.3214897585798529
479,0.17188406959759586,0.3214312647441569
480,0.17175146816811945,0.32151231875471403
