0,0.5898202880902477,0.5911012981475405
1,0.5752239195694248,0.577310543755197
2,0.5611837340076182,0.563783347991396
3,0.548400553493308,0.5520826021159417
4,0.5372526314112339,0.5420505693617028
5,0.5260875392395301,0.5315198442550023
6,0.5157302549126902,0.5225041155900358
7,0.5058784361235817,0.5136976218093353
8,0.4972592915720758,0.5060068021168657
9,0.48856571198309034,0.4975155100389176
10,0.48140629400738066,0.4912019048363355
11,0.47419702223758115,0.4841239412260624
12,0.4677430682230268,0.4786977428191942
13,0.4615392432834186,0.4734902259668977
14,0.4549700137193546,0.46748623871933503
15,0.44914521139669217,0.46230869524942964
16,0.4432851510727882,0.45725830679143437
17,0.4378243225892839,0.45230613798346986
18,0.43229253008417734,0.44777413057357573
19,0.42756840515246247,0.4436755501022405
20,0.4232886884188516,0.43978309659463055
21,0.4187713910753626,0.4363850991444176
22,0.4140912100158378,0.4322188602688296
23,0.4100863076811219,0.4289149770359652
24,0.4061991350879319,0.4255824964475016
25,0.4024396472073294,0.42202428565568695
26,0.3987211937536695,0.4191329750235173
27,0.3950728825838121,0.41710392939890506
28,0.39208390503596335,0.41455284947790244
29,0.38898920794374925,0.4120590809396031
30,0.38546339314785255,0.40881459724228336
31,0.3825895399917199,0.4066958019681933
32,0.37971091347228275,0.40414267731784237
33,0.3767023041663053,0.40187072116130634
34,0.3739548317101921,0.3994163037559837
35,0.3710045217172603,0.3972179975134969
36,0.3683829293198937,0.39492265146887884
37,0.36620711790166954,0.39328056473244266
38,0.36376706931692865,0.3913166292507457
39,0.3615806833361022,0.389662986967154
40,0.3590111877849714,0.38722227415386234
41,0.3567351482675379,0.3855116731952413
42,0.35457974759829913,0.3833331572189705
43,0.3526244470861197,0.3816338365614533
44,0.35076107336742457,0.38032843861747406
45,0.34895197889250235,0.37869006136012406
46,0.3472343775121574,0.3776511363426173
47,0.34544127698971994,0.37625451446644953
48,0.3434923158716646,0.3745168557403519
49,0.3417138877727863,0.37273149882640244
50,0.34033124408422644,0.3718193351460367
51,0.33885662083849144,0.37044045161511363
52,0.3374505112188639,0.3692067545369756
53,0.33573003538805823,0.36813865590178385
54,0.33419017145895386,0.36690309796900356
55,0.3329207330390807,0.36576188914662794
56,0.3311299761627281,0.3638776410537538
57,0.3299561504183024,0.3630421480761384
58,0.3287881366087081,0.36235654101056874
59,0.3272755639944415,0.3609797208428442
60,0.325858992449745,0.35989529063856707
61,0.32480545231606694,0.3591050983969836
62,0.3238241601719627,0.3584492044429024
63,0.32281118071875564,0.3580529265246301
64,0.3217236371417184,0.35723932142912335
65,0.3206779476082189,0.35671311669059047
66,0.31957030231385186,0.3559807194794538
67,0.3184968778913966,0.35536147277828123
68,0.3174593773628172,0.35449100491824787
69,0.31631942960170706,0.3536874259995017
70,0.3152952618575034,0.35259388042974554
71,0.314283950943967,0.3517714866900367
72,0.3135513041227656,0.35113997711007444
73,0.31279308365591785,0.35071797867961296
74,0.31156815315714936,0.3496104128984318
75,0.3105734670648052,0.34865318097788267
76,0.3095008976075744,0.34797157005193274
77,0.30821384274640595,0.3468123621546849
78,0.30726148743531173,0.34624650246115046
79,0.30587342077589136,0.34526580795756695
80,0.3049437282771161,0.3446854898038338
81,0.30405340845337464,0.344334604690275
82,0.30324924744939447,0.3437865379265516
83,0.30230184879338057,0.34280841978305676
84,0.3013937164936145,0.3421523922956304
85,0.30076570335941205,0.34172385889951734
86,0.2998460248729706,0.34074991174567537
87,0.29905113630063385,0.34003872572154903
88,0.2979358756942025,0.33924758013304557
89,0.2973177598020132,0.338858477839721
90,0.2964971900080625,0.33791977802685497
91,0.29567903927072925,0.33704144930857294
92,0.29518405768926886,0.33660808303638506
93,0.2944749416702508,0.33598683008326674
94,0.2937682174804831,0.3356504796781275
95,0.2930461719362951,0.335280802655806
96,0.2924916175688308,0.33493413039794806
97,0.2914798187907403,0.33417118870298995
98,0.2906121686008452,0.33353124194720235
99,0.28979277103835904,0.3324823646705372
100,0.28926933905780905,0.33208039742751116
101,0.2888187480147309,0.33171744237893447
102,0.2878610322574306,0.33110943373178003
103,0.2872638765876076,0.33053690296632
104,0.28653130138088007,0.3299200987422981
105,0.28582644506572924,0.3291766415216036
106,0.28506279962291364,0.3286512017290754
107,0.28431688133661404,0.3280377134776932
108,0.2839011208327482,0.3278967454093541
109,0.2832385358810684,0.32755000264658535
110,0.2826910656327597,0.3270307860532341
111,0.28186524392787654,0.3266679544848979
112,0.28121992956725766,0.3264569917207264
113,0.2805556147640304,0.3263619983182201
114,0.27970423823144347,0.32592626903557553
115,0.2792891695242544,0.32566325558680587
116,0.2786588342395489,0.32480594664701107
117,0.2780561283709972,0.32470438307911426
118,0.2775654993474443,0.3246224553721042
119,0.27713432931347015,0.32447993341748266
120,0.2764092563430177,0.3239832654255031
121,0.27532593344773254,0.3231623087784917
122,0.2747177498355908,0.32272292688847803
123,0.2742794947733403,0.32244220584383104
124,0.2736361107997354,0.32193033943135874
125,0.27324560754531213,0.32162425318379567
126,0.2726124028448845,0.32117873542251246
127,0.2718513427694937,0.3205663608636822
128,0.2712654692923587,0.3200585779733031
129,0.27081033114925757,0.31966984090640355
130,0.2704203575720022,0.31946019613014787
131,0.2697874231322738,0.3190042883964198
132,0.2692636457226314,0.3186707388519013
133,0.268688940897312,0.3182216481561842
134,0.2681545206427256,0.31794140878287924
135,0.2675837913478593,0.31744413955790074
136,0.26700061897700733,0.317421393096262
137,0.2666332510637403,0.3171054281751221
138,0.2660472565995465,0.31704505455015225
139,0.2655117053770755,0.31663264026597154
140,0.26489762663480465,0.31628867924905196
141,0.26447364496775316,0.3164478340856694
142,0.26402955276853196,0.31604478463378866
143,0.2636238336137574,0.31568881634774487
144,0.2632691138584712,0.31539638182046603
145,0.2628911230141893,0.3150628014775631
146,0.2624059944573872,0.314939876948044
147,0.2619763927257624,0.31454549783372804
148,0.2615807585111561,0.3143710333635696
149,0.2611993061140853,0.3142846127178487
150,0.26082349766155893,0.31386700530870343
151,0.2600936969556701,0.3135113990907266
152,0.2596218195080809,0.31318455641994913
153,0.2591453751011192,0.31290086372935816
154,0.2587524220011601,0.3128097290330397
155,0.2584610063372666,0.3127248904333924
156,0.258155012448918,0.31247071186200803
157,0.2576652290230154,0.312046682066261
158,0.2569630613154148,0.31124704094305855
159,0.25636803790087886,0.3104738558798866
160,0.25591562968325626,0.31031429514015146
161,0.2554263150407802,0.3101132554182452
162,0.25505369532018946,0.31021527405421306
163,0.25469956584210013,0.3097956925584327
164,0.2544054685441279,0.3096086770969387
165,0.2540564567777128,0.3092383931288283
166,0.25362217973437606,0.3092307458726954
167,0.2532666720889799,0.3090391160250672
168,0.2527947402234287,0.30871203045019474
169,0.2524656154072411,0.3084568949314546
170,0.2520256799800441,0.30823881322723307
171,0.2514565224535643,0.3077974584140438
172,0.2510913030282801,0.30741441769612343
173,0.25057877667769995,0.3072543636199305
174,0.24998716604779098,0.30668372372877456
175,0.2495541471825149,0.3065099169092314
176,0.24930717871504274,0.30649928653718167
177,0.24887320290055742,0.30633745249638256
178,0.2484814826278134,0.3061082059787559
179,0.24811049711295924,0.30570533690380364
180,0.2477241337917068,0.30558971316269723
181,0.24732166790429558,0.30553240029098766
182,0.24704087590685414,0.30548376818821055
183,0.24668272863726612,0.30534211486344925
184,0.24637972131273903,0.30505964066278346
185,0.2460551825880464,0.3049444859077952
186,0.24571032335702817,0.3045166530096099
187,0.24519674464142557,0.3039816931776088
188,0.24492027343528103,0.3038117132448363
189,0.24452175950594032,0.3036648403860577
190,0.2441508939650686,0.3037589458654364
191,0.24380104893854113,0.30370722341054335
192,0.24345574558113323,0.30343042267532694
193,0.24311230355653535,0.3030642021952388
194,0.2425871772124072,0.3029814146102111
195,0.24238294974244207,0.3029925493350532
196,0.2420391914101009,0.30277578023335383
197,0.24176534695857463,0.3024828864077463
198,0.24133963417007442,0.3021797275622935
199,0.24097354817145203,0.3018388432642961
200,0.24069433307843174,0.3016563109173083
201,0.2404703854720578,0.3013928031822613
202,0.2401694151471587,0.30148099158874825
203,0.23985527495735423,0.30140538241662446
204,0.23961352646121442,0.3012343506627488
205,0.2391412516397676,0.3008497555221338
206,0.23877760149949714,0.30043609210501804
207,0.2385515553000477,0.3005865472179302
208,0.2383309518260433,0.3004173334390147
209,0.23802870237167906,0.3002053408975072
210,0.23772994571739842,0.30035297888679785
211,0.23728501123461992,0.3000963754413692
212,0.23701490734227193,0.2998886740190285
213,0.23654078464559158,0.299301460575379
214,0.23608401334694898,0.29917772096011125
215,0.23571671493701138,0.2991113271615112
216,0.23545121830842533,0.2989415248357455
217,0.23510477989949036,0.29852159403804635
218,0.23485352631520942,0.29818674417715724
219,0.2344081352973879,0.2980780305152217
220,0.23414602022660147,0.29800750069457077
221,0.23385052954690655,0.2979877935740967
222,0.23362360119233141,0.2979509592714767
223,0.23307106108109826,0.2975126586626945
224,0.23292081263057401,0.29725618444266616
225,0.2326101092804387,0.29680747924698103
226,0.23234051426325428,0.29653250017085936
227,0.2320499685863535,0.2962877382737027
228,0.23180180576948858,0.2960285955980834
229,0.23157032527078544,0.2959426423056604
230,0.23108816882750371,0.2954047069461256
231,0.23084970770439822,0.2952822279934184
232,0.2306139129460291,0.2950949127847826
233,0.230317035775751,0.29503943567056035
234,0.23007755392611023,0.29507600634507725
235,0.22967877972847706,0.2946628658595757
236,0.2292685753471945,0.29453327824049946
237,0.22895823415775368,0.2942166319644114
238,0.22868008272935594,0.29419366608798325
239,0.22843384891784274,0.29388468998115297
240,0.2281240112843653,0.2936972004561218
241,0.22788125734675888,0.29362886334938676
242,0.22766263886638863,0.2937066217397951
243,0.22734428404964302,0.2937987583949274
244,0.2270833819324411,0.29383288965215526
245,0.22673695770669094,0.2936939009934175
246,0.22629983595658906,0.29326914679564264
247,0.2260251769354636,0.2929734391296262
248,0.22575806141500265,0.2927805674858872
249,0.2254481813476634,0.292764045203765
250,0.2251463830777471,0.29263687806847655
251,0.2249424546447182,0.29226832954322157
252,0.22463889412689692,0.2919397629495033
253,0.2244198983210237,0.29184616179378425
254,0.22413976743703082,0.29158716121977035
255,0.223840709596568,0.2914251175652653
256,0.22357632529646387,0.2915201281625574
257,0.22325509481393596,0.29126679150863016
258,0.2228245988250221,0.2913837585086789
259,0.22251053943936136,0.2912155940380528
260,0.22224643363488775,0.2910102057231862
261,0.22197343933921948,0.29104901643149933
262,0.2217062058650315,0.29119512802100894
263,0.22147826153714684,0.2911173356195233
264,0.22107055138289855,0.2909264524900581
265,0.2205819451417922,0.2904962274847532
266,0.22034330704392366,0.29022964173021554
267,0.2201560222275966,0.2902401146035486
268,0.21984160100097155,0.29006087048374146
269,0.21954113930603247,0.2899174910859975
270,0.21936119543678728,0.28972150396408614
271,0.21911223295634102,0.2897100386574176
272,0.21892226669147125,0.2895243218898784
273,0.21872318177893324,0.2895104480690444
274,0.2185108495443372,0.28947777794179247
275,0.2182946789844726,0.2894065029421579
276,0.2178539452138388,0.28938446610323465
277,0.21756604793439902,0.2893265860089098
278,0.21739126859914565,0.28925720761509754
279,0.21719642939976422,0.2890351444839795
280,0.21676768274813138,0.2888350146455004
281,0.21658359080433257,0.2885419804431302
282,0.21640937416292755,0.2885779013252394
283,0.2162054176674173,0.28858071000083113
284,0.21592896101350598,0.28844456325582013
285,0.21571293103813696,0.2884374852958131
286,0.2155077647669752,0.28819984219443007
287,0.21529875247747812,0.2880296137337892
288,0.21510070867944941,0.28802903975145533
289,0.21483489431456787,0.2877776473462341
290,0.21466302939633758,0.2877154925192106
291,0.2144788894696526,0.2876152420072431
292,0.2142416583188549,0.2875726853505188
293,0.2139654737748742,0.2875571612415737
294,0.21373889231240284,0.2874042421524795
295,0.21352179069731125,0.28738302482008127
296,0.21334708384864923,0.28719140274187527
297,0.2131532066061571,0.2870244111194319
298,0.21291582210010013,0.2869261382314143
299,0.21266367168791095,0.2869168340643293
300,0.21243155726878266,0.28679259389970924
301,0.2121957369754195,0.28694425870538637
302,0.21187274058341105,0.2868499108735849
303,0.2116305429974896,0.28687040390568863
304,0.21139368606416306,0.2867109807001939
305,0.21118077336935878,0.2867212760488317
306,0.21099973870647148,0.28640885351067585
307,0.21082387683395762,0.2863915829626564
308,0.21060074429042305,0.2862793974196418
309,0.21038136238502608,0.2862187204669787
310,0.21008859945849456,0.2859082292451393
311,0.2098108084416417,0.2859346504439253
312,0.20968434461992608,0.28590585916675815
313,0.20948421318452415,0.28590648975375904
314,0.20927697018306698,0.2857628827445235
315,0.20908963121080631,0.28566760334552493
316,0.2089165866971992,0.28580844317088433
317,0.2087588072164127,0.2858299147152705
318,0.2084171910269423,0.2852886777293481
319,0.2082116895122627,0.2851794912780856
320,0.20805042813552174,0.28519179074851153
321,0.20785690818607774,0.28503567176337363
322,0.20768154018280113,0.284807028243357
323,0.20726429777548758,0.2843150311961674
324,0.20710015572539986,0.2843149372014886
325,0.2068295513761008,0.28395747953573613
326,0.20657309156125364,0.28380237703231026
327,0.20638940316204724,0.28363279191580115
328,0.20616177498527855,0.28372468855444716
329,0.205994216055011,0.28364738091907826
330,0.20582480543697318,0.2835631162305515
331,0.20561821862003185,0.2836527214149733
332,0.20543728313143525,0.28337243421173397
333,0.20528622454923037,0.28326103936412855
334,0.20510599230183,0.28327700516344034
335,0.2048507874636944,0.28343006062632115
336,0.20461911278518843,0.2833699671854011
337,0.20440039535494567,0.2831977901392077
338,0.20418484008058455,0.2831295526872251
339,0.2040015668291409,0.28287389541350955
340,0.20369152105931998,0.28284332689171604
341,0.20353470684489042,0.2828631208009108
342,0.20334663964596492,0.28291816895484534
343,0.2030766591370043,0.2829072300195343
344,0.20285499760151873,0.2830933561070444
345,0.20270249353784645,0.28285953447351264
346,0.2024827999848459,0.28295987257928157
347,0.2022056599873631,0.28281211653375643
348,0.20191056984618977,0.28248720263480553
349,0.20173569373485337,0.2822845210725869
350,0.2014439564324529,0.2819157705502168
351,0.2011763899639304,0.281698682384756
352,0.2009623987617379,0.28166151077804724
353,0.20059898401668833,0.28128801544299564
354,0.2004305671147208,0.2810145821461645
355,0.20024542972169815,0.2810661754399342
356,0.20001478176359883,0.2809167271188637
357,0.1998079878063632,0.2807811356347069
358,0.19951391368033028,0.28075899809433374
359,0.1993361970137778,0.28072394200627504
360,0.1992275488748418,0.2806084134038852
361,0.19903713257137806,0.28055738856786605
362,0.19886592536898612,0.2805845740648003
363,0.19865605995147012,0.28048521235017354
364,0.19851308518518013,0.28036607876410774
365,0.19834758260752544,0.28006991662331066
366,0.1981776400194842,0.27988928998080603
367,0.19797469864592238,0.27986190928924964
368,0.19766686682467705,0.27950340404837415
369,0.1974208375592206,0.27942990383772365
370,0.1972205470294604,0.27930166293952946
371,0.197096753243452,0.2791138455156577
372,0.19693147887633977,0.2791069178103748
373,0.19676939108604874,0.2792737229126982
374,0.19665084129409494,0.27938578423027544
375,0.19636584707183233,0.27961674445114987
376,0.19622233095168923,0.27976533818422133
377,0.1959977155552297,0.2798580364482533
378,0.1957022336454216,0.27989531658964867
379,0.19545763101284666,0.27986936048105593
380,0.19517577677826517,0.2799367547959372
381,0.19500770570088996,0.2800884164899612
382,0.19488635852458017,0.28013978419835145
383,0.19471939778205646,0.2800473642338746
384,0.19450649073332302,0.27983242247434925
385,0.19436372501590837,0.27987370208979057
386,0.19424600806691447,0.27991402267581067
387,0.19397470116797305,0.27980969088242685
388,0.19376001273953017,0.27960641367907535
389,0.19356087708286293,0.2794728485802411
390,0.19340964513132985,0.27947793290820877
391,0.1932119665757205,0.2794365971677501
392,0.19309893980704854,0.27947730485945493
393,0.19294139313085898,0.2795112213791998
394,0.1927672432729376,0.27941453918586223
395,0.19262903823465458,0.2794225832531571
396,0.1925143385519636,0.27952309513671275
397,0.19236280114162965,0.27978299534694656
398,0.19224435454938696,0.27960198690611665
399,0.1920865659188245,0.27963789306694775
400,0.19197437855986746,0.2796152849268268
401,0.19179148060791862,0.27934357287804296
402,0.1915684417710573,0.2792719294647238
403,0.19143083107725145,0.27924990530096666
404,0.19128324221390633,0.2790639092593131
405,0.19112396484056104,0.2788167276147794
406,0.19099096457593268,0.27864053271109257
407,0.19074247253084264,0.2785335603439921
408,0.19063528523880893,0.27845842092098666
409,0.19049506657722173,0.27840807520351607
410,0.19033222918777729,0.27828656050932427
411,0.1901535541321023,0.27824177015898793
412,0.1900330392491981,0.27809870250066676
413,0.18991297712944577,0.27794409034007933
414,0.1897739430719851,0.277840552753177
415,0.18943948212273046,0.27789856118886236
416,0.18922634662452414,0.2779385150826879
417,0.18909413434465275,0.2780116479107444
418,0.1888977461679232,0.27773710717553457
419,0.1887224127173761,0.277454192051664
420,0.188513641764661,0.2775027470763998
421,0.18826882994271443,0.27747019087651126
422,0.18815518652961347,0.2771268970904827
423,0.1880327487210299,0.27714494986507243
424,0.18784260047454088,0.2768734314972803
425,0.1876425804825263,0.2769674615702817
426,0.18750503953298941,0.27699961985797594
427,0.18728640295959095,0.2766564659696385
428,0.18715935502356443,0.27655670009951117
429,0.1870575757942486,0.2765933427521071
430,0.18691949738166566,0.27641725251492755
431,0.18661059423954626,0.2763811298133898
432,0.18648849757814231,0.2763584323795956
433,0.18626299448674016,0.276034978669934
434,0.1860997118460253,0.2761391669487749
435,0.18598298373000363,0.2760826180680482
436,0.18576793800455213,0.2758542017354801
437,0.18564803416042042,0.27585253582945024
438,0.18549404271339676,0.2757481663074444
439,0.18537993651947102,0.275728034581448
440,0.18511538442404019,0.27565339334596267
441,0.18497527240560907,0.27550331384286675
442,0.1848314300327841,0.27540960866017333
443,0.18470301110200193,0.2753426781785004
444,0.18457404535660057,0.2753347676845504
445,0.18436296674716227,0.2753814877396544
446,0.18421623496502812,0.2754825294765069
447,0.184051675200678,0.2755450052331741
448,0.18393125041539862,0.2754845515395493
449,0.18381157622071084,0.2752522429010425
450,0.18342064194429689,0.2753143039166228
451,0.18326898882011064,0.2751464691848236
452,0.18314051812187473,0.2751033804425646
453,0.1830132281443445,0.2750835501713273
454,0.1829086708925036,0.27506316333334957
455,0.18279269163580397,0.2748943609280314
456,0.1826650569390488,0.27494242485837367
457,0.18251948016433187,0.2747953133506131
458,0.1823255779130129,0.2748431815436783
459,0.18224069955685324,0.2748579661522103
460,0.18214235450944216,0.2747230341088289
461,0.1819714250413991,0.27474474905141055
462,0.1818319669486594,0.27462619743328415
463,0.1817149358576287,0.2747070515514911
464,0.18159150306232202,0.27466708588700134
465,0.18132837772811283,0.2744644693558612
466,0.18108364781869835,0.27408521861932034
467,0.18097981482443046,0.2741624085161402
468,0.18083671048615274,0.27400738085227505
469,0.18062003621560546,0.27394353957740863
470,0.18041909395646316,0.27395468017145574
471,0.18026749938098818,0.27383858089399077
472,0.1801540690499594,0.27382135978375505
473,0.17994812866327703,0.2737760390980445
474,0.1798250688152223,0.2737638980665595
475,0.17969027418787317,0.27375753745106035
476,0.1795851969150195,0.27364805750266763
477,0.17946615317483544,0.27353129094691303
478,0.17932459053028743,0.2732850018079007
479,0.1792184067307538,0.273150791161714
480,0.17906935409334185,0.2731074521432759
481,0.1789755088380423,0.2729903499055016
482,0.178741350770358,0.2729080072657877
483,0.17856341681519994,0.2726652430660737
484,0.1783938853262585,0.2728369517611153
485,0.1781748811609875,0.2727473850951941
486,0.17795745837669275,0.2727253179701948
487,0.17776358126849595,0.2727041311497669
488,0.17764475638989746,0.27271202791428106
489,0.17747977684877952,0.27263794047463186
490,0.17734972641989266,0.27259261620657793
491,0.17723941040914915,0.2725002061905244
492,0.17699113117084822,0.272256529874105
493,0.17689247081749584,0.27211566602031106
494,0.1767731742885809,0.27223849169108344
495,0.1766210363674725,0.2721109967983407
496,0.17640224593197304,0.2719805282952177
497,0.17623755648699635,0.27190536165640244
498,0.17611183419772247,0.27183972937972845
499,0.17598431808903786,0.2717569860893435
500,0.17592045801889677,0.27181358572871117
501,0.17581735025922915,0.27167757853538227
502,0.17571219638951674,0.27154626090826595
503,0.17561296375296886,0.27159770479765205
504,0.17550098869004208,0.27165997114078516
505,0.1753994608450582,0.2714247488455575
506,0.17529979584038616,0.27152135760995977
507,0.17520673726276575,0.2716169808661198
508,0.17501706598285918,0.2714555153714321
509,0.17490246938329052,0.2714570112947339
510,0.1747862960354655,0.27142827915764844
511,0.17463592666856423,0.2714072946223681
512,0.17449304785675768,0.27160637716872776
513,0.17436740803629147,0.27177021373970833
514,0.17417849411171274,0.2718644419559227
515,0.1740690493690942,0.27192151854799684
516,0.17394282960980254,0.271841797495493
517,0.1738243268032114,0.2716436167639498
518,0.17360304432173765,0.27171766772768446
519,0.1734981491478725,0.27165624530690696
520,0.17327505259711085,0.2714181788499923
521,0.17312853023168628,0.27134658334348555
522,0.17296950458279822,0.2713649659693868
523,0.17285507636657366,0.27124201117853136
524,0.17277254967303943,0.2713380769639537
525,0.1725686381630749,0.271371735953238
526,0.1724076670945205,0.27133631730133567
527,0.17230604586688647,0.2713718051139969
528,0.1721803348542014,0.27131619603410567
529,0.17206334026550274,0.2712592707903891
530,0.1719670475657226,0.2711479876829957
531,0.17187686031630797,0.2710721175824597
532,0.1717827081166041,0.2710183639104881
533,0.17165280344325592,0.2710732335126829
534,0.17154351323886943,0.2709857456325627
535,0.17144179122506806,0.2710459213374393
536,0.17130436482583733,0.2710241920784321
537,0.17105052207187196,0.2711065057120605
538,0.1709332463431487,0.27091420348600714
539,0.17071870057578534,0.27063636816620723
540,0.1706050381265316,0.2705577885559917
541,0.17048693832465575,0.27060294603534013
542,0.17039339969636472,0.2706334444100237
543,0.17025364394401474,0.2705596732837518
544,0.1701053451610441,0.2704089019945712
545,0.16996745035618013,0.270485372372853
546,0.16980336579373168,0.27041703507802684
547,0.16969579985904246,0.2703307358570126
548,0.16955962243990563,0.2704065505280173
549,0.16937193120466668,0.2704919676163813
550,0.1692648277158227,0.2704929483930401
551,0.1691454656353032,0.2705482219498699
552,0.16898897693138254,0.2704893113331857
553,0.16889396458251058,0.27049047443629615
554,0.16875529729772226,0.2704055947584563
555,0.16860811634935743,0.2702924783347714
556,0.16847353354550423,0.2703643562161209
557,0.16839236295287113,0.2702871498946251
558,0.1683001480555968,0.2704568085150979
559,0.16817052490545079,0.2705738571231543
560,0.16807758745090454,0.2707678714342015
561,0.16799264561342941,0.27058253549505257
562,0.1678876230378536,0.27063820713777476
563,0.16776736745964993,0.2705588102507865
564,0.16767236502398927,0.2704656928416541
565,0.167530241222307,0.2704855274575413
566,0.16744709061995686,0.2704281007992187
567,0.1672301827829673,0.2705046801015484
568,0.16712234713032528,0.2702307113296123
569,0.16703684101784066,0.2701986314637065
570,0.16696789910830678,0.2701387112391322
571,0.1668877813483738,0.27023954421568286
572,0.16674531754910235,0.2702209989311032
573,0.16661258304410348,0.2701409166652659
574,0.1664396970410146,0.26997391003773147
575,0.16621277078016627,0.26989200583725237
576,0.1660678636072285,0.26981061919553706
577,0.16590105738571445,0.2697603282256953
578,0.16580389457676623,0.26975434920378305
579,0.16565828535932942,0.2695351602480023
580,0.16543771306296418,0.269503884491857
581,0.16530532802021122,0.26946150431700344
582,0.16519588821123038,0.269378465361932
583,0.16510883093505457,0.2693306711277982
584,0.16497712554530938,0.26920854026459107
585,0.1648732368493888,0.26915211292169156
586,0.16474862488752967,0.2693008374228108
587,0.1645976052913186,0.26921451536722596
588,0.16437653115309503,0.269246579578797
589,0.16422968606109797,0.2692186864133524
590,0.16414578124784063,0.26916250854629103
591,0.16399864782014079,0.26919476153386124
592,0.16390891118727724,0.26903673894988933
593,0.1637362933819051,0.2688835865191148
594,0.16358051225478412,0.26876607828602694
595,0.1634800338563163,0.26874425935745333
596,0.16332577170160723,0.2688438650967448
597,0.1632633636514303,0.26880354028040926
598,0.1631050607279182,0.26863031804248555
599,0.16301262531587835,0.26864461530960193
600,0.16290271908907683,0.26867946359336325
601,0.16274897652652,0.268457341048466
602,0.1626784207896909,0.26845277369822595
603,0.1625059819075424,0.26846620431720153
604,0.16238914147690472,0.26864222725395526
605,0.16225644456703722,0.26863782800743985
606,0.16212264103703516,0.26856892107614355
607,0.16205622536600275,0.26843518926738924
608,0.16195168388498338,0.26827974585573955
609,0.16181681705906026,0.2681684933417609
610,0.16169429062675456,0.26813418645479475
611,0.16153010942149934,0.26794889628611573
612,0.16135430304472156,0.268025899388309
613,0.1612251240236754,0.26802930208643283
614,0.16106662612407763,0.26818191971920724
615,0.16096137065472882,0.268230451831743
616,0.1608345502800277,0.2679691999331496
617,0.16066732135097492,0.2680012385742743
618,0.16050534904907002,0.26789010327451335
619,0.1603986291311928,0.26803826313785367
620,0.16030376846594918,0.2681294081414367
621,0.16022157477216262,0.26801905418542016
622,0.16014989474050847,0.2680353866540364
623,0.16006053686837077,0.2679367326130645
624,0.15998292525042992,0.26797994910194856
625,0.15986367278519853,0.2679083634302533
626,0.1597650376942239,0.26767805462885536
627,0.15967573344658403,0.2678589074504055
628,0.1595958259013274,0.26781425742885534
629,0.15948341964035595,0.26799548211883334
630,0.1593248634315844,0.2681275242532369
631,0.15920241523674933,0.2679950560465589
632,0.15906390658699623,0.2680878424249375
633,0.15892176325822646,0.2681024551726917
634,0.15883984244586416,0.26790305850594426
635,0.15867609919704437,0.26804770272069767
636,0.15857992498309917,0.2681130378431587
637,0.15839549090725924,0.2682661763279673
638,0.1583236885438005,0.26824896738793036
639,0.1581377217190803,0.2682242406992107
640,0.15806298733185792,0.2681894494433214
641,0.15797371348215353,0.2680733844113539
642,0.1578856628910373,0.2682257940583583
643,0.15780051924575886,0.26829418674627087
644,0.15773529886763402,0.26813690291479847
645,0.15762643511171617,0.26796230135198595
646,0.1575028295890495,0.26791040238305486
647,0.15739548300425707,0.26795965744757144
648,0.15729888452590976,0.2678702104455029
649,0.1572040839188233,0.2678146459521597
650,0.15713273081975468,0.2678617134995138
651,0.15705333521636844,0.267874554514306
652,0.15695997329603487,0.2678450183799447
653,0.15686952395895173,0.26786782201465664
654,0.15674485970858854,0.2678359132585804
655,0.15658699366106377,0.267690869320519
656,0.15651339927886643,0.2675464354177901
657,0.15637510992513157,0.26747464498359563
658,0.156202401606189,0.2675238037236241
659,0.15604546925363827,0.26746548274817505
660,0.15597439148112038,0.26743921922287317
661,0.15589439011449524,0.26771364640172846
662,0.15582581976711818,0.267741113667036
663,0.155750774687385,0.26774434288433624
664,0.15560594237179015,0.2676324087270589
665,0.15547769147651538,0.2674585635540429
666,0.15539215641734075,0.2675593107192645
667,0.1553309047973226,0.2676037321316137
668,0.1552338521491623,0.2673796324935141
669,0.15508620795032926,0.26713514891322454
670,0.15499094246770112,0.2670597407084547
671,0.154904743111551,0.2671034461463147
672,0.15479466425243407,0.2672190563005854
673,0.1546754812417559,0.26718087124240225
674,0.15458047248054715,0.26705366200728153
675,0.15445483514364156,0.2668942133919463
676,0.1543098891333874,0.2668451665270999
677,0.1542565894045115,0.2667935969452353
678,0.1542090314142901,0.26684183228135877
679,0.15413274490271164,0.26689993588168537
680,0.1540433347578251,0.2667284711075231
681,0.15392048181979245,0.26657322544648815
682,0.15383325290745156,0.2667469577589826
683,0.1536644412387066,0.2667328317239203
684,0.15359497471504502,0.2666859660987974
685,0.15339801496705446,0.26665880750108567
686,0.15328144061037058,0.26672532745716077
687,0.15317286272404854,0.2667878809476446
688,0.15309481874120687,0.2666924127521557
689,0.15300338950706097,0.26669886966670964
690,0.1529436241916806,0.2666110094253907
691,0.1528757672600312,0.2665634430436426
692,0.1528081629895169,0.2665851401321369
693,0.15272669656531496,0.2664513497577764
694,0.15261026937690886,0.26670251155618135
695,0.15254152722000125,0.26662079056327453
696,0.15247645346828959,0.2665708252938213
697,0.1523723599305546,0.26678520292637325
698,0.15224289842777697,0.26673931038669446
699,0.15213005189584228,0.26677962406556927
700,0.15203402907338856,0.26674264877116216
701,0.15192485197058506,0.26654988715357275
702,0.15185495905669863,0.2664898313110733
703,0.15174117677376725,0.2664032445771908
704,0.15163442360361462,0.26646121611312085
705,0.15145179274464027,0.2664234245955459
706,0.1513827574408783,0.26640108866993845
707,0.1512659156969583,0.26650101241661195
708,0.1511471107364266,0.26626605319359564
709,0.1510930031834454,0.26627407068290837
710,0.15097899676552684,0.26595312855994285
711,0.1508753669088262,0.26599356792675855
712,0.1507519907016574,0.2660891809933121
713,0.15063637527601842,0.26594973595764015
714,0.15047074785892842,0.2658796656515591
715,0.1503435516156901,0.26593968229145903
716,0.15020135305294166,0.26555267856225706
717,0.1501250373678881,0.26539774215092343
718,0.15006167730179998,0.26552001998806973
719,0.14997381336143695,0.26547032007624444
720,0.14990858310929014,0.2654742762905533
721,0.14976840298666716,0.2653138795175371
722,0.14971342029513096,0.26530780299730156
723,0.1496035723298581,0.26534503804192144
724,0.1495317711517101,0.2651783023736497
725,0.14947766406873372,0.2652485847810194
726,0.1494182136904486,0.2651209484134297
727,0.14932192543233797,0.2650409466239322
728,0.14926069424038294,0.26507990594316655
729,0.14916098701810784,0.2650842599589479
730,0.14904484674172347,0.26506452570338607
731,0.14896115081638872,0.2648723914322146
732,0.14887976733648828,0.2648500213503286
733,0.14883502950064095,0.2647765345079894
734,0.14877453803544713,0.2646321629785263
735,0.14865550087886464,0.26445434412511704
736,0.14857436449409836,0.264329294580024
737,0.14848499485313627,0.26440563426548874
738,0.14841691053229467,0.26457043376123734
739,0.14834166323924863,0.2647066924189735
740,0.1482594410679205,0.2646390907647046
741,0.14819636700837227,0.26465266128125564
742,0.1481271144612216,0.26472075223409325
743,0.14804640192789673,0.2647044523521717
744,0.147945634457465,0.2648438546873221
745,0.14788297377608065,0.2647510619565339
746,0.14780077998053548,0.26484273512527606
747,0.14770950917306178,0.26492457424548627
748,0.14763531836542365,0.264828130743298
749,0.14758272420972907,0.2647157715020337
750,0.14748853713900728,0.2646898864471916
751,0.14742125114687712,0.2647396512831598
752,0.14734641076365962,0.2647514250192178
753,0.1472644566477993,0.26463196496326036
754,0.14715494035339555,0.2645418057080334
755,0.1470810677800124,0.26470448670246616
756,0.14698497705556868,0.26466722369042356
757,0.14683202177936364,0.2646609340763633
758,0.14677256059143384,0.2646411682175097
759,0.1466852502707719,0.2645767386880164
760,0.1465666238577881,0.26466287071183103
761,0.1464769198813773,0.26473892400343646
762,0.1463941782963647,0.2645850947408305
763,0.14632867053292856,0.26468279895554997
764,0.14625996007267963,0.264607879392215
765,0.14617103986508262,0.2644300670438731
766,0.1460868101398673,0.2644515929627695
767,0.14600104975741351,0.26456060220569266
768,0.1458764565608435,0.26443593355372935
769,0.14577202752262847,0.26457392016402953
770,0.1457011984023539,0.26452983075465225
771,0.1456251441102784,0.26467758866045266
772,0.14552362302864677,0.2646968974552384
773,0.1453923080331013,0.2647003152337417
774,0.14532952587895956,0.2647431417689564
775,0.14526125980115906,0.2647396775305519
776,0.14521986679773788,0.2648093733993802
777,0.14509349709924454,0.2646297445161686
778,0.1449505294432003,0.2645640308173237
779,0.14482838496605308,0.26443926570494847
780,0.1447570974103717,0.26445836525364114
781,0.14465061868857781,0.2644321412285377
782,0.14458494046263715,0.26442373323105095
783,0.1445251462109233,0.2644524138721309
784,0.1444476127731344,0.26443125554352936
785,0.14434510512384127,0.264358060046819
786,0.14429572430803586,0.26425198023892454
787,0.14424320297279553,0.26424572210818575
788,0.14410924718512874,0.2641209340340732
789,0.14405283928689994,0.26419013613108566
790,0.14391739727589745,0.2639360828815322
791,0.14382409650146136,0.26387144131794626
792,0.14377720638514266,0.26380569837993956
793,0.14367612381397435,0.2636322022743643
794,0.1435987645988839,0.26389655444787585
795,0.14346703525707652,0.2637947980453972
796,0.14331409656349617,0.2637339311620903
797,0.14319590004342692,0.26385750370518635
798,0.1430753127463368,0.2638246159954291
799,0.14301609616514202,0.2639015689340782
800,0.1429094067154918,0.263767149067304
801,0.14279721471348003,0.26375295540537314
802,0.14271675102553746,0.2637534345657945
803,0.1426552665247588,0.26390394328420513
804,0.14258141289931353,0.2638541272464345
805,0.14247377090019514,0.2637630058280812
806,0.14240671932522514,0.26360070005007163
807,0.14227486017615298,0.26333254667747474
808,0.1422243554843156,0.2634191113486596
809,0.14212100731403562,0.2632441348341184
810,0.1420452617214729,0.26322471226157795
811,0.14195951329389625,0.2631630538511629
812,0.14190754021371957,0.26327949804154743
813,0.1418501697738291,0.2632872336462883
814,0.141723896162156,0.2632885089874683
815,0.14161883809267745,0.2632019160246002
816,0.14151215312667212,0.2631659465391663
817,0.14145679591330315,0.26327479653156505
818,0.14136282981914164,0.2632832670272589
819,0.1412742439056539,0.26352028824456786
820,0.1411724201273209,0.2635362091161636
821,0.14109432699161475,0.26341402640309525
822,0.14100412506505608,0.26325455559204314
823,0.1409442614720135,0.26323414413890106
824,0.1408691750232559,0.26333925044694695
825,0.1408185438155209,0.26317054982370647
826,0.14074689844240573,0.26319792230376304
827,0.14065973741920132,0.26325387403978423
828,0.1405674615630832,0.2632955959556456
829,0.1405062663099936,0.26335808255951554
830,0.14044231149323946,0.263209066440992
831,0.14031976942712138,0.26325055192691554
832,0.14024906947291665,0.26334948639049044
833,0.14015852693024916,0.2634107072076182
834,0.1401020063256554,0.2633865125448817
835,0.14002998649273826,0.2632693668508544
836,0.1399853073049361,0.2633943365398921
837,0.1399304467035784,0.2635421858434975
838,0.13985521985952182,0.2635777352059191
839,0.13979551834512566,0.26346908218207443
840,0.13971438469138567,0.26346815141741475
841,0.13965598285058264,0.26341159733427
842,0.1395754075946924,0.2635452409893571
843,0.13952416449294638,0.26351488250804384
844,0.13945502728950465,0.26357957476495336
845,0.13936848967065937,0.2635654623233163
846,0.1393226457300545,0.26340627971790187
847,0.1392083008027665,0.2634116972242519
848,0.13911926618409481,0.26339247250719533
849,0.13906393763189548,0.26355762182737336
850,0.13898175880747057,0.2635744037447671
851,0.1389106617708223,0.26342995833962346
852,0.1388335286153372,0.26338873516869143
853,0.13869939571819648,0.2632174006936498
854,0.13863753884532606,0.263160035711026
855,0.1385382851654115,0.26306032810431057
856,0.13846026818376236,0.26295727141469527
857,0.13837676216341108,0.2630291992495907
858,0.138266748440394,0.2629522680471822
859,0.13817568729542246,0.26296853362704586
860,0.13811833903156673,0.263014084075446
861,0.13803909519272425,0.2630035407942679
862,0.13793545690305684,0.26291497410890935
863,0.13781337538588206,0.26273871221165856
864,0.13775172655192192,0.26268262108038476
865,0.13769054574118358,0.26265448520535245
866,0.13761392822716292,0.2626459488180662
867,0.13750037018689276,0.2625912743179508
868,0.1373910738154429,0.2627136403072037
869,0.13734305148544465,0.2626510865519963
870,0.13724411545201706,0.26274404487930236
871,0.13718973367074097,0.2627962513999416
872,0.13712633635807725,0.26293457672881426
873,0.13702015783342314,0.2629127566475758
874,0.1369522820296453,0.262966408073398
875,0.1368931225231326,0.2627167635296684
876,0.13677001371418523,0.26265008340057566
877,0.1366700378602558,0.26255678632206736
878,0.1365918008085039,0.2626253481397086
879,0.13648871960533354,0.2623995877386335
880,0.13643820445565585,0.2624617885418912
881,0.13635722865934688,0.2624532655961094
882,0.13628067073795583,0.26223345392920855
883,0.1362338338685693,0.2621228257237947
884,0.1360938741246205,0.2621988551706203
885,0.13597885207132426,0.26220033963740297
886,0.13591593028655108,0.26209306465809534
887,0.1358377899852727,0.2622208363393639
888,0.13573946550351212,0.26224555241946274
889,0.1356775953753791,0.26232077854260577
890,0.13561282521875354,0.2623763585603281
891,0.13555054111544868,0.262484496372906
892,0.13549957663803827,0.26240676525353823
893,0.13541592443109796,0.2624295586224159
894,0.13527860477500764,0.26255242351860547
895,0.1352375539794262,0.2625306015746785
896,0.13518603628692802,0.2625495596728882
897,0.1351139213263451,0.26254365948083946
898,0.1350524650041957,0.26244929530985284
899,0.13498216870840057,0.26250882006906445
900,0.13491758534492881,0.2625395627127173
901,0.13482281992992748,0.26258102698317676
902,0.13476396514663747,0.2626609646883662
903,0.13467603585639837,0.262596145767338
904,0.13460868026170966,0.2625728539360145
905,0.1345384825064688,0.26271004806583204
906,0.13445857074559062,0.2625858344843386
907,0.13440370104846924,0.26255209719359723
908,0.13432196112556283,0.26248304435315156
909,0.13424583351641423,0.26244143117464874
910,0.13418707882268957,0.2623752114984426
911,0.13411877575628023,0.26234687416867564
912,0.13401059682805577,0.2622057570598664
913,0.1339259189704932,0.2622487802813684
914,0.13384907578288505,0.2623063556180106
915,0.13375570078329224,0.26223272478152226
916,0.13366034507942565,0.26212493609486737
917,0.13354338749091016,0.26211395809233146
918,0.13347827103699172,0.26196526832274664
919,0.133418808433544,0.2619115292624153
920,0.1333507241470062,0.26206231456639084
921,0.13330622440948017,0.2620125549473926
922,0.13323593441717216,0.262107738643199
923,0.13319796238869597,0.2621094775675603
924,0.13313882827368897,0.2621222291024957
925,0.13306556513999743,0.26214471758403857
926,0.1329969569338236,0.262039678661548
927,0.13291462364400933,0.26198978051088906
928,0.1328350817310998,0.26186984115032064
929,0.13273344874716608,0.2619877419785757
930,0.13262835071318133,0.2619881752839468
931,0.13257841788269648,0.26183564263687176
932,0.1325082972049178,0.2617238670231011
933,0.1324335130089902,0.2618560704523781
934,0.1323773286486394,0.2618060764663314
935,0.13231167464330826,0.2619098946981039
936,0.13223907517817132,0.261832957290568
937,0.13217768385143763,0.2619004928304282
938,0.132111391397676,0.2617010269301334
939,0.13205424674900976,0.2617398520293225
940,0.13198997700866433,0.2617614558579591
941,0.13192835014116533,0.2617703537494292
942,0.1318556620881566,0.2617147066005861
943,0.1317629660930664,0.26158771597599767
944,0.1316672798485849,0.26167119741244155
945,0.13157294583712928,0.26166349132014083
946,0.1314885618246528,0.26173755089577694
947,0.1314277051905002,0.2618280411904859
948,0.13133040498754664,0.26177325173675753
949,0.1312713751213329,0.2617217332837913
950,0.13120811400853574,0.2616390938150065
951,0.1311644144356294,0.2616949553462052
952,0.13110046691502922,0.2616818657342533
953,0.13103627552564637,0.261791433324554
954,0.1309627895354909,0.2617927255881519
955,0.13086853614164204,0.2620620295270158
956,0.1307436753667169,0.26196796813725237
957,0.13068004389979235,0.2619024038180514
958,0.1305767105910795,0.2617742965290111
959,0.13048929810233498,0.26170002791230923
960,0.13041500827783567,0.26179893608909927
961,0.13033869968726175,0.26187396535085505
962,0.13030852050957825,0.2618265316911865
963,0.13025853593604586,0.26178567466363806
964,0.1301841955559815,0.2617844996588384
965,0.13010240037381582,0.2617858444222927
966,0.1300498210427936,0.26176770181624476
967,0.1299772088705716,0.261876372302012
968,0.12993454395900905,0.26188828798850594
969,0.1298645721220931,0.26187658680575393
970,0.12977504927381922,0.26194752933963095
971,0.12967718731245578,0.26191979548504274
972,0.12959916410074038,0.26191632207083926
973,0.1295488224846465,0.2618902185408684
974,0.12944900120255187,0.26190409453155633
975,0.12938799307842128,0.261855629949488
976,0.12935213833323378,0.26174761557034465
977,0.12924038828108675,0.261629169547259
978,0.12919184670266606,0.26174866012793957
979,0.12912394994020773,0.2618291175490372
980,0.129062344673464,0.26173688190695094
981,0.1289902617985894,0.26168622628466826
982,0.12887524851793347,0.26166192826991624
983,0.128822295321969,0.2616129301904957
984,0.12872858342499,0.2615209872234071
985,0.12864299791011002,0.2612757321069666
986,0.12854299006021933,0.26114482286931506
987,0.1284815521700129,0.2609997611222961
988,0.128447158525004,0.26089164647814467
989,0.1283948216686769,0.2609815838397206
990,0.12833065980353103,0.26100756703097383
991,0.12827996861577726,0.26097922147335595
992,0.12821977112709748,0.2610652097220444
993,0.12815590562292542,0.2610788341015992
994,0.128109025343219,0.26112214787707416
995,0.12806015825109676,0.2611915049744186
996,0.12803056279581979,0.26120035248085044
997,0.1279822612198785,0.261422947360049
998,0.12793686296480863,0.26136247237639426
999,0.1278465681795013,0.26149852943128266
1000,0.12775890221944275,0.26166104166882365
1001,0.12769636347237748,0.26162998856188746
1002,0.12764917513253377,0.26170035819520726
1003,0.12754162168764102,0.2617114511357493
1004,0.1274754685443488,0.2616596880249583
1005,0.12742463026498851,0.2616210566453083
1006,0.12736793608255714,0.26145779060626095
1007,0.12730701007701442,0.26132976357514437
1008,0.12723980169211277,0.26147380668954967
1009,0.12716492412238292,0.26156250918441426
1010,0.12707974475926231,0.2615103670039916
1011,0.12703465131030542,0.26151326799034397
1012,0.12697127098232855,0.26152412411069825
1013,0.1269211474027082,0.2614249257786679
1014,0.12684949000205928,0.26144125280928265
1015,0.1267830293511617,0.26159288414679754
1016,0.12667937189177791,0.2614842245921343
1017,0.12662073888009517,0.261344649068492
1018,0.12653822118164468,0.26135748132063236
1019,0.1264941530880005,0.2612172458333428
1020,0.1264444740556497,0.2612546537478082
1021,0.12638238442057514,0.2613403398486212
1022,0.12631517088430094,0.2614522082516751
1023,0.1262645947867648,0.26148930096839795
1024,0.12618642430689747,0.261469987710784
1025,0.12609639784563062,0.2616522421773176
1026,0.12605760995562915,0.26171068595023766
1027,0.1260016610504107,0.2617814522988242
1028,0.12595376241122935,0.26183924554354004
1029,0.12587894319758125,0.2619982937300017
1030,0.1258041403902889,0.2619934602385412
1031,0.1257148644464349,0.2620915780115023
1032,0.1256322041789375,0.26220826108991335
1033,0.12555787002239344,0.2622103508944116
1034,0.12548059115825771,0.26207156895867867
1035,0.1254294955577165,0.26198905569696396
1036,0.1253934172925039,0.26205173633670015
1037,0.12535022459686665,0.26207766530089155
1038,0.12528938125111508,0.2620237676708688
