0,0.6275914629287158,0.6287215221541664
1,0.6075990119275587,0.609630835725522
2,0.5896836440295414,0.5917066452833987
3,0.5738977752358905,0.5774071087492073
4,0.56015995340479,0.5657289676905723
5,0.5480077752932758,0.5545114106919914
6,0.5367465373117933,0.544088442485293
7,0.5263149219190952,0.5358752012678659
8,0.5174936620721851,0.5278375154455608
9,0.508708566834131,0.5196532675090952
10,0.4998291064512417,0.5119531321769025
11,0.4924873896541636,0.5069936792016044
12,0.4854157917167104,0.5021309909341786
13,0.47830171013526235,0.49601269266174586
14,0.4723794897872149,0.49156888255746967
15,0.4664845263135325,0.4868632948305079
16,0.4595720741648818,0.4814788039291441
17,0.45359793961104933,0.4757580316596836
18,0.44751919508651294,0.4723029832127276
19,0.4420935620838225,0.4690230770206747
20,0.43687062495621903,0.4641779834519221
21,0.43213417256984743,0.4619934090837895
22,0.42754633483547405,0.4589712546171739
23,0.4229614303416064,0.4550627370764317
24,0.4185512609663666,0.4528191431836792
25,0.41431052613172104,0.4498695343180354
26,0.41064734981853446,0.44790407412896127
27,0.40692026306553125,0.4456396923893373
28,0.4029111782409222,0.4433623230842749
29,0.3993159869375174,0.4420005945918185
30,0.39579340784529066,0.4398225925410877
31,0.3923539550381163,0.43816293872834616
32,0.38919102339927464,0.4352638162749374
33,0.38598792184013425,0.43301335560971155
34,0.38260011819324585,0.4316441919170037
35,0.37947275879909437,0.4303872514617701
36,0.37667247285782474,0.4284280679293765
37,0.37363716245241446,0.42524712308988505
38,0.37085887592858824,0.42244877530180375
39,0.36837382632244076,0.42092832124608875
40,0.3655336962919393,0.41868811148925666
41,0.36305441178787323,0.416857442810527
42,0.3606484602206932,0.41537174717633757
43,0.358000870761584,0.4134034288966991
44,0.35559164595700415,0.411775065060368
45,0.353050372959276,0.4096620168498924
46,0.3504389323021302,0.40856240218308326
47,0.34816597998557647,0.40737527548875846
48,0.34607722809539465,0.4066375467036339
49,0.3437496746440809,0.4057669994223721
50,0.3416114593135992,0.40497874829446867
51,0.33943429109109063,0.40416193815012547
52,0.33729157573670243,0.40260659027955886
53,0.3351492268639607,0.4020789585302361
54,0.33319460645117777,0.40196935985956694
55,0.33127479464819143,0.40055885853819145
56,0.3292993008904578,0.4000407374926622
57,0.32763501999090694,0.39927389122894574
58,0.325799566336822,0.39865383712940705
59,0.3240876545942248,0.3979860106109665
60,0.32218453189884827,0.3963949082947797
61,0.3205668291304045,0.3960817438271286
62,0.318887036447619,0.3963941305793273
63,0.31697043126999364,0.39582976498896977
64,0.3151557376323556,0.39522685187411755
65,0.3135820297167448,0.3943210878839089
66,0.31193858484420967,0.3940541025723023
67,0.31036164516014514,0.39367556844642426
68,0.30879164139369186,0.3922947260054497
69,0.30730461536111753,0.39124855840617284
70,0.3055271351780793,0.39034449623711376
71,0.3039057343373846,0.38934437551982376
72,0.3021627720748112,0.3878970616026428
73,0.30084509331569664,0.3875144053236349
74,0.29968355474547237,0.3870668836506589
75,0.29826160493182663,0.3866023181857612
76,0.29663362905558865,0.3854698559487153
77,0.2951840932475349,0.3849962109913439
78,0.2934759825302208,0.3847043113291748
79,0.292082560731425,0.3842312439920544
80,0.29083339478685843,0.3836256538357909
81,0.2893060078258893,0.38292739138797594
82,0.28779587104995885,0.38314809832264624
83,0.2859282980072924,0.38240303939045095
84,0.2845220505480689,0.3821459291105376
85,0.28319769677473167,0.3815048978988788
86,0.28130637746277537,0.3806159535347866
87,0.27971118962135905,0.3803314919675362
88,0.27824829978762333,0.38024818979012326
89,0.27678019898127293,0.37924132468671273
90,0.27566347828983034,0.37853657168639737
91,0.2742019032942589,0.3794589341888453
92,0.272958948719356,0.37861307198985206
93,0.2713425007738043,0.3771261972280461
94,0.2700911055033795,0.37673400192813544
95,0.26876093907077964,0.3761638106273856
96,0.2675594161342105,0.3759383375873647
97,0.2663492890195051,0.37543256459476304
98,0.2652240159571031,0.37527354763500237
99,0.2637510205906734,0.3751575919602535
100,0.26239748633283977,0.3743421547977974
101,0.2611868432518158,0.3741017215603021
102,0.2599820699891256,0.3734459785672117
103,0.2585451990167854,0.3726393093809775
104,0.2573051103851363,0.3715354458560387
105,0.2561526309500734,0.3707532482318721
106,0.25490580787274686,0.37030256077425605
107,0.25397901240387305,0.3707592302212915
108,0.2529161300636134,0.37040628770164896
109,0.25188382373086676,0.3702161478261561
110,0.25083002557482054,0.36956340863465764
111,0.2499787127541448,0.3692978180403066
112,0.24908719122518327,0.369013631492978
113,0.24815854924647782,0.3689290763630542
114,0.24699819718750018,0.3683538514220513
115,0.24574724675406323,0.3686470617066299
116,0.24451413373616185,0.36851632046275806
117,0.2434349081007477,0.3686743786690543
118,0.24240638956295987,0.3682235418485901
119,0.2413155608342531,0.367498265224915
120,0.24020460806024596,0.36721286817786475
121,0.238941126540411,0.36743425949695596
122,0.2380847797810375,0.36764865323456153
123,0.23723121458172294,0.367258219648874
124,0.23626299922321028,0.3668231282281708
125,0.23543239374423353,0.3660501279221466
126,0.2346256077332074,0.36607634694767505
127,0.23374205845514984,0.3661080744005715
128,0.2327658709280851,0.36602163154700285
129,0.2317615036611628,0.3659261974231357
130,0.2306556439754952,0.36568626816353
131,0.2292108034762271,0.3657130933466428
132,0.2282948970561618,0.36591999409459963
133,0.2273294626812417,0.3658441593025703
134,0.22630691928272392,0.36610529108419765
135,0.2254146822568191,0.3660686300029932
136,0.22458639187256568,0.365652117168208
137,0.22329255484304542,0.36487108896655884
138,0.22251696654187658,0.36468521864987496
139,0.22158528059730176,0.3643696770494547
140,0.2207665564470387,0.3645894084969552
141,0.22001772930027366,0.36444826667029906
142,0.2192516187845722,0.3641518116399622
143,0.21817671784937573,0.36419886268425766
144,0.2173757505650003,0.36387951909795224
145,0.21644766630018508,0.36332495474849036
146,0.21538017673847842,0.36294396515116095
147,0.21438041041859715,0.36173583187749797
148,0.21360853468367852,0.36199953578762767
149,0.21257565346585364,0.36150174928581047
150,0.2116818602517968,0.36143293687905315
151,0.21084995368906356,0.3614506194699324
152,0.21002234849000573,0.3615927965794997
153,0.20920796842968234,0.36112629610980257
154,0.20843862604154642,0.3607450637503367
155,0.20765614845648905,0.3607541977061881
156,0.20688343149913765,0.3606177865238035
157,0.20615758812770987,0.36023548110575415
158,0.20526396028966265,0.3599374796684411
159,0.20442261475348103,0.359532176462934
160,0.20356903997122874,0.35946010228460923
161,0.20271804494419382,0.3593273726937099
162,0.20209108688087585,0.359556701129041
163,0.20120113086525562,0.3590538976439668
164,0.20042522000945054,0.35927641506720337
165,0.19971271470808663,0.35911839315403155
166,0.1988731771860063,0.3586638026623659
167,0.19813586804104508,0.3584626952900921
168,0.19712922088333282,0.35798537769904093
169,0.19632260446903133,0.35750859233024357
170,0.19556737964966064,0.35697962340187217
171,0.1947364371850988,0.3568777508433202
172,0.1938692459333669,0.3569332907362049
173,0.1932893697126765,0.35667778792843463
174,0.19265332367146595,0.35694204308812755
175,0.19184518549384083,0.35654064257914836
176,0.19101248296843729,0.35631189331592084
177,0.19020671285812174,0.35602543486533306
178,0.18945724896611849,0.35563515481999114
179,0.18878037824714647,0.355174071456365
180,0.18795827158355402,0.35469466761957075
181,0.18724203385510801,0.35528925602134925
182,0.18654196137891838,0.35530067706273455
183,0.18592215448970287,0.35531307088131053
184,0.18534381386638002,0.35532480153528156
185,0.18442960437358602,0.3553416739068508
186,0.18365416484441213,0.3548961969461106
187,0.18308164945454625,0.3548125097481552
188,0.18236495247487933,0.3543377392028627
189,0.1816717764739124,0.3545924182358221
190,0.18075841326449837,0.3544059305507403
191,0.1800979824538482,0.3539783464888057
192,0.17951533312226697,0.3542925453479199
193,0.17892425622942562,0.3545231062229982
194,0.1781422843526226,0.35417818867355627
195,0.17720796295233238,0.35427271539522504
196,0.1766689377864358,0.3542270173709262
197,0.17606826700774644,0.3543098208887217
198,0.1755012323454492,0.3542654779688547
199,0.17464934268295235,0.3534481558203505
200,0.1740601396712631,0.3536340681459057
201,0.1733300612631081,0.3530962197742151
202,0.172776552168258,0.3530339595602572
203,0.17199581479471374,0.3527201977643862
204,0.17144997064703799,0.3526053672365944
205,0.17085361013136546,0.35273217006532714
206,0.17022742041793015,0.35309173753623785
207,0.1695895007973384,0.35264844133460493
208,0.16892063661541307,0.35222942078413577
209,0.16834284046131487,0.3522424906164926
210,0.16766745184411247,0.35255798526411053
211,0.16684957004958792,0.3523158826761169
212,0.16622244926041377,0.35252036792235864
213,0.16555137927198135,0.3528124926499706
214,0.16496628081590503,0.35273265441221896
215,0.16441764571750156,0.35227674939056414
216,0.1638271933513864,0.35208097468754895
217,0.16306421990671455,0.35182688602635703
218,0.16245858419584516,0.3517868599202527
219,0.1619066117667102,0.35184682396683803
220,0.16135473040539874,0.3524660455463827
221,0.16067958886661082,0.3529348219659646
222,0.16007513030769718,0.3529246336279668
223,0.15943069309227617,0.35258111997994823
224,0.1589838034600475,0.3531062585155819
225,0.15830745069458305,0.3528557708677154
226,0.15785951903202608,0.3529955181807404
227,0.157372871134528,0.35323414208947823
228,0.15681403762815152,0.3531679542232817
229,0.15623012091566624,0.35334012944723187
230,0.1556695735910906,0.35303413389517424
231,0.15502801459653423,0.3532824797265974
232,0.154477028975196,0.35277961102474553
233,0.15374225150407256,0.3521996011351454
234,0.15310552140656142,0.35200715478311484
235,0.15252005043435257,0.35164101934242314
236,0.15191860534040708,0.35121691707293934
237,0.1512704958861839,0.35131930455675503
238,0.15070898234853036,0.35089254966627875
239,0.1502790873410344,0.35067564653295646
240,0.14966472585663063,0.35163303974828214
241,0.14911568713860984,0.351344219604292
242,0.14857920002156877,0.351342101169332
243,0.14802088696356655,0.35121643101885974
244,0.1474237946892508,0.3511060072685863
245,0.14687286547002645,0.35103613559355845
246,0.1463301855567342,0.3509946247489713
247,0.14589215326227858,0.35130960637465536
248,0.1454401884159942,0.35097880441967044
249,0.14502553798134904,0.3509239790972164
250,0.14450910808782294,0.35097436099170937
251,0.14396286814925538,0.3509363157827568
252,0.14333453875978175,0.3507485683441966
253,0.14278826797966845,0.3510143377889758
254,0.1423412373053197,0.3508690140315786
255,0.1418393754168302,0.35092985435305196
256,0.14133898809623052,0.3509262372167096
257,0.14085753070162074,0.35085717897686747
258,0.14037839170927063,0.350767670152927
259,0.14001233066568464,0.35099673840612444
260,0.13950706641984215,0.35072689660177914
261,0.13902618633191854,0.35081895897140236
262,0.13842169812942676,0.3504333642486917
263,0.13792019927024385,0.3503584172163657
264,0.13732766683787842,0.35028878475275366
265,0.1368589265041155,0.3502933730099272
266,0.1364100012842596,0.35000863954597533
267,0.13591685082977212,0.349840194644816
268,0.1353755149505875,0.3499248862525805
269,0.1349950707125215,0.35044361213191605
270,0.13452713321500973,0.3502581136135299
271,0.13414777449522416,0.3505776090460846
272,0.1337349902587133,0.350635342733154
273,0.13309212709559012,0.35042071140246406
274,0.13259341546540987,0.3503757731227525
275,0.13223707383041755,0.35050781444284923
276,0.13183320149065678,0.3506949095447908
277,0.13123431543216754,0.35106439948680596
278,0.13082547026637836,0.35086649822184895
279,0.13039724413145135,0.3512227990074928
280,0.13001130999399566,0.3511564230498078
281,0.12944298553559316,0.35122747124293763
282,0.1290373104405469,0.3513328507615243
283,0.1286340023472764,0.35107848272118886
284,0.12828731369292576,0.3510949013952341
285,0.1278796435938538,0.3511193687639981
286,0.12740106378932864,0.35145433544634735
287,0.12701641901611135,0.35147238794645247
288,0.12658259323630122,0.35133205857957284
289,0.12619294544451184,0.3510161748764994
290,0.12582572614722767,0.35104475355716913
291,0.12542437088470693,0.35113375613909353
292,0.12496956321759503,0.35136830954882314
293,0.12452698005697996,0.35135155752607916
294,0.12417291783082307,0.35193507391396234
295,0.12386376087941696,0.35177873428910317
296,0.12337822815797841,0.35153461616083176
297,0.12294173437542734,0.3515901413922407
298,0.12261801573125922,0.35212714781592086
299,0.12227080211440682,0.35249221451587154
300,0.12198448394241328,0.35272960723674346
301,0.12148536696917209,0.35261827823624264
302,0.12112549746201566,0.3527353119404628
303,0.12073928727184165,0.3530360909500414
304,0.1202919078947263,0.35319012618155954
305,0.11987614055185139,0.3536454606949045
306,0.1194787287565725,0.3531308839076357
307,0.11915425728524263,0.35323978679521
308,0.11878111572465143,0.35354488983976884
309,0.11841177418870784,0.3534448093359094
310,0.11799773472784508,0.35346485111711273
311,0.11756390629754061,0.35348967046766117
312,0.11716326311027779,0.3529313368701615
313,0.11682666963352917,0.35336954280817623
314,0.1165015046674542,0.3530161028509597
315,0.11613187002884848,0.3530430996153105
316,0.11579551606165363,0.3534337168121465
317,0.1155164918010125,0.3535019094098265
