0,0.6359477415164556,0.6396783855208862
1,0.6133383639747163,0.6209059703229501
2,0.5932930204342322,0.6040475010666929
3,0.5752228668443246,0.5905271548039809
4,0.5600424894990991,0.5778465015503192
5,0.5469361457655485,0.567837820510971
6,0.5353695681590617,0.5581754633538197
7,0.5250085967484657,0.5499791650986651
8,0.5156663514879619,0.5412307817713756
9,0.505752029614716,0.5332950043719398
10,0.49669737297668504,0.5262246851716751
11,0.4889092197661477,0.5200791504568801
12,0.4814495231864554,0.5147430581560031
13,0.47425958002895874,0.5091637937025424
14,0.4676517972826682,0.5042421100953299
15,0.4614998953646904,0.5002700674680999
16,0.45547835711202495,0.4954990228346971
17,0.44949299380010227,0.4904582822278408
18,0.4439586750557308,0.48732102187925014
19,0.43857885549347814,0.4838594205221248
20,0.4324136223078647,0.4798944495154271
21,0.4268527309836859,0.4759792905954138
22,0.42196505817237395,0.4737431169003518
23,0.4170047295079489,0.47017527591533864
24,0.4129912214759008,0.4681399867427339
25,0.4089632759595472,0.46479685069576665
26,0.40482251700971056,0.46138993972290626
27,0.4004757338009643,0.45931482171790855
28,0.3964150125067245,0.45706590351648
29,0.39301790174534357,0.45483063586896527
30,0.3893495551668859,0.4532539013943074
31,0.3859801944966953,0.45154862505411114
32,0.3826410077896507,0.4497144266044429
33,0.37908987139593076,0.44696600800488373
34,0.3762555454604806,0.4457538349010313
35,0.37346055668164363,0.4441352477607978
36,0.3703374942587142,0.44235016438491426
37,0.36770370566820954,0.44046478360032193
38,0.3651733587895822,0.43949639408155383
39,0.36282933488916347,0.43878760909576986
40,0.3601300134708199,0.4379842550506183
41,0.35712660791189765,0.4367209340462865
42,0.3543897645168631,0.43584317005751766
43,0.35207037200324837,0.43502286061623185
44,0.34932570332094554,0.4344769153088147
45,0.34695605355395,0.4335834025451525
46,0.3448740641554377,0.43303399564501227
47,0.3428528626197352,0.43217980277036433
48,0.3402503539588963,0.43137994523591705
49,0.3377568279434115,0.4300370004698777
50,0.33540777086603596,0.4292989781516436
51,0.3330972511557935,0.42843242555081806
52,0.3310862750227069,0.4276864928474186
53,0.32938394862974657,0.4270465324138813
54,0.3271970799267028,0.4258944282163281
55,0.32530843790170133,0.4253147033581255
56,0.3235961316753018,0.4248416433912607
57,0.32155859821653565,0.4241421700244006
58,0.31961503935732827,0.4241379117067058
59,0.31775035603579127,0.42330205632678003
60,0.316038756489593,0.42284369592077886
61,0.3144381640593574,0.4224640730752473
62,0.31278472192719103,0.421789730124384
63,0.311186311092175,0.4204050619966993
64,0.309024571003885,0.4200898144444904
65,0.30740617422860717,0.4193713003554854
66,0.30570071502620066,0.41874967555883885
67,0.30393493557907125,0.41804880532204286
68,0.30213762938817595,0.4174164128372443
69,0.3006162185107749,0.4166305023919916
70,0.2989385305324855,0.41643147519088125
71,0.2974964979125516,0.4158690930083006
72,0.29610996286560975,0.41526247577940045
73,0.29472191662560576,0.41527409023988165
74,0.2933889729615109,0.4144759774137997
75,0.2918838041597047,0.4140582898075112
76,0.29047001188683064,0.4136922505361623
77,0.28889490883735003,0.4143156858550337
78,0.2875741055462108,0.41372677882148823
79,0.2860840507083311,0.41318330789539137
80,0.284929562774062,0.4132122349165026
81,0.28341506447215314,0.41363154444141287
82,0.2819814704453292,0.41316968042527774
83,0.28057329314389995,0.4129475987678506
84,0.27928770546424814,0.4125089574127527
85,0.2778338817140086,0.4120368382740811
86,0.2765095644988018,0.4116968311667978
87,0.27526967587551476,0.41077628320640563
88,0.2738763796191736,0.41048751213595114
89,0.2726465666324252,0.4104290643018211
90,0.27107300933337797,0.4100355623723446
91,0.26988963737237215,0.4096694185404368
92,0.2687961252742288,0.4099625703806228
93,0.2675872744366484,0.410607717490679
94,0.2664193835824716,0.4104347554454362
95,0.2653335955421418,0.4104715929906771
96,0.2637004979302553,0.4096308496670163
97,0.2625522802266151,0.4095789026863475
98,0.2614142233994555,0.40933123405970845
99,0.26046158840777534,0.4086560297950746
100,0.25943237538233,0.40830852740195595
101,0.25808730460871315,0.40866364827384183
102,0.25698828172478977,0.4083556880147708
103,0.25572102554836035,0.40784955708220727
104,0.25460807968838406,0.4075320932137521
105,0.25349316672997435,0.40745455751238174
106,0.25235839690892464,0.40754676047076255
107,0.25109481689784185,0.40832573886710866
108,0.249866835467645,0.40799905023726457
109,0.24896368062529092,0.40797200434641934
110,0.24779930596561023,0.40817224205144087
111,0.24660163496701676,0.40763788584931016
112,0.24537399921342767,0.4076057386485266
113,0.24422588003794923,0.407297755050963
114,0.2430507485973415,0.40670354202055287
115,0.24197052316036657,0.406238633430365
116,0.24111107514652472,0.4061744149514297
117,0.2400881229679373,0.40661745105196007
118,0.23908638507819113,0.40635813197837656
119,0.2378787763733816,0.4061052179712739
120,0.23675473576486283,0.40597993648662484
121,0.23588395642702054,0.4056672281507195
122,0.23490232745775827,0.4057415611682578
123,0.23386477814695955,0.4062112070422478
124,0.23300917476886207,0.40613934120306966
125,0.23184101534900792,0.40575208195273743
126,0.2308222319068089,0.4057792566285174
127,0.22985880604215472,0.4052318851244091
128,0.22849952129744508,0.40432560323520345
129,0.22743092044845628,0.4039792804514396
130,0.22645800798192758,0.40354236268520727
131,0.22532427856885595,0.40322749334869185
132,0.22436907011094792,0.4035372682902572
133,0.22353941103102068,0.4036298035971623
134,0.22264069078301155,0.4036689594409985
135,0.22186315634189058,0.4038032853147928
136,0.22076210087609907,0.4036399533018706
137,0.219908832375284,0.4042352512921792
138,0.2187666393584033,0.4039330001158062
139,0.21754783246338646,0.4036013864326645
140,0.21682030881646477,0.4034688467456454
141,0.2158570994076965,0.40311833361342575
142,0.21504790505632354,0.40306080344293477
143,0.21417769307770437,0.4030950722710371
144,0.21332110149429687,0.4031075544143908
145,0.21215291789652316,0.4028742750394943
146,0.21143718485780214,0.40256816284590163
147,0.21056666425479004,0.4022134201364233
148,0.2097061352388388,0.40213233459647474
149,0.20896494652508874,0.40231458918818874
150,0.20816741723213358,0.4020893890036542
151,0.20741967728617086,0.4018958953305663
152,0.20665701531107233,0.40218510290542797
153,0.20575909070869178,0.4025653747903898
154,0.2048436082120659,0.40268626482782377
155,0.2040853384919547,0.40271077256247045
156,0.20327933690675815,0.40303161810126703
157,0.20261987911632096,0.4031552227426328
158,0.20180826165922497,0.40304489147076367
159,0.20110266573378155,0.4030296695926521
160,0.2000527629723282,0.4033002967230211
161,0.19926935394429787,0.4032951701977321
162,0.19844232426804906,0.40335043683436805
163,0.19750733385266223,0.4031735584321817
164,0.19674303478501842,0.4034391022138115
165,0.19577946676364744,0.40326233534972966
166,0.1950525892513558,0.40327873818891324
167,0.1943023876632528,0.4032362940451451
168,0.19366024062522963,0.40281489419043
169,0.19280456644683797,0.4035094790010743
170,0.1918713095792539,0.40356741031144117
171,0.1910957444378734,0.40381285297815717
172,0.19043271490761998,0.4040444281971583
173,0.1895476507948908,0.4046423239730357
174,0.18875836059283396,0.4047750013497479
175,0.1881061190745336,0.40483706264117003
176,0.187488587180952,0.4046745722602119
177,0.18657625112673437,0.40467586466035393
178,0.18596889614184894,0.4049223070959263
179,0.18542535722787173,0.40543251608483266
180,0.18458819018612432,0.40562502928053407
181,0.18389791660294225,0.4053318535603453
182,0.18325968108373938,0.4057133626952607
183,0.18263783695856345,0.4054408729294709
184,0.18198074898332403,0.40537587053106805
185,0.18137295785238047,0.40526888321770815
186,0.18083451300098813,0.4052470521928583
187,0.18018815507989283,0.405214093690658
188,0.179557810829535,0.4054292838447728
189,0.1788733874475675,0.40551852958273105
190,0.17829159700507824,0.4054743397576683
191,0.17750078756080584,0.40529948668072896
192,0.1768017547485509,0.4055406031147636
193,0.17615872470714766,0.4054209174757454
194,0.17551660126704147,0.4053395396557936
195,0.17484018265117426,0.4050805557451662
196,0.17402529742197764,0.404511573129747
197,0.17334712225058396,0.40479575559463365
198,0.17283755581288934,0.4049705898736811
199,0.1722583761483145,0.40445732196011913
200,0.17169787003405318,0.40544040859220765
201,0.17102580540630857,0.40552078608532044
