0,0.6772030519182219,0.6796170834402876
1,0.6650475071422596,0.6694190611484916
2,0.6500756529755861,0.6567496260541039
3,0.6367243413288789,0.6449691467914005
4,0.6245376941623147,0.6344105533102309
5,0.6138641982088952,0.6256167571814006
6,0.6025207515765585,0.6151766148411747
7,0.5940628766446336,0.6073938583046202
8,0.5862434759554868,0.5999651508338036
9,0.5797962927779696,0.5941154078351999
10,0.5713028627586387,0.5870256133168151
11,0.5644540323735765,0.5806017034997718
12,0.5578925340477512,0.5743322922773173
13,0.5504127276848146,0.5667024168612464
14,0.5457882243364915,0.5623080758626099
15,0.5421661318309592,0.5585711493321696
16,0.5366894437338415,0.5534647007841194
17,0.5313194541390094,0.5484056596648806
18,0.5269021186293227,0.5447016965353042
19,0.5228610314722261,0.5410340798004616
20,0.5200486567473084,0.5385201031451009
21,0.5154082977008385,0.5344513448140402
22,0.513003147382239,0.5322508004632638
23,0.5097367968976482,0.5303734775841642
24,0.5062734982520224,0.5275318295859255
25,0.5022817186512961,0.5244784676397838
26,0.4994094855679648,0.5216935659610015
27,0.4964817718317387,0.5184517287178906
28,0.49308219785030766,0.515508683979399
29,0.4912203077070303,0.513810962539833
30,0.487874703346391,0.5120229533495525
31,0.4849901180748835,0.5095717080655986
32,0.4814054434899927,0.5066912751987319
33,0.4787637427697382,0.5047549494647543
34,0.4762017109463084,0.5026206497333155
35,0.4732006801606926,0.500643799273863
36,0.4711154411228567,0.49927845567542956
37,0.46877902950239725,0.4967113856599088
38,0.46629177678219863,0.4945498352082881
39,0.46366879672398964,0.4922364476849925
40,0.46143560379668735,0.49063801185893346
41,0.45916423128886796,0.48818302920792184
42,0.45780185587800687,0.4875007158799996
43,0.4565051840679799,0.48650562455857377
44,0.4545361388641125,0.4849642847969862
45,0.4528444214573092,0.4843975179803176
46,0.4514915561488136,0.4833143923922812
47,0.4499637979004476,0.4821013702285891
48,0.44831166613306395,0.48039269865712386
49,0.4466599965905768,0.47917131357685055
50,0.4449650007810915,0.4781370084181177
51,0.4431106280491146,0.47657653792704424
52,0.4412692425063039,0.4752531864599319
53,0.43998683562062574,0.47444133834411023
54,0.4388576368583421,0.4737719949464281
55,0.43716175100580745,0.47286704291227305
56,0.435965942439975,0.47230628959585014
57,0.43418883712297074,0.4712843378840693
58,0.4329005619390377,0.4704509224870922
59,0.43177294668214933,0.469599400868429
60,0.43024157713916517,0.4682825413662294
61,0.428741856178546,0.46695931047962425
62,0.42721216419887487,0.4659890383605725
63,0.4258671749167552,0.46496789304921726
64,0.4245949393458824,0.46373315606398596
65,0.4233011250875786,0.46278236374865506
66,0.42196228956823867,0.4617182477699401
67,0.4203491038068825,0.4604533129120778
68,0.4192967321058997,0.4599047975298252
69,0.41777939179199747,0.4591947653849946
70,0.41649765024582547,0.45843128578688275
71,0.41485166454162353,0.4571654749968869
72,0.4136093304776386,0.45628959796505175
73,0.41252995931752423,0.4557983209998967
74,0.41112766736695416,0.45520567695405123
75,0.40974298590843933,0.45506266559201053
76,0.40800821577611657,0.4537413306521128
77,0.4062973960708239,0.4524903906359773
78,0.4052761938297856,0.452104922540937
79,0.40423033848511236,0.4515878906114449
80,0.40293368701991694,0.45063765312418896
81,0.4019343848112491,0.4501005929999738
82,0.40087923389336844,0.44954391962074025
83,0.3998416315910916,0.44916733635400663
84,0.39855237296794005,0.4487969286404927
85,0.3974453194995989,0.44794390967149356
86,0.3961387269510074,0.4472324450535549
87,0.395213221677658,0.4468933769227522
88,0.3938461186242677,0.44602022577184636
89,0.3930513870237903,0.4455364277223112
90,0.39199134986232176,0.4448361465438853
91,0.3907434898082727,0.4440089679641855
92,0.3896435547995246,0.44325611520728975
93,0.3887375997344464,0.4428797519675402
94,0.3877407401985288,0.4423904444534198
95,0.38665918784894043,0.4415908397244757
96,0.3859461185675259,0.44105888188574494
97,0.3850102215107238,0.4404647600056602
98,0.3839720483251879,0.44003725032972757
99,0.38314734564558905,0.4392919708412874
100,0.38197329268253355,0.4387841902077208
101,0.3811006627163495,0.4381694923225218
102,0.3798044341489054,0.43689551055142817
103,0.37866346910497417,0.4358549788603
104,0.37776684152376483,0.43566816959623855
105,0.3769174383230903,0.4353094134705851
106,0.37568169532079343,0.43396015611544875
107,0.37463915305708945,0.43327161159429656
108,0.3736311540001683,0.43305733661269386
109,0.3723361413278909,0.43227001838343065
110,0.3716017106213631,0.4317918763323777
111,0.3706973838784094,0.4313532399370266
112,0.37002240799066094,0.43082106639682277
113,0.36935472977624634,0.43031771816305575
114,0.36812207041524436,0.42978608355938464
115,0.36690769418916497,0.42910801962676337
116,0.3661847301172164,0.42863009494577825
117,0.3650444505690441,0.4276541596068391
118,0.364102749903855,0.427334142337217
119,0.36342144544213467,0.4266396074033112
120,0.362280028959588,0.4259305771252219
121,0.36163503189499563,0.425458782555844
122,0.36070462902000966,0.4249065135495257
123,0.3598419687430789,0.42445071368123966
124,0.35876744659925275,0.424098112162296
125,0.3577032854321171,0.42384201613200057
126,0.35658902599728126,0.4230999073693318
127,0.3558428293345641,0.4226835362874782
128,0.355294682612845,0.4223508208492981
129,0.35462539251810055,0.42184136505293
130,0.3539610155352187,0.421431516922025
131,0.35335762943986815,0.42098959348585013
132,0.3523949706341511,0.4201579879062722
133,0.35193619237754303,0.4198658495314149
134,0.3510622025134858,0.41926728664884677
135,0.35051104663707516,0.4189314588559607
136,0.3499015454230463,0.4184989898800102
137,0.3490398661254411,0.41825542635344803
138,0.3483440904451439,0.4181275484052029
139,0.34750146199064047,0.41765893441429297
140,0.346537105554477,0.41722651021463036
141,0.3458822216910485,0.41697463891536624
142,0.3446399054105733,0.4167926892537122
143,0.34371318255469674,0.4161658733940172
144,0.34297282458289163,0.41584851091392
145,0.34210714464502506,0.41544629645750725
146,0.34149134713302615,0.4149698024049656
147,0.34071234454866867,0.4144630206952986
148,0.33980446168771267,0.4143689625170973
149,0.3391618815999347,0.41387054930275946
150,0.33811249133684934,0.4131568147411661
151,0.33725939673045907,0.41270067179004916
152,0.3363588851136275,0.4121351683178259
153,0.3353940804092351,0.4117139388067085
154,0.33468177757207956,0.4111969820001004
155,0.33376812439253334,0.4108723291374525
156,0.33282258094170486,0.41006258932465023
157,0.3322423985191015,0.4098067340116388
158,0.3315247016821767,0.4095173512093036
159,0.33073085746002867,0.40925795270962495
160,0.32968643197689834,0.40840973519292334
161,0.32881728614435024,0.4074997185468958
162,0.3281031601769077,0.4072097349351047
163,0.3268756261875815,0.4061075782855097
164,0.32613287439967176,0.405474203160076
165,0.3252294845667358,0.40517035222079495
166,0.32449917620657975,0.4048301253877988
167,0.32345564641401137,0.4044285645557106
168,0.3226569924634536,0.40381957515351236
169,0.32186054204180226,0.4031288053867024
170,0.32105664959748037,0.4025437700435852
171,0.3204386022139834,0.40224173800446905
172,0.3196558328613761,0.40218327860509
173,0.3187585220434128,0.4019881474680663
174,0.318053277203985,0.4014961885420798
175,0.31708220315015395,0.40058254158830237
176,0.3162213474169409,0.4000217201739355
177,0.3154350475319756,0.39933719119921507
178,0.3142676283493382,0.3984117057812539
179,0.3134294547762957,0.3985911264127113
180,0.31247249110979736,0.39801540314203443
181,0.31137947169037256,0.3973774788907365
182,0.3104299757267247,0.396942761472255
183,0.30945403328076293,0.3963546963112486
184,0.30828462711956617,0.39576295935160205
185,0.3074102190466208,0.3948297992682668
186,0.3066113481488637,0.3947008801089714
187,0.30574692387312075,0.394661994201271
188,0.3047652028071685,0.3936252718976546
189,0.303975901226955,0.39355655498465075
190,0.30335892540258197,0.39332399922762346
191,0.30268632712597465,0.39351598164132645
192,0.30161449142458213,0.3931073800226425
193,0.30075506541554003,0.39287675260945976
194,0.29988393806484354,0.3927664929702739
195,0.2985830341064241,0.3912997433241087
196,0.29778826029386796,0.39100232171818855
197,0.29698020675444364,0.390117860944984
198,0.2962501777772736,0.3900849955763284
199,0.29559666399742807,0.38977012985510995
200,0.29480074472014406,0.3891730149454688
201,0.29398953190854765,0.3889370634329828
202,0.29313107642625535,0.3885027516730929
203,0.2923725826423019,0.38802612862628594
204,0.29146534621522535,0.3877218853417704
205,0.2905934145794741,0.38713574357256025
206,0.2895306259912653,0.3863393199529969
207,0.2888593174110455,0.3861197397575857
208,0.2879866450427269,0.3860566526815921
209,0.2872149673121421,0.38602664150628235
210,0.28642760285531094,0.38573518983056465
211,0.28553311142330917,0.38502644527362184
212,0.28463791983220316,0.3844846923797224
213,0.2839849728070733,0.3844161284947455
214,0.283206118453425,0.3841299895779471
215,0.28212245099222866,0.3834556561533727
216,0.28140435423953114,0.3834366287804985
217,0.2804704108193001,0.38284431059476437
218,0.2799448761010718,0.3824856563852468
219,0.27917203586917844,0.38221348391683235
220,0.27843238290486955,0.3821313726519628
221,0.27772203394087014,0.3820034879547924
222,0.27699500286251016,0.38165878010160115
223,0.27618701285095465,0.38113511885286017
224,0.275568396851574,0.38087642840868874
225,0.2744735184079073,0.3799668303401426
226,0.2737910528370617,0.379776557110907
227,0.27334882914030323,0.37975299433861964
228,0.27260039088311583,0.379758069677271
229,0.2718708050581783,0.3793747771643875
230,0.2712146212429817,0.3793903217538623
231,0.270159699529175,0.3789134559836928
232,0.2692583442212408,0.3785300344725604
233,0.26855687502680037,0.37811925403563634
234,0.26783102947382537,0.377950427157628
235,0.2671725484964758,0.3775499664685842
236,0.2663881530878884,0.37725249320727927
237,0.26575297520240165,0.37678800274775104
238,0.2647901602523185,0.37622642589452104
239,0.2641321616678122,0.37584073448735916
240,0.2633702586543582,0.3754107227879221
241,0.2626214207726364,0.3753261189819275
242,0.2620983724121695,0.37533137726272203
243,0.2614622956450547,0.3751261772546213
244,0.2608625797097929,0.3748921834382601
245,0.2601537217757562,0.37446882191652864
246,0.2595431796092163,0.37402325918070206
247,0.2589898249821281,0.3734952164166737
248,0.25840905247250745,0.37339560933147464
249,0.25782829722694356,0.37309290279201174
250,0.257119422714725,0.37288953992597373
251,0.2563439165447582,0.3728268526942889
252,0.25578410174360855,0.37287848489350595
253,0.25514128498148103,0.3726016216959516
254,0.2542774856822704,0.3723987328008522
255,0.25341891123342813,0.3718897204206226
256,0.2527683522043139,0.37129042605610285
257,0.25231650181655296,0.3710147509840114
258,0.2516285358090372,0.37098424916391143
259,0.2509847542149402,0.3705004057076779
260,0.25033155974653576,0.36991589525482843
261,0.24971492975303264,0.36979561520835624
262,0.2491655726270849,0.3696387646086325
263,0.2485863947578635,0.36904049985295173
264,0.24798427907759366,0.3689376319458303
265,0.2474638242055417,0.36884896911802517
266,0.24671780138699712,0.36850937274980294
267,0.2461202770376545,0.36819111736053206
268,0.2454757414472137,0.36782117199029524
269,0.2445122574983121,0.36707255527313387
270,0.24400597558798234,0.36659421704196327
271,0.24349772131960212,0.36649768497284446
272,0.24289840034856908,0.3662517147783889
273,0.24217212423726525,0.3657114995940867
274,0.24144571469867754,0.36555248638088
275,0.24105132048215472,0.3654225937234079
276,0.24046477477184142,0.3653750521358165
277,0.24008500284017778,0.365320617154174
278,0.2394815581350211,0.3653145148763607
279,0.23893772023541648,0.3649571193415879
280,0.2384925441562385,0.3647942459869494
281,0.2379995100490676,0.36464519371621806
282,0.23757519662732757,0.3644031582090401
283,0.23696117845942208,0.36425841785466806
284,0.23628698223539557,0.3637661599337259
285,0.23557889437317225,0.3635766015079183
286,0.234945490395248,0.36331555634414336
287,0.23435882667678784,0.3629797941271488
288,0.23376554242149883,0.3625418114501813
289,0.23318881338091477,0.36243155929642923
290,0.23246533267580105,0.36175040775089407
291,0.23167763650958936,0.36122931251046475
292,0.2309403968861702,0.3609593706726817
293,0.23045164541157465,0.36069869752294603
294,0.2297461491761059,0.3603714863901126
295,0.2292546291707343,0.3601389913271337
296,0.22875184835454962,0.3598841126930889
297,0.22823747929516502,0.3597321817451574
298,0.22776578154863936,0.3594238747896943
299,0.22720373522105228,0.3592645623578686
300,0.22673610126032948,0.35918382333657867
301,0.22637296911130111,0.3591669806706198
302,0.2259010068452842,0.35871326712460905
303,0.22535558596490718,0.3588955389660719
304,0.22488736361880649,0.3587829462117177
305,0.22414625545054234,0.35868201709242503
306,0.22365685554451212,0.3586613250199951
307,0.22320779384722667,0.35833572729477814
308,0.2227681580445469,0.35813837151871497
309,0.22239027334071407,0.35831633235259003
310,0.22180243332146762,0.35813122235646017
311,0.22135035236723802,0.3580615582295093
312,0.22089140432262205,0.35805738135491466
313,0.22044397611195626,0.3578819133253153
314,0.21982304366246877,0.3574893451136754
315,0.21936192516037595,0.35739896643210967
316,0.2187993808265676,0.3574158651062267
317,0.21826734386671048,0.3571028038198141
318,0.21777687495130726,0.3570772679522284
319,0.21748728315958207,0.35720586475265226
320,0.21702325305828352,0.35669940141072215
321,0.2163761372414809,0.3564258299391179
322,0.21584018090054957,0.3565149272826296
323,0.21546979556478088,0.3565058678576757
324,0.21497476718824493,0.3564604010272942
325,0.21436445506748986,0.3565034745301696
326,0.21396217428117265,0.35642067893862905
327,0.21344805017144214,0.35615725378536356
328,0.2130923602356325,0.35621961317872824
329,0.21271578719366283,0.3561862906483805
330,0.21212825434838312,0.35590723702253146
331,0.21176910096769125,0.3560001432187774
332,0.21129783573495178,0.35614205037087426
333,0.21081322973174077,0.3559015691390511
334,0.21041421542161282,0.355710895383695
335,0.20995950244097303,0.35552124772673294
336,0.20958820922054525,0.35531375080805466
337,0.20913418372041795,0.3551888885265377
338,0.20872982907001378,0.3549489715438204
339,0.20824418678862996,0.35460309989805067
340,0.2078054532834124,0.35427957017372413
341,0.2073406631177714,0.35372589233813767
342,0.20689486243084818,0.35363129428346163
343,0.20639580990227951,0.35333054061194313
344,0.20605867972487682,0.3532589562104883
345,0.20562018241345323,0.35306446227194016
346,0.20523280411231953,0.35300438104047327
347,0.20465123091664086,0.35300455050657137
348,0.20428287872452286,0.35295892161530956
349,0.2038138358600924,0.35275595464470266
350,0.20338807031960318,0.3526364743333458
351,0.20307804454224365,0.35250634600628755
352,0.20265596488157364,0.35233685328676423
353,0.20227188247711672,0.35226145118906127
354,0.201923847093611,0.3523926471852675
355,0.2012928462880997,0.351798441461194
356,0.20098516173456912,0.35168783049541136
357,0.20061088035248975,0.351510943853323
358,0.20016661822326146,0.3515081943295729
359,0.19969783106386985,0.35131409409961933
360,0.1992808996564102,0.35108260019431553
361,0.19894911931271775,0.35118317884963746
362,0.1985627242368667,0.3512602148246448
363,0.19814713903957107,0.3508817863230592
364,0.19773585519780723,0.3508856096174132
365,0.19733245378621603,0.3509451329976494
366,0.19695448097774126,0.3509590996950158
367,0.19659054523125633,0.3507610151109277
368,0.19614104115402464,0.3506909837421717
369,0.19580040986893663,0.3504239192482632
370,0.1951482851169521,0.35026701572245134
371,0.19475241726894102,0.3499860596891748
372,0.19437217408091523,0.34992253086976477
373,0.19402349301292102,0.3499056273613028
374,0.1936588200540859,0.3498969543381004
375,0.19322176969026938,0.34958674344389906
376,0.19285125142131262,0.3495958545235533
377,0.19243266038151524,0.3494348287441032
378,0.19203379329297907,0.34922502383095255
379,0.19170458274301386,0.34930103982795413
380,0.19128721197360515,0.34920664228513154
381,0.19086718836963223,0.3491221726568562
382,0.19045181189913094,0.34907642708619635
383,0.19003332021764124,0.34884570009020005
384,0.18950374075316215,0.3483877259007826
385,0.18923946585040416,0.3481943150624954
386,0.188911916422942,0.3482922714716728
387,0.18856382106895875,0.34815605230038116
388,0.1882555929000041,0.34792306261955536
389,0.18795196815021387,0.347801591341567
390,0.18752759815536651,0.34788142552253165
391,0.1871029189269583,0.34785702624302756
392,0.1867384662991525,0.3478515647692213
393,0.18647227219832524,0.34784207554165636
394,0.18605040519185878,0.347657379143781
395,0.1856735528828569,0.3475859873367916
396,0.18518857810200207,0.3477139683094574
397,0.1847279798461037,0.34731073200443396
398,0.1843099969614247,0.34692837189154674
399,0.18396574161560753,0.34692435660756415
400,0.183568339723234,0.34667714063881305
401,0.18315927724238507,0.34639247771849924
402,0.18272110248147505,0.3463293508271606
403,0.18240794584282113,0.34626098921977894
404,0.1821321975277304,0.34637730511807274
405,0.18185356842610467,0.3463886870553709
406,0.18143740178415999,0.3465353253029475
407,0.1811140553701788,0.3463817380645796
408,0.1807129599268226,0.3461916642876304
409,0.1804204091150043,0.34612370039986057
410,0.18015478876846006,0.3459697753554409
411,0.17988969279813083,0.34576215322765286
412,0.17950875130330612,0.3458005237399044
413,0.17926855510809248,0.3458351196286302
414,0.17889839186530807,0.34573209006314815
415,0.17853845830045653,0.34579140896090643
416,0.17820039923452263,0.345589483212474
417,0.17783926611683992,0.34543750324892913
418,0.1775352767204111,0.3452551879543165
419,0.17712335187415937,0.34516267721878763
420,0.1768166321988813,0.3452609820747593
421,0.17639432335235503,0.34530710102124507
422,0.1761101030252486,0.3452814682325415
423,0.1757486151945424,0.3453160180203054
424,0.17541640908970638,0.34526909395697297
425,0.1750783498049129,0.3452574081650424
426,0.1747007911762421,0.34493035109807046
427,0.17435769923892983,0.3450086413532224
428,0.17401426816947546,0.3449284737396798
429,0.17361982596460596,0.3446509565227815
430,0.173355818346257,0.34462964214666714
431,0.17305601922784836,0.3445917114969027
432,0.17258319865982116,0.34450914937926574
433,0.17233030800886123,0.34455355708108143
434,0.17210672365734414,0.34416268392884003
435,0.17178640048803198,0.34406992174237755
436,0.17148882571579271,0.3441545879964646
437,0.1711505498599725,0.34396074008319616
438,0.17080331487817965,0.3436469205350203
439,0.1704478468780413,0.343682589250236
440,0.17014400182750264,0.34340420138177247
441,0.16987885880310352,0.34353354991410096
442,0.16960198679845853,0.3435977682896868
443,0.1692557463847335,0.3435315354364227
444,0.1689460201426738,0.3433303834748895
445,0.16861377204461858,0.3433909352316503
446,0.1683037504228829,0.3432596676123314
447,0.1679858845618472,0.3431204434019418
448,0.16770027159114237,0.3428329333003726
449,0.16746755655728893,0.342782936048326
450,0.16720244607526513,0.34269018077459923
451,0.1669474915108202,0.3426588226882982
452,0.1666796813949651,0.3425481892751775
453,0.16636022662548455,0.34254872588165775
454,0.16606138762827158,0.3426448485287217
455,0.16573056817313736,0.3427619821275492
456,0.16540665731391374,0.3425922354854521
457,0.16505875502878709,0.3425217925314507
458,0.16475187558183477,0.34233230826367855
459,0.16434359535434095,0.3423269947365524
460,0.16409795697800128,0.34233692308269775
461,0.16375646628552673,0.3422873018790599
462,0.1634408002647889,0.3421232602537384
463,0.16306336588656345,0.34186883198797025
464,0.16269607928035248,0.3416507324530004
465,0.16235627451167595,0.3415688459357794
466,0.16201154623346065,0.3413373767789732
467,0.16172178630317538,0.34137286517947
468,0.16136553751966,0.3413437470791482
469,0.16099818868987498,0.3411380760803402
470,0.1606890114712126,0.34075423156705353
471,0.16043770782543165,0.34068713628274183
472,0.1601197042970463,0.3406925031058097
473,0.15987006134835857,0.34096500116030987
474,0.15951737230523,0.3410801623803203
475,0.1592621948132294,0.3412006397147933
476,0.15897320389172528,0.3411420178971047
477,0.15865616652225334,0.34123660580270493
478,0.1583408535995572,0.3411730964530441
479,0.1581426108021613,0.341079173378832
480,0.1578606457801296,0.34111286962042314
481,0.15760163437602676,0.34107438090466163
482,0.15738991814552988,0.34110281599687897
483,0.15710703488744593,0.34116969866109065
484,0.15686217968076657,0.34124734489305864
485,0.1566604144328148,0.34111890327712335
486,0.15648217061980121,0.34110638213451633
487,0.15616110554509044,0.34119094162550045
488,0.1558258754294538,0.34114203446881325
489,0.15555954643530354,0.34116065813613367
490,0.15530689097640574,0.3409118248289618
491,0.15506758873786422,0.3409259571473286
492,0.1547949948118413,0.3409152667008844
493,0.15447253855317042,0.3409945851171581
494,0.15406019538256926,0.34058455735086274
495,0.153762780010263,0.3404396019841695
496,0.1534980828717485,0.34061086569701776
497,0.15325584375904394,0.3405351099145334
498,0.15299805521422433,0.34038012727968237
499,0.15268096833645178,0.3401888747296766
500,0.15247551510452698,0.34026554209096743
501,0.15225781010453493,0.3404097220277812
502,0.15200803102986965,0.34032553768228563
503,0.15178687338075475,0.3402419259075186
504,0.1515943673186983,0.3403687775230451
505,0.15136003140936194,0.3402627574675946
506,0.15116589786467605,0.3401778790807783
507,0.15101601573078052,0.34006679550811786
508,0.15065701768179396,0.3398663064994124
509,0.15044012883426477,0.3400873497206024
510,0.1502259989182174,0.3401370592545406
511,0.14999184723546619,0.34016757629861083
512,0.1497783531872307,0.34016838656219267
513,0.14944588918703677,0.3403689451699882
514,0.14920654264998803,0.3402636727298833
515,0.14885869300465104,0.34026297694942187
516,0.14867910063236425,0.34026884857091017
517,0.1483692252922812,0.34016954082839657
518,0.14817006771184135,0.34014760178946235
519,0.14788577899247204,0.34010469057410825
520,0.14765420612617403,0.3401970099798536
521,0.1472729917619591,0.34004688026434243
522,0.14698700229690254,0.3403317881401673
523,0.14658818419204403,0.34004925199310215
524,0.14629096456488508,0.3401211031950091
525,0.146090251705288,0.34019679325929414
526,0.14577899297402433,0.340194245582639
527,0.14543777831246377,0.33997237707866623
528,0.14524559189235345,0.33999844033375937
529,0.14499420788239548,0.3399213140684129
530,0.14460114794511258,0.33966479816900363
531,0.14432259962064128,0.339764894220103
532,0.14410005895454883,0.3398622846867094
533,0.14386316943724628,0.3395732412125572
534,0.14359454867143717,0.3395971435245054
535,0.1433578488389151,0.3395739845959691
536,0.1430904126095608,0.3396295952515755
537,0.14285245215561623,0.3394968362136345
538,0.14262277300440282,0.33958500891486926
539,0.14237835564464232,0.33943954007531385
540,0.14217728874337163,0.3393928932753799
541,0.14187991121075327,0.3391418650184974
542,0.141615678516012,0.33917111974572894
543,0.14149747260627338,0.3391604109129781
544,0.14134732638309708,0.33912799744979955
545,0.14117011823599107,0.33912291351892293
546,0.14092270668104642,0.3390345217565657
547,0.14077835369898495,0.33894765964594914
548,0.14062120218052496,0.3389549640348975
549,0.1402997928918956,0.33878356776239904
550,0.14009234390548717,0.3388014368505646
551,0.13993515714337326,0.3388146886765184
552,0.13964429038987666,0.33866716274523057
553,0.13938122126772337,0.3387741176361023
554,0.13903097712163778,0.33855892100649154
555,0.1388028433291375,0.3385293163063876
556,0.13857093448951316,0.33833343806578975
557,0.13836410164438187,0.3382965551669621
558,0.13811522185004324,0.3382256922597249
559,0.13795040226697788,0.3384336679697804
560,0.1377176620109741,0.3384247382946054
561,0.13753954852969852,0.3384886794163449
562,0.1373737682544085,0.3384631945963535
563,0.13706453234408303,0.33818372568725596
564,0.13685856092555787,0.3383148908037649
565,0.1365748001540736,0.33825072259588584
566,0.1363209352508274,0.3382006610365386
567,0.13609425304297523,0.3383216899687798
568,0.13593112186157247,0.3382317695517625
569,0.13575467862030766,0.3383764085270889
570,0.13553471269517814,0.3382685933402268
571,0.13523447834816446,0.338265509554963
572,0.13503332406960913,0.33833579866403835
573,0.13484734836192774,0.3381917710979135
574,0.13464243961495678,0.33815004402187115
575,0.13449821310566393,0.3381665891139276
576,0.13426762478691487,0.33817044634778765
577,0.13409651924951774,0.3380679531312421
578,0.13387875582398998,0.33796892516466837
579,0.1336529831047003,0.33806020819076404
580,0.13347409637063887,0.3380566650424755
581,0.13321429293109346,0.33823465267109787
582,0.13302769965954772,0.3382485365930181
583,0.13279761295217135,0.33868724063027755
584,0.13261085109659151,0.33878550599104623
585,0.132431777932578,0.3387518317395231
586,0.1322208182478066,0.33871293293113164
587,0.1320480514915245,0.33881224733714344
588,0.13175005593799702,0.33855498764876346
589,0.13161685662846317,0.338633006283275
590,0.13143038119581124,0.3386589749528214
591,0.13126216006179434,0.33851018330279753
592,0.13106619278247192,0.33839509392368555
593,0.13084017363567219,0.33843706763740294
594,0.130660749488603,0.3384471364035868
595,0.13050786417581786,0.3385144719592013
596,0.1303536248491339,0.3384452290761458
597,0.1301837049293185,0.33846398734947125
598,0.13000136695887393,0.3385756729564137
599,0.12980492970889704,0.3387209740376212
600,0.12953993550543863,0.3389218370096932
601,0.1293729086169698,0.33908361042777635
602,0.12925480315540536,0.33909017073603853
603,0.12911359593050642,0.33925123175833005
604,0.12880797058707258,0.339104411066783
605,0.12863910444816434,0.33905767828095495
606,0.12833612166889682,0.3387858261104572
607,0.12806510062471718,0.3387966076992587
608,0.12789767651104506,0.3387841204650578
609,0.12770233306865877,0.338892690602996
610,0.12747059284851936,0.3386879236757466
611,0.1272990707996883,0.3386870866301442
612,0.12709652869724586,0.3384470855041285
613,0.1268942207116471,0.338432677447057
614,0.12668516399327023,0.3382356786189655
615,0.12643764533204432,0.33813831730206795
616,0.12625369383292995,0.3380669934999843
617,0.12602860357084547,0.3379489463503004
618,0.12574011126561216,0.33778861070807376
619,0.12554151866008448,0.3377816505362709
620,0.1253872387547675,0.3376858564598723
621,0.12518460571186377,0.33786556396364764
622,0.12495706003479819,0.3379047850425364
623,0.12478904763323792,0.3378360815383529
624,0.12466856735376156,0.33786422962267876
625,0.12440802843698667,0.337642755343069
626,0.12418990447649994,0.3374528468361618
627,0.12399620725730193,0.3376717172042885
628,0.123747834750283,0.33754334969501143
629,0.12350866526435197,0.3373947579290833
630,0.12333695908987212,0.3372489744880469
631,0.12315201943756497,0.3373102672079286
632,0.12296991022522806,0.3372254351726819
633,0.12276146728609436,0.337329089694259
634,0.12260178646379001,0.33713921901395494
635,0.12243061648738875,0.3371129735309733
636,0.12223397771131908,0.33710126056510725
637,0.12205348709908871,0.3371227283018957
638,0.12188420019390964,0.3370466378475564
639,0.12174491283338307,0.33691080221524883
640,0.12153295223373932,0.33707554184232696
641,0.1213741453637512,0.33705127222241477
642,0.12119551333533553,0.3369953509611266
643,0.12102520641418553,0.33726690997768893
644,0.12087314759947097,0.33720933746796605
645,0.12075426177341543,0.33720809826432496
646,0.12061405756655798,0.33718101034302
647,0.12040155751942336,0.3370005756170615
648,0.12020040007515907,0.33686336479067464
649,0.12003779407450794,0.3369021708016404
650,0.11990901264599607,0.3370003727484806
651,0.1197288516952459,0.3370414637625455
652,0.11958122304735493,0.3372153727303643
653,0.11940740420097279,0.33709108884686084
654,0.11927802256632723,0.3370025217357297
655,0.11910032953004944,0.336952414126063
656,0.1189902828645159,0.33700082392377995
657,0.11878381102652878,0.3370363890290926
658,0.11860323611015669,0.3368706140280133
659,0.11837652619219598,0.3366868608636516
660,0.11818064978391034,0.33672815473367673
661,0.11807255126388673,0.3366704961678709
662,0.11793125972265987,0.33667352192514455
663,0.11781550005549517,0.3366260081696007
664,0.11764381887950545,0.3364193145389057
665,0.1174927820146779,0.3366038803736867
666,0.11731580772456604,0.3364157510338417
667,0.11710865350421434,0.33660451851340345
668,0.11692363693569167,0.33653779360943564
669,0.11677191418563854,0.3365292357366519
670,0.11662203758797934,0.33653761827883316
671,0.11647512101682266,0.3364971301525508
672,0.11629109017434253,0.33633986946349126
673,0.11615574236382159,0.33631138692328716
674,0.11605401563022641,0.3362595248079908
675,0.11591340055058487,0.3365909793933549
676,0.11570875633836872,0.3364327631700052
677,0.11553482179294365,0.336460938965348
678,0.11529438229752377,0.3368419628726089
679,0.11516739257854812,0.33699469791284914
680,0.11496773338612014,0.33682667374583763
681,0.11482667895043804,0.33679859501323345
682,0.11465961550109575,0.33674440282524337
683,0.11449374180551035,0.3367144333281705
684,0.11433257449033271,0.33676483752104946
685,0.11410402878823496,0.3366742090768023
686,0.11394136702418307,0.336617738013469
687,0.11383192321744004,0.33664813555710277
688,0.11361684291895568,0.33651516486921745
689,0.11346062974861035,0.3366519849587535
690,0.11325931463867206,0.3364956713933913
691,0.11313893755013087,0.33654155068968516
692,0.11299209301110072,0.3365317828657615
693,0.11284397558971132,0.3364346275448342
694,0.11267215969949909,0.3364436178945188
695,0.11253085192512034,0.3362767181576566
696,0.11234885160736159,0.3360742635975215
697,0.11221058425197376,0.33598691913277956
698,0.11202396521272895,0.3361120709576705
699,0.11187413950792179,0.33589408911329766
700,0.1116949037813436,0.3358693542859174
701,0.11153542186546418,0.33580447374862216
702,0.11137735292225871,0.33586745759157177
703,0.11122455308361542,0.33584371794429957
704,0.11109888863112426,0.3360015287596449
705,0.11097869485175518,0.33597207074563923
706,0.11083526548503857,0.33616808195715225
707,0.11070621917526474,0.33616799444609424
708,0.11051090056236175,0.3360977274623526
709,0.11033553527047729,0.3360791339136076
710,0.11018721862102064,0.3360260211780589
711,0.11007440997560405,0.3361823253967385
712,0.10987084319774665,0.3363081964901186
713,0.10972405902506153,0.3360734169224888
714,0.10961054391681876,0.3361706460467681
715,0.10944479133218858,0.3363371038761811
716,0.10931609450459595,0.3363287367015979
717,0.10916608065367238,0.33623605736598705
718,0.10897199236048066,0.3361908145682649
719,0.10880994412160774,0.335927053609683
720,0.10863848969152239,0.3359684638326613
721,0.1085230625174721,0.33592480004589903
722,0.10836847482973913,0.33605705423188126
723,0.1082855963030992,0.3360865584012046
724,0.10813119218352628,0.33611369366221644
725,0.10800488305098653,0.3360847572603384
726,0.10791520723871673,0.33607112591432675
727,0.10779802854355802,0.33618045381315603
728,0.10769593591479072,0.33621313052924484
729,0.10764352743201965,0.3362608812007686
730,0.1074030805284863,0.33621811766598336
731,0.10726545459314878,0.3361432875109102
732,0.10708442986446762,0.33595586774185443
733,0.10692563297351595,0.33595030571100887
734,0.10680071832863267,0.33586773089173294
735,0.10667907219134447,0.335893907127378
736,0.1065409976928469,0.336154989370303
737,0.10638102789835607,0.3361123025582895
738,0.10628978304770272,0.33615216404991116
739,0.10612392060319811,0.3362988530481834
740,0.10594073685965379,0.3361870269356344
741,0.10579874011201224,0.3359393781399742
742,0.10570886659926085,0.33604846978259695
743,0.10556185757802879,0.33603198676226864
744,0.10541476072874506,0.33600457790456634
745,0.10527752043517859,0.3360675757811843
746,0.10517747236202546,0.33608706502505525
747,0.10505216012635234,0.33606156808206367
748,0.10490313890441058,0.3361560830268685
749,0.10479537615165539,0.33618722385393873
750,0.10456853945503967,0.33594358606109676
751,0.104463554847372,0.336000461893421
