0,0.6784292256394108,0.6801314964312185
1,0.662494360455249,0.6651626103523343
2,0.6480613800305839,0.6513831260400077
3,0.635376431049886,0.6398748467322574
4,0.6253919618929501,0.6305859170239255
5,0.616031954874918,0.6219685950056059
6,0.6043464513941161,0.6114647677484646
7,0.5948261074719844,0.602527670893271
8,0.5872669966092288,0.5957845669040028
9,0.5801640204610631,0.5891803085338809
10,0.5744908874765327,0.5844972497174824
11,0.5692393492603,0.5796635326161999
12,0.5635655758173227,0.574814633214314
13,0.5573074234767216,0.569332395977814
14,0.5521152797055376,0.5644941460845522
15,0.5464118907620533,0.559754050863498
16,0.5413967996930245,0.5552843807676935
17,0.536411714831925,0.5509493330617816
18,0.5305959951253659,0.5463181076706747
19,0.5263429997484425,0.5425754738783776
20,0.5227767475699736,0.5395806468331533
21,0.5171550133108241,0.5361304112298402
22,0.5130009152075932,0.5326072825281775
23,0.5088221802263704,0.5297569196885309
24,0.5058297425500621,0.5272860904214045
25,0.5023322557661699,0.5250071387384081
26,0.49882995799684093,0.5223110286097853
27,0.49609260247863224,0.5202764405486552
28,0.493380355942889,0.5185036370633169
29,0.4905803012975523,0.5165010996332189
30,0.48752162418225564,0.5140531332613237
31,0.4850710861536519,0.5126971316996611
32,0.4828669767617045,0.5111286991278079
33,0.48038867831293186,0.509387150593944
34,0.4777723044519414,0.5067186457129076
35,0.4755264135747715,0.5053407772807625
36,0.47334877286178234,0.5036962008310444
37,0.4714991863036074,0.5026679996637038
38,0.46992743968916356,0.5010905383406346
39,0.46786472872549534,0.49985313877434506
40,0.4658454711963316,0.4981655262466709
41,0.4644941221582899,0.4972421236668496
42,0.46309034868448523,0.4965075363998059
43,0.4610021745236091,0.49469285073876645
44,0.4585015853242114,0.4927522783658516
45,0.45668347325631936,0.491434825796648
46,0.4547438945521793,0.49004227692281155
47,0.4528948976474876,0.4885245468529452
48,0.4515207362945452,0.48742467052453153
49,0.4497251896974967,0.48562846386604036
50,0.44824894623027856,0.4843397733224128
51,0.4458625384468803,0.4825091041361682
52,0.44285355966627804,0.48074451335262947
53,0.44113839189727533,0.4794928389394091
54,0.43980114548579113,0.4784859545099793
55,0.43869900668865625,0.47767575441923815
56,0.4369288319074348,0.476289934484995
57,0.4352691038091946,0.4751808017291344
58,0.43371190885517635,0.4739516627139058
59,0.43264045578728205,0.4731389333731689
60,0.43171343003024726,0.4726277449881848
61,0.4295726403113461,0.47134161849878986
62,0.4273915342255903,0.4701228670399978
63,0.4258827721203268,0.4693921587138911
64,0.4245447032665674,0.4683727572041998
65,0.4231926421259419,0.46752086832700424
66,0.42103999959092714,0.4659195101633934
67,0.41911467424530596,0.46465171659316673
68,0.417890985069209,0.4635605250872702
69,0.4161639103034234,0.4619347777015243
70,0.41401896820342826,0.46062773916384275
71,0.4126872111534335,0.46002723588004907
72,0.41157996561649046,0.45921244867442157
73,0.41054489897643326,0.4583987808641477
74,0.4097129584388808,0.45801889419396563
75,0.408518588092122,0.45747358972405844
76,0.4077582120907203,0.4570450840626994
77,0.4065743311038258,0.4558069032617465
78,0.4056540285307297,0.4549134789566873
79,0.4042707297477321,0.4539755723166144
80,0.4027813437813068,0.4530170579823469
81,0.4014023418927,0.45215590462383576
82,0.39979787557694824,0.4511567578470901
83,0.39860095924094907,0.4505157661580725
84,0.39733795869328375,0.44969295088969247
85,0.39625178773902475,0.4486955182263544
86,0.3952507346783827,0.44798251548736273
87,0.39379238988687176,0.44728744414139504
88,0.3925202922915738,0.44609453223723616
89,0.39176151552292965,0.4454160856930896
90,0.39072465431905284,0.44441666613815894
91,0.3898893545996944,0.44392559017729427
92,0.3884013648756181,0.44293677601349557
93,0.38736427818680297,0.4420734273061581
94,0.3865377719438,0.44158468273155127
95,0.3857783209320779,0.4410512619470298
96,0.38469525450850933,0.44038169886834017
97,0.3839301925005813,0.43998747597806365
98,0.3829931875918786,0.43954334491885694
99,0.3817766977308164,0.4391739529696918
100,0.380512669878467,0.4383811476483184
101,0.37944583473773885,0.43787013768502414
102,0.37861777965236426,0.43720010709167545
103,0.3779941439528157,0.4367496307605013
104,0.37691489013196017,0.43621339278986254
105,0.3759083705184922,0.43561639024641763
106,0.3753978429682712,0.43529058166941803
107,0.37417239527789936,0.4342960484802941
108,0.3733825131033641,0.4338898900319479
109,0.3725413204690955,0.4331435993967649
110,0.37180433153097764,0.43274409320184615
111,0.3709639069150829,0.4321809882598664
112,0.37025803963213316,0.43181062279819304
113,0.3692900076874847,0.43123790960484815
114,0.3678522200768992,0.43034586524121493
115,0.3667780486076574,0.4302935505744773
116,0.3660011767775821,0.42998253600088754
117,0.36490648439458806,0.42938392460136593
118,0.363898201077239,0.42850289873939845
119,0.3633476024128727,0.42825086604857576
120,0.362468011511828,0.4277517624275983
121,0.36157664539946816,0.42695527544940437
122,0.3608953656026556,0.42645202592837445
123,0.35999733023985553,0.42618306428364466
124,0.3588197630114446,0.4256808302728287
125,0.3581389768919143,0.4249260984776675
126,0.35749275118955504,0.42450868220415144
127,0.35659155164218254,0.4239118101101203
128,0.35565219867108927,0.42353075723097
129,0.35493845365470816,0.423176161144878
130,0.35421753256425886,0.42274704139438524
131,0.35331766145363425,0.4220131831260014
132,0.35247885372106624,0.42157751483354405
133,0.3517105313682175,0.42147296006185647
134,0.3510234466926969,0.42104543570877445
135,0.34969152264866193,0.4201960058709885
136,0.34899141861629523,0.41948177917638046
137,0.34818823407905114,0.419162110255255
138,0.3473701036643279,0.41900572768031663
139,0.34656496292131306,0.4185601624167299
140,0.3458532132769652,0.4181196687829727
141,0.3451386995617514,0.417709491047817
142,0.34427182914252447,0.4176641807337194
143,0.3433325385284383,0.41746899838648177
144,0.34272484235739287,0.4169319394755683
145,0.34211991930898933,0.416657256660882
146,0.3414143288644445,0.41621165418096273
147,0.3405253397630237,0.41599074677432624
148,0.33994765016721756,0.4158470903367758
149,0.33924781889838107,0.4155862998726336
150,0.33855145271968945,0.41534410999934734
151,0.3375312202318837,0.41477262155846406
152,0.33663723408139923,0.4146093623206395
153,0.3359353422317009,0.4141180039682801
154,0.33528826668161327,0.4140683808061499
155,0.3343015240267522,0.4133427021926418
156,0.3335234071668449,0.4127293343685411
157,0.33271273934069906,0.4122692670885213
158,0.331796350292891,0.4119626916817402
159,0.3308877567798805,0.4114177353213604
160,0.3300081108562095,0.41105907091545124
161,0.3292325415138668,0.4105559551960794
162,0.3282682326049432,0.4101249458979097
163,0.32774309391963824,0.4096495260702358
164,0.3266742877522348,0.40908151854623304
165,0.3255523003129662,0.40850892560009233
166,0.3247364924655857,0.4082005348885887
167,0.3235370285022229,0.40749082980192675
168,0.32264645734593617,0.4068218739496644
169,0.3218149102110531,0.406232009768563
170,0.32112658510938336,0.40583239082900147
171,0.3203049713463584,0.40549425687683566
172,0.3195143378724497,0.4051351578808515
173,0.31853660078733537,0.4044578592148512
174,0.31709744519461264,0.40426234147588347
175,0.3162234811973444,0.40412672429417595
176,0.31548117098139766,0.40402009934804
177,0.3141622715970605,0.4034222303551169
178,0.31321465658250935,0.4029647121750197
179,0.3121902939501363,0.40260724983010626
180,0.3112095149158604,0.40202237590340184
181,0.31039858861975794,0.4017398001197347
182,0.30960722931148893,0.4015679565533918
183,0.30880826302739306,0.401307464606427
184,0.30797617641375347,0.401281011176102
185,0.3070534941876475,0.4008082888750685
186,0.30641078955621637,0.4005816721980546
187,0.30563872662441083,0.3998900182641252
188,0.3047123275728743,0.3993993650424129
189,0.30366487359466093,0.3984893776676681
190,0.30292468597142985,0.39823299826633873
191,0.30200753771329947,0.3979172424610669
192,0.3008805595686944,0.39763941676654097
193,0.30015614364633963,0.3969694233414261
194,0.2994245209263654,0.39672391926268813
195,0.29814287818901336,0.39610263000154133
196,0.2971782120554741,0.3961935431009699
197,0.29657656994547094,0.3959530317039047
198,0.29570105477543207,0.3955908949301989
199,0.294879950753342,0.39493796037317946
200,0.294061684434455,0.3946691224573888
201,0.2931054259182409,0.3944415039072053
202,0.2923792265567307,0.3938891602652199
203,0.29117915600719446,0.39341377455068255
204,0.29041577795505163,0.39321567691327675
205,0.28966286768356375,0.39310154295007727
206,0.28865408159481243,0.392617993084729
207,0.2879981738555819,0.3923471677183729
208,0.2873533582524107,0.3924205743098017
209,0.2866978646831367,0.3919191133250775
210,0.28589230638411967,0.3912652408668742
211,0.2850471339098658,0.39066483105431665
212,0.2840477580727998,0.39025260547014745
213,0.28335920190564184,0.389895751811155
214,0.2824379430383152,0.3892288652731736
215,0.28175090477136416,0.38892249190831685
216,0.2811117646839059,0.388671335090769
217,0.2801178606380168,0.38835147107659823
218,0.27914514166910814,0.38744307705518133
219,0.27830143417043407,0.38737883821531094
220,0.27741897609129157,0.38700565198907516
221,0.2766200064359213,0.38667134483827964
222,0.2758799544002584,0.3865809738962041
223,0.2750860778597646,0.38602607384513954
224,0.27419187747357604,0.38556806645992686
225,0.27359529531420756,0.3856788813229654
226,0.27261838068121597,0.3854024309960769
227,0.271880338932534,0.3849749351536072
228,0.2709240816300181,0.38456280244202157
229,0.27029091075206524,0.38416581955569534
230,0.26939437902199426,0.3837089054471541
231,0.2685792002065721,0.3836970970038995
232,0.26778325106049544,0.3831857191977351
233,0.26718261325153336,0.38314388606634936
234,0.2664908783541347,0.3829486046660017
235,0.26591513938601136,0.3826543270630252
236,0.2650919823306375,0.3822310074623978
237,0.2644286881689157,0.3820404100712495
238,0.2638185258325511,0.3816751321402349
239,0.26302615749351077,0.3816343458840717
240,0.26247192447118317,0.3814569884495427
241,0.2617079775417068,0.38118319192554395
242,0.26099802112438725,0.38090097643092113
243,0.2602341464692847,0.3807521060670388
244,0.25930326811165727,0.3799452849516823
245,0.25861875746057456,0.3794848038660638
246,0.2578749149464644,0.37901190109845145
247,0.2571217328366143,0.3787287107704622
248,0.2565179742880593,0.3786322750515953
249,0.2558613971231233,0.378659095916745
250,0.25518584813594725,0.3785513585675771
251,0.25479815918592796,0.3786583503483658
252,0.25412081502931416,0.378697958209371
253,0.25338439411229396,0.37875753307141524
254,0.25269106417124293,0.3785893539065658
255,0.252213221227988,0.3785597814912887
256,0.2511770964730378,0.37802394782026333
257,0.25050863352666497,0.3781621904246597
258,0.24966503827217912,0.3780975603602782
259,0.24913360978575916,0.37802522805534133
260,0.24813405510521647,0.3777546796853406
261,0.2475611592603327,0.3778146328705741
262,0.24677730333517933,0.3778657108365364
263,0.24617135437649063,0.37744333068420133
264,0.24530867341646845,0.3774912308508749
265,0.2445717975204284,0.3772845739342704
266,0.24391781823808573,0.3772961338727119
267,0.2431309878933971,0.3770114665750534
268,0.2426437698452365,0.37684584175084895
269,0.24216320603483257,0.37688908003867383
270,0.2415945955039847,0.3766857231735369
271,0.24108962197163977,0.3767692751676257
272,0.24059171516629452,0.37670743679204893
273,0.23993029342159264,0.37662317855780436
274,0.2393825998354507,0.3762615847488886
275,0.23876548710715162,0.37625379675859155
276,0.2381429966145739,0.3760192796752192
277,0.23754927840235487,0.37606720217138584
278,0.23691571075439713,0.37589520465712856
279,0.23644020412084746,0.3757130590303605
280,0.23594733564630682,0.3754256333960769
281,0.23541610604686308,0.37516922873059894
282,0.23476218290729417,0.37478976501572675
283,0.2339702352298955,0.3745392597631788
284,0.23334159469515078,0.37466065526402575
285,0.23279641133255738,0.3744900921044465
286,0.23230012408559864,0.3748400327266715
287,0.2315242516648437,0.37471520633782
288,0.2309343281900941,0.3747625980322219
289,0.23023045384759605,0.37479720218851137
290,0.22967803199656608,0.37473424676028494
291,0.22905821795249123,0.3742544266943778
292,0.2286116956656111,0.37414152753034324
293,0.22807941794126613,0.37382194287388254
294,0.22756435075578332,0.37366767477678425
295,0.2269475542527345,0.37368119193568605
296,0.22652230029293005,0.37376315853154835
297,0.22597300542305299,0.3734091847777
298,0.22555043115993278,0.373185233703414
299,0.22514836965244486,0.37322324616263824
300,0.22447357218153233,0.3730381944981827
301,0.22406794400351476,0.3727808872775153
302,0.22348383884702666,0.3728246404654982
303,0.2229660621204394,0.37265794024009774
304,0.22246513992007363,0.37249367475174583
305,0.2219780635991201,0.37229854095493625
306,0.22150553394125752,0.3722314534448173
307,0.22107041986329773,0.3720692165571274
308,0.22056622682481478,0.37194562899533823
309,0.22005287483639813,0.3717655310169543
310,0.2196252089736778,0.3718250951857611
311,0.21918299405173575,0.3716060460887337
312,0.2186133432446504,0.3714066112483013
313,0.21809294747871608,0.37148702302236297
314,0.21765771916664461,0.3711281152916554
315,0.21721044880863127,0.37076929032012423
316,0.21677756161699055,0.3704600756405436
317,0.21632472940474679,0.37022967544467605
318,0.215889463276252,0.3701035986340095
319,0.21511595859333868,0.3702441767520285
320,0.21463545270144996,0.36992357106869156
321,0.21416644741562688,0.3699912275925514
322,0.21370637819698776,0.3696721774676535
323,0.2133435945972178,0.3696786474273948
324,0.21296299446202832,0.3695653569952888
325,0.2124343901068098,0.369372421853328
326,0.2119789229461713,0.3693795195744531
327,0.21128560010931682,0.36948142641668036
328,0.21075046687536364,0.36929904976744615
329,0.21017808902579352,0.36938140354587057
330,0.2098026265154617,0.3692434920048653
331,0.20924298931036303,0.36903117859584295
332,0.20872423502594672,0.36906888644078156
333,0.20819913947247234,0.36888789201293276
334,0.207872938293104,0.36892505286282934
335,0.20740489409278814,0.36877407789325295
336,0.20716212959499736,0.3687483398436382
337,0.2067094704898445,0.36870679319080807
338,0.20635359961551325,0.3685776696798117
339,0.20598690069354175,0.3679863195329517
340,0.2054381764563061,0.36782313838397607
341,0.2051527058898205,0.3676121088703486
342,0.20473676707207597,0.3673042069124884
343,0.20422283430888308,0.3673355313512542
344,0.20361565646821075,0.3673603051802671
345,0.20315466261243076,0.36716266791231256
346,0.20268407170573396,0.3673087491537412
347,0.20210216936396602,0.36717373224132976
348,0.2017345850432487,0.36739296218867895
349,0.20133754798313816,0.3674415385283779
350,0.20103318338975912,0.3674132588232509
351,0.20052154902334318,0.3673195948087602
352,0.19992897593759212,0.36739681649761846
353,0.19951126516897338,0.3672392658781262
354,0.19920069001789348,0.3672048851590805
355,0.1988097133967723,0.3675001942968795
356,0.1984818284428119,0.3674606318352357
357,0.198067915032069,0.36725755323668735
358,0.19765769113805476,0.3670658221307823
359,0.19719068054454472,0.3669798706077036
360,0.19670561279022258,0.3667475480893414
361,0.19625404755359144,0.36665030385248176
362,0.19580599106577434,0.36636517851943334
363,0.19543287377512047,0.36640988036800676
364,0.1951179045961272,0.36644155574736026
365,0.19461395912204246,0.3667451015677635
366,0.19410280082763787,0.36637171492197756
367,0.19378137255558694,0.36631254512955547
368,0.1934270114024169,0.36627516632744195
369,0.1930232939696638,0.36643657443072636
370,0.19268316702541538,0.3664131049192968
371,0.1921784005206873,0.3661982372468736
372,0.19180026022087612,0.3662261773073231
373,0.19127537142569084,0.3662034019999768
374,0.1908406482789367,0.3658840920675985
375,0.1904273313400514,0.365690843176419
376,0.1899555813062748,0.3653713097463041
377,0.18975179372914186,0.36541251401944824
378,0.18936411304384107,0.3652592158024481
379,0.18907938648001474,0.3651377111508613
380,0.1886847210927868,0.365320961430393
381,0.18827709355895011,0.36502217230581496
382,0.18792702372356002,0.3649427002996535
383,0.18751910326501664,0.3645794218267528
384,0.18696561749254487,0.36476833458896013
385,0.18667518812719908,0.3647181759247717
386,0.1862713579354823,0.3645361039683066
387,0.1859534107470659,0.36416552422837606
388,0.1854858815609944,0.36412154764926874
389,0.1849726214106341,0.3640344904371544
390,0.1845462104564613,0.36386467018100266
391,0.1842691021100644,0.36360131744353924
392,0.184002210615543,0.36367426735556907
393,0.18368435052018922,0.3635836020972736
394,0.18337816023667858,0.36353304326573677
395,0.1830499048607964,0.3634224995478679
396,0.18271241455574988,0.36333421459287407
397,0.18244025692764199,0.3634455502410014
398,0.18210910543717668,0.3631286608268365
399,0.1816434451171347,0.3630554402591583
400,0.18134686337429917,0.3629451461478196
401,0.1809448950012844,0.36307081858608836
402,0.18058508851457344,0.36306851396659573
403,0.18028512905875455,0.36303967725396685
404,0.17990598696137022,0.3627706532029814
405,0.17955483073438094,0.3628530470984923
406,0.17928982151565398,0.36303421994384255
407,0.17881963870796086,0.3632292327974434
408,0.17843736792704573,0.3630133786342297
409,0.1781490950508153,0.3628045506888939
410,0.17782991832605224,0.3627185756119904
411,0.17738417600053322,0.36234462694834735
412,0.17702501823969566,0.3624033330230224
413,0.17675098335306905,0.3622662498084621
414,0.1763903634790592,0.3622851125781894
415,0.17597165919137228,0.3623036032648037
416,0.17561488858779373,0.3623509576052316
417,0.17531713338269936,0.3624740432450869
418,0.17498630091883763,0.3624353545805931
419,0.17469581866702358,0.3623740450314291
420,0.17432298991059086,0.36208387533028774
421,0.17403250631878506,0.362157234310783
422,0.17376214356099862,0.36212477405216703
423,0.17349422443018028,0.36199024441017624
424,0.1731155489101423,0.3621725094461552
425,0.1728863078291387,0.36219017107307827
426,0.17239514817765605,0.36189637415864057
427,0.1721844445365527,0.36192047812108114
428,0.17186620156348398,0.36188915012053197
429,0.17156374824491602,0.3617372901231989
430,0.17129726190008707,0.36165563324761657
431,0.17095613715756106,0.3614312794284286
432,0.1706965768977137,0.3612297869271322
433,0.17034148821174436,0.36093731001793716
434,0.17002668881263489,0.3608475776106054
435,0.16966552351225495,0.36076743792115346
436,0.16948265824890385,0.36068519193010096
437,0.16915610492251126,0.3607209443983417
438,0.16891703182009637,0.36090804474676386
439,0.16852902932727215,0.3608630182143085
440,0.16814174691125053,0.3611489173247214
441,0.16791779068186624,0.3611164036461257
442,0.1676037009919179,0.36097720008749173
443,0.1671766831920914,0.3608104237615508
444,0.16685855509297237,0.3608719482034827
445,0.16651295933640062,0.36077784230932364
446,0.16614351982333037,0.3604378256571644
447,0.16595938091567355,0.3604740735937968
448,0.16560377322945832,0.3602981005905966
449,0.16540850470191645,0.36020285499463733
450,0.16504933120140733,0.36041292898691557
451,0.1647585112549327,0.36023465181347847
452,0.16435252346306203,0.3602094938425633
453,0.16401463004625288,0.3600405971965896
454,0.1637039607030837,0.35991522213779126
455,0.16340442070431718,0.35961824484761784
456,0.16313847809849774,0.3593684464241498
457,0.1628503340618705,0.3592631257660655
458,0.16263690487140192,0.35931357757051724
459,0.16230584460869726,0.35897457668096866
460,0.16193556874629061,0.3589136938259913
461,0.16152369024484617,0.35858790600819346
462,0.16119060836000723,0.35864324974647094
463,0.16091876094897423,0.35887501791330134
464,0.1605675107135506,0.35873839435816374
465,0.16030050636085252,0.35880805733309723
466,0.15999063137330818,0.35863152853262825
467,0.1597286846846669,0.35861502096450415
468,0.159409991063733,0.3587486944574608
469,0.159178226939032,0.3585603882884973
470,0.1589403912814508,0.35848687824447234
471,0.15869481887490133,0.3585081861785975
472,0.15838034549088445,0.35819495477359553
473,0.15815303374072986,0.3580440036726782
474,0.15779859014052405,0.3582937503713828
475,0.15752977398161397,0.35820179891235443
476,0.15730524575054652,0.35830459365891465
477,0.15696208229169797,0.3582697623592926
478,0.15660230160727526,0.35802469947646703
479,0.1562361469349036,0.3577003365246501
480,0.15603662684767602,0.35768961313382586
481,0.15568151841732344,0.35760037382882337
482,0.15530758433141448,0.35763659967157607
483,0.15501979320400405,0.35766059721581445
484,0.154869278772982,0.357702302082186
485,0.15463396982850416,0.35781464173518807
486,0.1542359849235214,0.3577807694737868
487,0.1539256011600922,0.35780712106792445
488,0.15371054114723154,0.3578972919050947
489,0.15341674850009404,0.35812647583166857
490,0.15307886140288585,0.3580053376639061
491,0.15287871638319336,0.3579002595335106
492,0.15261028831622295,0.3579789392822185
493,0.1522931415548766,0.35796363985848006
494,0.151970205841103,0.3579084973227788
495,0.15166065027332168,0.3576798573112501
496,0.1514807655450184,0.3576295777149858
497,0.15126417757278077,0.3576715378224657
498,0.15100852498883627,0.35764794608991657
499,0.15073093382246297,0.3577863918246749
500,0.1504760056701096,0.35784723376602323
501,0.15022175887512437,0.3579252535834302
502,0.14987729270648317,0.35795511754546333
503,0.14962275178540235,0.3579448484593458
504,0.14938211283406985,0.3579727929596142
505,0.14909965828274793,0.35816423643331924
506,0.14886868996814015,0.3580239679068186
507,0.14857029465713767,0.3578854827416968
508,0.14833434048140023,0.35794289226041787
509,0.14800815509340254,0.3580272155758872
510,0.14775613449344535,0.3580135798553499
511,0.1474999103147636,0.35825150903564057
512,0.14721685294884163,0.3582356475593793
513,0.14697657982436454,0.3581722498628962
514,0.14673154543299438,0.35830240221241694
515,0.14654313427468252,0.3582366135214873
516,0.14631046214222931,0.3583796432705417
517,0.14605069739688428,0.35867793245153945
518,0.1458112839350889,0.358585430290483
519,0.1455298279474376,0.35846839622366933
520,0.1452707391871844,0.35843356416548866
521,0.1450083987866638,0.3584281179645039
522,0.1447433368850646,0.35839286047349106
523,0.1444423887957436,0.3582737471834593
524,0.1442541224220258,0.35828619766534037
525,0.14405315086770407,0.35832061598275367
526,0.14384020159246033,0.35846663713823423
527,0.1435594897236682,0.35813704352041115
528,0.1433641513742599,0.35817774964203264
529,0.14321675455971208,0.3580746497905235
530,0.14299641683118672,0.35807216154212845
531,0.14276788758590103,0.3579259415474287
