0,0.5590931177139282,0.575165331363678
1,0.5396547317504883,0.5495138764381409
2,0.5349828600883484,0.5495682954788208
3,0.5342965126037598,0.5503639578819275
4,0.5326602458953857,0.5485624074935913
5,0.5293826460838318,0.5431565046310425
6,0.5300888419151306,0.543951690196991
7,0.5298475027084351,0.544143795967102
8,0.5312785506248474,0.5444495677947998
9,0.5313504338264465,0.5448501706123352
10,0.5311410427093506,0.5441089868545532
11,0.5302464962005615,0.5432621836662292
12,0.5295894742012024,0.5431689023971558
13,0.52912437915802,0.5421492457389832
14,0.5290663242340088,0.5423288345336914
15,0.5292717218399048,0.5430470705032349
16,0.5290108323097229,0.5434664487838745
17,0.5280565619468689,0.5419297218322754
18,0.5282551050186157,0.5420477390289307
19,0.527765154838562,0.5413219332695007
20,0.5280840396881104,0.5416355133056641
21,0.5277266502380371,0.5413588285446167
22,0.5272144675254822,0.541239321231842
23,0.5273838639259338,0.5416091084480286
24,0.5273337364196777,0.5417200922966003
25,0.5278738141059875,0.5419049859046936
26,0.5281004905700684,0.5422716736793518
27,0.5281621813774109,0.5421298146247864
28,0.5280659198760986,0.5416587591171265
29,0.5280169248580933,0.5415369272232056
30,0.5282202363014221,0.5415199995040894
31,0.5281298160552979,0.5412263870239258
32,0.5282652378082275,0.5414068698883057
33,0.5282902121543884,0.5411205887794495
34,0.5281500816345215,0.5413153767585754
35,0.5282250642776489,0.541137158870697
36,0.5282235145568848,0.5412824749946594
37,0.5278638601303101,0.5407729744911194
38,0.5279688239097595,0.540766179561615
39,0.5280675888061523,0.5406796336174011
40,0.5282514095306396,0.5409332513809204
41,0.5282077789306641,0.541132926940918
42,0.5281826853752136,0.5414314866065979
43,0.5277939438819885,0.5410448908805847
44,0.5276308059692383,0.5411192178726196
45,0.527681291103363,0.5414232611656189
46,0.5278770327568054,0.5417128801345825
47,0.5276606678962708,0.5415616631507874
48,0.5275912284851074,0.5413954257965088
49,0.5277460813522339,0.5415440797805786
50,0.5278288722038269,0.5416193604469299
51,0.5277214050292969,0.5414992570877075
52,0.5276703238487244,0.5414272546768188
53,0.5275546908378601,0.5414310693740845
54,0.5276618599891663,0.5415188670158386
55,0.5277338624000549,0.5415788292884827
56,0.5276364684104919,0.5412201285362244
57,0.5276913046836853,0.5414063334465027
58,0.5274746417999268,0.5409524440765381
59,0.5275659561157227,0.5411663055419922
60,0.5276546478271484,0.5412147641181946
61,0.527611255645752,0.5411137342453003
62,0.5274527668952942,0.5409898161888123
63,0.5275763869285583,0.5411143898963928
64,0.5275423526763916,0.5410149097442627
65,0.5275791883468628,0.5411523580551147
66,0.5275759100914001,0.5412589311599731
67,0.5273988842964172,0.5410659909248352
68,0.5274282693862915,0.5411033630371094
69,0.527450680732727,0.5413377285003662
70,0.5274296402931213,0.5413509607315063
71,0.5272945761680603,0.5413731932640076
72,0.5271990895271301,0.5412437915802002
73,0.5273870825767517,0.5414436459541321
74,0.5272830724716187,0.541493833065033
75,0.5271995067596436,0.541396975517273
76,0.5273024439811707,0.5414429306983948
77,0.5273799896240234,0.5415235161781311
78,0.5273397564888,0.5415270328521729
79,0.5274370908737183,0.5415344834327698
80,0.5273169875144958,0.5413445830345154
81,0.5272670388221741,0.5411394238471985
82,0.5272168517112732,0.5410669445991516
83,0.5271121263504028,0.5409663319587708
84,0.5270330905914307,0.540836751461029
85,0.5270597338676453,0.5409050583839417
86,0.527104914188385,0.540915310382843
87,0.5270715951919556,0.5407659411430359
88,0.5271055102348328,0.5408370494842529
