0,0.5902165200534458,0.5913288548307599
1,0.5753223763851424,0.5769529911174319
2,0.5616697500812998,0.5633454311568782
3,0.5488289210335742,0.5510311639297092
4,0.5372078281006033,0.5407650359751807
5,0.5265016662503165,0.5306085974066828
6,0.5162304895063887,0.521161138523063
7,0.5069457557721205,0.5122396756248417
8,0.49840466370646525,0.5045071047875945
9,0.4899666533743681,0.4963998457022907
10,0.4829665240606185,0.49056967187306616
11,0.4753679550327555,0.48340054137526817
12,0.4685869043448263,0.47789370034041684
13,0.46244404134337114,0.4722367744992719
14,0.45629865876166553,0.46645443191772185
15,0.4506527109842665,0.46092106490705786
16,0.4445933801403465,0.45524332974968035
17,0.43910781048221625,0.4500289563359665
18,0.4340611516001031,0.4457447302880093
19,0.4293328495957522,0.4417886725130242
20,0.4247160936137539,0.43728388424189585
21,0.4207673552930577,0.4335968440700074
22,0.4163333166114059,0.42936957131816
23,0.4119612397295327,0.42616938989768555
24,0.408329048141493,0.42279935176109723
25,0.40464344815341124,0.4191030246365627
26,0.40103655991932874,0.41632583288266856
27,0.39790850448895543,0.41365560179700206
28,0.394531992403085,0.41083755184338605
29,0.3910319896894529,0.40824066175012863
30,0.38738957505931265,0.40513102881898944
31,0.38426868187558244,0.4027411130357759
32,0.381194392191896,0.40047346593399624
33,0.37823408281489346,0.3981960294352032
34,0.3759239849016748,0.3962220573333548
35,0.3733858161039053,0.39436205747318126
36,0.37072078814267045,0.3924072539321005
37,0.36840030791847117,0.38971895143730045
38,0.3656981594607082,0.3880917161643919
39,0.3636070327643191,0.38612903758528333
40,0.3612776595681928,0.38419183338839696
41,0.3592514485631417,0.3824342992693156
42,0.356904051580906,0.3803638256420386
43,0.35484717493432316,0.3786933313918327
44,0.3527694270172026,0.3770290774135095
45,0.3505437546827108,0.37542033413020004
46,0.34871790614344506,0.3741442416540265
47,0.346994702313174,0.3732227215056919
48,0.3453730020967183,0.3717639983928547
49,0.3434479320322369,0.37016255680430965
50,0.34187482899923993,0.3685701299336662
51,0.3401173840378424,0.36689405542425624
52,0.33862890050588546,0.36566815046961637
53,0.33692717378362846,0.36457640596303825
54,0.33522688584674637,0.36373926308505466
55,0.33390852814410293,0.362589294732712
56,0.3324180101512797,0.36126739220636367
57,0.3313353672606983,0.36064751492119596
58,0.3299931080187184,0.35967261782202725
59,0.3283826658765406,0.35844027383813437
60,0.3269399641290296,0.35749750918234297
61,0.32577674101408166,0.35677629667255645
62,0.32489114716049605,0.3562672401111584
63,0.32360933189561786,0.3552325611255227
64,0.3225024445340877,0.3543592164720212
65,0.3211215940519875,0.353273029630595
66,0.3201903093903184,0.35266289626208414
67,0.31933545615123493,0.3521045923395806
68,0.3184212821947195,0.3515194583880274
69,0.31736542412056973,0.35057792320566356
70,0.31614217268978806,0.3497813936533793
71,0.3152465502335337,0.3490563753711165
72,0.31445474549202906,0.3483450925523321
73,0.31366500480418275,0.34760521739987654
74,0.31266892540192515,0.3466590850335632
75,0.3119089620149488,0.346311379046491
76,0.31101426958523437,0.3457164607919908
77,0.31002424275472495,0.3448077710132672
78,0.3089882430398704,0.34370950646069576
79,0.30808290019252105,0.3429331778462647
80,0.3069990958818652,0.34216808892468353
81,0.3062197486623689,0.34181979096974613
82,0.3051267707743988,0.3410466259591422
83,0.30383835771882656,0.3398137984995276
84,0.30301229404861413,0.3392019230287888
85,0.3018105880484292,0.3383116485160714
86,0.3009259928788445,0.3377044997284376
87,0.30009784913261756,0.33723958577061774
88,0.29916834843217555,0.33631525150025793
89,0.29864101538905025,0.33616572328821903
90,0.2979615130486036,0.33591192229183864
91,0.2971630468987704,0.33527741959834584
92,0.2964745619786875,0.33518007862295623
93,0.2956263676479085,0.3345565541509572
94,0.29471252825104677,0.33393295919254434
95,0.293800234810343,0.33339182239177506
96,0.29315739289075987,0.3330237029236857
97,0.29240302922750394,0.3325224451955626
98,0.2917948464592648,0.3316460764867946
99,0.2908645352528613,0.3312385541441468
100,0.29017314513664677,0.33072522550621536
101,0.289595507767106,0.3302483697890747
102,0.28890961311389385,0.32993652692477127
103,0.28827572452181477,0.3291656863131184
104,0.2874991136836871,0.32857801084977306
105,0.28676809979635537,0.32842143053464523
106,0.2860511487362819,0.3275668624457427
107,0.2855152272803629,0.3269971361024954
108,0.28488750469290147,0.3266539123730573
109,0.2841710147441177,0.32574482717067593
110,0.2835605138545541,0.32528590520819817
111,0.28285397475930857,0.32469947815733075
112,0.28230470440553757,0.32436132839535914
113,0.28156739342999365,0.32418426714075477
114,0.28105519042006455,0.32384019389345337
115,0.2804735199288588,0.32345436126189797
116,0.2799858689747116,0.3230196268851716
117,0.27917764111446747,0.32288418592591034
118,0.27843742829481305,0.3226794183028579
119,0.27787179338276524,0.3224309394478265
120,0.277231766982455,0.3224907309379218
121,0.27669000505327046,0.32227324826001025
122,0.27593233900365327,0.3217523422179135
123,0.2753632272239141,0.32164799530140487
124,0.27485215758360404,0.32117614417975954
125,0.2743017168832156,0.32028699838560976
126,0.2736532380260936,0.31981621919682596
127,0.272913538098524,0.3194790598820773
128,0.2723194223116072,0.31918280993985026
129,0.27180655131166004,0.3187847666242627
130,0.27122793610660795,0.3180111629773734
131,0.27033683349733867,0.3173605142274082
132,0.26970785140999537,0.3173320156687643
133,0.26915441166081305,0.3168156091401274
134,0.268626473112777,0.31661472418239156
135,0.26820691380865347,0.3164527810224015
136,0.26773655352508546,0.3163329758926442
137,0.26722040996006347,0.31617341810040167
138,0.266712865448317,0.31582307550952565
139,0.26594321729940495,0.31560758545406553
140,0.26535993891388643,0.31514027873803274
141,0.26489269486016764,0.3151931593938182
142,0.26444149346268697,0.31486344957296936
143,0.26400970960688563,0.314208549084817
144,0.26362662751256294,0.31378244006286754
145,0.26310736798087647,0.31333192561354484
146,0.2627273164625942,0.3130693751060827
147,0.2622645685546607,0.3130415002598086
148,0.2618701043131715,0.3127438970189449
149,0.26153411174843816,0.31226860910520887
150,0.2610814565396515,0.3119310363794214
151,0.26071397205090846,0.31151311701004575
152,0.26030441191716264,0.31120856508312983
153,0.2598161284670952,0.31124563744271316
154,0.25939546004867425,0.3112101279173228
155,0.25899546101390075,0.31060378734473704
156,0.2584850910702049,0.310409757198605
157,0.25798837203629127,0.3101659393379171
158,0.2573365793146678,0.30992244050792733
159,0.25680115655423513,0.30944330154898714
160,0.2563655884643433,0.3090738064078605
161,0.2557588082763429,0.3087672455857814
162,0.25507650559056694,0.30863008650330515
163,0.25465230764668534,0.30839308337035637
164,0.25432030403552247,0.30827345930469013
165,0.253955122434724,0.3079594750490961
166,0.2534839546160834,0.3074151631925614
167,0.2530597168909442,0.3073624660568025
168,0.2525427068594306,0.30731059273412636
169,0.2519545160934259,0.30704165869526556
170,0.251590597574875,0.3066793606466731
171,0.2512913901579243,0.30651777753811754
172,0.250889484961856,0.30621027397805717
173,0.25023062201020235,0.30577901465903373
174,0.24972003170268053,0.30560330766213406
175,0.2492422689409681,0.3052390173092381
176,0.24892477132981308,0.3049493128962837
177,0.24849047392966592,0.3044972124462346
178,0.24787999119337623,0.30440822925535144
179,0.24761431583411286,0.30444131001817154
180,0.2472764314959431,0.3043344209392397
181,0.24687098558940807,0.304089383113493
182,0.24649434149758356,0.3038911932613238
183,0.24612204800030346,0.30406311794407037
184,0.24584213757530402,0.3038941761067224
185,0.24548648282673247,0.30350555749813535
186,0.24516409761724503,0.303194276199148
187,0.24490672748916079,0.30286448129407445
188,0.2444692674661409,0.30214909020101033
189,0.2439571497915625,0.3018041268382277
190,0.2435667274185848,0.3015459094144766
191,0.24319134595040032,0.30145148315088677
192,0.24268714568052957,0.3010522179775377
193,0.24221225848735056,0.30076195576663806
194,0.24167687423977754,0.30068572056493625
195,0.2413922580543453,0.30047072167300215
196,0.2409884886868642,0.3001989669595635
197,0.24068444074580905,0.3000396382093222
198,0.24024438766125697,0.3001420023696647
199,0.2399735155829668,0.3000519331160825
200,0.239630231048786,0.3001332892564633
201,0.23937802937743027,0.2999184545196127
202,0.23907343059410957,0.3000654500123953
203,0.2388535850667026,0.30021466682234993
204,0.23828310978711983,0.3002648441321674
205,0.2379936892861884,0.3002203276770258
206,0.23779136560619551,0.30028868996970126
207,0.23749874723447995,0.30017365911483485
208,0.2371857076625913,0.29995930527800246
209,0.23679891244379048,0.3000626550953143
210,0.2364629322796161,0.29988237179477273
211,0.23621128542130887,0.2995920307058453
212,0.2357319781304873,0.2993639857386162
213,0.2353159490870883,0.2989847041888934
214,0.23482087212288624,0.29877504486083806
215,0.23437135189881275,0.29849450165672226
216,0.23407067204335288,0.2983018248913072
217,0.23362154464446921,0.29815832116292434
218,0.23335163432654704,0.2981593510556352
219,0.23308255550600052,0.2981820391239497
220,0.23264673626931953,0.29780980237979765
221,0.2324118680467652,0.297606068338446
222,0.2319989133247403,0.2973979407481668
223,0.2316121950571899,0.2971143378737885
224,0.23140271475711138,0.2967855152442807
225,0.231135048501694,0.2966273849094314
226,0.23086650135642672,0.2965694209960749
227,0.23032829617359427,0.29639577523730287
228,0.2300447139963355,0.29629297987738296
229,0.22974844322170296,0.2961457171165241
230,0.22935695260565894,0.2963135969261394
231,0.22887872517185698,0.29593079473153716
232,0.22857748204651412,0.29597261619093795
233,0.22832991329353855,0.29590827803420644
234,0.22805838657237557,0.295657913047726
235,0.22776586535087942,0.29554401754444165
236,0.22752157145439755,0.29543890376148013
237,0.22726088777680098,0.295312525376413
238,0.22701435602069556,0.29523135900849806
239,0.22673128308024815,0.2948781907872427
240,0.22640613578158186,0.2949339877145851
241,0.22604041436128827,0.29465944877485334
242,0.22579636323605234,0.29446083342387364
243,0.2255391817228757,0.2945846778596358
244,0.22523229475359072,0.2945454955970833
245,0.22502974263568848,0.29438382598974716
246,0.22469573664126966,0.2943005225986017
247,0.22438004077747528,0.2939884188166952
248,0.22409961828671726,0.29390681817315617
249,0.22379987543369712,0.29391354909296175
250,0.22358068419717064,0.2938370895313049
251,0.22330312523534113,0.2934695648752216
252,0.22316010159606622,0.29347761545506934
253,0.22295619728387572,0.293635954255425
254,0.22268318698273407,0.2934780122805664
255,0.22231324825537405,0.29335027098814775
256,0.22198456970314298,0.29338711783703314
257,0.22163942141371898,0.2930316554811111
258,0.22137504459408705,0.2929652959913896
259,0.22097939546906875,0.2930015889373298
260,0.2208027570302706,0.2931229638741763
261,0.22062103942185565,0.2929018636940689
262,0.22021251332785158,0.292719998357627
263,0.21982790830892956,0.292464110964924
264,0.2195857746496187,0.2921131818024432
265,0.21921855975372606,0.2920927729907556
266,0.21895811890762115,0.29174782325746723
267,0.21866537332121974,0.29141659249298185
268,0.2184484340964537,0.2911163512282092
269,0.21825295824888027,0.2909852692724669
270,0.21795615145295066,0.2908588995328848
271,0.2177620624621758,0.29089045215142817
272,0.21747684600413345,0.29058532428149925
273,0.21728995858536915,0.29072203657746154
274,0.2170465690279687,0.290722828190783
275,0.21679761600274772,0.290840283135422
276,0.21646609284999097,0.2906500118934432
277,0.2162611973347632,0.29095610422373575
278,0.2160932746077713,0.29104164843988545
279,0.2159028247365118,0.29085331021663813
280,0.21566460063034723,0.2907420509227097
281,0.21539994959944042,0.2908926406679185
282,0.21518422419930686,0.2910833225308991
283,0.21491511718636327,0.2908489722897259
284,0.21471055573280803,0.2907409320348206
285,0.21450993892556228,0.29093678004701196
286,0.21432320996892307,0.29101757061586353
287,0.21409014781904856,0.29080522256161623
288,0.21369685467140878,0.2909574908964602
289,0.21349446930887184,0.29099811550138227
290,0.2133226114156572,0.29093070475517774
291,0.2131205034523306,0.2906865389095555
292,0.2128755209188347,0.29058635632448315
293,0.2127277892947184,0.29053693014713117
294,0.21245586389094326,0.29020680772078655
295,0.21218401936791986,0.2901995148405233
296,0.21193737809272006,0.2903827725798206
297,0.21175016117948153,0.2903122478654902
298,0.21144455764280792,0.2901202364789568
299,0.21121521080475922,0.290137002265632
300,0.21106791470178085,0.2900261292069902
301,0.21089874831346161,0.2899874993045042
302,0.2106435038505223,0.289569876378711
303,0.21039401972215407,0.2892220593418264
304,0.21020409828738795,0.28925380630944897
305,0.210027233323222,0.2893033548749108
306,0.20974999971648825,0.2890523180172269
307,0.2094610429857817,0.2889329969364819
308,0.20912294262564093,0.28858849333306497
309,0.20891478461487348,0.28836239115813656
310,0.20873218814015962,0.28846070766317183
311,0.20852891314980118,0.28847599964227727
312,0.20833439654297156,0.2883528427955211
313,0.2081251493033319,0.2881875125435343
314,0.20790447147682434,0.2880843630132923
315,0.20772581622664205,0.28800282474732547
316,0.20744423773159373,0.2879960221092077
317,0.2072402914434552,0.28754653769028266
318,0.2069697659707258,0.28737571358423153
319,0.2067710717688799,0.28732633760072707
320,0.20660349969316305,0.2872687340444675
321,0.20639978233712805,0.28721060581336977
322,0.20619993889900926,0.28727749233224725
323,0.20593583126707238,0.28723168159410073
324,0.2057202135614608,0.2866950695823264
325,0.20552075977366313,0.2863755074438113
326,0.20526224619425418,0.2866236520710317
327,0.20505648682567865,0.2863995700743042
328,0.2048535506236803,0.2863691201035392
329,0.2046422278671011,0.28621018098301026
330,0.20442156274108017,0.2859167719734768
331,0.20425694930118674,0.2860386143436206
332,0.2040158716989147,0.28591434457031834
333,0.2037698582758577,0.2858236736564572
334,0.20361013749901363,0.2857391509694966
335,0.2034437424980376,0.285828396542943
336,0.20326012730102838,0.285623680698813
337,0.20299686244791265,0.2854457508409377
338,0.2028379784861123,0.28539977901600866
339,0.20260000026639485,0.2849701294415818
340,0.20242913536083806,0.2847699771180671
341,0.2020777411024503,0.2843358989980936
342,0.20196376088720466,0.28427620938724296
343,0.20173900472403808,0.2842213325883385
344,0.20152898014972098,0.2845345675541123
345,0.2012719175606496,0.28440173957328096
346,0.2011169265662668,0.2843688357091493
347,0.20095333432391801,0.28441434572154867
348,0.20070997960672965,0.28421987968662527
349,0.2004919728492996,0.28431359463861045
350,0.20027984258456183,0.28438880273116457
351,0.20004489072845397,0.2843267458530102
352,0.19988773649198568,0.2841782003829335
353,0.1996336328295014,0.28424575926491835
354,0.19945635075429638,0.2842058122548568
355,0.19930044530384344,0.2841853214130259
356,0.19912600314536258,0.284212728551207
357,0.19897864199615425,0.2840610252468557
358,0.1987870987680341,0.2839496206835998
359,0.1985784686593713,0.28414439065522923
360,0.19833968751950778,0.2840456480609832
361,0.19815633608933597,0.28414023174733655
362,0.19799897626486923,0.2841169044746284
363,0.19776991539387478,0.2838590461500646
364,0.19756313398922892,0.2837132205227122
365,0.19738627109084955,0.28333007006236843
366,0.1971493448915195,0.28328288339870095
367,0.19696403579325442,0.28338247009108164
368,0.1967467371326409,0.2832757447539415
369,0.19659954518427125,0.2832237176386484
370,0.19639296837914877,0.2828861178853156
371,0.19621767684846686,0.28271664306324884
372,0.19603379820105485,0.2827667516496452
373,0.1958672071149616,0.28295519118266166
374,0.195691918668722,0.2830047385562248
375,0.19550683555224005,0.2831928278947279
376,0.19541103105923507,0.28318570749619154
377,0.19515909038763413,0.28290605444801914
378,0.19489508640420142,0.2829935615363206
379,0.19473395998974932,0.2830341459831589
380,0.19441282596173856,0.28292567826020915
381,0.19416543210260576,0.28274249498140025
382,0.19399323998288123,0.28262507943774073
383,0.19385488691364156,0.2825013058452683
384,0.19354640949602306,0.28238668797127053
385,0.1934276872439196,0.28240758108537894
386,0.19320893354173266,0.2823662962435024
387,0.19298044815826038,0.28235449653145206
388,0.19275188901997223,0.28214793904600555
389,0.1925259376433753,0.28184612893604405
390,0.19237713123827413,0.28174117731488596
391,0.19220723646602678,0.2815280112191894
392,0.19199755227145016,0.281448551267293
393,0.19181146211937491,0.28128788552106876
394,0.19165610962726076,0.28084277938748503
395,0.19150111236239373,0.2807336641762724
396,0.19134993143747117,0.2806658568229506
397,0.1911604369194151,0.28079908550740057
398,0.19093815779230708,0.28055326533352387
399,0.19067224531704716,0.280436458484253
400,0.19050396164593988,0.2803828213640762
401,0.1903098177780028,0.28045962369053273
402,0.19008722670637,0.2803804240547409
403,0.1898820843352709,0.2802099632051872
404,0.18971930598423659,0.28027686922611666
405,0.1895935590314069,0.28025450082496967
406,0.18942424407720448,0.28010848585220033
407,0.1892970729759067,0.28023978565233904
408,0.18918286871071605,0.280133665548804
409,0.18898222231706693,0.2801430061403588
410,0.18869507724596388,0.2800335369045456
411,0.18849534665201778,0.27983997968640995
412,0.18835918620008887,0.2799293589179405
413,0.18821331241535452,0.2798396577089128
414,0.18806206402567158,0.27991896495246166
415,0.18791798663588158,0.2797414803614007
416,0.1877270052963869,0.27954660889769134
417,0.18752516812645997,0.2795982036311036
418,0.1873842393462109,0.2796270046984872
419,0.18725154646674333,0.27945954864382255
420,0.18709510597673265,0.27943994104873776
421,0.1869847287713516,0.2792928558953482
422,0.18691134374487375,0.27923477033219996
423,0.1867567272308867,0.2791835891424846
424,0.18657664874134258,0.27916091542886134
425,0.18644590167602942,0.2793852354813961
426,0.18627064503911295,0.27929230965465834
427,0.18613462161196387,0.279248858221389
428,0.1859755245005028,0.2791916216275532
429,0.18578634421323023,0.2790485211642151
430,0.18566765306155084,0.27906833712683016
431,0.1855328239095425,0.27895409645130737
432,0.18533193407182647,0.2789966049459032
433,0.18515600350182754,0.2789263854400614
434,0.18501498989314177,0.2787800521834091
435,0.18484235217584957,0.2786683276784213
436,0.18469581481531056,0.27864292402896945
437,0.18455158551018902,0.2784753557108597
438,0.18443978251042323,0.2785349121883622
439,0.18430662957237612,0.27849437676763433
440,0.18418081547373566,0.27815008598547186
441,0.18403286140667993,0.2780050236057553
442,0.18382050179327875,0.2779332302173053
443,0.1836725325592897,0.2778552469200674
444,0.18351882668548264,0.27771413754144647
445,0.18338576646677562,0.27773518529949504
446,0.1832165971051536,0.2777346285563975
447,0.18312733716867735,0.2775489926373918
448,0.18298130999915352,0.27759052235184584
449,0.18284496789840232,0.27737714886988346
450,0.18272184018193502,0.27739547842883716
451,0.18251051461002457,0.27749928923614153
452,0.18232836517231465,0.27745623721707846
453,0.18213516128963106,0.2773601919274579
454,0.18194986235089383,0.27724961767457756
455,0.1817270585792751,0.27738050812278026
456,0.18161698971438606,0.2773196305072697
457,0.18145795284136404,0.2772177698530785
458,0.181374621969982,0.2773374999464557
459,0.18121218668644531,0.2771193246635638
460,0.18113940748498425,0.2769928633784755
461,0.18089282581672744,0.27720074782506615
462,0.1807022454259977,0.277035047324206
463,0.18053679997710242,0.2770898722493332
464,0.18037801738142129,0.27693428582492885
465,0.1802170744641124,0.2769044113837695
466,0.1800195903360245,0.27690517360291583
467,0.17989342411951298,0.2769721729096276
468,0.17977873324939248,0.27710512882985716
469,0.1796202343830879,0.276917285546235
470,0.17950708220585873,0.27692562841096763
471,0.17942141324991923,0.2768107676295801
472,0.17926015010293975,0.27677551187126775
473,0.17910619321721705,0.27676844285784175
474,0.17901909836975954,0.2769665510558765
475,0.17890191815094733,0.27696987967466513
476,0.1787573468110191,0.2768404195563777
477,0.17861848250672666,0.2767527759029038
478,0.17846328214561738,0.27657663859878995
479,0.17834392822110848,0.2765211437334276
480,0.1782023558238358,0.2763191746610708
481,0.17810809613692863,0.2764668222208685
482,0.1778324927070276,0.27621571089853436
483,0.177742367525987,0.27624491122336237
484,0.17762599394758824,0.2762935635288798
485,0.17746923615634352,0.2763018690899584
486,0.17739937806740538,0.2762263550539501
487,0.1772432565170725,0.2761074220322354
488,0.17712215286293376,0.276222832063828
489,0.17689101035018642,0.2763632626099676
490,0.1767963772481545,0.27636575436935407
491,0.17666278342429592,0.2763832339796385
492,0.17641109273584407,0.27612394711248717
493,0.17632791819621133,0.2759370253618012
494,0.17609957651670702,0.27597097909797536
495,0.17591811646124847,0.2758143422521106
496,0.17578782185396313,0.2756961741329327
497,0.17568073891814018,0.2755629800820988
498,0.17548596528108842,0.275525057539108
499,0.1752602159205892,0.2753658929480542
500,0.17514583042188578,0.27540848728134887
501,0.1749774811987476,0.2751250116103049
502,0.1748817389858656,0.27493214132652694
503,0.17474351663702606,0.27489621457477914
504,0.17464352273876874,0.27486425272233356
505,0.17450701579836653,0.2749591315342155
506,0.17437078646360446,0.27505970878338476
507,0.17426698446106392,0.2750339515609764
508,0.17415222416587706,0.2748375719005592
509,0.17398712922333756,0.27455323382359725
510,0.1738273371472546,0.27455186864851683
511,0.1736256326514932,0.27444482773224255
512,0.17348042844661074,0.27431643329333705
513,0.17322534872532916,0.2742222191862378
514,0.1730947367291442,0.2743524313174755
515,0.1729456203138497,0.27478855439783617
516,0.17282972607999772,0.27460839210645516
517,0.17268769365221587,0.2745050208486375
518,0.17250430747634177,0.2744163507558086
519,0.17235926265160897,0.2744566730153134
520,0.17224651603597535,0.27434160530609597
521,0.1721538876136123,0.2744338751643736
522,0.17202878701389873,0.2744338984425536
523,0.17184183130670744,0.27442038949311837
524,0.17172862160179325,0.274410437407976
525,0.17159888747017027,0.2744177359081398
526,0.1714607951378692,0.2745202161387777
527,0.17128742484689696,0.27432244320461563
528,0.1712020476273203,0.2743932132631385
529,0.17106937376090023,0.27443243684700314
530,0.17097011470802612,0.27404703021332966
531,0.17087091632694684,0.2741487939180085
532,0.17077736854815714,0.2742264478278331
533,0.17067300772652377,0.2737916097531184
534,0.17054652656176547,0.27366890082801226
535,0.17042735426910227,0.273700339689162
536,0.17029124215943073,0.2735283633796595
537,0.17011031260436585,0.2735021256468543
538,0.1699924189335889,0.273252960725927
539,0.16984745716960548,0.2728200929771527
540,0.1697483195065678,0.2727593871133745
541,0.16959607516824649,0.27260051166555266
542,0.16944992329960654,0.27279146491874645
543,0.16929306434094657,0.2726490858034127
544,0.16915349145336928,0.2724697497671483
545,0.16903656185272906,0.272670630055439
546,0.1688732326708409,0.2725706914840777
547,0.1687877072598932,0.27246136028024687
548,0.1686689040954841,0.27241511923277634
549,0.16856511726875187,0.27254525272329655
550,0.16838943070852694,0.2723839241537786
551,0.16821930398138155,0.27226508182465736
552,0.16809291921950947,0.27232665618624474
553,0.16796461347785302,0.2724902299804742
554,0.16776058236133565,0.2723196255999616
555,0.16756110070772245,0.2724472820631537
556,0.16736959253069608,0.27256723718361975
557,0.16722275437909892,0.2727573518181181
558,0.16705063456874095,0.27261954739010874
559,0.1668763546201592,0.27260679824908624
560,0.16677598332511007,0.27268643133712667
561,0.16667023671721057,0.2724743345499181
562,0.16657971722561513,0.27250537408949105
563,0.16645250633094702,0.272659916334672
564,0.16632964450959706,0.27280165662277694
565,0.16621607526313079,0.27284945147228196
566,0.16608095116462226,0.2726885478605381
567,0.1659821272890749,0.2728332895589329
568,0.16585068230003125,0.2728998450754669
569,0.165719283020754,0.2729352810046977
570,0.1656201690691714,0.2730085972380418
571,0.1655444636781409,0.27298952430511997
572,0.16539638688367225,0.272740980809643
573,0.16529101621225623,0.27270241161690917
574,0.16513750892079357,0.27262323117817155
575,0.16500860493542607,0.2725661068857574
576,0.16489958900394058,0.2725398764607592
577,0.1648117046029018,0.2726156596834711
578,0.16466904453383713,0.2725591251218001
579,0.16457950505144855,0.2724957397382645
580,0.1644846488619361,0.2724290721627348
581,0.16438259575791486,0.272358851223262
582,0.16427025582755783,0.2725445968841129
583,0.1641223160051468,0.27264998376869126
584,0.16397990788181377,0.2727690147086395
585,0.16382042569646615,0.2729272996885272
586,0.1637257177687969,0.2730642887731887
587,0.16363952760179643,0.2729647551602989
588,0.16355281870631266,0.2730092881440752
589,0.16341127505998923,0.27282070166203276
590,0.16330616506158743,0.2728345167766836
591,0.1632083725926404,0.27276468432407025
592,0.16308297507483907,0.2730858420661596
593,0.16294637565620254,0.2731124274794795
594,0.1627973462675006,0.2729637686006194
595,0.16269337185820476,0.2731710162984918
596,0.16260441741478981,0.2732836236525408
597,0.1625359907592969,0.2731411614386324
598,0.16236759646330506,0.2727630743562094
599,0.16224055413305424,0.2728598713190718
600,0.1621325783516695,0.27304428252230245
601,0.16199611746102888,0.27290054690543664
