0,0.4611485004425049,0.5049545764923096
1,0.4340749979019165,0.4534488618373871
2,0.4315336048603058,0.4486946761608124
3,0.42465338110923767,0.4448845088481903
4,0.4222012758255005,0.44523653388023376
5,0.4177885055541992,0.4382878243923187
6,0.4178794026374817,0.4398864507675171
7,0.4172302186489105,0.4378953278064728
8,0.4159851372241974,0.4373750686645508
9,0.4161791503429413,0.43694058060646057
10,0.41524094343185425,0.43673115968704224
11,0.4151151180267334,0.4368196427822113
12,0.41466024518013,0.43737658858299255
13,0.41317200660705566,0.43657204508781433
14,0.4117600917816162,0.43393439054489136
15,0.4114339351654053,0.43416622281074524
16,0.4114568531513214,0.43486288189888
17,0.41161054372787476,0.43472927808761597
18,0.4111455976963043,0.4356384873390198
19,0.41127246618270874,0.4352944791316986
20,0.4108966588973999,0.43455249071121216
21,0.41045957803726196,0.4330293536186218
22,0.4099712073802948,0.43282389640808105
23,0.4095171093940735,0.4322258532047272
24,0.40933412313461304,0.4320906698703766
25,0.40921610593795776,0.4323500096797943
26,0.40921515226364136,0.4325389564037323
27,0.40927380323410034,0.4327133595943451
28,0.4094109833240509,0.43306440114974976
29,0.40924084186553955,0.43312937021255493
30,0.409262478351593,0.43301039934158325
31,0.40877479314804077,0.43231627345085144
32,0.40873685479164124,0.4321173131465912
33,0.4085683822631836,0.4319949448108673
34,0.40886321663856506,0.431689590215683
35,0.40886548161506653,0.43176543712615967
36,0.4086543619632721,0.4322200417518616
37,0.40874820947647095,0.43191102147102356
38,0.4086630940437317,0.4324534833431244
39,0.40869462490081787,0.4321085810661316
40,0.4085724949836731,0.4308764338493347
41,0.4087163805961609,0.430986225605011
42,0.40874776244163513,0.430840402841568
43,0.40859031677246094,0.4306405484676361
44,0.40861082077026367,0.4308287501335144
45,0.40852224826812744,0.43124398589134216
46,0.408707857131958,0.4316217005252838
47,0.4086900055408478,0.43143269419670105
48,0.4085865318775177,0.43146389722824097
49,0.40849149227142334,0.4314778447151184
50,0.4085747301578522,0.43151476979255676
51,0.40847477316856384,0.43116533756256104
52,0.40803655982017517,0.4311794936656952
53,0.4080228805541992,0.4307810664176941
54,0.40805330872535706,0.4309677183628082
55,0.4078940153121948,0.43070217967033386
56,0.407737135887146,0.43030640482902527
57,0.40782904624938965,0.43048951029777527
58,0.40771570801734924,0.430305153131485
59,0.4077882468700409,0.4304094910621643
60,0.40790316462516785,0.4303428828716278
61,0.40797486901283264,0.43026453256607056
62,0.4078817665576935,0.4304414689540863
63,0.4078837037086487,0.4305416941642761
64,0.40790751576423645,0.43089646100997925
65,0.40775352716445923,0.43097925186157227
66,0.4076650142669678,0.43090733885765076
67,0.40757742524147034,0.430803507566452
68,0.4076085686683655,0.4305610656738281
69,0.4075913727283478,0.43048539757728577
70,0.40774568915367126,0.43038153648376465
71,0.4078640043735504,0.4304240345954895
72,0.40789148211479187,0.43053093552589417
73,0.40796294808387756,0.4305311441421509
74,0.40799063444137573,0.4302753508090973
75,0.40799713134765625,0.430258184671402
76,0.4082176089286804,0.43042248487472534
77,0.4082549512386322,0.43050286173820496
78,0.4083770215511322,0.43061116337776184
79,0.4084046483039856,0.4306090474128723
80,0.4083269536495209,0.43063992261886597
81,0.408174991607666,0.43053752183914185
82,0.4082324504852295,0.4305295944213867
83,0.4081208407878876,0.4306138753890991
84,0.40809011459350586,0.43043339252471924
85,0.4080902636051178,0.43043386936187744
86,0.40821078419685364,0.4304310977458954
87,0.40795189142227173,0.4304913282394409
88,0.4080314040184021,0.43054455518722534
89,0.407979279756546,0.43064385652542114
90,0.4078109860420227,0.43053358793258667
91,0.4078177809715271,0.43053093552589417
92,0.40776965022087097,0.43037521839141846
93,0.40765181183815,0.4301879405975342
94,0.40779387950897217,0.4302982985973358
95,0.40777963399887085,0.43026024103164673
96,0.4076857566833496,0.43019652366638184
97,0.40769487619400024,0.4302533268928528
98,0.4076600670814514,0.4301934838294983
99,0.4076603055000305,0.4300704598426819
100,0.4077208936214447,0.43013015389442444
101,0.4078652560710907,0.430268794298172
102,0.40787020325660706,0.43023887276649475
103,0.40791451930999756,0.4302886426448822
104,0.407932847738266,0.4304257929325104
105,0.4077836275100708,0.4302690327167511
106,0.40767809748649597,0.43011024594306946
107,0.4077707529067993,0.43024009466171265
108,0.40770986676216125,0.4300265312194824
109,0.40772545337677,0.4299902617931366
110,0.40777063369750977,0.43012309074401855
111,0.407836377620697,0.4301660656929016
112,0.4078449010848999,0.4301304817199707
113,0.40790051221847534,0.4300818145275116
114,0.4079243242740631,0.4300856590270996
115,0.4079285264015198,0.43005484342575073
116,0.40793001651763916,0.42992472648620605
117,0.4079545736312866,0.42998483777046204
118,0.4079757630825043,0.42993468046188354
119,0.40789899230003357,0.43003520369529724
120,0.40788689255714417,0.43015745282173157
121,0.40783417224884033,0.43010684847831726
122,0.4077503979206085,0.430120587348938
123,0.4078368544578552,0.4302040934562683
124,0.40777787566185,0.43020737171173096
125,0.4078180491924286,0.430263876914978
126,0.4077407121658325,0.43012428283691406
127,0.4078192710876465,0.4301360547542572
128,0.40782418847084045,0.4300633668899536
129,0.40780943632125854,0.4299784004688263
130,0.4078466296195984,0.4300433397293091
131,0.4078465700149536,0.42999088764190674
132,0.4077741801738739,0.4301680624485016
133,0.4078153073787689,0.4301717281341553
134,0.40771904587745667,0.4301329255104065
135,0.40776327252388,0.4301394522190094
136,0.407787024974823,0.4301603138446808
137,0.40780216455459595,0.43016618490219116
138,0.4077358841896057,0.4302070736885071
139,0.40771958231925964,0.43014147877693176
140,0.4077749252319336,0.4302136301994324
141,0.40773576498031616,0.4300179183483124
142,0.40779659152030945,0.43010595440864563
143,0.407747745513916,0.4300070106983185
144,0.407711923122406,0.42987874150276184
145,0.4077502489089966,0.4299403131008148
146,0.4078272581100464,0.42996513843536377
147,0.4078591465950012,0.4299009144306183
148,0.4078499972820282,0.4298526644706726
149,0.40780872106552124,0.4298846423625946
150,0.4077593684196472,0.4298730194568634
151,0.40773096680641174,0.4297926723957062
152,0.4077352285385132,0.4298374652862549
153,0.4077644944190979,0.4299096167087555
154,0.40781810879707336,0.4298154413700104
155,0.407840371131897,0.42975565791130066
156,0.4078606069087982,0.42987388372421265
157,0.4077155590057373,0.42981064319610596
158,0.40773165225982666,0.4297338128089905
159,0.40776339173316956,0.4298114776611328
160,0.40769946575164795,0.42986610531806946
161,0.4078387916088104,0.4299556314945221
162,0.40785518288612366,0.4300585985183716
163,0.40775004029273987,0.4299674332141876
164,0.4077353775501251,0.42978763580322266
165,0.4077221155166626,0.42980900406837463
166,0.4076898694038391,0.42971402406692505
167,0.4076915383338928,0.4297610819339752
168,0.40770572423934937,0.4296741485595703
169,0.4076807200908661,0.4297308325767517
170,0.40770605206489563,0.42976975440979004
171,0.4076499938964844,0.4298185110092163
172,0.4075804054737091,0.42983192205429077
173,0.4074690639972687,0.42980721592903137
174,0.40748926997184753,0.42982199788093567
175,0.4074871838092804,0.4296875596046448
176,0.40751275420188904,0.42976605892181396
177,0.4074852466583252,0.4296915531158447
178,0.40742015838623047,0.42954716086387634
179,0.4074001610279083,0.42961031198501587
180,0.4073536694049835,0.4296872615814209
181,0.40735459327697754,0.42971256375312805
182,0.4073476493358612,0.42980721592903137
183,0.4073295593261719,0.4298021197319031
184,0.4073288142681122,0.42980775237083435
185,0.40735816955566406,0.42983728647232056
186,0.40730559825897217,0.4297979176044464
187,0.40726709365844727,0.4297952651977539
188,0.4072054624557495,0.4296782612800598
189,0.40724697709083557,0.4297206401824951
190,0.4072014093399048,0.4296744167804718
191,0.40722453594207764,0.429617702960968
192,0.4072040617465973,0.42957010865211487
193,0.4072052240371704,0.42952483892440796
194,0.4071941673755646,0.4295165240764618
195,0.40722233057022095,0.4295608699321747
196,0.40724441409111023,0.4295293390750885
197,0.40723803639411926,0.42953556776046753
198,0.40720030665397644,0.4294968843460083
199,0.4071573317050934,0.4294944107532501
200,0.4071221649646759,0.4295004606246948
201,0.4071049094200134,0.4294666051864624
202,0.40714073181152344,0.42947593331336975
203,0.407147079706192,0.42944425344467163
204,0.4071928858757019,0.42946094274520874
205,0.4072078764438629,0.429501473903656
206,0.40717628598213196,0.42942023277282715
207,0.40719860792160034,0.4294232726097107
208,0.40714290738105774,0.4293619990348816
209,0.40720516443252563,0.429328054189682
210,0.4072055518627167,0.4293539822101593
211,0.40720024704933167,0.4293920397758484
212,0.40718263387680054,0.4293898940086365
213,0.407209187746048,0.42937102913856506
214,0.40723294019699097,0.4294208586215973
215,0.4072321355342865,0.42942702770233154
216,0.407263845205307,0.42938467860221863
217,0.40720850229263306,0.4293248951435089
218,0.40724268555641174,0.42935124039649963
219,0.40720924735069275,0.4293283224105835
220,0.407137393951416,0.4293535053730011
221,0.4071536362171173,0.42933493852615356
222,0.4071587920188904,0.4293792247772217
223,0.40713655948638916,0.42942187190055847
224,0.40714147686958313,0.4294145703315735
225,0.40718555450439453,0.42947807908058167
226,0.40712615847587585,0.42947909235954285
227,0.40717795491218567,0.42955633997917175
228,0.4071986973285675,0.4295644760131836
229,0.4071900546550751,0.42957621812820435
230,0.40714961290359497,0.4295174479484558
231,0.4071396291255951,0.42942798137664795
232,0.40707558393478394,0.42942672967910767
233,0.40707990527153015,0.42944857478141785
234,0.4070705771446228,0.429399311542511
235,0.40706026554107666,0.42945775389671326
236,0.40706127882003784,0.4294549524784088
237,0.407075971364975,0.4294153153896332
238,0.4070874750614166,0.4294305741786957
239,0.4070604741573334,0.4294686019420624
240,0.40703412890434265,0.42952895164489746
241,0.40704506635665894,0.42958033084869385
242,0.4070119857788086,0.4294721782207489
243,0.4070194661617279,0.42948850989341736
244,0.4070186913013458,0.42944788932800293
245,0.40705832839012146,0.4294731020927429
246,0.40707728266716003,0.4294959306716919
247,0.4070543050765991,0.42946940660476685
248,0.4070848524570465,0.42948341369628906
249,0.40714722871780396,0.42948484420776367
250,0.4071328938007355,0.4294106066226959
251,0.407152384519577,0.42944300174713135
252,0.40713825821876526,0.4293665587902069
253,0.4071213901042938,0.429377019405365
254,0.4071195721626282,0.4294168949127197
255,0.4071292579174042,0.42947110533714294
256,0.40713730454444885,0.4294227659702301
257,0.40715503692626953,0.4294185936450958
258,0.40716636180877686,0.4294407367706299
259,0.40705347061157227,0.42944222688674927
260,0.40707188844680786,0.42941024899482727
261,0.4070655405521393,0.4293789267539978
262,0.40705958008766174,0.42926710844039917
263,0.40703085064888,0.42922985553741455
264,0.40704068541526794,0.4292442202568054
265,0.4070110321044922,0.4292560815811157
266,0.4069329500198364,0.42925509810447693
267,0.4069395661354065,0.4292777180671692
268,0.40696054697036743,0.42928439378738403
269,0.4069650173187256,0.42928585410118103
270,0.4069734215736389,0.4292513430118561
271,0.40699368715286255,0.42926889657974243
272,0.4069805145263672,0.4292396008968353
273,0.4070076644420624,0.42923271656036377
274,0.40701985359191895,0.429228276014328
275,0.40700793266296387,0.429216206073761
276,0.4069758653640747,0.429181843996048
277,0.40699806809425354,0.42918485403060913
278,0.4070438742637634,0.4292445182800293
279,0.40703412890434265,0.42924022674560547
280,0.4070053696632385,0.42915791273117065
281,0.40702372789382935,0.4291749596595764
282,0.40706750750541687,0.429248571395874
283,0.4070414900779724,0.4292018413543701
284,0.4070377051830292,0.4292129576206207
285,0.40695521235466003,0.42914655804634094
286,0.40695956349372864,0.4291515350341797
287,0.40692487359046936,0.42910924553871155
288,0.4069090783596039,0.4290580451488495
289,0.4069097340106964,0.42903199791908264
290,0.4068904519081116,0.42906859517097473
291,0.40688902139663696,0.4290662407875061
292,0.40690046548843384,0.42903026938438416
293,0.4069244861602783,0.4290671944618225
294,0.4069303870201111,0.42898234724998474
295,0.4069424271583557,0.4289650321006775
296,0.4069647490978241,0.42901623249053955
297,0.4069710373878479,0.42895814776420593
298,0.40698865056037903,0.4289749264717102
299,0.4070003628730774,0.429015576839447
300,0.40700584650039673,0.42899376153945923
301,0.4069869816303253,0.4289529323577881
302,0.40699732303619385,0.4289964735507965
303,0.4069630205631256,0.42894360423088074
304,0.406978577375412,0.4289669394493103
305,0.40694212913513184,0.42893970012664795
306,0.4069516658782959,0.4289022982120514
307,0.4069491922855377,0.4288908839225769
308,0.40693747997283936,0.4289513826370239
309,0.40686672925949097,0.42898881435394287
310,0.40687334537506104,0.4290143549442291
311,0.40688520669937134,0.4290255904197693
312,0.4069267809391022,0.4289911389350891
313,0.4069206416606903,0.42903321981430054
314,0.4068959355354309,0.429045170545578
315,0.4068932831287384,0.4290930926799774
316,0.40692469477653503,0.4290993809700012
317,0.40691903233528137,0.42910537123680115
318,0.40696173906326294,0.4291191101074219
319,0.40698230266571045,0.42912349104881287
320,0.4069731533527374,0.4291343092918396
321,0.40700602531433105,0.4291212558746338
322,0.40700462460517883,0.4290352165699005
323,0.40699732303619385,0.4290260076522827
324,0.4070490300655365,0.42903298139572144
325,0.4070635139942169,0.42903435230255127
326,0.40707096457481384,0.42904382944107056
327,0.40706944465637207,0.4290328025817871
328,0.407091349363327,0.42910927534103394
329,0.40707647800445557,0.4291212558746338
330,0.4070850610733032,0.4290827214717865
331,0.40709516406059265,0.42909544706344604
332,0.40710127353668213,0.4291084110736847
333,0.40707218647003174,0.42905738949775696
334,0.40709611773490906,0.4290623366832733
335,0.4070436358451843,0.42906731367111206
336,0.4070185422897339,0.4290471374988556
337,0.4070309102535248,0.429081529378891
338,0.4070228636264801,0.4290212392807007
339,0.40702977776527405,0.42899012565612793
340,0.4070607125759125,0.42899104952812195
341,0.40709006786346436,0.4290138781070709
342,0.40710851550102234,0.42903321981430054
343,0.4071098268032074,0.4290458559989929
344,0.4071161150932312,0.42905089259147644
345,0.4071120023727417,0.42903223633766174
346,0.4071274697780609,0.4290425479412079
347,0.40709295868873596,0.4290216863155365
348,0.4070843458175659,0.4289657175540924
349,0.4070794880390167,0.4289121627807617
350,0.4070546627044678,0.4288956820964813
351,0.40705132484436035,0.4288899898529053
352,0.4070237874984741,0.4288288652896881
353,0.40700986981391907,0.42878293991088867
354,0.40699684619903564,0.42880377173423767
355,0.40701499581336975,0.42884495854377747
356,0.40701013803482056,0.42882922291755676
357,0.4070083498954773,0.42885473370552063
358,0.40702611207962036,0.42886465787887573
359,0.4070064425468445,0.42884862422943115
360,0.40701788663864136,0.42882585525512695
361,0.40705159306526184,0.42887818813323975
362,0.4070177376270294,0.4288594126701355
363,0.40701764822006226,0.42881911993026733
364,0.40703627467155457,0.4288356602191925
365,0.4070253372192383,0.42882269620895386
366,0.40703442692756653,0.42889317870140076
367,0.40703004598617554,0.428860068321228
368,0.40701645612716675,0.42886191606521606
369,0.4070347547531128,0.42887982726097107
370,0.4070170819759369,0.4288742244243622
371,0.40704259276390076,0.42891430854797363
372,0.4070185422897339,0.4288840889930725
373,0.4070325493812561,0.4288732409477234
374,0.4070296287536621,0.4288460910320282
375,0.407016783952713,0.42882615327835083
376,0.4070056974887848,0.42881321907043457
377,0.4070144295692444,0.42883166670799255
378,0.40701261162757874,0.42883798480033875
379,0.40702205896377563,0.4288257956504822
380,0.4069754183292389,0.42878207564353943
381,0.4069226086139679,0.4286910891532898
382,0.4069558382034302,0.4287225604057312
383,0.4069676399230957,0.4287170171737671
384,0.40696001052856445,0.4286525845527649
385,0.4069734811782837,0.42864468693733215
386,0.406963050365448,0.4286485016345978
387,0.40697261691093445,0.4286118745803833
388,0.40700045228004456,0.4286441504955292
389,0.40700763463974,0.4286380112171173
390,0.4070214331150055,0.4286839962005615
391,0.4069995880126953,0.4286655783653259
392,0.4069759249687195,0.4286690056324005
393,0.40695667266845703,0.4285990297794342
394,0.40696898102760315,0.4285956025123596
395,0.4069885313510895,0.4286101460456848
396,0.407007098197937,0.4286382496356964
397,0.40700477361679077,0.42862668633461
398,0.4070229232311249,0.42866435647010803
399,0.40699392557144165,0.4286658465862274
400,0.40701186656951904,0.4286537766456604
401,0.40704262256622314,0.428695946931839
402,0.4070509970188141,0.4287184476852417
403,0.4070698320865631,0.4287300407886505
404,0.40705570578575134,0.42874088883399963
405,0.40704503655433655,0.4287455677986145
406,0.40702077746391296,0.42869433760643005
407,0.40703871846199036,0.42868661880493164
408,0.4070413410663605,0.42872750759124756
409,0.4070471525192261,0.4287358820438385
410,0.407055526971817,0.4287515878677368
411,0.40705445408821106,0.4287085235118866
412,0.4070514440536499,0.42872199416160583
413,0.4069972634315491,0.4286884367465973
414,0.40697619318962097,0.4286485016345978
415,0.4069752097129822,0.4286261796951294
416,0.40698671340942383,0.42866817116737366
417,0.40698885917663574,0.42866435647010803
418,0.40697041153907776,0.4286573529243469
419,0.40700066089630127,0.4286574125289917
420,0.40699586272239685,0.4286526143550873
421,0.4070049822330475,0.42867937684059143
422,0.4070361852645874,0.4286891222000122
423,0.4070533514022827,0.42868417501449585
424,0.40705540776252747,0.4286712110042572
425,0.40706169605255127,0.4286915957927704
426,0.4070550799369812,0.42868053913116455
427,0.4070463180541992,0.4286295175552368
428,0.4070427417755127,0.42862725257873535
429,0.40701815485954285,0.4286573827266693
430,0.4069975018501282,0.4286857545375824
431,0.4070015847682953,0.42871615290641785
432,0.40698668360710144,0.4287090599536896
433,0.40699484944343567,0.428733766078949
434,0.4070020020008087,0.4287138283252716
435,0.4070216417312622,0.42875221371650696
436,0.40701454877853394,0.42872151732444763
437,0.40702158212661743,0.42874374985694885
438,0.40702739357948303,0.42878028750419617
439,0.4070216715335846,0.4287998676300049
440,0.40704283118247986,0.4288139045238495
441,0.40705782175064087,0.42881056666374207
442,0.4070427119731903,0.42881056666374207
443,0.4070360064506531,0.4288520812988281
