0,0.6616985482330395,0.6671639659643197
1,0.6299610250298856,0.6391819721824145
2,0.6067169472681541,0.6180876949928683
3,0.5909800975116478,0.6034018337334659
4,0.576383045838839,0.5914676923698576
5,0.560982878840603,0.5781651313060049
6,0.5524862554774157,0.5702838163432776
7,0.5408359992222089,0.5593831478351359
8,0.5324648629490926,0.551278342507967
9,0.5270634249715367,0.5469496183468756
10,0.5204064401249201,0.5408962636337329
11,0.51252816532013,0.5333049847133321
12,0.5050606750209843,0.5282244060583643
13,0.4995680852676711,0.5246031089358805
14,0.49267238322591267,0.517875008412513
15,0.48775507362587506,0.5150859545748966
16,0.4839312869867351,0.5115015683971963
17,0.4783347830798712,0.5060363188044998
18,0.47327152502157055,0.502982751577442
19,0.4698739572689863,0.5003323818006375
20,0.465578686003801,0.4962603166034339
21,0.4609487946488666,0.49354114724756654
22,0.4565557412529414,0.4908814093879713
23,0.4534365478907979,0.4880337377436191
24,0.4484702108588888,0.4829271187065891
25,0.44584551140441486,0.4798587458813442
26,0.4421933284854089,0.4771304278177126
27,0.4394023269040699,0.47460183172570086
28,0.43621460341671425,0.4733012972926468
29,0.4329134182910455,0.4710465754402448
30,0.42834205820884713,0.4672824789331377
31,0.4257439416204216,0.465161035737353
32,0.4224876978966631,0.4625002054672721
33,0.4205241725360815,0.4611559820258781
34,0.41848166164836964,0.46083376054692726
35,0.41597343437489837,0.4591578892648472
36,0.4133911169829064,0.4569968121409329
37,0.41112850575520504,0.45557097794779833
38,0.4090094688384662,0.45358587104221726
39,0.4064742995279824,0.45242141434838296
40,0.4039001613195583,0.4499239083095282
41,0.40164534775370364,0.4491430792253392
42,0.39963615464724594,0.44784399969782746
43,0.39775295136976485,0.4470000484931289
44,0.3957513373708508,0.44574150314807504
45,0.3941020562244319,0.44562710794607513
46,0.39226485910339703,0.4449458151701359
47,0.38981416444223993,0.442694099169391
48,0.38808291824054475,0.4412124340550823
49,0.3866053438018451,0.43975777179448183
50,0.38406274143824054,0.43821858606659364
51,0.38237097112453555,0.43717310799428916
52,0.3807187478161192,0.43653659034857095
53,0.3794937500901995,0.4360697984729193
54,0.3772106839197671,0.43415036567808996
55,0.3757245727316699,0.43363861571097956
56,0.37393081948228085,0.432544778798105
57,0.37268260453106106,0.4320420746991033
58,0.37111649944484154,0.4313997108336716
59,0.36931974154941594,0.4307297860081134
60,0.3677255718730254,0.4295784010027151
61,0.3659747564299079,0.428689813589451
62,0.3647201955229824,0.42815313649262954
63,0.3629053730833729,0.4277085597208189
64,0.3612336094111811,0.42617822353642004
65,0.3589668258603149,0.42535448694973155
66,0.3569646901100236,0.4241373310170697
67,0.3554564501470811,0.42396031133570883
68,0.3538004424114754,0.42271004096657283
69,0.35233513398985683,0.42122624255680563
70,0.35092653790570083,0.4207407237773816
71,0.34960215862622784,0.4200953110036395
72,0.34780628750646775,0.41937854892217274
73,0.34621804058866906,0.41879588089669917
74,0.3445200133549767,0.4177804876772229
75,0.34262217665664774,0.41654553581987735
76,0.34091712539892977,0.4162351337006669
77,0.3395329449688186,0.4157694197611159
78,0.33772964446509746,0.4151499883417156
79,0.33628545490817563,0.4141062158906756
80,0.33473968483899563,0.412942792555045
81,0.33268763974679233,0.4124191678916375
82,0.33132207354404153,0.4116150488228279
83,0.32902911198730433,0.4098304133283393
84,0.3277289577452808,0.40907122915529476
85,0.32594069804303977,0.4076594698801922
86,0.32448633405164046,0.40659800756779757
87,0.3228818507977825,0.4060881137760063
88,0.3211262197394496,0.40461459021278195
89,0.3193675649236418,0.4036852295909618
90,0.3175462167222617,0.40275187534302953
91,0.3163661862084184,0.40227356142775683
92,0.31455973871721893,0.40165067359291146
93,0.31291989631952827,0.4011520813859511
94,0.3113866904595369,0.40059598079937486
95,0.3096947485717428,0.39991440396075495
96,0.3076788454498488,0.3985043414443046
97,0.3060491501865502,0.39801271691237966
98,0.3047456245430202,0.397387322362505
99,0.303355741719074,0.3971745867061606
100,0.3014258598121478,0.39648817198553316
101,0.30009027343059214,0.3962362831203495
102,0.2978683045306771,0.3950660296935264
103,0.29609315601373726,0.3939509257864717
104,0.2945572708054152,0.393393228086303
105,0.2933350360961919,0.3928516581935586
106,0.2918193966446692,0.3920279970468723
107,0.29001201027839346,0.39015957026989007
108,0.2884306320022007,0.38895060733542214
109,0.28693220124363567,0.3884865088320418
110,0.28537211229002035,0.3881831688913727
111,0.2842057951852313,0.3882104445749044
112,0.28294739850306605,0.3878148417340223
113,0.28130882355391174,0.3870430281332111
114,0.2799443038071656,0.3863929996652486
115,0.2784224768006003,0.3860812172495242
116,0.27677705409185,0.3852597698892344
117,0.2753318509669443,0.3844473022225817
118,0.2737107410871365,0.384294737072583
119,0.27205819568586687,0.38312900248970416
120,0.2703473672247141,0.3823972676731801
121,0.2688764445527998,0.381332075432492
122,0.2676846766689294,0.3815091659652765
123,0.26646835687135756,0.3809486257397711
124,0.2652085395832675,0.38008786257180066
125,0.26405347195413814,0.38030286845988914
126,0.26288965189036256,0.38041070403550603
127,0.26130063733824055,0.3794467367671452
128,0.2597063917936494,0.3788485749089866
129,0.2586889475320118,0.3782567274287311
130,0.25736313538604666,0.3776738631939548
131,0.25616360454520487,0.37659278937234497
132,0.2549529431494627,0.37582354796790407
133,0.25379004305365965,0.3752656915669203
134,0.25270160534838865,0.3741740921714425
135,0.2513788697102257,0.3735770141429644
136,0.2502460146690649,0.37341506029208005
137,0.24929668784275466,0.37289704293800274
138,0.24822288085176,0.37250856442506997
139,0.24695928406956064,0.3719197173077994
140,0.24591729224285547,0.3719698072229393
141,0.24460795120698747,0.3715116135289295
142,0.24356800284086003,0.3717735443669353
143,0.2424086218612663,0.3709925572249605
144,0.2413406171266038,0.3703592461740632
145,0.2401136209532922,0.3699384384608622
146,0.23871346138478775,0.3695235681630307
147,0.23774044642713835,0.36933359636902025
148,0.23610347263247145,0.3686306594232586
149,0.23489844887028713,0.3680062587547367
150,0.23383719574275028,0.3676900580143086
151,0.23264154050762129,0.36677848827622606
152,0.23133962906251077,0.3659946868233828
153,0.23024914741659885,0.3655213506386981
154,0.22903520315481798,0.36485504011893516
155,0.22801079284749332,0.3644646151471656
156,0.22659158768162363,0.36361866152638855
157,0.22557543722448362,0.36348861700367535
158,0.2246760788085365,0.3634262557485879
159,0.22386830327739413,0.36343045202790364
160,0.22260221474595465,0.36235390485358315
161,0.22164760618917437,0.3623407658676571
162,0.22078562761008733,0.3621209936803898
163,0.21998533318171284,0.36179361037705976
164,0.2190155343147905,0.3611116823003594
165,0.2181146163399844,0.3607482970218187
166,0.2169164556290087,0.35993472139670757
167,0.21601340804025512,0.3601036559915292
168,0.21534996660868902,0.3600176274958992
169,0.21430959421506154,0.3603784626857683
170,0.21331330080263802,0.36026679222147107
171,0.21256784287837963,0.36007267658734754
172,0.211538049731893,0.3597318206296967
173,0.2106868224518835,0.3599046027656485
174,0.20941215181886214,0.3593468750668043
175,0.208700975998468,0.35879525793725603
176,0.20804725213805,0.3587492763994144
177,0.20733146094614918,0.35855640351531837
178,0.2066283516153524,0.35857403592034176
179,0.20604813964178276,0.35864253630616466
180,0.2048618917215833,0.35842998368680173
181,0.204203849809036,0.3583240102809873
182,0.20311926048497161,0.35804140309989335
183,0.20234901598449614,0.35803850343666116
184,0.2017107256768188,0.3578322042474112
185,0.20028796710394975,0.3568487457386653
186,0.1996208042004339,0.356150699739914
187,0.19878385306028007,0.35645367091137325
188,0.1979951845593268,0.3566856398449174
189,0.19727865598225308,0.3563064108471174
190,0.19643789119727983,0.35637010154404314
191,0.1954497406012993,0.3560713556913985
192,0.1948999497675621,0.3558416442765651
193,0.19370529192745756,0.35531969984788075
194,0.1930519977676555,0.35536264385257704
195,0.1924470518581508,0.3556658947392319
196,0.1915711873835541,0.3547242122344185
197,0.19091765680100484,0.35471180298565114
198,0.19024052668117655,0.355294684429916
199,0.18947188447355365,0.3550298048221274
200,0.18872166144780514,0.3544891259225121
201,0.1875904068050937,0.3541412807666281
202,0.1867837181886963,0.3538663967069998
203,0.1862461539172473,0.35432594830962755
204,0.18532971466910916,0.35422368076604893
205,0.18476470017733318,0.35399916593076186
206,0.1841095235337093,0.35338373004939694
207,0.18341427324760726,0.35296826980977647
208,0.1827453418920162,0.353257424797177
209,0.18205215861863783,0.35296503440378924
210,0.18125148650486256,0.3528462970758523
211,0.1806811166453556,0.35232531485769386
212,0.18015186721939094,0.35216199673499715
213,0.17939975372132308,0.3525654617581642
214,0.17854537473321394,0.352240808216299
215,0.1778491115551555,0.3520265420137876
216,0.17712554350463827,0.3518858645120517
217,0.17647544898465964,0.35135165227110665
218,0.17586111610407218,0.35100197081728673
219,0.1749430925189216,0.35138025840393766
220,0.1742096431676457,0.3514454020692685
221,0.17369677291623214,0.35145113411827245
222,0.17305198846276068,0.35109658524035725
223,0.1724520802880437,0.35098918698342574
224,0.17176080939928406,0.3511502910286813
225,0.17107542013877988,0.35061924720522525
226,0.17041754383030525,0.3506713459942708
227,0.16981472149924598,0.3504143160986227
228,0.1691523194337668,0.3501355017371234
229,0.16857218227127407,0.35008434647905734
230,0.16819635181565418,0.35017977190914384
231,0.167502837057171,0.3496617886871048
232,0.16677951648808717,0.34896891231842864
233,0.16628422105387977,0.3491110604560934
234,0.16566391407895933,0.3493315714394518
235,0.1651789417991106,0.34847402954096346
236,0.16465277263848888,0.34811421354345395
237,0.16405218516550554,0.34805632099852357
238,0.16339536981365171,0.34794125159122025
239,0.16292851369314934,0.3481084310769947
240,0.16235035248302632,0.3479794514986468
241,0.16185940234219504,0.3479918262011438
242,0.16127796749210913,0.3476290289529168
243,0.16075310140292765,0.34724796841849476
244,0.16025723986196677,0.3471091972638559
245,0.15968435198194667,0.3468895200631277
246,0.15919009703914347,0.34698042045047095
247,0.15863313214440306,0.34673379862764203
248,0.15803931437421934,0.3466498202671087
249,0.15727344226705597,0.346466422331363
250,0.15675336681429455,0.34626794756281665
251,0.15602276851591723,0.3464073409950283
252,0.15548310977114577,0.34632738519185524
253,0.15506808510916262,0.34644644716022144
254,0.15444102060707582,0.3468304315291145
255,0.1538356286743146,0.34668628439879573
256,0.15341243173724212,0.3467064157738686
257,0.15276543662014058,0.34650793699441323
258,0.1525555059400924,0.3466006559770043
259,0.15206795525984523,0.346225906958515
260,0.151533960941081,0.346410616100759
261,0.15077783894793337,0.3461972699585517
262,0.15046005035614426,0.3463342304546932
263,0.1499114885095122,0.3461117887187489
264,0.14943592704166866,0.3462766586761417
265,0.14887908321541632,0.34592622961547786
266,0.14828114244892915,0.34595241331241716
267,0.14776423415467005,0.3462755861398446
268,0.1473242143703762,0.3461926830552367
269,0.1466642846782947,0.34600180039236794
270,0.14602337673083912,0.345549759309774
271,0.14553883841407503,0.34553363642089685
272,0.14508442439241304,0.3453210584981908
273,0.14477547414294595,0.34522148674801334
274,0.1443858738866037,0.34541001196057786
275,0.144015274341473,0.3456847590487572
276,0.14354391507420344,0.3458629535257893
277,0.14302280387404676,0.34592314435195975
278,0.14250373164796967,0.3452707677026106
279,0.1420264066207564,0.3454638642011038
280,0.14156255284543395,0.3453284341077911
281,0.14085076800186877,0.34478345501361807
282,0.14041411209390642,0.3449844906571786
283,0.13996793957096762,0.34431639057880636
284,0.13942957089309407,0.3447983568506072
285,0.13887447971400604,0.3448979760741367
286,0.13836995818158118,0.34476071017361926
287,0.1379794834741494,0.3446735704477839
288,0.13755647720315572,0.3444342974297287
289,0.13696180939408004,0.34500113755200945
290,0.13642243276496188,0.34594311878168815
291,0.1360744790858711,0.3460819288949804
292,0.13571646015738079,0.345689948001477
293,0.13527434644408223,0.34582660439989177
294,0.13488778741754534,0.3457531196903528
295,0.13453354060237757,0.34576534496627254
296,0.13416744199276912,0.3454696361239225
297,0.13375441712912486,0.3450520144166939
298,0.13325236130165077,0.344834858981102
299,0.13303276868879269,0.34473466377409706
300,0.1325808552683666,0.344801669058512
301,0.13230206243503773,0.3450451728229451
302,0.13172882987383755,0.3448628024750884
303,0.1314016791674063,0.3448293604197748
304,0.1309749090036182,0.3447537231216954
305,0.1305993424325752,0.3446137005788431
306,0.1301905544093871,0.34442168082594504
307,0.12977466738725954,0.3447496642854709
308,0.1294522762692236,0.3454107872401422
309,0.12907980301176394,0.34539576653792836
310,0.128672492026297,0.3453623637113471
311,0.12829287298072445,0.3450175384654002
312,0.12788011516453493,0.34509894105169137
313,0.12745310034159252,0.34546891821898734
314,0.12702545738416376,0.345249357598465
315,0.12655874370407,0.34480440944297425
316,0.12584192168579084,0.3442464602336563
317,0.12545912178994473,0.3440172466578994
318,0.12512833355713518,0.3440864192342381
319,0.12474253280098153,0.34382389314135403
320,0.1244181480242455,0.3441554924179389
321,0.12413139022274242,0.3443052561376574
322,0.12377743871979555,0.34462409425229157
323,0.12347845982355461,0.3445869468960083
324,0.12314520655148187,0.3449004842867634
325,0.12274203024582532,0.34533625898100895
326,0.12248426353341761,0.3452976279825856
327,0.12217260106532442,0.3452668003391393
328,0.12172967665234224,0.34550430951263045
329,0.12127258372240747,0.34534398728190335
330,0.120959814292377,0.3453041699644169
331,0.12057910883095595,0.34528412105815
332,0.12024003628221866,0.34505197364446244
333,0.1198553460947539,0.3448865687628394
334,0.1193277158607275,0.3449679988389472
335,0.11907168497259307,0.3449408675523035
336,0.11866073893171918,0.3446992991486475
337,0.11829402260511854,0.3440526850347433
338,0.1179173576608379,0.34401507356884536
339,0.11757520715980056,0.3440365581220676
340,0.11706570085266592,0.34397146416301905
341,0.11677487748149441,0.34413618673029095
342,0.11643846858769927,0.34434595640418375
343,0.11610047502527883,0.34469032961416535
344,0.11573562211352872,0.3447780712255444
345,0.11542155374490963,0.34441987518958966
346,0.11516046875318699,0.34449126143305936
347,0.11473404994099533,0.3447074660895516
348,0.11449287125105671,0.3448931035641661
349,0.11421299577616066,0.34501561194319075
350,0.11400231686151165,0.34539912237590675
351,0.11359702695952346,0.34527311985262543
352,0.11333555757604045,0.3450778410844013
353,0.11300815872691952,0.34515352443105457
354,0.11265681833452233,0.3449855811897601
355,0.11229137501066604,0.3450788462946761
356,0.11196716246915232,0.34528611990603847
357,0.11173795424158035,0.345446968543747
358,0.11146041044833431,0.34560933827104084
359,0.11108706988657187,0.3453499609107796
360,0.11075697294351461,0.34537094183642303
361,0.1104973756576249,0.34554963820058526
362,0.11022122180632933,0.345635974180156
363,0.10994581557933893,0.3456081034063996
364,0.109581757992572,0.345683684111604
365,0.10932206933798001,0.34595224568651844
366,0.10900061791395892,0.3461214028009567
367,0.10877941201258566,0.34599233671124513
368,0.10846070234683233,0.34580923320723833
369,0.10815178894122977,0.34583123941590593
