0,0.6604375536799683,0.6614084829301514
1,0.6380121017359276,0.6390042898739527
2,0.6187495741733285,0.6213977586679871
3,0.5992086462944305,0.6032790792816217
4,0.5864439756623282,0.5913768946316392
5,0.5743190128253832,0.5799118910657513
6,0.5643515717907638,0.5702754503609977
7,0.5543535486588267,0.5628488882670447
8,0.5469655204272925,0.5570792993615387
9,0.5362393336870706,0.5493440896070021
10,0.5278457738380351,0.5419683559477659
11,0.5186616280618228,0.533715128916174
12,0.5127558960219014,0.5283009069022003
13,0.5062306506941233,0.5221204955523917
14,0.4995058152438722,0.5172630105496568
15,0.4938347717672271,0.5117199374197335
16,0.48813201710739296,0.5092677198768198
17,0.48329988443322214,0.5061258866090622
18,0.4787427002985432,0.5020936554229767
19,0.474545275182099,0.499074817471061
20,0.47031200965413583,0.4961603770638719
21,0.4658538624801797,0.49281352510086346
22,0.4623949240428449,0.49068029220605613
23,0.45915457663021936,0.48839393965859557
24,0.4552273256330107,0.4858906625282577
25,0.4518211961548626,0.48415559050928086
26,0.44941998536188554,0.4821028607604827
27,0.44596978927515524,0.4798145453753396
28,0.44350983375726744,0.47746235200130654
29,0.4404352684101645,0.47564625599677407
30,0.43582614632539973,0.4732757184951565
31,0.4325090533331131,0.4708413330711601
32,0.4300143219703852,0.4691713564679332
33,0.4271960913756937,0.4661509051144011
34,0.42432350336119184,0.46394399830521393
35,0.4209669891421941,0.46134895093202544
36,0.4184276104981501,0.45951894496393425
37,0.41571257835210756,0.4572997484451813
38,0.4129399950862183,0.455963345643613
39,0.41111945702712077,0.4548440734454407
40,0.40940737573087344,0.45357997056327376
41,0.40648852745523917,0.4528592934047479
42,0.40364358591478927,0.4496879654014584
43,0.4018385324619285,0.44899410617178326
44,0.3993190902484144,0.44641663851499797
45,0.3968061322137619,0.44559229841835135
46,0.39550445750198204,0.44495423105041154
47,0.3932376401873018,0.4435243040021201
48,0.3909317887610663,0.4412980725364111
49,0.38833476221838664,0.4383247749838368
50,0.385159288853974,0.4360262920503713
51,0.3833035555752841,0.43532986472001
52,0.3818195496250661,0.4351710516014244
53,0.3794496306405259,0.4323846259265479
54,0.3778543936021736,0.43120901394038436
55,0.3759272698368129,0.43009728093191696
56,0.3735873522768565,0.42848213823507886
57,0.37169461724117997,0.4277476537416837
58,0.36976184804646206,0.42644813678287097
59,0.3676366503596558,0.4252332773297782
60,0.36555393856121166,0.4242570565461534
61,0.3641620337585062,0.4236105505785705
62,0.3623030745201837,0.4226078047642871
63,0.3607728728280259,0.4222853744821795
64,0.3588109086986324,0.4221379499059879
65,0.3574169070221657,0.4202039425731065
66,0.35614952426128105,0.4192462359949822
67,0.35433053466280723,0.41781920163280994
68,0.35214023711061376,0.4163690422614386
69,0.35040573539491937,0.41471657390928884
70,0.34905928436343814,0.41431665383053085
71,0.34723029429010305,0.41343561647212396
72,0.3453333009877114,0.4120742105150409
73,0.3438036154490949,0.4115485930701497
74,0.3422718652963134,0.4106534704619598
75,0.34103374198929703,0.4104152464596511
76,0.3395639947806554,0.4099527186357912
77,0.33813824966140327,0.4090142312383203
78,0.336957322618674,0.40867032566138684
79,0.3355750311756739,0.40802540085203154
80,0.33344651075044596,0.4076257273182452
81,0.33179139990131146,0.40698496698574127
82,0.3303979466379823,0.40645595566644493
83,0.32870405975406314,0.40555083266617187
84,0.3269898170648619,0.4052981340002585
85,0.3254001931962705,0.4038856673621439
86,0.32316876465876054,0.4025691648104897
87,0.3218905749331065,0.40288228495646417
88,0.32005752015063427,0.4020215529808054
89,0.3188390751973771,0.40078456565426945
90,0.317008407625033,0.3998230958036525
91,0.3153905888692521,0.3978578636016895
92,0.31377131843163647,0.39653140174832
93,0.31193490865114626,0.39663087502469624
94,0.3100138174302986,0.3958909118712138
95,0.308091145489231,0.3948568383429335
96,0.30577309993558405,0.3947958452914904
97,0.3038779776897793,0.3940247866887823
98,0.3023416466743195,0.39415500671961207
99,0.2994898015802557,0.3928119949547547
100,0.29799898885521275,0.39182390870694694
101,0.2961803863718948,0.39088787018304855
102,0.29470492921470337,0.3898602144975844
103,0.29292700608235334,0.38935554658393084
104,0.2912540879360465,0.38861053831205866
105,0.28978021149907507,0.38807062445921947
106,0.28802399907505283,0.38738975523474106
107,0.28672374378551135,0.3859523929950565
108,0.28528112689738044,0.3851219197887234
109,0.28316880078950846,0.38505383946198185
110,0.28152946488297764,0.3849417333262591
111,0.2795898566538385,0.3850511269269661
112,0.27781364328009384,0.383695424149256
113,0.27605581787625527,0.3822258744241268
114,0.27413617833724235,0.3825807338136061
115,0.27290305526765657,0.3819637726074046
116,0.27148502019192655,0.3817036430737369
117,0.2703613861922734,0.381402718689056
118,0.2687240181211185,0.3802155517503983
119,0.2669227874304225,0.3792090796269598
120,0.2654684119194305,0.37904537585407944
121,0.26414394580284584,0.3783839349113099
122,0.2625200299833592,0.3777277988490754
123,0.26124498556834697,0.3770595217497092
124,0.2595212262982294,0.3766232959705051
125,0.25842362579281186,0.37638876990539005
126,0.25678946755149146,0.3763753409080718
127,0.2551422119140625,0.37556404663651105
128,0.2536442052990387,0.3756959901396178
129,0.25264493204322475,0.3758796526913182
130,0.251183669108417,0.37602266415012836
131,0.25005677688953487,0.3755693425664817
132,0.24845479759555034,0.37512618305306644
133,0.24701237426499736,0.3752642916831586
134,0.2456912147570362,0.3743212169170329
135,0.24463177735407307,0.37448840238953174
136,0.24342291350092496,0.37494087238490786
137,0.2423786542380335,0.3748560721663021
138,0.24111193279887355,0.37453520959598424
139,0.24031313680443148,0.37389462999431905
140,0.2392424246725522,0.3735843389497046
141,0.2382524421804803,0.3733607159129304
142,0.2373143169895035,0.37285977110847723
143,0.23624962127233912,0.3724544034733574
144,0.2352228951000512,0.3719522995845154
145,0.234239300008052,0.37173391079544515
146,0.23281300647566233,0.37161447666190517
147,0.23162406292324592,0.37089244322072856
148,0.23042026382672107,0.37098156212866173
149,0.22942107121989794,0.37058698604180706
150,0.22844687980022793,0.37042341438352694
151,0.2276426158042085,0.36987279557482333
152,0.22667782805686773,0.3698690321226734
153,0.22536560445708906,0.3696609287654508
154,0.22440068767136298,0.3692655892565092
155,0.22358006806000594,0.36830063146079084
156,0.22280085364053415,0.3685130463229878
157,0.2219723788174716,0.36816896848353287
158,0.2211114669703026,0.3680127085206753
159,0.2201304526460095,0.36781440450134467
160,0.21896633285296643,0.3671949816321594
161,0.21814060009559164,0.36712132423056343
162,0.21699920718816068,0.36742724797828485
163,0.216289237992204,0.36770246817202684
164,0.21544977877659224,0.3676616829666848
165,0.21443844043175211,0.36704568751854955
166,0.21359159376858153,0.36662191892630674
167,0.21275802192929935,0.3661504314258827
168,0.21199108228622984,0.36617550105386265
169,0.21115131660445297,0.36600599361798525
170,0.21024643492749076,0.3658759788124107
171,0.20930355144605575,0.3650171278010611
172,0.20849870677730245,0.36477439609530427
173,0.20777491434431983,0.3649125768750365
174,0.20710967307867006,0.3649755567419097
175,0.20648077224828223,0.36488456548015086
176,0.20578338429489296,0.36505495968099244
177,0.20430479795685783,0.3652706195442515
178,0.20347762964744648,0.36517536824091656
179,0.20269567316228693,0.36480856489117336
180,0.20160218575540104,0.3646090808595063
181,0.20070459474720864,0.3642407639393557
182,0.19973067753410742,0.3636412404682023
183,0.19904222548890063,0.363726240770363
184,0.1980946643659983,0.3628883706986049
185,0.19732282126428713,0.36301998683460474
186,0.1966499183445098,0.363196410123099
187,0.1960262435687269,0.36298055798646517
188,0.19491609408033828,0.363185109694388
189,0.19390559448500264,0.3627781702062597
190,0.19320578706188887,0.36275099497676005
191,0.19224098318474994,0.3624739920677983
192,0.19164085791428548,0.36190490253125657
193,0.1912479844204215,0.36203904734772513
194,0.19043675235159555,0.3614055743917237
195,0.18969620105832122,0.36102064263917344
196,0.18883628925863835,0.360841202766464
197,0.18804634852338795,0.36012513032657156
198,0.1872921352910693,0.360048989645678
199,0.1868030636809593,0.36024424215417805
200,0.18599741252229784,0.35993120062663647
201,0.18529928259819306,0.36029325801781376
202,0.18457368362781612,0.3604821805023642
203,0.18390905529449655,0.3606817403182551
204,0.18312940537047437,0.3608956098068181
205,0.18220090966900104,0.3616820462712637
206,0.18139622629822938,0.3618245276024523
207,0.18073053339823103,0.3616263851891629
208,0.17981182848424287,0.36153787652037533
209,0.17903956600777945,0.3613265069603945
210,0.1782838688340298,0.36130784732796556
211,0.17737395466004063,0.3610480724976301
212,0.17666206601810253,0.36158690205209376
213,0.17599997006309462,0.3622667319531755
214,0.17552943159107426,0.3617884965096644
215,0.17496827591297237,0.3620862040405282
216,0.17397377707741477,0.36183304277230516
217,0.17336905481447376,0.3617388774217096
218,0.17246343116679605,0.36200938738655764
219,0.17183601427783926,0.3615124828044371
220,0.17119611292510406,0.3616754870642163
221,0.17046867515773653,0.3615042942869796
222,0.1699888459219741,0.3612289448970084
223,0.16945951433564846,0.3614117192636645
224,0.1688850193144655,0.36177591657513913
225,0.1683417354527286,0.36153079109412484
226,0.167886875144523,0.3614323050777228
227,0.16736720530729718,0.3615026344608966
228,0.16636462544285974,0.3610524745804743
229,0.1658320033777088,0.3608937707411076
230,0.16537785278062236,0.36100735373832665
231,0.16481860041870375,0.3612893110032183
232,0.16433185149952928,0.36101863444313315
233,0.1639571724179935,0.3608477433302124
234,0.1633260779350555,0.3607536467614005
235,0.16271350046040897,0.36067030914384085
236,0.16207924453703093,0.36083228588853233
237,0.16143266544785612,0.36089078749618553
238,0.16096020752985432,0.3608930572787497
239,0.16050616984135505,0.36092768751473353
240,0.15992844886053945,0.360391199668689
241,0.1593557926363471,0.3600403827364697
242,0.1587334405040136,0.3602841999006861
243,0.1581839950593783,0.3603553684482489
244,0.15763122687632136,0.36013132223913014
245,0.15721862663930364,0.36016781162868544
246,0.15667369753815408,0.36004469753416957
247,0.15628071113570297,0.3602132073914993
248,0.15574318561191033,0.3600346157403726
249,0.15528295408091636,0.36026159918478
250,0.1546760542952233,0.3597395461491842
251,0.15405905725588,0.35938727550977423
252,0.153489691510513,0.3595990955327349
253,0.15287558170504095,0.35941195539649934
254,0.152202323929704,0.35890374633458316
255,0.15169894518862315,0.35898213050282696
256,0.1510936261231501,0.3587150879697479
257,0.1506200713788732,0.3590743835399207
258,0.15012764477074525,0.35926276449430666
259,0.1496282500898107,0.35895568638512826
260,0.14924363505260638,0.35877776778183124
261,0.14878372611757565,0.3588834006836193
262,0.1482170540485019,0.3583870776998445
263,0.1476318649711367,0.3581427338461985
264,0.14711066280308535,0.35815732415166607
265,0.1465628303382664,0.35802949462322237
266,0.14620787799988438,0.35787867339666013
267,0.14567312680137587,0.35773514323715494
268,0.14504374207704315,0.3576696466032193
269,0.14427710890013873,0.35784008283236396
270,0.14374835798654698,0.35763758508781635
271,0.14331703105386165,0.3575959761077603
272,0.14278597357913253,0.3576586116070829
273,0.1424709102316084,0.35803973044868836
274,0.1421111350835756,0.35801719726785
275,0.14172237468824325,0.3577950932646695
276,0.14123067392103264,0.3578585738770478
277,0.14064974311038253,0.357887460526279
278,0.14026540227974696,0.3575688412276744
279,0.13981983273528342,0.35770568763694605
280,0.13936781127155456,0.35737782969871734
281,0.1389630662462424,0.3569396467391888
282,0.1384394284786684,0.3568606579770811
283,0.1379662285899511,0.3567085102812019
284,0.13752911105972515,0.35689812048728226
285,0.13705744350183338,0.3569930162544301
286,0.13672726653343023,0.3568518144079404
287,0.13623721100563227,0.35652619342360004
288,0.13585099911840975,0.3565561805980768
289,0.13540804260124867,0.3568616722777134
290,0.13494374636111753,0.3565999125777551
291,0.13451966170780755,0.3566483177166342
292,0.13425689923082798,0.3564738193524123
293,0.13391383455369235,0.35643482273579546
294,0.13350282310179373,0.3561418909756949
295,0.1331846063787287,0.3561281989155755
296,0.132719664946671,0.3561496223496692
297,0.13231271820390955,0.3558303928726872
298,0.1319120056281382,0.3560123995018055
299,0.13165000931657142,0.3557750457135679
300,0.13129346012817125,0.3559665322242441
301,0.1309566054233285,0.35611408061102645
302,0.1304549928951465,0.3556048503264422
303,0.13020713435166986,0.35572815240885103
304,0.12985807745451655,0.35581875239273686
305,0.12955747447104585,0.3555596318659137
306,0.12914934218811938,0.35572652818929534
307,0.12850777140127428,0.35633832528406917
308,0.1281102041361448,0.3561782435633724
309,0.12777210743684345,0.3561664584865878
310,0.1273949685610878,0.35610352157445074
311,0.12707955035800408,0.35623808918583516
312,0.1264145832989231,0.35703593861923594
313,0.12595983589930465,0.35714658093561924
314,0.12561823903380187,0.3575800749193021
315,0.12535193606612546,0.3574040397035618
316,0.12498238626040566,0.3575692297124861
317,0.12469773564731848,0.3574142764718644
318,0.12423554434584765,0.35723395927356216
319,0.12375037614689317,0.35709689613641094
320,0.12342440099091156,0.35722214449537765
321,0.12299282404635471,0.3569819134490858
322,0.12262946808312962,0.3571014877338407
323,0.12228364521050807,0.3570997754091956
324,0.12199790583604486,0.35721788539511623
325,0.12162335579289442,0.3569994556655494
326,0.12117709266710987,0.3572419695298111
327,0.12063013121139171,0.35699070486341244
328,0.12030696264029053,0.35723089462650853
329,0.11997435813726381,0.3570665575104407
330,0.11959661439407704,0.3568748683629502
331,0.11922433058756854,0.3570352949363715
332,0.11895169667411304,0.35684205884428755
333,0.1185837921078059,0.3571545556366119
334,0.11831965053308338,0.3571057946451576
335,0.11791176019712936,0.3572064623048835
336,0.11754435565456528,0.3571672324187728
337,0.11718045934310171,0.357060334069786
338,0.11690230903867435,0.3570319693846452
339,0.11651454869082815,0.3567631611236944
340,0.11629592540652253,0.35680221509609605
341,0.11593671480142541,0.3569159777384629
342,0.11550217803890558,0.35717793454959434
343,0.11509593294236423,0.35696484501551495
344,0.11479777362331528,0.3567750070610444
345,0.1143873992984441,0.3569818160593339
346,0.11404081026040978,0.357112781675669
347,0.11357286062099464,0.3569483963789914
348,0.11327899182825714,0.3568840407868293
349,0.1128923041119888,0.3568813961988922
350,0.11252647222474564,0.3566531247044511
351,0.11220440854481864,0.3566727899417507
352,0.11189642617868822,0.35648340165221815
353,0.11160917866809676,0.35644464994977726
354,0.11136883661056422,0.356724974325776
355,0.11108264560175245,0.35657818749367076
