0,0.6590094920144657,0.6651387591870834
1,0.6342383434342124,0.6439450939605299
2,0.6097076855360604,0.6243349110914008
3,0.5925741100628115,0.6088458803602964
4,0.5786976354858804,0.5981346692466395
5,0.5680569028801564,0.5895053546975849
6,0.5588413039975256,0.5822084861365538
7,0.5455791012921338,0.5713864213944004
8,0.5339728574024086,0.5621911591401039
9,0.5247099444451654,0.5558248479563526
10,0.5170127893999169,0.551069808147606
11,0.507582215639708,0.5427671410543655
12,0.4996161476718231,0.5365492136765792
13,0.49439895984738375,0.5333566576485619
14,0.4894019852444975,0.5302555341049381
15,0.4853625799202312,0.5276806636910948
16,0.47874476030419433,0.5231011705485621
17,0.4723570898653793,0.5181064860390195
18,0.4673682938382475,0.5146073541444455
19,0.4634791444966431,0.5125383240123036
20,0.45969577590756505,0.5105605576949566
21,0.4551165169919712,0.5078083655969886
22,0.4503336723724737,0.5050178903206937
23,0.4451488946891438,0.5030195447399158
24,0.4422727058892234,0.5023513562615274
25,0.43847419679626937,0.5000082360516467
26,0.43540158699517234,0.4974706849740733
27,0.4314300773679748,0.49599536503021413
28,0.42655503789451826,0.4940785564677259
29,0.42374573091863926,0.4940257944962913
30,0.42084362076498477,0.4929466796601954
31,0.4176126102012389,0.49030069135099347
32,0.41343714311669433,0.48912389015953606
33,0.4107122579682309,0.4881271504767133
34,0.407803659027201,0.4861144302560096
35,0.4049090853297169,0.48336879643424346
36,0.401689835693089,0.4805734563212325
37,0.39935448056175593,0.4789821069585843
38,0.3977750353638912,0.47802232001831524
39,0.396125734314438,0.4773028838805455
40,0.39360382654606174,0.4768043225510447
41,0.39161332342711797,0.47622248546834767
42,0.38976259960288623,0.4753115378097962
43,0.38698316808554817,0.47432459515980346
44,0.38450391057585825,0.47384371536328945
45,0.3822931942353613,0.47274986203662944
46,0.3801957613077935,0.47212408600560807
47,0.37849779435302466,0.4714363300871269
48,0.3769928688226744,0.4707875969985463
49,0.3748435255961033,0.4705918620324491
50,0.37342809125830567,0.46921902546629607
51,0.37108604456499167,0.46906299763935444
52,0.36902081900392786,0.4688463993893437
53,0.36689770129299903,0.4684975772953567
54,0.36512338969926633,0.4676886601379475
55,0.3632648928484911,0.4668774554979072
56,0.36169217300837486,0.4661858852686091
57,0.3592325170438815,0.46440035405751434
58,0.35798568979054196,0.464294573919992
59,0.356196339080236,0.4640212537614453
60,0.35513261729564644,0.4642098980771044
61,0.35354337132518343,0.4630335453290379
62,0.35190944734997925,0.46198575685980087
63,0.34955165182897285,0.46092407152848147
64,0.3480847465371505,0.4608214360642101
65,0.34608312461067275,0.4601225871126097
66,0.3443146258889639,0.4592619259774451
67,0.3429118649640089,0.4593565112583871
68,0.3412955823794816,0.45799527264449935
69,0.3392284642554333,0.457010755504712
70,0.3383221969520003,0.45696392219503873
71,0.33621516602643964,0.45628380025548604
72,0.33481068151733806,0.45564290683911796
73,0.33329825332658497,0.45537269244846373
74,0.33036153630692827,0.45351304011511356
75,0.32867715525072677,0.45240239915541475
76,0.32754803865586934,0.45223209901029937
77,0.32566159270530526,0.4505803756561756
78,0.3241527130701481,0.44967430091073884
79,0.322154910065407,0.4485575587931754
80,0.320930827363649,0.44860947202419516
81,0.31924117416770487,0.448268497749651
82,0.318180054657219,0.4481367267124945
83,0.3161018177256368,0.4475079288396673
84,0.3143776252552256,0.44616463231210224
85,0.3125543435942691,0.44504232878966693
86,0.3109531677178502,0.445261974361604
87,0.30960404067604513,0.44521511659601126
88,0.3076591280475671,0.44492244248757123
89,0.3059205723759344,0.4448161928759528
90,0.3041183454781804,0.44417240759108506
91,0.3023040196956326,0.443003710161756
92,0.30062633020141194,0.44285842781168355
93,0.2986602952181963,0.4417908925320799
94,0.29744259991651095,0.4412649844755872
95,0.29555199708653446,0.44128212497636615
96,0.2937711291138912,0.4412276795638902
97,0.29241362072172616,0.4401490577403996
98,0.2906653318690303,0.43903992248952894
99,0.288921909606866,0.4381952636608506
100,0.2872795028939992,0.4378486519048348
101,0.2853714614479513,0.4372942784615223
102,0.2836173935189992,0.4365618810859594
103,0.28176374636087176,0.43593812271912363
104,0.28014721030808765,0.4353217694927514
105,0.2785495491914971,0.4340395538586353
106,0.2771321715970636,0.4335382697286812
107,0.2758211154874377,0.43312000836194003
108,0.273760148193089,0.4317913910686494
109,0.2715354404048138,0.4307769223169926
110,0.2698628202757302,0.430494367715878
111,0.2683557825099062,0.43035227558654987
112,0.2670495929908119,0.4297885852865354
113,0.265594482421875,0.42935299982018404
114,0.26378688199707573,0.4286039952827615
115,0.2626893813427897,0.4281626637512729
116,0.26122046520279624,0.42826617467005357
117,0.2596181740660472,0.4282898844826308
118,0.2581981097080911,0.4275993563514315
119,0.2564630518984029,0.4269552198625532
120,0.2552171033350204,0.4271679192135061
121,0.25412767986918605,0.42654097194844653
122,0.2528076509832676,0.4257193703037457
123,0.25156249662042324,0.4257276985818635
124,0.2498285878668328,0.4262921277308557
125,0.24845620933693244,0.42598138875366165
126,0.24696926315493495,0.425883997180787
127,0.24531463927208783,0.4244764781353152
128,0.24382634125938712,0.424316264784952
129,0.24214767168790663,0.4237868164128068
130,0.240904714049955,0.4234849533783561
131,0.23823038736979166,0.42115034473083035
132,0.2371442251955288,0.42090568130250466
133,0.23588393032880847,0.4213894731453938
134,0.23481797802355864,0.42144438644414484
135,0.2335832665528966,0.4210497659486411
136,0.23258078269916252,0.42101658254607055
137,0.23150296807949197,0.4212603088345614
138,0.2298815823340601,0.4203185526212912
139,0.22869734484227922,0.4192542454960616
140,0.22727695942453108,0.4184691224341503
141,0.2261757243379274,0.417916386900722
142,0.22485973404623477,0.41787322334047255
143,0.22381269047294608,0.4174355173940004
144,0.2226193788175699,0.4162992353503124
145,0.22166586503105967,0.4169710423723405
146,0.22062226862606416,0.4160892317355466
147,0.21940028126189612,0.41594862394026266
148,0.2183280598417601,0.41575322356920447
149,0.21732991874416008,0.4155073821831352
150,0.21620200189905178,0.4157206289155779
151,0.21548776214700996,0.4156579500550099
152,0.214495011474339,0.41546880548796594
153,0.21354271433546165,0.4153978895671821
154,0.2123968857335358,0.41565234584260613
155,0.21152182882146317,0.4154106908496527
156,0.21057843686734323,0.41515195486651385
157,0.20977397931374583,0.4150387933987871
158,0.20917616598101813,0.41471715525761965
159,0.20801267909053156,0.41455087950886776
160,0.20703814433658638,0.4141107237711926
161,0.20618865392268826,0.4142693124951212
162,0.2052571073851052,0.4131789259781509
163,0.20431581076857525,0.41285800985159943
164,0.20350222835773119,0.4127594577162834
165,0.20255986717452243,0.4126062777894791
166,0.20181578575970724,0.41263785714205453
167,0.20109681460020418,0.4126689751296258
168,0.20019776269314957,0.41252879838398326
169,0.1992864429224633,0.4128747256110942
170,0.19838336931906667,0.4125304531019488
171,0.1975702938447363,0.4122890880933831
172,0.19695282827316066,0.41216040660215414
173,0.19621778722617317,0.4121917709106149
174,0.19537875660234116,0.4120735749344242
175,0.1942978665678208,0.41202529756386397
176,0.19360527300491417,0.41232057207342276
177,0.1927989228883323,0.41228145507993375
178,0.19184424314784054,0.41231474882440755
179,0.19066967124558762,0.41087315650412937
180,0.18996046706291528,0.4103365233173235
181,0.18943475700032011,0.41030926102467874
182,0.18842144160307656,0.4103241147376016
183,0.18743372649977505,0.40943015673879535
184,0.1868460687952052,0.40913732861526275
185,0.18591781734496124,0.4090214631137549
186,0.18540204323803466,0.409332708081409
187,0.18479615271685526,0.409762380505227
188,0.18386952346345514,0.4094678284940469
189,0.18291878092988648,0.4090912338927901
190,0.18208199772459857,0.40844714805176274
191,0.18152703742516266,0.40847525769123855
192,0.1807151279048138,0.4082159192414176
193,0.18003238580815684,0.40824388816384644
194,0.17915127945368736,0.40776926431411414
195,0.17821021940753046,0.4074552812961039
196,0.17752615927593784,0.4074041221096103
197,0.17661995956404,0.407678533457322
198,0.17587510084657046,0.4076782136196799
199,0.1750901603487507,0.4071682497566399
200,0.17447335379464285,0.40732265787185945
201,0.1738977273833316,0.40725796756462457
202,0.17304629371279762,0.40684040105243024
203,0.17233372685125103,0.40641129058032577
204,0.17148318876855792,0.4059270126370163
205,0.17090041455240346,0.40604803461999317
206,0.1702944226439213,0.40575763827120565
207,0.1696741182278689,0.40567784349685965
208,0.1689432678560614,0.4056461639213828
209,0.16829714347357766,0.40597079640011163
210,0.16754025346284954,0.4055919779676612
211,0.16700989648221207,0.40547455262395715
212,0.1664738956083887,0.40544850642672425
213,0.16586256396862886,0.40515414267601607
214,0.16522309735235846,0.4050014803744795
215,0.1645809270746816,0.40521229579346457
216,0.16403725456161752,0.4047424636638121
217,0.16344304047813712,0.404641004420413
218,0.1627188985661943,0.40459423108305426
219,0.16177554040784192,0.40438774936665434
220,0.16126338244804644,0.40486150590308717
221,0.16064478471825686,0.40490957611498146
222,0.16011586405774156,0.4052226502640373
223,0.15961195226523567,0.40508530707484025
224,0.15901704536851988,0.4048661569220615
225,0.1585484163573678,0.4049419817228208
226,0.15816294183234703,0.4049434404545262
227,0.15764444716613027,0.40505632339663616
228,0.15715449302563503,0.40453414410346317
229,0.15652334016818936,0.4045071255752527
230,0.15611826409797203,0.4046388808910892
231,0.15547482647901092,0.40439213453102285
232,0.15495171869051944,0.40434835075030245
233,0.15447163291415766,0.40410930385314714
234,0.15369970378685632,0.40477825645667415
235,0.15290067045395556,0.4047036522233618
236,0.15211184344286408,0.4049352887406873
237,0.15166050096682931,0.40502324630697006
238,0.1511335066650661,0.40509310608578925
239,0.15038302095229444,0.40514895450159877
240,0.1499593910056755,0.4051226619289446
241,0.14959054399830427,0.40513770995930654
242,0.14920824627543605,0.4050769026083113
243,0.14865879468611573,0.4046821955465325
244,0.14798838804462555,0.40549458156571583
245,0.14746531405190164,0.4057183474151918
246,0.14704437086880537,0.40560371578468296
247,0.1462169490911372,0.404871628811311
248,0.1457721967897806,0.40493048275242677
249,0.14522347180946324,0.40415783305362407
250,0.14463387084825755,0.4040836079948766
251,0.14402235333177602,0.40414764777296275
252,0.14365538198950548,0.40401152063821244
253,0.1431596994664054,0.404219072512958
254,0.14258790887471448,0.403967876606033
255,0.14192711712910092,0.4035018342539824
256,0.1414217014249377,0.4036332633384292
257,0.14104999022626402,0.40376368809522695
258,0.14041218805154693,0.40351016646711857
259,0.13991620136653862,0.40339045494374154
260,0.13932725942280072,0.4038702129966154
261,0.13882300967261904,0.4036722795855202
262,0.13841954735030368,0.4035942556146505
263,0.1378624410196264,0.4036785481139986
264,0.13733087584029796,0.4035527203507806
265,0.1368692847977445,0.4033962741325827
266,0.1364487218170335,0.4034553496247675
267,0.1360386270753305,0.4030619655917891
268,0.13547065540537617,0.4034479279588561
269,0.13484300885881698,0.40377691856153214
270,0.1344486207000969,0.4034555309758721
271,0.13412725674617595,0.4033057417598729
272,0.13362804256536373,0.4034929522750243
273,0.13315444557637734,0.4036266298982903
274,0.1325596062711967,0.4026426761714882
275,0.13215869552933365,0.40285696566668266
276,0.13157662257535646,0.40272409983861157
277,0.1310913238018454,0.40315052639282856
278,0.1305373858243788,0.40308475936131133
279,0.13002193277724425,0.4031582260498985
280,0.12964955411216086,0.4032411368296648
281,0.12930825910430943,0.40339551731235723
282,0.12879665032573712,0.4035607533658782
283,0.12838511926391197,0.4035709597937594
284,0.12807750173845428,0.4035850007837099
285,0.12769368320604496,0.40333498392594835
286,0.12728481356091673,0.4033873656413605
287,0.12690938482780922,0.40322159616755454
288,0.12634424355338975,0.4032247163382993
289,0.12599449115470135,0.4032921341906323
290,0.12557460408934196,0.4031626966066653
291,0.12534900889180164,0.4030360295656833
292,0.12501740482030385,0.40293506069841184
293,0.12472416739395159,0.4030592554854475
294,0.12441039903879429,0.403050915173517
295,0.12411890209447242,0.4034245062788592
296,0.12370112726458679,0.4031657854007311
297,0.12352510200914486,0.4031965572158627
298,0.1230120653593923,0.402704313659221
299,0.12260601766085703,0.4027443319094874
300,0.12239327330393912,0.4029724682142789
301,0.12186797723949681,0.4029878660220626
302,0.12165717613921477,0.4032234752928982
303,0.12126890501442673,0.4034415103466646
304,0.12096788611258912,0.40325316662514904
305,0.12069850004920664,0.4032643075842185
306,0.1203580499355447,0.4036951896331035
307,0.12001206576494151,0.40385369837325236
308,0.11964129239881817,0.4041236267669307
309,0.11925779492620085,0.40424248992414025
310,0.11903715925755295,0.404179753646466
311,0.11856393402200997,0.40451725825470974
312,0.11816849819449492,0.40502447210388315
313,0.11779759809424314,0.40526223265502487
314,0.11762608457377319,0.40526341165750346
315,0.11746732050662288,0.40520816086516653
316,0.11705183533999083,0.40555177045317486
317,0.11680417150622058,0.40534303283219325
318,0.11641299394542065,0.4056074054523192
319,0.11605812993688573,0.40583316394122676
320,0.11558476106933054,0.4057951557058834
321,0.11529993034016386,0.4057069606359505
322,0.11489917167925491,0.4057155755817792
323,0.1147140300155082,0.40586293214072267
324,0.11447713013371227,0.40560799046498813
