0,0.48467087745666504,0.5626885294914246
1,0.35595208406448364,0.3906673789024353
2,0.3468446433544159,0.3760004937648773
3,0.34326350688934326,0.37255069613456726
4,0.3402061462402344,0.37237226963043213
5,0.33776354789733887,0.3700765073299408
6,0.3377338647842407,0.3723483681678772
7,0.3337944746017456,0.371012419462204
8,0.33182254433631897,0.36875975131988525
9,0.3319151997566223,0.3685641884803772
10,0.33300450444221497,0.3684230148792267
11,0.3326283097267151,0.36809903383255005
12,0.3312486708164215,0.3660934865474701
13,0.3302406072616577,0.365811288356781
14,0.3296917676925659,0.36525627970695496
15,0.3296966552734375,0.36470717191696167
16,0.3290870189666748,0.3624247610569
17,0.3277915418148041,0.3612402379512787
18,0.3271830677986145,0.360908567905426
19,0.3278236389160156,0.3620201051235199
20,0.3278193473815918,0.36220982670783997
21,0.3273351192474365,0.36259621381759644
22,0.32818979024887085,0.3625495433807373
23,0.32776370644569397,0.3624315857887268
24,0.32793545722961426,0.3617102801799774
25,0.3276244103908539,0.36214643716812134
26,0.32641085982322693,0.3614746928215027
27,0.32587310671806335,0.3610050082206726
28,0.3251114785671234,0.36082983016967773
29,0.32440438866615295,0.36158207058906555
30,0.32360854744911194,0.36044520139694214
31,0.32329896092414856,0.35975366830825806
32,0.32444024085998535,0.3601590096950531
33,0.32460254430770874,0.3601696193218231
34,0.3248399794101715,0.3607458174228668
35,0.32457008957862854,0.36081233620643616
36,0.3239783048629761,0.36117497086524963
37,0.3244371712207794,0.36132702231407166
38,0.3246980607509613,0.36132940649986267
39,0.32522737979888916,0.36217114329338074
40,0.32478761672973633,0.3617296516895294
41,0.3244223892688751,0.36106470227241516
42,0.3245447874069214,0.36127617955207825
43,0.32440391182899475,0.36104848980903625
44,0.3245736062526703,0.36124175786972046
45,0.3249533176422119,0.3610001504421234
46,0.32510751485824585,0.36110448837280273
47,0.32490649819374084,0.36076217889785767
48,0.3250102996826172,0.36104223132133484
49,0.3250448405742645,0.3606826066970825
50,0.3251349925994873,0.3611261546611786
51,0.32474496960639954,0.36060771346092224
52,0.3249362111091614,0.3607253432273865
53,0.32484543323516846,0.3611114025115967
54,0.32494789361953735,0.36144012212753296
55,0.325656533241272,0.36179864406585693
56,0.325232595205307,0.36144232749938965
57,0.3252330422401428,0.36154475808143616
58,0.3249150514602661,0.3611253798007965
59,0.3245585560798645,0.36055001616477966
60,0.3245810568332672,0.3603079915046692
61,0.3247588574886322,0.36055904626846313
62,0.3247627317905426,0.3606563210487366
63,0.3247002363204956,0.36017701029777527
64,0.32457098364830017,0.35992616415023804
65,0.32439297437667847,0.3596968948841095
66,0.32437214255332947,0.3596949875354767
67,0.32415133714675903,0.35918885469436646
68,0.3241346478462219,0.35918280482292175
69,0.32449355721473694,0.3596614599227905
70,0.3247501254081726,0.3598819375038147
71,0.32469919323921204,0.3597070574760437
72,0.32476693391799927,0.35977616906166077
73,0.3248535692691803,0.3598630130290985
74,0.32494789361953735,0.3597629964351654
75,0.3247741460800171,0.35971149802207947
76,0.3246710002422333,0.35949867963790894
77,0.3247268497943878,0.3596818149089813
78,0.3250005841255188,0.35961437225341797
79,0.3249511122703552,0.3593859374523163
80,0.32492807507514954,0.35939669609069824
81,0.324989378452301,0.3594774901866913
82,0.3248354494571686,0.3592597544193268
83,0.3249887526035309,0.3594242036342621
84,0.3250134289264679,0.35983628034591675
85,0.3250875174999237,0.35989466309547424
86,0.32470908761024475,0.35932937264442444
87,0.32458481192588806,0.35910624265670776
88,0.3245774805545807,0.35918471217155457
89,0.32451966404914856,0.359345942735672
90,0.3243376314640045,0.3590863049030304
91,0.3243114948272705,0.35900354385375977
92,0.32427501678466797,0.35907721519470215
93,0.3241508901119232,0.35883912444114685
94,0.32399964332580566,0.3587764501571655
95,0.3237074613571167,0.35871052742004395
96,0.323525995016098,0.3584900498390198
97,0.32354679703712463,0.35845547914505005
98,0.32366469502449036,0.358787477016449
99,0.32354530692100525,0.35858651995658875
100,0.3235209584236145,0.35852575302124023
101,0.3232444226741791,0.3584257662296295
102,0.32320261001586914,0.35833123326301575
103,0.3234788477420807,0.3585476577281952
104,0.3235468864440918,0.3585776686668396
105,0.3236687481403351,0.35873278975486755
106,0.3235906660556793,0.3584100306034088
107,0.3236904442310333,0.3582156300544739
108,0.32346922159194946,0.357942670583725
109,0.3232274055480957,0.35794222354888916
110,0.32327619194984436,0.35789814591407776
111,0.32311102747917175,0.3577456474304199
112,0.32308024168014526,0.3577563762664795
113,0.3231290578842163,0.3577573597431183
114,0.32302629947662354,0.3576594591140747
115,0.3229246437549591,0.3577742576599121
116,0.32286781072616577,0.35777217149734497
117,0.32261762022972107,0.3576264977455139
118,0.3225303888320923,0.3576738238334656
119,0.3224923312664032,0.35774558782577515
120,0.32238101959228516,0.3574594259262085
121,0.32236430048942566,0.35743531584739685
122,0.3225615620613098,0.35752424597740173
123,0.3226054608821869,0.35751938819885254
124,0.32269221544265747,0.3574537932872772
125,0.32273560762405396,0.3574731945991516
126,0.3229507505893707,0.357557475566864
127,0.32296210527420044,0.3577480912208557
128,0.32305166125297546,0.3578147292137146
129,0.32311686873435974,0.35769373178482056
130,0.3231900930404663,0.3578552007675171
131,0.3231666386127472,0.35782843828201294
132,0.32336753606796265,0.35792943835258484
133,0.32344958186149597,0.357967734336853
134,0.3234952986240387,0.3578698933124542
135,0.3234729468822479,0.357859343290329
136,0.32356131076812744,0.35778868198394775
137,0.32363656163215637,0.35778310894966125
138,0.3236342668533325,0.3578769266605377
139,0.32360148429870605,0.35785847902297974
140,0.3237093687057495,0.35798871517181396
141,0.3236195147037506,0.35785117745399475
142,0.32365232706069946,0.35784393548965454
143,0.3237472474575043,0.3579438030719757
144,0.3237248957157135,0.3580065369606018
145,0.32370641827583313,0.3579902946949005
146,0.32367047667503357,0.35800355672836304
147,0.3235228955745697,0.35790666937828064
148,0.32350587844848633,0.3578757047653198
149,0.3234414756298065,0.357812762260437
150,0.3234270215034485,0.35780906677246094
151,0.3234577775001526,0.3579860329627991
152,0.3235226571559906,0.35807693004608154
153,0.3235962986946106,0.3581792712211609
154,0.3235859274864197,0.35815200209617615
155,0.32350054383277893,0.3582005500793457
156,0.32357871532440186,0.3583274483680725
157,0.32358241081237793,0.3583056330680847
158,0.32356494665145874,0.35822823643684387
159,0.32363608479499817,0.35826370120048523
160,0.32368916273117065,0.3583926260471344
161,0.32369816303253174,0.3585853576660156
162,0.32367509603500366,0.3585442006587982
163,0.32374462485313416,0.3586244583129883
164,0.32385432720184326,0.3586716651916504
165,0.32381758093833923,0.3586594760417938
166,0.32375532388687134,0.3585990071296692
167,0.3238365650177002,0.3586738407611847
168,0.32374289631843567,0.35843929648399353
169,0.3237602412700653,0.3583665192127228
170,0.32374393939971924,0.35840904712677
