0,0.5768339681749697,0.5774583917151852
1,0.5495997117594096,0.5494738785252197
2,0.5299393004035429,0.5310037471391001
3,0.5112922348661164,0.5133742546845809
4,0.49420964955055063,0.49642802575138856
5,0.47979141491679655,0.4840005783007185
6,0.4660571841372726,0.47213999688802905
7,0.4547838216750652,0.4606344623948043
8,0.44613372946543345,0.4527071156680525
9,0.43687237928678596,0.44424277369410187
10,0.42894245261941144,0.43720406662328715
11,0.4221392683675575,0.4298888394588747
12,0.4156574909729078,0.42425423566078124
13,0.40973661848102694,0.4186037282691575
14,0.40418673807170924,0.4124963224422494
15,0.3986273392135759,0.4078297286840986
16,0.39286973493357347,0.40197086084149447
17,0.3884901646954829,0.3983604789460901
18,0.38490007442903484,0.3952185968612251
19,0.37968957380870155,0.39133771357256936
20,0.37544738832673397,0.3890726671599466
21,0.3712808296088104,0.3857929239783884
22,0.3673341460757259,0.3827911614927777
23,0.363993001233593,0.3796844731613091
24,0.36076473268565334,0.37660676053731656
25,0.35698668919235416,0.3737039225251814
26,0.35383676253915985,0.3719540888512028
27,0.3512573963239778,0.3694757738454931
28,0.34787246549184253,0.36642426797285926
29,0.34595953320206946,0.36452302536830056
30,0.3444847072920315,0.3634328545101705
31,0.3420863749409894,0.36150914464652717
32,0.3392512027358325,0.3595622434154108
33,0.3370091213902765,0.3584944878287739
34,0.33497151302005834,0.3574269934785816
35,0.3334306032103834,0.35681673999442953
36,0.33120345960731745,0.3555847655615539
37,0.3285414625541105,0.3540422842572439
38,0.32637217774550586,0.35202678953701594
39,0.3250191288380179,0.3504207186482277
40,0.3234227864339537,0.3486644684262167
41,0.32162548291633614,0.34795966396309885
42,0.31902341845001064,0.34619456074221844
43,0.31748876866459225,0.34480309835612005
44,0.31625574458550515,0.34338494211938436
45,0.31429565873395754,0.3420106993013366
46,0.31301690644032093,0.3405492725636895
47,0.3112987079408999,0.33959219449171063
48,0.3099405695269125,0.33866732373515507
49,0.3084818104803303,0.33777077829182267
50,0.30726681563745134,0.337056731056078
51,0.30565598590643156,0.33625790019183904
52,0.30463500770360696,0.3356926251635651
53,0.3030998831458051,0.33441406442361116
54,0.3020960843846894,0.33344157260418117
55,0.30101040988394573,0.3324124096692082
56,0.29971870538684475,0.33149940887134977
57,0.29853194134704436,0.3301638530117812
58,0.2968872664683631,0.3295096253944781
59,0.2958366301036522,0.3284473996720431
60,0.29484921320255264,0.3273337977608183
61,0.29300946480637824,0.32642644496177725
62,0.2919821609419856,0.326018489727079
63,0.2907894185221788,0.3246626925729622
64,0.2899541167682488,0.32389336193855317
65,0.28896892192071155,0.3227172525157521
66,0.2877137785102605,0.3212818942775408
67,0.2859890950808539,0.32019310418882635
68,0.2851388465288424,0.3200590125402545
69,0.28415735291424876,0.3193446913883904
70,0.283509482372888,0.31870395051317274
71,0.2822468497942803,0.3177796041938849
72,0.28138413258948713,0.3171050007498519
73,0.2805109988004876,0.3162668445818089
74,0.27952144349741825,0.3157271842020004
75,0.2783613724144685,0.3151812353878917
76,0.2777820601936791,0.31487943213747477
77,0.2768559160503333,0.31441991496553723
78,0.27631652939751067,0.31417146780691824
79,0.27487103847556904,0.31402187535859266
80,0.2741775872176113,0.3133815617079531
81,0.2735706370112054,0.3128875279327431
82,0.27294212928134787,0.312187594736167
83,0.2723071605891271,0.31167822057249944
84,0.2714767202624863,0.3113105106921247
85,0.2702449967320116,0.31077997928046897
86,0.2690469588360976,0.3105212542641808
87,0.26826793538128507,0.3102709195431407
88,0.2674299439328378,0.3100313931840445
89,0.2665926119232162,0.3096946690864158
90,0.26564427572544197,0.3084751657287053
91,0.2651455983748974,0.30810232404822924
92,0.2642048333748631,0.30831982145897946
93,0.26313005630754865,0.3072878347354633
94,0.26249601885036694,0.30660727277560884
95,0.26200703133072456,0.3066581787075385
96,0.2611074301296013,0.30652757015637866
97,0.2603914660147477,0.30619007294540695
98,0.2597201641016254,0.30603209100830137
99,0.259119102439138,0.3055830999187822
100,0.2586393479011751,0.3048498371381094
101,0.2580860063737998,0.3046704319434272
102,0.25752394910307885,0.3042202686332351
103,0.25681971096444567,0.30370330418041114
104,0.25646880211025064,0.30359618777784686
105,0.25611230791996226,0.30333427947602776
106,0.25572849541642595,0.30325215672768924
107,0.2552468848968841,0.3028197125980285
108,0.25452395159853397,0.30285954953919514
109,0.25374686220086795,0.30208408564713884
110,0.2531983970173225,0.3011028199265188
111,0.25237933836339876,0.3001449996644359
112,0.25154515757945395,0.3001821244971562
113,0.25117033406773404,0.30019741722723875
114,0.25083826976044965,0.3004760975785768
115,0.2504441203266893,0.3002982314513273
116,0.2500522403951447,0.3005356493876746
117,0.249452046946853,0.30056121905797645
118,0.24893784425946414,0.30012057501963285
119,0.24795202776116207,0.3002206933080721
120,0.24692814536637833,0.2994808915081363
121,0.24649869413851677,0.29918393132655097
122,0.24596523669073536,0.2990307571216604
123,0.24555672274341403,0.2990592266678026
124,0.24495708175060885,0.298602807302261
125,0.24391775719751146,0.29865489219701014
126,0.2433915765940318,0.2987527237592825
127,0.24297412768004475,0.2981810181021557
128,0.24208401296778528,0.29812623074420663
129,0.2415836767226676,0.2976086760437358
130,0.24122004997635527,0.29732988261485466
131,0.24055133709974952,0.29684148077569095
132,0.24009344702748883,0.29651705140771406
133,0.23938066772570793,0.2963382687369711
134,0.2388925268268525,0.29628072345449913
135,0.23843896595149702,0.29637153569679214
136,0.2371842102218176,0.29555881546963797
137,0.2367047325446406,0.2952254973490683
138,0.23635037279779636,0.29505415614222685
139,0.23588455991166396,0.2947061887240294
140,0.23551692285912396,0.29478716351232437
141,0.2351075141112035,0.29521233906003885
142,0.23453469736953012,0.2950473069865349
143,0.2339875945778157,0.29476934403473326
144,0.2335365027431394,0.29452206021084154
145,0.23304578980723747,0.29440661189826106
146,0.23264605631665142,0.2943603449955198
147,0.2322253244930172,0.29459885258852786
148,0.23176601206604414,0.29414936279103
149,0.23127522589273422,0.29410939980224293
150,0.23068173740395403,0.2942719109506229
151,0.23028988579102183,0.29423147392604415
152,0.22980488124339365,0.2939897595286044
153,0.22933047518493974,0.2935601117620254
154,0.2287961041997921,0.29346875258922106
155,0.2284274879961638,0.2935561319718798
156,0.22789260980972398,0.2932677318484457
157,0.22723852177961149,0.29296004021532884
158,0.22636009786041653,0.2929798060225354
159,0.2259107316229104,0.2924539456143975
160,0.22548876337639742,0.2924137475619198
161,0.22514239551098464,0.29246412788341125
162,0.22478429332901895,0.2924898601245309
163,0.22412322618348027,0.29208886463429995
164,0.22362542367479707,0.29162187420540187
165,0.22319350701192248,0.29197102874404607
166,0.22297201100630473,0.29208704963134086
167,0.2223795696167122,0.2920026242799591
168,0.22191025924335575,0.2912801487899414
169,0.2216046032881323,0.29134105943335736
170,0.2213652881059744,0.291479767339957
171,0.22056515616054181,0.29111081288846313
172,0.21984982040188308,0.2912896141273921
173,0.2191825771560004,0.29106395792302997
174,0.2188284353315849,0.2908537164834525
175,0.21827741697281905,0.29059607082517314
176,0.21751783911470876,0.2904994351486005
177,0.21721048792477246,0.2903460486266714
178,0.21654248939952433,0.2894908782254716
179,0.21623941641270852,0.2894286946365804
180,0.2159765398862136,0.28934672986949833
181,0.2155463550632844,0.2891852779872531
182,0.21507029782512127,0.2893026709822936
183,0.21477279406537442,0.2894759473544402
184,0.2143196755057413,0.28920928110593286
185,0.21362413269224126,0.2886190719587142
186,0.21327746764305533,0.28886312588794083
187,0.21302141470001812,0.28911839049057936
188,0.21264775284802573,0.28890018692552716
189,0.21211810231048994,0.2889073923962651
190,0.21170064060833618,0.28873917077692984
191,0.21138487824922006,0.2885844087956035
192,0.2110708919393099,0.2880488655926676
193,0.21051777881729275,0.287635046256708
194,0.21013087514167647,0.2870784572537437
195,0.20987256203578272,0.28657000219586276
196,0.209603139617741,0.2864710225565535
197,0.2093909014776573,0.2861003068903722
198,0.2089627863121061,0.28629244643271845
199,0.20832634871858646,0.2863803358407286
200,0.2080657327215682,0.2861396082896136
201,0.2077768184917049,0.2858899525235395
202,0.2075667627733839,0.2856933998929886
203,0.2072675517929738,0.28539204645704
204,0.20705321228064816,0.2852868642847589
205,0.20678098732316488,0.28530974133733694
206,0.20642842746334883,0.28558897099049824
207,0.20586997771230697,0.28574210134230354
208,0.20555584995399376,0.2861489940160939
209,0.20531391265891355,0.2859411293089523
210,0.2048923849845238,0.2852886114463713
211,0.20463654286763971,0.28531302679274617
212,0.20437120199888048,0.2853578603521263
213,0.2040836000804916,0.28516908954410947
214,0.20342381776616705,0.28434706861134745
215,0.20327715112479428,0.2841779506509123
216,0.20302154725243002,0.28435557075408996
217,0.2024462111738018,0.28384497327278735
218,0.2022613782323721,0.2834222565604838
219,0.20194769676438012,0.28322404209346824
220,0.20157641772388823,0.28343230521106627
221,0.20136920188536056,0.28331162415763
222,0.20098746764358677,0.28321968332116143
223,0.20072184403748178,0.2832405127209446
224,0.20058044028202585,0.2831463576266736
225,0.20032155978612382,0.28345528728853037
226,0.1999801186662177,0.2836918237460953
227,0.19955361299868926,0.2837478463684117
228,0.19921078779814458,0.28373121522975553
229,0.19876687600315407,0.28371928221487847
230,0.19844813507500325,0.28385000897533524
231,0.19822105947441485,0.28381053870636325
232,0.1977569116383265,0.28382231502876043
233,0.19742352081076983,0.28343915460490676
234,0.1972526414872607,0.2833819886662118
235,0.1970989376051906,0.2833478128423779
236,0.1965552289555784,0.28216263627408716
237,0.19628234205999706,0.2821071662865172
238,0.19607875681309267,0.282080299223985
239,0.19559152806060365,0.28142874009418
240,0.19504016541469674,0.28124025978088796
241,0.19459751340121664,0.2816458733027751
242,0.1943285284378999,0.2815510056826888
243,0.19389191051521404,0.281545568651787
244,0.19361670304607018,0.28172693999720944
245,0.1933500219712569,0.28194822369364403
246,0.19316586539460803,0.2820952010716477
247,0.1929465984615842,0.28175015487849653
248,0.1926586037683644,0.2818744833814211
249,0.19217590544948543,0.2815041438837803
250,0.19189207104847286,0.28177735611936033
251,0.19164333416137805,0.2820118680458087
252,0.1914297983691599,0.2816477741346932
253,0.1909808938855838,0.28177380329529755
254,0.19060496277021935,0.28191816977543394
255,0.19048668086376833,0.28237774178534636
256,0.18986521453413602,0.28279849940281115
257,0.18929288188972204,0.28269447144093185
258,0.18903078523079783,0.2826225747901839
259,0.1887918369231865,0.2824729952189883
260,0.18866013844982532,0.28254499380192843
261,0.18850902642895495,0.282255873663486
262,0.18836623644011652,0.2821964288323234
263,0.18820434575524622,0.2818733232647047
264,0.18797368051948848,0.28139434026946364
265,0.18745640348427406,0.2810469630309367
266,0.1871652801423758,0.2813074329746341
267,0.18696389355936854,0.28146262489265716
268,0.18671768124322036,0.2813015063043569
269,0.18619558822343898,0.2809748623199676
270,0.1860313887288366,0.28105417824611106
271,0.18578147304264056,0.2810507430311185
272,0.1855613560152186,0.2813965787391096
273,0.18545890242495716,0.2816879304013536
274,0.18517432033100176,0.28156514204862826
275,0.18495747372481453,0.28131126512333104
276,0.18480635947151342,0.2812599286891598
277,0.1846142487426502,0.2814509904390347
278,0.184246646188289,0.2818745714103638
279,0.18402301470902238,0.2817283539014083
280,0.1836186500646286,0.2813606825481468
281,0.18343962522321938,0.28115896110620825
282,0.1832916367911961,0.28120799423144555
283,0.18302005242984992,0.280897085167155
284,0.18272936403807052,0.2804690183416867
285,0.18250325138926418,0.28064105846080284
286,0.18214621961335686,0.28110520485737717
287,0.1819659896512468,0.28148806246174196
288,0.1816073199896414,0.2809939293057659
289,0.18128861288933454,0.28104891053788444
290,0.18110781494523834,0.2809864264196608
291,0.18072007776832444,0.28082844897269527
292,0.18045946426271547,0.28082090395256737
293,0.18008036045742937,0.2805873523676692
294,0.17983472614576795,0.28070117486270874
295,0.179612870387131,0.2804193070210154
296,0.17946904472218847,0.2803563235677657
297,0.17909811388491093,0.27996597948272334
298,0.17880677832924208,0.2801937752672912
299,0.17857221757913835,0.2800909213935855
300,0.17827443681332497,0.28008240273189033
301,0.1779218229087292,0.2796176268382492
302,0.17765392372536148,0.27975644856689513
303,0.17752514385558082,0.27986257733840053
304,0.17734554519177595,0.2796074693715949
305,0.1770587527506326,0.2793329465744024
306,0.17685559781683427,0.27904907159568315
307,0.17667121005664366,0.2791559602383176
308,0.17622817182476727,0.27930278795407837
309,0.17600084805927838,0.27906711937493417
310,0.1758468958099758,0.27935427928444223
311,0.17569554546975544,0.2794246439396125
312,0.1752768230679944,0.2793779369596717
313,0.17493665406850983,0.2794567905350236
314,0.1748337021178861,0.27898602189205757
315,0.17462357114889765,0.27926092288159055
316,0.17421549152550392,0.278695603941041
317,0.17397639395841746,0.2785654532008221
318,0.1737230094638555,0.27877731329105726
319,0.17346987426961197,0.2787272893997555
320,0.17336105509429406,0.2788089722836096
321,0.17300558189457854,0.2786738657170135
322,0.17280077906376917,0.2784322298073155
323,0.17252758710412078,0.27795699641779953
324,0.17232941506149052,0.27801324595612137
325,0.17209757547021623,0.27829875948176697
326,0.17193068188401162,0.27833817806834765
327,0.1717585865504737,0.2787561629025558
328,0.17159508890190492,0.27873247557540737
329,0.17123751657862488,0.2784840346464532
330,0.17106927116811996,0.2785800413051463
331,0.17095022851506192,0.278940966562761
332,0.1707970122250669,0.2789803829929415
333,0.17064193290209806,0.27873701558856695
334,0.1703985986921899,0.278580832734076
335,0.17027391247363827,0.2787862798594893
336,0.17011509606388095,0.27879758132598526
337,0.16990411307245776,0.2788988640794323
338,0.16981379660440643,0.2784566375609143
339,0.1693753607829771,0.27814960493169755
340,0.16890307806439706,0.2779307559758236
341,0.16871835347120895,0.2777491645501832
342,0.1684592917294646,0.2775953768600147
343,0.16809356552054658,0.2772384753440116
344,0.16787829788106912,0.2770942855611778
345,0.1674131734346706,0.2767747706931793
346,0.16718896199477412,0.27681574244766616
347,0.16700541848225553,0.2769550669235672
348,0.1668322064267064,0.27725584958212923
349,0.16667140381084078,0.2769301428905593
350,0.1665343145337668,0.2771216064513279
351,0.16622200482361163,0.277261068127599
352,0.16602488659596287,0.2773277959433757
353,0.1657070033981967,0.27749240668254693
354,0.16550516243109079,0.27723590932638953
355,0.1653107914799998,0.27728872786783787
356,0.16516789851177788,0.27742453499663855
357,0.16478903158081168,0.27750934583822573
358,0.16442032410469462,0.2774257451810762
359,0.16427649809036884,0.2774862517115346
360,0.164089494492315,0.2775970154502933
361,0.16395515985127362,0.2776711151007768
362,0.16384060514008134,0.2771742189797372
363,0.16365164576027727,0.2771122440650214
364,0.16353765387496655,0.2773050714344066
365,0.16298340329851702,0.27718481970402986
366,0.16284099017111028,0.27709887312820447
367,0.16267767390242618,0.27700318418969905
368,0.16239294642069407,0.276770112612109
369,0.16205012981755243,0.2763068260023391
370,0.16186195848896642,0.27687462281341857
371,0.16165218267274906,0.2766092104372331
372,0.16132503336815032,0.2762896104379582
373,0.16116588185023287,0.2761349932500092
374,0.1609349239791024,0.27627191389529376
375,0.16065288085012402,0.2768588852882524
376,0.16057875649626582,0.2769116629357843
377,0.16038143326574508,0.2771697855357297
378,0.16003651902162144,0.2768040222042752
379,0.1599610148849734,0.27686707867559623
380,0.1598812687235788,0.27672284849676143
381,0.1596339837382477,0.27619536976004433
382,0.15944704915884733,0.27583110727249094
383,0.15932409069727796,0.27578244866077745
384,0.15916146819484187,0.2761845492343756
385,0.15904117888539987,0.2758560082319127
386,0.15884274379848343,0.2759691519183435
387,0.15872965476523412,0.2758951655311821
388,0.15858773335683576,0.27609554268435926
389,0.15828706748122418,0.2758700978434011
390,0.15812933062751078,0.2759111050161225
391,0.15800588274808697,0.27583275263982915
392,0.15787034075927656,0.2759102777689612
393,0.15761931896016346,0.2759328632532964
394,0.15751696007143917,0.27595662652924585
395,0.15743005791269563,0.2761080792223916
396,0.1572104576779728,0.27594717170304667
397,0.15709822612944202,0.2758608621096816
398,0.1569589789738721,0.2757580087140069
399,0.15664644595612556,0.2755353381321326
400,0.15647938407774042,0.27551996003620904
401,0.1562009174779063,0.2753294167547443
402,0.15602102365173276,0.2752739141520983
403,0.15581539435204206,0.2752576715574399
404,0.1556602592317544,0.27566837946693123
405,0.15548548580606744,0.27572144135570825
406,0.15538875374874853,0.2758918370051673
407,0.15520159222869245,0.27614235796049136
408,0.15506889916996927,0.2763736554627957
409,0.15490485049367117,0.2762580938271826
410,0.15475829371688063,0.2763208613918596
411,0.15456660904102953,0.27645977431659235
412,0.15444976878928612,0.2761935159195119
413,0.1543492074716565,0.27628480230233576
414,0.1541786797614027,0.27598383978701474
415,0.15391884016751523,0.2759932414102558
416,0.15350532255760685,0.27585807735212065
417,0.15331043669107525,0.27550679851604754
418,0.15312182029561294,0.27510016373421786
419,0.1529896089784951,0.2747244120117341
420,0.15286453209614848,0.2751975463755413
421,0.15269785457088378,0.2749803147384852
422,0.15246120504131094,0.2749802126156008
423,0.15210815560075436,0.2749143951245197
424,0.1519908760252014,0.274879748669551
425,0.15189476340041075,0.27495002769252386
426,0.15145947553043757,0.2741642372007898
427,0.15128145151826417,0.273828599490771
428,0.1511633814176242,0.2738279540179845
429,0.15096231436425617,0.27371121286834216
430,0.15070649845322856,0.27374237322852213
431,0.15062078562439568,0.27371338684979574
432,0.1503979450216446,0.27357463153377876
433,0.1501469426779327,0.27402679861697543
434,0.1500470092063534,0.2740120535809246
435,0.14984341739080043,0.2738744229698057
436,0.1497497789143642,0.2738539577820042
437,0.1496115577295261,0.27363624668902325
438,0.1495007011545778,0.2735284907878478
439,0.14938950787531183,0.27361635597673123
440,0.1492773889938374,0.27383548968084076
441,0.14916565014669764,0.2737760468650389
442,0.14890644844224762,0.2738027043475644
443,0.14867586570486394,0.27392778501132836
444,0.14841242439897503,0.2739973292796911
445,0.1482761198653282,0.2739350905593012
446,0.14817180059274093,0.27409741001979604
447,0.14790665086487342,0.2741612745984781
448,0.14778625015578295,0.27420125506684656
449,0.1476884580657856,0.27426706612352447
450,0.14754776968079114,0.2739506148484183
451,0.14743670726002936,0.2739900381765245
452,0.14730561581098395,0.27389099002974626
453,0.14720116353738225,0.273862049141145
454,0.14699086905780567,0.2736348874915286
455,0.14687369323239988,0.2734941508662711
456,0.14671100599779066,0.27337408032085164
457,0.1465567120197161,0.2735024724690227
458,0.14648656075951746,0.27359825248477193
459,0.146205913572004,0.2735302816131827
460,0.14598051707986007,0.273886412654147
461,0.1459212408867138,0.27384663492855277
462,0.1457287950544749,0.27410933029066353
463,0.14554095587684107,0.2736923753071434
464,0.1453608325351287,0.27371665428626346
465,0.14525070362886397,0.27371973878102396
466,0.1449772001831538,0.2735280643556916
467,0.14484155278617405,0.2733516695673019
468,0.14475701045021497,0.2732122268256303
469,0.14461110502774507,0.2729269455603436
470,0.14452246294471013,0.2729305647074406
471,0.14438783949883566,0.2731579437056189
472,0.14421209273481156,0.27288528224988584
473,0.14397099960801285,0.27267096005536223
474,0.14383942274115877,0.27256917510985823
475,0.14375715157146507,0.2724906996821651
476,0.14353745776235516,0.2723435773621147
477,0.1433395308720501,0.2722213515753917
478,0.14304351684202898,0.27209058629342864
479,0.14296918796198876,0.2719266613308491
480,0.14284104683704668,0.27185284967505113
481,0.142701818214676,0.27188377595523255
482,0.14251186032542898,0.27177268769483376
483,0.1424040930547842,0.2717078753257801
484,0.14234198046474272,0.2719858300921511
485,0.1421279664289077,0.2722765692948898
486,0.14203021502602195,0.27251473751746613
487,0.14183946821937643,0.2723266062041298
488,0.14168575439294953,0.27270802619661016
489,0.14161719408989915,0.2727720670758926
490,0.14146263224858147,0.2727122193290468
491,0.1412915965986495,0.27272886925554063
492,0.14123002655127348,0.27252243632223416
493,0.14106185100234903,0.2719353099564361
494,0.14078437615041606,0.2722755135954339
495,0.14063836576189925,0.27224046670268276
496,0.14051798150407235,0.27203765253202533
497,0.14020340996354194,0.2724720040876883
498,0.1401150164159628,0.2723629821365067
499,0.1399769719580282,0.27240939599743585
500,0.13982204454219166,0.2724478796826534
501,0.1397012632834257,0.2721803456141064
502,0.13942852783193882,0.2716273232982235
503,0.13921564157710808,0.27186894421817714
504,0.13912273140861348,0.272170892007956
505,0.13899993557131327,0.2722270011792839
506,0.13887725632131634,0.2721073743016154
507,0.13857752509194476,0.2722039275238861
508,0.13848440808744877,0.2721280239938003
509,0.13830745635274908,0.2722760297450752
510,0.13819753865678347,0.27243619394747476
511,0.1380930229356967,0.2726153390896631
512,0.1380134903645711,0.27265024604665994
513,0.13790865599299468,0.2730478339296127
514,0.1377440309301935,0.2730117436270833
515,0.13757403552546463,0.27297825981360996
516,0.1374359901475505,0.2731972269401106
517,0.13733696055511888,0.273275509456315
518,0.13721904320695935,0.27294152549608675
519,0.13699206331284303,0.27295079485999046
520,0.13687890214861193,0.2727792147901802
521,0.13677042147561697,0.2729592734141795
522,0.13661521584199504,0.27286584380976076
523,0.13639667498713445,0.27289076657170874
524,0.1362332049327948,0.2729877047291023
525,0.13613106498917693,0.2731129112801121
526,0.13597641053229415,0.27278821294051675
527,0.135853884676417,0.27303890884093096
528,0.1357656242204341,0.2730821076281544
529,0.13566380818839596,0.27303123227562226
530,0.13559484283050863,0.2729316570121164
531,0.13552612000985495,0.2729776208868732
532,0.13529158706166045,0.2729330957214493
533,0.1352142200581479,0.272592805313644
534,0.13510401588473778,0.2726501682287687
535,0.135002398423065,0.2727514354476489
536,0.13487402425801406,0.27328133768775564
537,0.13473999578682272,0.27300835233994425
538,0.1345967202202816,0.27275722616087056
539,0.1344076599815289,0.273180916457892
540,0.13431756497891645,0.27345006766629865
541,0.13418257465843758,0.27328948178430884
542,0.13401918304899932,0.27316246249806875
543,0.1339386210072599,0.27314669116448276
544,0.1338175202832163,0.2728010793506698
545,0.1336836018091102,0.27270872888619785
546,0.1335637459917661,0.27297143222654424
547,0.13346735455817343,0.2728935717401877
548,0.1333700012952511,0.2729228364050589
549,0.13326432962112192,0.2727206704867627
550,0.13318316908432115,0.27255551235795056
551,0.13308517543137352,0.2726111452712489
552,0.13293516899641103,0.27241163153886655
