0,0.5794120998648399,0.5805528600142515
1,0.5510854771245582,0.5551833403264399
2,0.5284920543957681,0.5341759620321306
3,0.5093936674095189,0.5169261775341147
4,0.49299052333621607,0.5006048736914386
5,0.4796290047779431,0.4884367326372548
6,0.4671819514181231,0.47623699048188145
7,0.45601393987323147,0.46602075120069775
8,0.44629374796976545,0.45777057177852376
9,0.43730743307465797,0.45041195568818204
10,0.4287801650793345,0.44298059881739726
11,0.4214616604750642,0.4364662640529214
12,0.41438929022083754,0.43055973438011497
13,0.40852236086125704,0.42647458167511754
14,0.4018748901582753,0.42073103681931784
15,0.3961109297023034,0.41606020603362237
16,0.39051397551458883,0.4092577814153195
17,0.3863707707220282,0.4058260906121463
18,0.382205585823081,0.40081754169226164
19,0.37939451276693564,0.39766851658706276
20,0.37439838166320655,0.3936965372246924
21,0.3703541673547818,0.3911561695516642
22,0.36636902324009807,0.38802446464914553
23,0.36296066737645666,0.38503053434407697
24,0.36012059355606535,0.38265329443266044
25,0.35691912421553784,0.38001160262209893
26,0.3548777601967268,0.37778745033031896
27,0.3527331721210616,0.3764544497017472
28,0.3505284393362114,0.3749535955829026
29,0.3477967269727898,0.3729867526175604
30,0.34564109710707747,0.3714616916215467
31,0.3443134128224074,0.3708240361708515
32,0.34221678833667535,0.3690732410316316
33,0.3405217561238985,0.3671933939160692
34,0.3386154036486981,0.3652877609625592
35,0.3363088798661341,0.3632699740012921
36,0.33462546542305377,0.3614991799759001
37,0.33222878302778447,0.3600072678189647
38,0.3292682212431688,0.35819800415232617
39,0.3273101578949254,0.3564790958740269
40,0.32577630048624656,0.3554204251532107
41,0.3235191627633847,0.35391742741650245
42,0.3221412714999072,0.35267059047000765
43,0.31989998676563675,0.35102640423098763
44,0.31842215707456695,0.3500821227993901
45,0.31667964667662785,0.34899162202185646
46,0.31501069565786743,0.34689400462357856
47,0.31335633974832255,0.34607576062789974
48,0.3111049345252064,0.34470067966022816
49,0.30971375679324825,0.34346663421195633
50,0.30847514199284015,0.3426550875779504
51,0.3073511628028415,0.3417101697358113
52,0.30607319634332825,0.34037744612715093
53,0.30489185864953655,0.339817717429084
54,0.30351034138117633,0.3387670795476691
55,0.3017654972553793,0.33858511990718654
56,0.3009039357472012,0.338035078861685
57,0.29948459873274286,0.33633912477712585
58,0.2983582098645706,0.3347170048327645
59,0.29692773585887,0.3339072046866187
60,0.29595690592614643,0.3334298896887215
61,0.294886465647161,0.33270184828713906
62,0.2937948460817182,0.33173687042448347
63,0.2923316107274234,0.3310823581406205
64,0.29140021574646713,0.33060332766318806
65,0.2903001523625937,0.32989451081178484
66,0.28925875730711714,0.32928641375834944
67,0.28859597858298697,0.3288947456250894
68,0.2877543853035718,0.32832987232886574
69,0.2869418626160876,0.32830438471020984
70,0.2860530379334909,0.32804789164222875
71,0.28534417451403965,0.327483098289921
72,0.2843213531172247,0.32731139546217697
73,0.28323380293952255,0.3267981802745026
74,0.2825703567091902,0.3265124655457245
75,0.2817940299022459,0.3255063644568727
76,0.2805066263730547,0.32464303293421704
77,0.2792401553908937,0.32358654333850095
78,0.27815236765354767,0.3230149798518807
79,0.2771008361053709,0.32247573252149525
80,0.2764151621342116,0.3219966220206099
81,0.2758530547811393,0.3218085351617417
82,0.27441679868293933,0.320869421466164
83,0.27338387965966365,0.3204847815702739
84,0.2725674270837019,0.31969367813267174
85,0.27185145187785337,0.31941974884807295
86,0.27126050585946093,0.3189317780438637
87,0.26971726792859646,0.31730084105412354
88,0.2689040708592657,0.3167787383291075
89,0.2678952652117807,0.3165834114194109
90,0.2673652773306259,0.3164643689300107
91,0.26676453002974826,0.316627003388459
92,0.26585508648677086,0.3163026231095979
93,0.26478819249959645,0.3149562900591838
94,0.2639838287936163,0.3145469955964959
95,0.26340955953609346,0.3141300817627863
96,0.2626490768272756,0.3137843724138583
97,0.2621350733122504,0.3137754784876623
98,0.26161389408791763,0.31373287477209616
99,0.2608534382792203,0.31343831085390017
100,0.26028948230911736,0.3130907674108252
101,0.25969223133449054,0.31283812503151914
102,0.2590718895067635,0.3125948073701284
103,0.2578439010014174,0.3113985408472994
104,0.25702922814149853,0.31075895752650506
105,0.25632611933451765,0.31015097469834996
106,0.2557639311105226,0.3097324911523481
107,0.25514236527261736,0.3091633919434106
108,0.2541576865248739,0.30878366691697584
109,0.25377120174130374,0.30875645683895214
110,0.2531600301163209,0.30904168038432
111,0.2527059694144552,0.30879309150559575
112,0.2517627649651463,0.30835720411360323
113,0.2513720752931077,0.3081369155124496
114,0.2507603879691212,0.3079286803090954
115,0.2503353201180349,0.30783712020043985
116,0.2499683000754888,0.3073692978868426
117,0.2489527749149293,0.30665885502807316
118,0.24831879313404737,0.3063218623206441
119,0.24764957810528457,0.3058959549360436
120,0.24694696228247232,0.305258688100733
121,0.24599718927436534,0.3044459247280027
122,0.24540273487560502,0.30393030837801577
123,0.24496913894244057,0.30395790828528785
124,0.2446465528836538,0.3039639156234063
125,0.24429742400891763,0.30393985398909096
126,0.24363381211718288,0.3037054876749734
127,0.24252173590453246,0.3032348508939199
128,0.24179934802644837,0.3029377794535063
129,0.24147042794997692,0.30242529463220863
130,0.24108725178455792,0.30268085297186004
131,0.2406129879143384,0.3025912067158353
132,0.24027600389798195,0.3027954655417353
133,0.23979899520204784,0.3024338944731863
134,0.23911599741914702,0.302874987294792
135,0.23860300393004516,0.3029180647982904
136,0.23789536122564317,0.3021717868109956
137,0.2375595554101658,0.30166072602075816
138,0.23693747624296066,0.301749992101567
139,0.23651866497853985,0.30168482047240247
140,0.23611888809299347,0.3015233994602173
141,0.23571837220113398,0.3010735660694288
142,0.235259243767493,0.30143075026738225
143,0.2348869297737156,0.30118904754199466
144,0.23420461564044265,0.3005266487455068
145,0.23358442787363615,0.3005917095130655
146,0.23296935632138027,0.30034652629556446
147,0.23227389457607597,0.3001288701465692
148,0.23181733668467058,0.2999336992218432
149,0.23119472228797758,0.29907636616662026
150,0.2307600149102435,0.29919131175645414
151,0.2304450895219601,0.299084504241773
152,0.23015497261850265,0.2992796325143297
153,0.22966975789285432,0.29939582879593096
154,0.22900975774788615,0.29863563116802627
155,0.22808269455775468,0.29768834607592437
156,0.2271423901291113,0.29726291331531923
157,0.226761450761962,0.29742193175572257
158,0.22616568378961213,0.29732060259256177
159,0.22576921035947062,0.2969781930124629
160,0.2247930257271273,0.29684442393537225
161,0.22427668175083057,0.2966847683348376
162,0.22365723013357974,0.29654423456108187
163,0.22304374204027166,0.29659541907221776
164,0.22271992570817978,0.2961353378087401
165,0.22212559092053988,0.2953935548336668
166,0.22144736523370193,0.2948544875074959
167,0.22113702628578363,0.29480953420981276
168,0.22058764477714857,0.294632937698121
169,0.2201904970819516,0.29420641869539627
170,0.2198020867883802,0.2939930504138
171,0.21943287167137085,0.29408805315311565
172,0.2190174194877754,0.29417023401061865
173,0.2185978631573161,0.2944311679663671
174,0.21816592444930533,0.29450886712207014
175,0.21777306886277453,0.29436926087161086
176,0.2173931889131555,0.2942262040943651
177,0.21708269493622223,0.2940693071635501
178,0.21668918703466253,0.29347713102120443
179,0.21629084837614845,0.29291959804026807
180,0.21595319840165056,0.29258249280465604
181,0.21505589739527986,0.2922008887234827
182,0.2146803017626238,0.2922328819692793
183,0.21416035351939666,0.29267273023456347
184,0.21370980713458887,0.2930261336106071
185,0.21337320671235505,0.2929675309306571
186,0.21284093867138867,0.2932156326257103
187,0.21262243274616197,0.29281579173686095
188,0.21212671028250316,0.29188220444678253
189,0.21185042120305614,0.29150482844709313
190,0.2115783092676497,0.29167243450636815
191,0.2113775253492015,0.2917902447145003
192,0.21103854584292564,0.29155745025161867
193,0.2106061604120039,0.29103797013120397
194,0.21028964854034485,0.2908593484419264
195,0.2100387239647853,0.2906636283032378
196,0.20961303132541545,0.29083525965590484
197,0.20893243330460054,0.29099102085248163
198,0.208691868621096,0.2911680655772664
199,0.20828915623980818,0.29106461849292997
200,0.20788080783831225,0.29102565336865194
201,0.20753300879554196,0.2908931139474152
202,0.20727083102485658,0.29076629514873487
203,0.20685887615260468,0.29043264179781836
204,0.20656779160354677,0.2900728602572728
205,0.2062721740249935,0.290088425806373
206,0.20582266053832307,0.29006768101775443
207,0.20565248304124745,0.2898782593872798
208,0.20525559830097267,0.2898098028365748
209,0.2049878419584532,0.29017608507643633
210,0.2047117634524395,0.29022966866411987
211,0.20449618818745435,0.2903005819764939
212,0.20417398295096653,0.2901877945403697
213,0.2038936419829646,0.2901659863374391
214,0.2037165482839681,0.29008257276884464
215,0.20321658917861501,0.2895675763120651
216,0.20299321946099183,0.28994329297862387
217,0.20264321327770185,0.2898064541293802
218,0.20239132825714895,0.2894553834292205
219,0.20211965264058698,0.2893622110811892
220,0.20155795929393322,0.2892013147432642
221,0.20103212075520965,0.2891751325732262
222,0.2008230867827735,0.2892713508709281
223,0.2005890659110374,0.2892049459662832
224,0.20031624475533574,0.28918422318605636
225,0.19978379086639986,0.288730500758669
226,0.19947416145521138,0.28844655845466866
227,0.19924163307603412,0.2886215453484681
228,0.19889307674280707,0.28842223668725314
229,0.19864452839594868,0.28824369876799033
230,0.19835908777995842,0.2881362823033733
231,0.19788977764824972,0.2883267435513422
232,0.1975464627152734,0.2881885402294407
233,0.19739579092203574,0.28800385462558553
234,0.19707289075878198,0.28848480947418353
235,0.1968820506742623,0.28861789331727966
236,0.19651114354137889,0.28805543048110305
237,0.19632996610815165,0.2878797462320116
238,0.1960664631012894,0.2874464854092153
239,0.19552312021425075,0.2870176282922655
240,0.1952101976187728,0.2871285454807535
241,0.19492549805270926,0.2873747060893893
242,0.1946336734191595,0.28728175075292817
243,0.19427097520613726,0.28685515774774634
244,0.19396688694291386,0.2867605995507994
245,0.19362533452576833,0.28659363469671245
246,0.1934180674357638,0.28658361623365186
247,0.19305963676676305,0.2867095296452878
248,0.19285307545830646,0.28665640302323353
249,0.1926525078085361,0.2870522919277427
250,0.1924434735431392,0.2869560729907391
251,0.19218873131434197,0.2867378519453541
252,0.1917905535365413,0.28645497770950407
253,0.19147196244560588,0.2861071405009771
254,0.19133660120629714,0.28611803373997957
255,0.19092351683376851,0.286555228871409
256,0.19063582700729945,0.28645249629483854
257,0.19038820736547774,0.2863459698915992
258,0.19008955275126474,0.2861640829261847
259,0.18981693743242203,0.2863052438633829
260,0.18961339078946857,0.2869832326351483
261,0.1892650511067165,0.2869095448180275
262,0.1890812607084928,0.286935293182727
263,0.18882660837724333,0.2869096863959373
264,0.1883761535011517,0.28678783672642566
265,0.1882191858223614,0.28614165819718945
266,0.18801568440087754,0.2860366999420921
267,0.18771600541604352,0.28589030404278293
268,0.18743910107111234,0.2857598549107879
269,0.18710674042827935,0.28547711358007966
270,0.18695743721217747,0.2853837767729208
271,0.18675758268507286,0.28530853523622157
272,0.1865809975319843,0.28541787201931745
273,0.18622452970271258,0.28517280309067994
274,0.18594914941055707,0.2851795333607794
275,0.18563777689553976,0.2844693966999709
276,0.18538531236269476,0.28440985921539125
277,0.18506434312567444,0.28447648594775554
278,0.18491872513633445,0.2843597804902763
279,0.18468975840719035,0.2843177732040453
280,0.18451684728706938,0.2843297598499697
281,0.18417153127590574,0.28423033026555716
282,0.18375397187527912,0.2846937832113193
283,0.18332337910308394,0.28394560033433297
284,0.18314197519580183,0.2841145181233043
285,0.18286690711106682,0.28381567115894524
286,0.18256709868877166,0.2831691234833131
287,0.1823813787334304,0.2832936278480552
288,0.18216717019007636,0.2829400161959836
289,0.1820355202303072,0.2830832095915228
290,0.1817348200004315,0.2829737088630529
291,0.18148097041836203,0.28311424580614925
292,0.18120478951674707,0.28286817865080893
293,0.18100629436625304,0.28296356447052134
294,0.18085688329525818,0.2832296799485458
295,0.1806866789100158,0.28304472874411657
296,0.1803887756991046,0.283140954527659
297,0.18005003966062974,0.2826714551965535
298,0.17971346670765637,0.2823798358470457
299,0.17947740066030576,0.2823168766424023
300,0.1791780206402374,0.2830313712837315
301,0.17899942433393382,0.2826144916224853
302,0.17885305788510797,0.28251160142546505
303,0.1786400788974729,0.28268052359532875
304,0.17840898078884515,0.2828690872895055
305,0.1779822794315115,0.282788105826578
306,0.17784820512899627,0.2824839844065279
307,0.17757356566045573,0.28218459976927673
308,0.17737196728070032,0.2822013420004041
309,0.17695222600034907,0.2817551961900202
310,0.1767118097268665,0.2817979541918413
311,0.17646723589628632,0.2818881195633235
312,0.17623400939348935,0.28144775468002
313,0.17610885567991397,0.28136625449249913
314,0.17596201201824693,0.28134055607008834
315,0.1758303938758375,0.28160298014172497
316,0.17566440099997904,0.2815152728503992
317,0.17541630819986204,0.2815143988131802
318,0.1751467205657853,0.28147001650224623
319,0.1748670139462741,0.28147683366834875
320,0.1746218262064757,0.28159903257966407
321,0.17453538187303533,0.28141059558616643
322,0.17436092727881367,0.2815676548392461
323,0.17416863464074753,0.28168135845193004
324,0.1740337570921118,0.28128645901858174
325,0.1739082243364639,0.28140369248347563
326,0.17375063107805794,0.281620911373632
327,0.17361012986642446,0.28142480379007034
328,0.17338400945223628,0.28126521136109045
329,0.17318656748535782,0.28156718801750497
330,0.173058423854104,0.2817242935461953
331,0.17287017155976017,0.2819445572511174
332,0.17270470831731635,0.2818728627203737
333,0.17237767844086768,0.2814348188745433
334,0.1722431216482865,0.2816213801659943
335,0.17201676399356308,0.2816941844021519
336,0.17190612472847544,0.2819070067475647
337,0.17165563158549682,0.2821716378035316
338,0.17149275714611734,0.2822470156624571
339,0.1713821650773391,0.28281548731315737
340,0.1712148134924297,0.2831438029239966
341,0.1710158234933585,0.2826972151404735
342,0.17091432302269893,0.28277600510022766
343,0.17076451189376066,0.2827914383261471
344,0.17047429500451647,0.2824466339641509
345,0.17028736131229508,0.2825430900184715
346,0.17012950996113507,0.2824894032590674
347,0.16989795448268233,0.28264354747503184
348,0.16970399174524906,0.2822509218855181
349,0.16949950620549786,0.2818107527092029
350,0.16932732279596366,0.2820333875372383
351,0.16915450385262437,0.281865285836089
352,0.16875116543432742,0.28183075344345376
353,0.16856708943394946,0.282130691608046
354,0.16823035848942677,0.28198394196442317
355,0.16808335979585393,0.28178738197681696
356,0.16791838613700533,0.2815354551088533
357,0.16771188484230937,0.28120632783096844
358,0.16744792589037277,0.28117640221250073
359,0.16709940717890923,0.28136306383257204
360,0.1669227606458061,0.28137061103661437
361,0.166780838212898,0.28156326195447545
362,0.16643886315365577,0.28147426802898984
363,0.16621089906690814,0.2814472179971783
364,0.16606944748796862,0.28125485767531294
365,0.16589559112892996,0.2807790110351993
366,0.1657184777655947,0.28074197291212516
367,0.16532337552372364,0.28075203924812564
368,0.16511481065455985,0.28068686576926377
369,0.16495719441071177,0.2805902294480716
370,0.16475290169891324,0.2804099384700147
371,0.16459689533078004,0.2806803997009049
372,0.16434247769742308,0.28089775360855734
373,0.16406843437578078,0.2809121720285905
374,0.16391010143480778,0.2809512924470929
375,0.1636955388598631,0.28101331220621606
376,0.16344498746673497,0.2810878966828159
377,0.16317159485602864,0.28137785665849974
378,0.16293576588796058,0.28178676128777735
379,0.1626155168038397,0.2820102855470216
380,0.16219979561477518,0.2819588085667248
381,0.16203324486313636,0.2816814089870467
382,0.16170434936123976,0.28151969253393067
383,0.1614532432981829,0.2820708154983469
384,0.16124419333259565,0.2821884675814087
385,0.16112151382132553,0.2823172065013439
386,0.16099367781862203,0.2822940943095844
387,0.1607510961011364,0.28179423977302287
388,0.1606299165155882,0.28187380112624844
389,0.16050326946421428,0.28217593697315896
390,0.16037381393978048,0.2821441770339562
391,0.16016019589813554,0.2815866051703024
392,0.1600162585532386,0.28176134394721314
393,0.15990283565530788,0.2820180878884787
394,0.15966228642298866,0.2823058876626068
395,0.1594870885977803,0.2821858805446361
396,0.15931729591767238,0.28223077664389934
397,0.15916591264461408,0.28234968964408624
398,0.15896933186633033,0.2821616111526704
399,0.1585918266551402,0.28165377368523936
400,0.15845430609211025,0.28149339627468073
401,0.15824689205103343,0.28155234510200644
402,0.15805015865029695,0.28143113670380954
403,0.15778883329894827,0.28155402312910255
404,0.15752956361985349,0.28145746073025246
405,0.1572712901002571,0.2816384791289276
406,0.15720889819285544,0.2819320032552954
407,0.15704699091659027,0.2821724150474798
408,0.15690959147443018,0.28228672153789036
409,0.1567791996567231,0.2824187568129228
410,0.1566718595565561,0.28236160665850385
411,0.1565967508276708,0.2824954222745559
412,0.15646424562758202,0.2821718809528271
413,0.15614368275148272,0.2819040948030277
414,0.15598049108322767,0.2820692768959974
415,0.15580867105116947,0.2824416683718346
416,0.15567230429383666,0.2825363281526526
417,0.15556319844640307,0.28245733527070355
418,0.15543929588269992,0.28248072224042575
419,0.15530317387112763,0.2820967988036166
420,0.15512430000014754,0.28207776773315896
