0,0.6528788621194878,0.6559488690031287
1,0.6177315544554428,0.6221344162376131
2,0.5874350514065872,0.5961216715190727
3,0.5628289034067918,0.5718850957609631
4,0.5409621251689195,0.5513848522973519
5,0.5210744058091201,0.534078030229466
6,0.5071682945904022,0.5209865270552566
7,0.4975023798206056,0.5133445000569753
8,0.48425364970184004,0.5023988866521977
9,0.4747934818253021,0.4933703138085093
10,0.4664483150004275,0.4867684865952683
11,0.460093754565476,0.47919395854410474
12,0.45233951760250135,0.47214324494806026
13,0.44582844343705247,0.46753451051663303
14,0.44112950106072074,0.4643721057329405
15,0.4351188219863545,0.46007543336551826
16,0.4320180200674944,0.4578895153044504
17,0.4282753056603032,0.4552806909988879
18,0.4243099209923054,0.4524063095407526
19,0.4200941645162171,0.4505817220909974
20,0.41785368221197466,0.4485703209869734
21,0.4137973717018603,0.4456046398244579
22,0.41010970823783155,0.44366383766320006
23,0.4072885986242692,0.4416961221564253
24,0.404082379311967,0.4388366232472647
25,0.4011452731761738,0.4360466158544022
26,0.3969737029612908,0.4328093908212751
27,0.3944537562244371,0.4308668671378044
28,0.3922684598766843,0.429484995297061
29,0.3896240875668877,0.426989408963582
30,0.3872437912860697,0.42585026547784427
31,0.3857467702120683,0.4240901953417333
32,0.38343972479080424,0.42285557934765466
33,0.3810772166333247,0.42135611182990734
34,0.3789434100843287,0.41970038850757513
35,0.3776460015243888,0.41893678135159856
36,0.37559592376017,0.4178005482116943
37,0.37364743910831644,0.416856374869152
38,0.37218795863294946,0.4158535627913421
39,0.3705079326906126,0.41476743919242975
40,0.3685124555377413,0.41278439936745326
41,0.36671318661820246,0.41152853754143426
42,0.3650732316078606,0.4104738206114916
43,0.36287607341035294,0.40906821795913156
44,0.36031940652680566,0.4078740099828725
45,0.3583822817661225,0.4061013010250729
46,0.3566486288943479,0.40542655518384024
47,0.3549442443231628,0.4040185767325745
48,0.3532252946606279,0.4020635772498591
49,0.35170577362879113,0.40214086578312247
50,0.3494898728380613,0.40109860010254195
51,0.34825541675164795,0.4004351394942735
52,0.34695026218180686,0.3993247708282739
53,0.34522535521116154,0.39698165025473603
54,0.3432666056833168,0.3961940489350307
55,0.3413335592857152,0.3948310536227049
56,0.33936607657841783,0.3936622631325006
57,0.3376477361779992,0.39202275360220734
58,0.3361059202652342,0.3908122700697812
59,0.3347461012776951,0.3898869875557036
60,0.3334602779505979,0.3893683746275944
61,0.3311437416608025,0.38903655654353825
62,0.3293769785568677,0.3887030419556616
63,0.32795114539561804,0.38718109163394515
64,0.3267352510662715,0.3861087473151413
65,0.325703897708872,0.3848629642288844
66,0.3245882577259812,0.38441151942516
67,0.3235627442768557,0.38374386897647267
68,0.3218991908892112,0.38210035930993913
69,0.3201480472697672,0.3805326845660657
70,0.3193995133948912,0.37999195037992456
71,0.31824950042391403,0.3792491095235163
72,0.31688853207099577,0.37902108919607597
73,0.3156186538855521,0.37825795176387617
74,0.3141399174595637,0.37692133034580383
75,0.31268320790081955,0.37599161820380306
76,0.31158506992565127,0.3757594833994806
77,0.3103828982947066,0.3753555928234181
78,0.3088864278865121,0.37416028288447667
79,0.3072665224921653,0.3727830085415777
80,0.30598180898149996,0.37169008796321445
81,0.30491964813938854,0.37086380860001156
82,0.3039291313254333,0.3700361222428874
83,0.30260620709496633,0.36966364239407284
84,0.3012558908613645,0.36820774177632404
85,0.29979576484046033,0.36751865743373413
86,0.298879710668321,0.36755187118150023
87,0.2975666985629894,0.3669554786962973
88,0.2963379485944764,0.36614224559791625
89,0.29494197688661916,0.36579773224266277
90,0.2933805288160916,0.3652011637835699
91,0.2919375769662626,0.36416054706161877
92,0.2904033411968604,0.3634959492519281
93,0.28922182195182766,0.36250897527171516
94,0.28791923612089765,0.3620702990920307
95,0.28670525028728094,0.36110233871329267
96,0.2850365333050038,0.36029285124564897
97,0.283600267210639,0.3593723037571023
98,0.28215496772671267,0.3582801227826779
99,0.28056247364003456,0.35723095320556136
100,0.2791149414814907,0.35672341742816416
101,0.2778591379330861,0.35590058496796795
102,0.2768866904255679,0.35545975726527584
103,0.27565548596716355,0.35516625011038333
104,0.2743462150079724,0.3547740194118793
105,0.2730587504643171,0.35486254926166405
106,0.272027706071505,0.35382796967041946
107,0.27091558521272585,0.3532940965974263
108,0.26985348883007015,0.3523821438938291
109,0.2685470391432138,0.3516976535379996
110,0.2674752620835369,0.35153721289382606
111,0.26632260654314976,0.3506631931501004
112,0.265072310618133,0.3496330425075405
113,0.264016904564066,0.34911568294551665
114,0.26256121730472154,0.34783156680652005
115,0.2611729204955344,0.3478361205577052
116,0.26019564362902864,0.3472695229633811
117,0.2590790320666853,0.3467191840377764
118,0.25809747250049914,0.346380956415566
119,0.2567788157265181,0.3460412595021299
120,0.2558508125659488,0.34587546261378593
121,0.25467820364176147,0.34504235459050964
122,0.253702552484495,0.34464396740750197
123,0.2527876106116977,0.3446868220586371
124,0.2517672980452608,0.344306181142062
125,0.25050505300276565,0.34433647551105856
126,0.24955706473191086,0.34400738063728237
127,0.2489509300999704,0.34406770665943975
128,0.24810098427081184,0.34327827052697896
129,0.2468726673258988,0.34245346863839876
130,0.24600929969300517,0.3421901969755653
131,0.2451758650923622,0.34230669783359524
132,0.2443006068730816,0.3422735148336359
133,0.24348439291574714,0.34153999858253814
134,0.24226127272397316,0.3408616671109024
135,0.24156944898493923,0.3408832289849293
136,0.24065065977626382,0.33981082903282156
137,0.23964182203642512,0.3390669370662369
138,0.2388217740106855,0.33843985768748003
139,0.23790237878506848,0.33794099497664104
140,0.2369807855290161,0.33719325522279525
141,0.23618342676543408,0.33716842881245845
142,0.2354493655980388,0.33672992211085917
143,0.23444269268017476,0.3361179932223862
144,0.23315062866573272,0.33581177568590703
145,0.2321988699441072,0.33602425482385156
146,0.231228376799551,0.33618083501108714
147,0.2305216203467527,0.33580115680892003
148,0.22930835749882755,0.33481731622847044
149,0.22840910149783983,0.3341641693247791
150,0.22767727184686407,0.33390724624990753
151,0.22695144047941676,0.33341223716867907
152,0.22614250101587569,0.33296324400414246
153,0.22521677546652724,0.3339631521119552
154,0.22441234989848005,0.3333268284774176
155,0.22356729240875728,0.33311256855915866
156,0.22261084917019697,0.332961146201502
157,0.22165035986118822,0.33278095783200806
158,0.22073258074735452,0.3327288386291744
159,0.21999177322446603,0.33255613441249354
160,0.21902333030318516,0.33168230774565216
161,0.21812940941744713,0.3313418112316718
162,0.21738828389149373,0.3311570868333214
163,0.2165601036708172,0.33104093711474813
164,0.21585384320614798,0.3303621230203955
165,0.21498350903617558,0.33023737690076616
166,0.21428358526532693,0.32906578937606246
167,0.2136955434941671,0.3288909924717906
168,0.21295846187675416,0.3287405700844306
169,0.21226719898308866,0.3283360228178621
170,0.2114191289203899,0.3279577716858723
171,0.21075363465898647,0.32783956130900516
172,0.2101711654086947,0.32769019559877194
173,0.20960255051579818,0.3274088001960545
174,0.20873858481701088,0.32682198786844346
175,0.20789892992792455,0.326636650464851
176,0.20693166588479572,0.3263789042202376
177,0.20622200461491658,0.326630867957538
178,0.2056071619351256,0.32667807820920197
179,0.2049806409707163,0.32683509683036027
180,0.20424583957879544,0.32704666313854336
181,0.20376470700361488,0.3268587618191204
182,0.20301935785416045,0.32644440119469564
183,0.2023347918751786,0.32598372555818317
184,0.20189714995412902,0.32583959247135713
185,0.20119422812663298,0.32549593225983287
186,0.200360152650248,0.32515377560529285
187,0.19985568757729316,0.3249297406190606
188,0.19925578936901167,0.3245346718681513
189,0.19866575528262773,0.32463338728383156
190,0.19811138486189467,0.3249015772425161
191,0.19740717631431914,0.32461707722775895
192,0.19686509066138547,0.32459499938522035
193,0.19636345698482233,0.32398995364655386
194,0.1959185924714971,0.3237500086601216
195,0.19487075659631203,0.3233068097102454
196,0.1942162578691908,0.3223684777599791
197,0.1937008341170731,0.32193887863345055
198,0.19296533231923427,0.32195770691196984
199,0.19247745169936753,0.3217797554034781
200,0.19183179997448882,0.32154756210914964
201,0.19128785651236835,0.32173370182596656
202,0.19089462626681494,0.3215546139030296
203,0.19020883719799223,0.32104234071459414
204,0.18965822573115682,0.32087472315302923
205,0.18904447467890823,0.32095361604494776
206,0.1884562292582371,0.3199736482432032
207,0.18773060695409058,0.32008765603459566
208,0.1871571061847792,0.31972017028610705
209,0.18669746790117342,0.31966155473355623
210,0.18614071800167897,0.3191397624410281
211,0.18566286178254404,0.31856489837662044
212,0.1850636211852491,0.3186148945622076
213,0.1845210494849621,0.3186859343579153
214,0.18400718839129104,0.3184924377192235
215,0.18340229600305322,0.318517915970463
216,0.18295860814584197,0.3181952483020984
217,0.18238605175612285,0.31765517035101487
218,0.18189137513296708,0.3174630581893639
219,0.18145953263390854,0.3175391338992007
220,0.18089290774169026,0.3178798610300274
221,0.18039847289399144,0.3180831026350103
222,0.17991900903702168,0.31809468424379184
223,0.17939223304598126,0.3180211719645224
224,0.17901094592432393,0.3176139698864599
225,0.1783551407007994,0.317569954682558
226,0.1778083906421331,0.3174201960800576
227,0.177259902557465,0.31714166648129305
228,0.17664199430881258,0.31667828192613123
229,0.17598563130377895,0.3171067028552342
230,0.1755766877102029,0.31686764880830753
231,0.17501001987214979,0.31612910836336255
232,0.17459233425444753,0.31612230521974016
233,0.17410540087960302,0.3160041629299768
234,0.17362231388873103,0.31619668579149957
235,0.17317879680097326,0.31596964802101063
236,0.17281582077069202,0.3159411457135973
237,0.17236099963134,0.3154552186277668
238,0.17190031575648193,0.31553575376694126
239,0.17143095942801093,0.31541699249063454
240,0.17095369966536472,0.3151136481406755
241,0.17054063664448152,0.3149878121030904
242,0.17008013936069102,0.31465481166291953
243,0.16957440554655334,0.3142901576093938
244,0.1690878434269059,0.3145521547125626
245,0.16860532900491956,0.3143939883563188
246,0.16831089031512783,0.3145788791976752
247,0.1677298506216299,0.31446390020712545
248,0.16735548748715007,0.3144317408570745
249,0.16691416634285097,0.31391479542902845
250,0.1665920259216849,0.31361955660216734
251,0.16620932036915043,0.3137774073139745
252,0.16575542513696467,0.3137583255636383
253,0.16531567996437654,0.31392194358621667
254,0.16473790151230122,0.31311766241367905
255,0.16426118942468373,0.31349481403950236
256,0.16385966510520492,0.31367676945919937
257,0.16335686557929244,0.3133959658968653
258,0.16300437153625316,0.3135185833919278
259,0.16267888126596494,0.3133333372630883
260,0.16225955750944007,0.312954167129435
261,0.16177436242054435,0.31307456808806167
262,0.16144384902136213,0.3130332680707025
263,0.1610574553426247,0.31337031454341285
264,0.16052994769975923,0.3131463093230778
265,0.16006798416039386,0.31327341669962633
266,0.15979315319519674,0.31348701790617794
267,0.15944042340982986,0.313180243858111
268,0.15899196058522835,0.3133192968606508
269,0.15860547904902988,0.31315162834027366
270,0.15821551185111446,0.31304021599589504
271,0.15791586592889673,0.3130288642747353
272,0.15761320910716964,0.31295369939108814
273,0.1573625995965107,0.31276841832198976
274,0.15692392470250807,0.3130199528133399
275,0.15650121627228858,0.3129657802780886
276,0.15601962880373207,0.3131319399298739
277,0.155755675326351,0.3133587568022172
278,0.15538900379421755,0.31327007509528115
279,0.15510297526688915,0.31313901489215473
280,0.1546601693090195,0.3131866917688982
281,0.15423140771870197,0.3133592114167575
282,0.15379235256941554,0.31327302938185664
283,0.15340378746271932,0.31337062763593565
284,0.15308290707404898,0.3133752350532754
285,0.15279456072604652,0.31329343448253694
286,0.15246211479945043,0.31339301270272907
287,0.1519124638321591,0.3134195035439087
288,0.15143333712274956,0.31388537340013223
289,0.151064282822045,0.31375543660316374
290,0.15077677232761197,0.31367605153186523
291,0.15016272952879572,0.31326156985653364
292,0.14977652278803022,0.3131360265168322
293,0.14941242429272159,0.3132262503819815
294,0.14916755413617602,0.3134017963461213
295,0.14875724734167234,0.3130061654632865
296,0.1484139128401968,0.31285331545388595
297,0.14813872521568802,0.31278751468407257
298,0.14783155982506788,0.31279367140426506
299,0.14748618516239365,0.3124423562105841
300,0.14720969325426883,0.3126195193077477
301,0.14687448465812286,0.31252020570619105
302,0.14650369612238737,0.3123306432287962
303,0.14605101489357655,0.3123642230656358
304,0.1456819458286224,0.3124619117390203
305,0.14545972344447283,0.31247369695187466
306,0.14510878221473447,0.3122516449255738
307,0.1448696509377371,0.31234506270093654
308,0.14469263249990186,0.312358564956077
309,0.14438222119178107,0.3122345491780176
310,0.14414951062791542,0.3123831697317796
311,0.1437084459005188,0.3121591145676469
312,0.14313859722792346,0.312212548092978
313,0.14279873678028243,0.31214283783540475
314,0.1424219920548562,0.3120703077079733
315,0.1420004072330609,0.3118802845963669
316,0.1415758505778127,0.31185304820377624
317,0.1411207047100765,0.31189195919201673
318,0.14074405367010456,0.3119575064513041
319,0.14033120402223068,0.3114576103949599
320,0.13998191843379632,0.3113798726422663
321,0.1398297850720664,0.3113655070551608
322,0.13962467275939183,0.3111941698612211
323,0.13933664086677905,0.3110751445788437
324,0.13896840251565926,0.3110802270081946
325,0.1387999847842145,0.3110163753303669
326,0.13839500815116623,0.3107822439345238
327,0.1379558872149368,0.31066701220453086
328,0.137624258402599,0.3103742783909549
329,0.13730622175549023,0.31067972771137087
330,0.136999818510051,0.31049629178420335
331,0.13676129833422554,0.31034889461387877
332,0.1364184123745384,0.3103035667282629
333,0.13611695775866273,0.3104230241398194
334,0.13597525375554542,0.31036102238533625
335,0.13563473994545555,0.3111079582084828
336,0.1353176463324126,0.3112820332703682
337,0.1348290647511184,0.3114249181941458
338,0.1344886604554975,0.3114557719690487
339,0.13425256262401775,0.31113002378244786
340,0.1339917385468256,0.311090406074732
341,0.13365960033457364,0.3113116796146016
342,0.13339467503839045,0.3112772489318304
343,0.13304679058371924,0.31142988951519945
344,0.13280206287350493,0.31153592758411885
345,0.13247684970394477,0.31172771860471243
346,0.13218834207131663,0.31168556430343797
347,0.13185288818233476,0.3116857936105075
348,0.1314867009536664,0.31161874371804016
349,0.13121552650844723,0.3116093700995137
350,0.13093051745532935,0.3115544024036378
351,0.13064065567273966,0.31144104895938973
352,0.13035068384746124,0.311501678458443
353,0.13012527641411273,0.3114593236445743
354,0.12970540694557528,0.31080718561922444
355,0.1294656895556209,0.3108418380963279
356,0.12914861477717207,0.3108166128793457
357,0.12888444373432684,0.3105272501781883
358,0.1286974621921415,0.3106785195202053
359,0.12843266506648135,0.3105743706041726
360,0.12814743549412433,0.31053217359203245
361,0.12787884563810778,0.31045226118324015
362,0.12767693073645342,0.3105138809276589
363,0.12739459775168072,0.3105084938514487
364,0.1271178061505657,0.31066762527520303
365,0.12681548035700593,0.31079618686391663
366,0.1265922710595517,0.31069052994342844
367,0.12634491967927708,0.3107624577373111
368,0.12607464472006294,0.31072743376379136
369,0.12588973535326092,0.3106359303775544
370,0.1256505439406238,0.3106006781532143
371,0.12543417145744398,0.3104729813902666
372,0.12526501243393326,0.31065200104851187
373,0.12505852641144163,0.3110956397834967
374,0.12474517846817203,0.311042007366852
375,0.12452297534045227,0.3110573456844274
376,0.12419621478410048,0.31138619239284726
377,0.12392250734129526,0.31148415374234845
378,0.12357551490632215,0.311555832937143
379,0.12338032387520795,0.3113813337035595
380,0.12300599746726155,0.31109706949799076
381,0.12274504792262521,0.3110991912277571
382,0.12235434488042993,0.31118852489481535
