0,0.6792714804006675,0.6796367660142566
1,0.6662034662368725,0.6668545568905891
2,0.6543431877534858,0.6559917724769349
3,0.643634645935765,0.6455721366000311
4,0.6316951248051956,0.6347440030122232
5,0.6206804729067483,0.6242552457950623
6,0.6116061899297611,0.6156939700468642
7,0.602724288559031,0.607654371767249
8,0.5937860127023173,0.5992911507264859
9,0.5850866306485271,0.590908498668396
10,0.5771575014467478,0.5834626104568638
11,0.569429350892456,0.5767858775829049
12,0.5621841792613897,0.5697710228523448
13,0.5554487851393084,0.5634866298542746
14,0.5487489779356073,0.5574433206225969
15,0.5422512505037896,0.5516827117508573
16,0.5349705962439699,0.5444040129478029
17,0.5280320625877096,0.5383004242362784
18,0.5224634589452083,0.5334832468570688
19,0.5169457124071143,0.5283874600872076
20,0.511423846547172,0.5229975291283612
21,0.5065167887145129,0.5182603582866347
22,0.49950866950692036,0.5122997395623936
23,0.49506292944514546,0.5082833459506731
24,0.4910699684151592,0.5046758389738512
25,0.4865243142211233,0.5004026022365073
26,0.4820125651309234,0.49603754529505606
27,0.4772609591572877,0.49227244923648716
28,0.4729928451330987,0.4883058267208696
29,0.46955974449997717,0.4855133072340005
30,0.46605525853499485,0.48257553841112466
31,0.46195103017544376,0.47902292413440456
32,0.4588282720560704,0.47591849811599884
33,0.4559777852750044,0.4737402089236237
34,0.45295484897987937,0.4711890926247117
35,0.45001890668879085,0.468381252243998
36,0.4474925092810699,0.4660506501738658
37,0.4447354910789307,0.46363909251128727
38,0.44133589241532495,0.4606986102133261
39,0.43873879490343903,0.4587634969129048
40,0.43583845675568855,0.4563486810264078
41,0.43394743762346066,0.4547681834868193
42,0.43122209202630485,0.45239706124575
43,0.4284424870865855,0.45020970156563794
44,0.425683871925484,0.4477950633183085
45,0.4229719122741783,0.4452745896840956
46,0.41963168850290233,0.4424444096902586
47,0.41730932200520393,0.44058340228484694
48,0.4152589586545138,0.43883542460347663
49,0.4136646825599114,0.437477640645496
50,0.4111449435919427,0.43558433202711805
51,0.40901467022408555,0.4340992296092225
52,0.4070928895964882,0.43242855211520637
53,0.40524117694115386,0.4308411834669679
54,0.40370374518720215,0.42990494148632424
55,0.40094926000485087,0.427883708161683
56,0.39818403169953087,0.4258687644779386
57,0.39662637597267697,0.4248369214799518
58,0.3943096116714333,0.4230104131336985
59,0.3926106467861557,0.4216768616612091
60,0.39067654357170806,0.4199988660017282
61,0.3892290624571344,0.4190266441921093
62,0.3868625852623263,0.4175071897643094
63,0.38527949530328803,0.41598501131942167
64,0.3841773238405863,0.4151552382081989
65,0.38287348852490327,0.4143146691808065
66,0.38090385728626003,0.41278302178366233
67,0.3792693199044515,0.41164755877141007
68,0.3762911039108315,0.4091213603752965
69,0.3749445797840833,0.40802690301617517
70,0.37329620802657076,0.4065844438171113
71,0.37204296515039453,0.4056231716840156
72,0.3710028041206876,0.40484145427614676
73,0.36965476740951836,0.4037757592947475
74,0.3681643840146621,0.40273923182778304
75,0.36703531815584167,0.4020655814882528
76,0.3655062529617129,0.4011211018761567
77,0.36434869598463154,0.40045966012644824
78,0.36296177814571917,0.39945805153098163
79,0.3614960439338529,0.3982782172398801
80,0.35989897225819006,0.3971313934012941
81,0.3587193789558639,0.3960227741853069
82,0.35741258936008863,0.3950637045212999
83,0.3562160356149266,0.39423956231963453
84,0.3550621122676858,0.39322068526938564
85,0.3537755694387419,0.3922261072686918
86,0.3525828386813972,0.3915535092553254
87,0.3515261462971712,0.39063001299960454
88,0.35052033815729966,0.38984381156661413
89,0.3492813884586592,0.3892431003250048
90,0.34779060421812646,0.38779526211750015
91,0.3467451419828398,0.38703600549490624
92,0.3448940759054301,0.3855527554454317
93,0.34408026573444556,0.3850111801565457
94,0.34295385214355584,0.3842608108696757
95,0.3421240465103588,0.3837796605687715
96,0.3411738569490928,0.38297190490930055
97,0.3398569050000535,0.3820706508282779
98,0.3391005826967361,0.3814989310410617
99,0.33802945697266146,0.3806409274673244
100,0.33710183044661945,0.38002140131384193
101,0.33615602813392825,0.3795910982712793
102,0.3352360183251446,0.37926602291435346
103,0.33426614813016314,0.3787117755776302
104,0.3333760347538324,0.37806278439376845
105,0.3324766148493223,0.3773400354834248
106,0.3317845222251807,0.37680055941401547
107,0.3311852605753008,0.37606792706752656
108,0.33043112314225487,0.3754686035970069
109,0.3291885490386546,0.3745648288388614
110,0.32785564224389047,0.37375484669785997
111,0.3271919483689419,0.3733596083898723
112,0.32613684123218695,0.37282068610716457
113,0.3251607651439055,0.3723546187719146
114,0.3243408456707463,0.37184630407059466
115,0.32311907601557804,0.3707333090929749
116,0.32241807466357586,0.3702169372582398
117,0.32138755871110203,0.36963038300070145
118,0.3204564112131046,0.36909071285554657
119,0.3198628888914358,0.36856293231177817
120,0.31921341815079474,0.36798846320166706
121,0.3177824719300896,0.36711975023578913
122,0.3166804037764317,0.3664927336399737
123,0.31593740665797176,0.36586753086404755
124,0.3151624771299894,0.36565000910395773
125,0.3142490529202929,0.36482401843799916
126,0.3135161548205366,0.3644306214949892
127,0.31299770959988993,0.36404766439539615
128,0.31222310338307174,0.36341110736453525
129,0.3114546539526972,0.3628574985242329
130,0.3106338434441231,0.3623178536916506
131,0.30986354937802363,0.36199078776136995
132,0.3090717120182582,0.3615470046835243
133,0.30834801604974527,0.3611852275230667
134,0.3078684296809564,0.36080131930269055
135,0.30713135296923366,0.36035200755463187
136,0.30635925651018453,0.3597610303523381
137,0.30555333365851134,0.35917661345606755
138,0.30492190508436023,0.3588151557478086
139,0.3042791500661697,0.35861392148301646
140,0.3035363801894929,0.3584009759262567
141,0.3030978855636477,0.3580682021004777
142,0.30245332550678355,0.357408250619242
143,0.30162934717304335,0.35692174775828883
144,0.30095508051349296,0.3563469804696579
145,0.30034924320356704,0.3559513350972818
146,0.29962697913229597,0.35543990067133385
147,0.2989443536928312,0.3551003312247242
148,0.29850767785417315,0.3548688960209138
149,0.2978201075899918,0.35440576786803185
150,0.2973365760952982,0.35389069727206723
151,0.29665274672378583,0.3533986880203306
152,0.29615400302142225,0.35302136924934874
153,0.2955200137158378,0.35285347745896944
154,0.29496526382891275,0.3521832230795917
155,0.2944798806364465,0.3518974223009908
156,0.2940222914176867,0.3515805809206004
157,0.2932618995913359,0.3510343951386347
158,0.2927193043007429,0.35078405394632006
159,0.2919657138627932,0.35034285274047655
160,0.29143804122666317,0.34981182295885443
161,0.2908540599183199,0.34933905740427385
162,0.29024447111802804,0.34884043186954306
163,0.28975683987244266,0.34853986639028856
164,0.2891306903371451,0.34818161309117457
165,0.2885000243309357,0.3476474487504714
166,0.2877937741346356,0.3472864589086819
167,0.2871513840986861,0.34680041105478554
168,0.28661720400853286,0.3465417705234918
169,0.2860610879049249,0.346154852076635
170,0.28503507719291243,0.3456017813906277
171,0.2843714273960945,0.344985895267528
172,0.2838157119642483,0.3446443224758187
173,0.28324656675819254,0.34405860918229486
174,0.2825137687445072,0.3437481655821717
175,0.2818527469138132,0.3433259992798536
176,0.2812881387015312,0.34273444353398846
177,0.2807416469904057,0.3423140138923133
178,0.2801919979833553,0.3421076405664512
179,0.27965666735204836,0.3417830658786847
180,0.2791502277521999,0.3414281749219094
181,0.27824750032552514,0.34093243549657076
182,0.2777566871834077,0.3406137593597977
183,0.2773831341279657,0.34035230882940193
184,0.2767088508604847,0.34005439635276774
185,0.27631711255761776,0.3399529356423095
186,0.2757891878006489,0.33992914011536873
187,0.27534108944024466,0.33969003194298436
188,0.27484233332240526,0.33955439460469516
189,0.2743081363347718,0.3391722460332557
190,0.2733326129724466,0.3385646258563394
191,0.2728234555878472,0.3383156615842167
192,0.27224280057890793,0.33790018745671174
193,0.27184679420622815,0.33752374176160255
194,0.27125993969627993,0.33721070409109377
195,0.2705619728517852,0.33685795491827625
196,0.27018698279081904,0.33669024834586564
197,0.2697668663985326,0.3364516314244111
198,0.2691119771903121,0.3360045576675085
199,0.2687282908142634,0.33571286762637276
200,0.2681901348634041,0.33533499088467617
201,0.26769866881952675,0.335023672252453
202,0.2670849553855871,0.3345616474157756
203,0.26653437048885054,0.33422902238222474
204,0.2660920923048002,0.33406919697027987
205,0.2655909471574598,0.3335314282993446
206,0.2650875417348659,0.33333245413959844
207,0.2645476085985154,0.3329132177528179
208,0.26413702765798375,0.3327351322483279
209,0.2632805717457294,0.33216101819540506
210,0.2627420221897814,0.33195352688576574
211,0.2621924284524588,0.3315641272806762
212,0.26169142648133653,0.3314181947945382
213,0.26112929987299077,0.3311885554226946
214,0.2606474530957371,0.3308258558676053
215,0.26026544147033476,0.330686747883216
216,0.25979724447496155,0.33036462725909466
217,0.2594329886044081,0.3302976557212099
218,0.2590925609931139,0.3301907255988504
219,0.2587035577517601,0.3297534190324524
220,0.2582944902827996,0.32949444094760333
221,0.2577546436856736,0.32910680063684306
222,0.2574062374970192,0.32877965781804014
223,0.25703325761546414,0.3285301440980981
224,0.256519756616383,0.3279844539560599
225,0.2560621599803455,0.3277201676504326
226,0.2557137139726209,0.327605228724923
227,0.2553032427870786,0.3272178159384402
228,0.25494600047070837,0.3269329069131921
229,0.2546209244356799,0.32663026947257956
230,0.25431292845241066,0.32637458889205645
231,0.25371965498697946,0.32590298084199454
232,0.2533713629261595,0.325725292938427
233,0.25293723913707505,0.3253534435721055
234,0.2524609426325564,0.32504678552753885
235,0.2519494290615108,0.3246270369818166
236,0.2516026566712117,0.32443081589407496
237,0.2510761117490033,0.3241890449006798
238,0.2507050918484107,0.323888151248035
239,0.25039770867308286,0.32380959206524784
240,0.24984715681829286,0.3236539979085888
241,0.24945677849893125,0.32333560737501504
242,0.2489959275771348,0.32333157028932397
243,0.24845125216843622,0.3229528570225231
244,0.2480972104583066,0.32283900636981483
245,0.2477738457561457,0.32267335881702863
246,0.24742167197521253,0.32253115857504217
247,0.24681004115153934,0.3221710120541247
248,0.24642184133606038,0.321792889370138
249,0.24598817535989895,0.3215385465598311
250,0.2455236538504589,0.32115849495841037
251,0.24492320577471316,0.320909477072067
252,0.24461998620288142,0.32078351638814023
253,0.24419327769525626,0.3205407901688683
254,0.24381893735100532,0.32045423399861606
255,0.24340946087162726,0.3203569579082168
256,0.24279288874223537,0.32012867058336086
257,0.24247566356733238,0.3198213745717517
258,0.24210349248543192,0.3194624381814269
259,0.2418340133257471,0.3192796942150745
260,0.24134320209114107,0.31893452835207203
261,0.24083579005731345,0.31872251277208025
262,0.24034585718917498,0.3184237567919536
263,0.24000016849479694,0.31832346765428343
264,0.2395671146669961,0.3179650051608494
265,0.23909993720503844,0.31767595371327045
266,0.2386923990736669,0.3174443349846907
267,0.2382912410352391,0.3173354645948666
268,0.23788412909021384,0.3171992042903116
269,0.23750117930035777,0.3170054372170736
270,0.23702222937341064,0.31669046676364193
271,0.23659600316460594,0.3163908591239516
272,0.2361878295664252,0.3161123501250032
273,0.23581951336256618,0.31595236791208564
274,0.2355203039154155,0.3157450253285175
275,0.235106277710411,0.315542031850136
276,0.23474012032754374,0.3152131680627393
277,0.23436202161496972,0.3149760046890013
278,0.2340060602841186,0.3148280469563641
279,0.23373920733568418,0.31466606606430864
280,0.23331062302829642,0.31432125651008863
281,0.2329280165923509,0.3140423287694027
282,0.23257556501780605,0.3139563097648338
283,0.23223680494154747,0.3137799009588619
284,0.23193295731370875,0.31366972824102
285,0.23141865759462615,0.3133380869137508
286,0.23097694537810276,0.31318011358087866
287,0.23044977495217844,0.3128173863122931
288,0.23003752582535603,0.3127038632426047
289,0.22945255651859128,0.31250667761967094
290,0.22913340327145149,0.3122222978007837
291,0.22858774706699103,0.31175984430038045
292,0.227922532119103,0.3113170669033326
293,0.22743466429769446,0.3110675470108149
294,0.2269570163425927,0.3108325443195604
295,0.22634414403424358,0.3105859733486964
296,0.22588888297298276,0.31025351116950545
297,0.22562766305201248,0.31017100747159443
298,0.2252514372011524,0.30999228839056675
299,0.22475999147291956,0.30964242243040224
300,0.2244448767697912,0.3095235900842285
301,0.22407473976577455,0.30909947661215986
302,0.2238322002866412,0.30902015868061206
303,0.22353073017662917,0.3088217100889885
304,0.223150597276087,0.3086343856600766
305,0.22270195654782818,0.3083212126158693
306,0.22236286629724952,0.30817397128843116
307,0.22180993992558684,0.30814452041194174
308,0.2214544651637176,0.30790707196456957
309,0.22105651491661357,0.30760434833289113
310,0.22058501421964904,0.3072934275399069
311,0.22023824659442826,0.3071225903342883
312,0.2199180934135068,0.30694333910610727
313,0.21964765352485846,0.30687686793312635
314,0.21936485219792157,0.30669444184012384
315,0.2189967406907625,0.306408105186014
316,0.21858180795620683,0.3060571506268279
317,0.21813845157675096,0.3058709981933105
318,0.21785044076667254,0.30582861349068485
319,0.2173193762837908,0.3058173440307799
320,0.21682926265165295,0.30552430158542215
321,0.21642757812063926,0.305217287717198
322,0.21602238648551877,0.3051022789196132
323,0.2157221614550369,0.3050231842306464
324,0.21536604349455407,0.3049564718351431
325,0.21473678571375807,0.30452871074757776
326,0.21418692016160484,0.3044701503808996
327,0.213665649764793,0.3040994698896176
328,0.21313347201956276,0.3037936205954858
329,0.2125666441818177,0.3035585768405279
330,0.21199019339471234,0.30318627725754543
331,0.2116818484043791,0.30308355435643763
332,0.2113120492861352,0.30283918481480526
333,0.2109665614281054,0.3028420172601501
334,0.21056225550549926,0.3027783189962791
335,0.2101125902613532,0.3026338956879883
336,0.20971674769783777,0.3024654324146768
337,0.2093806429552194,0.3023572077400587
338,0.2089620941367832,0.30225832677697645
339,0.2085952378692892,0.30209076252358164
340,0.2081078699268891,0.30202065378563175
341,0.2077290320286524,0.3017822030038725
342,0.20734490048180065,0.3013513031099883
343,0.20705906570472077,0.30124841027131233
344,0.20676516480642126,0.301074743394321
345,0.20640176453615852,0.30097643432932564
346,0.20600138342011232,0.3008407718916859
347,0.20572005022203385,0.30072456000750236
348,0.20533782163246825,0.30055953453787004
349,0.20495050330004563,0.30032891813669366
350,0.20443121089547067,0.30005598917882836
351,0.20393989002783067,0.29987571204807967
352,0.20359032341263594,0.29963355478488446
353,0.2032619279358089,0.2995462630654011
354,0.2029377138526587,0.2995158848574297
355,0.2026267880890708,0.29919156826186455
356,0.20222593925528826,0.29892600398110386
357,0.20195739547649655,0.2988160541899709
358,0.20161644832365472,0.2986495463521729
359,0.20122907181305805,0.29834212569594243
360,0.20088752394674847,0.29809390612075176
361,0.2005943941594887,0.2980847737564501
362,0.20020306135359195,0.29791925217453125
363,0.19990177327771178,0.297929158055289
364,0.19950563406933913,0.29782689358896114
365,0.1990801505374426,0.297632774330355
366,0.19870040812355014,0.29736021411266433
367,0.19846263415565674,0.2972811379375695
368,0.19789928210626798,0.2970544628054905
369,0.19758599782966194,0.29678547972613656
370,0.19726834932042908,0.2965227676906409
371,0.1969922641932831,0.2963579650025358
372,0.19655973660829704,0.2962161022863162
373,0.1962662759566088,0.29601840170829763
374,0.19594267357408127,0.2958970630818411
375,0.1954993103878993,0.2957364896099521
376,0.19528738780514698,0.295695879044572
377,0.19486886777329718,0.29542446663187416
378,0.1944702166443224,0.2952644241831073
379,0.19414386206875672,0.2950883757177133
380,0.19369173308393633,0.2950652808394843
381,0.19336218826763235,0.29492492832844724
382,0.1928494273617157,0.29472923208605734
383,0.19252985677012802,0.2945140949268918
384,0.19213973917298321,0.2944292381975283
385,0.1917648806803526,0.2943683788727913
386,0.1914305240119365,0.2942268258334346
387,0.19095905525607537,0.2940381089625546
388,0.19055265018372788,0.2937825279471967
389,0.19024038215188405,0.2937393015544403
390,0.18996707557973241,0.29354179049305373
391,0.1895716755838497,0.2935545185920739
392,0.18911958289170105,0.29351016510504224
393,0.18881180872093042,0.29350059799993744
394,0.1884677393862856,0.2933343394279437
395,0.1881187984625977,0.29337048528962184
396,0.18770118339506664,0.2932332132265437
397,0.18725516398346895,0.29324654626325775
398,0.18698465234759815,0.29314372088557644
399,0.18664564599052003,0.2930095541881313
400,0.18627141267042732,0.29290729604881544
401,0.18588987588956452,0.2928626785165717
402,0.18570218299732244,0.29275372545500494
403,0.18539802177441692,0.29265439184328035
404,0.18507703791758928,0.2924340706244443
405,0.18472644780409345,0.2921127458435445
406,0.18438983526749678,0.2921176926177491
407,0.18410569173613434,0.29204674305787515
408,0.1836037440667207,0.29176003368447606
409,0.18321177593832694,0.29162111964405113
410,0.1829256878572331,0.2914554501604054
411,0.1826003921161093,0.29122177393785964
412,0.182305989952109,0.291199440581382
413,0.1818942068316281,0.2909784165683374
414,0.1816340262537,0.29086255247413945
415,0.18133905408883141,0.2907852657443779
416,0.1809549806267208,0.2906288481073448
417,0.18064040630252864,0.2904065311230579
418,0.18033639742984262,0.290239796518981
419,0.17990097467911756,0.289959826431662
420,0.17963038936261064,0.2897745169915965
421,0.17929832526115616,0.2896164503268691
422,0.17894579923168466,0.2896171188482758
423,0.17857420949118735,0.28948657376621295
424,0.1782097291781377,0.2893807429033558
425,0.1778901149977858,0.28927527038207074
426,0.17755645154141628,0.289047954109441
427,0.17721847842648897,0.28907650466154705
428,0.17683337556962817,0.28883705795406134
429,0.17656251159548642,0.28892845379838816
430,0.17628729832225679,0.2889317964836775
431,0.17589474470533387,0.28877047674444556
432,0.17563536246349978,0.2885926237061984
433,0.17531042894788376,0.2886766647066904
434,0.17500659062910795,0.28863202317291
435,0.17473605614750357,0.2885100081337348
436,0.17436742513765022,0.2884754369315501
437,0.1740621767830828,0.2884209886587108
438,0.17375046652164713,0.2883280549709238
439,0.17346069326072466,0.2882067637050481
440,0.17320404893149505,0.2881274635041279
441,0.17281465078069225,0.28773548167453006
442,0.17246893806758132,0.2877508021354508
443,0.17217492967333367,0.2875254212542748
444,0.17186943301295032,0.28739251544129224
445,0.17157614555997117,0.2873950359223764
446,0.17124302904550584,0.2871612560201121
447,0.17103127796625658,0.28709929274201684
448,0.1707950727826783,0.28701093569402386
449,0.1704977291476824,0.28684977585579147
450,0.17021370429507712,0.2868286399587207
451,0.16975315902886304,0.2864428101917035
452,0.1694251230425498,0.28617576835181224
453,0.16915848916051907,0.28597409358946774
454,0.1687201763736142,0.28604773039107906
455,0.1685207394079606,0.2860274976629899
456,0.16825863706497954,0.2860551824163996
457,0.1679428780540687,0.28599418486825773
458,0.16766070819095374,0.2859990239694635
459,0.16734167817797463,0.28585472233868287
460,0.1670651294661976,0.2858814287324055
461,0.16679948888282445,0.28576162822289397
462,0.1664436164277143,0.28553255606969624
463,0.16618372670157186,0.2854077759487992
464,0.16591652280387154,0.2852725628789453
465,0.16563411501171735,0.28510289251034737
466,0.16531172914553996,0.2849805899029858
467,0.1650479580929051,0.2848495937312413
468,0.16467892616360025,0.2844468876119914
469,0.16431315656569154,0.2843068552158145
470,0.16397686742397863,0.28413446162819295
471,0.16369725921477354,0.2839476062972785
472,0.16348862592736826,0.2838489605587331
473,0.16319647271982607,0.2837874039824218
474,0.16294008030791807,0.2837692397118912
475,0.1626380184678736,0.2836508758656905
476,0.16232351645335152,0.28359942362840873
477,0.1621154951995971,0.28356845146901055
478,0.1619293766509282,0.2834343535867317
479,0.16168210308176428,0.2833776444075834
480,0.16146368641237008,0.2833149742902326
481,0.16109666726541544,0.28327621713651846
482,0.16081600293224788,0.2832324429734274
483,0.16059809982191992,0.28319018824814324
484,0.16042830212990403,0.2830885940460839
485,0.16015693996502176,0.28274669972203936
486,0.15999539979199986,0.28261434066538277
487,0.15972014510208984,0.28258833810023976
488,0.15953325120459752,0.2825465262746258
489,0.15931377118360412,0.2824165176874413
490,0.15903603377596362,0.2824837531664985
491,0.15873219708440053,0.2822382193061223
492,0.15844781108724143,0.28215650609531395
493,0.15827122400786522,0.28217460143534207
494,0.15793597333083267,0.28215820862182467
495,0.15766360223763246,0.2821476262673372
496,0.1573785512636665,0.2821225509511831
497,0.15714791304169828,0.2820365123832858
498,0.1569214177264494,0.2820511429331389
499,0.15662681010811003,0.2818593315083233
500,0.15632615833530983,0.2818027914087148
501,0.1560071287008323,0.28177890684275847
502,0.15576392232627972,0.2817063501140924
503,0.15555401920794937,0.2816703498413422
504,0.1553313745690363,0.28175158925657084
505,0.1550953536467159,0.2818406362149073
506,0.15486454733802124,0.28178081174744546
507,0.15457321889374728,0.2816549923772532
508,0.15427342186646542,0.28138613554436914
509,0.15402047761915072,0.2812318192838946
510,0.1538899962024577,0.28121677243110293
511,0.15355472289153443,0.28096544870205126
512,0.15333095099476332,0.2809102428852716
513,0.15311879846992432,0.28094577022580214
514,0.15286091183732453,0.2809810474889789
515,0.1526736300091738,0.28110028299085404
516,0.15246214797275812,0.28102004344757553
517,0.152264432723976,0.28098723451284824
518,0.15201337594628658,0.28087769257791867
519,0.15184325731315712,0.28078914453968845
520,0.15154806113872896,0.28059904899008176
521,0.1513113811064483,0.2805542174416595
522,0.1511028357782626,0.2805512766839692
523,0.15086708252827227,0.2805250607012734
524,0.15054609135870073,0.280383627912884
525,0.15027178293878043,0.28038569282238573
526,0.15003952016276434,0.28042340776659946
527,0.14979716011921793,0.280250329727313
528,0.1495527773290717,0.28017512582045667
529,0.14925666443905525,0.2800264555245911
530,0.14900202814860558,0.2799886868308507
531,0.1488107833960437,0.27996047432706156
532,0.1485924944281578,0.27988941190247124
533,0.14833958269549505,0.27990522151138436
534,0.14819875212725292,0.2799109969534856
535,0.14783183008761716,0.27972910867396905
536,0.1476596712544357,0.279716952244064
537,0.14737259416010945,0.27973604745736497
538,0.147037869304981,0.2797962631046227
539,0.14677875512030955,0.27954724990292296
540,0.14655595576575178,0.27942982412509404
541,0.14633347038924324,0.27941566761018266
542,0.1461004105102625,0.27926243933082595
543,0.14591117137277543,0.2793152165109639
544,0.14568328151494628,0.27933557168990664
545,0.1453974238782566,0.279191502118097
546,0.1450709845997469,0.2792223850660574
547,0.14485851882582035,0.27918222212990856
548,0.14460554455323937,0.27906781429883243
549,0.14447763147767376,0.279010634593032
550,0.14423951790243691,0.27888585534988336
551,0.14403981042538797,0.2787574428750293
552,0.14375137254088813,0.278707734126945
553,0.14357034286642772,0.27866921853315496
554,0.14330738665120224,0.27857136706232605
555,0.14304193028884607,0.27855581985038474
556,0.14283153887996314,0.27839094923252095
557,0.14251623700666818,0.27843602055590916
558,0.14231872495688425,0.2784103585388473
559,0.14216228408000295,0.2783872348683899
560,0.1419450691270938,0.2783519529691743
561,0.14171572073069286,0.2782193899438545
562,0.14149177207273617,0.2780923345286728
563,0.14124964149763633,0.2780529545895221
564,0.14105770271525864,0.27797207604033675
565,0.14079936133822052,0.2778913553759381
566,0.14062859577841194,0.2779388763321387
567,0.1403517571907201,0.2778443479527935
568,0.1401487381405886,0.27778337226307137
569,0.13994403098260524,0.27775990573335535
570,0.13975391976825796,0.27762958660215886
571,0.1396237605026809,0.2776390515006976
572,0.13940644686056894,0.2775898728102837
573,0.13907388092264042,0.2776499745998526
574,0.13892482599668596,0.27761882918455943
575,0.13874985907261028,0.2775653597693889
576,0.138529505336443,0.27750815807416734
577,0.13830250807556083,0.27754209165370486
578,0.13807675528550728,0.2775046466343596
579,0.13774543492017563,0.2771818856269863
580,0.13749127289794177,0.2770340304081155
581,0.13732338668734598,0.27696534781446075
582,0.13711141531318907,0.27699895127842933
583,0.13694421019703926,0.2770865019002175
584,0.13675124028816482,0.27715118045842724
585,0.1365172165645569,0.2769528512034644
586,0.13635680841308376,0.2768989164747202
587,0.13622495052151462,0.27676912059931286
588,0.13606329668273487,0.2768098074583163
589,0.13590538327038465,0.27677750758016806
590,0.13569102081629072,0.2767399197522496
591,0.13546916605733098,0.2767391636383747
592,0.13529956398792203,0.2766712534456951
593,0.13506864295517995,0.27674908032308104
594,0.13480966873531725,0.2768577944427246
595,0.13463352089282934,0.2768451369523007
596,0.13446091737821125,0.2768015679832108
597,0.13435033171802854,0.27679587424746854
598,0.1340721915169592,0.2767627158604676
599,0.1339193211763409,0.2767963182951767
600,0.1337594931183403,0.2767105800423134
601,0.13346673015654012,0.2766331467741667
602,0.1332904813995736,0.2765173444180115
603,0.13311264608892548,0.2764089638409056
604,0.13302126441309092,0.27638918883098124
605,0.13286729587039878,0.2763376227500768
606,0.13269390485004082,0.2762772270799848
607,0.1324878807112793,0.2762022494168048
608,0.13228079247993085,0.2760875329033304
609,0.1320248089748316,0.2760874676352064
610,0.13188450269193855,0.27601898255950863
611,0.1317682942726608,0.2760089991945625
612,0.13160706226680885,0.2759325144286524
613,0.13139422386856936,0.275910929338609
614,0.1312315664257598,0.2758787755128238
615,0.13111517379702856,0.275891250228503
616,0.13090671351591604,0.27599268535663124
617,0.13069830490967713,0.27593334686362486
618,0.13050626855327854,0.2759726514658109
619,0.13033219292178946,0.27597072576605003
620,0.13013970585568152,0.2759270936914283
621,0.12993780887186868,0.2758769679343557
622,0.12978712015588467,0.2758849005365592
623,0.12955592180039574,0.27590397691187585
624,0.1292919157188999,0.2757897006081514
625,0.12904413660786082,0.2758895606591108
626,0.1288116754839571,0.27591881701097287
627,0.1286542842436146,0.27588121194081694
628,0.12848088468802177,0.27581042745035206
629,0.12827217409321087,0.27569560443930663
630,0.12809948384278919,0.27564735890250713
631,0.12792716409316318,0.27565295724499655
632,0.12779219140284095,0.2756135597336399
633,0.12763982938442064,0.2755188705662264
634,0.1275059409644931,0.275428527455664
635,0.12734956252299617,0.2753982456178998
636,0.12725609580763952,0.27537186379532397
637,0.12711128990968626,0.2753450573186283
638,0.1268522423977203,0.2752399203940217
639,0.12670385991210437,0.2752619821781731
640,0.1265610355226106,0.27527760982043226
641,0.1263769480245068,0.27523525447388847
642,0.126221579163508,0.2752776873559275
643,0.1260086665998914,0.2752349176953809
644,0.12586187208887734,0.27535400766525653
645,0.12566755303332727,0.27528307215461245
646,0.12549061464667988,0.2752125131577241
647,0.12538025082813575,0.2752177449493027
648,0.12517024470973775,0.27530357604217703
649,0.1250391708493144,0.2751942448690488
650,0.1249078914018032,0.27520442885165
651,0.12473885598771695,0.2751001521476074
652,0.12456287821116047,0.2749960730987552
653,0.12446806791671192,0.2748857107899081
654,0.12432949731798497,0.27476014033957064
655,0.12409345380987798,0.27477496868201823
656,0.12390963971080142,0.2747562497961823
657,0.12378631499074427,0.27471673383409506
658,0.12363870417954077,0.27484013850171546
659,0.12345240429378648,0.2748415122875291
660,0.12331299048526755,0.2748532912285519
661,0.12313426358647032,0.2747041984819001
662,0.12297575802826499,0.27466467321950244
663,0.12273348921871538,0.27456575278105977
664,0.12256443131273798,0.2746216526176781
665,0.12236609172352585,0.2746038244091605
666,0.12210022228410797,0.2744329185093531
667,0.12195347974538019,0.2743698979489753
668,0.12179273454348,0.2743369726533957
669,0.1215697093509454,0.27426846601410476
670,0.12139948272325056,0.27424867812282433
671,0.12121085621516477,0.2740900796002875
672,0.12101097712822874,0.2739540526785141
673,0.12085598138599722,0.27384805968832826
674,0.12072662332980737,0.2738231146598653
675,0.12054125078277801,0.27382797292967287
676,0.12035159731058527,0.2737948852392232
677,0.1201939787331766,0.2737544547139162
678,0.12001286847792104,0.2737541047429584
679,0.11983049676693681,0.27373766064462784
680,0.11970917114061504,0.27368674263100784
681,0.11951400377577888,0.2736322583093364
682,0.11938914591467333,0.27366938586246314
683,0.11929428090369373,0.273600525716098
684,0.11909602112098622,0.27345327309045847
685,0.11890521979360463,0.27348934692057625
686,0.1187999590899243,0.27343132439422174
687,0.11865798632380964,0.2732961612351685
688,0.11850070813867333,0.2733402071181133
689,0.11835785004395186,0.2733335555706865
690,0.11820243540545358,0.2732875143429885
691,0.11802126873707339,0.2731612305233906
692,0.11787692603599886,0.27312236747105595
693,0.11768926879026131,0.2730100712474921
694,0.11753803113605416,0.27290837765468545
695,0.11744361582274825,0.2729639177826123
696,0.11730986290551428,0.27289010628248495
697,0.11717315334045017,0.27276090573844314
698,0.11698309156830003,0.2726851354277266
699,0.11685004837483516,0.27270495653069804
700,0.11666534768812023,0.2726207088754139
701,0.11653686282350995,0.2726193911137894
702,0.11635947047735315,0.2725800413429888
703,0.11618263754315594,0.27257801645158775
704,0.11604715260645355,0.2725414319145706
705,0.11593856361121317,0.27237735561878446
706,0.11584865375899976,0.2723697865243979
707,0.11565169728765098,0.2723276889535551
708,0.11547521198076352,0.27229353453190025
709,0.11536604628246254,0.2723168347158824
710,0.11522001672794231,0.27231917320524035
711,0.11504148399521628,0.2723364530072571
712,0.11486186545877827,0.2723356946919203
713,0.11474159857115276,0.27231474169634384
714,0.11459373916689651,0.2722622790677884
715,0.11445605782558389,0.2723414994004421
716,0.11436051402545343,0.2722187391027515
717,0.11426321699242158,0.2722227839357732
718,0.11409844198711226,0.2719884249010029
719,0.11398839246946972,0.27196466435575783
720,0.11384257170743362,0.2720047100662884
721,0.11369302335489187,0.27194495237871713
722,0.113508215836435,0.27174169753546074
723,0.11335425865370434,0.27187886278219076
724,0.11317232985078164,0.2718164623456943
725,0.113000956904453,0.2717201874161262
726,0.1128764874721605,0.27170968982576654
727,0.1127744749292957,0.27164154272745233
728,0.11265738330539089,0.2716372063264395
729,0.1124515853760251,0.27154286535303357
730,0.1122312160435003,0.27148374329141756
731,0.112122199182434,0.27148546196556783
732,0.11204581882694548,0.2714627436676659
733,0.1118509780508259,0.27137391632336527
734,0.11167606442097343,0.271341436338672
735,0.11155806532347501,0.2713004871943228
736,0.1114335712410837,0.2713169403028746
737,0.11130116421101198,0.2713266937123807
738,0.1111918901939057,0.2712678955941184
739,0.1110901349467677,0.2712356071645267
740,0.11096706954188329,0.27127933137243876
741,0.11083618223506181,0.27125164118505546
742,0.11069857610677752,0.27116125132332547
743,0.11050502552070614,0.2711015452571136
744,0.11041525208100081,0.271153606399288
745,0.11027837545512212,0.2711119252250065
746,0.110164980614303,0.271008592229782
747,0.11005782400844616,0.27093105165820414
748,0.10990836076727051,0.2708821546696697
749,0.10978034054034841,0.27093486893641294
750,0.10963700723521891,0.270968093420939
751,0.10953139572565983,0.2709140602177837
752,0.10939770772533275,0.27080005588617684
753,0.10928641943303119,0.27067021418147796
754,0.10918448285990875,0.27061431731318375
755,0.1090850059330641,0.27054491188278074
756,0.10895384642149146,0.27048447074980453
757,0.10887988904217706,0.27046226375693583
758,0.10874880626816177,0.27040062927636704
759,0.10859866077110435,0.27030275585582436
760,0.10838848640455379,0.27025509546315807
761,0.10824960814976266,0.27035271123858146
762,0.10814992778941245,0.2703316625415871
763,0.1080309260564412,0.27030655516206775
764,0.10791628434837812,0.270257270985196
765,0.10783415882327153,0.2701929882869544
766,0.1076553936729493,0.2700092864776732
767,0.10755310522131982,0.2699800338399505
768,0.10735478430018773,0.2698820204102291
769,0.10721997408737964,0.2698742191868675
770,0.10704025077472365,0.26979925459279147
771,0.10692175540324696,0.26972424472936696
772,0.10681517328488818,0.26981841102024956
773,0.10672118644240937,0.26974875476404014
774,0.10658092561601364,0.26972220445383605
775,0.1064620620610624,0.26967055321442507
776,0.10636745678986646,0.2696881756875663
777,0.10627023896018817,0.2696781362554223
778,0.10614580686868111,0.2697031102812765
779,0.10598935062347407,0.26972465747697255
780,0.10584148606884441,0.2696801157452231
781,0.10569570019659878,0.2695326308139394
782,0.1054372043490617,0.2695196249392326
783,0.10529674940978678,0.26941218492989283
784,0.10514886949469456,0.2693893691959361
785,0.10504811645980609,0.26933528811061724
786,0.10493658831366644,0.2693968980786307
787,0.10481049354332225,0.2693015376206836
788,0.10471095263482487,0.2693055242167018
789,0.10463183300362898,0.26922569588131684
790,0.10449882929759373,0.26918364556812147
791,0.10435683438649226,0.26915995492775074
792,0.10429236385763165,0.26907599519294295
793,0.10417296464719399,0.26904456497968876
794,0.10397982420892389,0.2689884173203498
795,0.10386921415026368,0.2690875329922528
796,0.1037107324271632,0.26908918275512195
797,0.10362144822760332,0.2691158030440306
798,0.10348563321417663,0.26909383195867737
799,0.10340315842622189,0.2691046071250873
800,0.10331848694919533,0.26907555962149454
801,0.10320841963258383,0.2690501597000668
802,0.10306487395584228,0.26892378776737375
803,0.10295155744001487,0.2687998207132527
804,0.10287847969822561,0.2687460070306528
805,0.10279311441478967,0.26875543387984896
806,0.10269847665484398,0.26876976028228977
807,0.10255914637210693,0.2687724344372854
808,0.10243882079751432,0.2687787974966947
809,0.1022985813626291,0.2687702092599489
810,0.1021923489456056,0.2687782889950016
811,0.10207481478459565,0.2688751660060888
812,0.10196702113513367,0.2689386198283232
813,0.10180672355503147,0.2689539998524492
814,0.10169435802524295,0.26886741613537773
815,0.10159763684096187,0.2689102439542943
816,0.10145637766081818,0.26884146232300143
817,0.10131426564914316,0.26871990579784105
818,0.10119803950351508,0.26868937142397814
819,0.10105156386883983,0.26873229325212633
820,0.10091049286858568,0.2687490148337139
821,0.1007556527296115,0.26877215786306624
822,0.10062824408073918,0.2686612782940427
823,0.1005006554310571,0.26866727728512835
824,0.10035364768903324,0.2687315547029369
825,0.10024833262451446,0.2687100214156977
826,0.10013912762241192,0.2686410909390871
827,0.10003361286031628,0.2686134522899012
828,0.09993687517911395,0.2685487262569549
829,0.0998113368896188,0.2685818001802008
830,0.09965203958326456,0.26858239051722005
831,0.09958898531921025,0.2685941806589928
832,0.0994777673874388,0.26857341242079824
833,0.09935742571047082,0.26858065192423186
834,0.09924076747233411,0.26854552817103927
835,0.09917806638559677,0.26854806985866453
836,0.09902054593725598,0.2685947127659926
837,0.09890477087368126,0.2686008711983818
838,0.09880033973165028,0.26866722205271587
839,0.09870819661970733,0.2687362135154662
840,0.0985950015097679,0.26877792386997795
841,0.0984995289073634,0.26885757819412115
842,0.09841232313116564,0.26888000241135857
843,0.09829583003569366,0.26896842665795784
844,0.09819123032913334,0.268992672805951
845,0.09799438664471805,0.2689744774605207
846,0.09787103829908629,0.26895855722367906
847,0.09773785034751949,0.2689545828487368
848,0.09759200655242142,0.26884345883785193
849,0.09752066089208083,0.268879180956351
850,0.09739341241311489,0.26880322875819723
851,0.09722833275315793,0.26868637245244686
852,0.09712211006287017,0.2685444787356054
853,0.09705682121159896,0.2685485637180196
854,0.09690301423244362,0.2684873210280821
855,0.09683243194162505,0.2684828731313801
856,0.09674693933087497,0.2683806737371118
857,0.09667496582868305,0.2683424187937672
858,0.09658427530335809,0.2683809695992614
859,0.09645654501771332,0.26825235814533394
860,0.09636404491805589,0.2682439001537558
861,0.09620587373032577,0.26838934304602463
862,0.09605285177029982,0.26838219899916643
863,0.09599327973545944,0.2683431268441189
864,0.09586410906035402,0.2683371909509118
865,0.09576275773570293,0.2682719954994262
866,0.09561923201475038,0.26828624510585686
867,0.09552540042261154,0.268396856949245
868,0.09539406268129151,0.268332107150532
869,0.09523922187071049,0.26831392331955045
870,0.09508801396702134,0.26824682215331974
871,0.09497772811130077,0.26819090143430235
872,0.09487287604708158,0.26820435168417134
873,0.09475844222492591,0.2682265309991734
874,0.09464325808055249,0.26822955419218847
875,0.09453855546134442,0.2682239813001364
876,0.09443499128650369,0.2681813012288112
877,0.09435139008251216,0.2682485729858594
878,0.09427057217639138,0.2683117449614406
879,0.09417794514211555,0.2682070114280436
880,0.09412355260261611,0.2681889255223691
881,0.09406893590600712,0.26824103145972733
882,0.0939395454508001,0.26833609439611783
883,0.09384210525542638,0.26834190991012524
884,0.09368703855783939,0.2682822538813397
885,0.09362293243720879,0.26835099785277766
886,0.0935594965672564,0.2683226558447513
887,0.09348750208845158,0.26825762417686655
888,0.09335963557993977,0.2681082088293133
889,0.09322976391334184,0.2682186126894971
890,0.09314298397751106,0.26826840307496763
891,0.09295710321698039,0.26821662408890296
892,0.09286605379966728,0.2681260075145221
893,0.09278181967653218,0.26813545666978794
894,0.09268909936106128,0.2680790037380481
895,0.09259617124108988,0.2680348070150701
896,0.0924767838008859,0.26806049558787776
897,0.09237891202965977,0.26808480583012134
898,0.09228305970111629,0.26810409833984794
899,0.09218464761108404,0.26799313924817986
900,0.09211773381676956,0.2680049482397162
901,0.09205172537438162,0.26797754120453793
902,0.09194154327266753,0.2678939183520347
903,0.09181814564025177,0.2679477202406421
904,0.09175035072643674,0.26788099741720955
905,0.09162639996704332,0.26788998434566447
906,0.09158601537337589,0.2678885266588928
907,0.09145886950871993,0.2678510311840881
908,0.0914086591556894,0.26780881698727127
909,0.09133839070323327,0.2678127118502371
910,0.0912868576940692,0.2678133388481397
911,0.0911650657256025,0.267896641601295
912,0.09106965975751274,0.2678618945607668
913,0.09096845664289326,0.2678214518078268
914,0.09079380086288948,0.2677471030284194
915,0.09072508098780073,0.26768667643143135
916,0.09063700314214337,0.26764963501635186
917,0.09054797406345125,0.26767621537393443
918,0.09041954346208365,0.26785232572078443
919,0.09029514895280745,0.26788827240338814
920,0.09021638688657489,0.2678531218984192
921,0.09009177800844259,0.2677868472707555
922,0.08996545275067806,0.26776046282762855
923,0.08984819912613697,0.26794394953412926
924,0.08979495507874277,0.26791360197692143
925,0.08975398748870712,0.26792159035807683
926,0.0896594896052252,0.2678016165016551
927,0.08960529139738596,0.2678092831469348
928,0.08945179456599317,0.2677220033897891
929,0.08938805266117632,0.26773361072256685
930,0.0892732639512339,0.26774134663924976
931,0.0891713980883212,0.2677880932376266
932,0.08906593889429118,0.26778127913987254
933,0.08901758164885265,0.26769258123449763
934,0.088910005224426,0.2677049304136535
935,0.08881615412099829,0.2676630197277793
936,0.08872432358653604,0.2676119661074987
937,0.0886059208403739,0.267674765786182
938,0.08851657250236053,0.26763558839157936
939,0.08844304953750129,0.2676226419018608
940,0.0883308180270433,0.26737194630932154
941,0.08823577373080198,0.26741791093162354
942,0.08813714447632702,0.26748725465851775
943,0.0880667372602763,0.26744767383923235
944,0.08796639701382514,0.26741527003471505
945,0.0878713127597519,0.26732567724551576
946,0.08778729160860466,0.2672851077501011
947,0.0877323121952713,0.2673137146678003
948,0.08761365850173217,0.2673319220194741
949,0.08746839394348414,0.2673230087395964
950,0.08737331427918686,0.26740140599272505
951,0.0872938614310884,0.26737864808901596
952,0.08723878080308851,0.26739319421385277
953,0.0871706065340909,0.26741127725915526
954,0.08705435719767501,0.2673938806364515
955,0.08694835383928841,0.2674514092706226
956,0.08684442314750168,0.26756454525339796
957,0.0867048319792715,0.267533213262332
958,0.08662151821283288,0.26751894132249077
959,0.08654732863377823,0.2675128478756296
960,0.08645457866584763,0.267513811943903
961,0.08635353559763653,0.26758125472979843
962,0.0862677964720221,0.26756757393985503
963,0.0861919089219308,0.2676359981298244
964,0.08608235855572256,0.26783780041118394
965,0.08601306906136029,0.26784057625256436
966,0.08591847815801791,0.26784212245663297
967,0.0858404207109724,0.26780780167767615
968,0.0857340703612674,0.2677404258424656
969,0.08564096854998274,0.26766090439701873
970,0.08557663789388557,0.2676663017093833
971,0.08549590012498491,0.2677234264987284
972,0.08538154580452054,0.2677253950972922
973,0.08529168861470182,0.2678192883265537
974,0.08520708855464482,0.26783170905528964
975,0.08513618688702006,0.2678102135430332
976,0.0850330736110672,0.26786940641044116
977,0.08491803342182774,0.2679294802564261
978,0.08482950196680314,0.2678979001554397
979,0.08475769512995482,0.26778716335650593
980,0.0846476733817751,0.26775060492109537
981,0.08460867473856078,0.26780220953308204
982,0.08447678862192774,0.2677195647922162
983,0.08443774297363503,0.26767449892216066
984,0.08435630763418138,0.2677105589994729
985,0.08426612029594481,0.26771826292202255
986,0.08418830738270848,0.26774542168434756
987,0.08412574785191455,0.2678035317737613
988,0.08409627240918056,0.2677998162455745
989,0.08401084117783797,0.2677986653117085
990,0.08391421644453274,0.2678434424862366
991,0.08381849663761803,0.26789572269852086
992,0.08372425529407396,0.26783454130254875
993,0.08365543171123266,0.26782322482735954
994,0.08354745654522011,0.26788742573907015
995,0.08349012106338802,0.2679110277494216
996,0.08340051352444908,0.2679036310503891
