0,0.6785378045806495,0.6794964715387848
1,0.6659420667970584,0.667882543946966
2,0.6540210021746227,0.656909258058503
3,0.6440420444487697,0.6474076228562304
4,0.6329056033913184,0.6367063936234054
5,0.6206540225815146,0.6261137433569758
6,0.6109863251136851,0.6172910641862263
7,0.6015297466408446,0.6084345101225653
8,0.5929918375845905,0.6001446336298235
9,0.5837836808066881,0.5917236634810195
10,0.5755162376060301,0.5840361861695387
11,0.568265051748636,0.5775605008582309
12,0.5610686745082945,0.5715890164749013
13,0.5533104634496631,0.564027601343381
14,0.5463553821297535,0.5576719520418961
15,0.539533287801102,0.5512713528646944
16,0.5347595048921707,0.5466110797898228
17,0.5275389542643593,0.5406091258229652
18,0.5213316341458286,0.5346335816255113
19,0.5160595872486854,0.5295380445072689
20,0.5098933622089308,0.5241982680489229
21,0.5035026309831817,0.5187641622711643
22,0.49851478083808043,0.5148698757981158
23,0.49406422851900916,0.5110150171259354
24,0.4895274649046478,0.5073376117954502
25,0.4851700949230767,0.5036501796388622
26,0.4806310464097277,0.49959359849621005
27,0.4764385352825627,0.4955112123282981
28,0.4727573081506876,0.4922891797298048
29,0.4689164641538743,0.4886350348039225
30,0.46400929632570537,0.484760042361208
31,0.45986301824357984,0.4811236901821777
32,0.4563601309397039,0.47823589361274693
33,0.45294684659377915,0.47529069170036664
34,0.4490469947831045,0.47213011451029124
35,0.4461145183348555,0.4697527320811989
36,0.4430104735540284,0.4670913514648131
37,0.43951559393510115,0.46428946704667373
38,0.4366314761545986,0.46192200328649125
39,0.4329155741538367,0.45927747831983406
40,0.4302333936572578,0.45733077246101766
41,0.42753895080012605,0.45523138071008085
42,0.4251416927721117,0.4530917823703187
43,0.42253751949175195,0.4514258024633126
44,0.41996091491743265,0.44929545024681117
45,0.41756915671670886,0.4476145086565313
46,0.4155557034127849,0.4458841417994853
47,0.41379589012236345,0.4445416460151549
48,0.41167661779670467,0.4431474322427644
49,0.40957391262424475,0.441929599084505
50,0.40726379256095135,0.44015630396480054
51,0.40497953313913243,0.43831216381305527
52,0.4022471260160082,0.4362409797582795
53,0.3997024687135193,0.43423813383380433
54,0.39805672258353275,0.4330063015789115
55,0.39592427490794807,0.43112080979755174
56,0.39449768225371706,0.4301310482553667
57,0.39260296750400214,0.428443813305491
58,0.39129613217420606,0.42753011698085425
59,0.3895341602209812,0.42599863549193995
60,0.3871602022177178,0.42425428870722354
61,0.38548454616023614,0.42299853865949094
62,0.3838852345425407,0.42186860457107045
63,0.38231233751800475,0.4206034958068067
64,0.38107923190529186,0.4196949774126883
65,0.37932224477346876,0.4186004621705973
66,0.37741859869993083,0.4171411201123039
67,0.3757775622471586,0.4161108770222374
68,0.37460672211522705,0.415308215136316
69,0.3726834171658152,0.41401653856178644
70,0.3712555667381296,0.4129329294056925
71,0.3695633769375768,0.4119532831705162
72,0.3677108115894729,0.4108582002332274
73,0.3660732520175744,0.40943333955483513
74,0.36453334793267134,0.4083827375086863
75,0.3630725276738087,0.40714860762679156
76,0.3619526235850656,0.4061819196321566
77,0.36061152250780965,0.4052181471284086
78,0.35941192972873204,0.40432423316144434
79,0.3581631226103863,0.40349051381043854
80,0.35703324684366744,0.4028765064778291
81,0.3552891649740607,0.401629285167453
82,0.3537522588569975,0.40043242040968086
83,0.3523073586738669,0.3994083295551687
84,0.3512134878332573,0.39871619944293274
85,0.3498330430650581,0.3981684083860958
86,0.3487848381502385,0.3976778623327258
87,0.3476119530050725,0.3968833639756167
88,0.34648674307055705,0.3960773330764949
89,0.34543490442968877,0.39544587906441964
90,0.34414145734178714,0.3945165813553504
91,0.3427543316229804,0.3936011826518186
92,0.34161561780808314,0.39274610277802263
93,0.34062930299762406,0.3918986676661028
94,0.3395443519821142,0.391404928023089
95,0.33827779584348955,0.3906903274787108
96,0.33724057366911936,0.3901644015051666
97,0.33608318250307173,0.3895083927868898
98,0.3350630759219689,0.38847072578733177
99,0.3337804173275011,0.38793970756649426
100,0.33288801552300895,0.38739831627751564
101,0.3315949977195408,0.3865726462407761
102,0.3305728383064418,0.3860115801039445
103,0.3295054443852168,0.3853299200521605
104,0.3284972686684099,0.3845448817431977
105,0.3279259700872983,0.38441343087096486
106,0.3270833687859106,0.38394611230297854
107,0.3260486744989939,0.3832992195679177
108,0.32518021430823,0.3828823299780275
109,0.32447425190748813,0.38246320765550224
110,0.3235843062386017,0.38152800592530794
111,0.32265993062455806,0.3811618728765066
112,0.3218081737418669,0.3805180524757975
113,0.32007432411518943,0.37937051249831955
114,0.3190734860269195,0.37886356841175406
115,0.31823567856821966,0.3786650718625908
116,0.3174666676116191,0.37834002110719034
117,0.31652902514075476,0.3776754828883411
118,0.3155140657443206,0.37714484387726577
119,0.31461985420915783,0.37649348915684877
120,0.31339953717298535,0.375497665366757
121,0.31259483710182995,0.3750777588198479
122,0.3118293905852264,0.37476680570514337
123,0.310734457762596,0.37414410863698344
124,0.30976088855462763,0.3737052905672129
125,0.3089176092319041,0.3732151954300896
126,0.3080557222564355,0.3724458249732143
127,0.3073121628154884,0.3720984648934837
128,0.3063818391429611,0.3715793098308066
129,0.3056503207086758,0.37112482439416067
130,0.30495404483399396,0.3705563427468209
131,0.30406524134077817,0.37001856058466476
132,0.3033835527822209,0.3697875375421107
133,0.3027636737717435,0.3692219012222628
134,0.3019506097018445,0.368925995066283
135,0.30108773663523464,0.3688771379360357
136,0.30025571902003395,0.36840342899215006
137,0.29971213016759857,0.3680153190937499
138,0.29899360911528894,0.36757393942727545
139,0.2979948219357774,0.3672339166954073
140,0.29743678287700326,0.3670418296329223
141,0.2959640697301589,0.3662896262977997
142,0.2954106205925882,0.36593006304615033
143,0.29437506598239355,0.36550693516999355
144,0.29358419723233364,0.3649429091338062
145,0.29307947702093456,0.36473148143435846
146,0.29223540541490434,0.36418233447246956
147,0.291722536510722,0.3639253419314082
148,0.2907788445976493,0.36369882039968554
149,0.2900890620198237,0.36348780104504347
150,0.2891573963743716,0.36298955968395935
151,0.28858934600773006,0.3625951983361181
152,0.2880959334242779,0.362383521964305
153,0.2872065807065272,0.36154114041270957
154,0.2864864273179486,0.3612469831411636
155,0.2859348743314005,0.3609787489830111
156,0.28508598286022996,0.3605826905814168
157,0.2844169339993499,0.360181047529194
158,0.283781063756118,0.3598723771073712
159,0.2831330024092642,0.3594339229743592
160,0.28246573872377656,0.35898725738002085
161,0.281862325727688,0.3587889018347803
162,0.2811919569114405,0.3583989613528642
163,0.2806953690022874,0.35810969097881895
164,0.28003010615199503,0.3577987536268539
165,0.2792803157062663,0.3575069993982598
166,0.278623204335093,0.3571081713910713
167,0.27803414972530927,0.35684156459462646
168,0.277241207204106,0.3562056650710413
169,0.2764021668195547,0.3557225738448771
170,0.27555450555080513,0.35514897209275154
171,0.2748853930093853,0.35497652036495553
172,0.27433248501995344,0.3546690002369255
173,0.2734710722384632,0.35450329994240165
174,0.27281982411158895,0.3540232100304652
175,0.2723187967461423,0.3536675728780935
176,0.2717287484986598,0.35343345321453284
177,0.27115840181941453,0.3531343350800158
178,0.270627007212167,0.35301975051407514
179,0.2698387943887225,0.35290343318367606
180,0.26900609588953117,0.35252158922426685
181,0.2683625964700865,0.3521549017258639
182,0.2679103267882579,0.35184257438300826
183,0.26741140932843793,0.35153156386981366
184,0.26695274429727434,0.35131922156558787
185,0.26644327156088443,0.35110301951260836
186,0.26587341157643174,0.3509597839035972
187,0.26539025016116063,0.35059673232104155
188,0.26470648188551926,0.3500275074429776
189,0.2640312934927559,0.3498685586965228
190,0.263418472097941,0.3494782444821195
191,0.26284265641316396,0.3493350368654385
192,0.26245903206176485,0.3491576154041244
193,0.2620546390069591,0.34914464014915614
194,0.26116975791232444,0.3487827003389303
195,0.26051575621034506,0.34847427350506976
196,0.2601546446244904,0.34839780283285743
197,0.25948171678542914,0.34817741306635924
198,0.25898083236678116,0.34804794637310554
199,0.25844442059184414,0.3478277535195468
200,0.25817393492014584,0.34771808907084345
201,0.257654338230492,0.3473775814786786
202,0.256909723017806,0.3469870404671181
203,0.25633149225979873,0.3468371559153487
204,0.25576434329684955,0.3466121925379191
205,0.25504015778245276,0.3463275982973815
206,0.2545871024251517,0.34611494302451745
207,0.25414673561012446,0.3457830305846544
208,0.2532332291831694,0.34520365237595163
209,0.2530104700334394,0.3451304487342857
210,0.252526472139246,0.3449078576811469
211,0.25204219913324294,0.3446668265121609
212,0.2513922026382284,0.34432251670251474
213,0.2507588234578583,0.3438876099592042
214,0.2502854390766889,0.34349146355004634
215,0.24984176268397296,0.34313822718504594
216,0.24942045471683488,0.3430075427222172
217,0.24883940007962213,0.34269962003172216
218,0.248423797611507,0.3424666523685352
219,0.24803601511642392,0.342297678730006
220,0.24761472171094331,0.3418146606964775
221,0.24691762196361233,0.3414619109332477
222,0.24639472035958954,0.34130313204989665
223,0.245768034536052,0.340996642042152
224,0.24536207151329337,0.34073610284765443
225,0.24486362734850683,0.34046400371698277
226,0.24440386497559222,0.340248615209158
227,0.24399625674178738,0.3398211745100233
228,0.24360668583353784,0.33961656840015214
229,0.24312702845018852,0.3395282314628075
230,0.24251962545912262,0.33924578337066214
231,0.24189693473051907,0.33886446472181325
232,0.2414857277876543,0.33865884635693577
233,0.24078899781817031,0.33863239334749223
234,0.24029655564370095,0.3384040547006602
235,0.2398313189682562,0.3380623383889421
236,0.23934901130311922,0.33800230335979453
237,0.23885440058878554,0.3376193990690199
238,0.2385806479531303,0.3374439818530217
239,0.2382156003302651,0.3373263745075085
240,0.23773523176984868,0.3370777941199443
241,0.23746425500091028,0.33698727143496193
242,0.23707449874859873,0.33675576008506913
243,0.23662056792125027,0.33646315866086784
244,0.2362734841024177,0.3362381108875146
245,0.23593321626694647,0.3360148201113703
246,0.2355451542631565,0.3359133686132796
247,0.2351952496826323,0.33573689246282196
248,0.2348980314507877,0.33564169580313796
249,0.23458832492744297,0.33573108773240845
250,0.23426057691939095,0.3356835795792273
251,0.23373683420365374,0.33529488874451996
252,0.23344119363086288,0.33494668195768623
253,0.23289073827654042,0.3347090952353816
254,0.23252977761628463,0.33451763763382625
255,0.23216737751754868,0.3342264224893816
256,0.2316678117980118,0.33402939138215726
257,0.23124503775476402,0.33385373310600397
258,0.23092447400559318,0.33397974957680593
259,0.23048867675357135,0.333855758809778
260,0.22989005845031757,0.33368191473973646
261,0.22923163019133644,0.3334854317606707
262,0.2288006713892779,0.3334229877214121
263,0.22858900928174647,0.3333483911908988
264,0.22786605618348305,0.33316435534647376
265,0.22751217352669026,0.33312399834121226
266,0.227052327648808,0.3329234481588115
267,0.22662460706852375,0.33269844815195987
268,0.22621161138038942,0.3325609874192301
269,0.22565659053803142,0.3325185016435558
270,0.22525236429519413,0.3324283321910635
271,0.22478099634881527,0.33218054173402106
272,0.22440382252119598,0.33204733984027424
273,0.223841780081099,0.3319348339520423
274,0.22346806616564233,0.33172030115249795
275,0.22306241174900326,0.3315471982502093
276,0.22271191221362371,0.33152742231089016
277,0.22232811550811205,0.33118606831712444
278,0.22198060635308015,0.3311509196078201
279,0.221591120695421,0.3309479451994885
280,0.22121467410145282,0.3307646277201586
281,0.22083122620041298,0.3307767796144816
282,0.2205609968706858,0.3305551357748209
283,0.2200957690130874,0.3304071841494044
284,0.2197953922364621,0.33023492453355374
285,0.2193795033909338,0.33020249505522553
286,0.2190218556923031,0.3302050184800429
287,0.21858602389508244,0.3300900980237827
288,0.21797884448526483,0.329879106021123
289,0.21748881003520373,0.3297091508306191
290,0.21715108914749925,0.3295274318252458
291,0.21686336312369936,0.32934151617107477
292,0.21645150409221856,0.3290659520526068
293,0.21610293501670289,0.3290403075352868
294,0.21578142599755196,0.32893307758933465
295,0.21519577610513427,0.32888664724154704
296,0.21483109001211798,0.3286240327388715
297,0.21444691240931818,0.3284863378589466
298,0.2140930313936143,0.3283237006832979
299,0.21366278018024412,0.3282567325525788
300,0.2132424562336909,0.3280426685459659
301,0.21298744502010877,0.3280128370000253
302,0.2126463142762283,0.32795474866323626
303,0.21219143810674368,0.32803319767728367
304,0.21182932356950188,0.3279791777272331
305,0.21153104595464395,0.3277668177575588
306,0.21106206085639287,0.3276592086838604
307,0.21068796202048257,0.3275383138889818
308,0.21021102205647824,0.32724696814396553
309,0.20987708912572614,0.3270567720051766
310,0.2093479905507835,0.32678296497848436
311,0.2091282245159327,0.3266761069913836
312,0.20884206752298132,0.3264238345531658
313,0.20845900473573648,0.3262190434367091
314,0.2081918699261211,0.3260819610799722
315,0.20767458705895292,0.3256505593125823
316,0.20711566061188513,0.32524455090357074
317,0.20672917689897743,0.32519217185445604
318,0.20631725987341318,0.3251025825944737
319,0.20594235746731585,0.32500104965133086
320,0.2055464238076403,0.3249431689499859
321,0.20504340519173464,0.3248413037869991
322,0.20473301713083145,0.3247576400929651
323,0.20441932247006658,0.32461597710357
324,0.20402978476842756,0.3243730168376207
325,0.20375210318926223,0.324241226169133
326,0.20332199565350254,0.32393245085993805
327,0.2030595158008701,0.323936848735592
328,0.2026794101105809,0.3237747131828892
329,0.2021974929986993,0.3235652536534635
330,0.20181929859972664,0.32335048389982324
331,0.20148301002554928,0.3233865455402648
332,0.20117733490831183,0.3230852948839096
333,0.2008467786002979,0.3229526614788488
334,0.20042940323720476,0.32264234352705823
335,0.20009443942232644,0.32238367521349803
336,0.19961663094393842,0.3222778840634539
337,0.19924069557876423,0.322349268066186
338,0.1989315149864829,0.32229609426789624
339,0.19850422875636087,0.32207797515045206
340,0.19800504024397478,0.3218031098175271
341,0.1976125102692779,0.32162603782083604
342,0.1970484888785629,0.3214029986388965
343,0.19664393966591534,0.3212244090755151
344,0.19624840414143685,0.32107967142506033
345,0.19601822786286624,0.32095679754324097
346,0.19553537833034207,0.3206001082919452
347,0.1951864004692029,0.32041401875270675
348,0.19468678668814823,0.3202528330701495
349,0.19440653471695687,0.3201311973835276
350,0.19392143822845645,0.3199835072614848
351,0.19334224424007396,0.31999500475550674
352,0.19291142238660636,0.31980346366145473
353,0.19259950904550757,0.31964104720722997
354,0.19224760657246218,0.31943202464833065
355,0.1919205199176853,0.3193075471502453
356,0.19163825198626855,0.3191888116296873
357,0.1911923001257382,0.31894871268094066
358,0.19084471150278037,0.3188764065714161
359,0.19027945297988288,0.31878545430143873
360,0.1898914872804439,0.31849798802456053
361,0.1896293916470557,0.3183650712487011
362,0.18936977351765671,0.3185394705863172
363,0.18903638488724772,0.31853352450315736
364,0.18870661420475202,0.3184777805293421
365,0.1883372567364632,0.3182433530364903
366,0.18799876643893793,0.3180300638172565
367,0.18750976526063015,0.31803713493748825
368,0.1872166355372008,0.3180467284760069
369,0.18667109485559288,0.317825131506161
370,0.18633183101592213,0.31763408756829475
371,0.18588514278011697,0.317315958716485
372,0.1854499072633889,0.31716733227785227
373,0.18515182109348438,0.317225625330228
374,0.18477389968696706,0.31697558342807686
375,0.18425025227279587,0.31670758438836183
376,0.18388435199370168,0.31644507171961295
377,0.18356718670466726,0.3163754247827389
378,0.18322605043344398,0.3161790591998038
379,0.18292691929879645,0.3161237171023513
380,0.18240194841442287,0.3156994892998886
381,0.1820222513811713,0.31561065430760554
382,0.18159863448243654,0.31553551000954566
383,0.1812289215065585,0.3154744749299522
384,0.18073175882035786,0.31533037023472044
385,0.18036457947389434,0.3152083473635542
386,0.18004051916373406,0.31507477292551683
387,0.1798013043008247,0.31506619584359186
388,0.179410333186203,0.314843512557601
389,0.1790318890031393,0.314715979388463
390,0.17855034376856985,0.3147400467234545
391,0.17828995616459464,0.3145852230437586
392,0.17800388946761067,0.3146021348818428
393,0.17767584229016278,0.3144368061663626
394,0.1772682371632334,0.314419228497616
395,0.17703813076045188,0.3144555676184251
396,0.17666176367002517,0.3145438068532463
397,0.1762859590817821,0.31439667600514376
398,0.1758745876475077,0.3145476897636313
399,0.1755499347909334,0.31441586097118535
400,0.1751847593957914,0.31436080680399975
401,0.17474972645918416,0.3143932176411378
402,0.17431780137121677,0.3142160723304192
403,0.1741072118068625,0.31415480986964256
404,0.17384763914783702,0.31404653128965837
405,0.1735189047625632,0.3139704928391168
406,0.17316144236220316,0.3138229359386037
407,0.17289015086405193,0.3137856420241751
408,0.1724552986211381,0.31362610548003195
409,0.17200841739688644,0.3135091396246999
410,0.1717667312691784,0.3134416568513651
411,0.17140799842549148,0.31318259630204115
412,0.17103035485375184,0.3130190634697249
413,0.17078450201659737,0.31293734571029413
414,0.1703999907671961,0.31276222812199167
415,0.17000124319880897,0.31277946133784634
416,0.1696083290034802,0.3128750164197122
417,0.16936480159808143,0.31276797785462324
418,0.16906327614526032,0.3126570970722445
419,0.1688175867333627,0.31276641105743574
420,0.1684348634776049,0.3126976765517288
421,0.16825301692663128,0.31268319854737
422,0.1676350499928619,0.3122859146526353
423,0.1673125409039428,0.3121116907180764
424,0.1671130366476314,0.3120810274748841
425,0.1667695817643296,0.3120965165374056
426,0.16635660464852967,0.31187896038157453
427,0.16613597321865914,0.31177865947024025
428,0.16575478594208995,0.3116953478271786
429,0.16534786342025942,0.31139433621823254
430,0.16499803648571948,0.3111837589642217
431,0.16460734354954204,0.31116166566231657
432,0.1642183641548566,0.3110527581504757
433,0.16392110615528366,0.3109402818629738
434,0.16349429092507578,0.3107211437338425
435,0.16322620953325676,0.31045796573105816
436,0.16293123162688972,0.31031421304890333
437,0.16253857527909696,0.31009899895019166
438,0.16215904564801387,0.31004499726626567
439,0.16184143610354138,0.30991709686337293
440,0.161581503846693,0.30984100326626984
441,0.16118190409016647,0.3096267736230925
442,0.16076886383684777,0.3093207876803877
443,0.16052739189298018,0.3092138215111947
444,0.16023353494700068,0.30928900582929464
445,0.1597686983156521,0.3091216791380671
446,0.15956063609203008,0.30908061340592013
447,0.15924019653415794,0.3090323581530875
448,0.1589001756534258,0.3088781431720368
449,0.15857244146049304,0.30887011458800995
450,0.15821987457355097,0.30863267398793265
451,0.15794752747271887,0.3085635239447383
452,0.1575577823888776,0.30859653572040807
453,0.15724646339300757,0.3085838487864925
454,0.15697835190099094,0.3084378393932095
455,0.15672689221793823,0.3083470489013862
456,0.15648353146123167,0.30821038239701365
457,0.15606827960611647,0.3080644902351561
458,0.15580005231927427,0.3080658247282831
459,0.15553138184083404,0.308093842268436
460,0.15529557454175663,0.30809451629842605
461,0.15499452118321733,0.3081727224561269
462,0.15475538143574052,0.30809403423848924
463,0.1543467145552847,0.30810034622015886
464,0.15410705284440535,0.30805601747731987
465,0.15384445819186904,0.30802820986559865
466,0.15350999545212535,0.3080920539850861
467,0.15322685478102976,0.3080930660578104
468,0.15292869155256572,0.3081734740714859
469,0.15258825852031266,0.3081319480935554
470,0.15237302774841419,0.3081812176666912
471,0.15203145093779233,0.30813804504909464
472,0.15175923975408892,0.30798712954002283
473,0.15150489840218956,0.3078660769809996
474,0.151337719240499,0.3077751989190404
475,0.15106376052191395,0.30766396857399847
476,0.1507732485748711,0.307490970779935
477,0.15034581726703258,0.3075253212141431
478,0.15009294390800515,0.3074354404850139
479,0.14991016092663711,0.30737542203922585
480,0.1496675292602138,0.30721977170516557
481,0.14945869510917043,0.30721861224601593
482,0.1491909106092045,0.3070341704091675
483,0.1489443929205913,0.30698993338949704
484,0.14873014008133736,0.30682635583944734
485,0.14847535673905415,0.30671821009241546
486,0.14822826409855358,0.30677072969348734
487,0.14786147391495277,0.30676303380278697
488,0.14761462838367934,0.3066620577898794
489,0.1472861997358573,0.3065781310909032
490,0.147011051213483,0.30640209124000306
491,0.1466899060447399,0.30637071366022395
492,0.14642936759055963,0.30624191427243735
493,0.14615853701035675,0.30621385483062297
494,0.14592070074260294,0.306182766959273
495,0.14566269898077144,0.30621105659633846
496,0.1453082512838427,0.30605174333871754
497,0.14509357937255715,0.3060978173222254
498,0.14485795974642637,0.30599091633063585
499,0.14468430736647267,0.3058480788354255
500,0.14441600955073608,0.3058107840823503
501,0.14416816668746368,0.30571453122125714
502,0.14395378985996574,0.3057475711946833
503,0.1436485628501924,0.3054752058915077
504,0.1432834511998831,0.30546267477059746
505,0.14300454769080942,0.3053048921345592
506,0.14275510500684502,0.30532993393493474
507,0.14249896496878478,0.30536352251062454
508,0.142172457858909,0.3055859017674899
509,0.1419387902455788,0.3055645208260734
510,0.14166575853084035,0.30553446873474527
511,0.14144827614334624,0.30550969957817437
512,0.14115649745051445,0.30542206507886005
513,0.14094782130608183,0.305436623054014
514,0.14072757534939923,0.30530356098230726
515,0.1404449341715544,0.3053242979135489
516,0.14020253834597948,0.3054429246067267
517,0.13996190484266277,0.30541663043917777
518,0.1397150605324927,0.305313144686648
519,0.1393302086984028,0.3051311296723756
520,0.13917403433102812,0.30514323066090987
521,0.13896313137974964,0.3050039059011138
522,0.13873122615297054,0.30489845785410596
523,0.1385188761909835,0.30488336896329876
524,0.1381805305211241,0.3048437407337441
525,0.13794929764957634,0.3048267734286065
526,0.13777677982727352,0.30470493624641576
527,0.1375088417319327,0.304517643758595
528,0.13726517335801525,0.3044011291988714
529,0.1370819883080172,0.30428283446596
530,0.13690700744347417,0.30415955488694263
531,0.13669492310014336,0.30413510468182553
532,0.13653994157359,0.30415719176907213
533,0.13630193887361233,0.3040874106234008
534,0.1360560780312928,0.3041493186805409
535,0.13586105645324564,0.30420136430140676
536,0.13565294394930555,0.30428949099609925
537,0.13550654795739606,0.3043492252842543
538,0.13523775435195967,0.3042085776622087
539,0.13505873630789572,0.3041944152032054
540,0.13473753018713128,0.3040591074716473
541,0.1345674120822215,0.3040175288646871
542,0.1343219153456314,0.3039005462821383
543,0.13421328127271326,0.30396552857480713
544,0.133967704563567,0.30402640288628996
545,0.1337954522817513,0.3040954342094468
546,0.13359352583835757,0.30396933650175806
547,0.13339215965198248,0.30398909747170955
548,0.13316947918848732,0.3038746389673251
549,0.1329680301507124,0.30385720406099487
550,0.1328038725671725,0.30386968636407524
551,0.13264749128753534,0.30393113769160923
552,0.13243296216578512,0.30388306699321305
553,0.13227734977884997,0.3038180310915871
554,0.13209739451344962,0.30373393386363895
555,0.13197504009367855,0.303754517517977
556,0.13184755404720552,0.3037215705325225
557,0.1316967913494724,0.3037403741155465
558,0.13141955362796148,0.3038006474110576
559,0.1311179398218374,0.3039430929546976
560,0.13093837979752668,0.3039528641519988
561,0.13069576372838596,0.30388579170123825
562,0.13051096787100355,0.30382799669052235
563,0.13030441532659418,0.3035998548402868
564,0.13006271174913428,0.3034340959852413
565,0.1298853489578414,0.3035193361509513
566,0.12975438384916,0.3034865949454099
567,0.12953995989678602,0.303373536749994
568,0.12934426975170318,0.30327618868937173
569,0.1292105607146331,0.303220228923067
570,0.12901406876903804,0.30311683074125445
571,0.12876744567931644,0.30304303561101514
572,0.12858421494756453,0.30298683544661953
573,0.1284666380289732,0.3030080662605747
574,0.1281537267596625,0.3030615405539441
575,0.1278516450262718,0.30295847608826443
576,0.12763401474604794,0.3028284045739701
577,0.12744679311551718,0.30284878301334434
578,0.12717553683463415,0.3028236272715654
579,0.1270210099045066,0.3028494803088709
580,0.12687042503781212,0.3029157694299405
581,0.1267182872028661,0.3029364832459293
582,0.12650717146646556,0.3027763091966022
583,0.1263829523825619,0.30267153784252065
584,0.12614781581335324,0.30262038554489107
585,0.1259655077292542,0.30254247040552085
586,0.12577677494077313,0.30261825507891243
587,0.1256258171338515,0.3026142861216992
588,0.1253469090544285,0.3026255738350232
589,0.12513297835981502,0.30254387889122836
590,0.12504990513362257,0.30251932656739405
591,0.12493189355635542,0.30249009408752914
592,0.1247510506362389,0.3023739348698488
593,0.12464420688307357,0.3023966293845688
594,0.12447938224130065,0.3022784579356003
595,0.12431245508943949,0.30221910847472816
596,0.1241178311678614,0.3021528842953823
597,0.12392861419247507,0.3020774038586267
598,0.12380337609042445,0.3020346336122827
599,0.1236692102797568,0.3019687738177455
600,0.12351464783587349,0.30191646345485595
601,0.12333068995604021,0.30202112184121666
602,0.12314023673839669,0.3020923741695132
603,0.1230158216248516,0.3020860943557303
604,0.12277212293334315,0.3020229128867507
605,0.12259327829705595,0.30193135488779405
606,0.12238090017244778,0.3018874558104878
607,0.12216843666681321,0.301943711329459
608,0.12187296118488272,0.30174847455466747
609,0.12170492152831218,0.30172501932976736
610,0.12155873240194873,0.3017229346165708
611,0.12145323226534095,0.30182603543442876
612,0.12132038072589715,0.30182754371472265
613,0.12113508614492914,0.30182105206114274
614,0.12086150761132193,0.3018287874316696
615,0.12068622215041118,0.3017270488120175
616,0.12047237721471861,0.30168544192829827
617,0.12030701821534412,0.30172330666952063
618,0.1201783418081847,0.3017636458352462
619,0.11991674662087791,0.3017008706943763
620,0.1197526160172465,0.30157083441227833
621,0.11957424897853186,0.3014972828676625
622,0.119342142312716,0.3014988669148556
623,0.11922765894429187,0.3014539488214407
624,0.11899474896222301,0.3013907082315038
625,0.11880852438478011,0.30132219209216243
626,0.11864945796779272,0.30141041742829605
627,0.11843574663977084,0.30136998189280306
628,0.11818356328415595,0.3013964773486392
629,0.11799241719535719,0.3014981258366878
630,0.1177291776559394,0.3012613686973889
631,0.11756209767929357,0.30119735073352055
632,0.11741407986786767,0.3011127561807202
633,0.11728199088989001,0.30113865472753215
634,0.11704243086500457,0.3012829688638677
635,0.11689945042914097,0.3012942367003159
636,0.11668263104526168,0.30140059414664583
637,0.11650598550186224,0.30137163269819417
638,0.11636673618521544,0.3013715940773399
639,0.11624276111152662,0.30129182459841963
640,0.1160776144509239,0.30135489585470837
641,0.1159095358721466,0.3012328451539828
642,0.11577486287897741,0.30122475177025354
643,0.11566785270746438,0.3012519253689662
644,0.11551359106527759,0.3011269088260843
645,0.11533866626279198,0.30120320376482346
646,0.11523606882483574,0.30119150201058886
647,0.11508626799946288,0.30130059139661786
648,0.11496932453332274,0.30139328156006395
649,0.1147797200750159,0.3014066765770402
650,0.11456884413232335,0.3014440100829526
651,0.11438495436137963,0.3015353433841968
652,0.11426565025500382,0.30148644251646095
653,0.11408402278060975,0.3014905892936239
654,0.11393793941567265,0.30146431510082283
655,0.11372941872324709,0.3014285215591263
656,0.11362774167251492,0.3013787277690151
657,0.11348264519405522,0.30142735569512724
658,0.11328155171243612,0.30143309022967096
659,0.11308216869827385,0.3013212122359156
660,0.112987252058212,0.3012965148391705
661,0.11287287371577698,0.3012297803270009
662,0.11272486001077363,0.30110985907024385
663,0.11252870941074412,0.30103943246564535
664,0.11242165944513802,0.3011394181693796
665,0.11223872724447796,0.30115812663226144
666,0.11216971679350816,0.30118419344259867
667,0.11201927025932176,0.30108048774695445
668,0.11192238969653882,0.3010425135158521
669,0.1117753115227538,0.30094134162521036
670,0.11158958113925063,0.30088823991249025
671,0.11137065293671165,0.30091392348042173
672,0.11129935729442947,0.3008634548065927
673,0.11116596435892588,0.300872062428523
674,0.11091729566947028,0.3008762146324391
675,0.11077510982960914,0.300996192381922
676,0.11063670556504776,0.3009740479228273
677,0.11049457307028909,0.3009586591376903
678,0.11043273236880993,0.30093859754062424
679,0.11013487043002121,0.3010314195932045
680,0.10996876785317485,0.3010678731089393
681,0.10986153521837062,0.3010287881855093
682,0.10977416216766521,0.30102819336397624
683,0.10958506417261155,0.3009721867934497
684,0.10950707256708869,0.30091565748225735
685,0.10939310313423765,0.3009815393845255
686,0.10925515536991322,0.30096654575852033
687,0.10909257391766028,0.30100922495415644
688,0.10890175989959208,0.30088880393750056
689,0.10879206166794393,0.3009261043016904
690,0.10863206615550793,0.30090818757709364
691,0.10848457575342052,0.30082574657870237
692,0.1083971639229704,0.30082444080469267
693,0.1082133374930627,0.3006969021982457
694,0.10809283186631846,0.3007050282667583
695,0.10800073099853844,0.3007259966421949
696,0.10783570092555338,0.30072826410270764
697,0.10766234455354047,0.30066182996260477
698,0.10751278191085174,0.3008118065619504
699,0.10731208190619798,0.30087945693650103
700,0.1071599614386719,0.300731870786405
701,0.10706870603047428,0.30078325354817503
702,0.10692312354363015,0.300741745620478
703,0.1067747949230107,0.30070504839373763
704,0.10665470524292105,0.30076722335765993
705,0.10651876582635272,0.30070252571710276
706,0.10634618816119745,0.3007315080783532
707,0.10620183828267168,0.3007714964821967
708,0.1060472476171935,0.30073076781829056
709,0.10590588009419248,0.3008126559307532
710,0.10577680887379214,0.3007664899354549
711,0.10561661450930082,0.30076110430301434
712,0.10544494151428938,0.3007461557111641
713,0.10523366747664065,0.30072383688316323
714,0.10506985927412764,0.30075118418472613
715,0.10495670192033378,0.30072110722397993
716,0.10482414964926925,0.3007719466507149
717,0.10467843256607699,0.3007727080161574
718,0.1045529960284876,0.3007579816372144
719,0.10439718415766866,0.3007266666762246
720,0.1042152071614045,0.300687244952195
721,0.1040877590274153,0.3006723411746471
722,0.10398719986997358,0.30060892874839423
723,0.10390931500206596,0.3005697127579587
724,0.10378630354173476,0.30061834186138037
725,0.10364227308511276,0.3005648227747149
726,0.10352878645432478,0.30054009216884375
727,0.10331840263755943,0.30053516519046397
728,0.1032317260103099,0.30051335636179766
729,0.10310685790997523,0.30049388070300176
730,0.10294180563372346,0.3004509328117264
731,0.10282460091668424,0.3004225407984667
732,0.1027003481576179,0.30043824885157144
733,0.10258995278419056,0.30060249925755816
734,0.102449555146578,0.300527178102784
735,0.10227464616755665,0.3003844790015443
736,0.10218724081265458,0.30034122106492783
737,0.10202659730137371,0.3003165863007049
738,0.10190252292191743,0.30033962315514023
739,0.10177309006898448,0.30030062762839516
740,0.10162123144024472,0.3002430560376978
741,0.10150045280531882,0.30032258916761106
742,0.10139189300046152,0.30037268496537545
743,0.10125561871017538,0.3003302344032776
744,0.10113505076229394,0.30027732820712677
745,0.10102962580864945,0.30025387556351285
746,0.10094068976970695,0.30029042404348616
747,0.10078487419533706,0.3002108339811494
748,0.10062966987477703,0.300287775116643
749,0.1004448501168405,0.30027580120661285
750,0.10033919429556849,0.30026884257585823
751,0.10016057089591865,0.3003370279216539
752,0.09994174204956391,0.30039086663114983
753,0.09979038578759937,0.30033835650693697
754,0.09963754224511169,0.30042369266396685
755,0.09955230719512335,0.30042625972323045
756,0.09944487288561868,0.30052706603460605
757,0.0993131642380874,0.30068404777805174
758,0.0992240224120089,0.30070263371800215
759,0.09911166394819966,0.3007681161868412
760,0.09899658426621141,0.30082204879759655
761,0.09889054281240676,0.30093185486902657
762,0.09878631994897892,0.30103009528966995
763,0.09867983125682124,0.3010622317675257
764,0.09852101093216868,0.3011025323269399
765,0.09842218606456882,0.3011281430919335
766,0.09831103745793361,0.30110163787060173
767,0.09818282427979938,0.30107134176668676
768,0.09806062515037792,0.3010942682379978
769,0.0979890068030891,0.3011040116767274
770,0.0979114728788969,0.30112938520648813
771,0.09781057058979471,0.30106729969470186
772,0.09771248302254794,0.3010835979215708
773,0.09759279634102325,0.30114861006411875
774,0.09749095093251674,0.30125138874832347
775,0.09736410492967776,0.3011660163044845
776,0.09720667871721284,0.30128063568085717
777,0.09711963872776556,0.3012916760419907
778,0.09697277186591542,0.3012622402587639
779,0.0968874552198585,0.3013467378439224
780,0.09671703951610454,0.30125197910014173
781,0.09660966707329234,0.3011444719503224
782,0.09649364072468704,0.3010742844073119
783,0.09632618472475937,0.30111231361592616
784,0.09619480457854405,0.3012378559824031
785,0.09607449318332029,0.301228391742404
786,0.09594511925903115,0.301292607789357
787,0.09584375278391027,0.3012058157139533
788,0.09573559670172296,0.3012161409207634
789,0.09558171154466336,0.3012145002511274
790,0.09542612281729942,0.3012676346667773
791,0.0953306832873691,0.3012325080595631
792,0.09520864355217583,0.30114625732174094
793,0.09506969916885652,0.30104718959026494
794,0.0948962754636322,0.3010554724569236
795,0.09480909201604928,0.30110784463733264
796,0.09470842406593091,0.30098421229219263
797,0.09464620986339588,0.3010043260062803
