0,0.6190531244747413,0.6226746379900436
1,0.5914325361760595,0.6000591351617905
2,0.5694771492099825,0.5803851725898075
3,0.5492458771721631,0.5642942468750851
4,0.5313249191295569,0.5490301774219006
5,0.5148382331456057,0.53519225172141
6,0.4998978580761112,0.5221717466881537
7,0.48522554891875047,0.510690567189327
8,0.4721687935176024,0.5005435177633202
9,0.460897335483072,0.4909573514639635
10,0.4499338700657173,0.48386571993717103
11,0.43962618170269435,0.4762277758491558
12,0.4296922378241068,0.469738622098744
13,0.41985188997687395,0.46430856286507316
14,0.4115284567911691,0.45997830126192335
15,0.40259656463252086,0.4551752366318276
16,0.3943145820875379,0.4495246738430066
17,0.3854706330296791,0.4442941572999885
18,0.3779820477168181,0.4388348912523164
19,0.3702584045791324,0.43389490321008806
20,0.36272694901715924,0.42982855354600524
21,0.3555427444518522,0.42532536027670026
22,0.34846715623425895,0.4209439575168724
23,0.34244619665175424,0.4164067722659405
24,0.33607403577318246,0.41204530221425456
25,0.3302519143155938,0.4082344730517337
26,0.3245224202824038,0.4046131252575713
27,0.31888168284273066,0.4015533240479869
28,0.3135237212637001,0.3985553720099777
29,0.3084897137995639,0.3949297395317913
30,0.30322523337215274,0.3924213010123168
31,0.29777474512233243,0.3893508035866704
32,0.2931512311447039,0.38782839242569844
33,0.2877394445228983,0.3858829135377544
34,0.28365257640355795,0.3843338674022149
35,0.27872396984968884,0.3820086485994979
36,0.2746398714419397,0.3801693924271356
37,0.2705577314539422,0.37766306386842086
38,0.2663256048869732,0.3760778927152527
39,0.26261782053357924,0.3739178144758953
40,0.25914804937584823,0.3718594060020456
41,0.2555384970765432,0.3716635021251654
42,0.25148706410466914,0.37167979762821535
43,0.24805181461694456,0.3702007321090997
44,0.24452984752385168,0.36880493839685036
45,0.2410959604876862,0.36789487967980555
46,0.2374835148032039,0.3678469500669134
47,0.23423640376731286,0.36655561522473823
48,0.23084066224197616,0.3653440107761881
49,0.22754203199536685,0.364761293507022
50,0.22450024581899466,0.36438561221563226
51,0.22172965771696054,0.3624533078482519
52,0.21873737846837515,0.3627655330637008
53,0.21574750234002774,0.3616810699943456
54,0.21288292815803456,0.3611200906635476
55,0.2100982726445834,0.3602698893687789
56,0.20741100290278913,0.36002106838578357
57,0.20472405326658324,0.359322824658008
58,0.20199158201280387,0.35872755017974356
59,0.19943526434295067,0.3576661645783259
60,0.19697835164594446,0.3559839787931209
61,0.19460368115293664,0.3557465507359179
62,0.1920235499155257,0.3544126560921106
63,0.18949926488991095,0.35394938030731055
64,0.18729741303676037,0.3534419073677899
65,0.18512456030431163,0.3529859718971232
66,0.18306627737246534,0.35235776588843043
67,0.1808523097050972,0.3520637594381563
68,0.17868123018743035,0.35165827265211913
69,0.17649008542234795,0.3506958928881755
70,0.17430959862076809,0.35049493466291
71,0.17237572441822688,0.3500755338415803
72,0.1703224824053905,0.34941854924932664
73,0.16855727258137818,0.34960146861695457
74,0.16658969483189467,0.34921037152873
75,0.16452444687974307,0.34947245811012867
76,0.16275666725305082,0.3491624150625174
77,0.1609094652092678,0.3492309144411379
78,0.1589636830454625,0.3483877044479259
79,0.15739956174268643,0.34843753726070176
80,0.1556390046512849,0.34848975656174375
81,0.1537622442554541,0.3476584835637032
82,0.15198889151877237,0.34792399550553765
83,0.15042498576664365,0.3472826904378787
84,0.14885206783689045,0.3475587364685496
85,0.14731461528856335,0.3471942240329536
86,0.1457458241914951,0.34749470963739393
87,0.1441798154818482,0.34782942532176586
88,0.1426836644937169,0.3486369052866333
89,0.14123092497950857,0.34838785320425847
90,0.13969653213441693,0.3489155532978948
91,0.13818666123869147,0.3491769299165139
92,0.1367243071603406,0.3499821742470836
93,0.1353294087207914,0.3501550633586939
94,0.1339919210897255,0.3503439765888955
95,0.13247409740860658,0.3499014356753973
96,0.1310434641543593,0.3503765702359965
97,0.12965110977159755,0.3495751408847785
98,0.12831705448485586,0.34930323407957947
99,0.12705550585761005,0.34948755912429863
100,0.1255374024763554,0.350379543620708
101,0.12415255921917326,0.35123553281740083
102,0.12283033436429067,0.3509913131351275
103,0.12154369924145257,0.3510727251321542
104,0.12043943379054864,0.35124458441435025
105,0.11930942903229572,0.35182274015591397
106,0.11812732911868475,0.3516975371046881
107,0.11704506065928942,0.35193930138574125
108,0.1158908034634355,0.3533003183561088
109,0.11473377261326718,0.35390002844510254
110,0.11332589734135187,0.35413668871707127
111,0.11222661607480336,0.35400401310827445
112,0.11110473155717812,0.35293547482913384
113,0.10990245089874144,0.3534890766308034
114,0.10878146289288956,0.3542717912709013
115,0.1077878312177496,0.3547015737045221
116,0.10677039761773392,0.35503638665366877
117,0.1057314408993994,0.35465415790899424
118,0.10469639498389571,0.3549657893485248
119,0.10366320327494004,0.35537621220760973
120,0.10251782613341771,0.3555853123458686
121,0.10138900641183057,0.3568307970090741
122,0.10047928139354682,0.35765822979765916
123,0.09936224649629584,0.35807603374415137
124,0.09841656861003895,0.3585676123380194
125,0.09748397234924082,0.35870092320312513
126,0.09658974993371881,0.35962170091133777
127,0.0956868306724854,0.3595895480506323
128,0.09468946430271959,0.3594708290181493
129,0.0938474102352228,0.35928406454098455
130,0.09290033252477051,0.3591299523324845
131,0.09205700430430411,0.3589046982786247
132,0.09119582745739978,0.35981665474556473
133,0.09024155017133582,0.36044486056473213
134,0.08934731319690023,0.36087237976435715
135,0.0886087466436664,0.3601420440874359
