0,0.5298916101455688,0.5782127380371094
1,0.49707475304603577,0.5420099496841431
2,0.4792044162750244,0.5254203677177429
3,0.47367313504219055,0.5198076367378235
4,0.4697684347629547,0.5158563256263733
5,0.46749213337898254,0.5138494968414307
6,0.46664586663246155,0.5131987929344177
7,0.4613303542137146,0.5117049217224121
8,0.46027177572250366,0.5102561712265015
9,0.45918533205986023,0.5090384483337402
10,0.45936712622642517,0.5090095400810242
11,0.45956718921661377,0.5095294117927551
12,0.4594842493534088,0.5099603533744812
13,0.4590463638305664,0.5095691084861755
14,0.45809105038642883,0.5087159276008606
15,0.4572296440601349,0.5086705684661865
16,0.45740407705307007,0.5082504749298096
17,0.45669811964035034,0.507458508014679
18,0.45714497566223145,0.5076590776443481
19,0.4566101133823395,0.5083664059638977
20,0.4554503262042999,0.5070863366127014
21,0.4547957181930542,0.5071231722831726
22,0.4550025165081024,0.5058561563491821
23,0.4546026885509491,0.5058053731918335
24,0.45478054881095886,0.5060533881187439
25,0.4545275866985321,0.505890965461731
26,0.45512259006500244,0.5063580870628357
27,0.4555625915527344,0.5069981217384338
28,0.45600003004074097,0.5071031451225281
29,0.455708384513855,0.5062567591667175
30,0.455609530210495,0.5068068504333496
31,0.4548659920692444,0.5060065388679504
32,0.4549141526222229,0.5062692761421204
33,0.45475366711616516,0.5066338181495667
34,0.454234778881073,0.5054128170013428
35,0.4541357755661011,0.5044078826904297
36,0.4536646008491516,0.5043097734451294
37,0.45351749658584595,0.5041661858558655
38,0.4533044099807739,0.5041539669036865
39,0.45324715971946716,0.5039135813713074
40,0.4528883993625641,0.5032600164413452
41,0.45313137769699097,0.5027090311050415
42,0.45298629999160767,0.5025113224983215
43,0.4524991512298584,0.5019271969795227
44,0.452470064163208,0.5018692016601562
45,0.45253002643585205,0.5020190477371216
46,0.45280805230140686,0.5022039413452148
47,0.45256689190864563,0.5020765662193298
48,0.45273298025131226,0.5018775463104248
49,0.45266497135162354,0.5014333724975586
50,0.4528581500053406,0.5015450119972229
51,0.45285138487815857,0.5011792182922363
52,0.45283791422843933,0.5010826587677002
53,0.45274093747138977,0.5012480020523071
54,0.4527657926082611,0.5013411641120911
55,0.4528466463088989,0.5012974143028259
56,0.45289328694343567,0.5011869072914124
57,0.4530511200428009,0.5013684034347534
58,0.45310720801353455,0.50146484375
59,0.45347467064857483,0.5017861127853394
60,0.4536023437976837,0.5019864439964294
61,0.45359623432159424,0.5017972588539124
62,0.4534403681755066,0.501842200756073
63,0.453698992729187,0.5021201372146606
64,0.453745573759079,0.5020362138748169
65,0.4537210464477539,0.5021266341209412
66,0.45378074049949646,0.5024191737174988
67,0.45371726155281067,0.502411961555481
68,0.4538024961948395,0.502595841884613
69,0.45403245091438293,0.502631664276123
70,0.45408564805984497,0.502550482749939
71,0.4541039764881134,0.502596378326416
72,0.45422881841659546,0.5026642680168152
73,0.45433253049850464,0.503020167350769
74,0.4543083906173706,0.5030264258384705
75,0.45434150099754333,0.5028806328773499
76,0.45428285002708435,0.5027668476104736
77,0.454305499792099,0.5030524730682373
78,0.454295814037323,0.5031445622444153
79,0.45423784852027893,0.5030590891838074
80,0.4543071389198303,0.5028250217437744
81,0.4542389512062073,0.5025047659873962
82,0.4540630578994751,0.5025491118431091
83,0.4538847804069519,0.5022956132888794
84,0.45391684770584106,0.5022441744804382
85,0.45385050773620605,0.5020653605461121
86,0.45375847816467285,0.502083957195282
87,0.4536493718624115,0.5016864538192749
88,0.4535007178783417,0.5018060803413391
89,0.4534260630607605,0.5016323328018188
90,0.4534763693809509,0.501464307308197
91,0.45360198616981506,0.5014919638633728
92,0.4536714553833008,0.5015997886657715
93,0.4537380337715149,0.5015829205513
94,0.45382851362228394,0.5017279386520386
95,0.4539036750793457,0.5017334222793579
96,0.45394542813301086,0.501759946346283
97,0.453887939453125,0.5016345977783203
98,0.4538610875606537,0.5017044544219971
99,0.45392340421676636,0.5015102028846741
100,0.45396530628204346,0.501549482345581
101,0.45372653007507324,0.5012041926383972
102,0.4536634385585785,0.5007965564727783
103,0.4535728394985199,0.5005583763122559
104,0.453449547290802,0.5003566741943359
105,0.4535369873046875,0.5003726482391357
106,0.4534370005130768,0.5000167489051819
107,0.45330390334129333,0.500041127204895
108,0.4532991945743561,0.49996477365493774
109,0.45324939489364624,0.49993282556533813
110,0.4532448351383209,0.49992695450782776
111,0.4534008800983429,0.5001460313796997
112,0.45344144105911255,0.4999757707118988
113,0.4534004330635071,0.5000336170196533
114,0.4533786177635193,0.49993160367012024
115,0.4535464346408844,0.5000548958778381
116,0.45348039269447327,0.49980950355529785
117,0.4534836411476135,0.499740332365036
118,0.45346659421920776,0.4997764527797699
119,0.4533436596393585,0.4997439980506897
120,0.45329442620277405,0.4996187090873718
121,0.45336267352104187,0.49969398975372314
122,0.45339536666870117,0.4996841847896576
123,0.4533688426017761,0.4997788071632385
124,0.453299880027771,0.4996882975101471
125,0.45340776443481445,0.4998231530189514
126,0.45337024331092834,0.49989593029022217
127,0.45337438583374023,0.49990686774253845
128,0.4533382058143616,0.49999213218688965
129,0.4532915949821472,0.5000824332237244
130,0.4533039927482605,0.5000755786895752
131,0.453168123960495,0.49989503622055054
132,0.4532070755958557,0.4998561441898346
133,0.4532290995121002,0.499896764755249
134,0.4533344507217407,0.5000696182250977
135,0.4534071981906891,0.5001316666603088
136,0.4532768726348877,0.5000905394554138
137,0.4532807767391205,0.5000540614128113
138,0.45312225818634033,0.5000900626182556
139,0.45316579937934875,0.4998999238014221
140,0.4531936049461365,0.49993741512298584
141,0.45319122076034546,0.4998725652694702
142,0.4530833661556244,0.4998440444469452
143,0.45314908027648926,0.49998509883880615
144,0.45316043496131897,0.5000655651092529
145,0.4532809257507324,0.500290036201477
146,0.45325967669487,0.5001868009567261
147,0.4532773792743683,0.5002096891403198
148,0.4533894658088684,0.5002548694610596
149,0.4533955454826355,0.5004165172576904
150,0.4534337818622589,0.5004836320877075
151,0.4534790515899658,0.5004650950431824
152,0.45351943373680115,0.5003726482391357
153,0.453443318605423,0.5001009106636047
154,0.4535353481769562,0.5001360177993774
155,0.4536145031452179,0.5003275275230408
156,0.4534579813480377,0.5001384019851685
157,0.4534774124622345,0.5000947713851929
158,0.45343735814094543,0.5001299381256104
159,0.4535212814807892,0.5001195073127747
160,0.4533921778202057,0.5001692771911621
161,0.45333924889564514,0.5001552104949951
162,0.4533207416534424,0.5001699328422546
163,0.45331481099128723,0.5001553893089294
164,0.45324182510375977,0.5000896453857422
165,0.4532131552696228,0.5001048445701599
166,0.4532630741596222,0.5000937581062317
167,0.4533027708530426,0.5001913905143738
168,0.4532712996006012,0.500242292881012
169,0.4532712399959564,0.5002688765525818
