0,0.36498159170150757,0.42266231775283813
1,0.35208985209465027,0.40939077734947205
2,0.3479471504688263,0.40452805161476135
3,0.3461092412471771,0.40106916427612305
4,0.34545549750328064,0.40237167477607727
5,0.3449285328388214,0.40093162655830383
6,0.34493088722229004,0.4017225205898285
7,0.3445334732532501,0.4034073054790497
8,0.34438467025756836,0.4046317934989929
9,0.34355825185775757,0.4039968252182007
10,0.3428858518600464,0.40398216247558594
11,0.342709481716156,0.4031420052051544
12,0.3427427411079407,0.40343737602233887
13,0.3423459231853485,0.4020443558692932
14,0.3419764041900635,0.40268629789352417
15,0.34205254912376404,0.4017331004142761
16,0.3420044481754303,0.40133845806121826
17,0.3418537974357605,0.40138909220695496
18,0.34169548749923706,0.40190353989601135
19,0.3418327867984772,0.40164339542388916
20,0.34150320291519165,0.4015578627586365
21,0.34139278531074524,0.401684433221817
22,0.3412933647632599,0.4011346101760864
23,0.3413463234901428,0.40154245495796204
24,0.3412802815437317,0.4008340537548065
25,0.3408600687980652,0.4010295867919922
26,0.3409019708633423,0.4012453258037567
27,0.34050318598747253,0.40093210339546204
28,0.3405282497406006,0.4012390375137329
29,0.3404795527458191,0.4014795124530792
30,0.34050777554512024,0.40124690532684326
31,0.3404635787010193,0.40187251567840576
32,0.34054648876190186,0.4015754759311676
33,0.3405492901802063,0.40124720335006714
34,0.34047237038612366,0.4013947546482086
35,0.340556263923645,0.40154969692230225
36,0.34056422114372253,0.4015273153781891
37,0.3405570387840271,0.4013616442680359
38,0.34041014313697815,0.40137502551078796
39,0.3403770923614502,0.40131253004074097
40,0.34044158458709717,0.4014698565006256
41,0.3404659330844879,0.40144017338752747
42,0.3404744267463684,0.4015125036239624
43,0.3405151665210724,0.4016895592212677
44,0.3403218388557434,0.4013370871543884
45,0.3402932584285736,0.40143823623657227
46,0.3403523862361908,0.4013535976409912
47,0.34025511145591736,0.40082135796546936
48,0.3402467370033264,0.400829553604126
49,0.3403232991695404,0.40062713623046875
50,0.3402695655822754,0.4006640911102295
51,0.34022146463394165,0.4005860388278961
52,0.34027099609375,0.400483101606369
53,0.34032726287841797,0.4003816246986389
54,0.3403454124927521,0.4003012776374817
55,0.3403312861919403,0.40044105052948
56,0.3403267562389374,0.40063807368278503
57,0.3402062654495239,0.4006102383136749
58,0.34011781215667725,0.4005574882030487
59,0.3401278257369995,0.4007015526294708
60,0.3401062488555908,0.4007475674152374
61,0.3400760591030121,0.40075331926345825
62,0.3400862216949463,0.4006580114364624
63,0.34015727043151855,0.4005294442176819
64,0.3401849567890167,0.40062421560287476
65,0.34022626280784607,0.4006442427635193
66,0.34025153517723083,0.4007026255130768
67,0.34028753638267517,0.4005468487739563
68,0.3403192460536957,0.4006757140159607
69,0.3402380347251892,0.4006306827068329
70,0.34018027782440186,0.4007446765899658
71,0.340115487575531,0.40055355429649353
72,0.34012141823768616,0.4004034101963043
73,0.3400964140892029,0.4004220962524414
74,0.3400879502296448,0.40053069591522217
75,0.3400392234325409,0.4004361927509308
76,0.3400089144706726,0.40029942989349365
77,0.34000611305236816,0.40030452609062195
78,0.33999112248420715,0.4003417491912842
79,0.33999061584472656,0.4002743661403656
80,0.3399810492992401,0.4001087546348572
81,0.33998674154281616,0.4000551104545593
82,0.3399701416492462,0.39997345209121704
83,0.34001582860946655,0.39993762969970703
84,0.3400208055973053,0.4000491499900818
85,0.34004348516464233,0.3999514877796173
86,0.34005260467529297,0.39989787340164185
87,0.3400058448314667,0.3998003602027893
88,0.34002047777175903,0.3999333083629608
89,0.34001827239990234,0.39981353282928467
90,0.3400455117225647,0.3996919095516205
91,0.3400501012802124,0.399741530418396
92,0.34005361795425415,0.3995038568973541
93,0.34008166193962097,0.3995133638381958
94,0.3401266932487488,0.39946699142456055
95,0.34012776613235474,0.39943021535873413
96,0.34016162157058716,0.3993764817714691
97,0.34010350704193115,0.39954763650894165
98,0.34012317657470703,0.3994883894920349
99,0.3400990068912506,0.39947745203971863
100,0.34008026123046875,0.39949655532836914
101,0.34007298946380615,0.3996269106864929
102,0.34009850025177,0.39956796169281006
103,0.34009164571762085,0.39960935711860657
104,0.34010931849479675,0.3996019959449768
105,0.3401022255420685,0.3995610475540161
106,0.340036004781723,0.399493545293808
107,0.34004175662994385,0.3995128870010376
108,0.34007129073143005,0.3994331359863281
109,0.3400697112083435,0.39945799112319946
110,0.34004443883895874,0.39947646856307983
111,0.3400017321109772,0.39967161417007446
112,0.3399493396282196,0.39965903759002686
113,0.33991748094558716,0.3997115194797516
114,0.3399425745010376,0.3996787369251251
115,0.3399672508239746,0.39965584874153137
116,0.33995717763900757,0.39956799149513245
117,0.3399830758571625,0.39955025911331177
118,0.33999061584472656,0.39961478114128113
119,0.34001392126083374,0.39964500069618225
120,0.33999866247177124,0.3996712267398834
121,0.3400152623653412,0.39961522817611694
122,0.3400326371192932,0.3995087146759033
123,0.34004122018814087,0.3994638919830322
124,0.3400396406650543,0.39943742752075195
125,0.34006428718566895,0.39936336874961853
126,0.34008336067199707,0.399365097284317
127,0.3400717079639435,0.39939549565315247
128,0.3400729298591614,0.3994056284427643
129,0.3400813043117523,0.3993208408355713
130,0.34010133147239685,0.39934566617012024
131,0.34011998772621155,0.39944177865982056
132,0.34013181924819946,0.39944082498550415
133,0.34014323353767395,0.3994409441947937
134,0.3401375114917755,0.39935338497161865
135,0.34015217423439026,0.3993786871433258
136,0.34016919136047363,0.39939582347869873
137,0.34017595648765564,0.39945223927497864
138,0.34016475081443787,0.39943727850914
139,0.3401685357093811,0.3993542492389679
140,0.34018203616142273,0.3993490934371948
141,0.34018319845199585,0.3993144631385803
142,0.3401774764060974,0.3992730379104614
143,0.34020549058914185,0.3992259204387665
144,0.3401995301246643,0.3992716372013092
145,0.3402210474014282,0.39923402667045593
146,0.34018346667289734,0.3992150127887726
147,0.3401607573032379,0.3992035686969757
148,0.34016531705856323,0.39923733472824097
149,0.34013938903808594,0.39926081895828247
150,0.3401298522949219,0.39927738904953003
151,0.3401466906070709,0.39931920170783997
152,0.34017547965049744,0.39940589666366577
153,0.34015825390815735,0.3992880582809448
154,0.34017375111579895,0.39928650856018066
155,0.3401513397693634,0.39924144744873047
156,0.34018373489379883,0.39918676018714905
157,0.3401312828063965,0.39915257692337036
158,0.3400954604148865,0.39903247356414795
159,0.3400983214378357,0.3990798890590668
160,0.34010228514671326,0.3990919888019562
161,0.34007853269577026,0.3990241289138794
162,0.34009450674057007,0.39907991886138916
163,0.34010013937950134,0.39909061789512634
164,0.3401222825050354,0.39912721514701843
165,0.34014543890953064,0.3991086184978485
166,0.340141624212265,0.39909636974334717
167,0.34014958143234253,0.39911746978759766
168,0.3401489555835724,0.39912497997283936
169,0.3401675820350647,0.39917925000190735
170,0.3401481807231903,0.39917752146720886
171,0.3401238024234772,0.399084210395813
172,0.3401269018650055,0.39910760521888733
173,0.3401240408420563,0.39907148480415344
174,0.3401244580745697,0.3990897834300995
175,0.3401293158531189,0.39903202652931213
176,0.3401350677013397,0.39893585443496704
177,0.340074747800827,0.3988100588321686
178,0.34006384015083313,0.3987729847431183
179,0.3400363624095917,0.39879846572875977
180,0.34001338481903076,0.39870771765708923
181,0.33998534083366394,0.3986998200416565
182,0.33996787667274475,0.398685097694397
183,0.33997684717178345,0.39871838688850403
184,0.33994966745376587,0.39868566393852234
185,0.3399412930011749,0.3987497389316559
186,0.33993974328041077,0.3987802267074585
187,0.3398829400539398,0.39875760674476624
188,0.3398854434490204,0.3987337648868561
189,0.33988943696022034,0.39874520897865295
190,0.33990955352783203,0.3987123370170593
191,0.339899480342865,0.3986442983150482
192,0.3399130403995514,0.3986087143421173
193,0.33990079164505005,0.398610919713974
194,0.33991485834121704,0.3986618220806122
195,0.3398982882499695,0.3986671566963196
196,0.3398742973804474,0.3986526429653168
197,0.33987119793891907,0.39873671531677246
198,0.33988329768180847,0.39878734946250916
199,0.3398924767971039,0.39878925681114197
200,0.33988305926322937,0.3987732529640198
201,0.33988282084465027,0.3986996114253998
202,0.3398796319961548,0.3986331522464752
203,0.33987826108932495,0.3986036479473114
204,0.33985620737075806,0.3985724449157715
205,0.3398567736148834,0.39858484268188477
206,0.3398679196834564,0.39855992794036865
207,0.3398633897304535,0.39859259128570557
208,0.33987241983413696,0.3986758589744568
209,0.33988139033317566,0.39865949749946594
210,0.33984747529029846,0.39868995547294617
211,0.33985665440559387,0.39869439601898193
212,0.3398338854312897,0.3986796736717224
213,0.33983784914016724,0.3987385332584381
214,0.33982253074645996,0.3987676799297333
215,0.3398195505142212,0.39875227212905884
216,0.3398282825946808,0.39880216121673584
217,0.3398163318634033,0.3988109529018402
218,0.3398160934448242,0.3988335132598877
219,0.3397904932498932,0.3987952768802643
220,0.3397749364376068,0.3988054692745209
221,0.3397729694843292,0.3988327085971832
222,0.3397412598133087,0.39882946014404297
223,0.3397519886493683,0.3988514244556427
224,0.3397577106952667,0.3988649547100067
225,0.33976808190345764,0.3988645374774933
226,0.3397693932056427,0.3988629877567291
227,0.3397754728794098,0.39885270595550537
228,0.3397753834724426,0.3988010287284851
229,0.33978432416915894,0.3988153338432312
230,0.33979082107543945,0.39876875281333923
231,0.33977383375167847,0.39866092801094055
232,0.33974897861480713,0.39865776896476746
233,0.3397570252418518,0.3986612856388092
234,0.3397269546985626,0.39866164326667786
235,0.33974188566207886,0.39863792061805725
236,0.33974558115005493,0.3986179828643799
237,0.33976539969444275,0.39862513542175293
238,0.33976149559020996,0.3986484408378601
239,0.3397388458251953,0.39864134788513184
240,0.33973321318626404,0.3986321985721588
241,0.339724600315094,0.3986310362815857
242,0.3397376239299774,0.3986266255378723
243,0.33974605798721313,0.3986404240131378
244,0.3397122919559479,0.398660808801651
245,0.339685320854187,0.39865007996559143
246,0.3396969735622406,0.39866331219673157
247,0.33968880772590637,0.39869827032089233
248,0.339695006608963,0.39870259165763855
249,0.3396933674812317,0.3986622989177704
250,0.3397050201892853,0.3986935019493103
251,0.3397124111652374,0.3987082839012146
252,0.33972153067588806,0.3987090587615967
253,0.3397287130355835,0.3986862003803253
254,0.3397471606731415,0.39867866039276123
255,0.3397352993488312,0.39866214990615845
