0,0.6781097151892481,0.6800132840731499
1,0.665976952041563,0.6689185045917583
2,0.652270824618159,0.6566243920646294
3,0.6419272234073997,0.6467926403261042
4,0.6302499005853137,0.6364561606975899
5,0.6198954050924739,0.6278898383218245
6,0.6099821237151487,0.6190089803653367
7,0.6005341106153751,0.6104286310569796
8,0.59329261374149,0.6041888289298134
9,0.5864083683755846,0.599144899559586
10,0.5803407318752231,0.5929817753006116
11,0.5750577268113133,0.5877877648395694
12,0.5688218585624917,0.5818964591042993
13,0.5634317529396881,0.5775430306640091
14,0.5584833554208609,0.5739035665761208
15,0.5523779705253474,0.5681647116977244
16,0.5482378330986682,0.5639493773419901
17,0.54439124583552,0.5602566319537884
18,0.540862223300359,0.5574490387409166
19,0.5361030931325302,0.5524210467901752
20,0.5326560973971413,0.5492531786876428
21,0.5295912842924809,0.5460895310920142
22,0.5259727717485814,0.5428161438739503
23,0.5231008144588405,0.5404463687894087
24,0.5198735474295444,0.5373631444626599
25,0.5163493911299225,0.5341330914059437
26,0.5132731722754963,0.5318081420009354
27,0.5110572270148965,0.5302498762365708
28,0.5087740039962516,0.5287349730719751
29,0.5068462539859118,0.526551817076742
30,0.5039049616364647,0.5243402393984107
31,0.5015842419865111,0.5227687815176033
32,0.49957700909373626,0.5213005472892703
33,0.4976748003787601,0.5199117298068231
34,0.4955315909592399,0.5185542238763527
35,0.4937118288270387,0.5173164217458313
36,0.4910365275500976,0.514636390952385
37,0.48862881468278596,0.5128520451832885
38,0.48663728820475644,0.5106833858807003
39,0.4852926770637283,0.5097810508060455
40,0.4840538924766255,0.5083080063602633
41,0.4822833238121791,0.5073916001312337
42,0.4803280698624421,0.5057133739387656
43,0.4786015284847652,0.5041878572737026
44,0.477199773304903,0.503157749159462
45,0.47586273939449447,0.5020008839132237
46,0.4743431994650624,0.501131785343719
47,0.47253813436429654,0.5001599107104385
48,0.47161868420025044,0.49943906173154123
49,0.4703831988220142,0.4984014848236007
50,0.4684047385707533,0.4964680851996245
51,0.46733400193733604,0.49553229984970976
52,0.46542690654351476,0.4939374003288016
53,0.46341268098838045,0.49241133779232804
54,0.4621194279421551,0.4913516337526384
55,0.4610872543026712,0.490557137482139
56,0.458835216170655,0.488252497613446
57,0.457348249819176,0.4870102713510405
58,0.45555712058135767,0.4856315668125873
59,0.45394994122324056,0.48475144958429905
60,0.4528162893239717,0.4845204075053145
61,0.4508462094603598,0.4829037081806575
62,0.4499238518554399,0.4824619687673501
63,0.44890335002412346,0.48197126539015117
64,0.4474428581074373,0.48126357061332115
65,0.4462824489477211,0.4805357516590397
66,0.4455564505908813,0.4795993496187124
67,0.4436943186168834,0.4778471840187385
68,0.4424150014857971,0.4770465861322119
69,0.4411967316632064,0.4759907001506721
70,0.4398461650619286,0.4746076121263073
71,0.4382398177211316,0.4738758612713961
72,0.43713797393900927,0.4731103579568564
73,0.4357468706956702,0.47179568187881193
74,0.4344041988139363,0.4705135289397378
75,0.4327619537295581,0.46901424865890334
76,0.4315701777673322,0.4678275678524432
77,0.43066089388505985,0.4672058028794766
78,0.4293405124240614,0.46671860578155017
79,0.42816602962671085,0.46569582047828784
80,0.42707315104649934,0.46511935960621026
81,0.425996868029934,0.4645834054503971
82,0.42490564360958605,0.4636924517298618
83,0.42351976551948606,0.46273383259224943
84,0.42235697927694454,0.4618975920715103
85,0.4211682048952441,0.46115377717970196
86,0.41988257290866837,0.46036456245944346
87,0.41922743671270646,0.45964314512048593
88,0.4184448044887933,0.4590865654297634
89,0.41764056324631865,0.4583127666587525
90,0.4167940521195724,0.45785543187433864
91,0.4149019502225437,0.45626302208010167
92,0.4137685755644404,0.4552410359052589
93,0.41255454200696856,0.454331451248798
94,0.41149028538062304,0.4536743294023582
95,0.41068977320198974,0.45326650093053245
96,0.4096684197395717,0.4528523465728816
97,0.4082277102300864,0.4522631473956472
98,0.4069150029847799,0.45171533817630743
99,0.40643978142284176,0.4515565418816802
100,0.40557093001082795,0.4508432235730863
101,0.4042744995622905,0.4497476129320435
102,0.40335176681236573,0.44930323031882335
103,0.4024744673873102,0.4486065609455616
104,0.40168615400558766,0.4482017257249877
105,0.4006508245991315,0.447815589432462
106,0.3997425075237347,0.4473348157233682
107,0.39892100106738654,0.44686251266490234
108,0.398287478631287,0.4463543139194769
109,0.39762361797309886,0.44594234383716563
110,0.39673853067702364,0.44565424223659694
111,0.39583867173341575,0.44489814839218816
112,0.39527950933960865,0.44456430973825684
113,0.39446883331447596,0.44394144143238584
114,0.39350364088446904,0.44317878561412727
115,0.39234793078259694,0.4424606182856646
116,0.3912325714156721,0.4419834854805352
117,0.39033660681107324,0.44136828381986637
118,0.3892447305968789,0.44074526186520063
119,0.3878805881733936,0.4396546119150174
120,0.3870557132047807,0.439196767630672
121,0.38634502656704656,0.43875067919163485
122,0.3855876070231853,0.43875554827647
123,0.38471951718537417,0.43820276934265234
124,0.38401864246794415,0.43775303878955085
125,0.38309201929238684,0.43709569639129003
126,0.3825642694641587,0.43687269360915904
127,0.3815328623964583,0.43633631023561037
128,0.3807267369448887,0.43593190278454275
129,0.380112753995403,0.4355982865320696
130,0.37933951861488735,0.4351956900801172
131,0.37871365846257077,0.4348806197036542
132,0.378205426298269,0.4346582815788102
133,0.3774932116982036,0.4340611883025506
134,0.3765655316352379,0.4331747161868296
135,0.3759549217042101,0.43271915824212887
136,0.3752892736563158,0.43219484406496067
137,0.3746626604985551,0.43202198610951614
138,0.37403432434774836,0.43159192263078233
139,0.3733814643012045,0.4314052449727801
140,0.37258812126501933,0.43127991763358725
141,0.3718542441412582,0.4308906780841334
142,0.3711511236311439,0.43042717840940214
143,0.37047903195315024,0.429679178894877
144,0.3698690603983259,0.42964284140834236
145,0.36902407498229145,0.42924380065784723
146,0.3681387986752475,0.4284609951830778
147,0.36715829758426044,0.4277429597247218
148,0.36617917905751435,0.42727447582386346
149,0.3651383369653913,0.4268553390459881
150,0.3644305046612336,0.42642964779347026
151,0.3634722348215945,0.4261620964465006
152,0.36251959863172745,0.42575845165354975
153,0.36139500027159566,0.424959045700717
154,0.360798940851796,0.4245360074071139
155,0.36024577184938467,0.424193906494749
156,0.3594287679075974,0.4236467042016342
157,0.3589411341943912,0.42346752644494634
158,0.3581277286752511,0.42326349437960287
159,0.35741779943492374,0.42286210339034336
160,0.35659431568596794,0.4225378730771725
161,0.35582097866992185,0.42230460850517354
162,0.35535261066280405,0.42203328617532093
163,0.35460453389639374,0.4217145756900663
164,0.35381261806441716,0.4212036576428716
165,0.35309422501672316,0.42078486688117384
166,0.3521278676255147,0.420295705647234
167,0.3510864480301844,0.4198121749087195
168,0.35017401679657045,0.41907119781461105
169,0.3494030824667195,0.4185738310848154
170,0.3485640426908115,0.4180118101621008
171,0.347903587853183,0.4175690552521214
172,0.3471807531196109,0.4173288724523787
173,0.3464338847741528,0.41688050415751327
174,0.34578106538182113,0.4166547123333917
175,0.34525497629499974,0.41662580440304897
176,0.3444024612725829,0.4157175679398024
177,0.3434728632597122,0.41521972711119404
178,0.34265163106222946,0.41419356347897074
179,0.3417880771016471,0.41381408465461356
180,0.341019736807237,0.413255936001446
181,0.3401642263899704,0.41293009851023904
182,0.3389932220285212,0.4117802488125229
183,0.337859133175251,0.41122024151710834
184,0.33720788651520445,0.4109571681334411
185,0.3362573380290304,0.4107770054615816
186,0.33540847529038026,0.409988559753655
187,0.334487302819163,0.40913020636879915
188,0.3336688818711863,0.40882026261045196
189,0.3329921384060624,0.40873340865879426
190,0.3319346340190488,0.40840637026122284
191,0.3310372164527591,0.4080170832805221
192,0.3304702947672014,0.40762518669796965
193,0.329806182454723,0.40719512801716
194,0.3290940592399774,0.40701546189517096
195,0.32829899140718577,0.40701990946079164
196,0.32735064396392943,0.40674810910702114
197,0.32661601771708126,0.40639346817270255
198,0.32596756092378804,0.40601122931006706
199,0.3251544237776925,0.4057711479006442
200,0.324524780117446,0.405659327900081
201,0.32374163992021515,0.40538961019995257
202,0.32298144730688827,0.4051987239178842
203,0.3222744972032709,0.40457103508021514
204,0.3214409234046054,0.40442365099365346
205,0.32066755510862704,0.4037357300037885
206,0.3199838107166713,0.4030218979884501
207,0.319182976219678,0.40262324822382917
208,0.3185951722263423,0.40222753045366405
209,0.31772779572549287,0.4020356319042683
210,0.31702184904747827,0.40186933480439
211,0.3161281773236073,0.4012334490560778
212,0.31521967187437183,0.4005767812333166
213,0.31449496598893095,0.4002110273344192
214,0.3136877842186432,0.399837671622372
215,0.31299229701102066,0.39927124990296875
216,0.312104948414497,0.3988888792687955
217,0.31124203146673873,0.39826424683710177
218,0.3105774542241461,0.39796623508828766
219,0.30991323792013487,0.3977499485286412
220,0.308995462777775,0.39714626385958596
221,0.3082751769192385,0.3967430728922989
222,0.3076827835061194,0.3967038726269005
223,0.30680231291711124,0.3964721437258089
224,0.30611569997038424,0.3963590356587673
225,0.30532983589219237,0.3959898811811182
226,0.3045542448047108,0.3956228043340208
227,0.3039716679746634,0.39529378821298145
228,0.3032272965579579,0.3949728014025414
229,0.3025256690079065,0.39441259739165796
230,0.3020103471912493,0.39432428148898624
231,0.3011662983967022,0.39366608749868415
232,0.3004925080695434,0.39326175502954724
233,0.29982626113421207,0.3929088337653521
234,0.2991475502455948,0.3928036642198264
235,0.2984237783952086,0.39229478795113815
236,0.29771077509318555,0.3919932478022245
237,0.2968877222829164,0.3913574128024424
238,0.2963713248253672,0.39120609677374374
239,0.29575589270742836,0.3909786159836724
240,0.29486586791966646,0.3905117529707684
241,0.2942263992818896,0.390429161695176
242,0.29360321372798626,0.3895988806442553
243,0.2930614678575671,0.38974474836428374
244,0.2922451533135908,0.3891260451416041
245,0.29158633383507454,0.38912057821375484
246,0.29098286528702594,0.38891438657130906
247,0.2903406947261319,0.38826753260811947
248,0.2897575676949321,0.38810014052798886
249,0.2889064857728844,0.38795259893705786
250,0.2882915804482171,0.3878433121402226
251,0.2876239030728052,0.38775108735886654
252,0.287039149837175,0.387503933727688
253,0.2865420430130565,0.3874171645464359
254,0.28579543311293637,0.38672333329953734
255,0.2851736791936093,0.38626665019214496
256,0.284526111771277,0.3857520313561095
257,0.2840250062374898,0.3854949974125791
258,0.2835351432541431,0.3854557475958765
259,0.2830038466679138,0.3851752124949088
260,0.2824742562021098,0.384954942747793
261,0.2819073049801109,0.3847321656239803
262,0.28120216847789564,0.3846574582063439
263,0.28045733057714833,0.38430335962428214
264,0.27983098078008023,0.38394908481904416
265,0.279325670038554,0.3841606458510441
266,0.2787737158633534,0.3838534645903207
267,0.27814227452946266,0.38385364532311655
268,0.2774767748530961,0.3834159517214723
269,0.27689992190155754,0.38326129565172307
270,0.2763603359264866,0.38312310344158357
271,0.2758223440332184,0.38295189384236633
272,0.27538499612525646,0.38322634161352165
273,0.2749254336773152,0.38307534391291953
274,0.274299691716308,0.3825425487606231
275,0.27353781506718544,0.3818371664432531
276,0.2730517327293612,0.3815779364992877
277,0.2725963252856284,0.3814396273050727
278,0.27206323068380206,0.3812728621068247
279,0.2716443165966873,0.3813435294699191
280,0.2712177149788975,0.3808552631515338
281,0.2706744668445447,0.38107516356763904
282,0.26982997713584433,0.38057211230401944
283,0.2693701336244498,0.38047609629593326
284,0.26884154532869875,0.38010133502191945
285,0.2682656602283579,0.3799507309630769
286,0.2677736114865667,0.37976615435819083
287,0.2671793718572914,0.3794440842508237
288,0.2665704421971329,0.3791479065336173
289,0.26580699146736314,0.3787297717190132
290,0.2652465566958786,0.3789367530394269
291,0.2647596009355309,0.3787376547217268
292,0.2640849641496436,0.37845037725719977
293,0.26357024791127326,0.3782237373787379
294,0.26319000606053117,0.3781049271799676
295,0.26257336974816564,0.37782593021049476
296,0.26205284010294944,0.3778640231098516
297,0.2615108906475819,0.3774593549353424
298,0.26097726132996435,0.3772125805486786
299,0.2604713593999836,0.37726066983105366
300,0.2598953672650017,0.37709553477019675
301,0.25934826942200606,0.3770319386413867
302,0.258801221134825,0.3769178250663214
303,0.25831327929072617,0.3766494743085829
304,0.2578985064164663,0.3768414780206187
305,0.2575205119369547,0.3766900783926854
306,0.2571208815728227,0.3764442875203082
307,0.256536983644347,0.3764254512057355
308,0.2560339505845022,0.37638773015190036
309,0.2553790930275513,0.376100602619375
310,0.2550175058284438,0.3761050026192915
311,0.25433019008595786,0.37606983611160466
312,0.25393928676851524,0.37579789618230497
313,0.2534484336051244,0.37573474688959685
314,0.2529534020535244,0.37552884528753416
315,0.25247455558471504,0.3750680388271805
316,0.25198804919624923,0.3749334314223295
317,0.2515276184587678,0.37470648423608244
318,0.2511084228584175,0.37467652330918866
319,0.25062856275515405,0.37441361802315776
320,0.25006614024020946,0.37408479742334577
321,0.24962872577825734,0.37401940226640273
322,0.24912176574027683,0.3738663461263367
323,0.24865507187989933,0.3736500924051939
324,0.24825244320065626,0.37367559790537774
325,0.24777287635765133,0.37332965892592873
326,0.24723905270528754,0.3731084398727139
327,0.24679349503865672,0.3729330428852353
328,0.2462827697289926,0.3728721726378846
329,0.24577478845604994,0.3728432488442938
330,0.24521003415039488,0.37273598562175064
331,0.24473705742101473,0.372704962812255
332,0.24417488134662815,0.3723779393012704
333,0.24363294124166043,0.37263459442166885
334,0.24309830160079385,0.37228409156950937
335,0.2426976324917028,0.37212657116837505
336,0.24224431466871535,0.3720384743225902
337,0.24175425756529678,0.37167028045888695
338,0.2413410336469004,0.3714676052855859
339,0.24087328282156587,0.3713355897506115
340,0.24041012454947333,0.3709526638703401
341,0.24001494677727014,0.3706909533204624
342,0.23957009659870818,0.3707225894403781
343,0.23919111537295826,0.3704118935752048
344,0.23883501512074545,0.37049133129263434
345,0.23832887462225819,0.3701040994099531
346,0.23782659306735227,0.3700183977317035
347,0.23734219297948864,0.3699282310539103
348,0.23695933741883937,0.3697808035083529
349,0.23656174393497287,0.3697617036088923
350,0.23621493062049254,0.36973182271687216
351,0.2357263324603521,0.3699923812323035
352,0.23527741486769432,0.36991065058295375
353,0.2348850709993019,0.3697887732710991
354,0.23453097716279125,0.36981927831981326
355,0.23399910341186078,0.36978988419234443
356,0.23344105556671255,0.3698620237629747
357,0.23304158319506676,0.369648795186609
358,0.23271116195529692,0.36929020289786185
359,0.2321121794137904,0.36892146276418153
360,0.2316447762580908,0.3687158400836015
361,0.2313193285292713,0.36863477369826786
362,0.23089991033617865,0.3685999409345112
363,0.2304644842572784,0.36835171366717573
364,0.2301092245112568,0.3683274170216333
365,0.22970648591059276,0.36816141206635555
366,0.2292073035510289,0.36805076115055124
367,0.2289141244977563,0.3678250230755667
368,0.2285091026626801,0.36767467665362263
369,0.22818860870756716,0.36761643757889134
370,0.2278108476697335,0.3674316554444541
371,0.22743537059453092,0.36740215899292705
372,0.22700647609355137,0.3673871925791488
373,0.22649790729023567,0.3671716152905779
374,0.2260401729578529,0.36688166497402963
375,0.22573330318872817,0.3668992206722107
376,0.22543338051928932,0.36685741609788364
377,0.22511461277930803,0.36675098493079283
378,0.22478121073590113,0.36665424995004636
379,0.22448268557223905,0.3665781696022523
380,0.22407772596196784,0.3664527195321095
381,0.2236167502749791,0.36623214905923823
382,0.22318598169054488,0.36607986819260196
383,0.22284274578105315,0.3662038426677586
384,0.22243010154091947,0.36608410744142006
385,0.22205251227830913,0.3660056935318358
386,0.22164134141978467,0.36598572760870174
387,0.2212444265510177,0.3659446830157741
388,0.22080210660036015,0.3655572650279559
389,0.22041754482376522,0.3655312230832096
390,0.22002211505162622,0.3655724292628863
391,0.21954620883539377,0.36544580962617623
392,0.21913494469099162,0.3653377796038854
393,0.21874068480279438,0.3651078016094003
394,0.21839874420495237,0.3650592247231143
395,0.21801265504136347,0.3649691489712718
396,0.21769908882511133,0.3649119636277717
397,0.2171914789164914,0.36456359661239013
398,0.21680686546146413,0.3643070616923049
399,0.21644652657754407,0.36410012336795666
400,0.21612923784206586,0.3641005349548428
401,0.215833545617903,0.36394005313469185
402,0.21545824284453322,0.3636457946715171
403,0.21508098276937146,0.3634686592194447
404,0.21478805749423796,0.3635365695855416
405,0.21446695046840586,0.36341534041484236
406,0.21402344963371264,0.36351383191697084
407,0.2135658307141813,0.363075457553358
408,0.21328680651809429,0.3630567253944438
409,0.21287257957759434,0.3629699144790821
410,0.2125021162707021,0.3627253089772144
411,0.21217775724369353,0.36252687196865513
412,0.211744674472835,0.36222839635686166
413,0.2112978487003505,0.3622514744273294
414,0.21095644699140276,0.36201648026537736
415,0.21044060850637578,0.36178840613682567
416,0.21007743973665072,0.3617392648875613
417,0.20975300247780732,0.361677234766001
418,0.2093901649332144,0.36140749499874963
419,0.20910417868876635,0.36136417928990167
420,0.20885696592700093,0.3614168966293193
421,0.2084910908045295,0.3612340716836998
422,0.20818458582901653,0.36131575171371
423,0.20784543885497617,0.36096862925122714
424,0.20756536592344602,0.36091177089791465
425,0.20716190209305502,0.36052265223887214
426,0.20675558367822375,0.36050272105724035
427,0.20626517364515487,0.3600089955599689
428,0.20596557016480255,0.36002041666052276
429,0.20570700096388422,0.35997605842261
430,0.20528082849008325,0.35978072286092266
431,0.20500178096809543,0.3598184341337785
432,0.2046901583866057,0.3595152214809487
433,0.20441139550885012,0.35957230167033966
434,0.20405541381919562,0.35951492046683237
435,0.20377106458921612,0.35937154494793994
436,0.20342205812701103,0.3592425373195795
437,0.20306467892296323,0.3592411148265691
438,0.20276863173909826,0.359225400952569
439,0.20244332644625604,0.35926227202956057
440,0.20212789387655122,0.35908842302035116
441,0.2018227702835853,0.35882291773131586
442,0.2015170164402853,0.35850221321379894
443,0.2012571212543879,0.35862108621279876
444,0.20099239152770745,0.35869441141193464
445,0.20072916147778927,0.3588351844793541
446,0.200402815239083,0.35869093821965886
447,0.20007948841389536,0.3583728950631413
448,0.1997977958023627,0.35820748881323505
449,0.19944909320562731,0.3582695785785803
450,0.19916384037462942,0.3582691467548891
451,0.19881221846271893,0.35818127885402407
452,0.19847936175582415,0.35791237696471195
453,0.19807944332645577,0.358008250390635
454,0.1978016577263693,0.3579108852095209
455,0.19752310221867567,0.3579019247964275
456,0.19733346366460655,0.3577560983833168
457,0.19685965376809345,0.35774303938056007
458,0.19659271694994535,0.3576735006855511
459,0.19622539899363906,0.3576313848785205
460,0.1959279821479081,0.3573627617206517
461,0.19554884818697926,0.35712156634759734
462,0.19505432745140955,0.3568005822145631
463,0.19478672135009784,0.3567691841105417
464,0.19453024759124488,0.3567824985391503
465,0.19423042546697758,0.35665764798511856
466,0.19390135778061515,0.35653904076068993
467,0.19361243292934524,0.35630036289974565
468,0.19334016786531272,0.3562923424950775
469,0.19296942919737922,0.3562754400626084
470,0.1926031164680205,0.35619551921795883
471,0.19222968361805018,0.3563919698797165
472,0.19191403810290347,0.3562815600410385
473,0.19160108207526808,0.3561681524098298
474,0.19124017796224854,0.35619910575261976
475,0.19105002850524544,0.3562631291324344
476,0.19069511362011987,0.3559420104263063
477,0.19039906812829296,0.35596748600826683
478,0.19010821108130466,0.3561426766578261
479,0.18982287649899335,0.3560600839592432
480,0.18953591224250263,0.3560324176275128
481,0.18927195050366893,0.3561671531368458
482,0.18895411466873893,0.3558129880587537
483,0.1887327568995009,0.3558196528171592
484,0.18848377681270087,0.3559975972736903
485,0.18824878667830583,0.35630774346919564
486,0.1880283803449357,0.3562415508670055
487,0.1877304564852749,0.3560354699851298
488,0.18746529980455537,0.35584532020592774
489,0.18726045412188452,0.3557671584259965
490,0.18695099683177635,0.3553663612623083
491,0.1866269475828926,0.35514103466839686
492,0.18635151160971028,0.35500405532376833
493,0.1860731926169606,0.3548373680294921
494,0.18577698028065165,0.3546400727307074
495,0.18553280612816203,0.3549307247404426
496,0.18514963974395804,0.3547509742527512
497,0.1847911353859171,0.3545525240810424
498,0.18461890948851162,0.35463811045180055
499,0.1842940325919906,0.35474967240468397
500,0.18408976419637546,0.3546904354301222
501,0.18386475111097156,0.3546820678934514
502,0.18360207566487752,0.35449787080635337
503,0.18332028363533703,0.3546793991421912
504,0.18305419152971833,0.354783619076686
505,0.1828177398585961,0.35480070544422265
506,0.182490889221935,0.354580593195188
507,0.18224012283911126,0.3544665084222899
508,0.18190927211155347,0.3546175469183128
509,0.18169728060371873,0.35475792839494
510,0.1814553666893839,0.3545594912360498
511,0.18111333047711156,0.35468988654260075
512,0.18086532981287834,0.35460997022469626
513,0.18066021973861,0.3546158144229133
514,0.18037059570387196,0.35440283355657887
515,0.1800457327670959,0.35414275178135196
516,0.17981851466803633,0.35406658921922973
517,0.1794884767321298,0.35394653075540966
518,0.17921318687110088,0.35386063960493225
519,0.1790167221606483,0.3539097100968799
520,0.17881978288004355,0.35401485854591913
521,0.17860906529975176,0.3539524403574021
522,0.17833232075311273,0.3538514207314904
523,0.17813674311337985,0.3539606324816982
524,0.17787320648095745,0.35400304298457974
525,0.1776320211750096,0.3541957011945674
526,0.17721484640936688,0.3538742750638684
527,0.1769364375606063,0.3536035929447558
528,0.1766781997020048,0.3534826386785909
529,0.17637278721427796,0.3534105359361913
530,0.17611631216183934,0.35334851745898643
531,0.17594385318304953,0.3534819036389484
532,0.1756175931705841,0.35364467139133365
533,0.17535847835939455,0.3537007408901963
534,0.1751208983147785,0.3537700106884629
535,0.17485890196163148,0.35361627449307875
536,0.17458846077826165,0.35345560896617256
537,0.17428052899219193,0.35365125138404135
538,0.17404913965835694,0.35373942069057845
539,0.1737705669978827,0.353569122295288
540,0.17357105185690613,0.3536346604445125
541,0.17329256770875823,0.35357437676768505
542,0.17297670549666053,0.3530817894182665
543,0.17274704939451146,0.3529615030660199
544,0.17251445052228492,0.35295413026257494
545,0.1723462911394107,0.3529239677637065
546,0.17208104032322472,0.3528788124359017
547,0.17173981995900595,0.3529989559767505
548,0.17148883746367735,0.3527362483658559
549,0.17131030635106664,0.35297570764314135
550,0.1710302195975327,0.35305327331625996
551,0.17079794252519784,0.3529449502288064
552,0.1705858278042235,0.3528852707279112
553,0.17032537825564142,0.3527758387427415
554,0.17011119477426723,0.35257591757530005
555,0.16987096177273242,0.3525739587840224
556,0.16957531664165995,0.3522474797382018
557,0.16929910472967666,0.3522888422582383
558,0.1690474177368267,0.35222270652610144
559,0.1687917327673275,0.35202215677028426
560,0.16852323273457773,0.3519787542839534
561,0.16813581105247297,0.35188797418390316
562,0.16787525077325574,0.3516675658376187
563,0.16753102444799653,0.35161284018366523
564,0.16732809593715905,0.35160161810147555
565,0.16711992323654623,0.3516434758294686
566,0.16688976603558425,0.35151143680170666
567,0.16656871344202387,0.35127313049706493
568,0.1663148341976902,0.35124448219656224
569,0.1661713494976602,0.3511996714958626
570,0.16595461129272682,0.3511861333539149
571,0.165647750583256,0.35127834318452683
572,0.16533471593579627,0.35132239103160057
573,0.16504703569990375,0.3514707909110296
574,0.16481470525315947,0.35153935607317466
575,0.16456148678945495,0.35160505150360305
576,0.16441354265991925,0.35151272743291445
577,0.16419928056302896,0.35140725026313163
578,0.16398145076236534,0.35127520830104564
579,0.16371065297144574,0.35125091751415627
580,0.16349788358917067,0.35130782144492473
581,0.16331830807239459,0.3513226574771258
582,0.16312159856381556,0.3514314283847908
583,0.16293998256223802,0.35151618855622824
584,0.1627644855999778,0.3514304967763988
585,0.16260024410924334,0.35143913059531456
586,0.16234908560982717,0.3513239424874634
587,0.16211379561541261,0.3514926484808076
588,0.16195758270713256,0.35145101231314657
589,0.16164957374795197,0.35126847707804654
590,0.16140265066714324,0.3511065467955555
591,0.1611780917999206,0.35094161940024093
592,0.1609584048327365,0.3509723943717611
593,0.16074270050689093,0.35106437220557035
594,0.16050467032807733,0.35098225018193724
595,0.16033909401033855,0.35082646766301256
596,0.16010985299334335,0.3507095628541023
597,0.15990205209784972,0.35062608224622976
598,0.1596581022564825,0.3506239837516586
599,0.15938251916436807,0.3505545638973683
600,0.15917835035342887,0.3503977265926367
601,0.15893994272666107,0.3504234692208474
602,0.1586991037261071,0.35050245997637236
603,0.1585432306439681,0.35044367564760415
604,0.1583079719726915,0.35028700591821066
605,0.1580208278632374,0.35033291002643063
606,0.15783525871355683,0.3503388356494823
607,0.15752319273524854,0.3501182962206525
608,0.15723259257868585,0.35015068749250516
609,0.15703914518683001,0.3504113570973019
610,0.15679911227538362,0.3504285379286661
611,0.15660272807792763,0.3504989263556966
612,0.15644862499428278,0.35042990908422095
613,0.15616708333381732,0.35029980190468074
614,0.15594178307707934,0.35012257062022817
615,0.15575462137835167,0.3500922053672252
616,0.15551611210768312,0.35003434701539576
617,0.15532032610526533,0.3498460011984104
618,0.1551212868434132,0.3499030709711051
619,0.15490344624846736,0.34964572456485177
620,0.15470913532314348,0.3495979328495735
621,0.15456311419833194,0.34951133344679236
622,0.15439341086209876,0.3496107060944092
623,0.15421871047987923,0.3499154165045715
624,0.1540871888413649,0.34987700309067243
625,0.15390063343314095,0.34995858060841906
626,0.15363483098706074,0.3498973378609728
627,0.1534562423888534,0.34994484726674524
628,0.15329133574017517,0.34998030356743837
629,0.153108755942826,0.3500990466310279
630,0.1528798348638159,0.3501348433488472
631,0.15266834581238808,0.3501147863936114
632,0.15247422428356058,0.35012899409834974
633,0.15230953664881525,0.35013083198254874
634,0.15211081140146088,0.3501305179594056
635,0.15187508328341415,0.34996620219690977
636,0.15169027986466793,0.35011297526779844
637,0.15135063252815775,0.3497981409430511
638,0.15115379053321865,0.3496965789060071
639,0.1509527804516108,0.349724106910622
640,0.1507817252111719,0.3497168149929053
641,0.1506454290455577,0.3497273534322141
642,0.15045009375821397,0.3496560027826529
643,0.15026306649601073,0.3495944385035663
644,0.15004452314592667,0.3495746412716639
645,0.14982442914006308,0.3494922701142293
646,0.14965994892215506,0.3493580609590698
647,0.1494631870873046,0.3495611752781645
648,0.14927383201583794,0.34962212854761093
649,0.14903116334407454,0.34933553267451706
650,0.14886657948729548,0.34954093920623003
651,0.14870741489391845,0.3495908223247
652,0.1484761948411939,0.349364162344966
653,0.1483372025521181,0.34937815357953406
654,0.14812103770203058,0.34941767398199264
655,0.1478740979027138,0.34951113836388026
656,0.14759097761811085,0.3495572873571599
657,0.14736946364172923,0.3494605524511995
658,0.147175864519996,0.34941931355303685
659,0.14700743470559088,0.3496355369410316
660,0.14685620275921105,0.34977676492374765
661,0.14672090040845784,0.34969456348444167
662,0.14649073609579064,0.3498337201840151
663,0.14624285190362515,0.3498436741684034
664,0.1460500435331039,0.34983303022974516
665,0.1459068047385461,0.3498814848236319
666,0.1457993768586647,0.34981802444169896
667,0.14558665538903404,0.34974149779280006
668,0.1454395874379537,0.34986671533389935
669,0.14522691147535854,0.34992747332226937
670,0.14506541809745127,0.3497658154578565
671,0.14493699495006326,0.34982920266538564
672,0.14473393194890966,0.34972094088628375
673,0.14458208955074,0.34981030070904945
674,0.14441303644420891,0.34985439522493356
675,0.1441623394593189,0.3496572730833643
676,0.14387218776424132,0.3493854259369213
677,0.14377879695508933,0.34953274335095186
678,0.14361334992636673,0.3494625098778569
679,0.14345168590224627,0.3494478154747086
680,0.14328767563640568,0.3493605967854949
681,0.14304895212498628,0.34925047452518393
682,0.1429229666776325,0.34932200135396685
683,0.14267793165196344,0.3491967384604777
684,0.14248400891902324,0.34924342407698483
685,0.14230775565463885,0.34932364581257164
686,0.14208219903763733,0.34926339385232524
687,0.14197625548419024,0.3492496050975006
688,0.14178538581018146,0.34924174725350704
689,0.1416310182274788,0.3492476403065854
690,0.1414408414957475,0.34921322379513076
691,0.14123163883139295,0.3490912175581736
692,0.1410295016175624,0.3491524767814888
693,0.14082950260428634,0.34921145491812355
694,0.14067810021725882,0.3491078644532726
695,0.140503771607785,0.3490276947818619
696,0.1402963090662387,0.34872447434543064
697,0.14014036668513286,0.348702681079968
698,0.1400065792983232,0.3488911939616732
699,0.13988973652196054,0.34910236033663317
700,0.13971590430754208,0.3491090965220391
701,0.13954683016747346,0.34915861665597997
702,0.13939553442734368,0.34916759031008476
703,0.1391842203952585,0.34910260552851885
704,0.1389520418035773,0.3489671167178468
705,0.1387544500553144,0.34894632374965956
706,0.1385905090244322,0.3489176163685362
707,0.1384761952214089,0.3488478852134575
708,0.13835787818430595,0.34894751976754107
709,0.13813927666287346,0.3488300774773754
710,0.13790099246945886,0.34870343921045244
711,0.13759724221896638,0.3486305669565434
712,0.13736879487307518,0.3488298966421832
713,0.13723772881365967,0.3488322709839916
714,0.13711008360361257,0.34879880593229495
715,0.13687458827164978,0.34868747568444447
716,0.13674666759494752,0.34866668330512623
717,0.13656797978725208,0.3486257837476068
718,0.13642408983954757,0.34850082057209447
719,0.13628508826321867,0.348468788406085
720,0.1361448526954337,0.3483933454536395
721,0.13597491787741134,0.3482284372833434
722,0.13579738351617116,0.34816115124233005
723,0.13558714656307486,0.3481724949824472
724,0.13543697732185367,0.3482575055796431
725,0.13528975227809784,0.34827044116471173
726,0.13514685751491148,0.34818780161951657
727,0.1349184672983854,0.34804605132780414
728,0.13478740969645225,0.3479735603089662
729,0.13468203768530476,0.34789324945142663
730,0.13450862089897764,0.3478736028471001
731,0.1343550826997715,0.34804287958256547
732,0.13415394470606717,0.3478178685408099
733,0.1340059328537721,0.34781567923796325
734,0.13386776939968986,0.34782490409709077
735,0.13367504001051747,0.3478182927664693
736,0.13350267632217686,0.3478478401236915
737,0.1333219321836559,0.3476436305663621
738,0.13309598192678454,0.3477714514686611
739,0.1328218650902953,0.34772823234737055
740,0.13270055633476494,0.3477069937982192
741,0.13252147066769046,0.34778388707492464
742,0.13235568049448235,0.34775394896032114
743,0.13225249979561804,0.34772432832694955
744,0.13202068108182471,0.3477588475421417
745,0.1318524132199347,0.347712846295588
746,0.13164990062451426,0.347637782529174
747,0.13148454581482122,0.34773490382965083
748,0.1313281700091632,0.34798648205504473
749,0.13121356620858768,0.34808536571996934
750,0.13108291004311973,0.348200781984031
751,0.1309040775352721,0.3481352114746937
752,0.13075994014626252,0.3482272779985485
753,0.13057454710320612,0.3481280211768527
754,0.13045948945483654,0.348223631978846
755,0.13027704124551384,0.34818301179841604
756,0.13009923032135118,0.34814875834552694
757,0.1299121575798084,0.3481470907356618
758,0.1297825302109132,0.3480921889528527
759,0.12964057674256782,0.3480871358010741
760,0.12944274416950144,0.348048830803864
761,0.12930342822268945,0.34807940719905794
762,0.12915931804932332,0.3480950059051841
763,0.12896838177393352,0.3481411441221585
764,0.12880876879637385,0.3480571328647792
765,0.12870541358309492,0.3481236698118903
766,0.1285422760946467,0.3478712414981214
767,0.12838850805066682,0.34793737204499137
768,0.12823448274353533,0.34792806292993617
769,0.12810003311214996,0.34797068437301415
770,0.12796372069578155,0.34786986026586886
771,0.12778489066038243,0.3477281764496359
772,0.12765263241267424,0.34764490976229934
773,0.12752033824737727,0.34760069374233643
774,0.1273374547440871,0.34772387327418225
775,0.12718074651338512,0.34773393892275495
776,0.1270000128937871,0.3477737979677953
777,0.1268622541943914,0.34783694733919224
778,0.12674348284346387,0.34802777795216727
779,0.12662420372515346,0.3480033316585727
780,0.126469372707795,0.34807605959459337
781,0.12633650511367325,0.3480504158158494
782,0.12617983541936628,0.3481304813523802
783,0.12599986438801206,0.34815634674718227
784,0.1259100619966212,0.34815328866673273
785,0.12577829027546955,0.3480125638349518
786,0.12562790793543246,0.34782902044681946
787,0.125465192751796,0.34789846984760053
788,0.12531963828680315,0.3478764815049743
789,0.1251629535087879,0.34790032639637103
790,0.12500952981609853,0.3480930877122475
791,0.1247649229751536,0.34801876800245013
792,0.12462341051032713,0.34787763526155757
793,0.12442831425875142,0.347618429098964
794,0.12434223801500262,0.34760842700045286
795,0.12416773833772166,0.3477286887719384
796,0.12398025102961632,0.3477150282661641
797,0.12385206741135357,0.3478036176713665
798,0.12369322993179836,0.3478110315610525
799,0.12356703766165467,0.3477104265899284
800,0.12345341538078344,0.3476885196712146
801,0.12332319644529165,0.347527604521955
802,0.12322190527474552,0.3474142881266939
