0,0.6792772224539179,0.6789323085555208
1,0.6622848026848243,0.6628534824197738
2,0.6473848693718618,0.649082111662337
3,0.6363509906018763,0.638557224234769
4,0.6283488686946683,0.6307024468675908
5,0.6205212066843948,0.6234742442700008
6,0.6123023002898719,0.6143996778763464
7,0.6050818929208509,0.6075488228404055
8,0.5978956807239363,0.6007277958099263
9,0.5891281031150899,0.5920931423593776
10,0.5821060277442851,0.5852235935055761
11,0.5747549044909487,0.5785521662926683
12,0.5683971832468948,0.5734395094742043
13,0.5638814204338993,0.5696375530710277
14,0.5583219951605444,0.5639980096943972
15,0.5540148874165896,0.5592558220554875
16,0.549807655382862,0.5547208358115169
17,0.5450590428035809,0.5504283962824772
18,0.5411289207022991,0.5473596356495104
19,0.537143054018565,0.5439435931438218
20,0.5338078633927391,0.541746826181223
21,0.5296938293327993,0.5383040588521935
22,0.5265891657823236,0.5354175213692286
23,0.5231132265377246,0.5322264060433755
24,0.5204298733152748,0.5299693025265029
25,0.5181994770848474,0.5273546204851149
26,0.5152645957898387,0.5244826627319281
27,0.5127074743678152,0.5221567770530036
28,0.5101089316241081,0.5192231440270776
29,0.5071469845277814,0.5177009816030516
30,0.5051801169397463,0.5157482110810027
31,0.5032589934593024,0.5146663551015349
32,0.5015774297411799,0.5133055883647191
33,0.4981620094992898,0.5105558392654671
34,0.49555017580189614,0.5079421759922595
35,0.4934025254360465,0.5052660152240684
36,0.49100912146538056,0.503318551083972
37,0.4884046429559494,0.5011263506491437
38,0.4856102522029433,0.49861747320243965
39,0.48366857935963925,0.49700844626128565
40,0.482166572554671,0.496275176752197
41,0.48020647948186446,0.49449614685904947
42,0.4785242705718155,0.4932535060093605
43,0.47684767483152746,0.49199114493462226
44,0.47425722924649844,0.4897312774319491
45,0.4723000717969576,0.48837636117438527
46,0.4709075218023256,0.48743418234953
47,0.4687663556153376,0.4853493404733204
48,0.4676289790276493,0.48423138316474906
49,0.4654961035569173,0.4824207760905952
50,0.46429559493921774,0.4814165690374991
51,0.4623350502320626,0.4800538150144525
52,0.4601782058812599,0.47880066468129556
53,0.4590206025266748,0.4780455173625514
54,0.4573813956585293,0.4765900822264027
55,0.45605417134645876,0.4754348453725532
56,0.45479917627056354,0.47494830821397827
57,0.4530919661733615,0.4736248687201659
58,0.4517814200725918,0.47266654836269056
59,0.45014230998323534,0.4717571780792616
60,0.44855187962473575,0.4712735733417031
61,0.4473863404094543,0.470355198204323
62,0.44597449917621895,0.4694719764189062
63,0.4448755437677557,0.4684159079522964
64,0.44355390036584963,0.4679699678562612
65,0.4421929970352141,0.46720768112573646
66,0.44100719879343947,0.4667529215685338
67,0.43952641880285415,0.4660634831444008
68,0.43823706725687106,0.46497616274347203
69,0.4366910583625132,0.464678142512252
70,0.4356616546437302,0.46355034423237756
71,0.43479435539648853,0.4631020330682617
72,0.4338024050690407,0.4624441008328583
73,0.432670222276361,0.4619986373404843
74,0.4316623679679242,0.46066593892090524
75,0.43015742553969016,0.459082960300321
76,0.4290650833484738,0.45799960219508756
77,0.4281509109077696,0.4574842793988011
78,0.42650267135265263,0.4567425478709341
79,0.4254831390703455,0.45646179002783327
80,0.42448405937210953,0.45589554573036506
81,0.4233839103585822,0.4550813592303653
82,0.4225394831651361,0.45474561770021327
83,0.4216542153227405,0.45415169827642177
84,0.42074010740122886,0.4535897028941438
85,0.41974667313235003,0.4526840007285713
86,0.41906470526600487,0.45220869729838165
87,0.41784526026526164,0.45134545274359583
88,0.4171437753431389,0.4505572263233062
89,0.41649745433073465,0.4503742814505113
90,0.4154780510868129,0.45036244174518175
91,0.41416744046685056,0.4490480224819662
92,0.4129327366770448,0.44780429163619834
93,0.41193610870812963,0.447404096642714
94,0.4111045530936179,0.4469218337905701
95,0.41046378073178186,0.4462420243848024
96,0.4093720192132994,0.44548314981891574
97,0.4083326795388478,0.44497659174395465
98,0.4073403098366477,0.4445217178240306
99,0.4061498016938095,0.4436372036622434
100,0.405417928231947,0.44312666707034526
101,0.40459356650741607,0.4421514307280375
102,0.4036309724126255,0.44173447121851495
103,0.40288454987281974,0.44130971973157895
104,0.40183388708005746,0.4405146733541138
105,0.40101894515765396,0.44021415170010614
106,0.4002610704611522,0.4399043421742254
107,0.3996026521001255,0.43921351659178076
108,0.398742579002461,0.4386736562930528
109,0.3980771280494351,0.438364168360226
110,0.39707927421585953,0.4377925367638349
111,0.39580053607706794,0.43691453439390365
112,0.3945609288286205,0.4361944123039008
113,0.39390070393019955,0.43564528736973446
114,0.39315292648734806,0.43507273826686266
115,0.39216352466801,0.43465743957747854
116,0.3912679014951936,0.4338751662254553
117,0.39044421722218553,0.43355330557647914
118,0.389733377017128,0.43267958612175184
119,0.38891511235630283,0.4322471470233726
120,0.38822385372621565,0.4321535919356792
121,0.3874522687012751,0.43170852533203113
122,0.38660038954107756,0.4309389064501954
123,0.3857917382399577,0.43046633551229097
124,0.3851518691468188,0.43018548103862303
125,0.384478127477537,0.4294693765243569
126,0.38358073002692256,0.42850741433302175
127,0.38278488578554437,0.42772212843302154
128,0.3820693034198269,0.4276353226749477
129,0.3811663573186443,0.42723343413521275
130,0.3805460698004757,0.426466893258062
131,0.37966583445510704,0.42588952986437556
132,0.37886805463794926,0.42521041888714556
133,0.37789465357838925,0.4245340305478655
134,0.3768662821666887,0.42399375836972053
135,0.3762708345376916,0.42350047566131344
136,0.3757221310637718,0.4231786956006175
137,0.3750107101859804,0.4226347293183311
138,0.37426570706841306,0.42155101149932084
139,0.3734728952290896,0.42091110300171636
140,0.372639081442835,0.42021469183261495
141,0.37210815300649114,0.41990696309591485
142,0.37152186710285084,0.419443909216592
143,0.37080857516847254,0.41863894552218295
144,0.37013770460326373,0.4185508229445317
145,0.3692624372357294,0.41780605367985646
146,0.368416397062467,0.4173492911439579
147,0.3673752831102174,0.41675469136387305
148,0.36627384371283694,0.41598601329334445
149,0.36549145172312697,0.4157800165203362
150,0.36470573699499537,0.4155334655627109
151,0.36405793204116016,0.41505641720941266
152,0.36350245405201176,0.41458987954687954
153,0.3626735114648025,0.41385014526098046
154,0.3619547353990486,0.41354071972782835
155,0.3611663108648256,0.4138354630939545
156,0.360205491047833,0.4137335241752492
157,0.3594240345864165,0.41301470901423815
158,0.35879861779243194,0.41282119354123253
159,0.3582038153553614,0.4125115028754495
160,0.35758723769077033,0.41212231557848644
161,0.3570120490882664,0.4116327765244086
162,0.35619575226281713,0.4112587593697601
163,0.35567172738008723,0.41074468812985226
164,0.3548735604477735,0.40998202776245324
165,0.3540117775915037,0.40959658620775996
166,0.3533455201485696,0.4091556407545533
167,0.35269645707047764,0.40925081049884
168,0.3518912575461648,0.40851913465430006
169,0.3510776382672106,0.40801070729513816
170,0.350354636194338,0.40792443074240936
171,0.3496652163612414,0.4076524616978154
172,0.3490175727053878,0.40725042181347004
173,0.34814666038335756,0.4068223859950255
174,0.3471416449193975,0.40631160735790034
175,0.34602462413699125,0.4050895835228301
176,0.345293653943826,0.40475018777121574
177,0.34436886809593026,0.4046699988795673
178,0.34332349587696553,0.4043853708456342
179,0.34270253090727404,0.4038899537111218
180,0.3417420982054374,0.4036181191407681
181,0.34098183629880746,0.4029858921647674
182,0.34046532790202166,0.40267486019950505
183,0.3394966690031217,0.40233968553320937
184,0.33876018241898453,0.4020004968902268
185,0.33787252736646073,0.40135900187134294
186,0.3369162238929539,0.4008058683223641
187,0.336072409631838,0.4003039331000031
188,0.33527850096623946,0.4002555731792318
189,0.3344716239429176,0.4000115978860678
190,0.33370326487760965,0.3993646365631634
191,0.33285445037906314,0.3988148969966793
192,0.3319827315671247,0.3984500196890111
193,0.33129573120375266,0.398027340927612
194,0.3306132149242699,0.3977897650650044
195,0.3299072136586615,0.39768674432342044
196,0.3292102128204281,0.39770782692649614
197,0.32820900398883457,0.3975856062069883
198,0.32760249131829744,0.3973812684511218
199,0.3267122232384712,0.39686340213979154
200,0.3260228034053746,0.3964029907387234
201,0.32536754648478794,0.39585160383199797
202,0.32454241052994515,0.3956400162848112
203,0.3238026334669827,0.3956281392474548
204,0.3228076507374802,0.3944678857952608
205,0.32193148010124867,0.3944387156617456
206,0.3210444702406514,0.3942490493966458
207,0.3201305236171214,0.39414035418981497
208,0.3191302825734177,0.39338403587783544
209,0.31837411763552126,0.3930500951448902
210,0.31765424474349235,0.39267651161413447
211,0.31653757881664574,0.3923038454620869
212,0.31576944556851216,0.3919243959975136
213,0.31511147884183405,0.39119497323067615
214,0.3143975417155292,0.39100654197404705
215,0.31374570431215315,0.3905883458550269
216,0.3129411499797668,0.39072291686240623
217,0.3120637857384712,0.39032346793284917
218,0.3114609506619153,0.3901987341239652
219,0.3107627884782142,0.38984140904550374
220,0.31012659697905653,0.38965348029828734
221,0.30920129497761956,0.38927007526829166
222,0.30857658789475423,0.38920382215189053
223,0.30789429743244584,0.38892688754097143
224,0.30726413847780126,0.3884355666608774
225,0.30656894417696223,0.3881724008596757
226,0.3056652883646604,0.387778260019039
227,0.30500070842073534,0.3875832628302804
228,0.30440200257250927,0.3874836762999211
229,0.30369358183717626,0.3875368858122102
230,0.3029651924117171,0.38734215894942
231,0.3019994368764865,0.386825880228742
232,0.3012926291209699,0.38655333407755027
233,0.3006239522083113,0.3859720329765422
234,0.3000131812710591,0.3858990109830141
235,0.2993454721462903,0.38551062882975995
236,0.29863959991906713,0.3855308054204442
237,0.2979544060930893,0.3856713701203423
238,0.2973406027537824,0.3856290379995934
239,0.296531209481947,0.3852084065764996
240,0.29589688903937633,0.38496758703834777
241,0.2953978330842032,0.3847550161213374
242,0.2946828636508159,0.3843126802905302
243,0.29399054045404993,0.3838757446659173
244,0.2935198729436443,0.38360350601485393
245,0.2926989952555166,0.38286279877681284
246,0.2919607343935815,0.38236041874307247
247,0.2914394515765394,0.38187052017933193
248,0.2908501655304407,0.3816621303288605
249,0.29025239521050805,0.3813770899310968
250,0.28957542758159355,0.3811911078788624
251,0.2889831736526328,0.38098072273899064
252,0.28832478755120244,0.38043562147640503
253,0.2876694015922304,0.3801465737399068
254,0.2872107346516583,0.3800774936382695
255,0.2865578649411998,0.38016165077667285
256,0.2859959672923824,0.3799434379965706
257,0.28539645495424815,0.3795276663215275
258,0.2845608346305992,0.37928350408904693
259,0.28400851808189087,0.3792237437748771
260,0.2834305551541028,0.3787299892762724
261,0.2826861649688656,0.3783141572106572
262,0.2821375260141385,0.3779113694300512
263,0.2817010859354354,0.3777267757057507
264,0.28099166515261625,0.37713925935929293
265,0.2804526718171908,0.3768695931380405
266,0.27971360446534754,0.37657529641681686
267,0.27909776877147197,0.37630263657956814
268,0.2784047036039905,0.37618431283913545
269,0.27767621739974235,0.3756986615379655
270,0.2771111260508886,0.37539979470776397
271,0.276530840432165,0.3751271746869206
272,0.2754937911890526,0.3750578239377086
273,0.2749891220641187,0.37514184736733336
274,0.27423921548790964,0.3749962516789131
275,0.27348446997225156,0.37474546527458075
276,0.27304593301978725,0.3746228608698825
277,0.2725664263799881,0.37450558490204433
278,0.2719205892615288,0.37413018737137627
279,0.2714605351583146,0.3741439960819906
280,0.27093270364321814,0.37421124594295446
281,0.2702720271104486,0.37431041077415356
282,0.26949261913339884,0.3740324590182854
283,0.2688997845317042,0.3735115763537586
284,0.2684312138950598,0.37350633544797857
285,0.2679099149482195,0.3732087882775072
286,0.2673450171569437,0.373394020539086
287,0.26671708411444567,0.3734046881492641
288,0.2662587075102405,0.3732058693844487
289,0.2656163544281845,0.37312913830406186
290,0.26501408389456427,0.3727050530546426
291,0.2644286528702266,0.37295965404016673
292,0.2638107848217825,0.3729604554235344
293,0.26323577364705836,0.37269090351108247
294,0.26248514122993194,0.37229472631655836
295,0.26206702460194237,0.3721092013938669
296,0.26163847199454116,0.37193642125805987
297,0.2611146890587837,0.3715513575194463
298,0.26052219318285047,0.3711772151023532
299,0.2600452834405556,0.371035426092503
300,0.25961164994673297,0.37091568909123923
301,0.25914948283995937,0.3708705181791793
302,0.25855272869731105,0.3702578268175797
303,0.25811694994033263,0.3702860198799841
304,0.257536164297866,0.36973645818879414
305,0.25704593134228826,0.3697097586035111
306,0.25655247242707785,0.3697549961498101
307,0.2561601957357459,0.36968006044380125
308,0.2556895120955421,0.36958696046601747
309,0.2552596529744896,0.36952899580289206
310,0.25487253781856994,0.3694469823339999
311,0.2544918907117138,0.36950598650984023
312,0.254064370411395,0.3697392348435865
313,0.25352129623703423,0.36968431910342026
314,0.25303666032141914,0.36980052598642676
315,0.25241553405374606,0.36979525531681745
316,0.25182174779395977,0.3692059102845602
317,0.25128081888275466,0.36914998280888806
318,0.250769455891583,0.3689803209046901
319,0.2503410645821634,0.369173306688593
320,0.24980332937099464,0.36894467436671724
321,0.24929006306363966,0.3686306567213881
322,0.2489001735824359,0.36865226365824366
323,0.2484519587510736,0.36844002558024497
324,0.2480397133696155,0.3684413389364259
325,0.24745078217907637,0.3686421548918013
326,0.24704576294719544,0.36866490182050904
327,0.2466204201696287,0.3681719245180533
328,0.24616323717048758,0.36805975715879236
329,0.2456330345750611,0.3679813156827587
330,0.24521851489206198,0.3676916602088547
331,0.24467097276360994,0.3677884372070043
332,0.24422893564494416,0.3676889627102311
333,0.243623310113306,0.36736509824340613
334,0.24314090010983747,0.36711305117189846
335,0.24273120323648917,0.3670093810894407
336,0.24226043894729454,0.3667444039846667
337,0.2417194939062913,0.3664212431379214
338,0.24117809723093947,0.3665168256901665
339,0.24081916083241114,0.36647307919694894
340,0.24044612699028806,0.3662068047332226
341,0.23991894066711814,0.36610987838668285
342,0.23942507850695363,0.3661990205681944
343,0.23896312108755616,0.3658055858837747
344,0.23850172821109442,0.3657501383991135
345,0.23812948472908133,0.3656808928991148
346,0.2376758664153343,0.36542275437348676
347,0.2372312969183569,0.36528886717276826
348,0.23685298863223442,0.3652415521057914
349,0.23640887076960557,0.3650867001079406
350,0.2359841731839654,0.36494467624522303
351,0.23547127786196814,0.3646264256924663
352,0.23492491320878203,0.3645983770704778
353,0.23451194198640657,0.36448852744667154
354,0.23394567316228693,0.3644751555360765
355,0.23344511713588464,0.36433991381414393
356,0.23295428737777485,0.36385463126771456
357,0.23253688046090445,0.3633658139626521
358,0.23214289401096724,0.36336424140384377
359,0.23154215580817256,0.36307831247721956
360,0.23114381431273123,0.36295193855440566
361,0.23076879650543405,0.3626600310961586
362,0.23028651554035082,0.3622643206044951
363,0.2297693942112348,0.3620202679985774
364,0.22931025950651593,0.36161669746801495
365,0.228810332542242,0.36171215844031257
366,0.22827674268920123,0.3615911682430846
367,0.22784998048939614,0.3615564832748581
368,0.22745702634654136,0.3616035412972291
369,0.22693234014208674,0.3613489546395423
370,0.22657109718242105,0.36124761904837893
371,0.22620562821563656,0.3610400979585906
372,0.225875806102793,0.3612265914834533
373,0.2255045787980642,0.36104435508241756
374,0.2251187217664013,0.3611510068876623
375,0.2247665760128997,0.361251669876646
376,0.224405429832023,0.3612753268710049
377,0.22418416126081858,0.36124393066913724
378,0.22364479694003533,0.36128723853063244
379,0.22331518451456792,0.3608732784122202
380,0.22292585957629987,0.36079870687312093
381,0.22257389125057808,0.3607229604325887
382,0.22219661527153806,0.3608221920303083
383,0.22196292675574789,0.3608206495136587
384,0.22152048639212804,0.3608247320036673
385,0.22109662755599233,0.36082567428125384
386,0.22076070837944306,0.3607985181555511
387,0.22042201487760968,0.36056480654649664
388,0.22012880740659685,0.36043004601168144
389,0.21975432188263908,0.36052516240067817
390,0.21952355286031647,0.3605421917914016
391,0.21906456332378105,0.36045408827744685
392,0.21860918686203423,0.36033330870262353
393,0.218219942572757,0.36011336485472295
394,0.2178964272109953,0.3598160519323306
395,0.21753491004476083,0.35988071428327756
396,0.21717790922201208,0.3598607730338569
397,0.21672751686789773,0.359577828274194
398,0.21640614676929176,0.3594305869117588
399,0.21591736549554869,0.3594338901743774
400,0.21551503993996102,0.35895676326186443
401,0.21507579327637752,0.35857017849246225
402,0.21474905195498314,0.3581648333189643
403,0.21437856662096988,0.35813185488424726
404,0.21401448481682744,0.35803766629727446
405,0.21370284098651393,0.35814535165787253
406,0.21341190781704214,0.35807979070577045
407,0.21307613380867632,0.35793119777219035
408,0.21268216348853727,0.3578164326767213
409,0.21214191202885505,0.3579810227966478
410,0.21174937726075252,0.35806967087005576
411,0.21130169471272958,0.357991271217492
412,0.21104476315778609,0.3577748438365809
413,0.21078360559572376,0.3578481350126371
414,0.21044026671201935,0.35774005550226123
415,0.2101370426363471,0.35774279670112535
416,0.20974812094303316,0.3575934921528192
417,0.20932906878675014,0.3574482066683527
418,0.20898716545508225,0.35739366105789644
419,0.2086409877269011,0.3572936325364035
420,0.20826029223065043,0.3573594331170979
421,0.20783761086978064,0.3573470694178328
422,0.2075604686777385,0.35738328674341113
423,0.20718107969513908,0.35738162537310925
424,0.20666410353420653,0.35731508824758607
425,0.2062230503332287,0.3571547855004374
426,0.20588909899205537,0.35715999404131016
427,0.20541947991853032,0.35748963643703335
428,0.2050874480233384,0.3573547499989689
429,0.20474909324726645,0.3572871531700605
430,0.2043849307941332,0.35709776030254686
431,0.20404714056099696,0.3568199746558896
432,0.2036451214715744,0.35671478702192366
433,0.20322145619301665,0.35660528922009993
434,0.20293808789888346,0.3564309686439403
435,0.20258008702864858,0.35641345117699347
436,0.20234726952195925,0.35637468634097325
437,0.20200243056702563,0.3564054851036151
438,0.20171336845414078,0.35654627560117697
439,0.20138814333377378,0.35656902948803954
440,0.2009967376515427,0.35648677194061845
441,0.20064255954347252,0.35624177884413427
442,0.20038056323190573,0.35604048582450304
443,0.20000443246853528,0.3559786957874307
444,0.19974845257168342,0.3560169112846133
445,0.19944155090202992,0.3561869661479948
446,0.19919081318958112,0.35622528892687744
447,0.19886553967981963,0.35629642280103546
448,0.19842074436566795,0.35631957350853144
449,0.19814545710041456,0.35632400454464813
450,0.1978906708086268,0.35630161081575984
451,0.19764703020736984,0.3563318034107099
452,0.19718947622287097,0.3559466501728217
453,0.19691860852231435,0.3559633051484106
454,0.19660036760455207,0.35587791915705436
455,0.1963095634734656,0.3557922275944096
456,0.19606600352119946,0.35584177988759136
457,0.19583081493418011,0.3556798252263353
458,0.19546142642644193,0.355592880442468
459,0.19524049658099896,0.35540726688402274
460,0.19493949841747324,0.35521105546853743
461,0.19470024512131673,0.35527448531529976
462,0.1943278887307165,0.35524292447545897
463,0.19412760502692256,0.35534915923355487
464,0.19377823359870508,0.3554945976274569
465,0.19345389561723705,0.35543281166433055
466,0.19313541275250232,0.35521034455465833
467,0.1929339354436443,0.3550909395031853
468,0.19273792613636365,0.35507087670754
469,0.19239110321625594,0.35518077209639526
470,0.1921274616652765,0.35510072731822284
471,0.19181901153499933,0.35513074820464824
472,0.19160319483557411,0.35523178638817393
473,0.19139765281757895,0.35532338019802073
474,0.19094142147652945,0.3551184684930259
475,0.19064958503836052,0.35486941444615283
476,0.19030595581828919,0.35476144412774796
477,0.18994693877077,0.35486536970162974
478,0.18979151203566827,0.3548962101030805
479,0.18949632059948138,0.3548778031016796
480,0.18906125155362216,0.35463377907258753
481,0.18877625414987448,0.35447719583470694
482,0.18841088196187897,0.354364027214451
483,0.18808986671883257,0.35425671906782585
484,0.18783462879269622,0.3542730234647395
485,0.18756519664417615,0.35410183003391177
486,0.1872011954890245,0.35395289750951187
487,0.18694766732149345,0.3536901298593187
488,0.18677202994929307,0.3536791868880306
489,0.18646124099828223,0.3538854858827797
490,0.18621322922172304,0.35390223859971015
491,0.18599286391921577,0.3539740183057319
492,0.18576478857318646,0.3540064659056494
493,0.18553629385240486,0.3541495895378893
494,0.18524334445816265,0.35428549509231744
495,0.18487545602165367,0.35427571026115573
496,0.18458494222693414,0.3542968497976673
497,0.184371206271472,0.35432936719259417
498,0.18406561111546973,0.3543397766754749
499,0.18368228646211845,0.3541639148626096
500,0.18345063030089687,0.35414341261830456
501,0.1831748107523041,0.35413203055034215
502,0.18287823215347515,0.3540658359227882
503,0.1826623509348573,0.3541124495613285
504,0.18233222235584864,0.3540347926205874
505,0.18211948644787262,0.3539629055980905
506,0.18197441504319173,0.3539773432985844
507,0.1818011810109177,0.3540061394374391
508,0.18149315025539278,0.3541553352372258
509,0.1812426222303201,0.3541061630809149
510,0.18090258995523917,0.35410680092264807
511,0.1806468197457634,0.3538389273138118
512,0.1803624514041441,0.3538425770602183
513,0.18014323131730642,0.3538939650534204
514,0.1798839286820329,0.35378930183997065
515,0.17950321705598407,0.3538515538719057
516,0.17914550652211614,0.353856323029694
517,0.17894607769762486,0.3539710374906651
518,0.1786690806737662,0.3539868703069062
519,0.1784649096886149,0.3539743965311617
520,0.1781316680585607,0.35390364694433685
521,0.1779212225819239,0.3538759123045989
522,0.1776250149684527,0.353766362320942
523,0.17727196594625397,0.35373284955778256
524,0.1770534878301318,0.353682119663074
525,0.17675100572517508,0.3538673665048435
526,0.1764900578504889,0.35380000234982023
527,0.17619001134505483,0.3538648582916332
528,0.17592903121077233,0.3540482747431543
529,0.17563430753873216,0.3537076596766926
530,0.17534379374401263,0.35361371013429915
531,0.17502185910247092,0.3533949914626226
532,0.1747896545281118,0.3535071485217006
533,0.17462187236761695,0.353386612943964
534,0.17444831573937963,0.35326938766364974
535,0.17410505750466604,0.3533059398946782
536,0.17384709364264006,0.35309203928884453
537,0.17360208200853924,0.3532146945916048
538,0.17339062035461814,0.35330462518031375
539,0.17318511059621927,0.35318538715401704
540,0.17299576289558008,0.35311673983030245
541,0.17270039403161339,0.352995570838355
542,0.17235989399238572,0.3527856689118531
543,0.1721390609257317,0.35278604353815485
544,0.17186838678275304,0.35272699575726496
545,0.17164874732116311,0.3525593240351295
546,0.171468690384266,0.35265842935956454
547,0.17130490841371565,0.3525662096457891
548,0.17107021985043935,0.35258871120589674
549,0.1708735976108285,0.3525306025548992
550,0.17064205435819405,0.3525535992185123
551,0.1704940150706511,0.3526351488183129
552,0.17026331056752114,0.35258053898064345
553,0.16999807216652352,0.3524985355713163
554,0.16979644968948204,0.35247302941024894
555,0.16954747012503305,0.3524383778592362
556,0.1693364601054605,0.3523746332001153
557,0.16908931933800211,0.3522260030107191
558,0.16885175967065275,0.35212899134618886
559,0.16864158840058469,0.3521098988675742
560,0.1684594829793208,0.35214028862820856
561,0.1683432677835541,0.3521437354514175
562,0.16812204760174418,0.35211000027717376
563,0.1679007145113471,0.3521466950369503
564,0.16767705873001454,0.35203548815531255
565,0.1675218094226926,0.3519542332571273
566,0.1673725120108929,0.35195475373141427
567,0.16710551546189548,0.35190192814041343
568,0.16683798662955868,0.3518658498851651
569,0.16654139190093156,0.3517440502797072
570,0.16633396269655126,0.3515188225565522
571,0.16601912516620143,0.3513075460011994
572,0.165858198169926,0.3510972824402089
573,0.16568583514675278,0.35097092367491817
574,0.16543885567727604,0.35120805521420806
575,0.1652755092112761,0.35124506133341493
576,0.1649970282459864,0.3513029083023387
577,0.16482056825407967,0.35114330532271515
578,0.16462638161399148,0.35121506981999795
579,0.16440238710689747,0.3514237883986648
580,0.1641689082784834,0.35137856161365266
581,0.16393746180463795,0.35143308923201694
582,0.16368985327303284,0.3513690826879094
583,0.16337487057449954,0.3513113360274591
584,0.1632032979114363,0.3512439819987273
585,0.1630101597082287,0.35103768099635985
586,0.16285763633679637,0.35110589973681056
587,0.16265840106988305,0.35093902992896353
588,0.16245248806653012,0.3511007923977854
589,0.16222826774226182,0.35118864138111977
590,0.16196569075796116,0.35101396977145055
591,0.1617087753328158,0.35086694984932976
592,0.1615072818941596,0.35108868531507337
593,0.1612930136553581,0.35089704849267295
594,0.16099770931058405,0.3507177367310478
595,0.1607531009214373,0.3506369753829495
596,0.16051291209698731,0.35069673885077596
597,0.1603041763789558,0.3505211270510505
598,0.16008513371989794,0.35052979022819847
599,0.1599157547093849,0.3507032724691849
600,0.1597221810016269,0.35053063884240415
601,0.15952036496700747,0.35045403134131337
602,0.15932179102181884,0.3504851901958432
603,0.15907013391087474,0.3504206272828142
604,0.15891402972425014,0.35051458601632607
605,0.15862233845426466,0.3503209469627716
606,0.15845265297758654,0.3503722933344416
607,0.15820935110209103,0.3504726713275372
608,0.15806392484185056,0.3506344281794477
609,0.15783504300591306,0.35056460785363563
610,0.15763264629855972,0.35065844864222095
611,0.15736168181921412,0.3507443251747319
612,0.15720899714980013,0.3507381652876553
613,0.15688515919207519,0.35083070025172985
614,0.15675421749058535,0.35091323468936053
615,0.15655893402422205,0.35087965554912853
616,0.15643434746320858,0.35089519729626334
617,0.15627016224770415,0.35087815594914545
618,0.15614836614177294,0.35100669454290306
619,0.1559669865614264,0.35072180307890505
620,0.15578931683465744,0.3508954115885973
621,0.15562103465041954,0.3509128225871369
622,0.1553972175711053,0.3507427105401737
623,0.15518969158793605,0.3507475398805947
624,0.1549831656522529,0.35066562728357753
625,0.1547471705753254,0.3508726291557255
626,0.1545423382684494,0.35097550094349345
627,0.15432832810641847,0.3509315357615021
628,0.1542071288030193,0.3509144869729732
629,0.15403231405052523,0.35081516573185534
630,0.15384617617972055,0.3507164100271523
631,0.15363790822583576,0.3510242313457557
632,0.15338233157393796,0.3508384455328878
633,0.15326498729229981,0.35093916911554823
634,0.15294577858664773,0.35078564744472057
635,0.15280433638655358,0.3507028252334248
636,0.15260437527872292,0.3506051055922838
637,0.1524244312504129,0.3505806890925774
638,0.15211307775646637,0.350406952289021
639,0.15196292546536402,0.3504698050640304
640,0.15177643273899974,0.3503160829738887
641,0.1515800685761595,0.3501981014749181
642,0.15127911880202827,0.3498606354481994
643,0.15113595071353064,0.35002908475033667
644,0.15093442501527815,0.3500797266616253
645,0.1507816758266715,0.3501827563706888
646,0.15049667842292383,0.35005738316456353
647,0.1503338158508688,0.35001502615334745
648,0.15017395342127213,0.35005020269470244
649,0.1499468458631326,0.3503943533699812
650,0.1496690262195676,0.35050485956115546
651,0.14949606639386231,0.3504603021029556
652,0.14923797349345105,0.3504328468153147
653,0.14906969130921313,0.35030658202174003
654,0.14891300644985464,0.3503718246916003
655,0.14870048022925475,0.35019090703473815
656,0.1485035999128733,0.3501243455668998
657,0.14837146460631936,0.3502329057774302
658,0.14819169800578919,0.3503098404736014
659,0.14800241482434262,0.3500327686682205
660,0.1478367779270035,0.3499762805036617
661,0.14768996450412097,0.34998152219000206
662,0.1474912292609507,0.3498303127362211
663,0.14734112535924287,0.34982940907686144
664,0.14712079231633193,0.349845567874968
665,0.1468462792813904,0.349760759792524
666,0.1466864329815919,0.34994654726165586
667,0.1464812942085508,0.34986362080709255
668,0.14629988236860794,0.34980970321091687
669,0.1460770008175872,0.3497840505816301
670,0.14593207458108978,0.3497917585981388
671,0.145776051043456,0.3497746065297619
672,0.14555504054902219,0.3498770438169227
673,0.1453950652108384,0.34990660987391686
674,0.14519684612120937,0.3501789709098882
675,0.14502462826621962,0.3501058141131206
676,0.1448112632961152,0.35022677936728713
677,0.14460747942611984,0.3501833077484605
678,0.14443882625652418,0.35008562807747773
679,0.1442090088922932,0.34999794857222666
680,0.14391015599192322,0.35004285313764705
681,0.14368938744446189,0.35005996193929334
682,0.14343913362595798,0.35008808799050123
683,0.14317079830371301,0.34989463432766893
684,0.1430200653398768,0.34984162457382967
685,0.14286875170330668,0.3498862435637976
686,0.14264367649973572,0.349864289872323
687,0.1424637002118294,0.34991902543229403
688,0.14227775589860267,0.34999207309749353
689,0.14212855526559195,0.3499815442992516
690,0.1419646926460508,0.34989119275678227
691,0.14180105584368394,0.3498578549980983
692,0.14147287897025304,0.34964077914708097
693,0.14129496729651161,0.34959589878904956
694,0.141102119429671,0.3495654251561009
695,0.14094124082279003,0.3496342113500359
696,0.14076281299550739,0.3496465793340983
697,0.14058961122282967,0.3496746472139848
698,0.14039579556809922,0.3495592163248322
699,0.14025148226393203,0.34960935444480534
700,0.14005173084347747,0.3494107288376635
701,0.13984802762247292,0.34928481675412054
702,0.13967818084781317,0.34919407072249026
703,0.13951777000507895,0.34928141136176855
704,0.1392951465308288,0.3495537108361963
705,0.13905553837911272,0.34954007931000525
706,0.13887759444577497,0.34952772917568153
707,0.13874487846648717,0.3495061694994156
708,0.13862345334591372,0.34950375727048577
709,0.13841741130417548,0.34953323599789793
710,0.13820982080181354,0.34967910842097305
711,0.13800592402323103,0.34958564374958506
712,0.13785081988409256,0.34950497410555337
713,0.13776538034322147,0.34940816738596575
714,0.13759543678977273,0.3494501979661197
715,0.13742965472425014,0.3495898838320786
716,0.13717161021323335,0.34955976588306165
717,0.13703405529449655,0.34973426485536363
718,0.136860869651617,0.3498374049278545
719,0.13667484468939944,0.3497772424524096
720,0.13648215812054043,0.34975638677757515
721,0.136296342845699,0.34979102464195794
722,0.13618114382721658,0.34971572850089927
723,0.1360605574561476,0.3497181204247564
724,0.13589622707245969,0.34973445844589224
725,0.135652215485845,0.3501142726900438
726,0.1354527866613537,0.3501453437099365
727,0.13524962378858763,0.35008722448681984
728,0.1351061089094295,0.3501442253986706
729,0.13496208594162923,0.350115269274439
730,0.1348366767609094,0.3500966923868678
731,0.13471199342110696,0.3501276676244224
732,0.1345775031640212,0.350141863204996
733,0.1344002447471054,0.35027171660578826
734,0.13427960192174287,0.35026457976560715
735,0.13409107684080998,0.35031547496322846
736,0.13392724648086515,0.350405895321029
737,0.1337446571656564,0.35033441637702784
738,0.1335661648191811,0.35026837915686476
739,0.13337014744700135,0.350411802630208
740,0.13315943582869483,0.350474808490535
741,0.13304734179635885,0.3505117971045664
742,0.13291381126226381,0.3505330575700772
743,0.13269173620115124,0.350570722766851
744,0.13246853205416723,0.3504720985839699
745,0.1322919430238752,0.3505262578106573
746,0.13216167877390822,0.35049555069576205
747,0.13198242832691925,0.35048258883200023
748,0.13181646883361686,0.35033778983668123
749,0.13168912407711747,0.3503706588271086
750,0.1314116834838093,0.3503219922869028
751,0.13123721552197576,0.350362421158958
752,0.1310830146515344,0.3503552704406117
