0,0.6785556979195768,0.6803224511756282
1,0.6645163090147734,0.6675079048540545
2,0.6495283547293532,0.6541847121335123
3,0.6401815151304849,0.6453260182412753
4,0.6277103654266255,0.6341017158254474
5,0.6194265663954684,0.626368544057887
6,0.6098274072027068,0.6179147772347334
7,0.6018511243922793,0.6099189755380843
8,0.5942323332405771,0.6032068076228705
9,0.5868038727103987,0.5964222144309276
10,0.5792429222100757,0.58975895307331
11,0.5726450174345782,0.584304702489003
12,0.5662496785795502,0.5787762457876956
13,0.5613091800173785,0.5750267268185668
14,0.5564132537471218,0.570261834110717
15,0.5524297343331167,0.5665098994667062
16,0.5478799834299932,0.5617527879231021
17,0.5450863615919161,0.559081375095934
18,0.5404259331116688,0.5542464968046696
19,0.5375153275668038,0.5523037538144014
20,0.5337723580469947,0.5492115441818188
21,0.5302631642936305,0.5465326751084988
22,0.5262631951911784,0.54282612261215
23,0.5229719462074554,0.5399221092555164
24,0.5201708263870966,0.5375182470416504
25,0.5173875959996285,0.5348109955315898
26,0.5146180327263832,0.5325804179821311
27,0.5124963582932808,0.5305467406343645
28,0.5099813074125614,0.5282891114377396
29,0.5076543256904346,0.5260892643089726
30,0.5051163260209759,0.5238597566124723
31,0.502756297462301,0.5221839303845304
32,0.4995173992396598,0.520144277702088
33,0.49735159065132256,0.5183487537506178
34,0.4950143953117151,0.5160672364693527
35,0.4927341782271531,0.514328443648341
36,0.49109944486520357,0.5130856603986972
37,0.4890431746773514,0.511140359184888
38,0.48628916412773127,0.5087734609861913
39,0.4839573762276927,0.5071218140764324
40,0.48181683394468056,0.50543903803398
41,0.48014457219142687,0.5040809882007146
42,0.47825511908313756,0.5025192315338887
43,0.47585369074806283,0.5002619710929719
44,0.4744001279432182,0.49938743365963306
45,0.47193856075102775,0.4976080871522991
46,0.4704595721811017,0.4961513692757052
47,0.46900913566587277,0.49511309437850476
48,0.467259780328771,0.4937178657767646
49,0.46576945647152207,0.49250385456714707
50,0.46435599367619507,0.49132867162477306
51,0.462524376910041,0.4900522689779327
52,0.4609379374453891,0.48864320866419897
53,0.45902523111641613,0.48699997078086615
54,0.4575432840318173,0.486100087480719
55,0.4559361617101301,0.4854517237724457
56,0.4542909641702151,0.4837484949313555
57,0.45266006488334304,0.4824827855064366
58,0.45129750077761643,0.48184049359929204
59,0.4501419222814962,0.4809178963064936
60,0.44884383590597027,0.47999409961708944
61,0.4473863089904721,0.4790144808145789
62,0.4457560527164754,0.4782992978951594
63,0.4447413123503993,0.47774804426582423
64,0.44320195247430255,0.4767839673896785
65,0.4424810795664409,0.4761271495260189
66,0.44162701331660004,0.47556149447286156
67,0.4404135723766939,0.47470637522694
68,0.43949836670383396,0.47397129355373807
69,0.43832470005722296,0.4729907950382199
70,0.43728197296673177,0.47226185832867384
71,0.4362594471732807,0.4719845337976754
72,0.43496351187471166,0.4712235998408539
73,0.43389952177846053,0.4699385214254494
74,0.4330373217595213,0.46931020921661903
75,0.4317678318762949,0.4685025799710624
76,0.43072433275754823,0.4682636173519889
77,0.42974509932780247,0.46755563826433694
78,0.4286474401385829,0.4664172381255471
79,0.42795384525189223,0.4660034702694238
80,0.42727284186019676,0.46538839527473563
81,0.4260174981085768,0.46451162125382006
82,0.4251407559329859,0.46378106096307353
83,0.4239603861705544,0.46314746120564726
84,0.4228259444161915,0.4623672870110337
85,0.421922958967801,0.4618802652266981
86,0.4209347127264938,0.46095567720820046
87,0.4201721455562124,0.4606081160001593
88,0.4182231499110143,0.45949735547197756
89,0.41760783950361724,0.45896706224205663
90,0.4163460192259991,0.4580281035249275
91,0.41509874589384754,0.45771134977998706
92,0.41406612518703123,0.45686835337633497
93,0.4131263365017306,0.4563597264299876
94,0.41243442682588255,0.45605175019988553
95,0.41160868780951854,0.45548026338546316
96,0.4106479249953704,0.4550640074049343
97,0.4092322467965894,0.45399979420712167
98,0.4084530782684223,0.4534692880622801
99,0.4076411304343024,0.4530290790962264
100,0.4067230189897114,0.45265453154189345
101,0.4057254606728402,0.45212983029011894
102,0.4048233776358962,0.451951263220118
103,0.40422080926736953,0.45159043867501586
104,0.4036850904838578,0.4511790335046767
105,0.4029982186146839,0.4505243059112576
106,0.4022224230360424,0.45035880519885657
107,0.40133763332054817,0.44934228469979137
108,0.40043290330581083,0.44838666987782383
109,0.39938926639268235,0.44738591700616087
110,0.3985532826743774,0.44719804396043644
111,0.3976883597685772,0.4467371395263815
112,0.39678889012174445,0.44616133175936573
113,0.39616455976240006,0.44596663145207227
114,0.39510831422660675,0.445545305486519
115,0.3941684978443685,0.44465968087854113
116,0.3933252806630268,0.4442819693169088
117,0.39250925190287894,0.44321364245477773
118,0.39179342431332614,0.44261504684703745
119,0.39123434089114356,0.4422585888634972
120,0.39032883522428913,0.44145027487880906
121,0.38964277549006465,0.44122677775964314
122,0.38882983718170805,0.4406333995760729
123,0.3882171416031347,0.44033834467906074
124,0.3871862537018559,0.439685851688951
125,0.3865837868142547,0.43929565539189946
126,0.3858152062238492,0.43895856582237724
127,0.38481497995608577,0.43803436115184313
128,0.3841444589621076,0.4380442894136942
129,0.3834601552005313,0.4373821788023081
130,0.3825656253201461,0.43707180090645137
131,0.3816621150528978,0.43666362236093503
132,0.38111087286752776,0.43628702704511796
133,0.38042171841067296,0.43573999982299455
134,0.37959146323167486,0.4349034183205286
135,0.37860369887138967,0.4343963179199209
136,0.37782169161293044,0.4340897078592355
137,0.3769947269081108,0.4333521103734894
138,0.37654576846158383,0.4330385685952202
139,0.37565038469700057,0.43259969631364503
140,0.3746683900659358,0.4317612620613442
141,0.37384035126331966,0.43122046523924285
142,0.3730078232259212,0.43050072066572337
143,0.372218324952251,0.42988628155535874
144,0.37143536324349624,0.4294400259083872
145,0.3704696503595136,0.4286522997061895
146,0.36979087615967143,0.4285722899240865
147,0.369111061422142,0.42823530980866276
148,0.3683298264647126,0.4279860723398535
149,0.36738126015745076,0.4272605484772397
150,0.36664158917870937,0.4267953815431191
151,0.3656736104339243,0.42611066470729514
152,0.3650850691433042,0.42570183458104666
153,0.363876122610061,0.4249254951201143
154,0.3629589528091569,0.42460288029125587
155,0.36232283728371023,0.42410688458501117
156,0.3614742737228975,0.42342542973814157
157,0.3607397227524183,0.4233343309099709
158,0.3600128136679605,0.4230280182889635
159,0.3588723889506512,0.4226234476899227
160,0.35832045782193,0.4223848174021472
161,0.35769679250617586,0.4219126880377571
162,0.35688242003294074,0.4215514258287242
163,0.3560456490444973,0.42081464973140464
164,0.3546164471339981,0.4205371022146769
165,0.3537610516212083,0.42054659858165294
166,0.3527723286678055,0.4200442568177146
167,0.3517945246978267,0.41957338901293034
168,0.35107468736946124,0.4190899659627935
169,0.3501581358909213,0.418920377913817
170,0.3492611130064847,0.4182715440033229
171,0.3483991862119363,0.4178822893499447
172,0.34754819698787354,0.41705941013875103
173,0.34653272988196404,0.4164754743450911
174,0.34572968770339474,0.415956522687188
175,0.34522883100678864,0.41570647065274585
176,0.3442368138814899,0.41545759212032835
177,0.34333478181593136,0.414811131049146
178,0.3424530093344689,0.4142741591455097
179,0.3412774437991693,0.41339891359091446
180,0.34033544103686625,0.4130045230732306
181,0.3398541126940857,0.4128437291831133
182,0.33884595681849433,0.4121351354149448
183,0.33831317793502086,0.41206799726458654
184,0.33755294406974157,0.4114586139128038
185,0.3367740963045296,0.4112226006210494
186,0.33608265806155924,0.4111833922643235
187,0.33480200676940247,0.41035257420515703
188,0.3340547454816432,0.41006611513486285
189,0.3335098082235636,0.4099320188132802
190,0.3327574662267453,0.4095888322132757
191,0.33190934917097553,0.4088495670632184
192,0.33113004708775384,0.4084185012546888
193,0.33031508145632804,0.40773342839435145
194,0.32944393730785143,0.40698982592158245
195,0.3285340545164776,0.40696806192269264
196,0.32788670886561033,0.40663003024918376
197,0.32684002340355944,0.40636647798101044
198,0.3261046877902414,0.40590889273061814
199,0.3252857519319109,0.4052314300367895
200,0.32441681176975484,0.404694327526948
201,0.3236298079477112,0.4043963569933446
202,0.3229300356030606,0.40415062386259337
203,0.32202253173106155,0.4033363983313113
204,0.32127620454975103,0.40300382234147286
205,0.32052233235572275,0.40276378782898603
206,0.3197435663026806,0.402450484796234
207,0.3187669790934593,0.4023114621684759
208,0.31791125566255724,0.4021258195007098
209,0.3172041066827958,0.4018767468203778
210,0.3164147009741699,0.40135196912456833
211,0.3156823189764183,0.4013633965951468
212,0.31485641933829894,0.4010674123689362
213,0.3139686686964915,0.40046222728009623
214,0.313173819607074,0.4003000310662446
215,0.3125136897288915,0.3997479489215231
216,0.3116988891840548,0.3993204726683804
217,0.31095564233234185,0.3990083326118765
218,0.3102800345760771,0.3986842737982901
219,0.3093819133986596,0.398457510057102
220,0.3084795001412695,0.39780010174744806
221,0.3076069840214538,0.3974771505454538
222,0.30684508705679586,0.3970595339953414
223,0.30611369425902096,0.3965590940351863
224,0.30554658748522623,0.3963903233750978
225,0.3047960915790091,0.3957719883326899
226,0.30404323806822253,0.395197507483081
227,0.303215341906903,0.39479328145948084
228,0.3024702226098587,0.3945196294564394
229,0.3018858295289527,0.39429402130315616
230,0.30132317154941785,0.3939453398274925
231,0.30074763869679133,0.39396737595142395
232,0.30006165985936784,0.39387650874422064
233,0.2995010184662275,0.39350985087745505
234,0.29882741095451426,0.39348783469548076
235,0.2981668189906535,0.39315256859683023
236,0.29756943489189286,0.39315903227658827
237,0.29695714908934384,0.393173273177015
238,0.29626825421028374,0.39286499968170435
239,0.29556252522984416,0.39256420798712066
240,0.2950493610997522,0.39245439311693747
241,0.2944658021776175,0.39203598950490665
242,0.29387764113051945,0.39224747653747216
243,0.2932709702021021,0.392465736869002
244,0.2926926897947526,0.39229165188589327
245,0.2920516448722231,0.39195355016354
246,0.2914181152851516,0.39165722017104126
247,0.2906813607133872,0.39116780159127995
248,0.28982533043988506,0.3908996941489054
249,0.2892872432038531,0.3905034787181208
250,0.2885077049236369,0.3903638126247796
251,0.2876638475438211,0.38988932674271787
252,0.2870209914019876,0.38934510921855014
253,0.2864459552685207,0.38885797872184075
254,0.2857110520606669,0.3882965700896728
255,0.2850715508534342,0.3877770323719505
256,0.28447842089242165,0.38764119565742344
257,0.28375625459981,0.387360512351135
258,0.28311887410049114,0.38712618916348274
259,0.2822599984053547,0.38698119593680214
260,0.28165964445553693,0.38660425447478824
261,0.28102745558547576,0.3861003382973294
262,0.280569438869589,0.38582050466632783
263,0.2799696801764536,0.38562487121678973
264,0.2793132300081705,0.3855419276534713
265,0.27873323802096944,0.38505831807833474
266,0.2781036346392549,0.3848189298758282
267,0.2775054802316035,0.3845614857547152
268,0.27692028941025804,0.3842611153447613
269,0.2764002226668275,0.38425220813958055
270,0.27581365307300154,0.38399247994865954
271,0.2752086745425881,0.38345572970484626
272,0.27473247107123294,0.3834462192675555
273,0.2739182861229863,0.3831532676074041
274,0.2733891938795551,0.38289619220363125
275,0.2728588119023161,0.38299481727552
276,0.2723396662278029,0.3823439037688996
277,0.2718595946884655,0.3822258812222498
278,0.2712018034491563,0.3822927653886016
279,0.27057780811138216,0.3820334005294697
280,0.2699799575133162,0.381820046529032
281,0.26936637080158077,0.3818240014937279
282,0.2688343027690802,0.38149899618158517
283,0.268414206831895,0.3815144413149294
284,0.26773515353612,0.3813423871287163
285,0.2671885882208122,0.38134647291914237
286,0.2667057543137253,0.3811673632207003
287,0.26603257948025066,0.3806053638267403
288,0.26553719455364944,0.380365747565174
289,0.2649396288812066,0.3803547647462375
290,0.26441014435328397,0.38032023601692516
291,0.26380003598882285,0.37979301584009156
292,0.26325629101714115,0.37950493972420335
293,0.2627853328052405,0.3793605414644134
294,0.2621390388536526,0.3792530240714974
295,0.2616795906878293,0.37909486418200555
296,0.2611905820638201,0.3789859636235967
297,0.26065190133921545,0.37862615702105823
298,0.2601756470988399,0.3784684153207071
299,0.25955481783191725,0.37830497001379626
300,0.25900900124333665,0.378155983563988
301,0.2586137347751522,0.378223849000247
302,0.25814586689145735,0.37794940223725576
303,0.2576932071897952,0.3778314071497401
304,0.25715231332271116,0.37760891986593836
305,0.25652851660209314,0.3775711857341238
306,0.2560688346440227,0.3774900200643082
307,0.2555555152349093,0.377211540771103
308,0.25502977730322773,0.3771131438000004
309,0.25448090644780286,0.37679371055444744
310,0.2540531173730508,0.37665131577443545
311,0.2535777353419928,0.3767654987396163
312,0.2531331976259705,0.37689800458916384
313,0.2527092076717878,0.37675167537056775
314,0.25221654061871074,0.37650575492981236
315,0.2517129650628507,0.3761266143868907
316,0.2513102244097319,0.3762104528369064
317,0.2509109340874001,0.3761120265821869
318,0.250441901849599,0.37595710458358156
319,0.24990223391666444,0.3757965204123548
320,0.24939084267467773,0.37558023039909055
321,0.2489053305359609,0.3754048529317618
322,0.24844324006643634,0.37498904368359587
323,0.24806620633343351,0.3750446343358908
324,0.24753021963232177,0.3749867558233133
325,0.2470803865431723,0.37463054101833354
326,0.24648206036743697,0.3743812129344599
327,0.245971430143272,0.37421046040462264
328,0.24552990624766297,0.37379382152528384
329,0.24509906987018318,0.3737739407163971
330,0.2445317051005866,0.3737155392130289
331,0.24407627473716031,0.3732509506321954
332,0.24361478965980585,0.3729995515567473
333,0.24318841140507516,0.3727077032821465
334,0.24276374432103456,0.37262971550481916
335,0.24229057817890975,0.37266617510675476
336,0.24161353082886738,0.3722310402923735
337,0.24125359880071043,0.37204137752939326
338,0.2406698611133862,0.371798002987191
339,0.2402702254966244,0.37170997941471734
340,0.2398525621661261,0.3714766106189471
341,0.23935730389545606,0.3713802317772418
342,0.2388005776740975,0.3714635900683519
343,0.23837305017223348,0.3712844722178749
344,0.2379184650336502,0.3709739375046098
345,0.23751012883202016,0.37077558625751855
346,0.2369092874102907,0.37058621045331747
347,0.23631452467167485,0.37010449656516076
348,0.2358074511903329,0.3699236429512166
349,0.23530347419874617,0.36959943985489707
350,0.23472005984111496,0.36963719047408594
351,0.23436813088177752,0.3695289490227215
352,0.23398258448673198,0.3695094658989528
353,0.23357951278893557,0.3693661528890019
354,0.233161553697665,0.36941810513880924
355,0.23279067777499002,0.3690004651188943
356,0.2324209398334733,0.36908956812628724
357,0.23193559265283642,0.36909474746827764
358,0.23154069326213356,0.36902926494269456
359,0.2311803492043633,0.3688865592623168
360,0.2308335165632778,0.36893619450974613
361,0.23029416320220664,0.36911218513129457
362,0.23002870754490698,0.36912368228304393
363,0.22959564554921352,0.3688459506811282
364,0.22903872602438283,0.36872785862776647
365,0.22850964857625278,0.3684388631379886
366,0.22813130510040858,0.36829776160323346
367,0.2276885173392578,0.36814208778309004
368,0.22734182759008645,0.36809664092861877
369,0.22696258724444826,0.36812733309975687
370,0.2264735470303122,0.36824247301628105
371,0.22603674046301334,0.3680424882450165
372,0.22568878002500223,0.3680520402056128
373,0.2253202328233414,0.3678615204722508
374,0.2249679305028646,0.36776580817050497
375,0.2245584723724044,0.3675753369651542
376,0.22428118171745937,0.3675007693644183
377,0.22399109403696082,0.36743214780512934
378,0.22355497698908897,0.36721320238757166
379,0.22308701578209617,0.36744715361402613
380,0.22257432857434287,0.36749634584861257
381,0.22225302264700955,0.36753416722213694
382,0.221955011904283,0.3674476557655327
383,0.22153999837090296,0.3671981798948468
384,0.2211174786178493,0.3672558664133937
385,0.22071426896269583,0.36694429586936966
386,0.22016492398751655,0.36684285258569743
387,0.21981583444730035,0.36655507914387186
388,0.21951517437570173,0.3666518409146169
389,0.21909525179745595,0.3664919884894875
390,0.21848113575722297,0.366193781560522
391,0.21814359052580892,0.3661132904605913
392,0.2177671237114818,0.3660353828203154
393,0.2175745602678424,0.3660898590921189
394,0.2172570188645251,0.36583226723340734
395,0.21690185956249247,0.36575772540300033
396,0.2165846008691221,0.365748402974748
397,0.21626964473701518,0.3658604797283841
398,0.21586681408017377,0.36552938648550165
399,0.21554825521026721,0.36544650282566016
400,0.2152171290572905,0.3654068945317236
401,0.21492867842178764,0.3654395468708261
402,0.21470795246345828,0.3654483894979528
403,0.21434937647494365,0.3654325586662659
404,0.21374648190422282,0.3654464545735537
405,0.21339724905849952,0.36535981174661075
406,0.21313956021935637,0.36543407133402933
407,0.21270430984653527,0.3654343833536353
408,0.21237869199021703,0.3654031394583813
409,0.2120532713463161,0.3654902421654966
410,0.21178432583893586,0.36543494174977725
411,0.21128074828945956,0.36540990395389583
412,0.21100072760037444,0.36536105907573135
413,0.21052361404690167,0.36524264716900456
414,0.2100796802646421,0.3654132823489484
415,0.20972618952781522,0.3655382504808912
416,0.20932538721325408,0.36515431736834886
417,0.20903480638723557,0.3650394893530755
418,0.2086631860972995,0.3649284018207428
419,0.2082136370790145,0.3645811119085424
420,0.20783928826159817,0.36437081018383716
421,0.20742695506474043,0.36427708579140605
422,0.20714176589036679,0.3642018644441101
423,0.20679163032497186,0.36433054970285805
424,0.20638357542067207,0.3642807977807414
425,0.20616807951241092,0.36431566702153934
426,0.20586503498520117,0.364134748239685
427,0.20558498262524005,0.36405309779208017
428,0.20525543505344132,0.36384393196160136
429,0.20487285698457525,0.36380790225837
430,0.20444466270793926,0.36389511743159586
431,0.2041054739883431,0.36379215249491753
432,0.20372981634636012,0.36367489584466023
433,0.2034704209441487,0.36366039689150775
434,0.20307404840399026,0.3636188707135308
435,0.20272011312028576,0.36373544274960723
436,0.20234589786777146,0.3638102615466879
437,0.20207879759918798,0.3638329994288034
438,0.20183614547089423,0.36374857155282747
439,0.20154616052736343,0.3638485108406477
440,0.20122799436341918,0.36374779848921074
441,0.20088146893273592,0.3635280284707648
442,0.20061979596947446,0.3632292793932862
443,0.2002246042158619,0.3629172986106578
444,0.1998370251407344,0.3628387948348735
445,0.19950085647400254,0.3626345686835812
446,0.19919544535888714,0.3623617079839017
447,0.19879864546303677,0.36213320389476816
448,0.19849772554234618,0.36194314676378053
449,0.19816526629723966,0.36176266932206247
450,0.19778355810483028,0.36155792077358234
451,0.19749338170717845,0.36176900898277037
452,0.19721768574777843,0.3616624525583152
453,0.19700855137733533,0.36161088586232826
454,0.19669206920118046,0.36153578101362266
455,0.19631537978672536,0.36156042777965314
456,0.1959097493477333,0.36131840183714803
457,0.19550241564900006,0.3610791556219919
458,0.19521454310312006,0.36094918578731044
459,0.1948431764081605,0.36084989542692786
460,0.19448488433885963,0.36088688399220253
461,0.19426021205880262,0.36093841889050193
462,0.193993576729196,0.36107737177925975
463,0.19362340511878726,0.36119921311443864
464,0.1933591716536061,0.3610969874788462
465,0.19303667854134632,0.36112342827682226
466,0.19261533108633677,0.36084942782604
467,0.19235047386004483,0.36089900894709814
468,0.1920573568769723,0.3606292009526546
469,0.19168171363639241,0.36050519860947916
470,0.19142697583032198,0.3605028214842485
471,0.19113255617487707,0.36063402646249376
472,0.19077355149831055,0.3604334444913328
473,0.1904925930459262,0.3602458301233124
474,0.1901044400387692,0.36005470404213935
475,0.18978629659830798,0.3599149815923961
476,0.18947988693256984,0.36000824711184526
477,0.1892161281543562,0.36000612482728506
478,0.1889407573429808,0.3601188873878596
479,0.18869132266982802,0.35990050081205793
480,0.18846666879514726,0.35990952227477235
481,0.18828078256016476,0.35984926255232064
482,0.18793647991606097,0.3598639444812722
483,0.18762813874688014,0.3598407055482159
484,0.18732198858114185,0.36003625370822584
485,0.1871078560513351,0.35986046827710344
486,0.18669812044435524,0.3597296889300697
487,0.18631672543876548,0.35971909963205695
488,0.18608159007971845,0.35970645039815186
489,0.18575703412956138,0.3596735222845627
490,0.18553166087010756,0.3597145317188964
491,0.1852860086955211,0.3596610333222872
492,0.1850685933144468,0.3597458827685115
493,0.18481460583728362,0.35973241280723217
494,0.18455793408412577,0.359671166702929
495,0.18421331622684337,0.35967823459462184
496,0.1839993381501032,0.3596639729338883
497,0.18365213305088945,0.35972748525998943
498,0.18334658092841558,0.359677131627255
499,0.1831113909871694,0.35965157222210875
500,0.18285424219424207,0.35950593053406926
501,0.1825636837059327,0.35951309538327814
502,0.18227572352907312,0.35932977384450643
503,0.18202105308472993,0.35904364833712626
504,0.18176000873146353,0.35918707852134163
505,0.18158778626921787,0.35930144094621164
506,0.18133738484901274,0.3595343062743605
507,0.1810101476526752,0.3593527738302799
508,0.18071704938911254,0.3590297157344692
509,0.1802968281052146,0.35926556049276437
510,0.1799926451734062,0.3589538484206427
511,0.17973962900955787,0.3591222385551333
512,0.17942075604292732,0.3589997332369475
513,0.17917901982299486,0.35885170146608536
514,0.17893571070632489,0.35878721482937054
515,0.17867118925000944,0.35886391430363396
516,0.17837729761458218,0.35873715449132804
517,0.17818033742734893,0.3583458453469158
518,0.17792058912158296,0.35810421568583534
519,0.17760013552624343,0.35787640529785486
520,0.1772138021586986,0.3576821022558121
521,0.17700720345712223,0.3575057435205968
522,0.17674712370416412,0.3574998147921176
523,0.17633834352459293,0.3574284892207061
524,0.17610979939759477,0.3573088488465071
525,0.17588632640325688,0.3572464099519938
526,0.1756216460398733,0.3571091504857787
527,0.17530472076589307,0.356934055864511
528,0.17509137410961018,0.35706796596010015
529,0.1748306808905578,0.3571705254831259
530,0.174622692635759,0.35729741880244803
531,0.17435900611148572,0.3573354148161912
532,0.17407762806418473,0.35732296941769254
533,0.17379398339216534,0.3573340237698333
534,0.17345070068956114,0.3573129750137897
535,0.17324670279748638,0.357391711725973
536,0.17300063395267587,0.35719308486111495
537,0.17279402594649024,0.3570247097418108
538,0.17255492724489077,0.356870252004364
539,0.17229509027440917,0.3567709803071082
540,0.17198241956580254,0.3570218917809757
541,0.17171194831939907,0.35730735217356474
542,0.171544021172998,0.3573957984198465
543,0.17130027002965903,0.35739923390584905
544,0.1710725349932712,0.35738686018676946
545,0.1707518146103265,0.35716380970314526
546,0.17046669621942276,0.3570900716478549
547,0.17024571907652644,0.3571333757642383
548,0.1700236961460211,0.35717155763534764
549,0.16971867031090607,0.35707662793933187
550,0.1693697006567454,0.35701626275444176
551,0.16911462030737623,0.35697332424218725
552,0.1688464747019508,0.3568474606129441
553,0.16863438428903726,0.35663099528535447
554,0.1684519107126836,0.35659413720574595
555,0.16823974168265374,0.35645557895004654
556,0.16808751061905353,0.3565042652202891
557,0.16783442822839653,0.35638860093986413
558,0.1676028118728055,0.3564978373032373
559,0.16728234247107795,0.35626802953974424
560,0.16709227567898544,0.3562815592538868
561,0.16690038751363714,0.3562116656218985
562,0.16661868080769562,0.3562019132270462
563,0.1664097897145634,0.35620069029830054
564,0.16623034909541862,0.35618101960298654
565,0.16604609400163936,0.35603458785185677
566,0.16582530794087663,0.3558119088780902
567,0.16557094474189415,0.355758556668356
568,0.16529142271659375,0.35579553224011184
569,0.1651121910098677,0.3558254925098715
570,0.16489194752242264,0.35587990224872934
571,0.1646547563390783,0.3559967343630768
572,0.16436035612963895,0.35582872039263364
573,0.16417096476896537,0.35586694368394106
574,0.16397093153875514,0.3557205151216629
575,0.1635190841739152,0.3556734411401075
576,0.1632047551660694,0.3556017599784205
577,0.16299868862610187,0.3554277548462984
578,0.1628116533771244,0.3553453327881801
579,0.1624556680707477,0.35532526218943367
580,0.16225918503259062,0.3553156254529103
581,0.16210065102620735,0.355388376949032
582,0.16194357386239497,0.3553267202718492
583,0.16167125453054315,0.35515591545892106
584,0.16148577142775672,0.35510866041108397
585,0.16125780173426948,0.35497053974444726
586,0.16104741710524473,0.35515007505474916
587,0.1608573366975756,0.35521223889365616
588,0.16061421462927755,0.355067866297049
589,0.16030986437920167,0.3551943396633531
590,0.1601296022914482,0.3551709670432785
591,0.15991023768792226,0.3552229912053968
592,0.1595698784536552,0.3549830845577373
593,0.1593042092086137,0.3548328486050967
594,0.15899624517633074,0.3547047040625225
595,0.15878018843388703,0.35481030339464614
596,0.15856346566680088,0.35465920294862313
597,0.1582932119889708,0.35458777636104116
598,0.15803386010264053,0.35448078937735344
599,0.15791569723290502,0.35433096250923435
600,0.15768259882871796,0.354347167213816
601,0.15746755461510592,0.35432415248750476
602,0.1572567760120135,0.35415500062171396
603,0.15687834368189027,0.3541235674566493
604,0.15659774520205239,0.35410772560638865
605,0.15641089066042768,0.353994524239966
606,0.15617865162891487,0.3538777932868685
607,0.15600134048708417,0.35388309250200795
608,0.15573979308767166,0.35389626637341903
609,0.15553431999885647,0.35403471349067916
610,0.15533163819039605,0.35409507912511456
611,0.1551031154540286,0.3538695707330547
612,0.1549733640323756,0.3539142461191008
613,0.15476865129791026,0.3540417856162965
614,0.1545396086016629,0.35400825738663744
615,0.15436292035436736,0.3540809011521463
616,0.15412488824803852,0.3544047364778605
617,0.15390381585125165,0.3545779806109494
618,0.15367407110518969,0.3547340993570297
619,0.1535559128945289,0.35475874127738316
620,0.15335381451596344,0.3545994398009737
621,0.1531699631380879,0.3545319502674996
622,0.15290141830276457,0.35440024695331235
623,0.1527360269269051,0.3543577349942437
624,0.15256032683230994,0.3542594028507201
625,0.15231483662414813,0.3543844753508629
626,0.15209044691543516,0.35431991522420253
627,0.15189540628890355,0.35430002868759625
628,0.15174207876493281,0.3542775612479189
629,0.15150811188730445,0.35438544751278567
630,0.15132620847903874,0.35443536661079306
631,0.15111029405981902,0.3544660867273008
632,0.15086704024051922,0.3544488390217196
633,0.1506719089544248,0.35430667123273685
634,0.15049729543311427,0.3541456286555107
635,0.15028218829995965,0.35412109477751114
636,0.1500704226793316,0.35395609906162817
637,0.14991784087492302,0.3539211553958346
638,0.14967690704047223,0.35391116467857464
639,0.14949908052693472,0.35396023158145934
640,0.1493465704806474,0.35399596011082657
641,0.14919008582090887,0.35406453463213217
642,0.1489661308869566,0.3539045061028713
643,0.14876617483219598,0.3538469541160814
644,0.1485214117351164,0.35398350290287744
645,0.1482973001206044,0.35387004221974794
646,0.14806033720139503,0.3539294793579803
647,0.14784469353854893,0.3538099796009027
648,0.1476026743821782,0.3536290052102736
649,0.14743383902590598,0.35349921695423475
650,0.14715723947779688,0.3535426426072761
651,0.14696782765855376,0.35341039127885454
652,0.1468082658927804,0.35346124641189547
653,0.1465984482417622,0.3535279293859953
654,0.14639192892958838,0.3534754102784482
655,0.14619250221120328,0.3534247417164843
656,0.14592050047856717,0.35319399278336167
657,0.1457529258196659,0.35311975602750484
658,0.14560209989115427,0.35310920380353766
659,0.14543861472334674,0.35311371266026825
660,0.14532450595838609,0.3531339869152506
661,0.14512408861189788,0.3530715404641379
662,0.14496651273309405,0.3528569941422072
663,0.14472764022864978,0.3527998308938198
664,0.14452821699133822,0.352850245380752
665,0.14439510716484308,0.35274673479922625
666,0.14413896672986004,0.35280942265361387
667,0.1439562241610572,0.35274616400691894
668,0.14378357360825364,0.3525616863522366
669,0.14358053385040534,0.3523978233676631
670,0.14339077752280488,0.3524865147982505
671,0.14322093613110945,0.3524682928151664
672,0.14307948212603863,0.35225202449022125
673,0.14281674055838053,0.352645869560188
674,0.14266657954790418,0.3527838439373307
675,0.14236277168133635,0.3528638297841748
676,0.142185205715075,0.35286716966516674
677,0.14202736056637005,0.3529432354132031
678,0.1417432396761047,0.35308060477403597
679,0.14152915353221834,0.353027246320534
680,0.14133282973791222,0.35325608219635063
681,0.141140280629698,0.35328784950321945
682,0.14099793003400837,0.3533715814402416
683,0.1408320578985052,0.35328955030312087
684,0.1406362218680877,0.3530994215594579
685,0.1404498791028658,0.3531185761313417
686,0.1402484077562416,0.353141290545338
687,0.14005358472117868,0.35299188343984345
688,0.13986633268206872,0.3530937797862854
689,0.13964017962816805,0.3531545858636911
690,0.1394919346251872,0.3530857913444323
691,0.13931111026207685,0.3529658026882674
692,0.13915467668352283,0.35292051503778454
693,0.13897829287161817,0.35276854304690547
694,0.1388170899886824,0.3527878537313311
695,0.13863035616152994,0.35260343866177823
696,0.13851471342360086,0.3526942996937281
697,0.13832801217033558,0.35281360778743
698,0.13819568314272718,0.3529885337696163
699,0.13801521962661686,0.35295170069643167
700,0.13780704165084823,0.35316358137843945
701,0.13765068658748938,0.353223162632892
702,0.13744387722458712,0.35338832160964023
703,0.1372242457394129,0.3535566148052631
704,0.13711464072240626,0.35355938526175185
705,0.13693606395947966,0.3533908374402601
706,0.13674201535889666,0.3535124735026288
707,0.13646354912301392,0.3536552228631242
708,0.13628342474273847,0.3535458639801675
709,0.13611585116237915,0.3534401180906863
710,0.13590985671633093,0.3533941709081378
711,0.1357038246865054,0.3532616125208849
712,0.1355050332859521,0.35307367309753945
713,0.13532834279565364,0.3530001187040903
714,0.13513177774793378,0.3530483114601718
715,0.13500184494856288,0.3529736279617294
716,0.1347975092825556,0.3528083844229651
717,0.1346407867761286,0.35264629759631133
718,0.13448680576455008,0.35282786680059336
719,0.1343341049502628,0.3527347514637801
720,0.13415019436557946,0.35267419629908
721,0.13403260380304421,0.3526035276062003
722,0.13389907031217377,0.35272341557263065
