0,0.6777396216444984,0.6779001046161708
1,0.6642247740633637,0.6641513586698824
2,0.6506573966867146,0.649370024740291
3,0.6403313725992266,0.6385085585601622
4,0.6315623634070662,0.6298083006692312
5,0.621315015735956,0.6196645381175132
6,0.6115582199031627,0.6114139881125523
7,0.6014800229605397,0.6032224908501779
8,0.5935585012316247,0.5961087608080655
9,0.5856665650585988,0.5903006388514135
10,0.5790270728615741,0.5856523881827508
11,0.5729504135608902,0.5806483917203034
12,0.567819943769234,0.5766289370387043
13,0.562750690301795,0.5718035125979738
14,0.5565725919386082,0.566771094151905
15,0.5509978221870216,0.5631815012271285
16,0.5456781163496566,0.5592101206987102
17,0.5415379335437125,0.5565805878267963
18,0.5375115049974867,0.5527667334071276
19,0.5335512158786866,0.5494677415421271
20,0.5301471122432457,0.5466258181469547
21,0.5253850837926716,0.5430576161625024
22,0.5217720933878677,0.5411762031588733
23,0.518715207572084,0.5393605669315882
24,0.5152021860090822,0.537568790223898
25,0.5126229895738195,0.5360924038317757
26,0.5095862591678059,0.5341069505607235
27,0.5068304516936246,0.5330910464917851
28,0.5026440045882746,0.530075344832693
29,0.49928349131452887,0.5275227464091139
30,0.49578219053844846,0.5255518518280923
31,0.4933436506890901,0.5235114449595414
32,0.4911082182409443,0.521937414175867
33,0.4890166285905437,0.5206619472588998
34,0.4872852811186584,0.5193516254206472
35,0.48429111125030877,0.5173368836722562
36,0.4821042618698271,0.5159762817846424
37,0.4791863045812504,0.5148602631164998
38,0.4778990294728177,0.5133656645960913
39,0.4759232407007903,0.5123750168184151
40,0.47407366969370823,0.5107532761307437
41,0.47231778298572846,0.5091685580580456
42,0.4696231200880446,0.5071586036645354
43,0.46774277914174645,0.5054826164896795
44,0.46616414262554473,0.5043377392577936
45,0.46420424321517173,0.5035678261890071
46,0.4628024970570507,0.503123693647231
47,0.46158901786177114,0.5022891930159814
48,0.4598803930390777,0.5014710134988466
49,0.45753920327319597,0.49972572660199766
50,0.45585327982132456,0.4987345814594358
51,0.4547827569543803,0.4979082545292977
52,0.4528138470485661,0.49651001877346124
53,0.4513582126524259,0.49599705741526756
54,0.4500426658786914,0.49539045018496075
55,0.4483411586943136,0.49506542062321623
56,0.446372126030989,0.4935208682518501
57,0.4452211359297173,0.49333201276423266
58,0.4439958097059166,0.49254610549230265
59,0.4427355703844352,0.4921593110482665
60,0.4412317062018352,0.4905740288453887
61,0.43958979181845864,0.48940504712069083
62,0.4385413010468046,0.48892688519743494
63,0.437140130960564,0.4878962689625218
64,0.43566187565465303,0.48668791192628413
65,0.43462055815596007,0.4857877019963757
66,0.4332764236507098,0.48516413772380784
67,0.4322366460333321,0.4842802634696866
68,0.4310561854430695,0.48367415114220447
69,0.42986394651849613,0.482299596451047
70,0.4283894134164467,0.4814449609487764
71,0.4276152421192749,0.4810681867619558
72,0.4265493998481756,0.4802345311287592
73,0.4252044799516803,0.4794685001123966
74,0.42360771070312025,0.4781515534675779
75,0.422683991945762,0.47755579618894106
76,0.42148996678215706,0.47730476072723266
77,0.42046702670107244,0.47680291502472166
78,0.41928925750047924,0.47647322151256577
79,0.4182133477780906,0.47612182378792084
80,0.4171897488016711,0.475639305849719
81,0.41645619183475463,0.47539087094362137
82,0.4156258525467174,0.4751656424705918
83,0.4146123606147367,0.4747364044042276
84,0.41382202092570947,0.4741208837397023
85,0.4128524306152206,0.4737833164376621
86,0.41202319458229436,0.4733881230837161
87,0.41072560941144143,0.4725985799854441
88,0.40968556596867756,0.4720729430854835
89,0.40861661663560084,0.47158539934241167
90,0.4075690501005427,0.47125259135218106
91,0.4067474741596032,0.47108378707268667
92,0.40568856817372034,0.4707055984809981
93,0.40413746199940614,0.46992180980306636
94,0.40345119895866993,0.4695639241907157
95,0.4027530309448017,0.4695232766383286
96,0.4016189641010744,0.4692714479902643
97,0.40084951400447627,0.4690016393841593
98,0.4000937971019364,0.46857252183505765
99,0.3988681906509771,0.4678237091510842
100,0.3979658885003948,0.4674033969543791
101,0.39685430337445715,0.466830614249394
102,0.39591997033888593,0.46663763958411514
103,0.3950444191897117,0.46666990250210405
104,0.3940013779596601,0.466218119223391
105,0.3928096274846041,0.4656698606256551
106,0.3917657060038073,0.46509572654034137
107,0.3910690520530871,0.4651161468254362
108,0.39019846282416853,0.4646213381522435
109,0.3892926444446492,0.464523368129085
110,0.38848262568362135,0.4641027057464284
111,0.3877069494816761,0.4633526331129617
112,0.3865359037653687,0.46224786521960654
113,0.3859527494641183,0.4619576714314765
114,0.3850149497637949,0.4613412129606319
115,0.3840496571571572,0.46097867701355216
116,0.3828814502292419,0.4603269892306164
117,0.3822012460162061,0.4598939375140859
118,0.3815674828102026,0.4596419167691671
119,0.3809070961543477,0.45930570847088736
120,0.37980094377050916,0.45839216349991335
121,0.37914985649439353,0.45820837148310356
122,0.37837455648817603,0.45787053705283143
123,0.3776493586182295,0.4576664174827976
124,0.3768501649382976,0.4569016695926106
125,0.3758594149321381,0.45623602667024266
126,0.37512355061612795,0.45595936651783675
127,0.374151495746439,0.45585235892146975
128,0.3734516139267032,0.4556087675571438
129,0.37259312350024254,0.4550548630530418
130,0.37173131001931536,0.45462056646904553
131,0.37125050745896565,0.45458056777648026
132,0.37057899421624035,0.45438438697768746
133,0.36966884576479436,0.4542344460890471
134,0.3688456362353142,0.4537532018197217
135,0.3681967129963843,0.4533375707025395
136,0.3674714671240584,0.45328100787780745
137,0.3667708792918941,0.4527696947321695
138,0.3662664534210442,0.452473516653211
139,0.3653993773294557,0.4519516136792964
140,0.36474312236421785,0.4515775319477834
141,0.3642488569813945,0.4516521833533448
142,0.36353883704703827,0.45148407198714874
143,0.3623233760096292,0.45063485176478546
144,0.36129844236253367,0.44996299454161665
145,0.3605978190618243,0.4500308602247847
146,0.35970607451935027,0.4501366514983344
147,0.35909047785889386,0.4499324988655303
148,0.3581997807059627,0.4496291147916186
149,0.35754403166872717,0.44925660698758785
150,0.35667863052152243,0.4488747682891469
151,0.35601586779516003,0.4486464288273448
152,0.35533670825229385,0.4483452389128461
153,0.35448676708641585,0.4482173097467804
154,0.3536270983786005,0.44797676104722406
155,0.3529381391735358,0.44763369931743746
156,0.35176327105581034,0.44685550593236717
157,0.3508977432896024,0.4466604793363279
158,0.34998838395370696,0.4460422800325299
159,0.34930269944228226,0.4458572705123016
160,0.348517171274393,0.4455742103921391
161,0.3478090933255975,0.4453511859687234
162,0.34727636992265676,0.445282775823508
163,0.34624706062323557,0.4449268598872265
164,0.3452360168997491,0.44505574956346566
165,0.34418737416249434,0.4441478315099802
166,0.34338969721092283,0.44392633786494023
167,0.34242962025491974,0.44343452713273573
168,0.34171061226056737,0.44279681024616563
169,0.3409882738985399,0.4423276432549293
170,0.3402365407803813,0.44223096564453496
171,0.3396913060180384,0.4421580064058754
172,0.3389433293612962,0.44185733600325366
173,0.3381377041877545,0.4419536100689102
174,0.3371246416848463,0.4414787784212064
175,0.33612469918366117,0.4407553004704664
176,0.33511951794794176,0.44014495658168923
177,0.3343430805464893,0.43983795345207394
178,0.33346455343837716,0.43950769362537356
179,0.33264226727374735,0.43910851916837346
180,0.33170400980437537,0.43871357136609834
181,0.3309388342070975,0.4385195262784181
182,0.33017736995219005,0.43824781800763457
183,0.3293892630325946,0.4378830391426705
184,0.328523395592881,0.4376749268991645
185,0.32770813550005395,0.4370281732759545
186,0.32690194979587733,0.43687666678841414
187,0.32600948944620883,0.4367590420935479
188,0.3253123166801286,0.4366952757234163
189,0.3244940045725691,0.4362912255358345
190,0.323804293658477,0.4361089620147004
191,0.32292967701801983,0.4355517401848276
192,0.3222612280377928,0.4350796950747077
193,0.32134016725733705,0.43505632802476524
194,0.3206674814270526,0.4348798192292924
195,0.3199235399642887,0.4344484979409823
196,0.31901801968086435,0.4342890390669062
197,0.31836256856837825,0.4339720242973241
198,0.31771863261919675,0.433634713909784
199,0.3169941889831637,0.4331675939665254
200,0.31623192602719796,0.4328436229995965
201,0.31530673718884955,0.43230867511289756
202,0.3145615279712935,0.4318242264917046
203,0.3138810000253116,0.4314311827785191
204,0.3131115499154194,0.4314000847093482
205,0.31242742391803924,0.4311746046640882
206,0.311724276469241,0.43080046244883746
207,0.31069951937362816,0.4301502826452897
208,0.30941685681516157,0.4293007579865593
209,0.308699911085585,0.4290194281068783
210,0.30799497425469524,0.4283763085503734
211,0.3072946409855118,0.4286200072735985
212,0.3065112763417561,0.4284717638019494
213,0.3056097173708324,0.427577599296222
214,0.3048146867505692,0.4275337443156919
215,0.30409309783560984,0.4272533488328307
216,0.30324789043786726,0.42678702435678284
217,0.30254251494247414,0.42664416892399065
218,0.3017532556930012,0.42642801884895515
219,0.3010942363806764,0.4258363677312815
220,0.3003637345545654,0.42544987079131535
221,0.29969672278454074,0.4248761960864225
222,0.29891139074092565,0.4246177431330156
223,0.29820755897166157,0.42377979103746566
224,0.297229392498834,0.4234815036584523
225,0.2965266755076744,0.4230902406479686
226,0.2958762064913916,0.4230852628009293
227,0.2950602908252669,0.42255317831661726
228,0.2941919759392518,0.4218863384027479
229,0.29349983842590954,0.42164634612865176
230,0.29283689551287834,0.42140515729217154
231,0.29209818420604267,0.421014700128386
232,0.2913913499724446,0.4204862501348017
233,0.2908325821851576,0.42047772072962536
234,0.2901784170954679,0.4202143658050946
235,0.28944433472672454,0.42005800221447914
236,0.2887218269600011,0.41952102616495884
237,0.2880347187786176,0.4189087448293932
238,0.28737644587837685,0.4182978222988559
239,0.2867385462146058,0.41773249735718726
240,0.28601542944612957,0.4174727054535691
241,0.2852765821927862,0.4173805251908953
242,0.28446096809989097,0.41674070496029825
243,0.28381305561946746,0.41629061171162085
244,0.28326544038136026,0.4162099278650188
245,0.28260251881366144,0.4158774552423505
246,0.28201021576615876,0.4156438972136026
247,0.28130142353701587,0.4154973694935519
248,0.2807215861646257,0.4150109095873305
249,0.280175736428544,0.4148540045551388
250,0.27959188195538764,0.4145089693453886
251,0.27896386439272675,0.41444471417727347
252,0.278309820617219,0.41424847847087853
253,0.277665559517551,0.41407942641871126
254,0.2770695182638346,0.4138786054142536
255,0.2763677753592779,0.413487995873773
256,0.2758825053442432,0.4134462706703251
257,0.2753430246093618,0.41327390381346363
258,0.27472096686321623,0.4131244561405536
259,0.27407275722565205,0.412869053900986
260,0.27346273752270617,0.4124493971202007
261,0.27286464270345123,0.4124228166039027
262,0.2723225340357446,0.4121295910986291
263,0.27185856431285416,0.4119008130014462
264,0.27110857582406617,0.41141474107319403
265,0.27054430245555505,0.41109496462282524
266,0.26993255847791753,0.41066446449495564
267,0.26946347667642395,0.41096836444681634
268,0.268865967563302,0.41067111353482466
269,0.2683031478000127,0.41078570032006634
270,0.26755048089446276,0.4104016388085403
271,0.2670535105656012,0.41015536533153796
272,0.2664543375790911,0.4098343438169862
273,0.26594086689886837,0.40961230722077313
274,0.26545213743997037,0.40939438016798585
275,0.2648330303305376,0.4092974220620976
276,0.2643066294229841,0.4091248717868767
277,0.2635062573878417,0.4086138044027702
278,0.26270880405265495,0.4085918301278099
279,0.2621153634530966,0.40819447782965446
280,0.26149731445707974,0.40803143476457693
281,0.260964905702074,0.40787322178647795
282,0.26043170827219103,0.4074250688359535
283,0.25990184039633774,0.40721871986412317
284,0.25945631173955574,0.4071197754438751
285,0.25873669496994195,0.40669058872726
286,0.25822232841156345,0.4065511891460307
287,0.25784695127296,0.40623047317829686
288,0.2572909387334701,0.4060111422991302
289,0.2566598338089015,0.40619634375200325
290,0.2561877212673524,0.4063144430411004
291,0.2556194811303611,0.4061148287140501
292,0.25511623440817993,0.40582224785604115
293,0.2545617685601324,0.4058034236807122
294,0.2538498960188712,0.4052685234094743
295,0.2533325772176608,0.4046198901398001
296,0.25292314785234027,0.4046585616859467
297,0.25245263494458614,0.4044755626974737
298,0.25204206084521863,0.4046467607374626
299,0.2514360687386972,0.4047880363227584
300,0.25093543366338256,0.40474032676973887
301,0.25035739531841483,0.40481894732563567
302,0.249797068382169,0.4042293595056836
303,0.24919909421140843,0.40417812816726606
304,0.24860209263807018,0.40402319878542947
305,0.24821561132391515,0.40397496608910255
306,0.24767496115216622,0.40357926709959213
307,0.2472094945878405,0.403367616190384
308,0.2466645669344711,0.40291674063456856
309,0.24609561818926354,0.4027198906634603
310,0.24562137984891527,0.4025033918968754
311,0.24519370931948842,0.40262731858101913
312,0.24457031080389494,0.40236276027047646
313,0.24409812861773353,0.4021467375970615
314,0.24364521663917607,0.4019429463533721
315,0.24317003965935174,0.4015756245989877
316,0.242727827710601,0.4015279630011154
317,0.2421426139262333,0.4012443415880834
318,0.24163899708223144,0.40128600899728906
319,0.24108870498276705,0.40116967813743765
320,0.24071017716659965,0.401038883866509
321,0.24029880299737827,0.4008183892476708
322,0.23982836455333226,0.4007461548325828
323,0.23936350954764976,0.40050832379672596
324,0.23883660284503447,0.4005962752950417
325,0.23842962047032482,0.40086584565320377
326,0.23796377925435142,0.4009620581285884
327,0.2374222648787693,0.40062394196069395
328,0.23700407785990038,0.4007738478444714
329,0.2364931015343069,0.4003667447006396
330,0.23614866640728963,0.4003649285903086
331,0.2357000753368681,0.40016370873802093
332,0.23519654973318244,0.4003920681135947
333,0.23474413476354572,0.4002747629165177
334,0.23431556210677137,0.40014027817970677
335,0.23397894198714528,0.4000238351122633
336,0.23359617637334962,0.39993720817879425
337,0.2331218857514127,0.3996060959481263
338,0.2326469734641486,0.3995531544051649
339,0.23223121384660458,0.39971395106210816
340,0.23180249168683054,0.39941945283408103
341,0.23143131106903816,0.39918827065708773
342,0.23103707596465667,0.3992073621595133
343,0.23067763903033764,0.39899417592640324
344,0.23026177995675004,0.3990697138516652
345,0.22990403067814927,0.39876312387685103
346,0.22948068087837337,0.3985319000113066
347,0.22903529353225133,0.3984384821174573
348,0.22855031740574247,0.39854530881660644
349,0.22813957143218475,0.3985253652503474
350,0.22775397618000126,0.3986336364090026
351,0.227388847921858,0.398742401926369
352,0.22693266088358158,0.39860088254204845
353,0.22660162534486938,0.3985102550346903
354,0.2262643645302115,0.3983236174826159
355,0.22583273803003323,0.3976275293940538
356,0.22535160450624736,0.3969799604213389
357,0.2249011549923373,0.3969732478466461
358,0.2244133038390669,0.39698996004778897
359,0.2240457154474138,0.39673817082764
360,0.2237453129651636,0.39665032633997976
361,0.22327160554736883,0.39649450143958515
362,0.22288460093086324,0.3961410053251989
363,0.22257696182848385,0.3962551100920253
364,0.2222281068232587,0.3962989330989825
365,0.22187591612042612,0.39640734115938914
366,0.22154593508333134,0.3961038020231285
367,0.22113589116992804,0.396028423059869
368,0.22070936608725744,0.3958807749265243
369,0.22026182386084717,0.3959153873957744
370,0.2199078215521982,0.3956481297651775
371,0.21945630864146926,0.39544120302325136
372,0.21909244196327463,0.39534585458655996
373,0.21867132171921524,0.3952740771632327
374,0.2182168391935218,0.3951237791944812
375,0.2177115168425907,0.3950281192522314
376,0.21736618271257563,0.394757066643503
377,0.21703958267948195,0.3948564753114372
378,0.2166578739321688,0.39506156894587907
379,0.21624424271290457,0.39485723841562526
380,0.21597387972074883,0.39479349723610613
381,0.21554578642749594,0.3947199911332453
382,0.2150984415269949,0.3945037069839097
383,0.21481974494596487,0.39419959345047983
384,0.21445580953380086,0.3942681112473222
385,0.21412806580285806,0.3941968532256001
386,0.21380346768912092,0.3942394715303263
387,0.2134810750597476,0.39422374087473994
388,0.21318971787801172,0.3938741110020592
389,0.21287187306688493,0.39378221693323107
390,0.21247936884384921,0.39368611364641515
391,0.21206616548225066,0.3937265512072745
392,0.21162217835881683,0.39341191150134835
393,0.2112639251827579,0.39356275740419755
394,0.2107499189152447,0.39325935408518126
395,0.21045527394251426,0.3931686960193726
396,0.21009622075174722,0.3930773126923284
397,0.2096822644627456,0.39308530303535466
398,0.20941030468418506,0.3931348536878674
399,0.20908932637043165,0.3934279198275284
400,0.20872172932927094,0.3933274696064406
401,0.20833550313940138,0.39290821452430624
402,0.20807568971023355,0.39298752946430476
403,0.20764881736708954,0.392877279170258
404,0.20727571587494575,0.39268952795963546
405,0.20695344967082707,0.39276618129181085
406,0.2066071430157684,0.3926410644080861
407,0.2063359102175652,0.3926677498351325
408,0.2059999649742081,0.3927140630784733
409,0.2056422032742802,0.39271699713378927
410,0.20531151452311763,0.39238124256916357
411,0.2048900214477117,0.39241763132809643
412,0.2045541248977787,0.39233914918289015
413,0.2041717616594026,0.392400262900377
414,0.20382759859674654,0.3922447610135598
415,0.20352701692685127,0.39231596757095627
416,0.2030622390875095,0.39186738007335237
417,0.20272615451406084,0.3917911037463809
418,0.20243958717356347,0.391652375100904
419,0.20201526644550796,0.3912982093003833
420,0.20163451868621227,0.39093556898914056
421,0.20135175901830213,0.39077002121439947
422,0.20109294936062874,0.39080993697270505
423,0.20073912521352055,0.3908482387343405
424,0.20043572886819142,0.39078400340352376
425,0.20008459616823704,0.39064644395937154
426,0.19968765353630838,0.39053201688029476
427,0.199466356386741,0.3903990876918685
428,0.19917251459344287,0.390442676209149
429,0.19892636422282556,0.3904395134058767
430,0.19863237224631514,0.390306088565381
431,0.19829545042371935,0.3904869272500831
432,0.19801004823718732,0.390293396599232
433,0.19768704713314592,0.3905441314540619
434,0.19737919447527513,0.3904647172385333
435,0.1970047222412463,0.39055364905860024
436,0.19671256876541507,0.3904762962123307
437,0.19639513997187255,0.390433118037052
438,0.19609681743377105,0.39053968028794994
439,0.19577900430779907,0.3901639063781616
440,0.1954201066151592,0.39015631009705093
441,0.19505210212886553,0.39000497572810766
442,0.19469563403697854,0.3897189661592191
443,0.19437131149157144,0.3898753393640286
444,0.19385624501682835,0.3897303460596404
445,0.19353917421255593,0.38986114441591335
446,0.19321634726411266,0.38995481842703333
447,0.19290247665505986,0.389743526856569
448,0.19259542933099727,0.3896297505689708
449,0.19230267950172403,0.3897530520301725
450,0.19180045268239126,0.38954182916002256
451,0.19155868259757095,0.38961246890036877
452,0.1912809720266824,0.38935588927010917
453,0.1909725493634528,0.3893247430854472
454,0.19074110535768377,0.3892060597140172
455,0.19047180413653295,0.38904725947663177
456,0.1901698896349729,0.38882585556444593
457,0.18993352402637764,0.38880577726313803
458,0.18958972114281833,0.38857925240940727
459,0.18929280286313616,0.38841342184374394
460,0.18900261703433535,0.38840353689636387
461,0.18866018240519525,0.38838429371739236
462,0.18837228495216018,0.38833850511454787
463,0.18803424103308136,0.38795660352550226
464,0.18775435344754524,0.38796753504128456
465,0.1873816125404593,0.38806308828646874
466,0.18693148772725346,0.3878963457485276
467,0.18663358957140638,0.3879159996140156
468,0.18626676739727477,0.38772739605449447
469,0.18604155289914687,0.38779722149580725
470,0.18574655242904356,0.38771334338239966
471,0.18542122524852062,0.38757745467316174
472,0.18513810587886886,0.3875145070275207
473,0.18483474871235772,0.3874418242032178
474,0.1845950017029091,0.38735803795053475
475,0.18430723598413515,0.38703999268499434
476,0.18409336357397904,0.38709668199960123
477,0.18387797717600785,0.38704436550688487
478,0.18361560537837035,0.3869372821922207
479,0.18331359580558995,0.3868337072393778
480,0.1830108489645751,0.3867720903101592
481,0.18274267968144872,0.3870506149788634
482,0.1824713653219879,0.3869228065292159
483,0.1821887118332216,0.3868071737973172
484,0.18182541086369727,0.38666669535909176
485,0.18158517518045567,0.38657522501567076
486,0.18129634462738128,0.3865582962692375
487,0.18108626257725693,0.38672641932662183
488,0.1808415672232471,0.3865514543083254
489,0.18059294140682772,0.38655910008699856
490,0.18030212974279702,0.38627972443941844
491,0.1799444001938083,0.38595368184923207
492,0.17977201235644322,0.3860776917312608
493,0.17946481580043197,0.38621149744352823
494,0.17930093448522455,0.3862782150820768
495,0.17900312240889132,0.38611595939652826
496,0.17877210995382792,0.3864062646017506
497,0.1785199211611497,0.38620346835399044
498,0.1782239123419648,0.3861469827454125
499,0.17791223446925955,0.3864412955001388
500,0.17773674576864051,0.38637595691864374
501,0.17744097063707362,0.3861873057391003
502,0.1771201425193342,0.38624826987113975
503,0.17683960779853403,0.3861025121059057
504,0.1766824114630986,0.3860570792781918
505,0.1764469430743742,0.3859154157116805
506,0.17604900327662043,0.38598479989936385
507,0.17587591762605984,0.3859502761927685
508,0.17565693112374328,0.3858818597262848
509,0.17547273955192438,0.3857020342104323
510,0.17519853895044132,0.3854557185592713
511,0.17494396165115728,0.3852509415268822
512,0.17468249370860237,0.3850554567042643
513,0.1744331683992587,0.38483756738681585
514,0.17420482210728294,0.38484360895499925
515,0.17398407546093847,0.38482413739163285
516,0.1737024001169092,0.3846743933796523
517,0.1735815977760914,0.3845984538649702
518,0.1733725625197392,0.3846446784107604
519,0.17308999304498413,0.3846502968012519
520,0.172820375491492,0.38450147444812094
521,0.17255565193423889,0.3844807805740481
522,0.17234190937354196,0.38441541283205377
523,0.17212963521164457,0.38441343634733316
524,0.1718000020733841,0.38467339516609594
525,0.1715398143574166,0.3847180140642792
526,0.1711999690775621,0.38447492721771287
527,0.17098080937288054,0.3845187633559983
528,0.17076969557096372,0.384492431093909
529,0.1705931259480192,0.3844207768059765
530,0.1703051120405187,0.38427924629696286
531,0.1699834087171289,0.38435339208097763
532,0.16975196645189664,0.3843106550605538
533,0.16944967116520473,0.38434261744350756
534,0.16920380656659886,0.38423956640673335
535,0.16901079258341623,0.38424179468506026
536,0.1687433411104557,0.38421996297727384
537,0.16858689165165774,0.38417772850328125
538,0.16841704124979184,0.38386034060903507
539,0.168163721617326,0.3837513440279455
540,0.1679596464011051,0.38390942340933504
541,0.16776741866860367,0.3837696826229255
542,0.16746829714854536,0.3838124051805777
543,0.16721018075848457,0.3836624221979219
544,0.16700150752639506,0.3839489380513576
545,0.1667828265170855,0.38385813098349425
546,0.1665313334048913,0.3838048192060619
547,0.16623621411151848,0.3837593502300356
548,0.1660069386611914,0.3835855827394773
549,0.16587558342254677,0.38352566635855606
550,0.1656501570636736,0.3833727528410631
551,0.1654485137008097,0.3834196304985768
552,0.16518672543301874,0.3833440916562538
553,0.16490207760767855,0.3832216344964641
554,0.1646599657964055,0.383002574189852
555,0.16441306837189656,0.38330035903470455
556,0.16415220135877054,0.383448885928692
557,0.16391613311362002,0.3834936044635126
558,0.16365341070922254,0.383266779812054
559,0.16342802115359317,0.3831382945130033
560,0.16322167542537303,0.3829092634022316
561,0.16297499760896747,0.3826944217544093
562,0.16276769936781454,0.3828030362013946
563,0.16256050119977106,0.3828681053859887
564,0.16229602188746386,0.38277657155226924
565,0.16204557817356927,0.3827374066458196
566,0.16182667962805977,0.3826414711503625
567,0.1616405713642245,0.3826984761777191
568,0.16142864000966056,0.38265937587537024
569,0.1612363335391654,0.3826745803959195
570,0.1610213395717972,0.3826453936013387
571,0.1607729291229231,0.3825487985002857
572,0.16054422946727065,0.3826702736255553
573,0.16030547589515642,0.38254797527419876
574,0.16012036007258598,0.3825795793564667
575,0.15996892976902274,0.3824693700561879
576,0.15966357408631066,0.3821462766477955
577,0.1594547002029512,0.38219676810600156
578,0.15925045857689005,0.3819849278141399
579,0.1589695250609569,0.381977800729245
580,0.15880174466051572,0.38189464663309247
581,0.15855623036081393,0.38184907420503894
582,0.15839736676471372,0.3817479207064715
583,0.15821307325775572,0.3817860895462495
584,0.157998717046571,0.3817202771440694
585,0.15783205672142378,0.3815924436983174
586,0.15758653108669166,0.38151041178834133
587,0.15735689204278766,0.38143403634711887
588,0.15716798283788,0.3815463887016054
589,0.15690453857121417,0.3814394894316903
590,0.15668809385216906,0.3813766649122174
591,0.15643474440420987,0.38133023947777345
592,0.15622566386768283,0.38130994949657443
593,0.15602746667468906,0.38109775480863145
594,0.15571683981206477,0.3812176991546463
595,0.15552787649357347,0.3814323519856257
596,0.15531196096811584,0.38142154847569437
597,0.1550554280537849,0.3813997394635615
598,0.154898094657972,0.3813873312408362
599,0.15473349971653405,0.3817018096487613
600,0.1545851523736839,0.3816242476693394
601,0.15433923923121207,0.3812783395889107
602,0.154115355334917,0.3812369938880171
603,0.15392987782769782,0.38141279747427415
604,0.15373566951464834,0.3814923743330234
605,0.15356288521427255,0.38136737278849725
606,0.15339008658487244,0.38125940836504313
607,0.15313052288395682,0.38115445692331534
608,0.15287472200529473,0.3811547805333581
609,0.15259926043932864,0.3809395923129577
610,0.15234991442239806,0.38098596608631546
611,0.15219937853981425,0.380900831901032
612,0.1520429709468341,0.3808208981148911
613,0.15185331843868233,0.38079725784593393
614,0.15161572860570108,0.381094666250062
615,0.15150500220356658,0.38109643977170793
616,0.15135571278263393,0.38106618035358153
617,0.15116631444602685,0.38104374131293345
618,0.15093833080891983,0.3812695528471662
619,0.15075311422502627,0.38111670469662656
620,0.15055720422610427,0.38099837830753636
621,0.15024414690575277,0.3808871718570923
622,0.15000096538606092,0.3805835103903677
623,0.14979540157367452,0.3806706725192721
624,0.1495499833266145,0.38058340017568854
625,0.14931356468753204,0.38034254232867715
626,0.14915648386428418,0.3802345431785105
627,0.14898970093678543,0.3802018860170126
628,0.14879572732071755,0.3802130766192818
629,0.1485582655770869,0.3801118730305187
630,0.14836056485694338,0.37995130123938464
631,0.14821199923601103,0.3800612398444296
632,0.14808404523664614,0.3800595199661523
633,0.14782295377834934,0.37999992370754226
634,0.14766541073106657,0.38010184345472153
635,0.14751527767097652,0.3800794711168535
636,0.14733140420465538,0.38000186425442783
637,0.14713926353173523,0.3799948881171921
638,0.14691303599061567,0.3802610292554709
639,0.14674402239882373,0.3803371446328897
640,0.14660930636289898,0.3804320129928968
641,0.1463284722502025,0.3801439799662731
642,0.14617260904739454,0.3799538087912411
643,0.1459464379651519,0.3800401663752377
644,0.14582269178642374,0.3800370343421591
645,0.14565273341083934,0.38007031938611935
646,0.14552150092213487,0.3800748075263803
647,0.14527561979643072,0.3801397208271414
648,0.14502811274350186,0.380127620368131
649,0.14480285207326632,0.38023382525777233
650,0.14463106597183623,0.38014637582066263
651,0.14439309844052942,0.38002591192997504
652,0.14421287737872934,0.3803302308349319
653,0.14404768063057782,0.380109466456212
654,0.14382450280678066,0.3801581445935116
655,0.14357491704494257,0.38009063515522246
656,0.14342306461062124,0.37990365068688076
657,0.14321736040597272,0.37986506235898365
658,0.14306822979240277,0.37974700149505003
659,0.142847426751436,0.3796525928553722
660,0.14262142666966854,0.3796142013271233
661,0.14242953696553312,0.3796152987873264
662,0.1421577934362339,0.37967307175203197
663,0.14198427762161175,0.3795073966123166
664,0.14182873290872136,0.3797069129869505
665,0.14161269530221157,0.3797648799919888
666,0.14143011818176857,0.3794602074287575
667,0.14119588974565406,0.3794468813548115
668,0.141035981186915,0.37946330797458866
669,0.1409062428013162,0.3796847699572287
670,0.14073275341848052,0.3795936330646837
671,0.14050631611855385,0.37960066046496344
672,0.1403216511494141,0.3796602167475153
673,0.14015198915019067,0.37983836289948886
674,0.1399923424534854,0.37999601293454677
675,0.13978902476638094,0.3800970752558184
676,0.13968066313123553,0.3800936867282007
677,0.1394721797014804,0.38026968725386967
678,0.1393053945644601,0.38024249408310123
679,0.13908441978987546,0.3801136032008875
680,0.13892418972986864,0.38009582170842954
681,0.1387644322020842,0.38003631579971925
682,0.13856641876619843,0.3800038558693076
683,0.1384005247694796,0.37977152859820057
684,0.13825434489134317,0.37980376769329655
685,0.13805941179957995,0.3798974683326417
686,0.13785760762822843,0.37962548449728617
687,0.13766900861405373,0.37971405735460567
688,0.13742414490656324,0.37964074746020354
689,0.13726347765990907,0.3797716937272039
690,0.13711390337834645,0.3796457121312709
691,0.1368564014989482,0.37964381157143584
692,0.13668621316362106,0.37966418058993545
693,0.13650942324497498,0.3796509737978126
694,0.13632945223183854,0.37946220684724696
695,0.13615608478960575,0.3794512340466046
696,0.1359598924753734,0.3794201845436063
697,0.13576095174439695,0.37971032303527164
698,0.1356112464884271,0.3795712750125817
699,0.13548441399063618,0.37968100883544315
700,0.13534944525782236,0.3797432915188182
701,0.13517210059096393,0.3797148111991611
702,0.13500628193622263,0.37963657636444015
703,0.1348560278561432,0.379506562566151
704,0.1346666230647789,0.37941501159808
705,0.13448428931556683,0.37924084178454626
706,0.13438025793649538,0.37917138152940427
707,0.13420920697994335,0.37908918017967846
708,0.13402442188557812,0.3790805347638512
709,0.13379555460860293,0.37902980962757893
710,0.13363011392409993,0.37895248933445624
711,0.13345420927889085,0.37920284311941665
712,0.13325729443621015,0.3791411170031523
713,0.13301887515646252,0.3791844314500364
714,0.13286956877243578,0.3791453067550121
715,0.1326440271198653,0.3790970379298739
716,0.13249578515876173,0.3790722020607976
717,0.13235157780202036,0.378853468525292
718,0.13219040352826533,0.3788184596544237
719,0.13202857710566335,0.3787565665113426
720,0.13186285742173257,0.3789274281242507
721,0.13168781079468103,0.3788006075734319
722,0.1315283329081319,0.3785884046812724
723,0.13136560870853958,0.37855007689950815
724,0.13119243930701777,0.3784988276267857
725,0.13100971825193872,0.3783992491305117
726,0.13080008143284355,0.37865534906520465
727,0.13062184808065289,0.3786742392484605
728,0.13042850373485163,0.37877324845564136
729,0.13031656978991127,0.37873838937424315
730,0.13015028672758613,0.378667832580746
731,0.12998766091521982,0.37866019031454795
732,0.1298498442630891,0.378849310911315
733,0.1296780832202186,0.37905641760443903
734,0.12949808889250594,0.378949686103329
735,0.12930190515367918,0.37880989640961754
736,0.12917433923936075,0.37872866840286534
737,0.1289904045630143,0.3786990088049386
738,0.1288378707841265,0.37884903562384403
739,0.12865219538957037,0.37886893190788296
740,0.1284931881154833,0.37885848708156367
741,0.12833350603418248,0.37876748553019735
742,0.12817740794027507,0.37870476069707426
743,0.12802233155806947,0.37856345561468835
744,0.12784546607969408,0.3786866506311071
745,0.12770514112722178,0.37885577630171813
746,0.12762427384830458,0.37876827498828447
747,0.1274727540123423,0.3786419683375745
748,0.12738060546638122,0.3787498045665166
749,0.12720131101662813,0.37869618748806705
750,0.1271043485295182,0.37873249759075855
751,0.12698745938619152,0.37865826961067506
752,0.12678334603965982,0.3786493987110791
753,0.1266284284143488,0.3785753620563903
754,0.12645622607930596,0.37851157485530373
755,0.12626407093334252,0.37845276214117013
756,0.12614223770669236,0.3786737983182978
757,0.12598555093567632,0.3787321393793679
758,0.1259064721123286,0.3786725984832065
759,0.12581855723717572,0.37871279292995785
760,0.1257003931866079,0.3786741338197462
761,0.1255226535299173,0.37864528326708485
762,0.12537051820310197,0.3786121374855198
763,0.12522287863180406,0.37876012740266346
764,0.1250502591006834,0.3789280705658518
765,0.12489008789691516,0.3790521226881252
766,0.1247366060534339,0.3789977449077317
767,0.1246261737821956,0.3788309863010555
768,0.12446622394282345,0.3787813150937594
769,0.12432874835305804,0.37865654416833344
770,0.12418634103568768,0.3785334256092535
771,0.12400885225533888,0.3783616564907071
772,0.12386110992602435,0.3783116766458124
773,0.12376524873118244,0.37828772546678896
774,0.12363666602937953,0.37819003193024275
775,0.12346787011029778,0.37816694294546865
776,0.12326755956125017,0.3780657380114818
777,0.12316683491597412,0.3781148294120758
778,0.12302166839964056,0.37823116376382176
779,0.12285565127274689,0.3782461082593516
780,0.12269379717856449,0.37837137648850067
781,0.12252805273494423,0.37864521280774033
782,0.12241093685186782,0.37878543988974056
783,0.12218993590226898,0.3787318740157692
784,0.12205528093111967,0.3788104053064399
785,0.12195535130752534,0.37882422741863664
786,0.12185461572000914,0.37891600112011736
787,0.12169746363987521,0.37868999245244755
788,0.12149740696251747,0.37886613130834146
789,0.12136465721886025,0.37881549177486185
790,0.12125669574739716,0.37869654508961587
791,0.12108493149438107,0.3785794904592766
792,0.12101166154952937,0.37858293924462977
793,0.12089884383042626,0.3784405203010437
794,0.12080192435340784,0.37847010168240053
795,0.12068780484783359,0.3785782398837898
796,0.12051367809754254,0.378631777170533
797,0.12035963133971093,0.378493295336662
798,0.12017939611063089,0.3784515927470552
799,0.12004256405516328,0.37858086931720597
800,0.11981048731270222,0.37828953529979903
801,0.11966739874123884,0.37817174995483976
802,0.11955368434313607,0.37821352917491313
803,0.11944757014519909,0.37821768703060066
804,0.11931334504896557,0.3780877345874931
805,0.11914139791514144,0.37809632024956163
806,0.11902231667727477,0.37799410697369734
807,0.1189207085771395,0.3779025517915692
808,0.11874199582499181,0.3777174456211203
809,0.1186086760266154,0.37773189037286387
810,0.11846163281552964,0.37753900494216636
811,0.11832249150905652,0.3775225842788888
812,0.11817090274414534,0.37752387980237156
813,0.1180403524739685,0.37749266608910054
814,0.11795382555638187,0.37740137563128906
815,0.11784506159049968,0.3773230070301046
816,0.11774308198079184,0.37742299679622227
817,0.11759947005023197,0.377552131531348
818,0.11745026905804541,0.377499193065381
819,0.11732289410535243,0.3776278812426883
820,0.11727365090883726,0.37757297759334923
821,0.11710213824364123,0.37763217174863495
822,0.11697150392030956,0.3776735137152503
823,0.11682050631406436,0.3776461739761869
824,0.11665236291298586,0.3776900521028505
825,0.11652945440229075,0.37773922307729957
826,0.11636042914508654,0.37760409766131947
827,0.11621366504433547,0.3773852030307438
828,0.11611344895571542,0.3773352805325264
829,0.11598592162998346,0.3773878455483888
830,0.11581895247083566,0.3772696071661783
831,0.11568547582793946,0.3769444234932748
832,0.1155461582931031,0.3768650319503816
833,0.11544778144864468,0.37693332894161663
834,0.11526734909355865,0.3770701689537497
835,0.11507409955309657,0.3769405020999239
836,0.11493052322451472,0.37688930343110744
837,0.11479394842112034,0.37678531697008427
838,0.11467089408372477,0.3768432437889477
839,0.11451574421467807,0.37689115826757985
840,0.11443773300051906,0.37700556132315005
841,0.11428248389724258,0.3770402458696584
842,0.11420820360575408,0.3770536254576329
843,0.11406155967638842,0.37703974154855596
844,0.11395926404478013,0.3771089938151662
845,0.11385046279152888,0.37701438624443473
846,0.11376426878877371,0.37695439712341927
847,0.11366594787315322,0.3769561780083806
848,0.11351412523832313,0.3767419894771771
849,0.11336509923002835,0.3766485257974523
850,0.11323266240509393,0.37678400729043715
851,0.1130974569904219,0.3767745970113375
852,0.11297037070009,0.3767709229200437
853,0.11282218233816386,0.3767853254362188
854,0.11267595237466632,0.37683151082110383
855,0.11256099449228885,0.37687094196121257
856,0.11245739021779934,0.37673918894619324
857,0.11237786914116821,0.3766994694133697
858,0.11225364896220909,0.376702800398069
859,0.11215671569949935,0.37684569986230726
860,0.11206354318677043,0.3768945028639811
861,0.11191277889160135,0.37683546035616516
862,0.11180946214787786,0.3767513814512937
863,0.1117084886280004,0.37686618692094015
864,0.1115858843354368,0.37686406678647055
865,0.11149361497726751,0.3768992845675751
866,0.11140591247381947,0.3770168054484093
867,0.11130379295031245,0.37702552182925314
868,0.11117375089742387,0.37702832168850314
869,0.11106030673501083,0.37692734733061495
870,0.1109631014762566,0.37693006980649224
871,0.11087775186488089,0.37704506727954495
872,0.11076130002440145,0.377070722632878
873,0.1106321804700338,0.3769771288338502
874,0.11051256782314961,0.3771086536052929
875,0.11038863585036846,0.37733858234603157
876,0.11028707715845906,0.3774123366542242
877,0.11017118961403322,0.3775779186113275
878,0.11001758376703143,0.3775959517521312
879,0.10994997288772757,0.3776381385041789
880,0.10983391022733101,0.37752167195055514
881,0.10972101022601384,0.37747554704065184
882,0.1096414174653635,0.37752437100467645
883,0.1095467752314456,0.3774450491336195
884,0.10942719219572017,0.37745535583994344
885,0.10929843301961394,0.3776645519597672
886,0.10911534493493653,0.3776993592468949
887,0.10896003468478152,0.3776989747495967
888,0.10879139118452938,0.3779867233406704
889,0.10868220414019512,0.37788483028517583
890,0.10855905188603547,0.37792978797749455
891,0.10839387723556153,0.37794075190511095
892,0.10826423042767713,0.3778099710751287
893,0.10816402994074123,0.37787200540800586
894,0.10808948095850479,0.377835873464338
895,0.10795584906132888,0.3777475077132379
896,0.10784378258411473,0.37773735399570346
897,0.10773257734640515,0.3777852640111416
898,0.10766628439649703,0.3778372028831898
899,0.10757522129333334,0.37792005148817825
