0,0.5789773516929528,0.5837469322893656
1,0.5539145671008114,0.5639786328385941
2,0.5312061144902229,0.5471406027952268
3,0.5105917943353776,0.5313635653221664
4,0.49122284745654876,0.5173588908168568
5,0.47365450801084935,0.503883558443033
6,0.4569476768787227,0.49219089218483675
7,0.4411124481113528,0.4803029074509208
8,0.427083846254292,0.47041370170033764
9,0.4136887992332195,0.4608758657636433
10,0.40147510641993944,0.45271167076244195
11,0.3896657728327666,0.4454042270584428
12,0.37867604644033775,0.43783853176361814
13,0.36765988105700675,0.4297126423871431
14,0.3576095694180233,0.42287608457946135
15,0.3483018504566475,0.41728244758491834
16,0.33923278927012956,0.41192252096978443
17,0.3303095088411085,0.4061916663516157
18,0.32206238304706025,0.4009982021474783
19,0.31395072390842854,0.3956263095437862
20,0.3062808627819548,0.3914196029820822
21,0.2992696499547386,0.38702547574401136
22,0.292331013826333,0.38313582482149316
23,0.28559635372240316,0.3786365066428387
24,0.27930510608094106,0.3743018551910452
25,0.273209379894189,0.37122119447756036
26,0.26730976532051487,0.36775286922618716
27,0.26162983319201577,0.3648729666882431
28,0.25631883996621047,0.36145378312569815
29,0.2511495663149718,0.359032551704783
30,0.24603697569639327,0.3560171196783564
31,0.24130773865327745,0.35410517140688147
32,0.23644439580811535,0.3524253656989241
33,0.2318398741967683,0.3502179070097916
34,0.22721785105189324,0.348982649128118
35,0.2224820431199571,0.3462123987973558
36,0.21807096035445775,0.3444287605417303
37,0.21376383328113252,0.3421484215928317
38,0.20950274805493033,0.3401096156038031
39,0.2053923174342143,0.33838527917171574
40,0.2013985418717496,0.33707559769242673
41,0.19739075348595395,0.33571182845285774
42,0.1935185375994975,0.334332055557162
43,0.18984291441225648,0.3321496289655415
44,0.18612811582578492,0.33092899838764045
45,0.1826227864896184,0.329564989264251
46,0.17940858002690216,0.32724226966297487
47,0.17596142112074628,0.3256752903264356
48,0.17267545632480666,0.3241577444323053
49,0.16946892310098735,0.32318101984952713
50,0.16633795151310596,0.32223107162565745
51,0.16336235283713796,0.32156410964715904
52,0.16035290183205472,0.32049729155562273
53,0.15752147504492028,0.31993533911474303
54,0.15478000306188713,0.3185809855085988
55,0.15195784627108827,0.3177938379938307
56,0.14907956722159202,0.31704958872463346
57,0.14646470457307584,0.31660990221790425
58,0.1436368333229519,0.31598529977481266
59,0.14117618178635097,0.3153788908139325
60,0.13855727355413636,0.3151023877952467
61,0.13611587389331525,0.3142411268262968
62,0.13368680465908353,0.3140176989407605
63,0.1313968500135341,0.313540079040214
64,0.12906768491236004,0.3124961192740446
65,0.12680121904541988,0.311743441950189
66,0.12460744422486232,0.311367156360307
67,0.12248722584358111,0.3106652554613122
68,0.12040626514358516,0.31051592235835196
69,0.11824377185009444,0.3100197239153112
70,0.11629491939360889,0.3098185008674603
71,0.1143392745981918,0.30966110449902706
72,0.11232678076646782,0.3094069028780319
73,0.1103598056495777,0.3094020828631769
74,0.10844161351193672,0.3090847465698056
75,0.10666839259924674,0.30924918391281564
76,0.10486824441523582,0.3093265028558861
77,0.10319867742630143,0.30933093362060504
78,0.10148960825550407,0.3093808988143177
79,0.09985325451596064,0.3094434249791895
80,0.09822069003026414,0.3093574629128704
81,0.09661957602633132,0.3096931186529813
82,0.09498083908136232,0.30986087573600396
83,0.0935192227428077,0.3099691340848119
84,0.09206673694333445,0.3098294671580686
85,0.09049242693856108,0.30966741861546077
86,0.08907293946629208,0.3098926669038719
87,0.08765373098045656,0.3100008915547763
88,0.08633070594491214,0.31043249623803504
89,0.08501789009268894,0.309968668060358
90,0.08366928199204327,0.3101784145452938
91,0.08239489427678078,0.31011495749026
92,0.08100570961033515,0.3096805332458345
93,0.07990208802027847,0.30987218020651375
94,0.0786213135376432,0.3098198208658649
95,0.07746051949022362,0.3099774915893123
96,0.07630569614003521,0.31054266005241093
97,0.07519512907506529,0.3109025927842221
98,0.07404563755046,0.31093556428820335
99,0.07296109711813964,0.3110345541282856
100,0.07193384227702031,0.3111980470685109
101,0.07083795120350564,0.31124418519921054
102,0.06980461240858056,0.3112628773193734
103,0.06878443743625175,0.31101218529666574
104,0.06775596528768615,0.31127973221506827
105,0.0667874033491502,0.31216437829327615
106,0.06588448447063877,0.31280822841007605
107,0.06489137834772944,0.3133766630684016
108,0.06395206061671016,0.3141807167661913
109,0.06301752194785835,0.3147480579161201
110,0.062157787512075555,0.3150422534209807
111,0.06125970669934228,0.3153361530536464
112,0.0603496294530324,0.3156212882448509
113,0.05947760418402931,0.3156019842641136
114,0.05868918698569474,0.3171264108237485
115,0.05788165158015098,0.3175284982459976
116,0.05705762826734954,0.31762468828435436
117,0.05628701972059588,0.31785218259584436
118,0.05558390158794013,0.3182535485566996
119,0.054848088663791913,0.3187805136530954
120,0.05411221373447926,0.3197969186070827
121,0.053426291650676826,0.32063962003407065
122,0.05274487154939084,0.32126611697736684
123,0.05206993096660717,0.3213456408600327
124,0.05136266127710699,0.3217392843092509
