0,0.6739751182628504,0.6776184456614524
1,0.6570171397922847,0.6618411358605136
2,0.6386974831910603,0.6467598912346244
3,0.625214139636219,0.6353305072819216
4,0.61221804133238,0.624093888439357
5,0.6010786089873837,0.6144148689487768
6,0.5861361171245701,0.6020857336417184
7,0.5761321562325359,0.5945023831972074
8,0.5682588172532439,0.5876983583464788
9,0.5592787304931048,0.5798596635460943
10,0.5528945702426243,0.5747042327549895
11,0.5447023185376229,0.567708410609067
12,0.537285093585398,0.561731095938835
13,0.5304391258234956,0.5554103364398297
14,0.5221073243106259,0.5490461335400053
15,0.5155260039012394,0.5436267707766256
16,0.51029044257375,0.5389288622008513
17,0.5045907250392573,0.5345681217338656
18,0.4997607817843324,0.530384958676072
19,0.4953790000159054,0.5270657723875998
20,0.4888430263806738,0.5222037659084694
21,0.48501825702905715,0.5186150803698553
22,0.481479382864735,0.5157480997943086
23,0.47707586231888394,0.5118765273817142
24,0.47300986374870924,0.509206188381028
25,0.46922401524538593,0.5063405788555803
26,0.464834055989122,0.5036282226048481
27,0.4613853507955144,0.500800993053357
28,0.4581420562281011,0.4980824187021221
29,0.4545201629443582,0.4954412055839195
30,0.4513443897431753,0.4934428996495681
31,0.44817001411374713,0.4911632587832615
32,0.444099396636585,0.488648304185396
33,0.44083908089775586,0.4867081437344986
34,0.4380927235065331,0.48500795312663825
35,0.4355913087422338,0.4830677663356994
36,0.43301784719443653,0.482141456158442
37,0.4306193702897791,0.48135553787672014
38,0.42841599331767416,0.47991662464955503
39,0.4259218630508207,0.47787796415202144
40,0.42220334747686544,0.47464596233285183
41,0.4196683454794793,0.4729050809135023
42,0.4181249512449604,0.4717824409666389
43,0.4158050848076087,0.47058873568679865
44,0.4138715198554518,0.46950768068450943
45,0.410484200687658,0.4675617384152181
46,0.407821655904659,0.46553922748695176
47,0.4059656581789956,0.464049555982945
48,0.4038147356813149,0.4624627880195788
49,0.40171874333847585,0.46080635668091624
50,0.40043030434221366,0.4599987033725836
51,0.39786093282342716,0.4584056920375827
52,0.3957278488492906,0.45716293923208223
53,0.3941948529497329,0.45607175786177667
54,0.3926355064687293,0.45480845358811095
55,0.39079111104694714,0.4537539129630959
56,0.38872590515109684,0.4523215519346115
57,0.38667182418331403,0.451067683135346
58,0.38463903765730556,0.4500125129649802
59,0.38261355542605624,0.44922800954866865
60,0.38057674840388084,0.4480144747508871
61,0.37874233532827933,0.4468182269604203
62,0.3774553480145243,0.44586304290662415
63,0.37557445859530125,0.44465086618953054
64,0.3737017545034701,0.44352977470526256
65,0.3726032601983072,0.44294811695959574
66,0.37036238009163763,0.4418076188657774
67,0.36854855714751367,0.4408780879101013
68,0.3673750481349417,0.4403083310659981
69,0.36642094008465026,0.4399326180969305
70,0.3650529349477336,0.43901685296540593
71,0.3637863841600088,0.4384971523805324
72,0.36272304153358875,0.4379243857883719
73,0.36127348540106086,0.4369637036927052
74,0.3602508843849095,0.43624404466698996
75,0.35872016837187715,0.4353865155148841
76,0.35717225354238696,0.43419881678733424
77,0.35581562418058343,0.4335375411912855
78,0.35439313920138454,0.43305671218292646
79,0.35335639702560423,0.43237871732729677
80,0.351551045777639,0.43114684029389955
81,0.35031886590472877,0.4305106476134714
82,0.34926615461279736,0.42986657498736214
83,0.3476204759771944,0.4288741763327149
84,0.3468135924206787,0.42856318333788573
85,0.34598005052331954,0.42803943294766744
86,0.34489378815715255,0.4277568896760999
87,0.34398835517383347,0.426695873691433
88,0.34234068422284575,0.4259243830375838
89,0.33978379936162567,0.42461336923355275
90,0.33836201562819707,0.42393804806041485
91,0.3374654399952402,0.42361529484554183
92,0.33631995380389573,0.4233980643800017
93,0.3352440908967763,0.42295497426363643
94,0.33385448005890406,0.42205333914450144
95,0.3326833371866712,0.4209276324450649
96,0.3317177059355864,0.42064292098995676
97,0.3306500974465521,0.42025252386498774
98,0.3296619671816166,0.4197663532176743
99,0.32874794731996393,0.4187619604752864
100,0.3279165610599157,0.4180259652468309
101,0.32690204141408935,0.41734765850097066
102,0.3257468494978329,0.41664554501657497
103,0.3248018998428175,0.41637973742885914
104,0.3237967950981499,0.415976734874258
105,0.32255303558231013,0.41517864558556095
106,0.3213529318685321,0.4147816603176767
107,0.31983465677560036,0.41409043401458717
108,0.3189723380018314,0.4135178257996382
109,0.31792116790818864,0.4130735868437314
110,0.31679561710024035,0.41255600399944925
111,0.31607629812538957,0.4122599782324719
112,0.31485426610031914,0.4115134726461279
113,0.31375149295754196,0.4112167278821658
114,0.3127538186249092,0.4105822188639275
115,0.3118483496265116,0.4100058313167508
116,0.3106033871772111,0.40931322909813456
117,0.30981547313961694,0.40872980791184127
118,0.30892034530188633,0.40840225955091664
119,0.3081044953020042,0.40826321870732
120,0.307315505471375,0.40770911877894644
121,0.3065567095592882,0.4070822616635808
122,0.3057809450631376,0.4065252181010388
123,0.30451247613397486,0.40608999095716913
124,0.3036574418192467,0.40582771079446867
125,0.30277513339475465,0.40610560524157524
126,0.30155281745637896,0.40546727819732603
127,0.30101702841131217,0.40522789020029293
128,0.300139265009868,0.4044748160972557
129,0.2992309544672695,0.4040059367559737
130,0.29862298893991157,0.40364491053153834
131,0.2979585379189776,0.40331117138461714
132,0.29693196009536316,0.4029730737410081
133,0.29579528050997916,0.402637864071047
134,0.2943632358223783,0.401810988687306
135,0.2937084907558019,0.4015445311553764
136,0.29248625552318663,0.40127853648627787
137,0.291317308943954,0.4005191377216992
138,0.2904120672439027,0.4001780468287835
139,0.2896602957659878,0.39983341319096766
140,0.28898533581929126,0.39920679116369195
141,0.28790680988303513,0.3988037778243353
142,0.28676597454134367,0.3983199435286401
143,0.28551294589220705,0.3979116499398759
144,0.28480104717470067,0.3978210452436189
145,0.2841169252856766,0.39765788660792084
146,0.283305822868425,0.39692511909417527
147,0.28229125849892783,0.3969198455743689
148,0.281478482291906,0.39654663161620346
149,0.280770785903729,0.3961062589405292
150,0.2799193767706159,0.3960064456874002
151,0.2785344619423096,0.39579348507738576
152,0.2778704944877887,0.39541219218138873
153,0.2770790931476492,0.3951482882375142
154,0.27629911674453944,0.3948810863438804
155,0.2757894020771818,0.39487358193172184
156,0.27488817706134955,0.39479451124006
157,0.27420052108946946,0.3946282602739042
158,0.27296084651692487,0.3943274087342366
159,0.2720602040329001,0.3940377493890159
160,0.2709316428998909,0.39360469498405676
161,0.2702771346723627,0.392927891974108
162,0.269204918764376,0.39276537707805725
163,0.26852664137379756,0.3924384659043417
164,0.26768787122451454,0.3919474057517191
165,0.26665653291466357,0.3913557913795049
166,0.26578369447304134,0.3911814898228235
167,0.2650889986641006,0.39087600059530775
168,0.2644218540239115,0.39050561014426893
169,0.26340182067714624,0.39010936619371667
170,0.26273999312124946,0.38981843304982744
171,0.2619381504177165,0.38933715794059387
172,0.26134580723643935,0.3893793062884004
173,0.2603458704910887,0.3890896678685326
174,0.25961181671490846,0.38907737643448814
175,0.2589659392104998,0.38905571990974597
176,0.257523702296049,0.38918951626215875
177,0.25649788368423404,0.3892565045438959
178,0.2554992337755715,0.3890664691126214
179,0.2547348545760334,0.38863614533236496
180,0.25373456205265754,0.38861133147574817
181,0.25304971580195923,0.3883937981704532
182,0.2522170957002593,0.38833813508866916
183,0.2509748637370968,0.38777354212622206
184,0.2502207888200182,0.38710966634518545
185,0.24957336948265277,0.3870441275532242
186,0.2484205193170638,0.38660976165304634
187,0.24766690192038565,0.38636456703962757
188,0.24644674253193335,0.38558006439158626
189,0.24545504842391727,0.3850283869266528
190,0.24460406297290496,0.3848532543371931
191,0.2435186129534076,0.3844499519774614
192,0.24243952728465235,0.3840574443353022
193,0.24128080583161504,0.3837283137162134
194,0.24070354233004257,0.38341845533352203
195,0.2398498602105123,0.3831339460827193
196,0.23882915550695663,0.38286774067905366
197,0.23789704978853038,0.3827165111885232
198,0.23670811825039217,0.38244089624789757
199,0.23575585297777354,0.3823641937059286
200,0.23473816578767104,0.3815937609508793
201,0.2338553997782777,0.38173152978692615
202,0.23270348635456123,0.380816767294772
203,0.2319279749617532,0.3813145698258812
204,0.23068714569840496,0.3806013314831332
205,0.22990834930167686,0.38038303712966265
206,0.2291537626638335,0.38028063467103673
207,0.22819152810029092,0.3802630718581311
208,0.22724624446211883,0.37988900969772127
209,0.22653947231299956,0.37977722698396593
210,0.225182523943795,0.3792320823460403
211,0.224587134612188,0.3791321444101818
212,0.2238108771032118,0.37878172034305035
213,0.22242761699779698,0.3780587548392119
214,0.2215914947413816,0.3780419419160397
215,0.22096874381698905,0.37798884226309304
216,0.22011282296318038,0.37774228857745035
217,0.21958436819761912,0.3779066739942852
218,0.21901082126224306,0.37783074027267505
219,0.21821294627796162,0.3774970248673758
220,0.2174771340357589,0.3771807925039836
221,0.21644415984044954,0.3767053891965856
222,0.21550411297446115,0.3764207631199007
223,0.21476860128701553,0.3763525632617026
224,0.2140431168897581,0.37579331799327953
225,0.21352324861995708,0.37549333590196754
226,0.21270099596496836,0.3749634289863364
227,0.2121933730894726,0.3748600632763425
228,0.21158328284505787,0.3748876407250484
229,0.21070346806544005,0.37449327212774336
230,0.20987693147382747,0.3741127162371566
231,0.20892788957043235,0.37421004879243436
232,0.20793402026068422,0.3733815826062126
233,0.2071709129508824,0.37279324231541383
234,0.20642156302810755,0.3727617737927589
235,0.2058790015303408,0.3724377484644517
236,0.20512233633462348,0.37210336710535613
237,0.2044388545805575,0.3718140059536088
238,0.20394512546868385,0.3719271996030204
239,0.2033982823568143,0.3719008345671644
240,0.20252797424550997,0.37176863616009803
241,0.20175304534881244,0.3714782111323268
242,0.20107298241443233,0.37123247422462896
243,0.20058971681779075,0.3712002515180142
244,0.20004538656489348,0.37074180120371175
245,0.19920599805754927,0.3705567877558822
246,0.19851034395509956,0.37057809039478995
247,0.19788540287562228,0.37021535110117143
248,0.19698773065600136,0.3700772920453424
249,0.19647819015802828,0.3698192439319449
250,0.1956646439259684,0.36975643596536745
251,0.19481392181693855,0.36957743286514483
252,0.19408747966458148,0.3694147251661206
253,0.19339747694519158,0.3689014756348992
254,0.1927398093157511,0.36865155574918396
255,0.19215196660076528,0.36860372156466986
256,0.19153564186663838,0.3685573798136441
257,0.19078331859696174,0.36835332486631667
258,0.18988677897391348,0.3683178051840752
259,0.18941457760171926,0.3682443007815777
260,0.18878341527562661,0.3678959807161357
261,0.18829470939201604,0.3678077475239318
262,0.18763182555605243,0.3675027098263809
263,0.18710046929993895,0.3674891827727679
264,0.18655106263516355,0.36730968686752585
265,0.1859977187555822,0.36701820430105647
266,0.18539341754385152,0.36684516890027663
267,0.1848469317755055,0.3665756955478539
268,0.1842016345347905,0.36608504767121613
269,0.183656166152777,0.365830292875997
270,0.1830306732032508,0.36561812158445883
271,0.18264874367069472,0.36561994534079045
272,0.18221885444482672,0.36582810174309316
273,0.18169212808988608,0.3659041316912894
274,0.181167587872763,0.3658120657348245
275,0.18050147915377665,0.36535818711368195
276,0.18004082917390152,0.36523590072580253
277,0.17944463287011683,0.36506936859976885
278,0.17864437331525526,0.3646432455570981
279,0.17801079874207837,0.364335353433622
280,0.17756625780741706,0.364323800713405
281,0.17696315555447015,0.36393108793564133
282,0.17653630287939165,0.3637844827552203
283,0.17586995505447423,0.3635268735706996
284,0.17513187722178156,0.3637225797443377
285,0.17460208985277018,0.36377391251755903
286,0.17407848407912477,0.36338581671524023
287,0.1734747393039517,0.363197822202447
288,0.1730387804152342,0.362940712311539
289,0.17251564771997535,0.3629051709277443
290,0.1719861405490726,0.36281373820109225
291,0.17148733710953357,0.36278091007398033
292,0.17094689545630543,0.36265099761967456
293,0.17054503823121153,0.3626790810980824
294,0.16989502449158778,0.3624123482649306
295,0.1694631204513738,0.36250577854683785
296,0.16893622932742425,0.36227253616654853
297,0.16825277902586708,0.36179337788971927
298,0.16780010908778079,0.36191572451692644
299,0.16733747496762755,0.3619372480369121
300,0.16664534478915838,0.36202056100256735
301,0.166086894733043,0.3616240422504953
302,0.1655004010852126,0.36127068284243613
303,0.16513053651090623,0.36122475830068973
304,0.16466124975468402,0.36122259465126655
305,0.16429137638512778,0.3611396857800525
306,0.1636317006341607,0.3609478620326404
307,0.16319105512886736,0.3609729469763098
308,0.1627125067438437,0.3608544338837557
309,0.1622690923901941,0.36100740274638576
310,0.16185784743428663,0.360748741145149
311,0.16129662905640738,0.36057865166879105
312,0.1609583542468787,0.360397064444439
313,0.16047141063089862,0.36040778682412167
314,0.16002548016467927,0.36066158540917015
315,0.1595137986469499,0.3604736275206412
316,0.15897720280523625,0.36033261710279896
317,0.15852481706159993,0.36017212765687834
318,0.15822105742981124,0.36001873700269044
319,0.1578663502239575,0.3601180749935824
320,0.1573917745968793,0.3599588463392963
321,0.1570581442420697,0.36001107018483697
322,0.1565438753137714,0.3599100783434192
323,0.1561893164595043,0.35980685824502745
324,0.15578900372814816,0.3600126273460672
325,0.15549758615175582,0.3601221709186319
326,0.15502347429205415,0.36043026018809055
327,0.15469055655189579,0.36054065258165985
328,0.1541822492823245,0.36041672996394025
329,0.15388313304936205,0.36039296254346925
330,0.15337094264890297,0.3603264678060247
331,0.15304277410364886,0.3604754624891188
332,0.15269265862532844,0.36068641578324373
333,0.15223759726357544,0.36036196159192274
334,0.15179220535168328,0.3601929182129151
335,0.1514180573213086,0.3602081182047342
336,0.15097005726159518,0.3602320697783497
337,0.1505190533978021,0.360234515428589
338,0.15014288894573147,0.36025945134102016
339,0.149776712365738,0.3600085836402671
340,0.14949739052998526,0.35985076754455597
341,0.14913108950099724,0.3599168622587704
342,0.14867005661152602,0.3599569623375938
343,0.14821057820775377,0.3599131791682103
344,0.1478114787774998,0.3596627552532218
345,0.14714493862610037,0.3596256038388021
346,0.14667838498393132,0.3594242736539124
347,0.14640017986426115,0.35959940162039494
348,0.14602538562760628,0.3594035445455956
349,0.14572521993824428,0.35926873081454264
350,0.14541291861733097,0.3592144298595369
351,0.14506428305206398,0.3592153708873854
352,0.1446317124995126,0.3591461918155683
353,0.14431947969715572,0.3590052482001795
354,0.14407240431839485,0.3591362591923782
355,0.14365050232652382,0.3590898458558596
356,0.14323888688370146,0.35878713639918636
357,0.1429573866444414,0.35872156354165424
358,0.14264354378377914,0.3588436013399237
359,0.14236548126466175,0.3589681548584574
360,0.14197666101633297,0.3588658923642955
361,0.1415683298030518,0.3588011160858998
362,0.14116642850040287,0.3586210374727299
363,0.1408402367782792,0.35847669280579747
364,0.1404669845161382,0.35846342222011884
365,0.14013145360115845,0.3585714712574942
366,0.1397984654565339,0.35849263599194586
367,0.13943491255489807,0.35838002462232005
368,0.13907767649485916,0.358454846230172
369,0.13851871574174454,0.35842025080342893
370,0.13802936141229744,0.35837232818371406
371,0.13777890489881053,0.3583502427897546
372,0.13741787753830842,0.3582419735068009
373,0.13710955599287958,0.3582564568487494
374,0.13679048443801983,0.35831219329912817
375,0.1364742883258533,0.35830840828102495
376,0.13620127476330826,0.35821666828526993
377,0.13585938149637256,0.3582035323092565
378,0.1355426746223367,0.3579955775883747
379,0.13515767579437377,0.3579628601860945
380,0.13494388036173355,0.35790974596973574
381,0.13461809737032746,0.35798412028715965
382,0.1343064527619387,0.3581711018327466
383,0.13408524047350942,0.35831427589619547
384,0.13385473120861108,0.3586019507241554
385,0.1335657783143888,0.35844625103108757
386,0.13308310121920194,0.358232983392794
387,0.13266900142897517,0.35822788282281565
388,0.13248975073427313,0.35825547081563597
389,0.13218372208988252,0.3581664060278852
390,0.13174616520918617,0.3581875260584757
391,0.13138196058854454,0.35804829191623766
392,0.13105167331877615,0.3580103062404961
393,0.13077168451142557,0.35808936569080607
394,0.1305772875580408,0.3578648655506233
395,0.13019925277008562,0.3576591875949786
396,0.12988445224996706,0.3574631964325921
397,0.12966387366007953,0.35763798709711336
398,0.12931486042356746,0.3576992765903723
399,0.12905609842152005,0.3576936542691866
400,0.1286589356694206,0.35733294805999044
401,0.1283568485984404,0.357360641942088
402,0.12795751715438874,0.3571109269558621
403,0.12757727868403002,0.3572038664587149
404,0.1271356917966227,0.35721922349767643
405,0.1268636392155712,0.35711295087103073
406,0.12651076894822183,0.357075424712891
407,0.1258921534254578,0.35685277885568556
408,0.12553480627645963,0.3567325636468145
409,0.1252621361017552,0.3567462038299808
410,0.12503229669154187,0.35686396813649385
411,0.12471866233709106,0.3571213937375441
412,0.12441493037897536,0.3572474884609977
413,0.12413478591027609,0.3572788515426415
414,0.12382878742296226,0.35727677223788357
415,0.12356118220644391,0.3573483694809346
416,0.12341273063498355,0.35720103943342824
417,0.12313095318988564,0.3573573029970038
418,0.12293247782858889,0.35727188719139163
419,0.12263545439242056,0.3572731259531458
420,0.1223584210160138,0.35717928485669503
421,0.1221147624033762,0.3574115981214512
422,0.12189910979978415,0.35729498117804626
423,0.12160680645179696,0.35713575876646114
424,0.12117651160232804,0.35735491651997003
425,0.12080241855038928,0.35717349457836
426,0.12036366619050558,0.35713811498177983
427,0.12008314075055768,0.3572668843267165
428,0.11987257755452341,0.3573256804149916
429,0.11957529715407357,0.35719607674776027
430,0.11928588858892501,0.3570754040954504
431,0.11895163072346499,0.3572109455442882
432,0.1187150902036029,0.357139066989296
433,0.11845855129426756,0.3571297023447269
434,0.11819720255595538,0.3571779833923217
435,0.11780575143632228,0.35716890226210385
436,0.11752251369798393,0.35732071045400415
437,0.11725932870544208,0.35741970688026825
438,0.11697034641104265,0.3575064505113224
439,0.1167793611423739,0.3575046435141862
440,0.11648449955516484,0.3574565195918645
441,0.11621491391245722,0.3572162978733211
442,0.11593071760918956,0.3570871009652024
443,0.1157054962540361,0.3572258817612692
444,0.11551822446918884,0.3573862579865625
445,0.1152720792457105,0.3573344592329254
446,0.11501929623759473,0.3572792879611959
447,0.1146194457663398,0.3572935948742805
448,0.11436088062109372,0.3571883928228598
449,0.11409783269471468,0.3572521264890427
450,0.11382802788863915,0.35718692048292594
451,0.11363445798096626,0.3572933065014394
452,0.11338012674446739,0.35715310160971037
453,0.11311359429818622,0.35695696389710374
454,0.11290640917838313,0.35696126122071675
455,0.11242000528857675,0.3569709473300101
456,0.11219227568391921,0.35690422593160415
457,0.1118551715831793,0.3570101551579521
458,0.11166845477845184,0.35708711230660545
