0,0.6743252135159858,0.6754038099517194
1,0.6569589703266753,0.6583770155491785
2,0.6414922158256716,0.6446557332418025
3,0.6247749364265973,0.629925554012648
4,0.6127393044646561,0.6185818850482755
5,0.5998795243738868,0.6070619168113472
6,0.5880200014137738,0.5963677499622876
7,0.5784919113009388,0.5889985050444954
8,0.5705914318750133,0.5819690955609614
9,0.5607493310273599,0.5748144690856315
10,0.5531542375811801,0.5686976233800841
11,0.545049076735276,0.5612750062555193
12,0.5379634746346655,0.5554443004451303
13,0.531024625891696,0.549560059046733
14,0.5227289886806902,0.5420937653434832
15,0.5172887222732814,0.5373303644311964
16,0.5102632055795172,0.5324968502613322
17,0.5034951916884728,0.5268128285214593
18,0.49997012866215973,0.5248627418520537
19,0.4952733255059912,0.5218848346328293
20,0.48932130557728404,0.5182535492566438
21,0.484404440871739,0.5139676221391447
22,0.48088503237926955,0.5117833433110447
23,0.47491925079281955,0.5088399496529961
24,0.469974421138033,0.5055668157564851
25,0.4670079143133439,0.5039509692609683
26,0.4625211083424996,0.5005145930711987
27,0.4584210050803642,0.4977737192220854
28,0.45470538233859087,0.4956813090298799
29,0.45075294588518433,0.4932484715272818
30,0.44734972118080735,0.4908732858545295
31,0.4443719184616723,0.48854526428293327
32,0.4416926284252951,0.48730486264566825
33,0.4386108281042111,0.4857209440333129
34,0.43493425209560693,0.4833915942985291
35,0.43192528714870226,0.4808706001440048
36,0.42907060314282014,0.47835791216303386
37,0.4263296847039907,0.47733469712397075
38,0.4235114344695306,0.4753125024082414
39,0.419883101910723,0.4730878634093769
40,0.41756975019959713,0.47146982774323365
41,0.4156792580356618,0.47073202704597206
42,0.41321453822768306,0.4691915515949665
43,0.4114369331476725,0.4678214622670585
44,0.40898872711632955,0.46635731217374715
45,0.4069168678460977,0.46512165888079926
46,0.40512525073409933,0.4641540082020038
47,0.40305887170563354,0.462382294877677
48,0.40162597966318625,0.46076178297641845
49,0.40008958273311473,0.45980122070603247
50,0.3977629263864886,0.45813248863617567
51,0.39572126308454586,0.45678959770611016
52,0.39349055394605137,0.456016409541702
53,0.39162475209630987,0.45545726539701736
54,0.3897868133264025,0.4550280189617714
55,0.38666732076131066,0.4536828916082816
56,0.385016883992027,0.4522473029854437
57,0.3833292059929258,0.4511615088371255
58,0.38159761879570486,0.44992766397036077
59,0.3792184016172718,0.44829938898252764
60,0.3771837315803525,0.4473497469637829
61,0.37563708230179516,0.44633278288366013
62,0.3744405748722905,0.44578203118406917
63,0.3728308577337673,0.44513112817746486
64,0.37105472060523587,0.4442395855208683
65,0.36933671246043215,0.44329879438373115
66,0.3679781676878886,0.4423707374382328
67,0.366444935145247,0.44185105103655203
68,0.3654602266594023,0.4410279833981449
69,0.36407771618741863,0.4405417175723194
70,0.36218433699735786,0.4401654732945204
71,0.3611077989259316,0.43951277174160336
72,0.35924278422225064,0.43806274945898926
73,0.3580796378781611,0.43763331242070186
74,0.3561293386314837,0.4363527497075692
75,0.35471868352531727,0.43537523815753837
76,0.3536398234823189,0.4349092684744807
77,0.3526353771086096,0.4344745932612462
78,0.3518610813537036,0.4339165487816047
79,0.3501528420564582,0.4325860379179122
80,0.3486040490619127,0.43178784387249824
81,0.34727681675758937,0.43096659470578436
82,0.3454818444618497,0.4299070525823049
83,0.34379565992700084,0.4295916044780396
84,0.3426426825796269,0.42831780533682107
85,0.3414746709492923,0.42768549549114826
86,0.3402485633074465,0.42711137342714
87,0.33932468666543164,0.4266496277178238
88,0.3382101428495366,0.4253944349501389
89,0.3368222708743683,0.4245414129789932
90,0.3359700142450979,0.4241432142969122
91,0.3349919461054585,0.42363923707346124
92,0.3338582026199818,0.42316400783388275
93,0.33290452734049497,0.42292631145832355
94,0.3316554084042062,0.422445469194972
95,0.33051198971451135,0.4216515954126464
96,0.32918220061238657,0.4211968379867431
97,0.32819885921059166,0.4205806869438023
98,0.32737438109322514,0.4200361705351149
99,0.3263217547119152,0.41930830628910787
100,0.3254089179120617,0.4187402705271441
101,0.32427173885614063,0.41856910814505205
102,0.32297023019044135,0.4177746568515996
103,0.32170626868922464,0.41734762949559767
104,0.3205843715599344,0.41731547325302604
105,0.31906760638191245,0.4166568447421013
106,0.3180754201896853,0.4160126338472544
107,0.3170842660771707,0.41539579752241373
108,0.31551383954883727,0.4149894518933735
109,0.31426072069459765,0.4140288942508369
110,0.3134234598171859,0.4134941082231496
111,0.312386680846409,0.41296800817987184
112,0.3115220330271524,0.41262495960644285
113,0.31049570682311606,0.41221059570091445
114,0.3094922273370314,0.4120167311704604
115,0.3085383687384019,0.41125476728367283
116,0.3077456009272164,0.41064880152287386
117,0.3069664556912225,0.4104287242002666
118,0.30602295057438933,0.4099604977480175
119,0.3049430293485251,0.4098171757729668
120,0.3032587388150754,0.40886774864437275
121,0.30260141055903955,0.4082704881301167
122,0.30191115604552554,0.4077735370502152
123,0.3009915368923459,0.4072078709429037
124,0.30005263106244096,0.4068843386619144
125,0.2992743430420374,0.4067459935611197
126,0.2985495098029735,0.40659114795896323
127,0.2975063242546046,0.40598397743439857
128,0.2966904603082715,0.40567619017935713
129,0.2957985507604498,0.40530055673208165
130,0.2948887037153191,0.4049737080056156
131,0.2934494219019225,0.40461921373341814
132,0.2925041105451484,0.4043943113115829
133,0.29144758931128495,0.4040633509984944
134,0.29070809178158713,0.4039458219765346
135,0.28995413174436674,0.40370861245831535
136,0.2891628961806303,0.4036190440543603
137,0.2882844711014543,0.40320367010608377
138,0.2872585067114375,0.40300582724722545
139,0.28633222662398905,0.4026079399500835
140,0.2852650016965751,0.4024311622359487
141,0.2844315542776198,0.40235600528561466
142,0.2834741904969226,0.40188587935792525
143,0.28277420416226184,0.4017660504954554
144,0.2823151826657633,0.40171242201105795
145,0.281363160812505,0.4011224079854411
146,0.2802801928850998,0.4007952386926861
147,0.2792108684981071,0.4005102589643588
148,0.2779838620371646,0.40022693105338464
149,0.2770790842032105,0.4001874914551198
150,0.27597926715411053,0.3997154918715482
151,0.2752066882617206,0.3988871290229761
152,0.27438319086370694,0.39893219277505876
153,0.2734289843733825,0.39857130651632205
154,0.27264985565057737,0.39817201360131077
155,0.27176750838922,0.3979999024967839
156,0.2706646164699487,0.39730999448432425
157,0.2697750939321666,0.3971498074230203
158,0.2688842216536635,0.3969723695494159
159,0.2680884208377552,0.3967779263126376
160,0.2674010626404508,0.3966941459613831
161,0.26625776345448426,0.39633686624167574
162,0.26571855019505236,0.3958157017355521
163,0.2647210438766556,0.3954697091297004
164,0.26346271023934176,0.3950347176233385
165,0.26273052591733004,0.3948264170634731
166,0.2616926143155144,0.3945128682932559
167,0.2606279871906832,0.39411179064389157
168,0.25984133806295284,0.3939532549590083
169,0.2591221294706299,0.39360143729466607
170,0.25852193770929677,0.39321207016708265
171,0.2577590305873193,0.3934355783932854
172,0.2566079549735622,0.39292318203993054
173,0.25578913987746416,0.39228029734586195
174,0.2548483585189913,0.39179311532511824
175,0.25397269418027363,0.39154935605483365
176,0.2528929484438446,0.3912426681189425
177,0.25205074319039394,0.39089451045897405
178,0.25094801824940693,0.3907672306269585
179,0.25010930617201305,0.39093676955603607
180,0.24922453964037017,0.3902624951570335
181,0.24839009708244114,0.39008442290536327
182,0.24736577888865524,0.38957682510362285
183,0.2461845733189895,0.3893260597884124
184,0.24538964112694225,0.38871705157270625
185,0.24442454072381653,0.388575705050865
186,0.2437944421655455,0.38824885019250277
187,0.24280416403589128,0.38790229779721513
188,0.24188056020172002,0.3873931441358354
189,0.2411386207427545,0.3872070882829985
190,0.2400396118679596,0.38662624281064234
191,0.23911818546744493,0.3862999309596013
192,0.2382324375990141,0.3861793182459088
193,0.23714059322457953,0.3859889237872411
194,0.23611646613434545,0.38583666645365583
195,0.23527364131430534,0.3854096608422096
196,0.23436033710770401,0.38496411790530344
197,0.23356043803130166,0.38454259358741405
198,0.2324906805800503,0.38410272235349846
199,0.23171989641740953,0.3839448307016536
200,0.23064384106650038,0.38370050634199004
201,0.2298236212710634,0.3839288910981735
202,0.22862298045225665,0.3834494936189983
203,0.22781735499215416,0.38301894018462407
204,0.22680472846145655,0.38266153969208994
205,0.22603582638627776,0.38236023077456893
206,0.2251420508653611,0.3819709974497628
207,0.22438336730775396,0.3814772201219902
208,0.2237352859721222,0.381193735176718
209,0.22268097507569198,0.38102288389362415
210,0.22160585408332625,0.38094171622112916
211,0.2209347129432362,0.38088970093160807
212,0.22033497504151406,0.38079295285903464
213,0.21947935439484745,0.3805278262157409
214,0.21866580326885118,0.3802477596320804
215,0.21770432632059025,0.38023809469014463
216,0.2167962876380183,0.38017302138388737
217,0.21605236597109057,0.37985798037354257
218,0.21516869017352605,0.37960775662656676
219,0.2145554883405074,0.37943850804295765
220,0.21379484332449972,0.3795600883388006
221,0.2130846449784775,0.37957510265942973
222,0.2121123639901668,0.3794657055211767
223,0.21142952630117617,0.37952321169471914
224,0.21084250085116882,0.3793037785945263
225,0.21003992425067586,0.3793160630842061
226,0.20925408258527997,0.37905109894548095
227,0.20835458690720576,0.3788137113253509
228,0.2075516791202319,0.3787581015554236
229,0.2067477231367166,0.3786850344811216
230,0.2060336920804734,0.3783053974552302
231,0.2053621996985859,0.3781566715417534
232,0.20468637867757578,0.37792853273196125
233,0.20388378751861286,0.37772747510901156
234,0.20327600385149794,0.37757728892962
235,0.20264796775692107,0.37734555661004693
236,0.2021335989336291,0.3773856635954733
237,0.2012976638405546,0.3770736121203164
238,0.2004582427689245,0.3767505229702749
239,0.199710024510415,0.3768359859718876
240,0.1987864575874402,0.37638394128684144
241,0.1980611826587363,0.3763888642923119
242,0.19737623788725595,0.3764509495425316
243,0.19666668635473233,0.37616774583409474
244,0.1958530204128863,0.3759908354475566
245,0.1952807390843273,0.37607717538027363
246,0.19439052852343827,0.3758787085067951
247,0.1935481220668912,0.375400388404746
248,0.1929743052126671,0.37502811322633256
249,0.19209967773853787,0.37515172006988784
250,0.19142619766612043,0.37494294133559425
251,0.19081473312021374,0.3746601383240209
252,0.18988652479522936,0.37462905107491995
253,0.18925900708124763,0.37443819294156583
254,0.1887762095688584,0.3742444762236399
255,0.18804468908855565,0.37380292750741767
256,0.1872296374652583,0.3739398036570245
257,0.18659770854128643,0.3737735978873282
258,0.18592631511494592,0.3734381919847179
259,0.18517055579303845,0.37341177553202354
260,0.18462450189568633,0.3731032066064391
261,0.18392046386124422,0.3729703616162668
262,0.18351208996849971,0.3728711268154018
263,0.18290823748905902,0.3725549380201087
264,0.18231776576886063,0.37230121031012514
265,0.18180194134180694,0.3719781121483006
266,0.18119185045115332,0.37173622759735414
267,0.18052460387311708,0.37170130695908266
268,0.18001380946389697,0.3718166658846927
269,0.17944437744277608,0.3715748208886871
270,0.17891923389233846,0.3714106406364366
271,0.17847801325485768,0.37128838977979983
272,0.17782658877103788,0.37159688307956384
273,0.17710884506591384,0.371252504924856
274,0.17653249627082138,0.37107143760783917
275,0.17586691452556114,0.3708083368741378
276,0.17542962342458343,0.37112234498551216
277,0.17494419167650863,0.37115595321923744
278,0.17450553482851866,0.3713879402472848
279,0.17395761223795977,0.37103606520782456
280,0.17335241899350248,0.3712799152589672
281,0.17279892940612862,0.37150681909141503
282,0.17232669418184823,0.37130173693418317
283,0.17183242888814426,0.3708631445483597
284,0.17134485262274513,0.37078589933375034
285,0.17089441376106781,0.3704148704377577
286,0.1703567096543531,0.3701878482786872
287,0.1698975975967662,0.369934805863735
288,0.1692463285017669,0.36995911979695323
289,0.168745192372199,0.370155467770262
290,0.16828180729240935,0.37020522747235174
291,0.16761520725386644,0.3699103138988658
292,0.1671766737651276,0.3697368735929179
293,0.16647761599132418,0.36982809628331326
294,0.1659031125893873,0.36978210182674565
295,0.1654801203554411,0.36974616013545863
296,0.1650261480876737,0.36969002530623113
297,0.16471151095065859,0.36968080628266353
298,0.1642869260189688,0.369681277265255
299,0.16362388314865875,0.36976906854240726
300,0.16312743830089607,0.36973417100083344
301,0.16242190584379854,0.3694527746828578
302,0.16190564462867302,0.36931368920730073
303,0.16141539668512192,0.3690906810904093
304,0.16100001965405455,0.3689520329961126
305,0.16045773703065297,0.3687309131293037
306,0.15977156030995457,0.3681515707397256
307,0.15949396610687389,0.3678679351617396
308,0.1590896011570219,0.36781942974658033
309,0.15866389641739642,0.36761898520173736
310,0.15833257711629112,0.3675288593380004
311,0.15793350500187844,0.36724720823855594
312,0.1573999055318816,0.3670228127086446
313,0.1570658653783985,0.3670215171419158
314,0.15660639868459822,0.367373703754312
315,0.15620406053270017,0.3676043181154061
316,0.15580074193939358,0.3675135115954037
317,0.15542545149700054,0.3675156748823238
318,0.1549815641198639,0.36741452149925813
319,0.15462635238533048,0.36732337308850627
320,0.15412204063903936,0.36717025887890115
321,0.15365891668924872,0.3671745395572074
322,0.15335301556084094,0.36707826861663695
323,0.15295283731019965,0.3670352898019239
324,0.1523877347787749,0.36690085235947145
325,0.15199388346176654,0.3667559219162351
326,0.15169601958735443,0.366600167849778
327,0.15123014004879878,0.366603384812721
328,0.15092871660116036,0.3666730314746369
329,0.1504249661870866,0.3666510798994355
330,0.14997066529883757,0.3668268591416846
331,0.1496224560137979,0.3669044731521007
332,0.14923435620995085,0.366613458278068
333,0.14860453890666597,0.366776812127996
334,0.14820018663688284,0.3667325945148223
335,0.14785622296169965,0.36677659229046905
336,0.14766654052025438,0.3667423321285021
337,0.14725322190828732,0.36665957189690074
338,0.14671825120575627,0.36676471913194825
339,0.14631232109655432,0.3667128298165035
340,0.14586610394103358,0.36678920687673355
341,0.14555575409443755,0.3667782413879061
342,0.14508519755657187,0.36671022561082034
343,0.1447485234226983,0.36666003158685967
344,0.1442943604959915,0.3666353442691906
345,0.14398537886885623,0.36649611926509634
346,0.14347384164777977,0.3663581579825265
347,0.1430993579195612,0.36649583756246223
348,0.142808479127434,0.366594854188334
349,0.14247115322433268,0.36673179609797185
350,0.14206123688021152,0.366766322220226
351,0.14168551041784777,0.3667513796782193
352,0.14120112999460305,0.3668152690321175
353,0.1407418762957281,0.3666425391485294
354,0.14028970752390973,0.3665954483001287
355,0.13997700254790074,0.3664019597730639
356,0.13943957453315423,0.3662987518753288
357,0.13915528883818293,0.3661256340238546
358,0.1388340446637156,0.36612112055095647
359,0.1384771654110066,0.36606970639882186
360,0.13818823862422042,0.3662023467656825
361,0.13781659542739258,0.36606234879649313
362,0.13755736401328728,0.3662051135803357
363,0.13712623535315455,0.36625509309225296
364,0.13680639636572112,0.3660865169404638
365,0.13652970398668648,0.3660305319247576
366,0.1362185003846478,0.365934750098338
367,0.13573957031738962,0.3660809599887909
368,0.13548166138330978,0.3661099610118757
369,0.13498562619020163,0.36601123767398985
370,0.13463691455892335,0.36571218994354165
371,0.1342775992090988,0.365602204958086
372,0.13388019152568614,0.365364065575905
373,0.13362200664538038,0.3652935319627134
374,0.13329222569960492,0.36508671762839173
375,0.13296710334505524,0.36486241208268405
376,0.132524091599225,0.3647362998089865
377,0.1321516206973985,0.3646866808532424
378,0.1318120651196727,0.3646711953591832
379,0.1315045682597682,0.36439654057476534
380,0.13128507505716303,0.3641302869948153
381,0.13102270821796275,0.36411349007761923
382,0.13055377517180125,0.36416582761393523
383,0.13029209128525596,0.3641867240689493
384,0.12997509712762512,0.3642409011416514
385,0.129728563192187,0.36416690172107785
386,0.12940544622009578,0.3644176390321357
387,0.12908641234342577,0.36417990497255787
388,0.1288081827998642,0.36400208980301596
389,0.12850328513817233,0.36383789109546505
390,0.12818837583955242,0.3638223495199928
391,0.1279655867008807,0.36389722516888434
392,0.12767621884656716,0.3639724301821355
393,0.12744559405360223,0.3640523792869366
394,0.12713370724410575,0.3644032890609434
395,0.1267680373410132,0.3644801914651522
396,0.12654715186531995,0.3645113333000582
397,0.12636890244221416,0.3645855174119689
398,0.12600199185004554,0.3644378863835044
399,0.12572229907464136,0.3644255420570376
400,0.1254113535016397,0.3645786169495596
401,0.1250040855375888,0.3647214112944244
402,0.12473231748518508,0.3646631893571913
403,0.12440169980109896,0.3648442151043839
404,0.12419582351804874,0.36460983144746095
405,0.123886166557969,0.3645273986264122
406,0.12362269167164244,0.36447282381932017
407,0.123394878954877,0.3646220474104728
408,0.12312569783371756,0.36469825001415834
409,0.12288176710588132,0.36482593564594046
410,0.12259026765028183,0.36480850116248825
411,0.12236332915220612,0.36484819906192584
412,0.12201601886733315,0.3646247624989693
413,0.121636515378631,0.3646342393146411
414,0.12131012655068864,0.3647214591410559
415,0.12104915440089443,0.36467397357330045
416,0.12080965493627221,0.364681392481922
417,0.12053296908215791,0.36492146698377986
418,0.12019638200331122,0.36497868160240676
419,0.11978514643657796,0.3652650471093782
420,0.11961544520732979,0.3652742473918222
421,0.11938186666142651,0.3651349745093344
422,0.11917658758608458,0.3651064238985955
423,0.11894191950663015,0.365154771919821
424,0.11868480069795685,0.3650054877629534
425,0.11827253802447325,0.36495798497881105
426,0.1179764361412245,0.3649110632399701
427,0.11774656041509302,0.3650300650605722
428,0.11747873725259773,0.36488686029705303
429,0.11719651503511563,0.36485746843278327
430,0.11686798929848109,0.36481457647713716
431,0.11660343560259942,0.3650504945795694
432,0.11630437148529608,0.36541901638421553
433,0.11603785908817674,0.36553451829755873
434,0.11576447121692147,0.3654704951595849
435,0.11547868347096772,0.3653929157352917
436,0.11520411070419499,0.3653615643619255
437,0.11473262990252987,0.3651762930766367
438,0.11452375249218313,0.3652904802050861
439,0.11421996714464065,0.365233037726644
440,0.11388665373283732,0.36537779859969965
