0,0.6746740717659457,0.6762529915650176
1,0.6556684649410329,0.6601550161534505
2,0.640005019587198,0.6464184495159284
3,0.6209924357406305,0.6299950068630482
4,0.6098753042517123,0.6200143275760266
5,0.5965726110250144,0.6081780270276235
6,0.5866384327804565,0.5985554359327604
7,0.5762192975043336,0.5896049278114451
8,0.5671219366679902,0.5824630137256857
9,0.5584385751946251,0.575326320049365
10,0.5486675878489913,0.5680745579043445
11,0.5415984883258464,0.5625837792455952
12,0.533836317429097,0.5570857115445569
13,0.5283660225131006,0.5531938748492902
14,0.5222974925634567,0.5486248176228661
15,0.5167377002452562,0.5444132570869266
16,0.5091511301007964,0.5385723176909025
17,0.5046104049650934,0.5355747133312957
18,0.49848507901989936,0.5306398681163849
19,0.4921313875085006,0.5267243059523736
20,0.48586359092824905,0.5221596216511105
21,0.4804110877226202,0.5192567964158502
22,0.47745768786314224,0.51806879020065
23,0.4730465025817047,0.5164433734660115
24,0.46844317406778324,0.5141774509581274
25,0.4653370072964225,0.512374355977444
26,0.4609747774841891,0.5094123932188551
27,0.45801503157295814,0.5077707056929849
28,0.4552129274989967,0.5056255237896158
29,0.4521882372706175,0.5043642614145784
30,0.44868953544828677,0.5020509975745401
31,0.4451238825550919,0.4995926100256626
32,0.44286572940681085,0.498254167001356
33,0.44075636706700755,0.4969651371488784
34,0.4374642806679617,0.4945246449049092
35,0.43459634045042944,0.4930614278979551
36,0.4315248876642667,0.4913874655479024
37,0.4299194000852414,0.4905148902792181
38,0.42702043553981206,0.48798127752708975
39,0.42512175856350654,0.48670551523372557
40,0.4227946275136646,0.48550515415137036
41,0.4209250455971846,0.4848466866243238
42,0.4186278341203621,0.4837192385218749
43,0.4165493697735515,0.482706043601508
44,0.41444202270058456,0.4817308349673184
45,0.4125249776304824,0.48121208807866755
46,0.41017195988695615,0.4794945483179422
47,0.4081532272465671,0.47865832624666615
48,0.4061587865693589,0.4778132912561042
49,0.4039196578749834,0.47665233271219287
50,0.40168437674669183,0.4758047100986544
51,0.3993764462812597,0.4740422769164382
52,0.3983198051615868,0.4733969072192341
53,0.39574238325206024,0.4721080539042163
54,0.39441692918743876,0.47147309477509125
55,0.3923991220212238,0.47046330885108373
56,0.3901457891967162,0.4692573635513689
57,0.3881845246205767,0.4686055151742046
58,0.3862167532207898,0.46772368754434
59,0.3841759487661599,0.4667604525141205
60,0.3830694644173995,0.4663020602270051
61,0.38091476429514776,0.46602738273668015
62,0.37940496040600225,0.46574333866202017
63,0.3777645148126152,0.46461362039287596
64,0.37604203589084306,0.46338709929093924
65,0.37437435282611425,0.4627039502296972
66,0.3726217355840095,0.4620873581156788
67,0.37113482497894446,0.4608061142889325
68,0.36979010122740297,0.45995835522687084
69,0.3679588649036895,0.45939517893827714
70,0.36642128530079304,0.45863573649519257
71,0.36484618640563615,0.45827881017857386
72,0.3632832012997712,0.4573319960353659
73,0.3622018954692743,0.4567560670195729
74,0.3602203815730356,0.45522838553756306
75,0.3591036341450232,0.4543209936886307
76,0.35751348126018895,0.45357103696092516
77,0.3563892389144212,0.4536215507504784
78,0.3546827244206755,0.452453306950648
79,0.35313775297229705,0.45180505522724196
80,0.351941491184476,0.4507728858899956
81,0.3509989749308367,0.45045761257778727
82,0.3498818157405693,0.4494589043085588
83,0.3489241851963932,0.44881970374660635
84,0.34733070984400044,0.44854009783160775
85,0.3463002237383726,0.4480715017989847
86,0.34452768297831027,0.44768122926945386
87,0.3434072128360923,0.44751012786978195
88,0.34188310870324184,0.44696680604986405
89,0.340550706812685,0.44669625175877314
90,0.3394835793267726,0.4459143367732117
91,0.3379191947545036,0.4455055198119792
92,0.336866724098797,0.445296283570187
93,0.3357899725366263,0.4450110963901625
94,0.33399549427267705,0.44448333308064447
95,0.33307407502633474,0.44392102543602413
96,0.33201089185376254,0.44324224876594326
97,0.3310778453825975,0.44265890977249606
98,0.3294100704219585,0.44192317985015983
99,0.32750889299495994,0.4408572633911826
100,0.3264976160400386,0.4407848326670752
101,0.3255795319752973,0.44067471077643083
102,0.3245723210649376,0.44014717653236474
103,0.3230209454584856,0.4391016169877571
104,0.321977721181081,0.4387626336603221
105,0.32104943793423585,0.4380036109943765
106,0.31997947182930747,0.43756099343095584
107,0.3191378127922386,0.4371844651959363
108,0.3179322013234118,0.43641397344641597
109,0.3166566857048405,0.4366628636062459
110,0.31498673011406275,0.43605625460231645
111,0.3139625244155751,0.43575239880480093
112,0.3127007756757415,0.43546690355981627
113,0.3116442800708511,0.4351818449064344
114,0.31068037044894053,0.43462102453007356
115,0.3093265664130804,0.4339763928045803
116,0.3082522012937362,0.4331157449939817
117,0.3071017414961673,0.4322139369003095
118,0.3062935044500064,0.4318831665180554
119,0.3052188924097949,0.43163903211888854
120,0.30448577626397333,0.4314338569541116
121,0.30313433031520765,0.4306840886199227
122,0.3021117982420378,0.4302710613652158
123,0.30137374597923355,0.43021164277386265
124,0.3007282754541735,0.43008656474120704
125,0.2996224596576498,0.42993989736920507
126,0.29862027548444575,0.42952541224064344
127,0.29776134358794326,0.4289133695715828
128,0.2965510738351312,0.42821376989711135
129,0.2960065638903994,0.42773086900162205
130,0.2950437505594833,0.42754186571653596
131,0.29432069289441654,0.4271159317964514
132,0.29370658716397124,0.42724897873097173
133,0.29262515837378344,0.426398533880968
134,0.2915853240337403,0.42601987198532404
135,0.29049909585988887,0.42603829543223337
136,0.2893094110085737,0.42556844114038067
137,0.28830562661343584,0.4249272326999237
138,0.28741391302839003,0.4241937676470755
139,0.28653256856879955,0.42374065146614587
140,0.2853172224851046,0.42329541732006565
141,0.2843865746040879,0.42332069378253434
142,0.2832924751153729,0.42287469620655327
143,0.2824672907792739,0.4222828492968789
144,0.2816028148497172,0.42193633844830114
145,0.2805570528642852,0.42143362329091855
146,0.2794466478040601,0.4208068463708553
147,0.278382264092927,0.42044979472801663
148,0.2770404317934473,0.4198674795370402
149,0.2758447858528339,0.4196236748882668
150,0.274823802186286,0.41920389876920444
151,0.2740028534382936,0.41926873333236514
152,0.2732536968300693,0.41928861841193993
153,0.2723570085688736,0.41897164417882515
154,0.27136835728964254,0.4185851433626834
155,0.27065522175360035,0.41792895236507754
156,0.26975313640545984,0.41768702016254466
157,0.26843158359226493,0.4166142964067499
158,0.2677329280877748,0.41645901371530747
159,0.26681182861668845,0.4162712728512069
160,0.2661196113449105,0.4161628188518348
161,0.2653880322584944,0.41630116626343006
162,0.2643792691290725,0.41571653822509774
163,0.2635307271543623,0.4156497203209283
164,0.2624055391210524,0.41544307242266004
165,0.26188908066839856,0.4154851854666705
166,0.2609854709867121,0.41498366501354056
167,0.2596693881852599,0.4141020083460429
168,0.2587376923361626,0.4140626605579842
169,0.2578724111811197,0.4135997944564679
170,0.2568706251447466,0.4130085762318406
171,0.2559318919721503,0.41237712214617
172,0.2550044120975014,0.412096168294424
173,0.25416626955918964,0.4117478878274012
174,0.25322769065280454,0.411100382898701
175,0.25198341974707433,0.41075457276443705
176,0.25123810823174686,0.4102540107859685
177,0.25038062963470276,0.4095782179705207
178,0.2494398840101637,0.40953115486187774
179,0.24865446197808955,0.40914447935573917
180,0.24778128948339373,0.408739265067351
181,0.2469324018671309,0.4085961570635968
182,0.24601661122472726,0.4077603425311132
183,0.24514790783662613,0.40719428607778535
184,0.24409477898081458,0.40693346348691495
185,0.2430823595055529,0.40645097412939063
186,0.2424111921904486,0.40650107848388417
187,0.24161480718786885,0.40609270904462474
188,0.24065969542344426,0.40545166877854283
189,0.2400721517395688,0.40494306600688357
190,0.23920657572036394,0.4046504130307375
191,0.23823492354096684,0.40384109700514936
192,0.23710027190248803,0.40377712588576786
193,0.23635686001096126,0.40339045011120644
194,0.23566555774847242,0.40327001122048506
195,0.23460295704419165,0.4029442709810307
196,0.23383206969603182,0.40268256802083496
197,0.23256694639070605,0.402306505564423
198,0.23142925236682366,0.4020154849933337
199,0.2306196564759743,0.40149687521894356
200,0.22986899129357047,0.40113445787682583
201,0.22916948238002177,0.40075633267669897
202,0.22852392296941704,0.40056827472918594
203,0.22744779447805083,0.3998803728836076
204,0.22644787057919097,0.39914654594667953
205,0.22567887454161467,0.3988403306000854
206,0.22513696908883843,0.3986059150137607
207,0.22426290032455065,0.3981805643495752
208,0.2234086418470716,0.39771364718004576
209,0.22258837572430654,0.3976367012536112
210,0.22179956164259287,0.3973002228854141
211,0.22097232932692132,0.396960857103519
212,0.22027508897582296,0.3967372080661462
213,0.21949253540053795,0.3964320430648946
214,0.21885237565838705,0.3963415948621269
215,0.21798290349858213,0.39569195662457707
216,0.21725068801136094,0.3953764161714319
217,0.21605065951092814,0.39504234341523164
218,0.2153186019516924,0.39492933875571556
219,0.21450608513979505,0.3948885849037922
220,0.21377332360015214,0.3946378853974594
221,0.21315545195079955,0.3944929056407725
222,0.21235033574566037,0.3942823402755246
223,0.21166337722975948,0.3938999863995317
224,0.21101367313236574,0.3935952779166625
225,0.21027408639905065,0.39318874448882896
226,0.2096072510140868,0.3927691078860325
227,0.20886283839466613,0.3923356900586735
228,0.20801227427959962,0.3925431026040866
229,0.20736250853766186,0.3922046488076509
230,0.20650391771989604,0.3920499317947863
231,0.2056208347196132,0.39174927039296137
232,0.2048280405812704,0.3913616970865302
233,0.2041970201150792,0.39105717518929434
234,0.2032400500344444,0.3906441655288215
235,0.20261522679890775,0.3907226450359214
236,0.20199536335756232,0.3907836431258707
237,0.2010883864679059,0.3902864046879064
238,0.20029314463362866,0.3899740523659649
239,0.19937966167119298,0.3900263141160451
240,0.19878591312341218,0.3903386714202939
241,0.1981331678983804,0.39038713991068946
242,0.19763963887265615,0.3903339520399043
243,0.19674124555948344,0.39029480406748585
244,0.19613464617377435,0.39018719976434046
245,0.19554586388602038,0.38997839130316736
246,0.19490879163404023,0.3897904801845789
247,0.19441867853654438,0.3899051468600577
248,0.1938746437467802,0.3899232033642849
249,0.19322027179195653,0.3895150275733308
250,0.19257518553679467,0.38922805440204944
251,0.19189466151132875,0.38921106881174417
252,0.19125426511255375,0.3888832107320534
253,0.19043115520603146,0.38879997795891214
254,0.1898675162356003,0.38872669038957464
255,0.18943321858977094,0.38843551942383375
256,0.18877496991425696,0.388138973722715
257,0.1882525430824839,0.3880335991494725
258,0.18771496113141575,0.38774450339694905
259,0.18718026780520652,0.3874722817691987
260,0.18670856954489015,0.38729547540987447
261,0.18631098937034457,0.38725364764013825
262,0.18569527074306644,0.3869751191866493
263,0.18501066256136278,0.38689917290386205
264,0.18454523187917501,0.38654301490788606
265,0.1840194542088479,0.3863279801979562
266,0.183185935281158,0.38603736344611544
267,0.1825428063996745,0.38599695875941503
268,0.18192692792120393,0.3857739826390703
269,0.1813429861127377,0.38540207480567906
270,0.18063978676369327,0.3851911501606919
271,0.18005566979691232,0.3847813010797981
272,0.1795278956225876,0.3845616432225463
273,0.17898231422360725,0.3844876087631399
274,0.17837283195016357,0.38448896661564763
275,0.1777374054200134,0.38441916010858196
276,0.17712724005186523,0.3840230579388315
277,0.17661006697789602,0.38397696844788565
278,0.1759551731702664,0.3837823457582205
279,0.17548470278010816,0.38370091602937556
280,0.1748080460742183,0.3838045888540845
281,0.1742664716515947,0.38369170118841744
282,0.17369774716950317,0.3836730742526468
283,0.1729456053819274,0.38356812702300996
284,0.17232476863438945,0.3835534176122245
285,0.17171666426783536,0.38340340486770497
286,0.1711353405088013,0.3836960342052274
287,0.17058397884456775,0.3833837672979048
288,0.16995933049284817,0.38331474938679916
289,0.16911355275296397,0.38270527124124604
290,0.16865866310858055,0.3826526488074396
291,0.16821266711939903,0.3824132435239568
292,0.16757766140278743,0.3822881772488029
293,0.16702412200873526,0.3821891585969912
294,0.16648721309960235,0.3822628908210865
295,0.1658439741253522,0.3821423888060544
296,0.16531108162987967,0.38197973628748444
297,0.16494187149986084,0.38178856802713507
298,0.16431262531371194,0.38170545581878595
299,0.16385866818295217,0.38136063851183677
300,0.1633722474387429,0.38118636255231003
301,0.16288355385459724,0.38124305969070943
302,0.16251560266270246,0.3811110156120566
303,0.16209325616026632,0.38107078598095495
304,0.16165157179701448,0.38076134161944947
305,0.16116326015064467,0.3805946820173388
306,0.16068297551027563,0.38011723784692847
307,0.16025989460570533,0.38018916130724356
308,0.15978185078259652,0.3802845526137593
309,0.1594510603092459,0.3802546544082868
310,0.1591554002798434,0.38028277997481913
311,0.15872633448493464,0.380319461203053
312,0.1582451743732802,0.38062582149259316
313,0.15788887468238783,0.3805459251075418
314,0.1575694397252379,0.38060446745040133
315,0.15717262443683858,0.38069599628940975
316,0.1566205217037473,0.3804761802758796
317,0.1561104675211818,0.38042019897592394
318,0.15576407278560747,0.3802490863537489
319,0.15531151849769614,0.38040140274740797
320,0.15491981378271724,0.3804684964911268
321,0.1543948634705124,0.38034424665848826
322,0.1539683529719151,0.3802588236060886
323,0.15358988187829006,0.3803523099622934
324,0.15318502734720257,0.3803294188768944
325,0.15275201744378053,0.38041901510474807
326,0.15226659953752752,0.38002458217233026
327,0.15179879711278643,0.37974720082186697
328,0.15123020941325116,0.37979540396809053
329,0.15082407290863867,0.3795905388344935
330,0.15052361450124332,0.37963029199522075
331,0.15021413787529797,0.37963210316330614
332,0.14982353551931207,0.37952853419414745
333,0.1494732705911682,0.3793846933989531
334,0.14892345583354383,0.379440606838597
335,0.14868281528963248,0.37947383454118055
336,0.14830749665743698,0.3795180973517444
337,0.14795730376757432,0.3795439939559211
338,0.1474273743953811,0.37952210955827886
339,0.1471126773378642,0.3794599284925979
340,0.14685024766282465,0.37966775044787926
341,0.14651715901795753,0.3798096170824766
342,0.14610358715345903,0.37986182216590686
343,0.1457497268716258,0.37965736416984813
344,0.14534166171465354,0.37955248271477915
345,0.14488318706034212,0.37940456234659087
346,0.14463719232005398,0.3793399192714097
347,0.1441613926783405,0.3793639992276358
348,0.1437994690800045,0.3793213408037452
349,0.14363760856368454,0.37937947337952016
350,0.1432521922340035,0.3794347849503602
351,0.14289588637171427,0.3792565581750911
352,0.14260399058345974,0.3792892358035215
353,0.14234324542932583,0.37931199027322005
354,0.14186027757168612,0.3793188689549312
355,0.1416474394508872,0.379142596314512
356,0.14102763227220824,0.3790588255246597
357,0.14064972558111236,0.37899939374045744
358,0.14026812354470533,0.37908425537859536
359,0.1400157177597757,0.3790519764011977
360,0.13971304345864655,0.37906103860327467
361,0.13942221988363282,0.37908022127905666
362,0.13899301671839812,0.3791003806616068
363,0.13858767168386144,0.379302138151137
364,0.1382484389405019,0.3794577784501958
365,0.1380087457405969,0.37947780405156756
366,0.1377118363211578,0.37943701781579237
367,0.13745998540679508,0.37951398787634
368,0.13710137338486103,0.3795000853171507
369,0.13669446590616255,0.3794277310699344
370,0.13632393201865786,0.37936509476417507
371,0.136020646950005,0.37949969360747954
372,0.13553768856068835,0.379215795365312
373,0.13508885516298869,0.37906645539689
374,0.13475299463010368,0.37901481379298696
375,0.1344820193082494,0.37875079442965687
376,0.13423003899617927,0.3788007415872094
377,0.13389027898785533,0.3788066571244707
378,0.13356377496222832,0.37887871831600184
379,0.13322077105200927,0.37886882180321674
380,0.1327449835470316,0.3790683250058447
381,0.13247731345588257,0.3792485580247884
382,0.13222606877183102,0.3795694005332675
383,0.13188031952736587,0.379704648389238
384,0.13151840329381456,0.37966037636793315
385,0.13119436920606467,0.37966616904417483
386,0.13093169283061754,0.3797236779359662
387,0.13073580533188764,0.3796419317068304
388,0.13040170221971834,0.3796679741793584
389,0.12996883248994504,0.3791835771101341
390,0.12978687414718768,0.37920137766273565
391,0.12944220301729387,0.37906491785616675
392,0.12917565021879562,0.3790844608561054
393,0.1289565648095539,0.3790563206890661
394,0.12866467884733107,0.3789059773453848
395,0.12833518965675453,0.3785962870365446
396,0.1280597875636005,0.37857732567953667
397,0.12776404688826082,0.3784816967951102
398,0.12748533216884353,0.3787826897039591
399,0.1271064604528912,0.3784492242708189
400,0.12688592550074698,0.37848159721174146
401,0.12657605044513215,0.37866548776075887
402,0.12632430547825202,0.37847052597368924
403,0.12597456558622536,0.3783790437771606
404,0.12561391677376066,0.3783034023860638
405,0.1252963280815118,0.3781732254705407
406,0.12503739413006432,0.3780091015718548
407,0.12467180936051493,0.3779399406474239
408,0.1243871681463833,0.377945395081336
409,0.12411472233105376,0.37781622978473517
410,0.12386390148838546,0.3777514005551442
411,0.1235741784436933,0.377795127967055
412,0.12343257875249436,0.37775963584479577
413,0.1232338111453495,0.3776899986887316
414,0.12290201416279024,0.3777990659899083
415,0.1226692470540215,0.37790681550315786
416,0.12253219444804955,0.37786762976578286
417,0.12228570779243411,0.3776097365573552
418,0.12204047393456531,0.37787705000164035
419,0.12170684926813513,0.37814190572602646
420,0.12141393073727388,0.3781868782046655
421,0.1211348785442713,0.3779632180906064
422,0.1208255516619727,0.37795785175577756
423,0.120450513292879,0.3777462719525981
424,0.12012595231042884,0.37773433534353795
425,0.11988511337671441,0.3778310987572957
426,0.11961071560084978,0.3777970011845439
427,0.11935740241120113,0.3775939447318442
428,0.11896185912504524,0.37761444389164767
429,0.11854023056534621,0.3775938900644232
430,0.11830778365675089,0.3776300950604366
431,0.11805378163638129,0.3776797809555753
432,0.11779926808714913,0.377784567748569
433,0.11754156568769819,0.37790294989805523
434,0.11725217002221663,0.37779718211792157
435,0.11701500761619824,0.37775408719742937
436,0.11684845356423798,0.37769243337994735
437,0.11657726522653256,0.37756733957104793
438,0.1163646848514103,0.3776063875202622
439,0.11615071316147994,0.37767373767494317
440,0.11603048365371621,0.37749656255137076
441,0.11588428861961585,0.37751860291313744
442,0.1155217328173348,0.37754332464131507
443,0.11531097045638004,0.3774411296146851
444,0.11502838361909366,0.3773783210941276
445,0.11482427918647364,0.3772654730049111
446,0.11460968112610448,0.377092631304643
447,0.1143166384161919,0.3769396715420081
448,0.11401266414175333,0.37669423783474265
449,0.11374305872770507,0.3767330765734823
450,0.1134959887997539,0.37669196059616067
451,0.1131604717717711,0.37661085055762117
452,0.11292573836211833,0.3765511494406324
453,0.11278631611331556,0.37660299502556127
454,0.11259559913657305,0.3764793066525623
455,0.11230587568395027,0.37668138419096503
456,0.1120638837027254,0.3765158689067325
457,0.11182469197423617,0.37643539314127544
458,0.11145996016187053,0.3761996283662629
459,0.11117989383244008,0.3760772476031952
460,0.11089284899008162,0.37618767777417905
461,0.11063173937591833,0.3762940652903982
462,0.11035679436889222,0.37626002691174537
463,0.11019263679024788,0.3762284961007716
464,0.10990806681109175,0.3763786243808294
465,0.10969428927914596,0.37620394312645994
466,0.10944529445059036,0.376088184818918
467,0.10909941633304071,0.3758250869341091
468,0.10892503096668152,0.3759065802085249
469,0.10867595867648476,0.37578304480537217
470,0.10851002661801802,0.3758880857100735
471,0.10830120472045443,0.37585324590673247
472,0.1080938834169431,0.37581800769227236
473,0.1079369129202157,0.37579863231593175
474,0.10748764160617265,0.375841065432449
475,0.10726075745481892,0.37586692458824705
476,0.10700904745463319,0.3757742289097826
477,0.10678758519853557,0.3756776520793534
478,0.10647299186088502,0.3757300007307192
479,0.10615304682650974,0.3759815607653499
480,0.10590089736048436,0.37597523442713343
481,0.10567196037845812,0.3759926790720728
482,0.10551634970193219,0.3760106081711721
483,0.10528383244967869,0.3762303027916402
484,0.10503376882223936,0.37618363691954676
485,0.10484941258862568,0.3762816329260431
486,0.10458580359012506,0.3762939327854092
487,0.1043720212621019,0.37630194965763886
488,0.1041127558825417,0.37642080307617226
489,0.10394102838525547,0.3763162764280521
490,0.10376510421661529,0.3764638955745152
491,0.1035761388647487,0.3764617197123136
492,0.10338166762983361,0.3765421773350677
493,0.1032442603553979,0.37646132904106167
494,0.10301101023462748,0.37627527235939867
495,0.10278237108256891,0.3763370838197943
496,0.10256344241543348,0.37633931484503963
497,0.10238503576941964,0.3763566551917346
498,0.10219423413242698,0.3763017920953391
499,0.10194921541622756,0.3763164888213993
500,0.10177734345438941,0.37626701772710563
501,0.101580115681169,0.3764110988322762
502,0.10123910331823367,0.3765399063182633
503,0.10097881934393572,0.3764582307386496
504,0.10077948954476804,0.37630279203112843
505,0.10058120518522506,0.37610188625838026
506,0.10043244907202137,0.37619366134162024
507,0.10023081946727593,0.3761502712270653
508,0.1000226772581839,0.37648044684051035
509,0.09984596582088238,0.3765391014066734
510,0.09966750309351825,0.3766110210023078
511,0.09948596788866693,0.37662513858057006
512,0.0993753829071145,0.37669564771157216
513,0.09912428109232801,0.376835630870226
514,0.09891203752547274,0.3767218844774426
515,0.09872193028141003,0.3768389625028354
516,0.09853371613942817,0.37681010792179437
517,0.09839981014956259,0.3767842773196673
518,0.09820904389199558,0.37673443799651524
519,0.09796581849945252,0.37665979869770777
520,0.09775721125450934,0.37669101430593793
521,0.09752334494174744,0.3769449738403396
522,0.09732516986292575,0.37713755327675574
523,0.09709726769635672,0.37704190658490383
524,0.0969627249110495,0.37711125042617716
525,0.09675240937948813,0.37730811260946234
526,0.09655322306972866,0.37736065965498006
527,0.09641050559621449,0.3773055539808235
