0,0.5815482360050047,0.585487944669011
1,0.559115087950168,0.5663899547786438
2,0.5387342262025798,0.5480528835611321
3,0.5203301241884016,0.5330968966830676
4,0.5031157671231202,0.5179203337488528
5,0.48742783899970926,0.504371056713917
6,0.47214300685920857,0.49200157668180766
7,0.4582571529619537,0.48080241431775717
8,0.44529629237720697,0.4703123880407361
9,0.43302275053597655,0.4604622852023775
10,0.42214008434057926,0.4511362401197334
11,0.41170096730445815,0.4440382505066266
12,0.40188448590792597,0.43575265603833646
13,0.3922042522440794,0.4270451507999153
14,0.38353287901170957,0.4204887363716028
15,0.37484626917813907,0.41350784392482653
16,0.3670102078116883,0.40760431319176077
17,0.3591819240544372,0.40184686080153637
18,0.35181618626235994,0.39622171477230367
19,0.3447180510729567,0.39134259670804306
20,0.3379835377997014,0.38642944143810787
21,0.33148074655416676,0.381477445054869
22,0.3254297351853263,0.37779622319786776
23,0.3197347033037037,0.37365276543254994
24,0.3135803731986518,0.3694234882989803
25,0.3081636131673481,0.3654317615551635
26,0.302561340859974,0.36225300142388683
27,0.29723702093028814,0.3589959503064089
28,0.2920271252435842,0.35572254022052796
29,0.287148993891957,0.35257348365466323
30,0.2823172410282924,0.34876013885730967
31,0.2776376728329789,0.34499386194577925
32,0.273266770366966,0.34258475038556047
33,0.2689751984660121,0.33962875987058755
34,0.26492404568294003,0.3370535387400738
35,0.26061380856401634,0.33419368535714367
36,0.25651578168469874,0.3320386977574949
37,0.25244279369621775,0.3297374228204723
38,0.2487945536447155,0.32730840260040056
39,0.24482261170466774,0.3245879517551247
40,0.24100006497203466,0.3232126267494972
41,0.23729127726652044,0.3208688942647771
42,0.23372741089792523,0.31895583236613123
43,0.23026038969921314,0.31733313738580027
44,0.2268771724800609,0.3157957553027545
45,0.22360244446622413,0.3144146228004389
46,0.2203274621523402,0.3136309684941024
47,0.21720468769581158,0.31163219566246964
48,0.21415183216500963,0.3101943534621609
49,0.21111872113444863,0.3086458933952067
50,0.2080970551896669,0.30662297471250843
51,0.20535918878877285,0.3054649473873536
52,0.20273750641253363,0.3048641246859028
53,0.19982845753105744,0.30395980755967816
54,0.19697471431419594,0.302591955499714
55,0.1941052256467299,0.30147108625399766
56,0.19160861991928763,0.3006480304030102
57,0.18924901066356062,0.30044153690150116
58,0.18682761067049355,0.2997803611944997
59,0.18419151102489165,0.2985672574215466
60,0.18179227864031738,0.2974875789782954
61,0.17942776118471962,0.29682869269800205
62,0.17718421453282845,0.2957627771408507
63,0.17481711219457036,0.29478835703907375
64,0.1724909926706779,0.2942679886102012
65,0.17022371472750242,0.29273573281676213
66,0.168036194815793,0.2921448970106987
67,0.1660484382454723,0.29145720965380006
68,0.16390816373513103,0.29069739027088903
69,0.16197231182701155,0.29006380565706313
70,0.15997528728597069,0.2895498231181994
71,0.158020737013829,0.2892196095640562
72,0.15612040517631304,0.28868776523901296
73,0.1542322440400057,0.28819190610288203
74,0.15237401048625282,0.2877980763683935
75,0.15056584151085342,0.2877991117816751
76,0.14874036637062185,0.28732339804372614
77,0.14715104161168155,0.2866904046260633
78,0.1453805067217039,0.28640539179513297
79,0.14372842549848003,0.2862868779677474
80,0.14211106738336865,0.2863848776194975
81,0.14041930443614092,0.2859888914124019
82,0.13880242970020404,0.28603740665863986
83,0.13732761381014383,0.2863694878834541
84,0.1358054622257791,0.2864516320298875
85,0.13421966053006307,0.28646975061252866
86,0.13275122932724936,0.2866221561330527
87,0.1313757209789789,0.28660616315470544
88,0.12988186074505662,0.2865573179815379
89,0.12849165401546164,0.28605409899271117
90,0.12708862890624417,0.2859696359500705
91,0.1257633036170217,0.2862209982119326
92,0.12438493017491734,0.28616431411862586
93,0.12300392545415505,0.2853491864589771
94,0.12166284828599963,0.28477770439844297
95,0.12049285983170459,0.2846955031271532
96,0.11919629880380397,0.28457537728673604
97,0.11805645586160342,0.2842240551147895
98,0.11688749737630624,0.28412837282674336
99,0.11576154246862631,0.28405473137819015
100,0.11469280906963483,0.28422579480036736
101,0.11364839530484219,0.2842476224793855
102,0.11255137078091138,0.2844071186972487
103,0.11148313667710544,0.2845185561894381
104,0.11037583495406064,0.2845391521128076
105,0.10936418872519085,0.28420615817878286
106,0.1082698946679174,0.2842986723670712
107,0.10725970833246015,0.2843779900940437
108,0.10624340366277753,0.2847901441109064
109,0.10532139094136819,0.28458196439971467
110,0.10435507960838969,0.28454952399307487
111,0.10338338172465732,0.28486560667897787
112,0.10235901423269007,0.2850236554747316
113,0.1014456350243601,0.2847946744822846
114,0.10044272410529183,0.2844076814477605
115,0.09943299830563328,0.28450182069325847
116,0.09863104289304783,0.28461170396809393
117,0.09766755271975205,0.28440713363397274
118,0.09680361761685546,0.28434460430971387
119,0.09588365413399706,0.28437375583479807
120,0.09499886806752966,0.2840694612961904
121,0.09418674310204297,0.2838039738284478
122,0.0932159351478458,0.28347984311572594
123,0.09240723949411453,0.2832446049369658
124,0.09166501137431837,0.283610587853251
125,0.09084071906990371,0.28388039402307447
126,0.08999968052927028,0.2839539948284981
127,0.08908307726563407,0.28374976741776675
128,0.08828989347302603,0.28384910169428224
129,0.08757560028679899,0.28361370642433786
130,0.08683491994113651,0.28387463565305193
131,0.08608093543168159,0.2837361975512878
132,0.08526909164222929,0.28360392677962887
133,0.08454694586196497,0.284077949567576
134,0.08382653402505508,0.28482344815513383
135,0.08310586162488455,0.2851366231315027
136,0.08234598944021085,0.2854297207670987
137,0.0815079776583654,0.285133540136369
138,0.08088953337087117,0.2851364196743915
139,0.08024211045809776,0.2853481818168422
140,0.07958059530220034,0.28579470738446827
141,0.07895738083121176,0.2858912445779555
142,0.07826086350244954,0.28581772955529655
143,0.07757178129978261,0.2858810616123709
144,0.07691370342238892,0.28653030619912856
145,0.0762061382841265,0.2864701124826812
146,0.07554664447553967,0.28672547798813697
147,0.07499942096285016,0.2871903825099205
148,0.07436882681691376,0.28704317851859523
149,0.0737767405784919,0.28750995152638387
150,0.07318635363779165,0.2875931449391967
151,0.07267105296258146,0.28760095147308085
152,0.07201256649327095,0.2882134758618077
153,0.0713940388991658,0.2878605210937411
154,0.07079641519786782,0.28827054530613666
155,0.07029243503185256,0.28829440530383404
156,0.06979398234259816,0.28886021678419244
157,0.0692093517349056,0.2894566383995048
158,0.06864273084508259,0.28954074131382634
159,0.06805267351784962,0.28966322556480245
160,0.06754257927197346,0.2900732835536399
161,0.06706443194275856,0.2902942902062741
162,0.06653533576411401,0.29012144507599835
163,0.06607506649781412,0.2905677084253374
164,0.06549904112697973,0.2906742100211839
165,0.06505673717525486,0.29069034616255357
166,0.06459754442964642,0.29137972029939985
167,0.06410263250850202,0.29199600880465926
168,0.06356582561567722,0.2922740555066615
169,0.06307427871444819,0.2927944928930198
170,0.06261273441972448,0.29332822634075645
171,0.062166958685491054,0.29354714081269917
172,0.061683482518303114,0.29362848608320524
173,0.06115688530689763,0.29369871531942743
