0,0.5821291751165695,0.5846249866251731
1,0.5591259712662764,0.564695948595963
2,0.538849021441104,0.5472886427199707
3,0.5197450412924944,0.5310749477114423
4,0.5023284181461665,0.5169603433031529
5,0.486299703246938,0.5030962741676471
6,0.47138713259500664,0.49005716461274323
7,0.4576974261441935,0.4784171783076772
8,0.4446388118516236,0.4680090328350197
9,0.43219331795236693,0.4582935456135074
10,0.4210772617443783,0.4485751352339115
11,0.4101725650414355,0.4394680153430756
12,0.4000972603227677,0.4312511463529069
13,0.3903670907429701,0.42295334376260263
14,0.38148930748965487,0.4157587085653595
15,0.37318839432549683,0.40901513931813355
16,0.36507509412938466,0.4030505863512069
17,0.35731750119879707,0.39575778949695306
18,0.35028364286255975,0.39032743690665783
19,0.3433960263921887,0.3848200213692417
20,0.3369218999288918,0.3802064792874952
21,0.3306911546691832,0.3759033848319447
22,0.3244724072579123,0.3718588011669399
23,0.31859476752447957,0.3678094538553388
24,0.31242687264039687,0.36325014595819527
25,0.3064957430246694,0.3593655796169094
26,0.3008493537115062,0.3554427642131753
27,0.2954566653864416,0.35170469270633653
28,0.29048693585711255,0.34851210501161595
29,0.28520005142084753,0.34437940358788693
30,0.28018190565911294,0.34030642902317815
31,0.2753663940312957,0.33714236117341567
32,0.2706731842656869,0.33370676838687574
33,0.2663702010755001,0.3310432651409907
34,0.26222495838375176,0.3286207024922334
35,0.25808511111109433,0.3255610439912996
36,0.25414428126146327,0.3237278711526531
37,0.25011499437836265,0.3209538837883822
38,0.24633604188815802,0.31832162677142817
39,0.24258793537524234,0.31678356455726836
40,0.23877993599781613,0.3142391239805948
41,0.23528567562910394,0.31283311854556345
42,0.2318704013110649,0.31088668787751517
43,0.22850569034923682,0.30925189065962305
44,0.22506342941350707,0.30771951393309566
45,0.2218262907675307,0.3058803311479993
46,0.2188294996718038,0.3042646485463138
47,0.21581961248453257,0.3028718435572405
48,0.2127301492634226,0.3012056567508214
49,0.2097403136756089,0.2996981294066461
50,0.20677876179961918,0.2983984502780189
51,0.20390669655999158,0.29685798080624054
52,0.20104130004878684,0.2956494035874311
53,0.1981283399609921,0.2943937035313542
54,0.19540943449091783,0.29303822364830673
55,0.19285954369277422,0.29169977931611224
56,0.19031969689323097,0.2906692680330788
57,0.18792683395752893,0.28914089585532127
58,0.1855348053218189,0.28819086292398133
59,0.18317516988686103,0.28724310334585645
60,0.18062742279020538,0.2858706243458721
61,0.17821433280158624,0.2844546907497516
62,0.17587592183686152,0.28348416095413437
63,0.17353116498030774,0.282683033688457
64,0.17138644897406377,0.2812130963225228
65,0.1693447842723798,0.2803183480839891
66,0.16714835766330977,0.2794438507443082
67,0.16505444585367532,0.2785514887127328
68,0.16299347761553948,0.27745635538346775
69,0.1611637632239241,0.2769443299527245
70,0.15927848599090594,0.2759219181353517
71,0.15742209344797098,0.2751221625712231
72,0.15550279605445616,0.2742012289341265
73,0.1536464314370791,0.27303698885661776
74,0.1518402038110795,0.27255961440666926
75,0.1500191402932812,0.2715898428185179
76,0.1482487284767682,0.2709084229144892
77,0.1466598902075511,0.269964123402359
78,0.14520211266396363,0.26944937849306555
79,0.1433973700828151,0.26899165194578956
80,0.14177182182110543,0.2686003444549034
81,0.14014238702559728,0.2678401716302639
82,0.13850497019910074,0.2671791003650913
83,0.13693417309857053,0.2669538854233422
84,0.13536777351536103,0.2664765291957077
85,0.13384963326238358,0.2660069727692768
86,0.13225806062607112,0.26521996753487076
87,0.13082286449919237,0.2647882889664266
88,0.12947640926755122,0.2646242128905783
89,0.12802676157464088,0.26346905330318376
90,0.1266987901463806,0.26260404821736255
91,0.12536055421192227,0.2624859789181051
92,0.12404020874204147,0.2622896823749282
93,0.12285056779885001,0.2616107662733547
94,0.12152038286295559,0.26134464126672
95,0.12041018896752344,0.26113248264169214
96,0.11913655485400244,0.26055456658207393
97,0.11789420697350615,0.2603645646811032
98,0.1167016442985772,0.25996826014703056
99,0.11554704069213281,0.25966660763442717
100,0.11444893321288506,0.25933756793917623
101,0.11338318151175125,0.2591326125770734
102,0.11226880252451706,0.258623705574571
103,0.11113894397615426,0.25864836734303426
104,0.11009524183774494,0.2587478656986669
105,0.10896884695510008,0.25900143043644713
106,0.1080073766975311,0.2584185370026641
107,0.10695212601541496,0.25802481278880646
108,0.10591325185124907,0.2582533849700787
109,0.1048400949262789,0.2581635715793798
110,0.10369907883203555,0.2582303646337518
111,0.1026103629885422,0.2581123663948258
112,0.1014809464782634,0.25809357283140305
113,0.10051812959691274,0.25785258060427735
114,0.09951441751431013,0.2580004012291506
115,0.09851843707235221,0.25806865780825894
116,0.0976324289845994,0.2582909895806473
117,0.0967132588397358,0.25794125672641965
118,0.09579712583779378,0.25778319719933573
119,0.09492914149498631,0.2575730747940794
120,0.09414081449073926,0.2575218525605406
121,0.09332319149952147,0.2573118101096709
122,0.0924095002668465,0.2573608906387957
123,0.09161957383186811,0.25718075738394747
124,0.09074261060621944,0.25650722949314475
125,0.09000112331154624,0.25634268033031676
126,0.0891860693101379,0.2563984404773718
127,0.08839238691791647,0.25639353734155934
128,0.08769484795818433,0.2560761354127958
129,0.08690762554904814,0.25604309727722374
130,0.08616533153414786,0.25574369767743793
131,0.08538126664455802,0.2558394573085181
132,0.08465172911511087,0.25556678197637583
133,0.083943739516894,0.25575118038000677
134,0.08320904039970277,0.2558172092024987
135,0.08253822935836075,0.25562646110684234
136,0.08188550972698118,0.2555480762693252
137,0.08113480654536696,0.2554345257138742
138,0.08047563606074525,0.2555661716403453
139,0.07985928023672301,0.25602408853543696
140,0.0791951651253864,0.2566026459154507
141,0.07851983326179747,0.2570868658945181
142,0.07784255856847781,0.25696502740045757
143,0.07719386488451163,0.2569681852394203
144,0.07661738309363113,0.2571681722186585
145,0.07599610240681906,0.25722570955096685
146,0.07532532945394457,0.25746252285857524
147,0.07462686312133555,0.2574666307438403
148,0.07396875323511061,0.2575415476192919
149,0.07341195542895836,0.25725653515978636
150,0.07282458091010889,0.25713979125443015
151,0.07226163812541879,0.25700220884896197
152,0.07171975343476447,0.2572336679235178
153,0.07112898383797536,0.25721343707146505
154,0.07060719685567474,0.25701743478544786
155,0.07007905931320028,0.2566785878750052
156,0.06949954957245794,0.2564634185084302
157,0.06891223206635218,0.25654079691052734
158,0.06835567354542756,0.2565789590357502
159,0.06781433729257477,0.25695559956075575
160,0.06725263729564847,0.25720020489460715
161,0.06673299201155461,0.25707259090901485
162,0.06616915511935717,0.2569010524723399
163,0.06557684274654119,0.2570084369731422
164,0.06507495494463647,0.25733408119650736
165,0.06459269366957172,0.2575476402405802
166,0.06409821923037785,0.2574674442626619
167,0.06358904371999007,0.2576748175288409
168,0.06307421727326658,0.2575867301212823
169,0.06261744722611384,0.2578643740559424
170,0.06217757923490924,0.25763846899776416
171,0.06170506910338738,0.25779014000918765
172,0.06121615628137257,0.2578128443557067
173,0.06073920703028478,0.2577637670836888
174,0.0603118564055381,0.2578285401295968
175,0.059904674059804854,0.2576611756759596
176,0.05939027383486809,0.25794985876110993
177,0.058962517839100656,0.25853653902681734
178,0.05858812921897225,0.2585417253506179
179,0.058220229595828094,0.2585821103148915
180,0.0578413067341288,0.25910897175554665
181,0.057389127491932514,0.2593725605766637
182,0.05697902907134504,0.25960430343208535
183,0.05655676278452011,0.25936618739822065
184,0.05619569359063795,0.2593998700067808
185,0.05572489209225208,0.25925335487472206
186,0.05528014476068762,0.25909483517974485
187,0.05483382663877193,0.2591201444833846
