0,0.680346393116838,0.6806301292606213
1,0.6677297327823813,0.6681983238603347
2,0.6552431459610564,0.6557904544603813
3,0.6429855226508316,0.6430908931269322
4,0.6310520302333161,0.6314794224219347
5,0.6197081214001553,0.6202162982351733
6,0.6095622302837131,0.610305509714286
7,0.6004814271717294,0.601227344044232
8,0.5912996796603857,0.5926654322408856
9,0.5826893937365811,0.5839352836695588
10,0.574335484786053,0.5758153618795977
11,0.5659963028669184,0.5678975838211834
12,0.5580094228206082,0.5601567166950795
13,0.5512272763700367,0.5534967641631634
14,0.5448267154778562,0.5470803617094959
15,0.5376483130157512,0.5404449361428144
16,0.5316901149559856,0.5345387323180503
17,0.5250043836372542,0.5283636460846275
18,0.5182093640737123,0.5221678596779123
19,0.5122860253841491,0.5169345602105471
20,0.5086857174059016,0.5133700391194076
21,0.5029947436977801,0.5078977361480694
22,0.49820012906910854,0.5034193164927175
23,0.49418721117517744,0.4996389106754297
24,0.48987407221194973,0.4951627457833791
25,0.48447860579966373,0.48991134959792537
26,0.4800851565036624,0.48620160096453663
27,0.4765678174138765,0.48295591318245645
28,0.4722657662337386,0.4787160987147388
29,0.46806631667337345,0.4744276692266515
30,0.46344076735963147,0.47023942860977486
31,0.45963536455731463,0.4669765393367234
32,0.45592883213714364,0.46355605153004925
33,0.4525095861602176,0.4606067230278032
34,0.4496640154667733,0.4578995687421828
35,0.44632763025562017,0.45549942735899696
36,0.44329170952175256,0.45284571491479686
37,0.4404238991657661,0.4503020018733267
38,0.43694570700091967,0.44772150752211365
39,0.43400457041936613,0.44487382156679384
40,0.4313875008232222,0.44281247486186215
41,0.42916603026546674,0.4409108823099381
42,0.42615867017596953,0.43852679165723135
43,0.4234429024204312,0.43631430300790547
44,0.42048753936954725,0.43362296094733727
45,0.41853520451407294,0.4323547820173267
46,0.4156946120448346,0.43021653091806317
47,0.4131667058691031,0.42800612622012607
48,0.410784854085319,0.4259618910861144
49,0.4088725769544968,0.4246664469098487
50,0.40680922828901483,0.4229453921720389
51,0.4044778954801072,0.4206067209169224
52,0.4024074402734219,0.41890156585014093
53,0.4007315327815095,0.417112185302776
54,0.3988575461964202,0.41564669474425364
55,0.396447814612478,0.4135693704341279
56,0.3938529701620851,0.4114461546937246
57,0.3924662115809519,0.4101957229128564
58,0.3903489271236659,0.4086160717604983
59,0.3885526397138989,0.40761898256320617
60,0.38629802785441925,0.40611988909412683
61,0.38518453255639884,0.40524550170838225
62,0.3833479632838343,0.4038171649773405
63,0.38080446438751475,0.4018578817559382
64,0.37913078354981034,0.4006762203129983
65,0.3779688770543975,0.3997540936777668
66,0.37649314164160674,0.398495267920553
67,0.3750325607449031,0.39776848247409935
68,0.37384492707368694,0.39670319089016615
69,0.37243496767412443,0.39569601832103174
70,0.3709914916360796,0.39482181800979393
71,0.3697241338791831,0.39399430202747776
72,0.3683782618086732,0.3928069087031531
73,0.3671287537890301,0.3916970139014627
74,0.36629052005240126,0.39089307685560915
75,0.3645821628499585,0.3899443054078474
76,0.3628075390777555,0.38867824834207243
77,0.36135863970668197,0.3877915935274773
78,0.3599361494009626,0.386809357299137
79,0.3585838390093806,0.3859817187541358
80,0.3576656196378347,0.3852368416496777
81,0.3565906892434181,0.3847233132771485
82,0.35520147441381966,0.38386014765634197
83,0.3539813105955901,0.3830965076593922
84,0.35308278248043373,0.38274837566863745
85,0.3517841685064709,0.3819310561436447
86,0.35032065651306216,0.3809833973244379
87,0.34945685515443414,0.3804707301324667
88,0.348158977837895,0.3795590774748502
89,0.34700620072464333,0.37855719405444965
90,0.34607349045117675,0.37781808017279594
91,0.34516883074408405,0.377263027261631
92,0.34378301703607234,0.3759130853624539
93,0.34260169612967645,0.37514019749843713
94,0.3416379963438417,0.374637331706077
95,0.34046071834782676,0.37389211306455455
96,0.33965154028439126,0.37321744077399677
97,0.3385846807882985,0.3725937334606424
98,0.33777642083546944,0.3720152370860587
99,0.3365545597085593,0.371157847212668
100,0.3355917368969492,0.37065130675020563
101,0.3347369290727346,0.37005558197068894
102,0.3339503334767178,0.36918744011460997
103,0.3327594622914123,0.368449507305403
104,0.33197690244567046,0.36779223190012705
105,0.3310095620549048,0.3674506384005739
106,0.3300469330323965,0.3669772932659316
107,0.3287708980660596,0.3664254531937765
108,0.327635359809983,0.3656736483574946
109,0.3268798563619213,0.36483128455641245
110,0.325860365910716,0.364035559069114
111,0.3248036058570127,0.36326511572003484
112,0.32363531289486663,0.3626348490216627
113,0.3225297108052059,0.3618320627630427
114,0.32156880676509547,0.3609848101129142
115,0.3200677807940305,0.3598834204765161
116,0.31925026631352327,0.35938110331830897
117,0.31792444298943484,0.358555214135874
118,0.3172133101447806,0.35817147756676954
119,0.3162573324167198,0.3573448221315238
120,0.3150065580860746,0.3566562097520494
121,0.3142728633144401,0.35622737577464564
122,0.31332143919918476,0.35556008591304505
123,0.3124814523688788,0.3552164424807793
124,0.31170530873298763,0.35476221444873657
125,0.3108268121032168,0.3542166232789701
126,0.31016498896600236,0.35371015616886897
127,0.309204564290364,0.3533126670461227
128,0.3080838243119735,0.3526934330799233
129,0.30745193369266616,0.3520414518693235
130,0.3067186867847376,0.35157059502231164
131,0.3057061314086983,0.3508599703942654
132,0.3050719732337712,0.35047029425284826
133,0.30417274446708853,0.34995323641764237
134,0.30347107007807234,0.34950830387372156
135,0.302778070351756,0.34883338796184293
136,0.3019907708007584,0.3484248098275571
137,0.30099274407908494,0.3479042236852716
138,0.30021396606072676,0.3472448666238855
139,0.2994744323836031,0.34687677751990786
140,0.29855052351226335,0.3464926298509257
141,0.2977959773944275,0.34622946057559123
142,0.29723735895957903,0.3458958331366463
143,0.29664825623092267,0.3454289362790644
144,0.29610114215487193,0.3448946141548214
145,0.29529886307004727,0.3443398225906019
146,0.2946053760901911,0.34403434294453483
147,0.2938295600541271,0.34354517565438564
148,0.29330895760824877,0.3432060391005571
149,0.29243560806971375,0.3425796060808039
150,0.2918490289694505,0.34251967741090233
151,0.2912336788055824,0.342112132070838
152,0.2908013208660796,0.34175546526411416
153,0.2902557715377649,0.3414728512216501
154,0.28922271134245325,0.34079952016823784
155,0.2884749448274246,0.3400823952344046
156,0.2876902077914113,0.33963189553155776
157,0.2871863488001536,0.33951458709708354
158,0.2865459907430853,0.33926419186792617
159,0.2859927874353585,0.338766373872211
160,0.2852665859792379,0.33850870874425243
161,0.2845774304490839,0.3382821569616809
162,0.28412948985430747,0.3380719654532529
163,0.2831690399610348,0.3372736902363004
164,0.28238365673933014,0.3368599044913952
165,0.281726850164804,0.3365191643572604
166,0.28124365669001944,0.33641565410829655
167,0.28065222818131536,0.33597526779304343
168,0.2799578238827199,0.3355905429426838
169,0.27950951649809935,0.33523207643686426
170,0.27865242291272413,0.33431995705040995
171,0.27808808423773007,0.33391454410271726
172,0.277579192106381,0.3336243604184575
173,0.27702408837330733,0.33350398780927465
174,0.2764236365694961,0.3332439476801488
175,0.2757683327587597,0.3327555753772135
176,0.27531626270327697,0.33253858934483843
177,0.2748026247870576,0.3323300881843932
178,0.2742368569734051,0.33224252786773706
179,0.273734123569314,0.3321738646502986
180,0.2733155734557682,0.33198758718999316
181,0.2727569412909076,0.33155747068765157
182,0.2719599635393234,0.33108539978821916
183,0.2711660101369619,0.33052767250492826
184,0.2706246913989128,0.3302255311072904
185,0.2701159090022014,0.3298261800106048
186,0.2697498052849763,0.32964692694881814
187,0.2689340390063321,0.3293027468015076
188,0.26839269797944654,0.32899545239919864
189,0.26787050671714513,0.3288261898160305
190,0.267300895317882,0.32850128709080795
191,0.2666840737596291,0.3280786823890351
192,0.26610822137329576,0.3276484140196665
193,0.26558383833593846,0.3273493779498926
194,0.2650135640477702,0.3271915652972699
195,0.2645528753671304,0.3268088453671715
196,0.26409252026047336,0.32653641926345506
197,0.2634818638939256,0.32613494983045754
198,0.26261974811768574,0.32540180798198665
199,0.26208041547463434,0.32511583573075886
200,0.26140072277943904,0.3246976001509758
201,0.26087131956973797,0.3242632648956733
202,0.26045311814225397,0.3240454548894091
203,0.2599154887755633,0.3235798498842005
204,0.25933477081227074,0.32318244245004346
205,0.25901754660037424,0.3229241262268452
206,0.2586236514571082,0.32260987208028846
207,0.25802281483552697,0.3221607182514872
208,0.2576432808001461,0.321888140760611
209,0.2572561847325854,0.3215319794846791
210,0.25683615139105315,0.3212286889408724
211,0.2563068904787457,0.32102279765128705
212,0.255856281741695,0.32091580416209425
213,0.2553367754747443,0.3206385191919836
214,0.25489745148105364,0.32020243492437384
215,0.2544812060483697,0.31980230026619844
216,0.2540082296711326,0.31951186610607385
217,0.2536215333354541,0.31935185569950697
218,0.25310069468193386,0.31894447796014774
219,0.2524994283429825,0.31870371114419843
220,0.2520264191125148,0.3185126136119215
221,0.2515460850269912,0.31831809695469937
222,0.2511964478403485,0.31815446172109973
223,0.25085382034938747,0.31798577459857036
224,0.25039378348446556,0.3178542970191307
225,0.24995387736305516,0.3175468907119512
226,0.24941476183032943,0.3172878898523367
227,0.24914226961847805,0.31697887379234235
228,0.24877297600556877,0.3167255982125714
229,0.248208315856616,0.3163358762311898
230,0.24779082398638702,0.3162141048467733
231,0.24717013214846417,0.31575454842426165
232,0.24675710938143794,0.31562059545390936
233,0.24621743603945073,0.31547183812119867
234,0.24586198487077837,0.31519847098982023
235,0.24538757389507077,0.3149467323484267
236,0.2450681379338278,0.314896174963166
237,0.2445654441008859,0.31475016230945735
238,0.24394076086094163,0.3145356742004035
239,0.2433563440238864,0.3142868489983103
240,0.24297427551819487,0.3140773804585714
241,0.2424473060174263,0.31385563815008405
242,0.24204365290037183,0.31365878106262995
243,0.24161354966530113,0.31360814182679825
244,0.24106390343163545,0.31333483047205296
245,0.24070438478065243,0.31312967870225955
246,0.24032853866425702,0.31286887570401767
247,0.23981314310112514,0.3125824840690126
248,0.23940521244793161,0.31235812002404734
249,0.23909659022273394,0.31220593361931365
250,0.23872397116796829,0.3119685311998339
251,0.2382966341205202,0.31163118464210465
252,0.23777991702568746,0.3114630198581436
253,0.23749906905892768,0.31112194929550485
254,0.23696016190193828,0.31102543136054217
255,0.23651048576777053,0.3107467729327321
256,0.23612689975439125,0.3106236166289631
257,0.23591205462173223,0.31054762360534316
258,0.23513429113859155,0.3099675243060414
259,0.23465823239862163,0.309756018494128
260,0.23431658721685053,0.30950251364412124
261,0.2337147666209384,0.30918357578720057
262,0.23319037600533968,0.308880812758394
263,0.23271781341192413,0.30835167514465595
264,0.23234596286225265,0.30812482045406386
265,0.2320852462810087,0.30797798304369994
266,0.23171455634751864,0.3077162153631625
267,0.23128918591291933,0.30746275319931726
268,0.2309954553835144,0.3074022720536009
269,0.23055871920754958,0.30713565004445886
270,0.23001035001671932,0.3069136167956923
271,0.22963899590846532,0.30673198899823806
272,0.2292860961371863,0.30658508241632276
273,0.22879611317050763,0.30638269801604756
274,0.2283823965651568,0.30628991618513113
275,0.22801706462040236,0.30612321068844156
276,0.22736301289758937,0.30582952219287196
277,0.22690136509207184,0.30560926499338276
278,0.22653890096404164,0.30533543537203933
279,0.2262378757500844,0.305227883602463
280,0.22595332462274914,0.30509898133697094
281,0.22548469346963002,0.3048272115185478
282,0.2251917149345218,0.3047820144032558
283,0.22468041218419452,0.3044573794262329
284,0.2242073171120114,0.30422189924262183
285,0.22375355619656884,0.3040004533175531
286,0.2233673487610695,0.30391468151217776
287,0.223098466032665,0.3038118921403241
288,0.22274147315440654,0.303677869715793
289,0.22230325589663696,0.303488506277588
290,0.2218424096344599,0.3033489110261268
291,0.22146683145774218,0.3031882025751105
292,0.22118458256166154,0.30314051278021176
293,0.2207916706471133,0.30284971553928036
294,0.22037480572834778,0.30283946706520115
295,0.22000152521114774,0.30260988498991415
296,0.21963796336855992,0.30249986001144635
297,0.21929482685696672,0.30250727940979116
298,0.2190038688741726,0.30229319811238775
299,0.21863334611898205,0.3020953383962629
300,0.2183026269648103,0.30192257349604484
301,0.21785629152518987,0.301715611742815
302,0.2175520542691741,0.30149585482297403
303,0.21721776226095565,0.3013528912334196
304,0.21679978161635813,0.30121481299892644
305,0.2164601730721625,0.3011727909766139
306,0.21612050694739343,0.30118502899449656
307,0.2157646530606861,0.30108146819876563
308,0.21550060782756408,0.30104891112813076
309,0.21528555565868207,0.3010334996856207
310,0.21490128710588452,0.30085245358224555
311,0.2145540669342114,0.30072347882591355
312,0.21418571328595817,0.30050022340783256
313,0.21384138217080698,0.3002625956950003
314,0.21335224232603783,0.30017331062412045
315,0.21308243116870362,0.3000819233096906
316,0.21272239019631273,0.29983775112990013
317,0.21237905988636696,0.2996580594429245
318,0.21207333598512557,0.29952531480104067
319,0.21161737576263964,0.29935080980657575
320,0.21106897484162382,0.2993300511187373
321,0.21077143688606867,0.29924838261955883
322,0.2104941251661572,0.29916069152524893
323,0.21016348487491018,0.29893367057734227
324,0.20967632096407873,0.29895000471348454
325,0.20926827385647884,0.29878660745667235
326,0.2088344389147666,0.29863188284584297
327,0.20828550145388952,0.29841818917137725
328,0.2079825619717138,0.298314232135483
329,0.207706251106962,0.29818534016320547
330,0.2071875400817184,0.2979316732328047
331,0.2067096012403718,0.2976625618955145
332,0.20616269626716896,0.297382174296299
333,0.20567711005516967,0.2973800815093941
334,0.2051796512403055,0.29725308985681315
335,0.20487363516233503,0.2971581530786903
336,0.20449758196716306,0.2970779639460222
337,0.20406903446586547,0.29681881473886457
338,0.20370805164350894,0.2967007529076135
339,0.20336687505089796,0.2965394651952777
340,0.20301161932721754,0.29635914815200426
341,0.2026089556258045,0.29610192193679524
342,0.2022203129716449,0.29590264156915547
343,0.20185212665155386,0.2958754725061059
344,0.20150573558130364,0.2958024590406705
345,0.20116948868467874,0.29554201541968617
346,0.20065436651178586,0.29540782017448236
347,0.20037849690753115,0.2953381706137588
348,0.20003493817170204,0.29530935744192316
349,0.19972996172817345,0.29516676913492
350,0.19924691821228105,0.2948340594319349
351,0.19895327802047202,0.2946039869043229
352,0.19868873308225635,0.29446616430102635
353,0.19820991594012274,0.29421719908450483
354,0.19783780872562787,0.2941226578219097
355,0.19748320255307367,0.2939355824718149
356,0.19711885787407873,0.29380550729780774
357,0.19676148996537868,0.2935537259550121
358,0.19646231685252827,0.2934414161813171
359,0.1961275231836006,0.2934260915844999
360,0.19561629875965264,0.29318730382140745
361,0.19520890370274052,0.29296131130712305
362,0.19496306006780237,0.29287611840266703
363,0.19460753007135825,0.2927556050893786
364,0.1943041392416317,0.2927523908695877
365,0.1939264900995331,0.29261289073794755
366,0.19354461236163764,0.29239933703757603
367,0.19325111481505172,0.2923973606883601
368,0.19283626298876888,0.292152402958917
369,0.1923616950272744,0.29193652953365945
370,0.19202035410560506,0.29195354113951666
371,0.1916385907536409,0.2917856097760513
372,0.19139726562663703,0.2918166904046178
373,0.19094919413883218,0.29154846276549445
374,0.19059286018459323,0.2914002613554329
375,0.19017219210058814,0.29118845179764624
376,0.18973533701505915,0.29087878573472986
377,0.1894531897314287,0.2906237336722905
378,0.18914820743770494,0.2903880066689942
379,0.18861456639807544,0.29025012029669317
380,0.1883157042317927,0.2901702715575289
381,0.18813974780326806,0.2900964087328521
382,0.1878361111006815,0.29006118268678
383,0.18763316033982982,0.28993751972100545
384,0.18727610117416096,0.28979916220414303
385,0.18691398956386687,0.28961995394545326
386,0.18654263412535027,0.2895892987285891
387,0.1862783487456029,0.28959599247844636
388,0.18593830940539588,0.289471842714598
389,0.1854995978616413,0.2893246754168459
390,0.18511251501159925,0.289132893662073
391,0.18481105525691366,0.2889219251169141
392,0.1845197861684384,0.28892517647753085
393,0.18404021280069993,0.28873111008400576
394,0.18364703247098377,0.2885742696716089
395,0.1833017271003742,0.2882756379380325
396,0.18289295395802468,0.28819391179810816
397,0.1826801643678412,0.2880298198510206
398,0.18228962962884065,0.28784689663069846
399,0.18199686514574925,0.28769648123001856
400,0.18166634180475058,0.28769084453977944
401,0.1814075564669118,0.28754154242598534
402,0.18107544144914794,0.2873879101355629
403,0.18064579827031516,0.2871984350497558
404,0.18033108749614923,0.28723361549023735
405,0.1799638818700615,0.287167164650181
406,0.17966522741900917,0.28710447352922164
407,0.179227219635969,0.2869237525187252
408,0.17895095034053551,0.2866971827923817
409,0.1786010205460773,0.28663567056537687
410,0.1782284042073415,0.286390468511885
411,0.17798571432897878,0.286302258869573
412,0.1777447610667985,0.28623443896453665
413,0.1774393402822621,0.2860739985367779
414,0.17725108718943117,0.28600902658935556
415,0.17688017343694767,0.28585195172601474
416,0.17648715651491187,0.2857264870994341
417,0.17624518104306455,0.2856492832783676
418,0.17592612615302444,0.2855689919459114
419,0.17541409811541078,0.285186897813346
420,0.17502644191849223,0.2848368819835041
421,0.1748302252743479,0.28479283791503923
422,0.17437151108822396,0.28459045256288273
423,0.17406013273285492,0.284477770223718
424,0.1737276608938907,0.28438624398196277
425,0.17342545939847617,0.28428489312682287
426,0.1731021690707601,0.2841496884913384
427,0.17276595878503387,0.28393165534994835
428,0.1724258961365541,0.2837108365308606
429,0.17213186724904692,0.28370645510541714
430,0.17186529319969276,0.2836978739112038
431,0.17144863862893053,0.28359735832629995
432,0.1710366532558065,0.28348822958010494
433,0.17068459778313663,0.28333343945867434
434,0.17036954033957954,0.28329672514157944
435,0.17014726411217285,0.2832584365927738
436,0.16985986682049595,0.28326177838031513
437,0.1695868824392387,0.2831798663674405
438,0.16909044064805262,0.28293484775759165
439,0.1688451646966617,0.2828516223383554
440,0.1684722793026038,0.28276710001907485
441,0.16816500331054765,0.2826310917938184
442,0.16780077174457628,0.2824493453567853
443,0.16751185171111868,0.28223372028080906
444,0.16726802895597231,0.2821858033263699
445,0.16698717970890414,0.28194569383153084
446,0.16676362970603853,0.2818847117972628
447,0.1664778397138491,0.2817800309642072
448,0.1662372030079113,0.2817514153129797
449,0.16597497461561178,0.2815848805264253
450,0.1656916580219141,0.28151110321295536
451,0.16540512291801043,0.28148351104352154
452,0.16514224513739845,0.2813434123861564
453,0.164931996224801,0.2813097333390486
454,0.16460012663955986,0.28097859650297136
455,0.16428230584374515,0.28081074502527215
456,0.1640470257528017,0.2807526663032867
457,0.1637156792586336,0.28069963116668195
458,0.16351907074762273,0.28067366047688563
459,0.16316772667311366,0.28044690014366297
460,0.16275538017162472,0.28037033623885044
461,0.16252204261096678,0.28028086948932146
462,0.16215439316376523,0.2801616750223044
463,0.1618070597403068,0.279931126304311
464,0.1615429409643853,0.2798749063689839
465,0.1612203718230835,0.2797804589731923
466,0.16092900915091257,0.2796249096334762
467,0.1607149070836946,0.27959955774564516
468,0.16028035851993336,0.2792441866509657
469,0.1600148411125855,0.2792102709511811
470,0.1597900446592237,0.27921915405596875
471,0.1595354607235802,0.2791668504826695
472,0.15923119443305706,0.2790772824100535
473,0.15904082618570517,0.27910062105852323
474,0.15877000971433392,0.279171792012252
475,0.15846861688166242,0.27900737196446534
476,0.15822717968697342,0.2790352326630465
477,0.15793384806428087,0.2790045587731084
478,0.1577412657678379,0.27883801859850493
479,0.15748326653748315,0.27872266482439045
480,0.157259050226623,0.2785880809762291
481,0.1568581092624428,0.2781652548121234
482,0.15654102400378195,0.2781464574865133
483,0.15632539643990007,0.27807712100300225
484,0.15605111400080374,0.277876976215096
485,0.1558000093382865,0.27776177269693053
486,0.1554974026363764,0.27760545597814296
487,0.15522402818382955,0.27747837366817313
488,0.1549456879350412,0.27736969140518275
489,0.15468266974604541,0.27733932319115845
490,0.1545052919522953,0.2773157058493398
491,0.15422240122394168,0.27723320038747584
492,0.15388276627986167,0.2770979010353828
493,0.1536088695715875,0.2770764451546466
494,0.15340469470365573,0.277003209055543
495,0.15313145770016723,0.27699013033387065
496,0.15292590818068866,0.2769665470909241
497,0.15268241143701003,0.2769104347450632
498,0.15243141481716224,0.2769824846463249
499,0.15221406181111863,0.2768264659045838
500,0.1518152409867063,0.27669308137662374
501,0.15160179438556518,0.27663192888449084
502,0.15137020466506465,0.2765346842461937
503,0.15113084778274766,0.2763438784002459
504,0.15088620305205652,0.2763638663721282
505,0.15066152735749042,0.2763895184010214
506,0.1503014147979156,0.2763183907111466
507,0.1501605059708248,0.2762735826414125
508,0.14997713722941713,0.2763349990760864
509,0.14970556100049207,0.2761164229877317
510,0.14954478610959157,0.2759948734367573
511,0.14912828115400653,0.27603264699032065
512,0.14896302135105735,0.2760350477793425
513,0.14871995247505476,0.2759163020077575
514,0.14842427178369966,0.2756807560504611
515,0.14816389099986418,0.2755796964926418
516,0.1479321069444657,0.2754850817510615
517,0.14773539706106248,0.2754802224944814
518,0.14754441336328306,0.27526673119686684
519,0.14728895869168035,0.27519080863347084
520,0.14713779171391755,0.27521863030922794
521,0.1469439470430275,0.2752119378881707
522,0.1467230822242864,0.2752222832272511
523,0.1465217221116285,0.27514194513808143
524,0.1463317151473898,0.275107006998876
525,0.14609680779792622,0.2750336347815964
526,0.14584984060816064,0.2750364134308324
527,0.145589407302022,0.2750487467052438
528,0.14533796304100738,0.27497912693026566
529,0.14507364418273427,0.27491228637339893
530,0.1448346971676886,0.27478571680506925
531,0.144557113612826,0.27443890704956825
532,0.14434475471943928,0.27438756665406994
533,0.14416039546409093,0.27443002446778914
534,0.1439091792658086,0.2743581728909199
535,0.14369227400413587,0.2743473548291113
536,0.14339828868319104,0.27423679400444345
537,0.14310082794808412,0.27423050232379964
538,0.14283552600511634,0.27404889085031525
539,0.14251261337276114,0.27387432888431895
540,0.14239476241730106,0.27388315616863435
541,0.14217295204221034,0.27379906215684596
542,0.1420114210857435,0.27384946060124976
543,0.1418146649322366,0.2737703296460907
544,0.14161887225378808,0.27362310733201234
545,0.14141931329921595,0.27354716864413614
546,0.14123556624171987,0.2735795862920247
547,0.14098335058005818,0.273509473493151
548,0.14077381402770298,0.2734286760942757
549,0.14052158577618823,0.27328335882140636
550,0.14035877445677994,0.27319598561104586
551,0.14008120873164517,0.2730498565770262
552,0.13986952459614937,0.27310270825885624
553,0.13958506642576923,0.2730541821468981
554,0.13938697844814035,0.2728985388450134
555,0.13917198472616762,0.2728710832378207
556,0.13893283685372815,0.2728111608379429
557,0.1386354123803028,0.2727368455158062
558,0.13842318328673323,0.27276893005583436
559,0.13806466765651818,0.27272884366698547
560,0.1379116798989495,0.27267834918443534
561,0.1376790571407405,0.2726425539613895
562,0.13744900630371193,0.2725436178286515
563,0.13718406061880312,0.27250520664076733
564,0.136988605662851,0.27249190917764365
565,0.13672074604884016,0.27234738751519116
566,0.13648527225205198,0.2722629121621116
567,0.1362957956247644,0.27211626282007273
568,0.1361040486027918,0.2720212419108194
569,0.13585298733014695,0.27193198020739595
570,0.13574772542756516,0.27180901468831725
571,0.1354306033443126,0.27176441362659587
572,0.13523710764591174,0.2717296550316119
573,0.13505810772644428,0.27180180917909136
574,0.13485734298851165,0.27179955899507374
575,0.1346819164725874,0.2716710806464657
576,0.13446047323193241,0.27161194438960873
577,0.13427449741266873,0.2715359236706037
578,0.1339874061285665,0.27142312526217693
579,0.13381616942453153,0.27149970648443456
580,0.1335636008931414,0.2715244519692586
581,0.13339670522539498,0.2715319849200861
582,0.13327223781671127,0.27155164836369233
583,0.13302206273299605,0.27151234756593245
584,0.13284666315905208,0.27152116466006004
585,0.13266278598166176,0.271530577227264
586,0.1324921331352429,0.27146668766619286
587,0.13235694018470345,0.27148412500102137
588,0.13222351146948405,0.2714866821689644
589,0.132044396286186,0.2714896739704706
590,0.1318657409990873,0.27137063847242415
591,0.13164171237828776,0.2713760536702431
592,0.13142454859515945,0.27133852406555353
593,0.1312710274429957,0.271280955095594
594,0.13100962548881864,0.27125840705760007
595,0.13075638861426178,0.27129530516921446
596,0.13055436353115696,0.27121338365883724
597,0.13030511630004768,0.27113354324000666
598,0.1300756918677613,0.2710480203512155
599,0.1299149467024017,0.27101122239449044
600,0.12974164640771002,0.27100096309866806
601,0.129571446290909,0.27096160993759705
602,0.12935714074161883,0.27094161597374716
603,0.1291228898095306,0.27096824872663744
604,0.12895423259474162,0.2709900733631718
605,0.1287867468408269,0.2708445469044292
606,0.12856074709464665,0.27075969964932933
607,0.1284129088335174,0.27069082769564673
608,0.1282175346646529,0.27076330140752397
609,0.12807374184121853,0.27068510150670316
610,0.12792180807160655,0.2706550254285461
611,0.12774868947339318,0.2706127725356804
612,0.1275214617338789,0.27065048599179825
613,0.12732833542941757,0.27047067722417434
614,0.12718283070511754,0.2703744245732685
615,0.12707652700711103,0.2703000893032606
616,0.1269384573202424,0.2702514427164918
617,0.12671864904261623,0.2701081386654526
618,0.12642356144555278,0.2698737740841164
619,0.12627773951468024,0.2699674988981111
620,0.12609756702886996,0.269898726441759
621,0.12589749584618798,0.2698283706536166
622,0.1256694274380718,0.2697680485098614
623,0.125395376558099,0.2696824526714012
624,0.12512331138181573,0.2695954641533264
625,0.12497537267661017,0.2695728757798495
626,0.12482250069444044,0.2695384536971737
627,0.12466566080908814,0.26960901611935223
628,0.1245618340664994,0.2695598250868851
629,0.12433920000955695,0.2694606824524032
630,0.12412555476080285,0.2693726251246336
631,0.12393354991025832,0.2693762582947392
632,0.12363885855198144,0.2694146397405424
633,0.12342931280157274,0.26937473411318724
634,0.12326882929183397,0.26933487246937576
635,0.12311318741525289,0.2693119761190335
636,0.12292712834911841,0.2694874844815639
637,0.12274587663459013,0.26946373054851497
638,0.12251377230875984,0.26943611786605576
639,0.12233267817206853,0.2693984886162281
640,0.12214207819907903,0.2692594925359209
641,0.12195656382552086,0.26920935047644945
642,0.12176937197603568,0.2691664498292689
643,0.12156238725863587,0.2690168427355094
644,0.12145578658736933,0.26905403891532126
645,0.12129083474871832,0.2690553759879368
646,0.12120042116038256,0.26905485764424936
647,0.1209487291915573,0.2690530583570922
648,0.12083324613125945,0.26902840467675226
649,0.12063359529120413,0.26879836723123063
650,0.12047002039181852,0.268734807638146
651,0.1202810938253366,0.2686658086900023
652,0.12004614607247135,0.2686062952568866
653,0.11977633243130192,0.2687439759063494
654,0.11963863111246097,0.2688142299897927
655,0.11950830470188724,0.2687212934356237
656,0.11929671992257566,0.2687738472928353
657,0.11911415048581896,0.26862405737470335
658,0.11896941972087476,0.26865723927143687
659,0.11875810977862465,0.26869150167836164
660,0.1185860587975465,0.26873632329307084
661,0.11842858345093549,0.26858623823371797
662,0.1182075189558365,0.26837194337763076
663,0.11804117706956063,0.2683399738990802
664,0.11794950056988547,0.2683191032497996
665,0.11782317918033584,0.2682566581751165
666,0.11764189723517393,0.2683109943399692
667,0.1174524719922854,0.268321344145068
668,0.11723822268035503,0.26844374420217415
669,0.11708578806965322,0.26834147605076397
670,0.11694840809803522,0.2683039616528865
671,0.11683702851114422,0.26832121129393477
672,0.11670743399939142,0.2683777611808783
673,0.11660772911984096,0.26835542764087683
674,0.11646463376843873,0.26833250819138205
675,0.11632820021297283,0.2681586676510872
676,0.11612520947301243,0.26811902270499294
677,0.11596290708265353,0.2682380677361605
678,0.11576041449643051,0.26804265251633785
679,0.1156204438661712,0.26794771435962755
680,0.1154775823708619,0.26789322540863736
681,0.11532909419967603,0.2678895774862603
682,0.11509393302754756,0.2678673128756547
683,0.1149399852746025,0.2678747537971305
684,0.11483419445665474,0.26779654111309237
685,0.11470709033060643,0.26775150456443786
686,0.11458034428756528,0.26767647871295613
687,0.11444245482630046,0.26765580832722025
688,0.11430441143108208,0.26751509909518223
689,0.1141039023126344,0.26760365795727503
690,0.11401608567717267,0.26760844807800166
691,0.11387472526108565,0.2675664149645606
692,0.11371773524847699,0.2675895652885563
693,0.11361506284263817,0.2675597208427997
694,0.11344772363685188,0.26753704033301356
695,0.11329285581490968,0.2676058198952493
696,0.11316630374783614,0.26758506293747425
697,0.11300858671341932,0.26750348619833103
698,0.11289924431452539,0.2675025685522575
699,0.1127628975508303,0.26747910327560726
700,0.11261336375809586,0.2674903282036052
701,0.11247158401419308,0.267456749943937
702,0.11228373960800227,0.2675322923024069
703,0.11214218731124999,0.26743165087027837
704,0.11200390913301021,0.2673702900315117
705,0.11186633734270719,0.2673205776363032
706,0.11173105919615696,0.2673044716668756
707,0.11158821875933,0.2671935460081067
708,0.11136508272992697,0.2670923507236234
709,0.11121260330380711,0.2670781179186088
710,0.11108676724178429,0.26707351972045534
711,0.11097682862345297,0.2669814580457164
712,0.11084260265725643,0.26688708538951955
713,0.11068868155304185,0.26691186467097827
714,0.11054760266233236,0.2668883765397078
715,0.11028527770018441,0.26672758643073335
716,0.11012016604223174,0.2666254024634178
717,0.10994901239172619,0.26665298248197394
718,0.10982717254305703,0.2666166136914954
719,0.1096265882018677,0.2664536839444729
720,0.10947411032617906,0.26643288076347105
721,0.10930525943977323,0.2662978180364259
722,0.10917454646858205,0.2662855115586768
723,0.10906398269066392,0.26623808427672474
724,0.10888001155769644,0.2663342250187047
725,0.1087357619666775,0.26635036033087583
726,0.10853866400691603,0.2662166334756352
727,0.1084254811269742,0.2662074722570133
728,0.10833984622391839,0.26626106780002784
729,0.10822572180391217,0.2662170412224084
730,0.10807517400603008,0.26614974725205415
731,0.10793708937174634,0.2660838449574023
732,0.1078564105701115,0.26617092007043086
733,0.10774613611598094,0.2661716821756167
734,0.10758225408690071,0.2661249577004253
735,0.10744498997856407,0.2661046208055398
736,0.10732604240568927,0.2660558609464501
737,0.10719890099065991,0.2660296395033575
738,0.10711378256899268,0.2660557385952203
739,0.10693704170737575,0.2660270613972138
740,0.1067598001878345,0.26596769648579577
741,0.10663834842801212,0.26595207805865323
742,0.10652129598903633,0.2659733569848672
743,0.10632654258841198,0.26597179030913815
744,0.10616846622120721,0.26594824491384705
745,0.106049419325451,0.26595792658121375
746,0.10588307776110238,0.2660548302624446
747,0.10576315064687186,0.2660391216728077
748,0.10565114812613244,0.26598403508341584
749,0.10553337482081947,0.26594636762656326
750,0.10537366960442833,0.2659487834695672
751,0.10524380349153793,0.2659275506713581
752,0.10509622328654986,0.26586350479115745
753,0.10497588171689097,0.26587496787738085
754,0.10478967843937584,0.26578732788615644
755,0.10462034178603101,0.26560690944118975
756,0.10449816510525328,0.2654742743671672
757,0.10442338312640953,0.2654389440475016
758,0.1043228879062168,0.2654442260368713
759,0.10415804450154334,0.2653821423443931
760,0.10403974240297474,0.2653264949354542
761,0.10388385978031757,0.2652655182477669
762,0.10381687541501765,0.26522936187834545
763,0.10373319822740756,0.26520343278698677
764,0.10359246586177702,0.265135894133234
765,0.10347932554283745,0.2651035611183184
766,0.1033561214682539,0.26499781009087797
767,0.10323068950170762,0.2650466736720704
768,0.1031048379335224,0.2650785852762302
769,0.10298508103092315,0.26505719592715243
770,0.10285615384660111,0.2651342195529277
771,0.10270705929584292,0.26506630390957836
772,0.10255737277545703,0.2651138028617035
773,0.10242519834244669,0.265188273628741
774,0.10229545824834718,0.2652033690249971
775,0.10220681280378731,0.26520404870472497
776,0.10209291910848399,0.26516740431266234
777,0.10198998660300605,0.26511477260669136
778,0.10188280978465097,0.2651026621826433
779,0.10178083840777034,0.26516130524439446
780,0.10172891720522566,0.26514589161230967
781,0.10154926645247345,0.26502564731943534
782,0.10148054404082,0.2650633553684574
783,0.10138283382526751,0.26501763271776685
784,0.10120358443808579,0.265026336083676
785,0.10107741799452538,0.2649461468687239
786,0.10089655669079041,0.2649852264018001
787,0.10068024939325272,0.2649738918309211
788,0.10060342264169495,0.26494271307428763
789,0.1004732989749809,0.26491630441420255
790,0.10036341295752657,0.26490588527867104
791,0.1002103982080234,0.264838645728018
792,0.10007807224163767,0.2648075931389825
793,0.09996926198015742,0.2648358310982598
794,0.09984470342073394,0.26496130198441037
795,0.09975745422274858,0.26492502179895616
796,0.09961272732278151,0.26485379974591855
797,0.09949327960817607,0.2648262633600182
798,0.09940707532497947,0.26474887072455533
799,0.09925503259039499,0.26465379225902885
800,0.09910916555547998,0.26469975386804684
801,0.09900514911541075,0.26463613896665256
802,0.09888833072448165,0.26458314393114973
803,0.09878417757356658,0.26446912083119134
804,0.09864944947810868,0.2644364512505733
805,0.09854878961803128,0.2645496663004179
806,0.09843980679152058,0.26447224086907145
807,0.0983181880014112,0.26450075206278434
808,0.09816290253159542,0.26461375023158007
809,0.09806986977740556,0.2645476710639223
810,0.09792425381521566,0.26453458454668866
811,0.09784113083923754,0.2645048737869859
812,0.09770727849505086,0.2644229026442581
813,0.09757492212596694,0.2645207939265126
814,0.09745873244923799,0.26449230847317795
815,0.09737295338753098,0.2645415625026548
816,0.09727214671706544,0.26443098026550943
817,0.09715595274242272,0.26442032337447385
818,0.09692591299615784,0.26440949458214236
819,0.09685786317424307,0.2643584276687423
820,0.09671565932727035,0.26431962782915736
821,0.09664222923194633,0.264296317378279
822,0.09645319881108697,0.2642834374381569
823,0.09636914407127188,0.26422903665002145
824,0.09625700972224988,0.2641784471184518
825,0.09612971963326215,0.264161567875592
826,0.09603967143466448,0.2641237157937201
827,0.09592398294269194,0.2641127451975902
828,0.09582317838094238,0.26407437203294415
829,0.09569429482840074,0.2639881217697038
830,0.09554691284548963,0.26398992503065016
831,0.09548277362046968,0.2640007065104148
832,0.09534247735016158,0.26399706587224436
833,0.0951374312397902,0.263889569838664
834,0.09503735693207235,0.26391187422001544
835,0.09494921277310243,0.2638851304201276
836,0.09482945353930586,0.26387762238362894
837,0.09474482161723964,0.26382683279021346
838,0.09464866612804995,0.263775159289107
839,0.09452936289032265,0.263850621224912
840,0.09438941293325057,0.2637794111758046
841,0.09431144476689904,0.26377978407422675
842,0.09416889379123378,0.26375996723351885
843,0.09406660611667007,0.2638537678222735
844,0.0939770260368302,0.2639070473260752
845,0.0938111256802492,0.2638379668772596
846,0.09365093990603496,0.2639143613538078
847,0.09354738841586782,0.2638795841780566
848,0.09343600683450802,0.2638971602071513
849,0.09330246514641442,0.2638122560992322
850,0.09323127185618253,0.26370950645796304
851,0.0931579749809214,0.2637090830189264
852,0.09303954927061564,0.2637590074218664
853,0.09292241305747442,0.26379365256706905
854,0.09281306862340824,0.2637686207316031
855,0.09272945705715216,0.26372698315938836
856,0.09262058035839883,0.26377418663702085
857,0.09251346300823948,0.263808042140233
858,0.09242150056038745,0.2637083314256513
859,0.09227295651909788,0.2636384245777056
860,0.09215263433722991,0.26356964668039073
861,0.09201324979541303,0.2634630109798227
862,0.09192417094612094,0.26350864018008013
863,0.0918164160944427,0.26358534608159895
864,0.09171294553752554,0.2634997400224454
865,0.09162744811451817,0.26350842654185425
866,0.09151726405857617,0.2634850161459557
867,0.09134822374157495,0.2635314439594308
868,0.09127050540649347,0.26361143817072435
869,0.09119018857041941,0.2635961588003767
870,0.09108676060271938,0.26362355455898195
871,0.09099240408368965,0.2636200333422972
872,0.0908733603762158,0.26358580997066094
873,0.09076261160807808,0.26362527060946456
874,0.09067016813616348,0.2637116420111356
875,0.09055347700964318,0.2636772318136713
876,0.09047479794004773,0.2637397798092468
877,0.09037644048698981,0.26378460984911767
878,0.09023629538372607,0.2638203468541416
879,0.0901142775342664,0.2638621078804519
880,0.08998231153249711,0.2639136040460562
881,0.089908529616946,0.2639419551260186
882,0.0898273295290659,0.2639488782144057
883,0.08968549759733357,0.26396104647651614
884,0.08959401069985583,0.2639432372148071
885,0.08949145101341978,0.26401531763896896
886,0.08942494488214629,0.2639777827126018
887,0.08928597736099991,0.2638653579465818
888,0.08919185079238257,0.26382327935565986
889,0.08910484662959882,0.2637767381973181
890,0.08897429485515089,0.26375476787171626
891,0.08890955537457694,0.2638153755147206
892,0.08879572363084204,0.2636858333164781
893,0.08872766927234331,0.26369722677490676
894,0.08864902245282742,0.2637020285578964
895,0.08860024540362034,0.2636906009989969
896,0.0884642845178349,0.2636464174478217
897,0.08839974478987997,0.2637016071949
898,0.08827275212466539,0.2636649787075208
899,0.08813313086271315,0.26365031673590217
900,0.08803415016174272,0.263702967943245
901,0.08793685844559837,0.263701345482667
902,0.08785900737750774,0.26368742140967816
903,0.0877761192150786,0.26372634832983627
904,0.08767455766962248,0.2637608149427078
905,0.08761237442968929,0.2637889639195095
906,0.08751685451138011,0.2637489895273071
907,0.08742880452121787,0.2636823317652383
908,0.0873121181588508,0.2636084630768992
909,0.08716879890612317,0.26355765351631805
910,0.0870748501301537,0.26356364474153277
911,0.08700117012724069,0.2635819748291973
