0,0.6791200003297232,0.6798470943251478
1,0.666392018565355,0.6678521565479755
2,0.6547669729859732,0.6566979559303993
3,0.6428046884697741,0.6451071094476393
4,0.6321080803516013,0.6351833109876014
5,0.6220058225235849,0.6251905997884415
6,0.6120727902727781,0.6161175745789244
7,0.6022297045680238,0.6069794156096989
8,0.5923865582523895,0.5976311236458861
9,0.5835966472000683,0.5894460978844605
10,0.5754514540792577,0.5813814054864314
11,0.5662148408406777,0.5733161830089181
12,0.5584376163728898,0.5662358626404145
13,0.5517180517626614,0.56002240337173
14,0.5449956384410688,0.5536048406458922
15,0.5376134150788232,0.5474200027266094
16,0.5308122076131144,0.5410144987162436
17,0.5249508324540715,0.536290978154576
18,0.519594285315293,0.5310342960631601
19,0.5142094935063928,0.5262468200430681
20,0.5084762497478588,0.5213311666738526
21,0.5029390215755337,0.5166827606057439
22,0.4973333334141478,0.5117884962682085
23,0.49240421420175956,0.5076180472103242
24,0.4880524439276626,0.5040757205615282
25,0.48285063636575226,0.4992790643045136
26,0.47830197164768495,0.4947309755232243
27,0.47336294255640204,0.49009726032479783
28,0.4692013995294656,0.48692775918062897
29,0.4649242412487587,0.4839400956377037
30,0.46086179701076835,0.480366982922509
31,0.4560864779066069,0.47627997229089786
32,0.45230893511047665,0.47337476389283056
33,0.4492164467865566,0.4711385092276007
34,0.4453803841857001,0.4684283833495668
35,0.44156877807495964,0.4649214419516878
36,0.43892405262769985,0.4629242399045304
37,0.4357379811049218,0.460507206742344
38,0.4326108839684707,0.45806684520775776
39,0.4291873390175025,0.4555241515103423
40,0.4265337643817496,0.4533905274189679
41,0.42362744237602407,0.4516345984136321
42,0.42060720222117054,0.44922750230241965
43,0.41802060260791646,0.4473640812173102
44,0.4148548054245283,0.44515507074789323
45,0.41239703423690416,0.44325574571654797
46,0.40980355528875995,0.4415293397336043
47,0.40765683913775447,0.4402133179813893
48,0.4058085709603091,0.4388850993902704
49,0.4034746884115876,0.43723525909667277
50,0.4012289037770761,0.4353444001254183
51,0.3990159096286929,0.4337974188929
52,0.3972000682720953,0.4325065091965521
53,0.39507762677856567,0.43113554719984465
54,0.3930891959409136,0.43018399973787136
55,0.39140966845363706,0.4289671335861301
56,0.39001386049605885,0.4279766942236794
57,0.38800636753661866,0.4262416804274273
58,0.3860508787122952,0.42503487055504097
59,0.384880240174249,0.42414247027374935
60,0.38270755226112524,0.42226828421877727
61,0.38135353550536866,0.4213836615989183
62,0.3798531131687562,0.4203384823470862
63,0.37819852705863644,0.4192142314718096
64,0.3759160728416708,0.41737444821461755
65,0.3744164990573796,0.41628240390528864
66,0.37330489551654045,0.4151243744948892
67,0.37213137796169005,0.4140580521753065
68,0.37033396231263965,0.4127144163131786
69,0.36819351938772343,0.41169268076680654
70,0.367014577159105,0.4109218347769405
71,0.3650707256237587,0.4097703800249889
72,0.36361527656017256,0.4085334500265592
73,0.3618935032894737,0.4072324767332098
74,0.36004032563074106,0.40653949358234315
75,0.35871355346558464,0.4055778798619773
76,0.3578129667037767,0.40495864432948997
77,0.3562638435250124,0.40383463789946483
78,0.354602741745283,0.4025227727520427
79,0.3535852669012227,0.40181527448513715
80,0.3524699660966981,0.4009825086085067
81,0.351525891028426,0.4005433682644247
82,0.34992049064749875,0.3995419624093678
83,0.348841010873107,0.39886468274275805
84,0.34798721571072805,0.3984478947583155
85,0.3468562469937003,0.39775316860253823
86,0.34590301968253473,0.3971394991959577
87,0.3447214711860725,0.39666727759316767
88,0.34381867212714123,0.39617430225524597
89,0.34270479567829876,0.3956873955479229
90,0.34178151014189734,0.3951195178880445
91,0.340802705039334,0.3948627775476111
92,0.33999739858102657,0.3944606064556387
93,0.3392943123719898,0.3941096272876593
94,0.3381258558256269,0.3933867652009666
95,0.33717844715894985,0.39313110518065186
96,0.33628707325091545,0.3924311936117158
97,0.33530799539939177,0.39210904060051394
98,0.3344800204719309,0.3917916291302022
99,0.3336393778705313,0.3915031902139901
100,0.3325635347489449,0.3908731314375712
101,0.3312058813403829,0.390033583215708
102,0.3302979909675242,0.3892799709666039
103,0.3289200935250124,0.38888433575295994
104,0.3276653876962823,0.38824817380294757
105,0.3266015455289536,0.38769150690116466
106,0.325722263491497,0.387278860598195
107,0.32498220464560573,0.3871438553656065
108,0.3240026419070413,0.3864906141135211
109,0.32323764168399327,0.3861395373044629
110,0.32241315188213754,0.3856024091760014
111,0.32151980812050024,0.38484818291112144
112,0.32068313553174654,0.3842573550879488
113,0.3198236732520792,0.3840887721208046
114,0.3190079417223963,0.38379103007733095
115,0.31759085934590675,0.3827062938162269
116,0.3168831970154233,0.38252370550723064
117,0.3158323861873138,0.38207251392580666
118,0.3150225339129996,0.3814757150422941
119,0.3141627988843719,0.3810897376047989
120,0.31336909940960156,0.3805355012011207
121,0.31267589277401936,0.3801324458861508
122,0.31164399254049774,0.37937317042238894
123,0.3109509980429959,0.378741433872201
124,0.3101661780621586,0.3786141809996425
125,0.30914852138545806,0.3780683393401703
126,0.3080861944901316,0.3771593594060488
127,0.3070914487261048,0.37672230686715613
128,0.3061195229584316,0.3764279505863335
129,0.30544404500527556,0.37565347810233773
130,0.30489009186669874,0.3751585068148051
131,0.3040622987718781,0.374742435701052
132,0.30332436130678997,0.3745047257093678
133,0.3027473457283391,0.37432435826487476
134,0.3018888532227532,0.3738498545859713
135,0.30128419908298165,0.37357922117500675
136,0.3005951745981256,0.373096877083179
137,0.2997419552391075,0.37258940431547366
138,0.29915718146800524,0.37217533560310584
139,0.29812070511303684,0.37172340926367753
140,0.2974811694117738,0.37168031304009114
141,0.29672577601322,0.37128244703251634
142,0.29584716069544437,0.3706439519265336
143,0.29510264694986654,0.37032350066754544
144,0.29449281057984733,0.3700226484653596
145,0.29388806552375557,0.3695109399778821
146,0.293459758739604,0.3691659466968529
147,0.292864317453606,0.3689925734798524
148,0.2918363569272902,0.3683729789589714
149,0.29117269809575164,0.36827861351010616
150,0.2905678318178997,0.36801422356062735
151,0.2900249401649392,0.3679037077671317
152,0.2893824648359918,0.3675886108785472
153,0.2887550816161867,0.3671514827728971
154,0.2878754359134496,0.36677896632200707
155,0.287363698252855,0.3666775293703376
156,0.28624194238960093,0.366162091144104
157,0.28534396189563677,0.36587459929032934
158,0.2845021070766354,0.3652048545102945
159,0.2838901796312531,0.3647781694611593
160,0.28331980094417203,0.36467169454942205
161,0.28270178210534075,0.36443990710067825
162,0.2820810357769054,0.36422167381587806
163,0.28149729239076465,0.36390660509814404
164,0.2807964184788512,0.36393501214735136
165,0.2802940451992304,0.36345766218019954
166,0.27966738930998636,0.36320519992736006
167,0.27916086418507946,0.3629518069693711
168,0.27844723168290714,0.362685996688693
169,0.27781184782693025,0.36264749678829555
170,0.2770591819179804,0.36225903926986286
171,0.2765075016874069,0.3620644676847955
172,0.27605764773538355,0.36171006143445744
173,0.27548342025741684,0.36153106966176746
174,0.2749197693780257,0.36111092167622844
175,0.274354360783112,0.36074594446906955
176,0.2737717083928128,0.36037291886913236
177,0.27273392890392256,0.3602456726439182
178,0.2722207365822058,0.3601860084158389
179,0.2711856845829196,0.35978911552946796
180,0.2703858634092602,0.35943020561596356
181,0.26988176271955683,0.359369131890115
182,0.26934741720068894,0.3591482297164682
183,0.26866599938128416,0.3589168415618055
184,0.2679852179761203,0.35850114281355483
185,0.2672551902308838,0.3579732671511893
186,0.26666581003289475,0.35763712940919473
187,0.2662018337458106,0.3575468843540504
188,0.2656980967213878,0.3574027050939575
189,0.26511992953621527,0.357188629679874
190,0.26455291475297915,0.35700684881283085
191,0.2641629443504841,0.35682472473285215
192,0.26351592320553,0.3564781103158589
193,0.26312831662735847,0.3562751415346872
194,0.26265433954505957,0.3560966561011904
195,0.26218806004453205,0.3558591795659216
196,0.26170990081150697,0.35570237130461174
197,0.26122031642758503,0.35544844926300867
198,0.26068633457399765,0.3549766073293616
199,0.2600372223536805,0.3546099289675701
200,0.2596860126090026,0.3546180330213193
201,0.2590941776703699,0.35402060127477963
202,0.2586555367311631,0.3538106265533868
203,0.25817210435157023,0.3535925620587061
204,0.2577864979324417,0.353113806695247
205,0.2573359772607373,0.3528086061300696
206,0.25691397400811505,0.3526141435240121
207,0.256623011478246,0.35246740431524104
208,0.2561134255038946,0.352111923529053
209,0.25570906001737836,0.3521186636045692
210,0.2553346666110663,0.35197898881023326
211,0.25480107872819946,0.3516272276884226
212,0.2543596799939486,0.35147323205816877
213,0.25380036279248386,0.35131024550262746
214,0.25332765853866684,0.3510822049863663
215,0.25259979763239354,0.3506852375591329
216,0.2522159792342276,0.3507527464500313
217,0.25177521691421767,0.35052541908736423
218,0.25125111463408484,0.35023354309414967
219,0.2504241397861454,0.3498908868365262
220,0.24986832286300584,0.34968299461590097
221,0.24939078489150168,0.3495650203379873
222,0.2488337557507603,0.34922453627887173
223,0.2484270567453606,0.34933537423925815
224,0.24794192726112524,0.3488899946945363
225,0.24744008432670525,0.348722097978926
226,0.24698612398755587,0.348440619266918
227,0.24639745596740784,0.3481955420038659
228,0.246097826081686,0.3480400073450879
229,0.245592588937981,0.3479047947367179
230,0.24504736376613703,0.3477539839209397
231,0.24455440032565012,0.34761115830556255
232,0.2441078799720317,0.34756684620430656
233,0.243585202047581,0.34745667070515485
234,0.24306263019217042,0.34709127888158525
235,0.24265750706965306,0.3468612842440086
236,0.24219901606721697,0.34677109513216997
237,0.24182953214219216,0.3467029704154332
238,0.2415487219347381,0.3466048796089994
239,0.24096802424532182,0.3465681679713241
240,0.24067869820921517,0.346579349096834
241,0.24014176157522343,0.34641505476078444
242,0.23986046648072865,0.34634412252745306
243,0.23954707792522653,0.3462345095449797
244,0.2389978069771366,0.34591998290237175
245,0.23826961271102284,0.34555776250925957
246,0.2379045230748045,0.34549432544444836
247,0.23743118240674652,0.34541588550671315
248,0.23692167219599522,0.3451933851176735
249,0.23636934039846078,0.34505492719210346
250,0.2360057811869647,0.34474265297300244
251,0.23567045149287022,0.3443835310219564
252,0.2352340986143868,0.3439937752113124
253,0.23479209377133503,0.3439844326140917
254,0.2345007372707454,0.34387271099858924
255,0.23408038566460557,0.34358083084903246
256,0.23372222082143743,0.3435993876027358
257,0.23340661996881207,0.34347384512452117
258,0.23293040028394985,0.3434063946603968
259,0.23249574451010893,0.3434332320568677
260,0.23216130882649577,0.3432764950331934
261,0.23170595443710434,0.3431839090877258
262,0.23130971080852006,0.34299351330826133
263,0.2309500458460697,0.3427634111577851
264,0.2303400427961302,0.34246518848916746
265,0.2299593004001288,0.3423360158830183
266,0.2295869829164598,0.3422448617214876
267,0.22917246510752856,0.3421392695630569
268,0.2288045873708261,0.3418238650544531
269,0.22836267344409447,0.3418714851253774
270,0.22802237365783268,0.34181296443627596
271,0.2276485105967214,0.3418911909268454
272,0.22729160342931512,0.3418079705110083
273,0.22679080603257665,0.3417309766176982
274,0.22632342038348746,0.341598394118359
275,0.22583968494949416,0.3415120853059335
276,0.22544544147995282,0.34131565734604213
277,0.22507341189796426,0.3411062528634756
278,0.22463055850259123,0.34084641675087546
279,0.22424625521738456,0.34040484826903045
280,0.2238841961251707,0.3403319496862763
281,0.22348055796921548,0.3401803073488641
282,0.2229255441402371,0.34002222017289163
283,0.22247023520900572,0.33993522131184506
284,0.22193173784485165,0.3398804450349936
285,0.2215339334861051,0.33965373563734946
286,0.22117889010326156,0.33956244433946936
287,0.22072347510299,0.3392466977353836
288,0.22037476555711583,0.3391033659273135
289,0.21992000212380525,0.3389100724590409
290,0.21949751398414225,0.338724578082756
291,0.21919073201456987,0.33859500301390216
292,0.21883758272172915,0.3387183405880899
293,0.21853822558496772,0.3387705536178429
294,0.21803462493502512,0.33844686599982543
295,0.21782238078567218,0.3384864347602465
296,0.21742280355868296,0.3384446411736796
297,0.21723324303120345,0.3383769069317155
298,0.2168643652149795,0.33833847894378655
299,0.21650774594925365,0.33822603560508735
300,0.21605989215627328,0.3379688817354998
301,0.21575212525989945,0.33802702551451863
302,0.21513980384379655,0.3378408956182413
303,0.2148245515037317,0.3376639582040914
304,0.21444950653045866,0.33763190247105584
305,0.21403974667561446,0.33758502197445783
306,0.2137510873591888,0.33746427846873267
307,0.2132885657332268,0.3372734199878412
308,0.21294171997191536,0.3371262539836598
309,0.21252912655842696,0.33678291764880386
310,0.21221548040668445,0.3367373184461535
311,0.21171075845546022,0.3368664821107481
312,0.21122859890434925,0.3367703558238619
313,0.21085756940188213,0.3366673574238459
314,0.21060238244398585,0.33665793636367464
315,0.21010164565812747,0.33629618248436394
316,0.20969512848536806,0.33603684919227916
317,0.2094208491002436,0.3359350487417232
318,0.2090977021930471,0.33575702558447945
319,0.2083988435928966,0.3353370567610087
320,0.20806937800145078,0.3351666679375659
321,0.20761656926902308,0.3350019790703662
322,0.20711621130116528,0.3348707511557575
323,0.20680423194862524,0.33499788517108586
324,0.20635019584587574,0.334740101838445
325,0.20597555999604333,0.3345728216301724
326,0.20559354477156003,0.33424127144525617
327,0.20514660014178096,0.3340107697570949
328,0.20476197864945384,0.3336065157003862
329,0.20438134232249255,0.3335080096210619
330,0.20407042366035408,0.3332889942128254
331,0.20375368635372704,0.33321149760348895
332,0.2032800274785486,0.3332862660222822
333,0.20267423688477532,0.33308529010768023
334,0.20237709204513715,0.3329237760716618
335,0.20205805152506673,0.3327711526838914
336,0.20171334229727841,0.3328873385563575
337,0.20122792491136265,0.3327898144441529
338,0.200857880335697,0.332778239644569
339,0.20049570002172293,0.33263787142390405
340,0.20007415135070133,0.3324015041021297
341,0.1996790896342788,0.33237079224475863
342,0.19932484934559644,0.33238074710152815
343,0.1990251285435545,0.3323024905444329
344,0.19878850366768558,0.3323231934654618
345,0.1984676145157724,0.33219612008240806
346,0.19807871995639895,0.332012858411566
347,0.1977107664560964,0.3318146939153087
348,0.1971702840856194,0.3316608891665754
349,0.19684727355290313,0.3314799012931152
350,0.19648401739580748,0.3313788432855258
351,0.196100532357482,0.33134528909475597
352,0.19583870850821591,0.33148238811838543
353,0.19558685514872456,0.33137295321875193
354,0.19517167062011234,0.3311375887504221
355,0.1946522353777464,0.3308900769170966
356,0.19419727495907554,0.3309841310241344
357,0.19383126100693582,0.33089573382507764
358,0.19346359540831368,0.3307344289468001
359,0.1932215761641168,0.33072263121526546
360,0.19283363622610478,0.33050382727821925
361,0.1924366652669594,0.3304518571363149
362,0.19198552333373417,0.3303231084722197
363,0.19163260133169377,0.33016773889596773
364,0.19131566703970643,0.33014720432857164
365,0.19087990511730388,0.33001003507323895
366,0.19055510656362493,0.3300726361692659
367,0.1902551887762227,0.3299799245632986
368,0.18964371591244103,0.3298662044084966
369,0.18910635500228867,0.32988799244909117
370,0.1886409392068024,0.3298278296988834
371,0.18827694056642563,0.32987579264623607
372,0.1878656654395792,0.3297236975603434
373,0.18755558017704196,0.32979218362136276
374,0.18718373242769365,0.32981121318153683
375,0.18672384737501552,0.32972993814340146
376,0.1863107084636063,0.3295903249794715
377,0.18600824501924032,0.32961209959494026
378,0.1855569212533748,0.32931068308705264
379,0.18513970626027962,0.3292205685393767
380,0.18480451294066536,0.329028161591714
381,0.18442249771618205,0.3288418807890246
382,0.18409456254945847,0.3286557102773344
383,0.1837145171785781,0.32863498847244776
384,0.1833542158018868,0.3285894023123751
385,0.18295013821705094,0.3284111574311078
386,0.18252111925505834,0.328308499177647
387,0.18222712618118483,0.32820062270903083
388,0.18181753300626086,0.327958774831001
389,0.18139348413643558,0.3280074040947482
390,0.18103581933302818,0.32791703222995594
391,0.18057213094762445,0.3278790800311699
392,0.18031401951476383,0.32778579010270653
393,0.17994682365046238,0.32789187253241503
394,0.17956229307445537,0.3277443602288138
395,0.17920521922712884,0.3277074331673667
396,0.17875531981694545,0.3276691204168446
397,0.17844546184520854,0.32772145394625163
398,0.1781128596407181,0.3276368017711172
399,0.1777683473982901,0.32765921221366867
400,0.17748868879755772,0.32758536046481646
401,0.177074519501187,0.32752960480443405
402,0.17668235195428872,0.3272825461521486
403,0.17638857101849553,0.32726262991636085
404,0.1760605146300118,0.32714256021671506
405,0.1757661881962978,0.32705191111774384
406,0.17546664922689612,0.3270749746990327
407,0.1751845964964002,0.32701246012515295
408,0.17478550415645172,0.32676990794679267
409,0.17430148082077798,0.3266019309055673
410,0.1739206929666165,0.32654413858058123
411,0.17357748385811042,0.32636367603384453
412,0.17327048975045772,0.3264621569742005
413,0.1729286746921937,0.32640235772108706
414,0.1726089219942822,0.32646242814253545
415,0.17224599919702707,0.3261076757645736
416,0.1718833339960123,0.32597572875653014
417,0.1715711121999519,0.3259571098801391
418,0.17135604964467477,0.32593312135722974
419,0.17103396342787985,0.3259081558461711
420,0.17076819987140796,0.3258931019611768
421,0.17045155348110105,0.3258154302469367
422,0.17015127202841826,0.3257606320536731
423,0.16985353623269922,0.3257403004124578
424,0.16965502044768652,0.32573719016213504
425,0.16942906308671332,0.3256219261613466
426,0.16908692982132884,0.32555351176915387
427,0.1688985815114511,0.3254456611671262
428,0.16853130988354953,0.3253212370394945
429,0.16828550245934706,0.3253300722418837
430,0.16792157958257045,0.32531026054137263
431,0.1674648008374969,0.32508938940821425
432,0.16718868797324976,0.32502816261226214
433,0.16692798542526532,0.3249567866918089
434,0.16669357284651967,0.3247027540193803
435,0.16642752138836736,0.3246663511677662
436,0.16614515045075098,0.3246158535320481
437,0.16579247089223095,0.32479515025474653
438,0.16537451341585463,0.32455673136238194
439,0.16514590432887755,0.32472095180907334
440,0.16485001716500125,0.32464703076397305
441,0.16460511890400012,0.3245476217581567
442,0.1643401432889694,0.3244356899905395
443,0.1641153375347179,0.32433867668630384
444,0.1638288147518154,0.32439080617956945
445,0.16350981968990505,0.3241581696842346
446,0.16322119067891944,0.3239977985732978
447,0.16273566722396351,0.3239747464666833
448,0.16248411691887257,0.32392690785839123
449,0.162240264195553,0.3240296724632923
450,0.16202288327411246,0.3238942677790982
451,0.16173761816697182,0.3239151854195565
452,0.16142013837706368,0.3237761606176336
453,0.16120387875690478,0.3234882539658606
454,0.1606638661207485,0.32336997902181036
455,0.16037602505120407,0.3231334527406072
456,0.1601422791921394,0.32299506194866745
457,0.15982854212407677,0.32298007052644645
458,0.15956835476857312,0.3228678679817219
459,0.15932916908302042,0.32282926939332673
460,0.15908618006474212,0.322656878393566
461,0.15885269180191783,0.32248957362994607
462,0.15865176673442155,0.32247670042646037
463,0.15836657739088103,0.32234205243992625
464,0.15801429180308155,0.32235662993308994
465,0.15773487564586955,0.3223126216712087
466,0.15743751866815106,0.32233439008296405
467,0.15722788078664193,0.32238385868105446
468,0.15696714793321748,0.32221779103693743
469,0.1566878984559257,0.32213625434172644
470,0.15643216600010862,0.322178093488819
471,0.15616225059835062,0.32198806549048026
472,0.15574718729149858,0.32207920264013495
473,0.15549786443625094,0.3221615226173758
474,0.15530319744212387,0.32217288521663023
475,0.15499862776967477,0.32210610038333237
476,0.15476069975988394,0.32214202766873085
477,0.1544926026845286,0.3219399307529541
478,0.15411555755221262,0.32180063578742746
479,0.15380265388375125,0.3217393605159066
480,0.1535652713718812,0.3216207789331099
481,0.15333798057154605,0.32163784905151394
482,0.15306092823865752,0.32150557958483017
483,0.1528314251411991,0.3213447173061038
484,0.15246157755089373,0.32129599982041124
485,0.15220114775186971,0.3213895375485787
486,0.15198997944563836,0.3212686390049449
487,0.1517411263247114,0.3212504384850093
488,0.1514357535581011,0.3212963331323287
489,0.15111950113851477,0.3212095286258459
490,0.15081256764174217,0.3211670259915264
491,0.15054616767102935,0.3211207708519542
492,0.1502296273497626,0.3210858632045374
493,0.1500312630919501,0.32092558474961286
494,0.14971985954277092,0.32083144820050186
495,0.1495669231395854,0.3208340859297168
496,0.14931632745585588,0.32079168855077755
497,0.1490379568363254,0.32077176467104696
498,0.14874082714940728,0.320749534839065
499,0.14826697128886854,0.3208084773910788
500,0.14801298139585403,0.3207806350145733
501,0.14778053867071128,0.32077733866939817
502,0.1475380496921937,0.3207631948126699
503,0.14731525924970518,0.3207192020179164
504,0.14707614932775262,0.3206300358386473
505,0.1467679126970581,0.32078936958120774
506,0.1465233174904574,0.32075326345132016
507,0.1463223469648011,0.32078961545749346
508,0.14611973994538233,0.32065543050028616
509,0.14589679797569358,0.32054971796459797
510,0.14566009733622456,0.3205867756030444
511,0.1454064408030505,0.3205165726729916
512,0.1451418743114604,0.3204577612265929
513,0.1450031966178159,0.3204455067974522
514,0.1447101581653038,0.3204209597781383
515,0.14443204514201372,0.320271489322505
516,0.14423039274395638,0.32024685522758384
517,0.14402875549861904,0.3201309125416202
518,0.14379785835091857,0.32009720703705863
519,0.14353404949532958,0.32016292516795997
520,0.14332250237109762,0.32007973547539487
521,0.14314126068691038,0.32008811879410903
522,0.14298323296979737,0.32009654385828723
523,0.14278959636063182,0.3200670430953562
524,0.14258798942073456,0.3198566374866445
525,0.14234859159710153,0.3197153343634138
526,0.14215418219921488,0.31975901166376985
527,0.14188440317193707,0.31962938610941843
528,0.14165044517479208,0.31962603678665774
529,0.1414506565612975,0.3194654166759647
530,0.1412907650596217,0.31945171036867714
531,0.14107145974273833,0.3193802945148685
532,0.14078501272343594,0.319319531273505
533,0.14047144233529357,0.31928653371339416
534,0.14017757048318025,0.3190828627211538
535,0.13992752029737152,0.31918147107416933
536,0.1397548398999969,0.3190308963474169
537,0.1395328828571096,0.3189510144927035
538,0.13931589590638965,0.3190072949103952
539,0.13910383358967696,0.3190041361450768
540,0.13879517268282182,0.3190014006267978
541,0.1385650634765625,0.3189550453143616
542,0.1383868523363797,0.3189317854873169
543,0.13814274201681975,0.31888454948760725
544,0.1379711829207268,0.3188924066696611
545,0.13778725920509557,0.3188290158009646
546,0.13752195023022437,0.318880977781736
547,0.13734576955452457,0.31885774314094134
548,0.13715830010240815,0.31882599873691736
549,0.13697590681149918,0.31877645540627875
550,0.13672882655881485,0.318663376510285
551,0.1365267650373169,0.3186586044808426
552,0.13634947821305549,0.31860634077296784
553,0.13618519242257324,0.31860269403593905
554,0.13598949504348468,0.3186443469466652
555,0.13580476823369228,0.318592352151795
556,0.13556141555013343,0.31856451685856496
557,0.13533633704692155,0.3185154308442213
558,0.13508286234638778,0.31845019371441124
559,0.1349095303820522,0.31841954317274945
560,0.13465014612070972,0.31834285159030956
561,0.13448822415455094,0.3182555390681477
562,0.1342534782159648,0.3183230678745115
563,0.13406944843129345,0.3183551261273937
564,0.13392513392580063,0.31834777851401624
565,0.13375857522731505,0.318379987476919
566,0.1336072601651719,0.31834882661995434
567,0.13337445377474863,0.3182613970423635
568,0.13317242255869072,0.31825117930408153
569,0.13299196881594463,0.31814260902498714
570,0.1328313499837078,0.3180772193418112
571,0.13267162516195227,0.31790316317733835
572,0.13250971834851352,0.31793206542198005
573,0.1322852156486625,0.31783355417446635
574,0.1320625009697741,0.31778259093343453
575,0.13191564080731752,0.3176757518614851
576,0.13171377627117986,0.3177207648596269
577,0.13159778219940882,0.31766684957028174
578,0.131417510289303,0.3176185457923765
579,0.13120546312531034,0.3175336280754699
580,0.13104345024283143,0.31753243201904857
581,0.13090531804710775,0.3175027960461406
582,0.1307522755748821,0.3173539094612244
583,0.13058658058143774,0.3172579774142585
584,0.13044670582291149,0.31718896274508435
585,0.13020783834447927,0.3171903737077707
586,0.12994342338008938,0.3171118450252168
587,0.12978341065665341,0.31700917133297696
588,0.1295738485387444,0.3170279970961938
589,0.12940907786122144,0.3170512627043895
590,0.12924464054353899,0.31696737499372407
591,0.129059504610306,0.3170532830360078
592,0.12888118740108304,0.3169948565635254
593,0.12872096253956677,0.3169667120234517
594,0.12855601002940356,0.3169726651771755
595,0.12827227534698515,0.31687670278143254
596,0.12810414076561724,0.31681913862245814
597,0.12790638261660564,0.3167849045770653
598,0.127720140534811,0.3168354745301017
599,0.12757338644139463,0.31675674870151843
600,0.12737958315230885,0.3168142160588917
601,0.12722070688287457,0.31671943879439357
602,0.12700925067496277,0.31665929194189024
603,0.1268073709861051,0.31660742452445445
604,0.12667014795358272,0.3164987974643603
605,0.12653188695973885,0.3165285843128249
606,0.12638252659847862,0.31645338017411845
607,0.12615748597706677,0.3163610749317336
608,0.1260154140741373,0.316520426557375
609,0.12576912176289412,0.31649382615671556
610,0.12553705785575192,0.3164781438147522
611,0.12530143305940447,0.31651568038106664
612,0.12517288495909493,0.31647034048951433
613,0.12504295038490335,0.3164948811637933
614,0.12488114206414473,0.3164700596963929
615,0.12467927752800707,0.3164343865993924
616,0.12451802228152929,0.31633717267767286
617,0.12436547984906436,0.3163870941468975
618,0.12426444151195537,0.316372801690606
619,0.12409217023802135,0.31644185413260767
620,0.12394246136420059,0.3166145102910493
621,0.12372359547619786,0.316551633296813
622,0.12342470807375713,0.3164730534523791
623,0.12319575047421953,0.31635086410937563
624,0.12303758638262631,0.3162379232152942
625,0.12287211867998231,0.31631707228563904
626,0.12269798362148554,0.31624405710338616
627,0.12248926247953777,0.3161805097888347
628,0.12230593729634744,0.31623245049952814
629,0.12207767672193086,0.3162257762449828
630,0.12193278641307721,0.31626219431575664
631,0.12175271148833168,0.31622295099211895
632,0.1215852890848048,0.31629049547797294
633,0.1213050698334316,0.3162106785998413
634,0.12099156005616932,0.31632934739080376
635,0.12085648870989014,0.316226119012392
636,0.12067353476834036,0.31622567633052656
637,0.1204789208087334,0.3162505467410652
638,0.12032899979683233,0.31621033327847536
639,0.12018829921506485,0.3162361676776635
640,0.12002445285346326,0.3162439963080628
641,0.11977231159229146,0.3161720096505195
642,0.11953261071425801,0.3161956774495314
643,0.11936830977105574,0.31624370098777815
644,0.11919369740187825,0.3162492227515648
645,0.11906822530373325,0.31638524952378116
646,0.11884166941031918,0.3163700078824767
647,0.1186918771965383,0.3163045486716235
648,0.11849552825048877,0.3163571924555732
649,0.11831812020446716,0.31638363586103535
650,0.118191867741241,0.31636867722142953
651,0.11801939190558668,0.3164712078645332
652,0.11780546580431123,0.3163908139489319
653,0.11766023455925707,0.3163582110444452
654,0.11751460176712233,0.31638634401906385
655,0.1173982137246307,0.31636831431426216
656,0.11706761167918321,0.3162369502116999
657,0.11694892799960821,0.3161439240871944
658,0.11676911824746307,0.3161506785606051
659,0.11652135612237773,0.3162321893343319
660,0.11639908882451744,0.3162355861874089
661,0.11619326942845394,0.3161875511510481
662,0.11603796162458493,0.31621081867204603
663,0.11587412283934334,0.31619070632968527
664,0.11571129170998325,0.31619958119059727
665,0.11557429596826123,0.3162016903902043
666,0.11542782220016524,0.3161050285244209
667,0.11516081612065153,0.3159465755262694
668,0.11500715996326495,0.31596662949254195
669,0.11481822069730635,0.3159659959897913
670,0.11463556223379702,0.315927025440095
671,0.11442656076652882,0.31579246391932414
672,0.11428278418259682,0.31591345732339754
673,0.11417222993731381,0.3160287405739403
674,0.11400774716147126,0.3160807299596801
675,0.11391141374392921,0.31599660616859365
676,0.11378066849921642,0.3159510495351901
677,0.11360382868019567,0.3158512866086569
678,0.1134024414547387,0.3159448685098897
679,0.11325051270743468,0.3159753645106824
680,0.11308888621931634,0.31594392802400634
681,0.11292496409411464,0.3159839452293675
682,0.11280026478469075,0.31600072005783636
683,0.1126493285405482,0.31591368705403294
684,0.11248767174698981,0.3160113161153976
685,0.11231136227316985,0.31606087814208
686,0.11218782214682768,0.3160667457563152
687,0.11201995273806015,0.31605828022897686
688,0.11189512463051607,0.3160930790127767
689,0.11176170493071934,0.31607307869330953
690,0.11159412342363223,0.31614487580112
691,0.1114843040852703,0.3160853642339125
692,0.11128027271016944,0.3160755831197093
693,0.11119691759732653,0.31610334423194736
694,0.11102813144899765,0.3160416591112926
695,0.11089163574703637,0.3160788051821628
696,0.11070256010659757,0.3159875062256938
697,0.11056174587942993,0.3160283904005068
698,0.11039431589954304,0.31597151376157545
699,0.11030790751361563,0.3159167530958345
700,0.11017885179718533,0.31579834323657346
701,0.10999392800203264,0.31575423699620847
702,0.10990951219878817,0.31576330118985574
703,0.1097595911868871,0.31582549769749246
704,0.10954092986060468,0.31579332826596274
705,0.10942513277419393,0.31585515540973735
706,0.10921004748983677,0.3158831366685088
707,0.10901775947275323,0.31587939031804935
708,0.10889481787885194,0.31584956737005754
709,0.10875187469452116,0.31582195565914717
710,0.1085718452279357,0.3158503115512693
711,0.10849593767698378,0.3158187881506362
712,0.10829995239621477,0.31584317836182124
713,0.10814264443330282,0.31583669111597706
714,0.10803768154170805,0.3157634509318217
715,0.10787141832126287,0.31582077440598294
716,0.10769730599184614,0.3157762729387388
717,0.10754349073089933,0.31577999579236515
718,0.10728923566528442,0.3158922478340727
719,0.10711482028146722,0.31590874400603025
720,0.10696609633444792,0.31593459444709887
721,0.10685104930767829,0.3159641848029568
722,0.10672333460696996,0.31588421663866684
723,0.10660069606746912,0.3158427682817408
724,0.10643594054266618,0.31587077209917214
725,0.10628476943136327,0.3159102937793869
726,0.10611082378186677,0.31587181109206103
727,0.10598362427363921,0.3159433174248064
728,0.10584446926931403,0.3160596379594876
729,0.10569477554821329,0.3161403944984675
730,0.10558443344101058,0.3161232105243034
731,0.10548546345018464,0.31605408443428756
732,0.10531491200997316,0.31604074520819797
733,0.10517133241140143,0.31604359884530436
734,0.10503992802336767,0.3160118849305654
735,0.10488441565777837,0.31597691741809286
736,0.10471344751776626,0.3161408868798712
737,0.10458411905237557,0.3161115087365209
738,0.10446487472215972,0.31613829563701906
739,0.10434616831350468,0.31611701352805427
740,0.10423687932034353,0.31615068599934054
741,0.10408345045375729,0.316222320000277
742,0.10392033899907678,0.3162572849535857
743,0.10377255452069886,0.3163389788871442
744,0.10361364794582455,0.31623114575185013
745,0.10342028408561942,0.3162920197059099
746,0.10329651666847692,0.3163389245747536
747,0.10319237960012335,0.31633404775297713
748,0.10304905759779202,0.31640087995306243
749,0.10293586677922512,0.31640986823989264
750,0.10283852570580157,0.31644472850243965
751,0.10272469847299373,0.31650478880605987
