0,0.47724035382270813,0.4581110179424286
1,0.459259569644928,0.4498540461063385
2,0.4563866853713989,0.4445056617259979
3,0.45711663365364075,0.44354796409606934
4,0.45452558994293213,0.4433138370513916
5,0.45488351583480835,0.4420664310455322
6,0.4559280276298523,0.44326046109199524
7,0.4558562636375427,0.44328925013542175
8,0.45307981967926025,0.4419507086277008
9,0.45263102650642395,0.4411282241344452
10,0.45206430554389954,0.4424125850200653
11,0.45154809951782227,0.44217541813850403
12,0.45101043581962585,0.4424434304237366
13,0.45093032717704773,0.4415625333786011
14,0.45092910528182983,0.4404231309890747
15,0.4508375823497772,0.44066011905670166
16,0.450094074010849,0.4402446448802948
17,0.44970667362213135,0.44092124700546265
18,0.4499833583831787,0.4404691755771637
19,0.44972658157348633,0.4409022331237793
20,0.4502345025539398,0.44087764620780945
21,0.4508679509162903,0.44200387597084045
22,0.4504702389240265,0.4421174228191376
23,0.45057132840156555,0.4419567286968231
24,0.45058196783065796,0.4421553313732147
25,0.45068687200546265,0.44173020124435425
26,0.4507824778556824,0.4422647953033447
27,0.45065394043922424,0.4422645568847656
28,0.4504898488521576,0.442431777715683
29,0.45071402192115784,0.44207465648651123
30,0.45083314180374146,0.44178155064582825
31,0.4508570730686188,0.44149553775787354
32,0.45079144835472107,0.44135189056396484
33,0.4506724178791046,0.4415939152240753
34,0.450590044260025,0.44164204597473145
35,0.4506362974643707,0.44123294949531555
36,0.4507339596748352,0.4411245286464691
37,0.4507898688316345,0.4412689805030823
38,0.45089659094810486,0.44143131375312805
39,0.45056912302970886,0.44143933057785034
40,0.450511634349823,0.44131600856781006
41,0.4505072832107544,0.4413759410381317
42,0.4506070911884308,0.44130197167396545
43,0.4504436254501343,0.44085434079170227
44,0.450471967458725,0.44052934646606445
45,0.450454980134964,0.440595418214798
46,0.45035016536712646,0.4404251277446747
47,0.4504556953907013,0.4403632879257202
48,0.45027315616607666,0.44024279713630676
49,0.4504331052303314,0.44014275074005127
50,0.45044851303100586,0.44015634059906006
51,0.45040157437324524,0.4403780400753021
52,0.4503595530986786,0.44054484367370605
53,0.4503220319747925,0.4404691457748413
54,0.45040810108184814,0.44052571058273315
55,0.45035555958747864,0.4404783546924591
56,0.4503397047519684,0.4403845965862274
57,0.450297474861145,0.4405229091644287
58,0.4504125416278839,0.4404885470867157
59,0.4505971372127533,0.44037866592407227
60,0.4505079388618469,0.44028884172439575
61,0.4503295123577118,0.43988892436027527
62,0.4503428637981415,0.4400545060634613
63,0.4504600167274475,0.44019410014152527
64,0.45048820972442627,0.4404212534427643
65,0.45050984621047974,0.4406850039958954
66,0.45062363147735596,0.44064903259277344
67,0.4506571590900421,0.44074544310569763
68,0.4507567286491394,0.44070062041282654
69,0.45095136761665344,0.44081443548202515
70,0.45098382234573364,0.44077104330062866
71,0.4509514272212982,0.44085294008255005
72,0.45096951723098755,0.4408152997493744
73,0.4509856402873993,0.44074222445487976
74,0.4508909285068512,0.44056016206741333
75,0.4509068727493286,0.44058191776275635
76,0.4507659375667572,0.4404447674751282
77,0.45079952478408813,0.44047799706459045
78,0.45084530115127563,0.4403236210346222
79,0.4508451819419861,0.4402351975440979
80,0.45065855979919434,0.4401783049106598
81,0.4506932199001312,0.44012251496315
82,0.45043376088142395,0.4399937689304352
83,0.45019614696502686,0.43985211849212646
84,0.4502202272415161,0.4397331476211548
85,0.4500788450241089,0.4397032558917999
86,0.45009273290634155,0.439649760723114
87,0.4501175284385681,0.43968525528907776
88,0.45019257068634033,0.43963560461997986
89,0.45001617074012756,0.43973788619041443
90,0.44980019330978394,0.4397624731063843
91,0.44978809356689453,0.43967702984809875
92,0.44980180263519287,0.43978533148765564
93,0.44992494583129883,0.43983349204063416
94,0.4499228000640869,0.43970051407814026
95,0.4500063359737396,0.4396800398826599
96,0.4499569237232208,0.43973490595817566
97,0.44994544982910156,0.4397202432155609
98,0.4499267041683197,0.43967750668525696
99,0.44992613792419434,0.43974530696868896
100,0.44990915060043335,0.43971744179725647
101,0.4499439299106598,0.439718633890152
102,0.44989338517189026,0.4398821294307709
103,0.44994521141052246,0.4398791491985321
104,0.44998985528945923,0.43992599844932556
105,0.4498889148235321,0.43983298540115356
106,0.4500004053115845,0.43987715244293213
107,0.4499574601650238,0.4399331510066986
108,0.44999703764915466,0.4398616850376129
109,0.4499921202659607,0.43982696533203125
110,0.4500029683113098,0.43975067138671875
111,0.4500744938850403,0.43970000743865967
112,0.45012548565864563,0.4397907853126526
113,0.45015645027160645,0.43976205587387085
114,0.450171560049057,0.4398704171180725
115,0.45012372732162476,0.43991848826408386
116,0.4501635730266571,0.4399574100971222
117,0.45008060336112976,0.4400641620159149
118,0.4501475989818573,0.4400506615638733
119,0.4502108097076416,0.44002482295036316
120,0.45008420944213867,0.43986260890960693
121,0.4501323103904724,0.4398455023765564
122,0.45015251636505127,0.4398212730884552
123,0.4501599669456482,0.439901202917099
124,0.4502066373825073,0.43988218903541565
125,0.450196772813797,0.4397642910480499
126,0.45023101568222046,0.43983858823776245
127,0.4500817060470581,0.4395824074745178
128,0.4500912129878998,0.4395560026168823
129,0.4499073326587677,0.4392935335636139
130,0.44996821880340576,0.4393117129802704
131,0.44992879033088684,0.4392406940460205
132,0.4499169886112213,0.43927061557769775
133,0.44995591044425964,0.43931540846824646
134,0.4499620199203491,0.43926069140434265
135,0.44991904497146606,0.43929171562194824
136,0.4499500095844269,0.43925225734710693
137,0.44995763897895813,0.4392687976360321
138,0.44998157024383545,0.4392065107822418
139,0.4500468969345093,0.43926000595092773
140,0.4500957131385803,0.4393083155155182
141,0.4500950276851654,0.4392626881599426
142,0.4501183032989502,0.439279705286026
143,0.4501694142818451,0.4393271803855896
144,0.4501633644104004,0.43934646248817444
145,0.45026811957359314,0.43942421674728394
146,0.450302392244339,0.4393806755542755
147,0.45032861828804016,0.4393952786922455
148,0.4502333104610443,0.4393790066242218
149,0.45019805431365967,0.4394795298576355
150,0.4501354694366455,0.439385324716568
151,0.45019394159317017,0.439375102519989
152,0.45015546679496765,0.439311683177948
153,0.4501722455024719,0.4393244981765747
154,0.450122594833374,0.4393182694911957
155,0.4500665068626404,0.43931815028190613
156,0.45010387897491455,0.4392697513103485
157,0.4500253200531006,0.4392526149749756
158,0.4499688148498535,0.4391407370567322
159,0.4500117301940918,0.4392317831516266
160,0.4500386118888855,0.4392477869987488
161,0.4500741958618164,0.439270555973053
162,0.4500240087509155,0.4392673671245575
163,0.4499754011631012,0.4392038881778717
164,0.4499845802783966,0.43920043110847473
165,0.450003057718277,0.4392436444759369
166,0.44999152421951294,0.43916526436805725
167,0.44999459385871887,0.4390774667263031
168,0.4499868154525757,0.43915900588035583
169,0.4499812722206116,0.4391973316669464
170,0.45002979040145874,0.43922480940818787
171,0.4500325918197632,0.43927648663520813
172,0.4500022232532501,0.43927356600761414
173,0.44995662569999695,0.4393761456012726
174,0.44994378089904785,0.4394236207008362
175,0.4499566853046417,0.4394048750400543
176,0.44993001222610474,0.43941783905029297
177,0.44984787702560425,0.4393121600151062
178,0.44983187317848206,0.43932679295539856
179,0.4498566687107086,0.43932604789733887
180,0.44979363679885864,0.43935519456863403
181,0.4498092532157898,0.43935394287109375
182,0.4498344361782074,0.43931078910827637
183,0.4497976005077362,0.43930086493492126
184,0.4497899115085602,0.439304381608963
185,0.44974151253700256,0.43925875425338745
186,0.4497549831867218,0.4393080174922943
187,0.44976910948753357,0.4393242299556732
188,0.4497564435005188,0.43919438123703003
189,0.4497922360897064,0.43922680616378784
190,0.44982269406318665,0.4392595887184143
191,0.4498574733734131,0.4392460286617279
192,0.44981032609939575,0.43925410509109497
193,0.44979003071784973,0.43922683596611023
194,0.44978198409080505,0.43911442160606384
195,0.44982337951660156,0.43911510705947876
196,0.44982948899269104,0.43905237317085266
197,0.4498591423034668,0.43903282284736633
198,0.44984814524650574,0.43903419375419617
199,0.449869304895401,0.43906930088996887
200,0.4498887062072754,0.4390582740306854
201,0.4498569071292877,0.4390873908996582
202,0.4498452842235565,0.43911921977996826
203,0.44987279176712036,0.43910378217697144
204,0.44978564977645874,0.4389438331127167
205,0.44977492094039917,0.43896010518074036
206,0.44978100061416626,0.43897128105163574
207,0.4497958719730377,0.43888941407203674
208,0.44982096552848816,0.43891504406929016
209,0.4498359262943268,0.4389209449291229
210,0.4497874975204468,0.4388575553894043
211,0.44977983832359314,0.4389273524284363
212,0.4497276544570923,0.4389207065105438
213,0.44976165890693665,0.4389595687389374
214,0.44983288645744324,0.4390208423137665
215,0.44982022047042847,0.43903791904449463
216,0.4497445523738861,0.43898338079452515
217,0.44967108964920044,0.43902483582496643
218,0.4496705234050751,0.43906059861183167
219,0.4496762752532959,0.43914279341697693
220,0.4496910870075226,0.439188152551651
221,0.4497339129447937,0.4391844570636749
222,0.44972193241119385,0.4391176998615265
223,0.4497032165527344,0.4390961825847626
224,0.4497303366661072,0.4390889108181
225,0.44969964027404785,0.439181923866272
226,0.4497007727622986,0.4392212927341461
227,0.44970738887786865,0.43923455476760864
228,0.44973522424697876,0.43925443291664124
229,0.4497688114643097,0.4392545521259308
230,0.44982099533081055,0.43924227356910706
231,0.44986388087272644,0.4393100142478943
232,0.4498964250087738,0.43930062651634216
233,0.4498797059059143,0.4393448829650879
234,0.44988322257995605,0.43929147720336914
235,0.4498857855796814,0.43925103545188904
236,0.4499242603778839,0.43922916054725647
237,0.44994238018989563,0.43921929597854614
238,0.44998234510421753,0.4392934739589691
239,0.44998252391815186,0.4393414556980133
240,0.44997572898864746,0.4392794668674469
241,0.4499622583389282,0.4392395317554474
242,0.4499714970588684,0.43921247124671936
243,0.44996288418769836,0.43923747539520264
244,0.4499417841434479,0.4392163157463074
245,0.44996991753578186,0.43923231959342957
246,0.4499957859516144,0.4391792118549347
247,0.44997280836105347,0.4391791820526123
248,0.44998717308044434,0.4391847252845764
249,0.4500150978565216,0.4391825497150421
250,0.4500201642513275,0.4391787648200989
251,0.4500391483306885,0.43919745087623596
252,0.45004308223724365,0.43914079666137695
253,0.4500634968280792,0.43915095925331116
254,0.4499953091144562,0.4391193985939026
255,0.44995978474617004,0.4390086829662323
256,0.4499726891517639,0.4389898180961609
257,0.4499698281288147,0.43902260065078735
258,0.44997748732566833,0.4390100836753845
259,0.4499847888946533,0.4389694631099701
