0,0.6850441097587883,0.6859665504661203
1,0.6783684065603379,0.6799637679742615
2,0.6709093543480045,0.6734832254103074
3,0.6634833576517614,0.6674052321017006
4,0.656124844474552,0.6609276739320201
5,0.6503255611495811,0.656119810088334
6,0.6452032347130233,0.6518449434558693
7,0.6402396708057256,0.6474262482769599
8,0.6350383004131784,0.6428211296073646
9,0.6301863147327423,0.6386128774545762
10,0.6260663759876205,0.6351179510981799
11,0.6209116469622604,0.6303248109689285
12,0.6160828666714742,0.625713895565977
13,0.6120926878013025,0.6220282251984457
14,0.607820700317377,0.6183761844366242
15,0.6028468674400828,0.6140638257028727
16,0.5986545036906071,0.6101623002906226
17,0.5951501403950271,0.6066529485819
18,0.5912394349557081,0.6031968035003006
19,0.5874717457959994,0.5999259225979365
20,0.5833707860745578,0.5965102449338072
21,0.5803917897813478,0.5938324628217403
22,0.577393299448736,0.5911582221865601
23,0.5739234675400445,0.587714062925351
24,0.5709895099189005,0.5846442545987647
25,0.5677475888353947,0.5817507477490611
26,0.5652346804328391,0.5792572932299277
27,0.5625407916028176,0.5764818159971363
28,0.5597064265335816,0.574136415996741
29,0.5577208108691872,0.5725731097220583
30,0.5556632368248069,0.5706237972673619
31,0.5537055102394839,0.5689451300679222
32,0.551022484837513,0.5664313064495148
33,0.549285465448173,0.5650305118972098
34,0.5474106832873938,0.5631791402039046
35,0.5445496292340197,0.5604701173158249
36,0.5424654528660148,0.5586763565120655
37,0.5396704091763106,0.5559378947129147
38,0.5377254456364381,0.5541103495806512
39,0.5355526668398966,0.5523143600415263
40,0.5336610794091017,0.550593721483149
41,0.5319556567109894,0.5488778867054286
42,0.5308391989191279,0.547893836351581
43,0.5290044104784309,0.5464549635504397
44,0.5276808860452519,0.5451126606240355
45,0.5260160850154686,0.5434756132109229
46,0.5245327798813628,0.5419287656822178
47,0.5230388629806363,0.5404861841155594
48,0.5217961947532863,0.5392862046192388
49,0.5202073251792608,0.5379840830697307
50,0.5187665195576797,0.5365766275627696
51,0.5171861292298527,0.5352293214280001
52,0.5159244877681384,0.533823732640405
53,0.5143993415958645,0.5326392411771269
54,0.513219756746092,0.5315103331684146
55,0.5116793138051109,0.5301707387758534
56,0.510429385412379,0.529248619313577
57,0.5091666940254035,0.52818913274152
58,0.5079056416991965,0.5271446007626935
59,0.506644013525631,0.5258216223270119
60,0.5051611851041133,0.5244881849915306
61,0.504121006665613,0.5237221498938804
62,0.5028158715386224,0.522510301292058
63,0.5012270012427789,0.5209354435514223
64,0.5002531858504276,0.5203764701415207
65,0.49899993318509966,0.5193618436516926
66,0.49805401955336576,0.5187078668404184
67,0.49699077649254225,0.5175157820203794
68,0.4960260699598398,0.5167414911840343
69,0.49506015882994997,0.5161152527906547
70,0.49378141628279437,0.5149428630524152
71,0.4921331840266697,0.5133623816660328
72,0.4911215351670468,0.5126374884109206
73,0.4902586689917555,0.5120100236243559
74,0.4890171010839917,0.5109558798661844
75,0.48818974896867595,0.5102527028651563
76,0.4873933547306653,0.5095292644811434
77,0.48672196852004374,0.5089985566757641
78,0.4857290908910911,0.508099276632243
79,0.4849225317922938,0.5075574648304221
80,0.48381441176930273,0.506627235718554
81,0.48294090301767406,0.5059705986033863
82,0.4821464575250061,0.5052919479976716
83,0.48151429554882297,0.5047561049200797
84,0.4805266155536106,0.5037611508348965
85,0.47944472077667727,0.5025720910842917
86,0.478829527469246,0.5019656079771015
87,0.477890177354898,0.5011695971850566
88,0.4769097441226882,0.500472221429382
89,0.47584311586703504,0.49930399443972695
90,0.4750624577023193,0.49885271846374574
91,0.4739467966011591,0.4981316124934944
92,0.47335542983146783,0.49788132075904173
93,0.47265535000757963,0.4973101034245971
94,0.4719473811135064,0.49685402694478564
95,0.4712048383176567,0.4961488159921338
96,0.47048392212742157,0.4955981654090367
97,0.4697509356040755,0.4950026793860993
98,0.4690988283548253,0.4943241441981644
99,0.468255050948612,0.49353265113965283
100,0.4670681518891754,0.4924528382234216
101,0.4664837920229179,0.49200019006004325
102,0.4656517648266369,0.4915145013641917
103,0.4649255366637976,0.49106046831508415
104,0.4643661546344373,0.49054615227394804
105,0.4636709939677612,0.4897215458101362
106,0.4629548878499811,0.4891552888722802
107,0.4619443951932378,0.48831522098250474
108,0.4610715389267465,0.4878045046982899
109,0.4603003522983358,0.48726291307258124
110,0.45930846607814285,0.48647249307801893
111,0.4585132223147502,0.4859924607725497
112,0.457660269797707,0.4851584734471644
113,0.4570064079937184,0.4845911530310385
114,0.45611992866704854,0.4837211545531551
115,0.4553814728715032,0.4832654235117376
116,0.45465770883900747,0.48281096144388863
117,0.45400149560036906,0.4820501666956728
118,0.4534304179017317,0.48145679286871884
119,0.4526531546057342,0.4808844550370231
120,0.45209979960961283,0.48051613539035193
121,0.45148440825666997,0.48023277291368854
122,0.4508948243835396,0.47990299161517597
123,0.45035541038728805,0.4795732600769768
124,0.44979834732799706,0.4791597990952783
125,0.44905026721296143,0.478486146698486
126,0.4485240153876753,0.478064509012168
127,0.4478281647781318,0.47749116087905397
128,0.447335732214009,0.47720586817969235
129,0.44656440655733115,0.4766412431411542
130,0.44608558631031137,0.4764529866585753
131,0.4453775180775023,0.4757861599439773
132,0.4448280657114505,0.4754405094015886
133,0.44430816323973266,0.4752627888235696
134,0.4434511686041075,0.47487260467329284
135,0.44284140560177765,0.47455881920691434
136,0.4422287790498891,0.4742376698351993
137,0.44150612175739373,0.4734850756591968
138,0.44079251198108893,0.47289392080177084
139,0.44016438912255434,0.47256178046537417
140,0.4395900317385277,0.47224641687376095
141,0.4389444517442908,0.47182610944850567
142,0.4384001902035139,0.47154358697362847
143,0.43783960190996224,0.47110025725199195
144,0.43703370133132735,0.4705320734840611
145,0.43657851555332255,0.47019707888805695
146,0.435971721161148,0.469858775670676
147,0.4353522388683054,0.4695370721787968
148,0.4347273291994852,0.46932331345543543
149,0.4341416151269959,0.46879982891949623
150,0.43350776994097195,0.4683409364256482
151,0.4328158069426598,0.4677067562807037
152,0.4323414228255869,0.4674569755879617
153,0.43192067030278614,0.4671668760216383
154,0.43150742765601713,0.46688919157053294
155,0.43100126704411346,0.46651079920028377
156,0.4301986989542791,0.4657629468465073
157,0.4297869632627688,0.46560514247276896
158,0.42924719691835883,0.4651421101458363
159,0.4285601666536918,0.4644650106867296
160,0.4280347506984174,0.46418765190723354
161,0.4273486876812993,0.4637973662006245
162,0.42676924365864854,0.4634886085094608
163,0.426042232330888,0.46286164485686476
164,0.4254980883899273,0.46238425574866254
165,0.42491782750681284,0.4616058237626635
166,0.4245079454505275,0.4615844241654249
167,0.42408653304961635,0.4611679767403396
168,0.4236454340251876,0.46088689473394506
169,0.42310908086353705,0.46066636288291085
170,0.4224523848201858,0.4599443903210074
171,0.42191678868173893,0.4594986261393573
172,0.42100949300797236,0.458878283076881
173,0.4204165213516102,0.45816988653042
174,0.4199394703087646,0.4578940304831107
175,0.4196424102422983,0.45758387614989926
176,0.41919291428896666,0.45735026666166556
177,0.4186572326175394,0.4568054629171823
178,0.4181680049448851,0.4566696901519288
179,0.4177293058178537,0.45664220260435456
180,0.417312441053996,0.4562651196004017
181,0.4168421828456099,0.45577561224545093
182,0.41634211385144526,0.4555097726806484
183,0.41550349699643013,0.45474721595251505
184,0.4148768569290354,0.4542197610251945
185,0.414537271015994,0.45401755879264194
186,0.413988982295032,0.45357699883382
187,0.41335935691657627,0.45309989808505713
188,0.4127499031598704,0.45281063141041106
189,0.4124021336875468,0.4525777087970267
190,0.4119227582191447,0.4522413236943231
191,0.41117582052843676,0.4517390219462445
192,0.410580849514286,0.45138006999704755
193,0.41011587681631356,0.45112762187869093
194,0.4095272665147645,0.4507081085729968
195,0.4090931282046136,0.4506527130687785
196,0.408547268043529,0.4503312511240549
197,0.4081545390923314,0.4501784020146671
198,0.4078054968489247,0.4499851247684616
199,0.40735154235481963,0.44956758506499755
200,0.4068666176317531,0.4494156317264662
201,0.4063832065582417,0.4490123827747752
202,0.4059642835439213,0.44872185819913285
203,0.40561796717706133,0.4486167064462707
204,0.40519151104081885,0.44828941906335446
205,0.4048057062511497,0.4480735196361315
206,0.40435154187342115,0.44780653723832886
207,0.4036980754356834,0.4474997152166583
208,0.40334673072357924,0.4474136736992574
209,0.4029639328113788,0.44720773627621413
210,0.40255069417744566,0.4470848261161212
211,0.4022270522109658,0.4468927256111424
212,0.4018203072907699,0.44677443301373015
213,0.40123502212149925,0.44633610697391496
214,0.40054424794032845,0.4458723006508381
215,0.40011391815013775,0.4454433074536933
216,0.3997503071767358,0.4451394744636895
217,0.3992396166866698,0.44492478466031776
218,0.39878515276921006,0.4447323496191107
219,0.39837021507104176,0.44442098257201973
220,0.3977951614790309,0.44426372664321967
221,0.3973845574830516,0.4440239009263205
222,0.3969474452390908,0.44372841169333205
223,0.3965167027137171,0.44339692543483716
224,0.39623430757206046,0.44318936528627234
225,0.3959304711217922,0.4430003304011306
226,0.395569583816154,0.44279358477894565
227,0.39503720378098967,0.4425289350878858
228,0.39471351611643374,0.4424112026694781
229,0.3942393096650825,0.4419526621190704
230,0.3939084896314106,0.4416966500973194
231,0.39352219501973584,0.4414588810384819
232,0.39313514504661456,0.44117948317269534
233,0.3927670322376334,0.44094995215654625
234,0.39228653520672624,0.4407905797898062
235,0.39172288264164434,0.4404490907617557
236,0.39137397474010344,0.4401467216634233
237,0.39095450389244996,0.4396863871722329
238,0.3906867870543484,0.4394850626632264
239,0.3903098555782501,0.43929763910109726
240,0.389870585705824,0.438840684244291
241,0.3894428783653985,0.4387666131875671
242,0.3890512504506814,0.4383980049261083
243,0.3886852312016717,0.43817711257410696
244,0.38815994081049254,0.4377060718213794
245,0.3877322863203459,0.4375574019779621
246,0.3872246698644027,0.43731585794697836
247,0.38691840548695566,0.4371786640618706
248,0.3866336903205679,0.4369134553648182
249,0.38627748726664035,0.4365661684128924
250,0.38596392627938414,0.4364070590076654
251,0.3852849499025327,0.4359981675818703
252,0.38482036992529384,0.4355727922862273
253,0.3844744116038344,0.4354070964219442
254,0.3840020771743742,0.4353203874997219
255,0.38368275478490127,0.4351966109776213
256,0.38329318742347307,0.43499294330729793
257,0.3829229911772065,0.43473308085332457
258,0.3824425870427104,0.4344920168515386
259,0.382100180724004,0.4343695488254067
260,0.38153908328068753,0.4339903659648098
261,0.38112914023520594,0.4336640118947581
262,0.38076940562527806,0.4335072204496861
263,0.38049447687577626,0.43335464282462227
264,0.380170745097599,0.4332110243558605
265,0.3797554244291497,0.43300542677578585
266,0.3793194252961201,0.4328651206231144
267,0.37883864394865463,0.43263324903181144
268,0.37852732714205517,0.43259858949406
269,0.37818228221884204,0.432382299042134
270,0.3777883190911794,0.43215712958546054
271,0.37730685235578454,0.4319304043717314
272,0.376889140843191,0.43158759561923554
273,0.3766426547294315,0.43138670118454364
274,0.3763077906440001,0.43103319678886676
275,0.3758777176787495,0.4306341449548489
276,0.37545074638448994,0.4302528608133737
277,0.37502815124083694,0.42997350571970727
278,0.3745422220443989,0.4294206606342864
279,0.37417084428336755,0.42914689950296164
280,0.3738184786964717,0.4289357367062077
281,0.37340569801228785,0.42875126328862545
282,0.3729278646481398,0.42846604722665593
283,0.37264138085414594,0.4285384210992287
284,0.3721805815433553,0.42834166747256824
285,0.3718037469533624,0.42805586478469415
286,0.3713767952821162,0.427775875167313
287,0.37095899603809906,0.4274029442898913
288,0.37061621248820553,0.4274271979498068
289,0.3701800162333551,0.4272229246139731
290,0.369796606219917,0.42685627376843893
291,0.3693686772178255,0.4265603072947855
292,0.3689845148208097,0.42617110927560353
293,0.3685888401256048,0.42583822595684967
294,0.36819485102677013,0.42538907455865443
295,0.3678761390255709,0.42531362747844853
296,0.36753102544692184,0.4250542254840703
297,0.3670923482609936,0.4249918206871148
298,0.36675537487838106,0.4249648998596131
299,0.3662104368354596,0.42431767612478377
300,0.3658960399247692,0.4241065335698262
301,0.36559620947817584,0.42404896107041473
302,0.3653439063541424,0.42396647908264407
303,0.3649540470832796,0.4237449328094475
304,0.3646009639752406,0.4233578645770394
305,0.3643129712555133,0.42318720592102593
306,0.3640555958725175,0.4229742509582615
307,0.36375248668793647,0.4229124324325423
308,0.36329142906031703,0.4224849331061886
309,0.3628944762552341,0.42236119212263457
310,0.3625279049335642,0.4219833840972719
311,0.3620585433025028,0.4215381568765872
312,0.36157898948201184,0.42123984101814615
313,0.36123808183242745,0.42106898484776617
314,0.3608481858753824,0.42085309780982066
315,0.36031182629417924,0.420442436926398
316,0.3598555250326233,0.42014587088456923
317,0.35943007601674687,0.41995634345427285
318,0.35899248182135474,0.41964141325128435
319,0.3586289095755114,0.4192496528866978
320,0.35826132516395137,0.41901302645035754
321,0.3578772541222207,0.4189756819276361
322,0.3574742932648585,0.4187164882806526
323,0.35710756845000224,0.4185470000601043
324,0.356730423937127,0.4182124905027901
325,0.3564201750854848,0.41806343972046
326,0.3560133517520148,0.41788627844300147
327,0.35563908518099246,0.41782974668473283
328,0.35510145290354683,0.4175858065201902
329,0.35478581477447996,0.41741301138343995
330,0.35426497301507764,0.4169848745286429
331,0.3537055125557026,0.4165346987313866
332,0.35326070034053714,0.4163131013946635
333,0.35279189444538733,0.41638520930847905
334,0.3522171483990844,0.4161633632571385
335,0.3516795141462403,0.4154839621972893
336,0.3513638258710043,0.4151663623250461
337,0.3509536868588078,0.4149159503799383
338,0.350539432769627,0.4144232611876309
339,0.3501165695705097,0.4141838806729129
340,0.34964638218055194,0.41411144228365737
341,0.34905405378768267,0.41364894672752545
342,0.3485905461967535,0.413255194906545
343,0.3482408417921051,0.41313194706788064
344,0.3478174475288772,0.4129118336585619
345,0.3474393906295812,0.41262109255120827
346,0.3470649061118433,0.4126127512713426
347,0.34669965981674944,0.41232988160360706
348,0.34627537492504123,0.4121693548581804
349,0.3457427268649397,0.41205502644391806
350,0.3452989439722008,0.4117707265048342
351,0.3448369206022151,0.4115686419137157
352,0.3443760420883849,0.4111966066705845
353,0.34399982392167544,0.4110105872176892
354,0.343632515280072,0.4107111249105805
355,0.34318090730033834,0.4105167937144468
356,0.3427708367840492,0.41028988393403254
357,0.34232976568846546,0.4100878355618289
358,0.3419534030183067,0.4097900915582209
359,0.3415956474794358,0.4095248795696837
360,0.3411658237989329,0.4091685224587079
361,0.3406763095620398,0.40892135819522024
362,0.34029982833252315,0.408842142148861
363,0.3398760560852705,0.40856749661261194
364,0.3394583329231437,0.40867677559484605
365,0.3390326422173653,0.4083511861519781
366,0.33854137872427725,0.40799730828332226
367,0.33817392235566174,0.40765279134368493
368,0.3377972816028727,0.40742151387285935
369,0.3374402276775744,0.4071921239911568
370,0.33698823110614307,0.4068248956667396
371,0.3365406985757781,0.406617153531737
372,0.33612197862522974,0.40646616292366256
373,0.3358072246218796,0.40621433063239176
374,0.33532794388299136,0.40602446845334844
375,0.33489951909970994,0.4058904064838041
376,0.33440989729665965,0.40561895651007673
377,0.33398028630187215,0.40558935127398055
378,0.33354303156383414,0.40555148170050015
379,0.333238839766859,0.40533276370623383
380,0.33273203783781086,0.4048293212345252
381,0.33229765566639524,0.40444239215924876
382,0.3318665910658936,0.4042516884840392
383,0.33139100099613183,0.40375447096782624
384,0.33102773071495417,0.4036292131060281
385,0.33066001749333335,0.40358665901724927
386,0.33033221251986866,0.4034348085378184
387,0.33004166436424226,0.40352117737582255
388,0.3297276157425914,0.40335430125621724
389,0.3293283145383351,0.4031921430183874
390,0.32895695142341597,0.4030021571117222
391,0.3285517055524536,0.40268192205274084
392,0.3280334368918289,0.40242162993429853
393,0.32759776913878264,0.40216032929708595
394,0.32711970296664006,0.40188678086104135
395,0.32673140988590904,0.40158936139585694
396,0.32634211614424674,0.4012117908837953
397,0.32603257764135757,0.40131285379964465
398,0.32563356049516406,0.40127221747070585
399,0.3252601642141913,0.4010879301132305
400,0.32488860960477656,0.4010020477370998
401,0.3245019207814644,0.400982112431649
402,0.3241134219924286,0.4007687841880304
403,0.3236562540046152,0.400414381245137
404,0.32337260201175533,0.4003012982159917
405,0.3229161310766681,0.400096196365034
406,0.3225113187776005,0.4000815953130822
407,0.3221300446558591,0.39990696422352634
408,0.321803238411256,0.3998672677854127
409,0.3213078279034418,0.39943233206942524
410,0.3210072450018767,0.39944152333645416
411,0.3206610360711876,0.39944996629229124
412,0.3203410041010627,0.3992822130334604
413,0.3199452401869769,0.39898946289212267
414,0.3195913115808282,0.39873665999739655
415,0.3191500141327458,0.398556729163369
416,0.3187962413491977,0.39851904166648877
417,0.31844211599592365,0.39820395435239614
418,0.31806913374950496,0.39812733390205507
419,0.3176834407983091,0.3979319154254465
420,0.317301061524838,0.39773245882349817
421,0.31688385414801085,0.39748673414536456
422,0.31643291143048086,0.3973334804190975
423,0.31601462502770095,0.3972137640270343
424,0.31563985210080453,0.39705951780199317
425,0.31534747418312603,0.3971822330079536
426,0.3149593278357994,0.3968767347240642
427,0.3145877520184242,0.39668958934179804
428,0.314244530173799,0.39654551047617587
429,0.3138493456920358,0.3963159087053694
430,0.3134264242280193,0.39605343221426786
431,0.31297787151710793,0.39569480762317283
432,0.31260980681291956,0.39547473048480997
433,0.31220966927508276,0.3951737709686035
434,0.3118675264662578,0.39495506464022034
435,0.31157499368216607,0.3947583280915392
436,0.3111953780433188,0.3944774621296901
437,0.31074417659192055,0.3941814859155508
438,0.310318129911168,0.3939263108936183
439,0.309903014070169,0.3935891011653767
440,0.3095682523780294,0.39342704329011763
441,0.30921917547356853,0.39331655295093493
442,0.3088029900276721,0.39295812446255884
443,0.3084718224770007,0.3928459796530092
444,0.30815675333703585,0.3928765785453635
445,0.3078719984913334,0.39269214982170797
446,0.3075474449350914,0.3925761992788226
447,0.307186850895374,0.3922969289224473
448,0.3068311807819887,0.39207987443239106
449,0.3064426646998461,0.3918231642421424
450,0.30612642803735796,0.3916515724734848
451,0.3057879312281496,0.3914822425361444
452,0.30538044164674627,0.3912580776633582
453,0.3048942550527389,0.3908378072291292
454,0.3044982909916957,0.3905342306072091
455,0.30409436661847566,0.39033174345663
456,0.3036989835594386,0.39014312188009426
457,0.30337347378971524,0.39000123473426057
458,0.30312068793285535,0.38993706011751067
459,0.30284425119460495,0.38987916634863173
460,0.30253214304988546,0.3896268315912749
461,0.30225963695031405,0.38956206601877913
462,0.30198444056386453,0.3894161261973574
463,0.301592241723052,0.38919314484091405
464,0.30125713119878594,0.38916833430241227
465,0.3008943670696401,0.389107531179659
466,0.30049117336637077,0.38897896793981684
467,0.29998649309699243,0.38854944780100403
468,0.29969427948943167,0.38830112799864935
469,0.2993016015229136,0.38797039130763744
470,0.29894836460656976,0.38781448502315485
471,0.29859322951350803,0.3875567337566332
472,0.2982571419085219,0.38752784410504554
473,0.29794840306632503,0.38733353979817425
474,0.29761680441152993,0.38714480443147403
475,0.2972796919711078,0.3870989934749993
476,0.29697255043501486,0.3870151874136241
477,0.2966128529002435,0.38679751331249396
478,0.29625770028955306,0.38673338193242596
479,0.29590755710370903,0.38657326128638186
480,0.295529697093834,0.3863752044841698
481,0.2951700604369826,0.38623309518787197
482,0.2948861238966417,0.3860408009107857
483,0.294425580998183,0.38597931294211113
484,0.2940792423490058,0.3858758403226875
485,0.2937183435124961,0.3856516596076358
486,0.29341852740378976,0.3854967378834662
487,0.29316301040347453,0.38552961914019307
488,0.29276101054890097,0.3853320073367498
489,0.2924100689470823,0.384985949844738
490,0.2920798840163216,0.3848691625419911
491,0.2916666882567082,0.3845506951733696
492,0.29141167006616614,0.38438453960371044
493,0.2911604939837589,0.38423370143759067
494,0.2908867624251774,0.3840530058232785
495,0.29053579795807244,0.38374746895530737
496,0.29024264977089304,0.3836720791492791
497,0.2898955299264692,0.38356747264978325
498,0.2895913706945185,0.38337299869588376
499,0.28932370570717963,0.38323000786781536
500,0.28896835161077106,0.3829423260576726
501,0.28869087326884696,0.38290620641232687
502,0.28840197237937687,0.38278551862248017
503,0.2881536801197196,0.38272504987349326
504,0.28779447708744677,0.38261080698183275
505,0.2875080820490113,0.3825116602208533
506,0.2871111364719566,0.38224552149676083
507,0.2867577031334533,0.38228485908292087
508,0.28644722012963963,0.38224921742071183
509,0.28616755646625164,0.3821550418648062
510,0.2858176657783782,0.38185334452356945
511,0.2854964409226381,0.3817392119136926
512,0.28519789168245335,0.38160906010719736
513,0.28477527576314293,0.38157055448354693
514,0.28448459725091374,0.38155354542780867
515,0.2841543537194558,0.3812667008322896
516,0.2838530625228234,0.3811381081608611
517,0.28358765430364413,0.38098472142760464
518,0.2832761982905386,0.3808444670521384
519,0.28295419617951656,0.38060566918153677
520,0.28266034203308493,0.38044526953748714
521,0.28240767374739123,0.3803947004620313
522,0.2821112794547036,0.3802241197933369
523,0.28180098352978905,0.38007648883207684
524,0.28149881730057513,0.3799089515205013
525,0.28117798905309555,0.3798019099098256
526,0.2808844048456992,0.3796737938886033
527,0.28049627255462256,0.37959089305977056
528,0.2801652816681872,0.3796321720504407
529,0.27982575621553396,0.3793108349635176
530,0.27960590206179203,0.37922705367721554
531,0.2793078233219315,0.3791740419624279
532,0.27901520748050823,0.3790982139911056
533,0.27870227414607496,0.378844688333323
534,0.27848675428610764,0.3787326222528241
535,0.27819158481973133,0.3787129553821515
536,0.2779319164634417,0.3785558788500432
537,0.27760628412423266,0.3784283309069579
538,0.2772930546678719,0.3782169257197802
539,0.27697746825342673,0.3781563377074471
540,0.2766771387434883,0.37797520454714123
541,0.27639355413574346,0.3777697035676274
542,0.27612419086285656,0.37763531148153806
543,0.2757430043479685,0.3774063797449558
544,0.27550253461816937,0.377335404307232
545,0.2752245711810156,0.3771752948244274
546,0.2749792244442904,0.3770455664385334
547,0.27468988926381566,0.37700276102482316
548,0.27438171910938886,0.37673732375540764
549,0.2740687588823084,0.376434122683199
550,0.2738307031337295,0.3763578398057429
551,0.2735180546370309,0.3761949546907963
552,0.27328767949563115,0.3761694884572233
553,0.27300303686432836,0.3760818104518717
554,0.27273954009992235,0.3761035589922194
555,0.27242149539294813,0.3759279915903997
556,0.27214136629550273,0.3759830997156234
557,0.2717404239204154,0.3758988732591656
558,0.27141715294011615,0.37585672807876364
559,0.2710983415215246,0.375859848195699
560,0.2707602576021043,0.37554265314715324
561,0.2704052492171652,0.3753613274201495
562,0.2700994796169606,0.3752607758429281
563,0.2698491291277664,0.3750999834258858
564,0.2695867492320785,0.37516235864356706
565,0.269304693159294,0.3750259499684054
566,0.2690540232151321,0.3751012140745375
567,0.2687791087102128,0.3751218948672678
568,0.2685242635561062,0.3750119910340432
569,0.2683397660471603,0.3748312739556558
570,0.26806538976963284,0.37456895527148715
571,0.26782651845279104,0.3744271390186209
572,0.2676055152500957,0.3744955162097853
573,0.2673443306521558,0.3743754910669621
574,0.26709555856910117,0.3742379906646443
575,0.2668209149618664,0.3740616894955152
576,0.2665585624009761,0.37389853530236206
577,0.26627690518339403,0.3738058015658241
578,0.26602446190109846,0.37362902450524066
579,0.2657804590783582,0.37349788707562764
580,0.26546339540979413,0.37351839085649735
581,0.2651583004130842,0.373447189689808
582,0.2648629374246224,0.3734206450422259
583,0.26460716976091647,0.37315653600774923
584,0.26428143279624505,0.3730574980464382
585,0.26404827093558314,0.37298886643000545
586,0.26375888201609715,0.3730509346458483
587,0.26346471181576087,0.3728270363258422
588,0.26321993832371315,0.3726925149500965
589,0.2628924219967306,0.3726210012583724
590,0.2626618598485644,0.3726461885748646
591,0.2623591934405356,0.37250708481252165
592,0.26208264412919213,0.372481252541679
593,0.2617798793727117,0.3722930106325763
594,0.26156456958790075,0.37224468079528267
595,0.2612952727183381,0.37209780573516343
596,0.26102904434863133,0.37207087167945135
597,0.26079601170989986,0.3719701700609218
598,0.2605552341532481,0.3717282095293883
599,0.2602917426313782,0.37178721234663875
600,0.26006380450561495,0.37165024682192155
601,0.2598531872419108,0.37153300981258314
602,0.2596358750106586,0.3713340168267488
603,0.2594397590376738,0.3713409149904937
604,0.2591488699500377,0.37131883205608496
605,0.2588904035781608,0.3710943803491193
606,0.25859419924031996,0.37083855370238705
607,0.2584068224556841,0.3708228332930106
608,0.2581920393260342,0.37054365197329775
609,0.25787714749851376,0.37040486224910013
610,0.2575763764845598,0.37019123544875004
611,0.25729316931947604,0.37025730861789163
612,0.2570969513630996,0.37014192302838705
613,0.25690519838649784,0.3700216541984645
614,0.2567237074837234,0.3700576465126759
615,0.25649982952851796,0.37016925986726285
616,0.2561976345267788,0.37010550674929626
617,0.2559615015715731,0.37008893746132204
618,0.2556989058372625,0.36997915647123114
619,0.25549279237321143,0.3698888857937708
620,0.25523971632874354,0.3698286040619812
621,0.25505176324942874,0.36986543081466927
622,0.25476558703462415,0.36984504821293096
623,0.254561287451889,0.3697535701258476
624,0.2543602095682498,0.3695332141907993
625,0.2541449495108452,0.3694570106037296
626,0.25392174838835085,0.3692659797336132
627,0.2537366825318643,0.3693833515241217
628,0.25354078223575777,0.3693126054069848
629,0.25326660365415743,0.36911440471770973
630,0.25300451505366944,0.3689510041175622
631,0.2527642722123165,0.3689536977386097
632,0.25246346361778566,0.3688051785556206
633,0.25219051288246336,0.36864350325735407
634,0.2519678162258712,0.3685996950034309
635,0.2518051287692071,0.3686063402124957
636,0.25153006869756,0.3683819686156477
637,0.2511958163017429,0.3680711796647247
638,0.25096348486889963,0.3678178154755562
639,0.2507353830977215,0.36782190730304465
640,0.2505229130434574,0.3677649458951784
641,0.25027872353473135,0.36761631581250864
642,0.24995076899401236,0.3674242832439614
643,0.24973458507470736,0.3673159765513027
644,0.24948799449181372,0.36723487127488663
645,0.24929116146076208,0.3671934426415769
646,0.24902090109971398,0.36712123451912737
647,0.24876904320621732,0.3670281497480935
648,0.248533579005121,0.36692015728763144
649,0.2483281426283376,0.3670466853581221
650,0.24807061195918098,0.36703762545847846
651,0.2478786485726095,0.3669043879516368
652,0.24756434100463162,0.3667600440742807
653,0.24738105384132203,0.3666846714400359
654,0.24714644277232478,0.366560908929775
655,0.24694940185348155,0.36644612459680864
656,0.2467351813344942,0.3664032999755498
657,0.24653414558292325,0.366376997849682
658,0.24627910367085912,0.36617626435351186
659,0.24605312588211803,0.3659981927358045
660,0.24583196989993017,0.36583340448424534
661,0.24562468873487084,0.365707087733105
662,0.2453676551396282,0.36559625596481454
663,0.24505754890244827,0.3654859719282889
664,0.24482099583238057,0.3654138029877403
665,0.24456930590437506,0.36534094870935757
666,0.24432367193427684,0.3652311845403941
667,0.24409402238474404,0.36512592422569534
668,0.2438916993277463,0.364974502572659
669,0.24368887242105053,0.36490282398307006
670,0.24348805934666382,0.36472951290484906
671,0.24332197258943664,0.3647548727622147
672,0.24301522794004088,0.3644235299350464
673,0.24282493809754574,0.3644472725679723
674,0.2425917019597849,0.3643213037515411
675,0.2423721423302217,0.3642365437001711
676,0.24216004382984374,0.36421570587877017
677,0.24193446984144823,0.3640780277727111
678,0.24171335543100872,0.36404356418346673
679,0.24146323511684709,0.36382880914435844
680,0.24124047979825733,0.36358434807013035
681,0.24102026803437213,0.36345534613337876
682,0.24082452476594796,0.3633131299360923
683,0.24059459648163758,0.3631822721651648
684,0.2403762402867703,0.36311556678696855
685,0.24013071811501702,0.3629706766389905
686,0.2399716790989061,0.36292485863077234
687,0.23972430155779195,0.3628162753731407
688,0.23952620832272664,0.3626437991443592
689,0.23931974421166416,0.3626401689601847
690,0.23906099895335894,0.3625370723742059
691,0.23884198178091345,0.3624914921001435
692,0.23863743195453516,0.3624083867034878
693,0.23846059148708232,0.36232655226922883
694,0.23822767677304058,0.3621957569529051
695,0.2379895710609627,0.36214107445009286
696,0.2377946876804806,0.36207064457301075
697,0.23754393765956416,0.36179966774120054
698,0.23735908321330204,0.3617549672637303
699,0.23713828517287033,0.3618235733830826
700,0.23694938917708577,0.3619132664948189
701,0.23669228994932803,0.36180134377893847
702,0.2364695651339529,0.3617985157779021
703,0.23624874320336153,0.36168941460060927
704,0.23601595577745724,0.3615417168130446
705,0.2357742678779767,0.3615701767348041
706,0.23555188140227007,0.36139835767691536
707,0.2353401814606863,0.3613370532966013
708,0.23514711760213938,0.3613125113673164
709,0.23493665689467091,0.3612129131069872
710,0.23466029969698146,0.36136819795809766
711,0.2343763819327733,0.36113339412139855
712,0.23421927368450057,0.3610770039654432
713,0.23401364587082918,0.36115301687983936
714,0.23378398328031846,0.36111366286047175
715,0.2335606282640927,0.3609154965380534
716,0.23336989204210956,0.3609232705778941
717,0.2331126135210929,0.3610513307673584
718,0.2329490140167602,0.36097054372305964
719,0.2326962164768857,0.3609786718758818
720,0.2324963222874982,0.36099359550967264
721,0.23228389961768592,0.360858766613496
722,0.2320232762665368,0.36083736225025026
723,0.23184750726908848,0.3609387933162603
724,0.2316409821380565,0.36081880951216605
725,0.23140329854627378,0.36071618987247756
726,0.23119449116065094,0.3606937178520763
727,0.2310166677446288,0.3605999622114847
728,0.23083894989893192,0.36058074685755537
729,0.23066038744902756,0.36050147263891924
730,0.23051094067236938,0.360425359399185
731,0.2303265061903033,0.3603952883169657
732,0.2300952943502289,0.36022188888804524
733,0.22988767378936203,0.360181324679474
734,0.22967819257696218,0.36011804573419715
735,0.2294582996582413,0.36025098803935857
736,0.22924702446203665,0.3601342082282124
737,0.2290475571711732,0.36003887197610607
738,0.22881336825275206,0.3598782971332837
739,0.22863277977471813,0.3598869285061323
740,0.22841181196277296,0.3598032804721478
741,0.22825793043776516,0.3597286767337754
742,0.2280916238406502,0.35963943306684387
743,0.22788932231411696,0.3596290870825918
744,0.2276742604036527,0.35949940076204795
745,0.22752637592861452,0.3594856363344381
746,0.22730901044850788,0.359494274676245
747,0.22714452456979328,0.35945434334100423
748,0.2269566850111424,0.35939185518758116
749,0.2267451377377749,0.35933489204517877
750,0.2265956492943405,0.3591988977327318
751,0.22637329186097935,0.35905175949431745
752,0.22614839751797278,0.3589462217658906
753,0.22591434550273917,0.3589363078372592
754,0.2256574018038819,0.35878120045973527
755,0.22541261023634757,0.35852688137085265
756,0.22519095498303351,0.3584503768126089
757,0.2249740251366314,0.35818931098399315
758,0.22475090729278993,0.35816075063040115
759,0.22462218203967152,0.3580380878670462
760,0.22443810862715782,0.3579445894981641
761,0.22424886647799944,0.3579290456674684
762,0.22407447246816417,0.3578271788604055
763,0.22391111095921643,0.3576978367643296
764,0.22368038790347264,0.3577156627023095
765,0.22347147143469298,0.3575993642812634
766,0.2231876820014672,0.35758509191744153
767,0.22298747094452948,0.3575064881607188
768,0.22279847335358902,0.3574315290831123
769,0.22265282966454542,0.3573522597838882
770,0.22239732684086522,0.35722100529960615
771,0.22225491341795284,0.35714088318457216
772,0.2220866197967341,0.35726469056384397
773,0.22186396251393947,0.3571854674622392
774,0.22169567520444375,0.35736555231613243
775,0.22149530843913579,0.35726251660556996
776,0.22129054940393048,0.3572339202867736
777,0.22109759029492385,0.35733682802047717
778,0.22096580494453227,0.3573232323358513
779,0.2207876989566737,0.3572896091834155
780,0.22062395196388337,0.357214851114628
781,0.22047327361171787,0.35720705852182205
782,0.22032721522070928,0.3572522214299047
783,0.22015522365531426,0.3571890942066713
784,0.2199230664339534,0.35718382508786806
785,0.2197614240460344,0.35712351568034617
786,0.2195358938172444,0.3571578904596912
787,0.21934715374056551,0.35698937163105643
788,0.21922523120111442,0.3570261353750876
789,0.21905088852455842,0.3569482434303781
790,0.21883644390001425,0.35675279933184517
791,0.2186633113096142,0.356756008189791
792,0.21849646475761852,0.3566066627066452
793,0.21829119967550292,0.3565846788551404
794,0.21807208904583414,0.35651652702446557
795,0.2178542263012654,0.3564969064082655
796,0.21758672370551488,0.35651019943425305
797,0.21742310293290606,0.3565756407922781
798,0.2172312257949784,0.35650196144033547
799,0.2169800778479664,0.35630262539810925
800,0.21681189140516152,0.35616966175795345
801,0.21669694090381703,0.3561974706678586
802,0.2165117377243954,0.35618332254832963
803,0.216296882504519,0.35620233037080673
804,0.21611370397606106,0.35612319748713916
805,0.21594327058398885,0.35609515219153914
806,0.21579484526607612,0.35598584541011774
807,0.21561639389245243,0.3559241405744997
808,0.21544615295549455,0.35599773676227525
809,0.2152887631425333,0.35599939991042806
810,0.21506604846707733,0.35597601847366145
811,0.21489665531973076,0.3560251402964854
812,0.21471509798679786,0.3558883029852829
813,0.21455634831092185,0.3558620366639051
814,0.2143863947676042,0.35589185370300097
815,0.21423431087389663,0.35587128294422044
816,0.21403744392921228,0.355908158830666
817,0.21385385291298845,0.35578199183723147
818,0.2136174602125814,0.355731686246781
819,0.21339620476179444,0.3556372570509269
820,0.21324840583746202,0.35560168790237534
821,0.21310592855088276,0.35552443999890226
822,0.21294815391730473,0.3555029117695302
823,0.2127831161754344,0.35548582659950817
824,0.21262487645172115,0.35536419471208497
825,0.21246942988725612,0.3553934098993938
826,0.21233430877820292,0.3553240393632716
827,0.21213251760733165,0.3553585406040716
828,0.21194833015987097,0.3552868072810579
829,0.21175678107988935,0.355210980430626
830,0.21162548286438052,0.35520191461166356
831,0.2114863896209716,0.3551962777198987
832,0.21134408968622656,0.3551884360031995
833,0.2111512056325136,0.3551601133046182
834,0.21095907990605292,0.355126601904106
835,0.21079296095529632,0.3550013098835495
836,0.2106431468389682,0.35488746729990855
837,0.210401788632849,0.3547035788539435
838,0.2101398285398589,0.3544560402236245
839,0.20996868717054581,0.3544108028253297
840,0.20979930195261207,0.3544592449854044
841,0.2096156321464492,0.3542801234134552
842,0.20945779603499523,0.35430559455956234
843,0.20927987379168916,0.3542430941018796
844,0.2090610826174804,0.3542155933296161
845,0.2088887150158863,0.3542018556058176
846,0.20871057392113027,0.3540481068449727
847,0.20856794795233627,0.3540813655103145
848,0.20844458528340626,0.35411016926623856
849,0.20829433883423887,0.3540615594348915
850,0.208107341024035,0.353977278298955
851,0.20791258014016742,0.35383341507215893
852,0.20778197916005492,0.3538403204253627
853,0.20761271699683995,0.35378259023601816
854,0.2074296856779106,0.3537476191606777
855,0.20730115078338437,0.3537667202569239
856,0.20716091168676573,0.35380438051507573
857,0.20696443319517627,0.35366392365082966
858,0.20678987470990923,0.3535528036232126
859,0.2065802712421574,0.3535586830039237
860,0.2064384261837725,0.3534059247479547
861,0.20623166755628616,0.3532214486138172
862,0.20608583225925511,0.353276301533979
863,0.20591515319251033,0.35339228997446803
864,0.20572449157123796,0.3532996787423815
865,0.2054781896916954,0.35324752285142785
866,0.2053101358562511,0.3531570991728436
867,0.20511570659215225,0.3530744434340208
868,0.20490820521571013,0.3529838092596264
869,0.20474570474439424,0.3530398317313951
870,0.2046088140786281,0.35290886124246956
871,0.20444207814192936,0.35283600295326334
872,0.2042857450245974,0.3528314627826848
873,0.20408585198317633,0.35290994315342755
874,0.20394286290788494,0.3528924891990409
875,0.20379595161016076,0.3528918528020621
876,0.20365141139016393,0.3529557626367095
877,0.2034689840472183,0.3529304480239442
878,0.20335051159901502,0.35291439149057446
879,0.20320613440515156,0.35284241759259605
880,0.20307516774072545,0.3527452559876152
881,0.20287698451843197,0.35275414549004724
882,0.20271437114794935,0.35263492810849467
883,0.2025404610750375,0.3525378278751719
884,0.20242808575496007,0.35267334553747237
885,0.20225649798966447,0.3525851198773534
886,0.2020453260326475,0.3524249766314849
887,0.20178692047320504,0.35215112259194875
888,0.20161024946817882,0.352123637483797
889,0.20146163284742652,0.352056582892508
890,0.2012900967040635,0.3520199255875965
891,0.20117511204696212,0.35211374637222387
892,0.20103362695681545,0.35199759941220254
893,0.20086583068856279,0.3519936813393769
894,0.2007240241161047,0.35199585608143774
895,0.2005667458997388,0.3519142871081333
896,0.2004309474785268,0.35199118528946965
897,0.20026167278036971,0.352010735434987
898,0.20003753851795386,0.35201576388756545
899,0.19987765432180585,0.35205832597577924
900,0.19971624574152064,0.35193439725988473
901,0.1995852596155793,0.352012991948337
902,0.19946712541890985,0.3519211259733884
903,0.19931454175444108,0.35188855179090456
904,0.19920427529838014,0.3518780076896089
905,0.19900078511608066,0.35170879074021805
906,0.19884638258822493,0.3516056022707517
907,0.19869395155664468,0.3515608995641815
908,0.19853283522971626,0.3515268114572509
909,0.19835793522971665,0.35157794385250535
910,0.19822498200672498,0.3515995333780724
911,0.19810855689567117,0.3515583712386327
912,0.1978903574893163,0.3513494646065393
913,0.1977180551030746,0.3511364928412816
914,0.1975941924221209,0.3512287723920022
915,0.19745864145636968,0.35115968620165444
916,0.19734048688064884,0.3511249448390108
917,0.19717785781874717,0.350961063516237
918,0.19707640401633497,0.3510525142237429
919,0.19689980743414995,0.3509765562503343
920,0.19672824562180855,0.35081380396473316
921,0.19656430012818515,0.35083737056542985
922,0.1963738302956009,0.3507364224573348
923,0.19623875482049222,0.3507996642652745
924,0.1960100214024885,0.350580899675914
925,0.19587299830563112,0.350673834813776
926,0.19576556827322028,0.35073020283469647
927,0.19562158333615232,0.35075311807940046
928,0.1954768359663072,0.35066722088033836
929,0.1952559473892827,0.35052839027867344
930,0.1951002397620275,0.3505097442057995
931,0.19491299160712103,0.3504235425266348
932,0.19472994438603722,0.3503192417844501
933,0.1945600976324053,0.35029481877149377
934,0.19446266657236333,0.35033267896929576
935,0.19431553708296836,0.35021697041714317
936,0.19420083628365725,0.35021647055951466
937,0.19401219133297515,0.35009240804154973
938,0.19386436414633842,0.3501328046843748
939,0.19372472672533916,0.3501372814712627
940,0.1935366346631785,0.35015676365688486
941,0.19343418808136467,0.35015579008092806
942,0.19329815263818814,0.3500589523915872
943,0.19314230446418895,0.34997867869688165
944,0.19298752064467314,0.34992787747942605
945,0.19282348229378232,0.349981999616763
946,0.19264468261302442,0.34991677279176586
947,0.192480931057172,0.3498050624452783
948,0.19229737462642318,0.3497452549185028
949,0.19217122929771915,0.34982587104026525
950,0.1920656447862345,0.34980384682379306
951,0.19196443704906935,0.3497870130235324
952,0.1918011412989302,0.34976573617455664
953,0.1916568738977323,0.34986905634598003
954,0.19148568878173847,0.3498190483336839
955,0.19130144391416667,0.3497730806552938
956,0.19119079415855067,0.3498327158476778
957,0.19103712914240756,0.3496961966974293
958,0.1908783585663039,0.3496445494202242
959,0.19075339419032147,0.3497763274584108
960,0.19057814781451876,0.34968904641041826
961,0.19048197907175324,0.3496479687981847
962,0.19031626142205943,0.34942304843893307
963,0.19018336899476157,0.3494974372422171
964,0.19003026651702537,0.34955309670921125
965,0.18988633008135625,0.349609599304074
966,0.1897582892437315,0.3495508102759021
967,0.18958427170633743,0.3494573197813289
968,0.1894498202214158,0.34939090787538396
969,0.18931949780633545,0.3493392389960942
970,0.18917546214259118,0.3493416893503026
971,0.18903835011501394,0.3493158134277187
972,0.18890178010683528,0.34940219344256124
973,0.18872991403094103,0.3493194760280179
974,0.18855730363948478,0.3492445978397665
975,0.18836689632725215,0.3490716124992574
976,0.1882324573144951,0.3490316231178538
977,0.18809073647578226,0.3490087420887449
978,0.18798554202781986,0.34898162893005213
979,0.18783217262055213,0.3488926261183569
980,0.18770431957182757,0.34890607568859233
981,0.1875668487913105,0.3488795301725201
982,0.18743891190989087,0.34903046398837534
983,0.18726663207923322,0.3490839210437945
984,0.18714753539970344,0.349057839213478
985,0.18699550950636792,0.3489868146361271
986,0.18684301742896864,0.3489704722018634
987,0.18662776370975206,0.3489220523447403
988,0.1864802366268592,0.34888006667872634
989,0.18633066346027408,0.34881941420267026
990,0.18616978222213265,0.34872876862201385
991,0.1860166047081822,0.3487443608230632
992,0.18585426884080733,0.34877142957943114
993,0.1857229744400775,0.3487640301207571
994,0.1855717947699933,0.3486483841351644
995,0.18539398788611625,0.34848121453103137
996,0.18520329216521744,0.3484260522072873
997,0.18507253518857372,0.34845363444213734
998,0.18496973621084137,0.34848225843724423
999,0.1848523813088607,0.3484676036429558
1000,0.1846988795187542,0.3483942110742435
1001,0.18455552264342456,0.3483814670868856
1002,0.18442553241434131,0.34821338921488165
1003,0.1843095888616825,0.3481541271459875
1004,0.18418790329606652,0.3480945164717048
1005,0.18407133668146589,0.3480653019115982
1006,0.18396229784691495,0.3482345447258857
1007,0.18382260924576432,0.3481200558534002
1008,0.18366046100382197,0.3480201615749515
1009,0.18349074391107056,0.34793956051652547
1010,0.18340309333359514,0.3479669418569679
1011,0.18324120750612852,0.3479529517151235
1012,0.1830917649157444,0.34783192082993714
1013,0.18293247594550535,0.34771722111198705
1014,0.182805972472557,0.34770061514149125
1015,0.1826876975411804,0.3476249179680287
1016,0.18253255721603595,0.3476242129926548
1017,0.1824252687360399,0.3475994497794705
1018,0.18230402607585475,0.3476752887456453
1019,0.1821045245860287,0.3475669158700212
1020,0.1819308190846566,0.34748296058047845
1021,0.18176923804142678,0.3474141027437033
1022,0.18164923127645594,0.34729450825368546
1023,0.18151640645805633,0.3473665224229132
1024,0.18134706515691804,0.3472793832598685
1025,0.1811937139796188,0.347235038931307
1026,0.18109988390440734,0.3472587880806407
1027,0.18096353945108398,0.3472874637263983
1028,0.18081014812782412,0.347250039909792
1029,0.18072775724419535,0.3472777694189341
1030,0.18061187307658316,0.3472463963385714
1031,0.18044745824648106,0.3471865914183603
1032,0.1803427758021514,0.3472064582570792
1033,0.18021596010337146,0.34722060385281517
1034,0.18010579227038298,0.3471654871568643
1035,0.17993218975450362,0.34707627207366865
1036,0.1798001630251433,0.34703128391852717
1037,0.17963300483816302,0.34708536403167817
1038,0.1795419299711126,0.3470808451651097
1039,0.17940237866015427,0.34708253556589436
1040,0.17925286296439466,0.3470640092191529
1041,0.1791338210940477,0.3470236040649529
1042,0.17899656523867927,0.34689275602828595
1043,0.17885633376755652,0.34697516323420136
1044,0.17869519549300103,0.34678935373960107
1045,0.1785232804960835,0.34671578662433583
1046,0.17840034502467075,0.3468056787697668
1047,0.1783041635085318,0.34682939457510903
1048,0.1781948797280196,0.3468097435752608
1049,0.17805298523826732,0.34670295178387567
1050,0.1779222597516758,0.3466768784286346
1051,0.17783469866327065,0.34664553692864936
1052,0.17769903235692366,0.34665242025746984
1053,0.17757564028030784,0.3465965800440499
1054,0.17747407893869585,0.34656984690147663
1055,0.17737973590427972,0.34662608538891065
1056,0.17724823922671215,0.3466286082178806
1057,0.17710661108536876,0.3465392657320051
1058,0.17701151991014877,0.34657101413477026
1059,0.1768784129108565,0.3465759791776223
1060,0.17670107744582453,0.3466255821482911
1061,0.17658000145865269,0.3465511960794949
1062,0.1764211180065238,0.3464583086220878
1063,0.17629024981856622,0.34640837929325785
1064,0.17617557477304466,0.34638952558928626
1065,0.1760231140974398,0.3463972397170667
1066,0.17592164021435394,0.3464020714556535
1067,0.1758065487342086,0.3465034326657775
1068,0.17563922626800696,0.3465203079532603
1069,0.17553940158794767,0.3464778847286916
1070,0.1754229993455037,0.3464932971019187
1071,0.17524066044225947,0.34634286450541424
1072,0.17507547343249732,0.3462621156469259
1073,0.17491783177297432,0.3463062783312955
1074,0.17481308039944957,0.346337254286357
1075,0.1747026908297083,0.34634634821209564
1076,0.17456653745777997,0.34635206228444093
1077,0.17442943152478946,0.34637590065885515
1078,0.17428476714568242,0.34632157761178484
1079,0.17412638377167822,0.34624023287575306
1080,0.17401499847531665,0.3461892484135013
1081,0.17393146101001306,0.34617316500556694
1082,0.17381791923106005,0.3462940615520958
1083,0.17364363365186497,0.34625169411980977
1084,0.17353387660377206,0.3462817797337886
1085,0.1733883102472449,0.34626139632016845
1086,0.17329891040815842,0.34624152873536346
1087,0.17314997098147436,0.34631396112024654
1088,0.17305436486094214,0.34617562895595894
1089,0.17296497296320854,0.34620358424931547
1090,0.17284042030972205,0.34616341195017974
1091,0.17271586456524413,0.3460689523483529
1092,0.1725783932562883,0.3459695843750288
1093,0.17247824622007954,0.3458734109151819
1094,0.17236755371791443,0.3457906984952956
1095,0.1722529548275236,0.34583591623575055
1096,0.17213248670607817,0.34581599699494386
1097,0.17200654578827737,0.3458550764461576
1098,0.17190056636352452,0.34587849060005654
1099,0.17179400433015404,0.3460677837078694
1100,0.17167917537674537,0.34610012448481303
1101,0.1715370334502425,0.3460971133923016
1102,0.17143166080725797,0.34613616796922625
1103,0.17131727068415914,0.34607940968441975
1104,0.17120551386025337,0.3461059290162935
1105,0.171123020984001,0.34604882439967233
1106,0.17100259615674598,0.3459842654070255
1107,0.1708718577484538,0.3459590655976906
1108,0.17073096605714488,0.34598546859029894
1109,0.17060950259042168,0.34597018995890155
1110,0.1705074865842928,0.3459587330992126
1111,0.1703856562329749,0.34593895093812066
1112,0.17025019204406008,0.3458718972753601
1113,0.17010303684198866,0.34572560608324143
1114,0.16991667735296567,0.34559689463005544
1115,0.16978543914129263,0.34556991129557846
1116,0.16966350186316329,0.34545470839243364
1117,0.1695438869817696,0.34547766020701665
1118,0.16943952937009998,0.34547732136850573
1119,0.1693754362758764,0.3454221445602937
1120,0.16927063641473927,0.34545124372537095
1121,0.1691123115384034,0.34543863084515
1122,0.16894233274745513,0.3454971742852378
1123,0.1688162934910501,0.34545898346834414
1124,0.16869999987361034,0.3455447946151444
1125,0.16856498482947055,0.34550767406813054
1126,0.16844568590350703,0.34544389045466
1127,0.16830556956864548,0.345560752290382
1128,0.16819470997261163,0.34564795701728895
1129,0.16810633840116676,0.34563323747368524
1130,0.168015895452116,0.3456312353144339
1131,0.16787014833469058,0.3455699732267744
1132,0.16774702968876962,0.34562693195555505
1133,0.16766123496970403,0.3456030331841868
1134,0.16754356457598502,0.3455467688905462
1135,0.16745728959654146,0.34550480001342143
1136,0.16738366513586145,0.34551583865091057
1137,0.16722425970844895,0.34546887030663986
1138,0.16711503188545537,0.3455129660781232
1139,0.16698845580442775,0.34563780280872747
1140,0.16682289798672384,0.3454673397619733
1141,0.1667066428760136,0.34551384715720507
1142,0.16658736017680112,0.3454086182504961
1143,0.1664762737010607,0.34544159908000643
1144,0.16633620529792298,0.34537247570340357
1145,0.16622146450799474,0.3454984333146509
1146,0.16609263365451635,0.3454829191952518
1147,0.1659950576647535,0.3454325351197268
1148,0.16585715345303723,0.34538779810749853
1149,0.16574338446227238,0.34540367112809717
1150,0.16563703364907056,0.3453672959951879
1151,0.1655234599999538,0.3453380128170321
1152,0.16534525758328084,0.3453192039589743
1153,0.16517594424323795,0.34532457301366365
1154,0.1650198096065518,0.34527350612210395
1155,0.16490336518280233,0.34518511657598966
1156,0.16474085092542587,0.34500362257930783
1157,0.1646378043456288,0.3450194647047409
1158,0.16448414244164916,0.3449902687238089
1159,0.1643375525744142,0.3449521012262946
1160,0.16419606678017487,0.34487399209302577
1161,0.16406340867528624,0.344872547038536
1162,0.1639580069577059,0.3448338621708315
1163,0.16387756866460285,0.3447285872800038
1164,0.16377274697720848,0.3446898320395636
1165,0.16365955668586982,0.3445568311365716
1166,0.16356479588767034,0.34462528267800185
1167,0.1634288552988241,0.3446192937990773
1168,0.1633230824091925,0.34462361377469547
1169,0.16319451665645107,0.34469009556425023
1170,0.1631014954345264,0.3446746218251497
1171,0.1629812992586573,0.34470272578285543
1172,0.16289204112178995,0.344698219495604
1173,0.16270553858390907,0.3445766878716497
1174,0.1625577696787891,0.34455790127702973
1175,0.16241511149984814,0.34442476143906314
1176,0.16232888655480515,0.34451682587528526
1177,0.16219597632885707,0.34444374034481295
1178,0.1620394475250932,0.34433754690205876
1179,0.16192675923127037,0.3442577032959938
1180,0.1618296217386043,0.34425365544706515
1181,0.16173714772408407,0.34431409121963297
1182,0.1616261120656165,0.34431946148290393
1183,0.16152077277582172,0.34429553013918635
1184,0.1614006058511871,0.3442705991629837
1185,0.16127903624778717,0.3442871764057901
1186,0.1611942982340752,0.3443215407208291
1187,0.16105201468856412,0.3442039374780166
1188,0.16091549716557013,0.3442228816702321
1189,0.160797535555677,0.3441685297578227
1190,0.1606762952266294,0.3441580684276543
1191,0.16057414285006003,0.3440917970941884
1192,0.1604696920120898,0.3441338612902295
1193,0.16035092870443626,0.34407637727778556
1194,0.16025777998019208,0.3441539156676146
1195,0.1601641039421155,0.3441178233322751
1196,0.1600461990266995,0.3440022467377613
1197,0.15995607973735443,0.3441051183721699
1198,0.15984762855725446,0.344019588954476
1199,0.1597149357244721,0.3439891529142901
1200,0.15956624982998704,0.3439848963064009
1201,0.15944267344640622,0.3439668748720037
1202,0.15936532054104338,0.3439021566979015
1203,0.15925473708178361,0.34379359038608026
1204,0.15911949617714832,0.34373265956662924
1205,0.15897235315588004,0.34359708791964877
1206,0.15885662892611785,0.3436216654029624
1207,0.15876080408301416,0.34366843799811003
1208,0.15861852718317773,0.3438091916361143
1209,0.15848160304482153,0.3438504945777398
1210,0.15836887610037328,0.34374658870829733
1211,0.15824388362087669,0.34371188216604104
1212,0.15814471118875437,0.3436553905420899
1213,0.15803838457984584,0.34369117257691245
1214,0.15790460807397597,0.3436265781025451
1215,0.15778655035297173,0.34353133656991586
1216,0.15768692857247835,0.3434904845446438
1217,0.15755525416345736,0.34335392020644706
1218,0.15743481995699868,0.3433050514666659
1219,0.15731821069629293,0.34325291236856115
1220,0.1572161011332353,0.34328739901345356
1221,0.15712924969687608,0.34317491716054704
1222,0.15704277430804056,0.3431755390502878
1223,0.15694116047681256,0.34317807791721977
1224,0.15682808261405565,0.34314911799038117
1225,0.1567024991415764,0.3429689568289921
1226,0.15655441699264472,0.3429081879467266
1227,0.1564487452940543,0.3429597159583884
1228,0.15632821518672763,0.34306912847979504
1229,0.1561974368359477,0.343066195997909
1230,0.1560990235171503,0.34308801061439403
1231,0.1559730612125347,0.3430923510561533
1232,0.15587652212822725,0.34314288663457554
1233,0.15572906311730894,0.34308165298894394
1234,0.15560843913707348,0.34307630301235637
1235,0.15551301571221723,0.3430487873078435
1236,0.15540638667753617,0.34301432443553614
1237,0.15529421726197395,0.34306920141930924
1238,0.15520896786649568,0.34308193636468354
1239,0.15512804567548977,0.3431379645010178
1240,0.15503219465540238,0.34315111654044655
1241,0.1549250314350922,0.3431260994716119
1242,0.15480612171001432,0.34308045290076034
1243,0.15471341850779144,0.3430446721966761
1244,0.15456517582610071,0.34304312382234287
1245,0.15441363325200733,0.34302243841210095
1246,0.15428431092769088,0.3430670373262484
1247,0.15419197651911393,0.34304939398724965
1248,0.154121824786261,0.3430487672179531
1249,0.15399433258096676,0.34308633324286436
1250,0.15388867015153476,0.34308491647261125
1251,0.15379041501134044,0.34308075591372833
1252,0.15372498692135186,0.3431287815730615
1253,0.15364266680359068,0.3431661747395662
1254,0.1535373163614358,0.3431815428962197
1255,0.1534546471524372,0.3431050496895213
1256,0.15337417282394528,0.3432626849515794
1257,0.15327922566915722,0.343274527451679
1258,0.153195787253813,0.34324909887714633
1259,0.1531031866573406,0.3432691951145169
1260,0.1530065042321983,0.34327059203240845
1261,0.15294486193376328,0.3433753996523579
1262,0.1528083825048907,0.3432941562834488
1263,0.1526707301039161,0.343238207744246
1264,0.15254042783918012,0.34316709898208436
1265,0.15243402916269425,0.343061386972038
1266,0.15231609431755447,0.3431352993124121
1267,0.15218559272590745,0.34303942063059406
1268,0.1521155553933419,0.34304265346471463
1269,0.15205190384129277,0.34303327869970873
1270,0.15197432320921955,0.3430606048539222
1271,0.151884052351126,0.3430059128209676
1272,0.15176359501263822,0.3430505586627918
1273,0.15165420865481008,0.34300699557504105
1274,0.1515610352806755,0.34300162134638534
1275,0.1514277749712363,0.34297397414363273
1276,0.15133613719785363,0.3429735858078113
