0,0.5731778084287715,0.5749409754996352
1,0.5459958910468615,0.5496390598791829
2,0.5239978755186874,0.5309426755220356
3,0.5045596929838945,0.5149098880477744
4,0.4888610502182685,0.5001405149365117
5,0.4750341739928678,0.4888154861343009
6,0.46170407070537106,0.4773616685895851
7,0.45079836671559353,0.46807448237678956
8,0.44016703193063705,0.45991598810032547
9,0.43090013035273683,0.45293044315355646
10,0.42258373047697045,0.4472836467530677
11,0.41482213899581916,0.4412387311355245
12,0.4071400344785678,0.4359888372661265
13,0.3995706984921175,0.43067372975742885
14,0.392869808914143,0.4253584889965437
15,0.3860530423008923,0.419264749329387
16,0.37966200515839954,0.41604498429813924
17,0.37412099833652807,0.4135473648990473
18,0.3679846082426733,0.40710763267088845
19,0.3626709720842472,0.40337613163850505
20,0.35795600761630714,0.4005439431705702
21,0.35218238284114955,0.3976456415797867
22,0.3478133466210254,0.3961251424049384
23,0.34333415591443195,0.3944259891496837
24,0.3391624953500339,0.39222479208331207
25,0.3348262046905757,0.3877988942670118
26,0.3305936332462171,0.3848118409424045
27,0.32684837127073785,0.3831454920240963
28,0.3234404750059112,0.38158136848870944
29,0.31984236384357295,0.3779697789274716
30,0.31672623604459194,0.37738254479555244
31,0.31369347084992655,0.37639092515792255
32,0.3105302148610408,0.373537519319034
33,0.3074810181836017,0.3723335434305638
34,0.3041611787288759,0.3695421382371043
35,0.3008920663820802,0.3678068159279634
36,0.29828633926900017,0.366270595756944
37,0.29553161251870536,0.36394849407063656
38,0.2927406410419112,0.36249059042655535
39,0.29023286453778474,0.36090490840705564
40,0.28773441426751184,0.35905931002546415
41,0.28510327447518924,0.3578185253560774
42,0.28252940939135746,0.35701204510962997
43,0.2803160128246518,0.35672705515421826
44,0.2780571910982273,0.35664242390060247
45,0.2756864548505743,0.35580232503176057
46,0.2736012352620646,0.35510686714064826
47,0.27116841013255993,0.35424198418639985
48,0.2691638313493527,0.35372010857011965
49,0.2668811707504948,0.35332636544176704
50,0.2648493202846251,0.3520578187554758
51,0.2629025998212587,0.3516853234773012
52,0.2611346906220638,0.35101039430208003
53,0.25930875765418004,0.34936782636005365
54,0.2573640888061175,0.3481461673567059
55,0.2555385018858108,0.34727379768744554
56,0.25355154334923957,0.3469243354299177
57,0.251845857169397,0.34644754610045403
58,0.2500712899391638,0.3463900436863022
59,0.24818145280225393,0.3459209393459563
60,0.2462002893288774,0.3450127861740424
61,0.24467734444348369,0.3453265008921772
62,0.2431321090806746,0.34411334360700085
63,0.2415927475314004,0.34414993840762365
64,0.24014483304948292,0.3433764629727431
65,0.2386378938809798,0.3428111109146516
66,0.23728079103227676,0.34253003617393935
67,0.23588220414934868,0.3420796456036475
68,0.23416423592006344,0.341426032945533
69,0.23283750236755957,0.34068551997366214
70,0.23126766640681265,0.34035089361723336
71,0.22974703562965637,0.3405337526692119
72,0.22832991488559554,0.3402408531882233
73,0.22691276948608033,0.3403240288315168
74,0.22548076273524803,0.33928578174324703
75,0.2240657523240242,0.33911419789499286
76,0.22270321829379464,0.3384186360702513
77,0.22153837608214103,0.3377459000155771
78,0.22019784716002072,0.3378143698337797
79,0.2189459504418408,0.33675446012361093
80,0.21780111633529034,0.3367948713409961
81,0.21676232281304578,0.3360784775071192
82,0.2154404714923973,0.3357368820539313
83,0.21431682410027625,0.3355196398635868
84,0.21314197243753702,0.33460982168416353
85,0.21187836231195617,0.333585492300285
86,0.21078776005907002,0.3333003818108679
87,0.20955986008022096,0.33357108056812396
88,0.20822078358640486,0.33259998527439755
89,0.2071039878610946,0.33174474764030076
90,0.20555502798315606,0.33110620719416184
91,0.20446636818205846,0.33049014314517206
92,0.20336434819102248,0.3301848588355257
93,0.20187458382740373,0.3293195462534586
94,0.20075280888800806,0.3283097848569487
95,0.19978893391436447,0.3285544522394024
96,0.1987411796022706,0.3287799224256769
97,0.19772970903630385,0.3283731160987283
98,0.19665191173141197,0.3278052658328842
99,0.19569147744802515,0.32803733392086115
100,0.19481157698128962,0.32773882455654124
101,0.19392809244734133,0.3272936804487417
102,0.19292176585290477,0.32723819940176463
103,0.19167940714758613,0.32645043119189343
104,0.19055048725707358,0.3263223048711038
105,0.1894980492652864,0.3262470880142148
106,0.18856814044354128,0.3258574564572935
107,0.18757415058185198,0.32521840121188833
108,0.18670760145717527,0.3245664137703287
109,0.18566612054897197,0.324377333870925
110,0.18459363787790703,0.3239632928543326
111,0.1837856951194236,0.32356218763794087
112,0.18269171655205493,0.32345058786201253
113,0.1818446554223946,0.3238685620462832
114,0.18086669033057604,0.323482181317307
115,0.17995241044362437,0.3231951830291656
116,0.17917820094244735,0.32350745328063596
117,0.17830086796168654,0.3236148783421652
118,0.17736134507104998,0.32307630854944236
119,0.17603971523095524,0.3224820922106098
120,0.17516409590075402,0.32210842961804104
121,0.17442242468665628,0.3223031372349393
122,0.1735291600800291,0.3218910856501208
123,0.1727440833661624,0.3216247798014285
124,0.17186033615149665,0.32131475278209876
125,0.1710627409555132,0.32080348755629423
126,0.170217776087989,0.32088409342492663
127,0.1693856319379114,0.32097653552961763
128,0.1686289887718759,0.321215684047271
129,0.16799149481578077,0.32086846851385664
130,0.1673080483881255,0.31992607642819704
131,0.16638366503473734,0.31970801996138215
132,0.16565968864979908,0.3192428077041029
133,0.16496678344167282,0.3191512344462404
134,0.16414114888988585,0.31913155469620086
135,0.16336490773514423,0.3190056103437124
136,0.16258803776625996,0.3184944968457508
137,0.1617413365219687,0.3184085720090263
138,0.1610246298830613,0.31776941971810035
139,0.160426151445386,0.3176304075328752
140,0.15971147251113804,0.31765785766596927
141,0.15891244305413307,0.3181090227040382
142,0.15824598715202362,0.3184290316466182
143,0.15740148252318012,0.317453784344403
144,0.15669689724240551,0.31752279923091625
145,0.15609158115785743,0.3171657263725564
146,0.15536856266491453,0.31677060768524534
147,0.15426681453650296,0.3171252234303454
148,0.1535972140200431,0.31685984442561343
149,0.15296618893875236,0.3165286442098999
150,0.152234872351102,0.3159099943221188
151,0.1514774714676124,0.3162583170803517
152,0.1508580879363854,0.316359827290489
153,0.1501694008236539,0.3161153552781314
154,0.14946011735924297,0.31653683665134313
155,0.14883650309230836,0.31648980608866384
156,0.14824717374011545,0.3166593612081877
157,0.14766481016989846,0.3166066838444704
158,0.14708194681352993,0.3164383931480816
159,0.1464821351836154,0.31586813798545305
160,0.1458949990966475,0.315842330431946
161,0.14525645569167245,0.31600622219577973
162,0.1447500740351259,0.3162906394581085
163,0.14406178388790297,0.31640818029148365
164,0.14347984280631207,0.31697530532834073
165,0.1428688615255858,0.31684571945962314
166,0.1420634154402477,0.3167867853042045
167,0.1414095119436301,0.31719845916564166
168,0.14067577050680954,0.31665276733328057
169,0.1400697272095022,0.3166320017371607
170,0.1393560244015747,0.3169752257790697
171,0.1385689254480928,0.316637463449663
172,0.13795896354245932,0.3165332943324377
173,0.1374031429337868,0.3165897758048533
174,0.13670090873670623,0.3167836319522355
175,0.13607358352298568,0.31708034536114527
176,0.13531425174564818,0.3170450660083117
177,0.1346406183799446,0.31684136519970074
178,0.1339554098355595,0.31652885302187006
179,0.13340853583046322,0.3168036128773219
180,0.13283533728653152,0.31682706434425206
181,0.13200317856436028,0.3163392102432718
182,0.13146172612709559,0.3166427584177552
183,0.13085625747430757,0.3166630787660764
184,0.1302868360251219,0.31661087454132386
185,0.1296178802875444,0.31672368011923974
186,0.12912013431129576,0.3163129070679152
187,0.1285426102515248,0.31609757512237774
188,0.1281066920690744,0.3161182872120807
189,0.1275712382571874,0.3160394664159718
190,0.12691531784481175,0.3157339138019647
191,0.1264583624585048,0.3158684030794107
192,0.1258482940280695,0.3158186146040984
193,0.12540458272844573,0.3160570895745033
194,0.12489911785556282,0.31591414477704743
195,0.12437603872889316,0.3155798121817374
196,0.12383248018874837,0.3151976706053812
197,0.12342356328950413,0.3150580509752284
198,0.12292647129849195,0.31495927319782313
199,0.12229355742718437,0.3154606310783958
200,0.1216680043105061,0.314979187958667
201,0.12114908989425653,0.3147570383640366
202,0.12070926750902886,0.3147017640428885
203,0.12021282142451888,0.31473775267983223
204,0.11973736227266038,0.314999437481105
205,0.11918935640492608,0.31532052377288894
206,0.11880013900311844,0.31566202290670203
207,0.118299682384081,0.3153576296693728
208,0.11775293343327235,0.3148909474041088
209,0.11736189136253992,0.31496326263375957
210,0.11695097034072816,0.31503122240271453
211,0.11643371466753562,0.3151402333690381
212,0.11582282587731946,0.3143560179500197
213,0.11540069482900799,0.31487405960025483
214,0.11498875717979573,0.31503938444840074
215,0.11456151974603478,0.3150941351985237
216,0.11404103360148987,0.31558438814782014
217,0.113593368906551,0.3155569635779842
218,0.11304183175695022,0.3153226912643141
219,0.11261709737270678,0.31503594719782957
220,0.11213105613517259,0.3155741338956933
221,0.11165338108909632,0.31560333071107677
222,0.11115363182521201,0.3150238763085652
223,0.11067500781667426,0.3152681969728966
224,0.11027693530946168,0.315355833297781
225,0.10981364267910572,0.3157525880099978
226,0.10945536026465738,0.3155067923559994
227,0.10894700588678467,0.3152863265278989
228,0.10840743569047416,0.314909209201128
229,0.10800862829088201,0.3150026500093315
230,0.10754665716438035,0.315066428376463
231,0.10714196459038587,0.3147133498638399
232,0.10670531133975066,0.31482251105702197
233,0.10615090062020945,0.31515441862121907
234,0.10568627044410844,0.3152881228117057
235,0.10518221385925111,0.3153866390008446
236,0.10485596984232716,0.31509499128256724
237,0.10446309145443236,0.31586994208089036
238,0.1041402970797333,0.31564108533117463
239,0.10356405435302346,0.3154329297975047
240,0.10320325213925462,0.3150685596491915
241,0.10280963641130794,0.31505372262108006
242,0.1024064222314303,0.31539661273055847
243,0.10196341144732511,0.31567704447382344
244,0.101450446816022,0.3155703456697049
245,0.10111887195048996,0.3151491387342553
246,0.10055110397834045,0.3150437278620083
247,0.10010650903737185,0.31454609501769776
248,0.09961298936432325,0.3146660945756095
249,0.09918701423264921,0.31480346402045006
250,0.09882001257435706,0.31466296068590166
251,0.0983049699472861,0.31491874395725517
252,0.09795161899316306,0.3151239680192539
253,0.09756429354573634,0.31563647829439173
254,0.09713058160506167,0.31616859210344145
255,0.09683131820538857,0.31623578746538766
256,0.09632019765969445,0.31603432845800344
257,0.09604682484155193,0.31639817292287775
258,0.09574254688679669,0.3166066820630528
259,0.09541422560318069,0.3167240756574234
260,0.09509373096752725,0.31690237528254467
261,0.09476534518321693,0.3170815068992526
262,0.0944046167277445,0.31700427459269864
