0,0.5725268353147702,0.5782007347448086
1,0.5449831818296227,0.5554196502019846
2,0.5216290765351529,0.53722362443196
3,0.5021414408684761,0.5191595114842879
4,0.4862996760030156,0.5067661546427625
5,0.47274454143316574,0.4960085085324409
6,0.4592111804667144,0.48385447820840305
7,0.4478141005072598,0.47536256643050223
8,0.4374944234341804,0.4665080749822087
9,0.4279669008510117,0.45865312751255055
10,0.4190650161353964,0.4519725205018728
11,0.410533092104007,0.4449056588845368
12,0.4032589950322067,0.44085286966468473
13,0.39554191683338175,0.43531036702726994
14,0.38890293396265024,0.4309848506297331
15,0.38210668420342014,0.42521823562382316
16,0.3759886421393681,0.4207601197388593
17,0.3703553544552553,0.41546579244795384
18,0.36499558740556454,0.4106062842742045
19,0.36003331806130506,0.4074515102837293
20,0.3550423944262772,0.4051055850747156
21,0.3506370731608421,0.40249528587423883
22,0.34598359543646656,0.3987161594506948
23,0.3410649775027056,0.39545255454256045
24,0.3370291014906563,0.39208500132572605
25,0.33273665652778495,0.3896153720263453
26,0.3285838508168543,0.38652457297881604
27,0.325288060355722,0.3841988161008222
28,0.32147606762308406,0.38180216083985347
29,0.3179054784997004,0.38025111344871376
30,0.3144302226180407,0.37818629994128716
31,0.3111026023158817,0.3768089343429172
32,0.3077409847717424,0.3749638247725188
33,0.3045460381204951,0.37345433510112475
34,0.30147156083610405,0.37099157332908334
35,0.29812494397775635,0.3681506779406977
36,0.2952526880458252,0.366028281645263
37,0.2922543120408684,0.36367498408223237
38,0.2896674377185139,0.3615880440147486
39,0.28733565851178555,0.3600417739480564
40,0.28450132294560665,0.35782300252195987
41,0.2820260787096549,0.3566008455420354
42,0.27941966108101574,0.35560836139435664
43,0.2771460824123431,0.3542653595972878
44,0.2746600464505105,0.353319962180114
45,0.2723604398517631,0.3522726817288834
46,0.27013282343294676,0.35105935772401736
47,0.2677505811870128,0.34914130327978815
48,0.26578141974580566,0.34798263178357236
49,0.2639478209279724,0.3460597901296635
50,0.261614187887039,0.34476952112482684
51,0.2597099717475972,0.3438496070951159
52,0.2577337470411884,0.34262818866403516
53,0.25598254615860655,0.341408785039186
54,0.2541724683114342,0.34086668789198105
55,0.25236902221984125,0.34006341782671956
56,0.2508553728139538,0.3391869582167662
57,0.24908093463868944,0.33805632196676566
58,0.24729567479117026,0.33734195695620395
59,0.2457786320787538,0.33711705800933145
60,0.2444702049115228,0.3366512638729668
61,0.2426541807251356,0.335791678103932
62,0.2410737639296396,0.3348223442229019
63,0.23943525567016374,0.33459361962912515
64,0.23795379947506357,0.3338317605172827
65,0.2364635247660103,0.3337922481481834
66,0.2349547341743171,0.3323800957675443
67,0.2336236536694968,0.3316131463406547
68,0.23222256553449386,0.33083453782949424
69,0.23085538903300867,0.33071521562588924
70,0.22924134823175976,0.33066006104279894
71,0.22806334420135177,0.3297117118542098
72,0.22658030561027007,0.3290116932439455
73,0.2250850962053958,0.32843585608913967
74,0.2235523609205346,0.328156225409585
75,0.2223752180946066,0.32799961074966544
76,0.22129276064338022,0.32757039704568935
77,0.21991270133311913,0.32704800049107713
78,0.2184029549540196,0.3265708459417369
79,0.21708620680866658,0.3262072246735533
80,0.21583756343756608,0.3257666816482458
81,0.21451905362920098,0.32578229659194075
82,0.21319130703149303,0.3256536407749598
83,0.21215283243583646,0.3252071305991179
84,0.21087859350931792,0.3250592055991585
85,0.2094356599041051,0.3243457910125718
86,0.20826097424848564,0.32399215574130624
87,0.20701954825746957,0.3233677204224481
88,0.20588309496539445,0.32310283388153843
89,0.20488304047330028,0.3228283690555589
90,0.2037536452586258,0.3230287843949947
91,0.2024269874939134,0.3228481014824218
92,0.20148895176014436,0.322620151413249
93,0.2003851601955269,0.3224292035631706
94,0.1993033592249204,0.3224310268694118
95,0.1983286960885955,0.32186721163554904
96,0.19736238784665774,0.32159399209286765
97,0.19623451142844217,0.32133591597380534
98,0.19522861453191026,0.3209343705189252
99,0.19415358106773933,0.3202891475435103
100,0.19326487907366022,0.31982505675021494
101,0.19237867586226,0.3195166590068638
102,0.19126891152693262,0.31941161625285686
103,0.1902514339374156,0.31923701476878164
104,0.18888126805889105,0.31914037361880715
105,0.18795029779396755,0.3188030259613262
106,0.18698029815316658,0.3179228578131954
107,0.1860177814709869,0.31729439285644256
108,0.18499485789315007,0.3169121976092497
109,0.18390820408006384,0.31668606458909776
110,0.18308349145401456,0.31621608788884664
111,0.18218141544100286,0.3159527337093059
112,0.18131683528178655,0.31569934850403336
113,0.18012599616184904,0.31620065916848245
114,0.17906591416752352,0.3157976868852508
115,0.1781246300414997,0.3150001814971659
116,0.1769450675642163,0.3147261380958607
117,0.17604236512166133,0.31468822406650926
118,0.17525654986089204,0.31437987090905556
119,0.17437635113688765,0.31453940824242227
120,0.17335012326346663,0.3137616231141744
121,0.17247704307004746,0.313709571030597
122,0.17176250672917553,0.31341841867517706
123,0.17115109334526246,0.31372230174125193
124,0.17043369722673854,0.3134646797578844
125,0.16950315738075408,0.31312167594253076
126,0.16871590921422858,0.3126293883325901
127,0.16778129367974218,0.312532447475462
128,0.16708706680679847,0.31228064275887313
129,0.16617891836505075,0.31219752223427794
130,0.16549100339441583,0.3122717790678987
131,0.16455569539299808,0.3120646402898818
132,0.1637108065685803,0.31152775213862677
133,0.16284345502480344,0.3114617527052461
134,0.16203500294731998,0.3119295278108571
135,0.16116119451495595,0.31230684330102704
136,0.16044163498105796,0.3122665721289404
137,0.1598328126592273,0.31231460874251965
138,0.15918766031860082,0.3124020954841932
139,0.15826987933350356,0.311643894003334
140,0.157513075048378,0.31125066208740393
141,0.15667459385885377,0.3113703601482276
142,0.1559999776291311,0.3112041628259641
143,0.15517973416478864,0.3113580269375293
144,0.15448618547532195,0.3109827993909236
145,0.15380153700118562,0.311646019168879
146,0.15307587950960708,0.3119524270382833
147,0.15235499586490203,0.3122930356734786
148,0.15130897913116895,0.3125876776744918
149,0.15040317884563573,0.31253158215875715
150,0.1497127391948584,0.31187726304330293
151,0.14904406142722387,0.3115497720347269
152,0.14846957727702842,0.31166492163267623
153,0.14778066134449802,0.3118072169553065
154,0.14728846821079153,0.3118164068179391
155,0.14669467207378095,0.31176173194576845
156,0.1460480199201635,0.31175949385107377
157,0.14538939101079623,0.3118625871854966
158,0.14484894977674087,0.31167232893326735
159,0.14380762826033708,0.31219588613546817
160,0.14314629754789107,0.31166408954310604
161,0.14229934480337408,0.31132706817306643
162,0.14163529334764272,0.3109869933848554
163,0.14108471723858182,0.3109221686037779
164,0.14030913451270838,0.3108325751858782
165,0.13972552752030568,0.31086405972243564
166,0.13908437382610697,0.310654927289407
167,0.13828185012829397,0.3098757468091518
168,0.13761886872316167,0.3095128516286602
169,0.1371182054925304,0.30962595079662203
170,0.1366269177756824,0.3095922179456043
171,0.13599562729583003,0.3091245867895442
172,0.1354452774433632,0.30882012450010426
173,0.1348201918169831,0.30872652932716255
174,0.13426646006015355,0.30864684075260906
175,0.13375094458763245,0.3091473963077772
176,0.13319893658644213,0.3090795048032124
177,0.132749594221524,0.3092607957295124
178,0.13217068156372205,0.30970055500174243
179,0.13148763525600762,0.3097603166331928
180,0.13065384268179175,0.30901520137477445
181,0.13011537346141608,0.3089878710982432
182,0.12945079577982138,0.3088815381052655
183,0.12904049470044934,0.308747944460361
184,0.12858530170945148,0.3092469185799415
185,0.12801493977592973,0.30920173482102686
186,0.12750618681461276,0.3089566128383857
187,0.12702491530319665,0.30939093288306035
188,0.12638072648384668,0.30962199885879704
189,0.12584451846116984,0.30951556822291487
190,0.12531023210767422,0.3093609374427944
191,0.12463897652573207,0.309325201520166
192,0.12411870346530006,0.3092935262388283
193,0.1235080224884097,0.3091617308093874
194,0.12301397493657025,0.3093200596527493
195,0.1222474507721947,0.30905967698169523
196,0.12178727526388895,0.3091128411988708
197,0.12135085332050811,0.3090631433863957
198,0.1207620864752976,0.30882607131667034
199,0.12024928476338893,0.30857997331252623
200,0.11974012881952135,0.3085643599308327
201,0.11904000332963247,0.3083648404481164
202,0.1185505502046206,0.3084595925033124
203,0.1180578274247721,0.3083526229284848
204,0.11753181028017202,0.3087462201634543
205,0.11705627794216508,0.30951756389491514
206,0.11656203364054572,0.31054216725241107
207,0.11594900945891624,0.3103140618589927
208,0.11540307329244344,0.310418750399384
209,0.11489845494781717,0.31036064167729294
210,0.11447281287632088,0.31006684657446343
211,0.11397617013629464,0.30984936621944076
212,0.11351819311048968,0.3102728465170364
213,0.11316108039693334,0.31055428246640104
214,0.11254503959184756,0.3109671995628491
215,0.11213761599984712,0.3109753068901539
216,0.1117171861534414,0.3109262146954338
217,0.11103925768977851,0.3103354299780655
218,0.11058667451966166,0.3102934963489571
219,0.11026878363868459,0.31030326803834213
220,0.10971912388960883,0.31059452852302816
221,0.10915287501718667,0.3108039788822708
222,0.10879292998365253,0.3107149947202564
223,0.10828420547518758,0.3103780725309422
224,0.10769897559472878,0.31025132140331324
225,0.10734421445196698,0.31037894300235414
226,0.10686506588854516,0.31091937910197165
227,0.10643556537363852,0.31100818811340764
228,0.10596839309591052,0.31095402285021373
229,0.10549320006352911,0.3109943416002269
230,0.10509036005497782,0.3114785592065736
231,0.10463250352109865,0.3116455602308638
232,0.10425663374565734,0.311823177539605
233,0.10378680863104153,0.3116479355292588
234,0.10335553866365253,0.31207688282930907
235,0.10295372610594258,0.3118345951674185
236,0.10253460867987339,0.31171619667255523
237,0.10196200700630309,0.3116891151496726
238,0.1015123435759836,0.31191793456569483
239,0.10116266104299466,0.31221733456814904
240,0.1006055614648135,0.3117275616973703
241,0.1001711966985838,0.31183480912906175
242,0.09959970116953634,0.31190883813649056
243,0.09912845113673842,0.3114438084003994
244,0.09874161560008668,0.31137615663004947
245,0.09828556713340053,0.3109017905638623
246,0.0979092744610626,0.31133393062014664
247,0.09752748234087859,0.310908638537477
248,0.09711742644905076,0.3113206154225507
249,0.09674055840444361,0.31167761435358265
250,0.09636276448958622,0.31156904726591395
251,0.09599387455419776,0.3116413312063337
252,0.09559713780244582,0.3116343720427995
253,0.09526044931476198,0.31196563697711915
