0,0.5745831384797789,0.5768917782555187
1,0.5476807148880616,0.5511730697280846
2,0.5253299438842428,0.5309849084421367
3,0.5057657281696077,0.5119052736611095
4,0.4890400093928513,0.4961779088429503
5,0.4756494017968479,0.48313232255704575
6,0.46233331920432835,0.4716009387113494
7,0.4513266538010356,0.4612940620337465
8,0.4407794583956743,0.4517552028069384
9,0.43169276867046025,0.44411677556377754
10,0.4231193381280856,0.43646884212873677
11,0.41486694263819796,0.4292976356856889
12,0.4078074530489544,0.42331220769659594
13,0.40055095675542424,0.4165755445720547
14,0.3941817370786839,0.41078841493498647
15,0.3874951279027471,0.405748522931466
16,0.3813920040574015,0.3998561949850853
17,0.3757542924353313,0.39463871356327246
18,0.37005326146858614,0.38995533425694223
19,0.364768661881181,0.38557182304724535
20,0.3601769139447319,0.3835442202133987
21,0.3552446248740883,0.37908376473215377
22,0.3508273965958792,0.37626525466995114
23,0.3462584781063061,0.37454771689440136
24,0.3420432619477941,0.3723357314545105
25,0.3377440239305669,0.3692949002911948
26,0.33363989897327956,0.36625947328736563
27,0.33029773255365424,0.36458681676078303
28,0.3265542104534522,0.3611293651140794
29,0.3231654957503327,0.35968420371977505
30,0.31999639097153537,0.357535169513975
31,0.3166463051812971,0.35445878251819984
32,0.3136012248306001,0.3525189750240713
33,0.3105327897177471,0.3508781668430218
34,0.30723613385269116,0.3489286488959298
35,0.3047300347769658,0.3468131934580413
36,0.3018455800678226,0.34561544092653124
37,0.29932710508747223,0.34380581050280173
38,0.2966708085451984,0.34224106122543163
39,0.2938656896871963,0.3414172668281608
40,0.2911388680588129,0.338861957809357
41,0.2886215622489265,0.33765795746352156
42,0.2862291987588608,0.33620133648341005
43,0.28407941773570167,0.3354430896593454
44,0.28166064762034476,0.3341338133802249
45,0.27939274304366407,0.3334166670069135
46,0.27766466371784865,0.3320959715424166
47,0.27563797751682423,0.33112742675804435
48,0.2736073041733475,0.32985921304814253
49,0.27189120857351046,0.32903263241638675
50,0.26994082286040516,0.32866008832082844
51,0.2681359920641116,0.32817927176055534
52,0.2661463575325963,0.3277330234752759
53,0.2643169677623576,0.3275852387190641
54,0.2625198282708187,0.3268688776605501
55,0.26082801145054135,0.3257059960914943
56,0.25899482274096125,0.3243565591609992
57,0.25723781264680834,0.32375495083479455
58,0.2551910428531315,0.32298140407987846
59,0.25345089371992785,0.3218970196080568
60,0.25199089745482384,0.32191189231885464
61,0.2505420701061474,0.3209684287920069
62,0.24911711360121225,0.3207165869146259
63,0.2474995388317896,0.3195627402800211
64,0.24623477258665027,0.31971007593751033
65,0.24452992458844672,0.31861396236268635
66,0.2429789813857087,0.31843628154812237
67,0.24141120340731553,0.31776418712869264
68,0.23993190863069377,0.3173160933311763
69,0.2384315200909709,0.3166401159704124
70,0.2370779511701553,0.316207840425823
71,0.23560159476977924,0.31589095457238453
72,0.23394623391095812,0.3154318001531253
73,0.23276297882459968,0.314436266048444
74,0.23126844251479217,0.3134849480336525
75,0.22994516164728585,0.31300597648877787
76,0.22855577307637828,0.3125659689561839
77,0.22705215520513833,0.31216475351475986
78,0.22545663777552744,0.31166336841352016
79,0.22428031531445058,0.31114589763739237
80,0.2229277828068707,0.31074167580852147
81,0.22142172901705437,0.30977113368554227
82,0.21995516388837696,0.3094731335629196
83,0.21861909409177055,0.30895983797993537
84,0.2173184769854728,0.30869223892309955
85,0.2161686945709152,0.30824914054413255
86,0.21473997886152763,0.3080500177955505
87,0.21366817059403154,0.3079949105284931
88,0.21243994046242437,0.30750050429153836
89,0.21144336267382705,0.30736135557963556
90,0.21023722999168812,0.3068383316939161
91,0.20915420748147204,0.3065175172426136
92,0.20776329008625474,0.3054856754421062
93,0.20654643657760383,0.30515144600463295
94,0.20547100370916316,0.30546259653857627
95,0.20439792352884492,0.3054735796849493
96,0.20335449362815164,0.30460273981225666
97,0.20234305117752382,0.304767382996302
98,0.2010604438736983,0.3042609213033361
99,0.20024196470719405,0.30382487027389476
100,0.19928091396008685,0.3037718054214079
101,0.1983780407865054,0.30400058111111694
102,0.19711893289933416,0.3034375682090811
103,0.19613091413034173,0.30274832744427865
104,0.19521278558778263,0.3023811989208641
105,0.19438822918503082,0.30228387217895253
106,0.19343668864079336,0.30207931971441443
107,0.19266549279201362,0.30186535035005346
108,0.19177730411723443,0.30194418157856445
109,0.19082253078139974,0.3011657433368569
110,0.1898322291628753,0.30048173581068005
111,0.18897936596975418,0.300282605355083
112,0.1881948179984887,0.3001275661789102
113,0.18728161572421365,0.29968950533523514
114,0.18605585750989773,0.2986579803310432
115,0.18534854005510812,0.2982636888709329
116,0.18422898116377887,0.29774103965392895
117,0.18350229776330323,0.2981921841794081
118,0.18266309809896303,0.29793702290475776
119,0.18177397300300283,0.29775370057963757
120,0.180744319612475,0.2971169625552981
121,0.1800548204591763,0.29789659913508476
122,0.1791304246286187,0.29736367201937375
123,0.17825816946048303,0.2972264721337772
124,0.1774615807694659,0.29706718351984046
125,0.17671238492421834,0.2968931194151467
126,0.1757954401942959,0.29663305328410766
127,0.17477375195276343,0.29598674643571765
128,0.17364460315314328,0.29595539759618134
129,0.1728634095842214,0.29568074545671436
130,0.17204818856298415,0.29597473656182594
131,0.171144123807583,0.2954617269176537
132,0.17037261605170623,0.2951405162325148
133,0.16934503402510917,0.2944534920911658
134,0.16866417245420476,0.29479141263363506
135,0.16801795908339054,0.29494310271031926
136,0.16734138733641624,0.2953107439020997
137,0.16650934566424413,0.2950740521673166
138,0.16582547600239309,0.2951822224173997
139,0.16495766682379667,0.29526861539022864
140,0.1642092786618205,0.2956921475656627
141,0.16336637536636872,0.296058227223092
142,0.16260620087735628,0.296586637617989
143,0.16184720484075638,0.29658916657452095
144,0.16105316061403183,0.2964549952371893
145,0.16018965989652192,0.2962017202998411
146,0.1593637467207264,0.2966284263635398
147,0.158677525577752,0.29653552186204674
148,0.15776391292700356,0.2960728334212999
149,0.1571859698825339,0.29586667741431955
150,0.15635365086907738,0.29544250331895006
151,0.15573535874707956,0.29495530237298845
152,0.1550872281384483,0.2946730430443919
153,0.15448470087426827,0.2948703580982047
154,0.1538119736187187,0.2944170778500186
155,0.1532611483286521,0.294174130527526
156,0.1526357139837174,0.2938695794638272
157,0.15186145053509992,0.2936119988843407
158,0.15130625961108124,0.2935607428663071
159,0.15057003461127696,0.29312856919852814
160,0.1499717924025949,0.29308376055455176
161,0.14932532318462927,0.2929713461135529
162,0.1485803247288618,0.29297167421145615
163,0.14779545360138838,0.29291990725330586
164,0.1472926708522316,0.2933038137470619
165,0.14669940564247141,0.29362108701568024
166,0.1459977922985967,0.2936472827588515
167,0.1454469910169107,0.2936836972613715
168,0.14468471818318682,0.29316301117837895
169,0.14407482997884996,0.2930751477118238
170,0.14339860687612058,0.29287397023251827
171,0.1428157453108158,0.29310964073592805
172,0.14232398740575253,0.2930887956698381
173,0.14155095498552242,0.29291776695922517
174,0.14092195470044416,0.2930303587983697
175,0.14039695015087292,0.2933806395407666
176,0.13987378986207122,0.29331494217402465
177,0.1393097312020253,0.2933684564887695
178,0.1387798156467077,0.29323483104216214
179,0.13825237893088577,0.29325578190198764
180,0.13759284461106366,0.2933325420495848
181,0.1368787839130517,0.2931359691277635
182,0.136310490786993,0.2922709482367498
183,0.13572787993157992,0.2923992671312451
184,0.1349423007956053,0.29182317283771875
185,0.13443243814402783,0.29180599761712156
186,0.13371980702865563,0.29121241153977523
187,0.13319292245710476,0.29153721924611375
188,0.13248358790989528,0.2913291019946452
189,0.13203722520563796,0.2914533042395644
190,0.1315659205221854,0.2913360417037988
191,0.13109324222875832,0.2918398821571389
192,0.1303895402152218,0.2917940925930717
193,0.12996486615345623,0.291891317551644
194,0.12931204729733498,0.2914930515838295
195,0.12873355188825658,0.29116459099078884
196,0.1282512389030022,0.29145746091993624
197,0.12765276897658143,0.29134371143124205
198,0.1271510964141471,0.2918192388725834
199,0.12666309168351178,0.2917485465504062
200,0.1261460178833459,0.29207901987943846
201,0.12575152466752595,0.2917097573871201
202,0.12511221274681442,0.2919214141719754
203,0.12471500854418083,0.2922283484821126
204,0.12427981313623179,0.2925884742698754
205,0.12374284004409071,0.2928615330323466
206,0.12315958595147748,0.2926142582785239
207,0.1226994707421883,0.29313109495469414
208,0.12220408418303158,0.2929452339606164
209,0.12167747444782649,0.293005306494088
210,0.12112967174184058,0.2928209032506831
211,0.12050528581895255,0.29195283574600955
212,0.12000248433280354,0.292078952345464
213,0.11954413127966529,0.29196724811418023
214,0.11914861682856683,0.29238470838221126
215,0.1187597710755899,0.2923781534740529
216,0.11834463846321891,0.29247767213634773
217,0.11787412285655809,0.2925152366228606
218,0.11742070783053876,0.29258717280390106
219,0.117010265281908,0.29262742504972516
220,0.11640125812452665,0.2922239813050897
221,0.1159575005216901,0.29206821730906873
222,0.11554867218496728,0.2919810157512127
223,0.11514131622765152,0.29196401620886614
224,0.11476966815587057,0.29228911317895634
225,0.1143945275497253,0.29178587653927823
226,0.11395912349695043,0.29178719448411894
227,0.11356686934149468,0.2920423033463044
228,0.11315127152870284,0.2920168749225405
229,0.11272756107632192,0.29201650355593123
230,0.11221670582472763,0.29207906671452183
231,0.11176232404611784,0.2917972775801576
232,0.11127281681268056,0.29218362440456885
233,0.1108452759198308,0.2918735924465669
234,0.11044919372293158,0.2915540765856312
235,0.1100041105762353,0.2913178122591474
236,0.10959117878978432,0.29120802377045524
237,0.1091306343162871,0.29106819352642
238,0.10866608339625158,0.29090682932380213
239,0.10830834038609824,0.2908043693178788
240,0.10783308870869225,0.2908992301868704
241,0.10749146336532438,0.29064753517754593
242,0.10720381440140661,0.2909043643828847
243,0.10676203523261407,0.2911160319599012
244,0.10645830254543166,0.2911419653618224
245,0.10607312929813469,0.29123415694611227
246,0.10557405537446295,0.2915417459135731
247,0.1050228790810942,0.2912671005077753
248,0.10465802961659793,0.29145677899950645
249,0.1042501208016121,0.2916991200443397
250,0.10387128375525292,0.2920320556870415
251,0.10344346741854853,0.29239260253153465
252,0.1030937082684509,0.29258592002542133
253,0.102588323625795,0.29230729018638546
254,0.10219681561057783,0.29233631567124546
255,0.10179276890383988,0.2922910410711212
256,0.10137204430753058,0.2922809261256566
257,0.10100708411051221,0.29192079569898605
258,0.10058662208870536,0.29188609058808307
259,0.1001913316633723,0.2920037866913892
260,0.09968557937251031,0.29237966664823
261,0.09934569446056397,0.29229650387929856
262,0.09896779610776364,0.2923015337083526
263,0.09859323059752202,0.2922269521522435
264,0.09829809182426495,0.2923615568402431
265,0.09797654892219079,0.29265435164218023
266,0.09764226244248052,0.29299462732410675
267,0.09735773589242624,0.29307951018811473
268,0.09707884436357182,0.2932842626002206
269,0.09675610329356346,0.29284503283913554
270,0.09638408095120996,0.29338949306645445
271,0.09609918328259819,0.2940410734165924
272,0.09564218279149235,0.2946074469484431
273,0.095169426593215,0.29445616821353304
274,0.09482563154836407,0.2949519848438745
275,0.09445118703936137,0.29513720993508424
276,0.09414323949663252,0.29535687901906527
277,0.09380993325935665,0.29521433851205103
278,0.09340474032844043,0.29533242942315246
279,0.09310489341173049,0.29539815731325225
280,0.09279924237058508,0.29550624621452276
281,0.09248135763900926,0.29539178836182045
282,0.09219177659111094,0.295546862404935
283,0.09189122996031042,0.2955937034923308
284,0.09155672862341695,0.29581161899071123
285,0.09124212574229061,0.2955572595898538
286,0.09091634315423978,0.295797814485943
287,0.09054969790754192,0.2955828920516813
288,0.0901158652846198,0.2958641821941941
289,0.08985778987335624,0.2955198853561158
290,0.08960982309739723,0.29552771714795184
291,0.0892657336739755,0.295427698846529
