0,0.5672855628364534,0.5723001953588523
1,0.5350092525028048,0.5453711963128881
2,0.5096145979338608,0.5244726806033961
3,0.4871206877035139,0.5052518540065158
4,0.468138857193047,0.4904125104180337
5,0.4511493318377317,0.4757687309611537
6,0.4356061926117189,0.4634841622644274
7,0.4206503799343498,0.45152046783123156
8,0.4071741230226942,0.44264249653942966
9,0.3951909553891207,0.43413021294140924
10,0.3841689900403837,0.42673622023477203
11,0.3740006648029765,0.4185776033805352
12,0.36420738748584663,0.4112661557168924
13,0.3540704447254237,0.40607047001245006
14,0.34433014144034946,0.39909603276041733
15,0.33568195047481747,0.3942990620187268
16,0.3276293552718817,0.38951258708271846
17,0.31952618924437104,0.38535265183891443
18,0.31253360330675245,0.38149015453237567
19,0.3057054586494813,0.3780995238333727
20,0.29844203121113905,0.37490336654762424
21,0.2920691942912806,0.3703191728230263
22,0.2862706993132427,0.36792404369139287
23,0.2801280789635898,0.3644667317052336
24,0.2743320278784188,0.3613371702889864
25,0.26852619477669004,0.3572296463246162
26,0.26329780595689545,0.35436668427410317
27,0.2577658391487769,0.3512652999813669
28,0.25255371353341394,0.3480535243675203
29,0.24775598590617584,0.3446731925826876
30,0.24232102729550842,0.3412628018196867
31,0.23755952628558785,0.3392629730522237
32,0.23298220215021856,0.33638750163479547
33,0.2287845624077144,0.33452665285112204
34,0.224155093250667,0.33306687668953733
35,0.21979192834622413,0.3316446842667605
36,0.21610367492662852,0.33065858047307695
37,0.21209190340797923,0.32954254041611725
38,0.20814856636670984,0.32824534983917236
39,0.2041754424941412,0.32770698782099295
40,0.20027993081854575,0.3272574743652159
41,0.19698220639200476,0.3272686320175479
42,0.19330987043309666,0.32700287543342865
43,0.1901099878571694,0.3269057679441635
44,0.1868192972837064,0.3249648752046459
45,0.18355903819037628,0.323674346364134
46,0.18075449041634495,0.32159679434970434
47,0.17742300192560337,0.3203575475450907
48,0.17430415302996746,0.31948702202372636
49,0.17152390904015405,0.3180945653449662
50,0.16856767910726056,0.31697085933687646
51,0.16602046059028247,0.31705568620564617
52,0.16331130565134197,0.31725867908820454
53,0.1603829861816475,0.3170246108051119
54,0.1576631134557702,0.31575276147713466
55,0.15517477846627126,0.3150995338632558
56,0.152529792300368,0.31414621774763474
57,0.15011072010093188,0.3130592197987169
58,0.1479830426449146,0.3135600642508547
59,0.14573068299059563,0.31369674336334014
60,0.14327326070075042,0.3135644512153392
61,0.14118586176550924,0.31224470626733897
62,0.1391725857431842,0.31202190184567474
63,0.1371617764173138,0.31160576431247
64,0.1349811822591716,0.31100898962519286
65,0.1328993715605274,0.31095520759060524
66,0.13093264293835902,0.31124583934726224
67,0.12899384785554116,0.31145510448846303
68,0.12699417161471802,0.3124521372270371
69,0.12516496893018167,0.3118994768083948
70,0.12327795682330361,0.3123500606630888
71,0.12154072431626897,0.3117742572458821
72,0.11994712104793506,0.3116786932365701
73,0.1182254923071684,0.3109708994176497
74,0.11658105182476,0.31046394479758593
75,0.11497281524418394,0.3103627602708964
76,0.11343552211984873,0.31032063366823265
77,0.11198288517208368,0.3102317747434481
78,0.11049845276688901,0.3101791661936645
79,0.10907812371590665,0.3097278136828072
80,0.10759206503148311,0.310534333450092
81,0.10614630033092178,0.31050372225463924
82,0.10472728387948291,0.3114321923421098
83,0.10326067530795342,0.31193927114306125
84,0.10193083871669623,0.31153269365294883
85,0.1005616823072124,0.3125786355305921
86,0.09929418591164176,0.31322522409556836
87,0.09798439809680741,0.31280564312573583
88,0.0966114604982791,0.31345953233391816
89,0.09542475568283072,0.31323842190118806
90,0.09415583597536613,0.31309487657917506
91,0.09293709315823437,0.313986919423656
92,0.09171839650744674,0.3140746547860112
93,0.0905635222277695,0.31447107362123905
94,0.08937705727917741,0.3147192303213257
95,0.08821515542321487,0.3136955805327558
96,0.08699839096980624,0.314766011258404
97,0.08595109673777127,0.31458266995393785
98,0.08479506058360291,0.3144032278475503
99,0.08377873357702971,0.3139303781747824
100,0.08274831378355163,0.31461505632611936
101,0.08163863255454724,0.3145905941844232
102,0.08071210581233483,0.3148543826349167
103,0.07983202414041421,0.315046904913251
104,0.07882852804275835,0.31521318031414286
105,0.07790344025913425,0.31536389099526746
106,0.0769041677989196,0.31553427703403913
107,0.07593812474590789,0.316094643037542
108,0.07496519495291891,0.3157345346789622
109,0.07399371608715552,0.3159684233451645
110,0.0731972924159544,0.31687060890705193
111,0.0722512992030262,0.3169226737873614
112,0.07136838513649278,0.3170585653567611
113,0.07057912925374363,0.3167562211120912
114,0.06974823993652726,0.3169722523184657
115,0.06900488309120748,0.31750616903836354
116,0.06823468850499226,0.3175935811925632
117,0.06751033056407772,0.3178061450090332
118,0.0667279201414741,0.3177522625470305
119,0.06600063923784175,0.3186357809718219
120,0.06524223029823271,0.3190314089042472
121,0.06451452215688952,0.3200472088052852
122,0.06374282702005683,0.32014263680367205
123,0.0630074102097397,0.32092623574117973
124,0.06229661865862854,0.321284071255256
125,0.06156931887391444,0.3213916021917355
126,0.06089372999977557,0.3218850122629967
127,0.060177515900581804,0.32161363232775997
128,0.05951959943376481,0.32248745338036666
129,0.05883850734580657,0.322842822375488
