0,0.5679916084913563,0.5730116161311816
1,0.5360226849031423,0.5423998182471788
2,0.5094745673417742,0.5188968531451938
3,0.48732369598027153,0.49963166646463775
4,0.46816271042586205,0.48303347770502436
5,0.45015924222986015,0.4686557648542037
6,0.43450977906475763,0.4573399602998698
7,0.42102165954154874,0.44612251128168345
8,0.4075983124455097,0.4351370176963014
9,0.39544491827833383,0.424574942904628
10,0.3840428645355035,0.4150090480670234
11,0.374003781866491,0.4068601910381054
12,0.36483684601063154,0.3993555235470136
13,0.3568290539705309,0.3918209967287972
14,0.34921198581651425,0.38577398240949884
15,0.3410743687307747,0.37905858262300224
16,0.3328039013686265,0.37225031772520295
17,0.3249338157120899,0.3679761303086949
18,0.3169127872079614,0.36296244624319435
19,0.30964374595628197,0.3578860122767077
20,0.3028187958154727,0.3529377205262404
21,0.29648768400996395,0.34911963396612933
22,0.28997708256358085,0.3436284719731588
23,0.2836405410972371,0.3398562236592321
24,0.2781928108505909,0.3379696698669175
25,0.2726105991445831,0.3335988018549315
26,0.26700201288586506,0.330070497197026
27,0.26141279637999354,0.3264596665741819
28,0.2563918165523776,0.32345473691947824
29,0.2519591028637004,0.32116568262978207
30,0.2468525958438061,0.3194615723780005
31,0.24188907519390856,0.3162534434697863
32,0.23735102612807688,0.31502919897473924
33,0.23311406703953932,0.3120673167856256
34,0.22878630623799123,0.3087587158867819
35,0.22501876880854185,0.30706530822874956
36,0.22133843218251464,0.3053912963054037
37,0.21727653494595842,0.30205903929084227
38,0.21291893705939194,0.30118189222397584
39,0.20936297120437197,0.29997258097567414
40,0.20610091766410815,0.29910670080027435
41,0.20251512379364903,0.2981570976523209
42,0.19924994909278598,0.29713737869232437
43,0.19577515500390102,0.29559914517511116
44,0.19238520902407355,0.2936320898447053
45,0.18901802736749287,0.29135473690616837
46,0.18604963928190318,0.29106129002058423
47,0.1832850234616995,0.29075604213155476
48,0.1802616532413268,0.2895088982538159
49,0.17747982846664856,0.28852558158143
50,0.17405777438681572,0.2876063121530425
51,0.17117494553412185,0.28671918847926936
52,0.1688730539426047,0.2866839663214299
53,0.16619336543505087,0.2859893135275686
54,0.16357010146384662,0.28404397028300415
55,0.1612995408242626,0.2839191033183443
56,0.1588256674687937,0.283561431675194
57,0.15663563113590764,0.2835589185783592
58,0.15423150049167367,0.2837188564421466
59,0.1519361208120895,0.28256694036323127
60,0.14960886756976222,0.28271882388922126
61,0.1475620847955023,0.28179494805152056
62,0.14551471655863377,0.2822255407073035
63,0.14343681852697035,0.2815079879969506
64,0.14146557649191888,0.2805578129489354
65,0.1393414751175657,0.28044211873833635
66,0.13745319870653835,0.2796913883702185
67,0.13553629655132354,0.2797066760827395
68,0.13388467004703747,0.2794741144430121
69,0.13195646722666693,0.2800199764865557
70,0.1302961990683678,0.2801624239516423
71,0.12858932553684066,0.28045763932773304
72,0.12687508102243114,0.28056658163969445
73,0.1251761467473968,0.28087815300848723
74,0.12348984002968823,0.2815109940335238
75,0.12206904285518043,0.281216540532711
76,0.1204291747436167,0.28139180133010266
77,0.11888320132282873,0.2812162952841178
78,0.11726891517172619,0.2816036319793086
79,0.11584535699418362,0.2813822827640463
80,0.11433636523195492,0.28069853518495097
81,0.11299124315305092,0.2804329842668967
82,0.11158153158629246,0.2810488887766346
83,0.11016408217334812,0.28099713583399316
84,0.10881933195485316,0.28164531763673156
85,0.10745129176136575,0.28128728767810024
86,0.1061455622571153,0.28103325472871366
87,0.10487358782975628,0.28082339107008614
88,0.10351011485069189,0.27994129005334095
89,0.1022659301292099,0.27970576215821624
90,0.10098902053165698,0.2794982105446195
91,0.09963690835499105,0.2788432361611093
92,0.09826802230538739,0.27870467506010244
93,0.09712001232511171,0.27916098921852994
94,0.09582688691478422,0.2798005205420853
95,0.09461029565191814,0.27988560015176284
96,0.09347068696101805,0.2800938465910792
97,0.09234137338806479,0.28034415844658545
98,0.09124125170786158,0.27975747509527904
99,0.09011689315737945,0.27964323061604623
100,0.08899578933167308,0.2793174368459545
101,0.0879067656635191,0.2801437256958045
102,0.08699773214344181,0.280367638473797
103,0.08612935030735841,0.2803046300368994
104,0.08515761279527023,0.28042798634326654
105,0.08422980675465076,0.2795591259967979
106,0.08325256463848045,0.27943794984064324
107,0.0823463357236043,0.27885691492945863
108,0.08145860783556792,0.27842098293788664
109,0.08051182400579893,0.2785814679792623
110,0.07950780263143432,0.2784125196332453
111,0.07865708661377319,0.2789922489874429
112,0.07770190481003779,0.27873097791288337
113,0.0769006918169693,0.2782670841549787
114,0.07593246869139393,0.278498060958052
115,0.07505181235223217,0.27886681547873315
116,0.07421464777629404,0.2784451759398392
117,0.07336596358928478,0.2781433415073999
118,0.07254507712224924,0.27779088542365094
119,0.07180356491923634,0.27756051020115835
120,0.07106485877010664,0.27753991052613
121,0.07037096938302206,0.27705320845601406
122,0.06961459291248301,0.27689215478177454
123,0.06880932782951832,0.2773255518667118
124,0.06814039155119106,0.27778843284386995
125,0.06742222087223088,0.2779619048908952
126,0.06677773100770992,0.2786884739304301
127,0.06607788157397536,0.2789396398218558
128,0.06543875157656297,0.27919310629310873
129,0.06472959926692674,0.2788667781388558
130,0.0640079989600495,0.27933033271032925
131,0.06332548431827222,0.2794069539275865
132,0.0626121212164568,0.2799146305503322
133,0.06200866095668876,0.28025149074839084
134,0.06142978272440762,0.280388486894102
135,0.06081629427178407,0.28145933544598073
136,0.06011202236457344,0.2823162250569877
137,0.059614073199451306,0.2826625812579161
138,0.05899657102835338,0.2834249961793638
139,0.058448032734515584,0.28369941687506495
140,0.057845405465625756,0.28369863391600664
141,0.05726972413749415,0.2835675472293195
142,0.056757298844471345,0.2840866632696752
143,0.05617220140367612,0.28458606984184415
144,0.055663311527680906,0.285202541627206
145,0.05509784654033548,0.2858859074907654
146,0.05462116625011436,0.28635538252595266
147,0.05412242335400945,0.2866470468452214
148,0.05358718491434104,0.28726680905623353
149,0.053113898885451344,0.28789099774120197
150,0.05261647928258881,0.28835775459828533
151,0.05206662778347857,0.2886365168882858
152,0.05159466450437176,0.28950460479834206
153,0.0511146724841803,0.28859544424409284
154,0.05067073578196329,0.2884460953928019
155,0.05018775745147476,0.2888921006081847
156,0.049728931522744525,0.2889397755375554
157,0.04922682916743332,0.28930911994090835
158,0.04872842690138255,0.2890003699536991
159,0.04828159362245194,0.28930888017396905
160,0.04787590323731587,0.28974756817786596
161,0.04744570027112094,0.29065380436843696
162,0.04699677545018049,0.29085795405413395
163,0.0465390634264209,0.2910640005666349
164,0.04621461870290578,0.2912897937615719
165,0.045842968526391956,0.29174629645398803
166,0.04545911018329813,0.2918524026803936
167,0.045029967784290206,0.2921913083691791
168,0.0446629840151827,0.29234851662821315
169,0.04424911762855155,0.2931805463362477
170,0.04387629978991364,0.2938804652925978
171,0.043506274648900445,0.29424699070111593
172,0.0431076810545155,0.2945194208679436
