0,0.62342751088373,0.6244146084659314
1,0.5988082153600568,0.599449081174911
2,0.5800565447870949,0.5824506272714605
3,0.5644341083775111,0.5662131355080025
4,0.5501164982910514,0.5535567669168351
5,0.5399817699531042,0.5431391452197676
6,0.5296759394452323,0.533961829070061
7,0.5207579951796357,0.525316661958972
8,0.5131756362030735,0.5174026162930266
9,0.5045493270662351,0.507684521613613
10,0.49657551201954325,0.5004766103136477
11,0.4905866020030281,0.49594016339255387
12,0.4843577126761698,0.4899800154976744
13,0.48035060538345237,0.4853080630460113
14,0.47607304060331546,0.482748186351761
15,0.47170647153489087,0.47737680554941847
16,0.46848776727426505,0.4741934485851772
17,0.46434879988081457,0.47004059162089434
18,0.4608855929440301,0.4656857714175232
19,0.4572083541668605,0.46372651947790355
20,0.4545053045302787,0.46142180207624006
21,0.44957844800676117,0.4563758188809352
22,0.44617913599100445,0.45269202323502333
23,0.4439863487831996,0.45040794677598767
24,0.44188305992538596,0.4493178734427722
25,0.4395586087331018,0.4478697183211802
26,0.4371482262079728,0.44612449535695964
27,0.43491764626629165,0.4438190388301062
28,0.43253559552834037,0.4423996000161404
29,0.43044540666419834,0.4399924030024854
30,0.42828961239288904,0.4395301861067613
31,0.4267714908833854,0.4387837102567708
32,0.42500017422800745,0.437555769044492
33,0.42289632600958577,0.43688873026579145
34,0.4213062519878031,0.4357815014858725
35,0.41900059284866803,0.4332148739131828
36,0.4175675410942724,0.4318512740569613
37,0.41594373696950315,0.43074956510472234
38,0.4140051193200603,0.4298847429079827
39,0.41190020943968214,0.428957687576533
40,0.4107346626694647,0.42706194557249544
41,0.40896188547804235,0.426014555584659
42,0.4075025725559908,0.42573116919094767
43,0.4060540802958451,0.42453702950071565
44,0.40445265303740974,0.423345818382407
45,0.4031025097825039,0.4228458706486635
46,0.40186274175588277,0.4223823104240986
47,0.4005216210009924,0.4207099818235273
48,0.39920119474588817,0.419033910399155
49,0.39791713930847594,0.4176598290888169
50,0.3967353351902508,0.41690974675966475
51,0.3950843819080858,0.41712180984418384
52,0.3940543340426529,0.41575592101783193
53,0.39318038113159276,0.4153084856167278
54,0.3922224931015749,0.41425830756250037
55,0.3909883135838639,0.41374819925321
56,0.3899156437058545,0.41352433035219155
57,0.3884526236870289,0.4122045219171221
58,0.3871466930612063,0.41119376390226303
59,0.3859107286977458,0.41020650115140056
60,0.384699135228704,0.4104822118968639
61,0.3838257015604983,0.4099411992829234
62,0.3830446737412812,0.4094074233272482
63,0.38202004513472426,0.4072502628954315
64,0.3811950823676085,0.4072384723334046
65,0.38008922139447515,0.40675907698336733
66,0.37904674267698074,0.4049891465180923
67,0.37755342706842016,0.40375194392221236
68,0.37660170725537423,0.4036313757162403
69,0.3759249845898935,0.4031189089522712
70,0.3748786236997792,0.40374871386638866
71,0.3741190263169107,0.40295942203737994
72,0.3731308781798342,0.4017102545013937
73,0.371988382637422,0.4022832977516508
74,0.3711256138252116,0.4009694488393882
75,0.37029265560370717,0.40206256525778267
76,0.36937063443068374,0.4023511548945434
77,0.36834721035881746,0.40124279440395416
78,0.3674100771092024,0.3998692280489695
79,0.36670842208448173,0.3987741790697097
80,0.36595584042889634,0.3970470790756206
81,0.36540634010797346,0.3960436713605843
82,0.3647407370839262,0.3954182354142032
83,0.36372374873962765,0.3945420964827968
84,0.3631263146718155,0.3935598432209599
85,0.36243013274079644,0.3930035648606323
86,0.36167546308731824,0.3923113779086009
87,0.36100474488724565,0.3912132551666921
88,0.36022942134114694,0.39149414897802726
89,0.3594737391866966,0.3912886704199962
90,0.35845830043874793,0.39106437660428506
91,0.3575858714897776,0.3907670401987772
92,0.356866071916143,0.390277438977408
93,0.3558503262180319,0.3901839346743174
94,0.35504350103361604,0.38976254053857357
95,0.3545010351632765,0.38980463394481274
96,0.3538831761944891,0.38936224958253285
97,0.3531684865712348,0.38971217806258845
98,0.35239471616107776,0.390143943454814
99,0.35189748963306167,0.38980999253936627
100,0.3511223351222563,0.38918256290631476
101,0.3506550527119666,0.3879922917117636
102,0.350031627382961,0.38806799085781213
103,0.3492602866649259,0.3877664067738113
104,0.34896178709059544,0.3873659452186927
105,0.3484281026098649,0.3877670999059562
106,0.3477305559058483,0.38745503443436174
107,0.34722054337646546,0.3862354620458391
108,0.3465575640532582,0.3865696562794111
109,0.3461021256778807,0.3861598499952052
110,0.3454772052088069,0.3854998903280055
111,0.34489807474646467,0.38622736348006775
112,0.34431318835078206,0.3870048465951292
113,0.34388307942853785,0.3866676181914511
114,0.3431186792535469,0.38628969017031883
115,0.34231502018618126,0.38546935470784627
116,0.34182708202850176,0.38473567097502015
117,0.34123334102080316,0.38535656065448487
118,0.34057479840611016,0.38495210011603026
119,0.3399196268178313,0.3850530039592986
120,0.33919353738484265,0.38546457142968266
121,0.33872559246633954,0.3858664978674992
122,0.3382284785032639,0.38539918173577575
123,0.3375905938039191,0.3858341317128627
124,0.33729431024858636,0.38534696512909794
125,0.33682212817016743,0.38450991950495533
126,0.3362676174412865,0.3833709652089667
127,0.3358563371447538,0.383084824725138
128,0.3353119179286234,0.3832639782379071
129,0.33447431333700983,0.3833884186296177
130,0.3340125811967042,0.3837055241987208
131,0.33344398481687915,0.38389394414000133
132,0.33306569400585323,0.38462729803360407
133,0.3327204532413443,0.38447910878147
134,0.33240806172864246,0.3840783657148855
135,0.33207949368114803,0.384204044005533
136,0.33168260173379377,0.3838880645153088
137,0.3313123065275366,0.38352891878402307
138,0.3307670583824448,0.3837838563720681
139,0.3300914159675309,0.3839399673507879
140,0.3295639656475144,0.38317174059240316
141,0.3290509379865852,0.38225330475732566
142,0.3286272563831167,0.3825202103810158
143,0.3280752485191098,0.38283908594123744
144,0.3274546565849656,0.3822229382271568
145,0.3268015838788584,0.38144481264734786
146,0.3264233807966223,0.38172232647076565
147,0.32565239391397455,0.38191914894450557
148,0.3253095365573291,0.38162949847663563
149,0.3248809381120102,0.38128509639550456
150,0.3245814499112627,0.38098862262137195
151,0.3238863556863751,0.3813949460237627
152,0.3234076738548534,0.3813040589041535
153,0.3231801889913947,0.3814118698672958
154,0.3228167905995842,0.38114617419793767
155,0.3223858443646909,0.380881928088311
156,0.32184365132147247,0.3800424279068552
157,0.32128802423143166,0.3806745006091814
158,0.32091627197992845,0.3803703123718382
159,0.320454470874497,0.38004331021106474
160,0.32017493341474973,0.3793712304395047
161,0.3198187044829309,0.37894777528641044
162,0.3194183129900929,0.3791771854338034
163,0.31902692866127447,0.3790540653576572
164,0.31853327120945446,0.3784633072657343
165,0.31819939697786465,0.378302081282837
166,0.31779552759282337,0.37895229679246545
167,0.3173688415300232,0.377958544192678
168,0.31693229965867337,0.37722064973342984
169,0.31666206721391554,0.37738122197986634
170,0.31629463344556796,0.37718311714836295
171,0.3161007293614637,0.3768524618230504
172,0.31567324479218833,0.37671882770659904
173,0.31513329529416123,0.3758135474774809
174,0.31477831544195317,0.3747196125504733
175,0.31456885969137205,0.3749888073505154
176,0.31418950342055507,0.37467353886151045
177,0.31392826003449636,0.37454019587280024
178,0.3138217595553857,0.3745180883531079
179,0.31349541601034797,0.3746037701773088
180,0.3131314726762932,0.3745647631864009
181,0.31260937952631435,0.37476219655256027
182,0.31236964728004923,0.3750430954731114
183,0.31195339150606194,0.37466342713974576
184,0.31173643918495564,0.3747493291865029
185,0.3114837637351987,0.3744820693155465
186,0.311212272007784,0.37479867089672814
187,0.31090522340993443,0.3744047866284197
188,0.3105973881369013,0.3750398629128184
189,0.31042936261715987,0.37506456757604917
190,0.3101528293110618,0.3752522881948463
191,0.3097135425890399,0.3747415881093946
192,0.3093864949002673,0.3740786915238474
193,0.3091201349750718,0.37424389334104796
194,0.30875010017758353,0.37463369347529596
195,0.3084554958299561,0.373236072178999
196,0.3080595138509023,0.3726535346410755
197,0.30770068200483913,0.3725792094151041
198,0.30722692948357494,0.37356409304849214
199,0.30688441820814566,0.3733163794325221
200,0.30648294199613363,0.3727433741750521
201,0.30617679417706545,0.3732906555308512
202,0.3059270527036235,0.3736229911747157
203,0.30541448908874985,0.37412156839189786
204,0.3052070124847514,0.3734734605916495
205,0.3047139882987789,0.373124604808689
206,0.30456906565712755,0.3728831186932487
207,0.3042973630022244,0.3720614532119639
208,0.30387513393127774,0.3723957738060524
209,0.3037092007821412,0.3727660994077466
210,0.30337667658187434,0.3727907950718882
211,0.30289277188643204,0.37205361325722486
212,0.3026410600856371,0.37101490124739783
213,0.302501971609653,0.37153668543792
214,0.3022912758359209,0.3716608532445712
215,0.30189767794402506,0.3714909237496575
216,0.30152499400030397,0.371306351488259
217,0.3012814419629568,0.37104727051383446
218,0.30100776108057975,0.37076265654359114
219,0.30077210311728914,0.37079756570408345
220,0.30026669134563705,0.37085564835563734
221,0.2997539101522497,0.3709838324056436
222,0.2995919625064834,0.370847649695401
223,0.29944003390465285,0.3708517607643944
224,0.29921446250190825,0.370535147702075
225,0.2988755988593897,0.37057851662208874
226,0.29847063016720254,0.3693173246253676
227,0.29830147712405924,0.36914200076843223
228,0.29799951935697316,0.36970193573869964
229,0.2977268710655793,0.36913006474761656
230,0.2973916419253753,0.3694129587148646
231,0.2971062441244495,0.3693851356392125
232,0.2967989109585445,0.3698028220671904
233,0.29667597419089325,0.36977342198647206
234,0.2963498732683384,0.3696519734862719
235,0.29609368674964204,0.36986150755152775
236,0.29587653026008887,0.370006492204974
237,0.2957540041186584,0.3700449397366139
238,0.2955783059367116,0.37069123979046864
239,0.29519722762011974,0.37051043001190814
240,0.29500296955953925,0.370523301972983
241,0.29470237752123163,0.37168119124866156
242,0.29450134472077544,0.37179512769703277
243,0.29426290490369195,0.3716895654309718
244,0.29387714901713097,0.37147975398114236
245,0.29360956216661577,0.37199583216348575
246,0.2933196544153867,0.3714752347013918
247,0.2930284589530268,0.37122153289118415
248,0.29271683216882066,0.37095405814267457
249,0.29252058522673385,0.37101928266652284
250,0.2922847866010003,0.37075110547757023
251,0.2920707347042611,0.3707168357333454
252,0.29184616070455355,0.3707849091988195
253,0.29159649058616643,0.3710692358346134
254,0.2912908066699112,0.37076489173994454
255,0.29108087810231537,0.3707304000105492
256,0.29083684503738144,0.37062902825086247
257,0.29057082214820235,0.37023851069863195
258,0.2902609265036721,0.37021603991854046
259,0.2900717345737787,0.36928912868289643
260,0.2897557151205685,0.3694201301559116
261,0.28951693478076207,0.3691316981841785
262,0.2891922560494012,0.36922655630432977
263,0.28901429110279026,0.3688207134651267
264,0.2886771781703046,0.3685514094652953
265,0.28844195329705397,0.36906214644713575
266,0.288188473987809,0.36844872920404353
267,0.28798579069752916,0.3689655676336279
268,0.2878197251539911,0.368700839575656
269,0.28751038807346685,0.3681408887189473
270,0.28726161893152724,0.3680605582358247
271,0.28702783123914316,0.3685296848458213
272,0.2869212047326015,0.3690982536543358
273,0.28677716144602045,0.36947506839365124
274,0.28649574936954325,0.36866783611180765
275,0.286268417453605,0.3684763542521824
276,0.2859948208623201,0.3686019318525694
277,0.28571769781552214,0.36822721488212073
278,0.28548029979727707,0.36764454641108396
279,0.2853861480614,0.367634502407804
280,0.2852363556324237,0.36757728026603304
281,0.2851102659572925,0.3680281387982033
282,0.2849209274930277,0.3671829924132754
283,0.2846984575715408,0.3668268300839281
284,0.2844244394310845,0.3671824323843731
285,0.2840065131756186,0.36704842620923445
286,0.2838209284395095,0.36760284996261355
287,0.2835009272608278,0.3680991894356098
288,0.2833093684947489,0.3682509273657743
289,0.2831195021447766,0.36807667667331995
290,0.28297436613703725,0.3682087016957147
291,0.28279768459677446,0.36822064975054847
292,0.28256160528665475,0.36836742384842147
293,0.2824700916278332,0.36875241513452717
294,0.28239616641162424,0.36867165493966136
295,0.28223291784481847,0.36840181937539784
296,0.2821410956191259,0.36835055741378003
297,0.28207269508509636,0.36813817590243486
298,0.28181761051744125,0.368359236215936
299,0.28164698466295934,0.3682889930551586
300,0.28141928500132574,0.3674960975035059
301,0.28122632656915625,0.3671207354123157
302,0.28104448776676033,0.36676700311643934
303,0.28073307783876367,0.3663676159658405
304,0.28052614875691334,0.36626370528160973
305,0.28030696836502383,0.3649878075745489
306,0.2800905409118409,0.36532041883002475
307,0.2799771691860602,0.3650076629894554
308,0.2797821831465999,0.36520792435036686
309,0.279492663492458,0.365867754687905
310,0.2792218879064477,0.3660378160295151
311,0.27899837453781806,0.3662582130383247
312,0.27874590817133277,0.3659846615392429
313,0.2783738859359312,0.3661645343615895
314,0.27815217538426645,0.3664393030851094
315,0.27775442359091473,0.3671716535951765
316,0.27748859024824585,0.36753194425033314
317,0.2773659188649802,0.36755572343700954
318,0.2772441333373376,0.3676907152213432
319,0.27708315577930975,0.3677629406323716
320,0.2768845745367818,0.3675386574969346
321,0.2765723465608106,0.36741779923399603
322,0.27632088087984985,0.36728447373456286
323,0.27604408891921167,0.3681977192831852
324,0.2758279208148459,0.36877261648008786
325,0.2756937451808429,0.36799663276850153
326,0.2755459296873273,0.3674487481308884
327,0.2754134659246954,0.3680295396104662
328,0.27520789575071325,0.36784271142844643
329,0.27505207697234024,0.36701310530967673
330,0.2749242259813988,0.36701246372993207
331,0.27473473537761406,0.36627358445619285
332,0.27452927695820295,0.36606170672716365
333,0.27427234334597855,0.36604044656084467
334,0.27414627365071925,0.3659593679912625
335,0.2738886429642989,0.3655335379558709
336,0.27370259741262876,0.3657257169337263
337,0.2735938185284139,0.3658984070950528
338,0.27333659675153443,0.365674800577539
339,0.2731797701738424,0.36601724745533254
340,0.2729734923520365,0.3659076946190061
341,0.27270626417269767,0.36639481000368185
342,0.27245471044985015,0.3656028485192952
343,0.2723415183579104,0.3650798355364709
344,0.2721940183485941,0.36515972312249084
345,0.27199700257697107,0.36489316667959826
346,0.27186402565390844,0.36547891587023895
347,0.27156836048547445,0.3653997946015643
348,0.27141231674242944,0.3654078548870212
349,0.27123022666368357,0.36558747645824774
350,0.27094879546300554,0.3656995087161059
351,0.27054376845157224,0.365507303221304
352,0.2704535357410558,0.36594968686525825
353,0.27023837563595177,0.3660534800218773
354,0.27009106154478096,0.36627826130636054
355,0.2699139124840467,0.3661123867603709
356,0.2697281489810279,0.36611997878509106
357,0.26965804862901244,0.3658508914303547
358,0.26947164194620005,0.3658918758668252
359,0.26928995380784293,0.365583830318665
360,0.26915723851955575,0.3652973332864888
361,0.26904686391175786,0.3656626565174924
362,0.2688474614711656,0.3656208107852816
363,0.26861074821990344,0.3655663525780525
364,0.268479475184979,0.36557490016991595
365,0.2683684473247703,0.36629859333483394
366,0.2681785296534233,0.3669375768283668
367,0.26807766749615136,0.36719269203798227
368,0.2679616415535492,0.36723887986040343
369,0.2679212510463463,0.3674414923474951
370,0.26775648729077883,0.3669250008263305
371,0.2675521947980122,0.3674822730442174
372,0.267326343317924,0.3673683035021116
373,0.26709915737067835,0.36729793097151237
374,0.2669254154709636,0.3672973258238503
375,0.26668455725038337,0.36746486711350307
376,0.2665113798590551,0.36736795578568326
377,0.2663785035909287,0.36742451329920045
378,0.2662732484757372,0.36751039146369313
379,0.26607518960394083,0.367318976442847
380,0.26598623032175805,0.36762802489545376
381,0.2659328729771532,0.3671029745489014
382,0.265819370846107,0.3666278926187525
383,0.26559480777045763,0.3664272961947111
384,0.2654663861744926,0.3670463781216226
385,0.2653516701016501,0.36670512002744965
386,0.26527864168553505,0.36691717821254677
387,0.26506484692379917,0.3665931923647544
388,0.2647678337360983,0.36671397463078537
389,0.2646394806965748,0.366324980507319
390,0.2642926530530169,0.3662216296450299
391,0.2642209223866699,0.3662060524207643
392,0.2640151354677711,0.36576637994823236
393,0.2638311340072815,0.36612476542562483
394,0.26364478933116436,0.36606272116621275
395,0.26344452226990056,0.366376488918202
