0,0.6382132633839087,0.6386681220181144
1,0.6254005308366156,0.6266903635311328
2,0.6129723266417029,0.6154463160743673
3,0.6015232670584464,0.6052456431358612
4,0.5907866932666399,0.595958014056244
5,0.5812192762572395,0.5874540413912961
6,0.5713298089315801,0.5784405062553999
7,0.5627068885964689,0.5710123620817071
8,0.5544924027558014,0.5643213470692866
9,0.5469975786457419,0.5579681146031454
10,0.5399249854098543,0.5519412622548813
11,0.5327062158555604,0.5459235283934036
12,0.5262445750696269,0.5401102171198763
13,0.5204163847061304,0.5349232858129586
14,0.5145029706706643,0.5298608163446503
15,0.5089498763515493,0.5249313965093257
16,0.5041695503946841,0.5208945276873308
17,0.4984717855543615,0.515845768374192
18,0.49313897445124355,0.5109301529052898
19,0.48831401724381135,0.5068010376415848
20,0.48366665914989543,0.5033373938711955
21,0.4784972940429064,0.4993791617689375
22,0.4744886513065794,0.49572949234325336
23,0.47152038128121393,0.4936155137029057
24,0.4673939576062802,0.4902396810735255
25,0.4641435231610703,0.4875005809688669
26,0.46030364659234013,0.4848775258701271
27,0.4569644088483411,0.48241455930168986
28,0.45307433144530385,0.47897650380215234
29,0.44945303685500326,0.4763156403935107
30,0.44645781562957315,0.4739163326725647
31,0.44446598861722003,0.4723563437875809
32,0.44127435880207744,0.4699186527861349
33,0.4381500665130925,0.4671688814338368
34,0.43514494712142254,0.4647335748938375
35,0.43326886072695775,0.4636036206753511
36,0.4301440390942117,0.4611425802395157
37,0.42779576330549846,0.4594006030633258
38,0.42523357043687293,0.45715417092307675
39,0.42261799314792214,0.4550398208090669
40,0.4204933956066531,0.4538671388221909
41,0.41834297067796683,0.452245808247847
42,0.41650910363164556,0.4513288889765487
43,0.4137324908260328,0.44932330739202003
44,0.411448142996209,0.4471828799426997
45,0.4096832646147114,0.44583337814655416
46,0.4079766094363574,0.4445680769565998
47,0.4057829366308055,0.4429271697415232
48,0.40353270782393624,0.4418949508019595
49,0.402308811478173,0.44149889346472054
50,0.4010336410590038,0.4408668393217988
51,0.39950861014916156,0.43946895616849685
52,0.39754282901058147,0.4376130138797563
53,0.3955920706610184,0.43588394245199746
54,0.394023351916837,0.4349990636622238
55,0.3926286558420482,0.4340132520343108
56,0.3912366049922067,0.43261145209267454
57,0.38968146893513633,0.4312914521777983
58,0.3883123582693325,0.4303179413757541
59,0.3870903739733747,0.4295434480410928
60,0.3859945832786896,0.42867810665048955
61,0.38504275914154573,0.42808342662031507
62,0.3837974857516289,0.4271719092168465
63,0.38261935733575814,0.4263068490187159
64,0.3812441908201228,0.4258580347936577
65,0.3799076879176944,0.4248221309552359
66,0.37866475962707047,0.42415063480903686
67,0.37711119203981647,0.4231537563793251
68,0.37618320841394404,0.422421858939352
69,0.3753642668465545,0.42198488617957775
70,0.37434677286760426,0.4212275731591921
71,0.373414860792141,0.4203871704783708
72,0.37252753100080005,0.4195639032724827
73,0.37144644728741366,0.4187148564650695
74,0.37009561348370684,0.4179433785816044
75,0.368374101764924,0.4166501038757017
76,0.3673850999863933,0.4158264455891531
77,0.3663679251115953,0.4147110950599482
78,0.36509108617350344,0.41382948695691835
79,0.36387832705034895,0.4127835206585064
80,0.3628809988801989,0.4122026407988801
81,0.3618468621885047,0.4115140904390881
82,0.3606896846201404,0.41082623219570386
83,0.3597260524580088,0.4100376065017116
84,0.3589871236697497,0.4094749060114865
85,0.3577623374079692,0.4087233372115339
86,0.3569362751628486,0.4078420446594945
87,0.3558736156028216,0.4069990330487962
88,0.35470830023479766,0.40587890370656393
89,0.3531672181386797,0.4045381280465591
90,0.3522973736315304,0.4041199201430503
91,0.3512318908105704,0.40367749327474745
92,0.3505618518861929,0.4030264379204611
93,0.3498763232018002,0.40300182766826476
94,0.34915658427850926,0.4027464973639862
95,0.3484281662518236,0.4027487499005384
96,0.34747508322480825,0.4024097927753473
97,0.346276603911654,0.4014002266645148
98,0.345627788561139,0.40108855957870254
99,0.3447925248937871,0.40058495882843437
100,0.34414109688384165,0.40006747300171513
101,0.34351139886641024,0.3995521992630075
102,0.34290918233225126,0.3990902901778734
103,0.34230153551317816,0.39873078368982223
104,0.3414442658982235,0.398062006363657
105,0.34072609830001716,0.3975955043194804
106,0.34016930278904683,0.396983605535823
107,0.33917961388574275,0.3964550886559152
108,0.33849232251520295,0.39620498681035343
109,0.3377944423386026,0.3956861213434401
110,0.33711768804153,0.3952755451430793
111,0.3359620422403053,0.3949305839397517
112,0.3354293754624172,0.3946601073671109
113,0.3348685998325326,0.39407401780615586
114,0.33422712595976284,0.39375450355876984
115,0.33347796822917536,0.39299131556853145
116,0.3327210479928759,0.39255941762976804
117,0.33219192395670655,0.39238894407600006
118,0.3315416778655176,0.39227955771933054
119,0.33103943458371043,0.391870894325586
120,0.3303911577646273,0.391291773713629
121,0.32944458989860276,0.3910029848720524
122,0.3286820567377205,0.3905931094555031
123,0.32816678649880543,0.39042165447479354
124,0.32756357276189346,0.3902641886325423
125,0.3270450757504762,0.3899620858298705
126,0.32639674822342696,0.3894628731781975
127,0.32570611117956677,0.38905821348310116
128,0.3250816317630659,0.3887631057862027
129,0.3242477981899029,0.3882842117459779
130,0.32355967427508137,0.3879334485703729
131,0.32304553591485985,0.3875056419730281
132,0.3224573952027459,0.3870065201253061
133,0.32199308092226087,0.3867844181710236
134,0.32149167238933335,0.38688728804394884
135,0.32089889375948377,0.38642640168686054
136,0.3205023662869341,0.38597299257907663
137,0.3200804113516027,0.3857945060262941
138,0.3193104538100026,0.3852998521336478
139,0.31870701889444203,0.38518658964491076
140,0.31803934418892,0.3849558229026548
141,0.31737677643111034,0.3844394758816249
142,0.31666639041644995,0.3837951470971753
143,0.31624866283786496,0.38356040046603496
144,0.3153457652380827,0.38358547451293556
145,0.31479135224819205,0.38298785244360817
146,0.3141559074420365,0.38250948202424145
147,0.3135432877459426,0.38234856296685105
148,0.31265979029049645,0.38180055237133015
149,0.3119555631242082,0.38143344033395293
150,0.3113920847675314,0.3809346022994019
151,0.31100243642326014,0.3811257902865572
152,0.31058810704897083,0.380995002813464
153,0.3098867408342378,0.38064397531650157
154,0.308962349926754,0.3801373806004324
155,0.30854066501760785,0.37975948312896723
156,0.308095744474708,0.3793902327611759
157,0.3074189679259683,0.3791233503877975
158,0.30677849141597263,0.37882059047010436
159,0.30630869683697565,0.3779748769675876
160,0.30588025431905236,0.3780077293231674
161,0.3055122588799802,0.37795174914268465
162,0.30514491388528453,0.37762300206356175
163,0.3045237437064163,0.3774975513425079
164,0.30405338892778183,0.37707491366617996
165,0.30350839773349575,0.37689835742119915
166,0.3027265028481032,0.3764861106132226
167,0.30241713598934317,0.37617698889993617
168,0.3018222643918462,0.37599658863284247
169,0.3014088046467195,0.3757515912343911
170,0.30100421504846997,0.37549269476405345
171,0.30060838966610953,0.3754284019369325
172,0.3002063711139366,0.37501448885307315
173,0.2998866926922512,0.3750298383791417
174,0.29929522181815066,0.3747815965314496
175,0.29887204742435286,0.374493036047018
176,0.2984776892976261,0.37438634517120223
177,0.29800049252729316,0.3741856008053346
178,0.2976279231491212,0.3741485252897659
179,0.2971234145935427,0.3737787818752749
180,0.2968269751628527,0.3738641269558186
181,0.2961894329634827,0.37327795461347885
182,0.295790663813375,0.37296072345908265
183,0.2954911372188342,0.3728300149219768
184,0.29485757458507483,0.37278599480174907
185,0.29444007620354756,0.3722944530071671
186,0.29396988489627424,0.37179906492714176
187,0.29358552011274475,0.37171403464248864
188,0.2932500347659778,0.3716542686672436
189,0.29246486270612637,0.3712895924508981
190,0.2921436026272889,0.3712067193268989
191,0.29165688512956134,0.3708982938983287
192,0.29125801880851077,0.3708448215155423
193,0.2908512224072008,0.37076181873687036
194,0.29052693682235053,0.3705320136068314
195,0.29010817893007007,0.3702676169245443
196,0.2897262383766173,0.37002978363147215
197,0.28930869579111834,0.37004536129514554
198,0.2889515490938562,0.3699333352478808
199,0.2886011243020875,0.369954166720261
200,0.28820197364724554,0.3701514188169716
201,0.2879126156875265,0.36979978459583984
202,0.28737345113124313,0.3693272853654122
203,0.2868987807700966,0.3690695835919322
204,0.2866029381837441,0.3691118517664141
205,0.2863693909915058,0.36910815194916635
206,0.2860496535683319,0.3688828534004623
207,0.28574337265812433,0.36859616759847497
208,0.28524565206707203,0.3682101282889681
209,0.2846978338841007,0.3680871915132256
210,0.28436373076208393,0.36822027714980127
211,0.2838308046304306,0.3679531082406593
212,0.28336652081980196,0.3677182143409372
213,0.2827686285160624,0.36755594484169374
214,0.28232365611119836,0.3675044256166002
215,0.2818686288717209,0.36738887870384984
216,0.2813607321060237,0.36710246638926514
217,0.2809807819175452,0.3668351983986244
218,0.2807015598680949,0.3668576291044603
219,0.28039819180008746,0.36700252510546205
220,0.28012312651716986,0.36682029705530084
221,0.27956492081801515,0.3667240816529793
222,0.2791387138937723,0.3663074706728328
223,0.27883046294631203,0.3662831220750246
224,0.2785055627984847,0.3663844751882274
225,0.2781853089185381,0.36637592966762816
226,0.27788118273315215,0.36608478640418807
227,0.2775475650480716,0.36601286016682255
228,0.27731103017449105,0.3661801988824052
229,0.2768912407858364,0.3657253766875423
230,0.27651647550560793,0.36560895670467225
231,0.2762279591431776,0.36568460946244996
232,0.2758764230495773,0.3655893421470016
233,0.2756080547088677,0.3652162151923108
234,0.27526941687580636,0.36526716108449653
235,0.2747910115842004,0.36491883446287215
236,0.27451318291789195,0.3649159227630781
237,0.2742824232709938,0.3647975380430057
238,0.27397745434946164,0.364695319960516
239,0.2736193524971959,0.3645466385216277
240,0.27308306176887004,0.36440864809784823
241,0.27266632804158164,0.36426564395362726
242,0.2723200950780679,0.36405517961967726
243,0.2718772816524932,0.3641947220497022
244,0.27151698584193446,0.36406466331880294
245,0.2710154352526488,0.36410452512902136
246,0.2706894444422602,0.36389795674383246
247,0.27038689395644216,0.3638829241490019
248,0.27018187941425487,0.3640099517251887
249,0.26979685405763115,0.3639002268731271
250,0.2693876163137153,0.363742225779315
251,0.2690140809397283,0.36376209594466846
252,0.2688135479730998,0.3636768393240176
253,0.2685559032537327,0.3637222529991469
254,0.2682898670435321,0.3636756122873281
255,0.2680416852004379,0.36342914400762044
256,0.26775270282787433,0.3631972349578629
257,0.2675479031135305,0.3632108205968778
258,0.26724031404499776,0.36309815562540865
259,0.266949104170588,0.3629251316359097
260,0.2665275194386265,0.36257135688551717
261,0.26621620451196676,0.3623323828793164
262,0.266012136240783,0.3624348628529629
263,0.2656353890666644,0.36247366849907986
264,0.26540869216013924,0.36236340872919776
265,0.26499916712401184,0.3623545922217871
266,0.26459460253139183,0.36229280990338736
267,0.2643325657438154,0.3622434290343045
268,0.26398432067615857,0.3618480533690745
269,0.2638096948695388,0.3618783860582559
270,0.2634311954796358,0.3618295335212829
271,0.2631903190523098,0.3616913540060406
272,0.2629235878665179,0.3617108812694483
273,0.2625374919442549,0.36165625456475453
274,0.2623270866773139,0.36169767904835687
275,0.26188438289066146,0.36164783186355043
276,0.26167844785378613,0.36160335896992524
277,0.26139859618590033,0.3614430074254149
278,0.2609552516694423,0.36103410954340054
279,0.2606033089953767,0.36089251464898314
280,0.26024862455147263,0.3607650822063959
281,0.2597113275052864,0.3605508416444142
282,0.25946108469278695,0.3605037534690165
283,0.2592271539149252,0.3604369859268247
284,0.2589734866064236,0.3604697142166517
285,0.2587334320236942,0.3603188243057642
286,0.25834658620876594,0.3601476568802522
287,0.2581309874543535,0.36027263491227435
288,0.2578227084446152,0.36017489558145854
289,0.25753298391449675,0.36015122207560935
290,0.25735725452349195,0.36009043026282345
291,0.2567850579878775,0.3600137731465009
292,0.2565592343184975,0.3599265264526864
293,0.25631980974582436,0.35979357698364245
294,0.2560686721396811,0.35969558803794854
295,0.25589705172430366,0.3595351927244768
296,0.2555271563533287,0.3595694832825722
297,0.2552379757869878,0.3593827585670526
298,0.2548846879090445,0.35918458810850906
299,0.25467715288423537,0.3590546301959858
300,0.25431896035461987,0.35916631537180466
301,0.2540732297199839,0.3591952374444715
302,0.2538940072762001,0.3591780017969842
303,0.25354889065838176,0.35916541093698534
304,0.25327275676165095,0.35880525419946335
305,0.25306059664436337,0.3588631674964828
306,0.25283517964819935,0.35884566788279093
307,0.2526183607359669,0.3585749278147754
308,0.25216767742808643,0.3581218571339618
309,0.25198779889622946,0.35792376711889784
310,0.2517654854072366,0.3578019833943391
311,0.25148819308444126,0.35759785142924094
312,0.2512386963562289,0.3573692612944124
313,0.25091118062083184,0.35736809400708686
314,0.2507243010195397,0.35729796210565773
315,0.25050135006344754,0.35741036266347403
316,0.25023707457796673,0.3574183129318586
317,0.24996313328612,0.357035120875805
318,0.24972921353518646,0.35699188558977435
319,0.24924371342069834,0.3569680421020497
320,0.2490332681598167,0.35675769021004106
321,0.2488299740043016,0.35682054537488245
322,0.24841963782738632,0.3569253628448845
323,0.24823372747193695,0.3567524667370013
324,0.2478786407337932,0.3565236478955357
325,0.2476223963942426,0.3563878374618732
326,0.2474450954267356,0.3562787246120499
327,0.24724249701405118,0.356112701952483
328,0.2468694443832305,0.3559336638157837
329,0.2464607609265432,0.35589791399285975
330,0.24625990963808084,0.3556294256427973
331,0.24591140275067266,0.35546620449309196
332,0.24564087259602377,0.35539861503657716
333,0.24542453823088733,0.35550312377363796
334,0.24502995374649192,0.35529733741489566
335,0.2448543806976023,0.3551707304381602
336,0.24463858432536528,0.3551844846273637
337,0.24438334905923775,0.3550239618541279
338,0.2441580659386013,0.3547192928329579
339,0.24397331773653771,0.3547334736122023
340,0.24374821802207075,0.3547893370140883
341,0.2432358507258375,0.3545250074084391
342,0.24292696356070392,0.354446298846912
343,0.2426488390124996,0.35428857507014816
344,0.24237393036444344,0.3542066704325307
345,0.24213367882499187,0.35429981501549523
346,0.2418431184836694,0.35429271055857037
347,0.241667167896783,0.35402524925155043
348,0.2414233724172088,0.3540313238365158
349,0.2411205348131406,0.35364289053033515
350,0.2409429256053727,0.3535038812751006
351,0.24072086072294596,0.3535280739588281
352,0.24040884134421697,0.35349108660017703
353,0.2401513083769425,0.3535969350002135
354,0.23995005081722476,0.35337073316533774
355,0.23977740185829252,0.35323693874822715
356,0.23956351438473847,0.35306105746303823
357,0.23912555164373311,0.35318604546173793
358,0.23893560544209652,0.3530767906159871
359,0.23874054746368115,0.3528970867559318
360,0.23853514649171137,0.3528746425099848
361,0.23837071884438388,0.35287256513591303
362,0.23815272997958528,0.35264567711639627
363,0.23794684757117504,0.3524322570690464
364,0.23767342384400064,0.35229801006903616
365,0.23750172487333046,0.3522260950240316
366,0.23733509654913343,0.3524466153275099
367,0.2371070850888876,0.35254479952163437
368,0.23690915700211185,0.35267422850988017
369,0.2367425754272369,0.35257634850849945
370,0.23646773181364783,0.3526776978260213
371,0.23616641270688055,0.35268620111370147
372,0.2358635456159161,0.352599645712281
373,0.2355908451796904,0.3525976148784952
374,0.23534804039447416,0.352797830335345
375,0.23506054658231754,0.35255476066805264
376,0.23485382370784447,0.3527727194298275
377,0.23451526565506794,0.352577409534848
378,0.2341430235069485,0.352644423329041
379,0.233874473334215,0.3523305681791062
380,0.23360255842254415,0.35233344341395423
381,0.2333547149476761,0.35235931466276466
382,0.23319562908426097,0.3521188042555093
383,0.23284789594715033,0.3520492591623691
384,0.23265941830144168,0.35196938957471646
385,0.23244955209400203,0.3520133056637022
386,0.23221852659928396,0.3516997007745905
387,0.2320718770034187,0.35186032652074717
388,0.2318082911130979,0.35189525394682747
389,0.23164347564835916,0.3520102114990121
390,0.2313640924217881,0.35172492044130693
391,0.23111450478748818,0.35178047471978047
392,0.23071396833764152,0.3517596569314922
393,0.23053178636791338,0.3517384055158198
394,0.2303597520476605,0.3515262383181035
395,0.23021616055172855,0.3515283765969552
396,0.23002545490543114,0.35144738266483266
397,0.22986422472567197,0.3514627292402774
398,0.22963734911221118,0.3513849731350129
399,0.22932887703146215,0.3513860902608713
400,0.2291043751994692,0.3513662617909082
401,0.22877758447998633,0.35125930843632136
402,0.22862176907113024,0.3511818321298682
403,0.22846271017763395,0.35115816512014164
404,0.22824794351027383,0.3510531221975939
405,0.22808948751978927,0.3509522396458281
406,0.2278296308499765,0.3509136176963207
407,0.22763885592228378,0.3508746271276646
408,0.22739165554482524,0.3508012367455027
409,0.22717823116686697,0.3508788519741989
410,0.2269976913240341,0.35078302514173254
411,0.22682770826874,0.350780603578009
412,0.2266236598929132,0.35070739312237226
413,0.22637342586975517,0.3506770545171759
414,0.22617141892863948,0.35043740373591636
415,0.225993482128556,0.3504795495434969
416,0.22575493474071687,0.3505165976371043
417,0.22537833435696403,0.35043732439887454
418,0.22522421069827275,0.35038410360916533
419,0.2249445430552225,0.35022170371700856
420,0.22467112266051747,0.35027215030006414
421,0.22449672897004735,0.35044035050490313
422,0.22410272954649998,0.35043588524177793
423,0.22389554391666053,0.35057719476704624
424,0.22369698863632229,0.3506272180495935
425,0.22353683421685538,0.35068621128208316
426,0.22338728617505396,0.35062287373029694
427,0.22323608104161846,0.35056132131320644
428,0.2229704795231215,0.3505775215325485
429,0.22281329075483586,0.35070800974172095
430,0.22268043113293257,0.35084730232071454
431,0.22245940931310998,0.35083786832859315
432,0.22224179527139698,0.35072884967230183
433,0.22195173545715063,0.35063946676569996
434,0.22167456854199916,0.3506496414333241
435,0.22128621773148546,0.35027517867889885
436,0.2211102187600156,0.3504450543207435
437,0.22094711682587756,0.3503535218560481
438,0.22081656501371316,0.3505224798451351
439,0.2206912098551908,0.3506028406464999
440,0.22031464082676477,0.35038719797505946
441,0.22014579426412534,0.3501665176637668
442,0.21995672304007838,0.35002954084985843
443,0.21979675847073676,0.3502089708103812
444,0.219632111698908,0.35005365857208665
445,0.21949348551047754,0.3500547285887499
446,0.21925939623840196,0.35003577100027383
447,0.2191076901098595,0.3500514752147857
448,0.2189856380276358,0.3500730438116322
449,0.21873622046947402,0.3498848714249457
450,0.21853665614771692,0.3498143884254891
451,0.2183018508244455,0.3499283265079033
452,0.21816701584197348,0.349982800404935
453,0.21792091037169642,0.3497729240554871
454,0.21779310768870835,0.34950551033772165
455,0.21755415512631202,0.3492679733440406
456,0.21739434349789952,0.3491769510837681
457,0.2172447489228352,0.3490982171059212
458,0.21708071346917188,0.34914674175963256
459,0.21689953135062223,0.34900093378967273
460,0.21665346247891587,0.3489076483501988
461,0.21650793271838986,0.3490059712242599
462,0.21635749043023203,0.3489571658283547
463,0.21617880538316145,0.34875555187252094
464,0.21598860236872486,0.3486371297844839
465,0.21575047094798644,0.34861897054373486
466,0.21563779865826993,0.3484039808180228
467,0.21551633310894955,0.3482693595110033
468,0.21540291015001947,0.34826715015752113
469,0.21513403064060238,0.3481815279302449
470,0.2149634511280526,0.34835162077563764
471,0.21478766773844854,0.34829278183356716
472,0.21449281794043723,0.3482218175490503
473,0.2143404584853082,0.3483186688401636
474,0.21417345212100217,0.3482859246907795
475,0.21387573548016797,0.34856557987921283
476,0.2137145372353042,0.3487428839236742
477,0.21346977183739874,0.3484908343638819
478,0.21326299845561666,0.34857719607912613
479,0.21311596522713708,0.34846725716106947
480,0.21291229487073965,0.3483466053329631
481,0.21263341766762964,0.34827116166091826
482,0.21230054966684841,0.3480202591970384
483,0.2121140329384691,0.34795547550766637
484,0.2119326682741709,0.34797219121183837
485,0.21177613026994996,0.34784412618180593
486,0.21158955120004258,0.34789406211582063
487,0.21143745165016672,0.3479177393412993
488,0.21124213005434805,0.34785506443475445
489,0.21110566511787518,0.3478516054376133
490,0.21094382508680523,0.34783472737110854
491,0.21080722470373653,0.3478307876418183
492,0.2106401660819373,0.34780978477544233
493,0.21029553902695206,0.34775157372162524
494,0.21013929256908717,0.34768637468072094
495,0.2099359330081946,0.34747282646551636
496,0.20979216984673071,0.34751934699918957
497,0.20958183723250567,0.3476470561637041
498,0.20944144222907526,0.34769898036435287
499,0.20916819115714771,0.34765247877056654
500,0.20899782826670832,0.3477217350304018
501,0.20880579580072198,0.34772435303132126
502,0.20868896173529042,0.34774450023166825
503,0.20837799547687397,0.34796161953166393
504,0.2082407207006922,0.3477462824543812
505,0.2080835595052509,0.34760663672827824
506,0.20794196767905632,0.34770657904714397
507,0.20777585377024022,0.34765811363529475
508,0.20763179079737865,0.3474983097932471
509,0.20750513033269116,0.3475156354321163
510,0.20727926205696345,0.347542848105884
511,0.20714988230468873,0.34739460102080644
512,0.20700576938608437,0.3473533117583998
513,0.20686544911761318,0.3470008986657259
514,0.20667969116665305,0.3469673576588786
515,0.20650909090704958,0.3469452682675067
516,0.20632464458742553,0.3469870281195313
517,0.2061914188273335,0.3467051556767565
518,0.2061046791543608,0.3465199701625354
519,0.20592615295076538,0.3464647268607669
520,0.20564626025474128,0.3462694309321803
521,0.2053592406555513,0.34621839729163806
522,0.20524684148713512,0.3461652340939176
523,0.2050087855555321,0.34608046978554075
524,0.20489631261956096,0.3461691578435436
525,0.2047282765815975,0.3461512353591942
526,0.2044716838956152,0.346057658957344
527,0.20434742408653253,0.34595190768928047
528,0.20424543202241627,0.3458754494429387
529,0.20406997573137048,0.3459474330749038
530,0.2039411121083484,0.34601009345537614
531,0.2037564905069626,0.34610475158975035
532,0.2035826638008537,0.3458554749203556
533,0.20336161085593465,0.3460033535665683
534,0.20315494616531937,0.34574977866419243
535,0.2029169775869978,0.34589753842168836
536,0.2027346327407714,0.3458615535227572
537,0.2025794119058154,0.3457931845885038
538,0.20239964325754367,0.34572970233136496
539,0.20230778228340018,0.34572758183415375
540,0.20215773543690316,0.34557562448866036
541,0.20188814969629035,0.34542228888371274
542,0.20176706430158806,0.34532051300876093
543,0.2016317635088707,0.3452250547743999
544,0.20146753691145022,0.3451327875735982
545,0.20128974728070545,0.34542650279963594
546,0.20116080071007403,0.34550503160236956
547,0.2010009231067322,0.34534241886916284
548,0.20082201567185393,0.34525321881423643
549,0.20069076175576012,0.34536346437062
550,0.2005359488467696,0.34538048909987906
551,0.20041324597378535,0.3454087196996221
552,0.20029888892242378,0.3454006838880038
553,0.2000986736899827,0.34545091534575867
554,0.19994157440422797,0.34544050190563313
555,0.1998009862744411,0.3454203097354995
556,0.19958139273781525,0.3454163093359828
557,0.19946446030860693,0.34555816450306404
558,0.19928488493286478,0.34554431042459205
559,0.19908121687764715,0.3455674280893662
560,0.19889592234781794,0.34568610266168515
561,0.19871557699561346,0.3456179790819521
562,0.19854278273871187,0.34557750662205444
563,0.19844712151134225,0.34544692437059143
564,0.19829559529855606,0.34550658263397516
565,0.1980994358920856,0.34541980372141284
566,0.19797170338271794,0.3454043113229792
567,0.19782153150756548,0.34536372418882105
568,0.19768235118180305,0.3451804619333677
569,0.1975791315067474,0.34522750117322804
570,0.19743798344248098,0.3453287736479002
571,0.19731420955529064,0.34539616470624857
572,0.197167381519371,0.3454543651698401
573,0.19703214745043535,0.3451594087023516
574,0.19686816906339044,0.34496069890651243
575,0.19660093644937313,0.3447270920440106
576,0.1964703743084955,0.3447383675131362
577,0.19636158767535306,0.3446932413409037
578,0.19622970280918695,0.3448215890455505
579,0.19600310055815048,0.34471767861359154
580,0.19587014450597104,0.3447404726938567
581,0.19574905747926935,0.34488182293827574
582,0.19564139167521238,0.3448529143866455
583,0.19549468745623486,0.34468590554741385
584,0.19539696798997322,0.34486463174009035
585,0.1952701125202358,0.3448740678388861
586,0.19514825607586836,0.344915049853016
587,0.1950296827700524,0.34506066653002043
588,0.19490262108337406,0.3451544083466598
589,0.1947878770059362,0.34528235536287477
590,0.19462234344700965,0.34532971626319175
591,0.19445735253210242,0.34514498749851735
592,0.19432258368973535,0.3450771048994234
593,0.19418185034028174,0.3450478093948311
594,0.1940857326204469,0.34518061098048264
595,0.19393616276932893,0.3450272051906326
596,0.19373664604200513,0.3450973085462496
597,0.19360737150994803,0.34493649839545426
598,0.19347402332435854,0.34512190328388925
599,0.193323064863927,0.34519846502769774
600,0.19316366243357047,0.34519899088770484
601,0.19303782107276501,0.34516863043020807
602,0.19290986900185397,0.3450075338638179
603,0.1927983887187601,0.34502871620963993
604,0.19261664126101957,0.344967796914816
605,0.1924752972052657,0.3450161011538362
606,0.19234518033171433,0.3450756391345958
607,0.19216683622270045,0.34495679328272744
608,0.19202521344295503,0.3448287477122052
609,0.19190772379037785,0.3447401858213378
610,0.19175748630720585,0.34485917219068374
611,0.19166268911007733,0.34481345519869455
612,0.19154606494837964,0.34499236167563335
613,0.1913273900092844,0.3451305213645219
614,0.1911980516431951,0.3450196718686456
615,0.19106407173212356,0.34495222192272657
616,0.19092926110976535,0.34493751351220237
617,0.19081696059477943,0.34488832109331363
618,0.19065877863868458,0.34477801557282534
619,0.19047316421319893,0.3448859268167385
620,0.19032564279994454,0.34495130443296257
621,0.19016938167798045,0.34504219314726325
622,0.19005347952927865,0.3448834415311934
623,0.18997262699841017,0.34492320262000753
624,0.18975271374798258,0.34491359489567747
625,0.18960711191417076,0.34494044338773844
626,0.18944604638706672,0.34490174577522476
627,0.1892480810257698,0.34510579682029113
628,0.18913193399593062,0.3450574359283576
629,0.18901019715999756,0.34531738833205805
630,0.1888600615022118,0.3452306008075923
631,0.1887587255788525,0.3451458033121729
632,0.18856662296778798,0.3450290358175689
633,0.18845333959762967,0.34484384933602996
