0,0.546750009059906,0.5973416566848755
1,0.48935168981552124,0.5438786149024963
2,0.4801826477050781,0.5437330007553101
3,0.47770875692367554,0.5324766635894775
4,0.47080913186073303,0.5249423384666443
5,0.4693688750267029,0.5159434080123901
6,0.46736109256744385,0.5131915211677551
7,0.4641958177089691,0.5120232105255127
8,0.4633697271347046,0.5134318470954895
9,0.4632083773612976,0.5110071301460266
10,0.46260038018226624,0.5091631412506104
11,0.461709201335907,0.5110858082771301
12,0.4604645073413849,0.5099512934684753
13,0.46104010939598083,0.5118030309677124
14,0.4609229266643524,0.5123785138130188
15,0.45994898676872253,0.5102000832557678
16,0.460344523191452,0.5110360383987427
17,0.46136265993118286,0.510530948638916
18,0.46148449182510376,0.5108173489570618
19,0.46093958616256714,0.5117266774177551
20,0.46125221252441406,0.5128724575042725
21,0.4609895348548889,0.5125219225883484
22,0.46139442920684814,0.5125879049301147
23,0.461676687002182,0.5118401646614075
24,0.46129369735717773,0.5094643235206604
25,0.461013525724411,0.5092499852180481
26,0.46007731556892395,0.5075780153274536
27,0.4600769281387329,0.5072280764579773
28,0.45967116951942444,0.5076544880867004
29,0.45896652340888977,0.5064919590950012
30,0.4588600695133209,0.50668865442276
31,0.4587074816226959,0.5058675408363342
32,0.4584663510322571,0.5058146119117737
33,0.45903196930885315,0.5058754682540894
34,0.45898717641830444,0.5063198208808899
35,0.4586794972419739,0.5067249536514282
36,0.4580986797809601,0.5055795907974243
37,0.45810776948928833,0.5058456063270569
38,0.4583238959312439,0.506347119808197
39,0.4582803547382355,0.5073009133338928
40,0.4580242931842804,0.5072710514068604
41,0.45794618129730225,0.5072425007820129
42,0.4582589864730835,0.507493257522583
43,0.4581928551197052,0.5067739486694336
44,0.4579322040081024,0.5063261389732361
45,0.4578952193260193,0.506290853023529
46,0.45810195803642273,0.5065096616744995
47,0.4581170976161957,0.5064491033554077
48,0.4577822983264923,0.5059855580329895
49,0.45734405517578125,0.505156397819519
50,0.45736297965049744,0.5046932697296143
51,0.45719680190086365,0.5041438937187195
52,0.457154780626297,0.5034184455871582
53,0.45695263147354126,0.5032954812049866
54,0.45678001642227173,0.5028595328330994
55,0.4570772349834442,0.5034233927726746
56,0.4570314288139343,0.5031899809837341
57,0.45691877603530884,0.5034608244895935
58,0.4571114778518677,0.5038250088691711
59,0.4569665789604187,0.5036634802818298
60,0.4568435847759247,0.5038300156593323
61,0.4567018151283264,0.5037257075309753
62,0.4570925533771515,0.5036449432373047
63,0.4571174383163452,0.50380939245224
64,0.4572449028491974,0.503874659538269
65,0.4570130407810211,0.504100501537323
66,0.45705315470695496,0.504036545753479
67,0.45706287026405334,0.5040217638015747
68,0.45710673928260803,0.5044875144958496
69,0.4571041762828827,0.5044445991516113
70,0.45700129866600037,0.5044283866882324
71,0.4571847915649414,0.5046724677085876
72,0.4571511447429657,0.5046046376228333
73,0.45717254281044006,0.5045948624610901
74,0.45709195733070374,0.5038753747940063
75,0.4573017656803131,0.5041419267654419
76,0.4573965072631836,0.5045128464698792
77,0.4573971927165985,0.504650354385376
78,0.45737218856811523,0.5045563578605652
79,0.4572601914405823,0.5041025280952454
80,0.45725446939468384,0.5041778087615967
81,0.45716145634651184,0.5039547681808472
82,0.45705336332321167,0.5042007565498352
83,0.45719727873802185,0.5042431354522705
84,0.4571164548397064,0.5040830969810486
85,0.4568150043487549,0.5037307739257812
86,0.4567502737045288,0.5039786696434021
87,0.4567722976207733,0.5037697553634644
88,0.45680901408195496,0.5037096738815308
89,0.45657652616500854,0.5033406019210815
90,0.456662118434906,0.5031487345695496
91,0.45675021409988403,0.5031144618988037
92,0.45667991042137146,0.5030801892280579
93,0.45665261149406433,0.5033153891563416
94,0.4567621052265167,0.5033779740333557
95,0.4567088186740875,0.503441572189331
96,0.4567314088344574,0.5035641193389893
97,0.456729918718338,0.5034567713737488
98,0.4566883146762848,0.5034962296485901
99,0.45662185549736023,0.503455638885498
100,0.456682413816452,0.5032318234443665
101,0.45672449469566345,0.5031147599220276
102,0.45665308833122253,0.502901017665863
103,0.4566132724285126,0.5027485489845276
104,0.4566396176815033,0.5029066205024719
105,0.4565672278404236,0.5029501914978027
106,0.45654383301734924,0.503158450126648
107,0.4565978944301605,0.5032004117965698
108,0.4566420018672943,0.5033560991287231
109,0.4565943479537964,0.5032534003257751
110,0.45662766695022583,0.5033206343650818
111,0.45659205317497253,0.5034765601158142
112,0.4565078914165497,0.5033197999000549
113,0.45656850934028625,0.5034334063529968
114,0.45649126172065735,0.5032957792282104
115,0.4565354585647583,0.5035508275032043
116,0.45660507678985596,0.5036696195602417
117,0.45651498436927795,0.5033847093582153
118,0.4565548300743103,0.5034039616584778
119,0.45665502548217773,0.5032444596290588
120,0.4565593898296356,0.503183126449585
121,0.45660799741744995,0.5031682252883911
122,0.45667654275894165,0.5032223463058472
123,0.45682209730148315,0.5034634470939636
124,0.4567103385925293,0.5035525560379028
125,0.45670315623283386,0.5034782290458679
126,0.4567311406135559,0.5034458041191101
127,0.4566071033477783,0.5035586953163147
128,0.4566425383090973,0.5035172700881958
129,0.45655059814453125,0.5033666491508484
130,0.45669248700141907,0.5034388899803162
131,0.4564957320690155,0.5034741163253784
132,0.4563855528831482,0.5034610033035278
133,0.45644766092300415,0.5034744739532471
134,0.45642325282096863,0.5034428238868713
135,0.45646268129348755,0.5034849047660828
136,0.45642271637916565,0.5035201907157898
137,0.4561110734939575,0.5030984878540039
138,0.4560443162918091,0.5031889081001282
139,0.4559948444366455,0.5032139420509338
140,0.4560917317867279,0.5034675598144531
141,0.4560976028442383,0.503568708896637
142,0.45594221353530884,0.5034105777740479
143,0.4559743106365204,0.5034307241439819
144,0.4559367001056671,0.503563404083252
145,0.4559858739376068,0.503614068031311
146,0.4559926688671112,0.5036691427230835
147,0.4559656083583832,0.5034379959106445
148,0.4557231068611145,0.503045380115509
149,0.4557906687259674,0.503074586391449
150,0.45577967166900635,0.5030210614204407
151,0.4557628333568573,0.5028089880943298
152,0.45572948455810547,0.5026781558990479
153,0.45574137568473816,0.502824604511261
154,0.45572856068611145,0.5028866529464722
155,0.45571404695510864,0.5026887059211731
156,0.45572832226753235,0.5026988387107849
157,0.45566678047180176,0.5027963519096375
158,0.4556669294834137,0.5028270483016968
159,0.4558207094669342,0.5029051303863525
160,0.45593416690826416,0.5029397010803223
161,0.4560137689113617,0.5030621886253357
162,0.456032395362854,0.503186821937561
163,0.45593661069869995,0.5030491352081299
164,0.45592957735061646,0.5029506087303162
165,0.45600268244743347,0.5030412077903748
166,0.456068217754364,0.503078043460846
167,0.456071138381958,0.5030084848403931
168,0.45609039068222046,0.502944827079773
169,0.45600441098213196,0.5028358101844788
170,0.4560075104236603,0.502921462059021
171,0.45604994893074036,0.5028895139694214
172,0.4560493230819702,0.5029811859130859
173,0.45596107840538025,0.5027530789375305
174,0.4559200406074524,0.502797544002533
175,0.45593276619911194,0.5029772520065308
176,0.45596128702163696,0.5029250979423523
177,0.4560006260871887,0.5030526518821716
178,0.45598962903022766,0.5029996037483215
179,0.45597389340400696,0.503081202507019
180,0.4559210538864136,0.5029823184013367
181,0.45578479766845703,0.5029746294021606
182,0.45582351088523865,0.5029729008674622
183,0.455845445394516,0.50299072265625
184,0.4558098018169403,0.5030370950698853
185,0.4557267725467682,0.5030413269996643
186,0.4556746184825897,0.5031651854515076
187,0.4556485712528229,0.5032524466514587
188,0.4556576609611511,0.5033008456230164
189,0.4556386470794678,0.5032894015312195
190,0.45561081171035767,0.5033028721809387
191,0.45566219091415405,0.5033513903617859
192,0.45566558837890625,0.503387451171875
193,0.4556077718734741,0.5034249424934387
194,0.45556533336639404,0.5034098029136658
195,0.4556446671485901,0.5035083889961243
196,0.4555532932281494,0.5033906698226929
197,0.45553311705589294,0.5034825801849365
198,0.45548146963119507,0.5035111308097839
199,0.45550552010536194,0.5034610629081726
200,0.45546218752861023,0.5034680962562561
201,0.45552635192871094,0.5035250186920166
