0,0.5654873847961426,0.632583737373352
1,0.4944869577884674,0.5226612091064453
2,0.4812931716442108,0.5050128102302551
3,0.47325944900512695,0.4952295124530792
4,0.46695035696029663,0.4916151165962219
5,0.46457770466804504,0.4876551628112793
6,0.4640738368034363,0.48715123534202576
7,0.4627666473388672,0.4866630733013153
8,0.46194496750831604,0.48636573553085327
9,0.46109166741371155,0.48523014783859253
10,0.4611284136772156,0.4842751622200012
11,0.4608423411846161,0.4830549657344818
12,0.461326539516449,0.4842793345451355
13,0.4609159529209137,0.48482757806777954
14,0.46035686135292053,0.4847852885723114
15,0.46109867095947266,0.4846246540546417
16,0.4610562026500702,0.48420262336730957
17,0.45996713638305664,0.48354673385620117
18,0.4598909616470337,0.48487550020217896
19,0.459460586309433,0.48471859097480774
20,0.4596872329711914,0.4853702783584595
21,0.45963215827941895,0.4849480986595154
22,0.45982035994529724,0.4854014217853546
23,0.4601822793483734,0.4859408438205719
24,0.45993080735206604,0.48546552658081055
25,0.45972201228141785,0.48486393690109253
26,0.45947763323783875,0.48450058698654175
27,0.45913252234458923,0.4839473068714142
28,0.4592602849006653,0.48469793796539307
29,0.4591020941734314,0.4842037856578827
30,0.4590453505516052,0.4841677248477936
31,0.4590511620044708,0.4846692681312561
32,0.45876461267471313,0.4846023619174957
33,0.45877400040626526,0.48445695638656616
34,0.4589103162288666,0.48470839858055115
35,0.45888733863830566,0.48439502716064453
36,0.4587426781654358,0.48445528745651245
37,0.45867764949798584,0.48531463742256165
38,0.4582849144935608,0.4851040244102478
39,0.4582681357860565,0.4856754541397095
40,0.45814311504364014,0.48577171564102173
41,0.45810043811798096,0.48574936389923096
42,0.4579154849052429,0.4855504333972931
43,0.4579715430736542,0.4858214557170868
44,0.4579198956489563,0.4858742654323578
45,0.45785608887672424,0.485556960105896
46,0.45795178413391113,0.48555952310562134
47,0.45792174339294434,0.4853702187538147
48,0.45792558789253235,0.4847531020641327
49,0.4579951763153076,0.4848293662071228
50,0.4581451416015625,0.4842645525932312
51,0.45806145668029785,0.48379454016685486
52,0.4581955075263977,0.48371976613998413
53,0.4581589698791504,0.48350250720977783
54,0.4580167233943939,0.48328903317451477
55,0.4579075574874878,0.4834408760070801
56,0.4580994248390198,0.48339036107063293
57,0.4581487774848938,0.4836156964302063
58,0.458245187997818,0.4833563268184662
59,0.4581592381000519,0.48310166597366333
60,0.45822253823280334,0.4831699728965759
