0,0.5582238435745239,0.5872910022735596
1,0.5415265560150146,0.5594568848609924
2,0.5402442216873169,0.5563452839851379
3,0.5398300290107727,0.5552110075950623
4,0.5342955589294434,0.5497542023658752
5,0.5342616438865662,0.5497111082077026
6,0.5334287881851196,0.5467864871025085
7,0.5335758328437805,0.5441440939903259
8,0.5330201983451843,0.5441762804985046
9,0.5334832072257996,0.545322597026825
10,0.532530665397644,0.5455331802368164
11,0.5328569412231445,0.5460696220397949
12,0.5323712229728699,0.5436900854110718
13,0.5325782895088196,0.5437288284301758
14,0.5326352715492249,0.5432305335998535
15,0.5323972105979919,0.5423513650894165
16,0.5319761037826538,0.540951132774353
17,0.5318090319633484,0.5409359335899353
18,0.5320537090301514,0.5415069460868835
19,0.5322628617286682,0.5405274033546448
20,0.5319821834564209,0.5388857126235962
21,0.5320207476615906,0.5393450260162354
22,0.532225489616394,0.5398813486099243
23,0.5322281718254089,0.5398849248886108
24,0.5324043035507202,0.5406481027603149
25,0.5322604179382324,0.5408126711845398
26,0.5321616530418396,0.540414571762085
27,0.5323107242584229,0.5406661629676819
28,0.5324987173080444,0.5408780574798584
29,0.532548189163208,0.5410116314888
30,0.5324252843856812,0.5405237078666687
31,0.5326364636421204,0.5409624576568604
32,0.5325637459754944,0.5409143567085266
33,0.5327481627464294,0.5410692691802979
34,0.5328822731971741,0.5414541363716125
35,0.5328294038772583,0.5416057109832764
36,0.5327762961387634,0.5413218140602112
37,0.5326711535453796,0.5411829948425293
38,0.5324555039405823,0.5408857464790344
39,0.5325747132301331,0.5407164096832275
40,0.5326063632965088,0.5408601760864258
41,0.5322343111038208,0.5398746132850647
42,0.5322562456130981,0.5399729013442993
43,0.5322018265724182,0.5400991439819336
44,0.5321575403213501,0.5397826433181763
45,0.53244549036026,0.5399447083473206
46,0.5321988463401794,0.5401222109794617
47,0.5321930050849915,0.5402493476867676
48,0.5322760343551636,0.5405173897743225
49,0.5321242213249207,0.5403197407722473
50,0.5320542454719543,0.5400515794754028
51,0.5321656465530396,0.5400404334068298
52,0.5319845080375671,0.5397161841392517
53,0.5319494605064392,0.5396664142608643
54,0.5318429470062256,0.539654552936554
55,0.53190678358078,0.5397804975509644
56,0.5315709710121155,0.5391779541969299
57,0.5314737558364868,0.5391378402709961
58,0.5314178466796875,0.5393201112747192
59,0.5314658880233765,0.5393223762512207
60,0.5315164923667908,0.53947514295578
61,0.5315531492233276,0.539206862449646
62,0.5314770936965942,0.539260983467102
63,0.5313007831573486,0.5392800569534302
64,0.5313025712966919,0.5393669009208679
65,0.5310443639755249,0.5393562316894531
66,0.5311151742935181,0.5395331978797913
67,0.5311563014984131,0.5394715070724487
68,0.5312247276306152,0.5395628809928894
69,0.5312861800193787,0.5396415591239929
