0,0.572479784488678,0.6007595658302307
1,0.551779568195343,0.5775246024131775
2,0.5432750582695007,0.5731164813041687
3,0.5408055782318115,0.5670108795166016
4,0.5376593470573425,0.5667304992675781
5,0.5381367206573486,0.5669800639152527
6,0.5372141599655151,0.564525306224823
7,0.536803662776947,0.5650129318237305
8,0.5363004207611084,0.5651901364326477
9,0.5357544422149658,0.5632073879241943
10,0.5356022119522095,0.5616014003753662
11,0.5344306826591492,0.5609740614891052
12,0.533111035823822,0.5599729418754578
13,0.5334267020225525,0.5601489543914795
14,0.5335487127304077,0.5606274008750916
15,0.5335447788238525,0.5613684058189392
16,0.5335292816162109,0.5617324113845825
17,0.532744288444519,0.5607429146766663
18,0.5318163633346558,0.5602394938468933
19,0.531460165977478,0.5595851540565491
20,0.5323764085769653,0.5605512857437134
21,0.5321429967880249,0.5602139234542847
22,0.5321114659309387,0.5608682632446289
23,0.5318004488945007,0.5604553818702698
24,0.5319333672523499,0.560182511806488
25,0.5320343971252441,0.5605269074440002
26,0.5319328308105469,0.5605553984642029
27,0.532046377658844,0.5607957243919373
28,0.5323264002799988,0.5608451962471008
29,0.5323548913002014,0.5607225894927979
30,0.5319832563400269,0.560645341873169
31,0.5319364070892334,0.5606844425201416
32,0.5318458676338196,0.5611674189567566
33,0.5319293737411499,0.5603911280632019
34,0.5320247411727905,0.56038498878479
35,0.5320284366607666,0.560635507106781
36,0.5321736931800842,0.5605602264404297
37,0.5320713520050049,0.5604513883590698
38,0.531510591506958,0.5596219301223755
39,0.5315229892730713,0.5596669912338257
40,0.5314882397651672,0.5600258708000183
41,0.531494140625,0.5600011944770813
42,0.5316001176834106,0.5600272417068481
43,0.5314831733703613,0.560232400894165
44,0.5316746830940247,0.5603305697441101
45,0.5317560434341431,0.5606206059455872
46,0.5317518711090088,0.5607984066009521
47,0.5318416953086853,0.5607894062995911
48,0.5318032503128052,0.5608000159263611
49,0.5314105153083801,0.5599595904350281
50,0.5312666296958923,0.5597848892211914
51,0.5310186147689819,0.5596246123313904
52,0.5310680270195007,0.5596582293510437
53,0.5310289263725281,0.5595565438270569
54,0.5308561325073242,0.5595121383666992
55,0.5309741497039795,0.5593881011009216
56,0.5311381816864014,0.5592867732048035
57,0.5313377976417542,0.5594605207443237
58,0.5314128398895264,0.5595415830612183
59,0.5314474701881409,0.5595069527626038
60,0.5315107107162476,0.5597431659698486
61,0.5315864682197571,0.5598027110099792
62,0.5316230654716492,0.5597103834152222
63,0.5314459204673767,0.5595855116844177
64,0.531387209892273,0.5596365928649902
65,0.5313004851341248,0.5593445301055908
66,0.5313600897789001,0.5593746304512024
67,0.5314844846725464,0.5592952370643616
68,0.5315308570861816,0.5591513514518738
69,0.5313514471054077,0.5590788722038269
70,0.5314289331436157,0.5591117739677429
71,0.5311874151229858,0.5589167475700378
72,0.531240701675415,0.5587103962898254
73,0.5313547253608704,0.5589444637298584
74,0.5311172008514404,0.5587255358695984
75,0.5310255885124207,0.5586357712745667
76,0.5311172008514404,0.5586856007575989
77,0.5311880707740784,0.5587563514709473
78,0.5311269760131836,0.5586800575256348
79,0.5311762690544128,0.558742344379425
80,0.5311602354049683,0.5585962533950806
81,0.5312089323997498,0.558627188205719
82,0.5311199426651001,0.5585116147994995
83,0.5309062600135803,0.5582554340362549
84,0.5307939648628235,0.5581668615341187
85,0.530750036239624,0.5579658150672913
86,0.5305784940719604,0.5577359795570374
87,0.5306379199028015,0.5578640699386597
88,0.5307158827781677,0.5580017566680908
89,0.5308326482772827,0.5580192804336548
90,0.5308922529220581,0.5579707026481628
91,0.5309083461761475,0.5580011606216431
92,0.5309123396873474,0.5579348206520081
93,0.5308042764663696,0.5577930808067322
94,0.5308089852333069,0.5578746199607849
95,0.5307673215866089,0.5579994320869446
96,0.5307158827781677,0.5577598214149475
97,0.5307027697563171,0.5577356815338135
98,0.5306946039199829,0.5577946305274963
99,0.5307909250259399,0.5578155517578125
100,0.5306531190872192,0.5576117038726807
101,0.5305910706520081,0.5575453042984009
102,0.5305978059768677,0.557650089263916
103,0.5305682420730591,0.5576701164245605
104,0.5306142568588257,0.5575999021530151
105,0.5305301547050476,0.557506799697876
106,0.5305888056755066,0.5576194524765015
107,0.5306576490402222,0.5577326416969299
108,0.5306873917579651,0.557809591293335
109,0.5305823087692261,0.5578460097312927
110,0.530524730682373,0.5578413009643555
111,0.5305404663085938,0.557854175567627
112,0.5306029319763184,0.5578768849372864
113,0.5305189490318298,0.5578007102012634
114,0.5305689573287964,0.5578793287277222
115,0.530363142490387,0.5577355623245239
116,0.5303438901901245,0.5578643679618835
117,0.5303886532783508,0.5579345226287842
118,0.5304275751113892,0.5580143332481384
119,0.5304787158966064,0.5581216812133789
120,0.5304642915725708,0.5580601692199707
121,0.5304900407791138,0.5581214427947998
122,0.530470609664917,0.5580886006355286
123,0.5303447842597961,0.5580238699913025
124,0.530381441116333,0.5580495595932007
125,0.5304672122001648,0.5581488609313965
126,0.530343770980835,0.5581512451171875
127,0.530399739742279,0.5581977367401123
128,0.5304248929023743,0.558234691619873
129,0.530392050743103,0.5583351850509644
130,0.5304272770881653,0.5582956671714783
131,0.5304965376853943,0.5584177374839783
132,0.5304765105247498,0.5584959983825684
133,0.5304832458496094,0.5586299896240234
134,0.530394971370697,0.5585669279098511
135,0.5303186774253845,0.5585045218467712
136,0.5303652286529541,0.5585740208625793
137,0.5303798913955688,0.5584314465522766
138,0.5303741097450256,0.5584479570388794
139,0.5303799510002136,0.5584691166877747
140,0.5303797721862793,0.55853670835495
141,0.5304040312767029,0.5585275888442993
142,0.5304632782936096,0.5586064457893372
143,0.5304476618766785,0.5586293935775757
144,0.5304596424102783,0.5585488677024841
145,0.5304862260818481,0.5585853457450867
146,0.5305008888244629,0.5585906505584717
147,0.5304989218711853,0.5585485100746155
148,0.5304837822914124,0.558581531047821
149,0.5305237770080566,0.5585278868675232
150,0.5304629802703857,0.558413565158844
151,0.5304619073867798,0.5584219694137573
152,0.5303903222084045,0.5583370923995972
153,0.5303089618682861,0.5582544803619385
154,0.5302466750144958,0.5582261681556702
