0,0.5640946626663208,0.576283872127533
1,0.5423406958580017,0.5549564361572266
2,0.5396208167076111,0.5537930727005005
3,0.537212073802948,0.547876238822937
4,0.5358957648277283,0.5487905144691467
5,0.5369654297828674,0.552238404750824
6,0.5377172827720642,0.551099419593811
7,0.5360628962516785,0.551817774772644
8,0.5360617637634277,0.5501753687858582
9,0.5362980365753174,0.5507898330688477
10,0.5362823009490967,0.550659716129303
11,0.5344007015228271,0.5475230813026428
12,0.5338877439498901,0.5468825697898865
13,0.5342826843261719,0.5470024943351746
14,0.5340975522994995,0.5453088283538818
15,0.5336078405380249,0.5443285703659058
16,0.533656120300293,0.543687105178833
17,0.5337855815887451,0.5440289974212646
18,0.5339662432670593,0.5434373021125793
19,0.5341602563858032,0.5439761281013489
20,0.5343934297561646,0.544893205165863
21,0.5347275733947754,0.5455179810523987
22,0.5347328186035156,0.5456656813621521
23,0.5341083407402039,0.54583740234375
24,0.5340245366096497,0.5454895496368408
25,0.5341866612434387,0.5457732677459717
26,0.5342934727668762,0.5460511445999146
27,0.5342469215393066,0.5460119247436523
28,0.5338201522827148,0.5460015535354614
29,0.5340935587882996,0.5462009906768799
30,0.5337929725646973,0.5461887717247009
31,0.533990740776062,0.546539843082428
32,0.5340195894241333,0.5468094944953918
33,0.5339657068252563,0.5466178059577942
34,0.5336270332336426,0.5468690991401672
35,0.5336390733718872,0.5466439127922058
36,0.5336838960647583,0.5465440154075623
37,0.5339901447296143,0.546746015548706
38,0.5337285399436951,0.5464513897895813
39,0.5337738394737244,0.5461596250534058
40,0.5340536236763,0.5465095043182373
41,0.5338592529296875,0.5467619299888611
42,0.5336723923683167,0.5466989874839783
43,0.5333919525146484,0.5464015007019043
44,0.5334920287132263,0.5468687415122986
45,0.5337685942649841,0.5470705032348633
46,0.5338560342788696,0.5472093820571899
47,0.5337218642234802,0.5468848943710327
48,0.5337610840797424,0.5468450784683228
49,0.5334441661834717,0.5463711023330688
50,0.5332724452018738,0.5460383296012878
51,0.5334375500679016,0.5462659001350403
52,0.5335394144058228,0.5460612177848816
53,0.5335313081741333,0.5458375811576843
54,0.5337105989456177,0.54615318775177
55,0.5336532592773438,0.5458094477653503
56,0.5335750579833984,0.5458695292472839
57,0.5335511565208435,0.5458952188491821
58,0.5335394740104675,0.545713484287262
59,0.5336847901344299,0.5459253191947937
60,0.5338447690010071,0.5461949110031128
61,0.5336855053901672,0.5461817383766174
62,0.5335405468940735,0.5462280511856079
63,0.5333191752433777,0.5456267595291138
64,0.533313512802124,0.5456898212432861
65,0.5331859588623047,0.5455677509307861
66,0.5330272316932678,0.5455446243286133
67,0.5331578254699707,0.5455325841903687
