0,0.6109666875735116,0.6195408865238787
1,0.5757799376695654,0.5951232108301473
2,0.546629789660647,0.5733096418381929
3,0.5207080685806291,0.5553870528621465
4,0.4979097870850407,0.5388181453277107
5,0.4773772000526688,0.5232973527484002
6,0.4578037859801358,0.508148434061867
7,0.4406654825960475,0.4943105735522515
8,0.42509869239165177,0.4822967418245026
9,0.4105103761135336,0.47291079379326023
10,0.39772805144699813,0.46473389276009625
11,0.38517286948854806,0.4582120809886998
12,0.3734700989810254,0.4512825289624523
13,0.3628926787410718,0.44491531266847867
14,0.3515677705755591,0.43732104845462
15,0.3415016381799559,0.4308669332913809
16,0.3326704554571878,0.42469718241417
17,0.32389720453760956,0.41974607567844596
18,0.3149513052084029,0.4144109691638592
19,0.30619323150452465,0.40918449456298056
20,0.29837931053882405,0.40454737969395255
21,0.290990034456182,0.3995846751551631
22,0.28375297454548065,0.3965675446442492
23,0.2768707166432925,0.39290212112866574
24,0.27020130268668713,0.38906752973571845
25,0.263637447483697,0.38599462565435416
26,0.2578360495963263,0.3834012630300969
27,0.25204695337423777,0.38054915844913734
28,0.2465004442659294,0.378076776136977
29,0.24074405752828565,0.37570367138754424
30,0.2355265597582271,0.3741686795246902
31,0.23051947668698755,0.37194131554072807
32,0.22559746745379067,0.36871119490098203
33,0.22090534062081732,0.36661133944591995
34,0.21622801529553232,0.36502502025241357
35,0.21178032023200039,0.3633152489492678
36,0.2071649127488341,0.3610838721765169
37,0.20277996062650305,0.3598647637116281
38,0.19856233929286868,0.3577415222602675
39,0.19438790360349267,0.35596125982429194
40,0.19099951663450954,0.35543852047066005
41,0.18720436590236036,0.3549070856255492
42,0.18370454522166102,0.3529228490025721
43,0.18010093696199816,0.3521902731003733
44,0.1768591395968328,0.3524337280391503
45,0.1733265213758564,0.3517724037360683
46,0.17009910375075485,0.35139346563173496
47,0.16706298209661932,0.35120437030849755
48,0.1640211803390646,0.35042043621500496
49,0.16113816455479973,0.35034165641196224
50,0.158301165976767,0.34909421997905293
51,0.1557523476034587,0.35018710563123856
52,0.1531830045718915,0.3498520262742375
53,0.1507140643364811,0.34934688788124246
54,0.14834490055054736,0.349108276345396
55,0.145903813938394,0.3490214433684045
56,0.14336803744973603,0.3491049095628887
57,0.14083020160686419,0.3496395460130565
58,0.13824759059824357,0.3506836448076676
59,0.13583234466214714,0.35090526374123937
60,0.13373743392372778,0.35059237921999664
61,0.13161237712058294,0.35068856477528404
62,0.12967401855908964,0.35229084912689734
63,0.12758713647919037,0.3518280192957609
64,0.12560491477715083,0.3511892994059037
65,0.1237827418293144,0.35114015746197824
66,0.12200509882586724,0.35110251030673395
67,0.12017381009634957,0.35054934744570304
68,0.11798267089538872,0.35043906112887696
69,0.11629813856531149,0.3503259315518169
70,0.11453681686788923,0.35038847178648147
71,0.1125313088960864,0.3506181705085245
72,0.11091697457664153,0.3508301413908961
73,0.10932463058663447,0.35115834148116304
74,0.10764881924230127,0.35134485777303087
75,0.10596262454946395,0.3526770676107767
76,0.10432634189888189,0.35353733162653167
77,0.10279628136191872,0.3536362536370313
78,0.10129623134293375,0.3541384077683709
79,0.0999008430778675,0.35459786881029864
80,0.0985422268173863,0.3555014325372805
81,0.09695798279924216,0.35508775182655716
82,0.09560625984156383,0.3558868010359393
83,0.09405362391089295,0.35590339779000923
84,0.0927835143788316,0.3552419833713497
85,0.09131917330491339,0.3547854466219871
86,0.09005121157393864,0.3556605350929181
87,0.08895456533683524,0.3564128166498661
88,0.08790807107003455,0.3570592179175718
89,0.08675503785535887,0.3578986881311378
90,0.0854499988058341,0.3587319179651229
91,0.08423203767370027,0.35943242762923666
92,0.08296150821666205,0.3606013696171051
93,0.08197386366944663,0.3610346378698306
94,0.08089100631332624,0.3618047130333392
95,0.07977138403605048,0.3622879285388893
96,0.07844538401551508,0.3616435494323267
97,0.0773613743583128,0.36159592718214023
98,0.07622157447760229,0.3625838851495041
99,0.07510208606249905,0.363977322411507
100,0.07413046287787818,0.3639220313013352
101,0.07315292422333598,0.3630073164304849
102,0.0722098661402534,0.3630457901312479
103,0.07121270564932611,0.3636027368157596
104,0.07038827177929147,0.36409901743424244
105,0.06949777460515122,0.3649895217865949
