0,0.5867887831838149,0.589009491009416
1,0.5687555924888246,0.5736123425033229
2,0.5520197235728571,0.5594073475051224
3,0.5375880413251164,0.5473962475130473
4,0.5242435824511765,0.5363560388618266
5,0.5117017832035633,0.5258058162832366
6,0.5001086716633869,0.5164137965050489
7,0.4894456236722733,0.5076074121064016
8,0.4793225817405026,0.49936983626615483
9,0.4696705544475035,0.49169362629470303
10,0.4606252721513095,0.48464736032939254
11,0.45209923686007114,0.47807430367873305
12,0.44418747068513315,0.47115632865752755
13,0.43596013101406217,0.46475528730105853
14,0.42852587942982456,0.4586797119393456
15,0.4216163314810725,0.4535384139461267
16,0.41449531097389625,0.44881411798724824
17,0.4081250132083641,0.44450033921660576
18,0.4017839213444937,0.44055235111850993
19,0.3955846112823592,0.43603032674501757
20,0.389926038674994,0.43186344941515425
21,0.38417879043905917,0.42745633411054873
22,0.3789735962393637,0.4229092734987848
23,0.37395942522710324,0.4193832661229555
24,0.3693974318030671,0.4167334022167357
25,0.364752764815621,0.4134404695350159
26,0.3598987089639689,0.41023710728858365
27,0.3551517497987788,0.4069034995195355
28,0.350074434408809,0.40400127123153146
29,0.3454814029295281,0.40159505308704924
30,0.34096016949295055,0.39907179581412894
31,0.33661842779064294,0.3960626785509682
32,0.33238417214633764,0.39338647767081136
33,0.32816410455897105,0.39089204748007406
34,0.3241475036494722,0.3890937719365635
35,0.3201016714964867,0.38677380523893373
36,0.3162289650358229,0.3844010346271409
37,0.31285738995222345,0.38249556968719167
38,0.30877033246535857,0.3801554554446041
39,0.30526279793431715,0.3785462674298278
40,0.30186723266727056,0.375521403682012
41,0.2981821464703071,0.373288037519342
42,0.2945323093150913,0.37176673085211526
43,0.29104926629484734,0.36959772155958764
44,0.2875724153563162,0.3669055899033946
45,0.28444236989348026,0.3654054496573923
46,0.2812452662256639,0.3632585752944016
47,0.2778759062371154,0.36079180253743526
48,0.2746603329276195,0.3585159545038055
49,0.27198655013484646,0.3569295139730981
50,0.2689543434748729,0.355605995470181
51,0.2662395421633269,0.354078190512928
52,0.2634541011869009,0.35251043072253485
53,0.2603689339166404,0.3509549324363611
54,0.25768230803524006,0.3496089258952118
55,0.25507017003007576,0.34808080362893384
56,0.2524318156306602,0.34721275446137523
57,0.24958646274503068,0.3452285601268014
58,0.24703307905492997,0.3432955740271525
59,0.24469766268398613,0.3422556992510385
60,0.24207089841341586,0.3407573735043799
61,0.23974975899434256,0.33954380199657436
62,0.23736991622242612,0.33860088806209315
63,0.23496218214461548,0.33766182377388354
64,0.2324848260037533,0.3365070345775326
65,0.23023939781850236,0.3355740712100212
66,0.22779962263885026,0.33404382198102045
67,0.2254253436587501,0.3326953769165029
68,0.22345052600361134,0.33194832353292897
69,0.22153036383018643,0.33085937979386115
70,0.21919184939168146,0.3298013987084094
71,0.2170639303116874,0.32908512192479594
72,0.21512074975898082,0.32798777276709173
73,0.21304832052922526,0.3272873504510416
74,0.21104900294160583,0.3263669613400003
75,0.2091646287988416,0.325459656235183
76,0.20732650299739064,0.32465367280203444
77,0.205503251218102,0.32415385464542734
78,0.20368836409074761,0.3236252384843853
79,0.20179280968868474,0.3232024364870733
80,0.20000411736560825,0.3226171707714911
81,0.19817998122376565,0.32202919887418374
82,0.19658078124685055,0.3215451394981911
83,0.19496008450838243,0.32105134892432236
84,0.19328662890404125,0.3208029797194645
85,0.19173321523591785,0.32027439999966834
86,0.19002562539711335,0.3201455075907836
87,0.18850760458750093,0.3192761345044874
88,0.18686493633341417,0.3191399121395685
89,0.18524033312731716,0.31954749868958326
90,0.18362916363654225,0.31900652139056856
91,0.18214729504275873,0.3186770548670388
92,0.18057944135390167,0.318047431115553
93,0.17913372271724856,0.31739739163774805
94,0.17751034584489037,0.3170002631426277
95,0.17591148950372298,0.31697380376617657
96,0.17447490205249436,0.3163013459960773
97,0.17292075843694235,0.3160624997941374
98,0.17148888175265942,0.3159084349314056
99,0.17010083352567992,0.31580704746055616
100,0.16868783565174994,0.31495868476182176
101,0.1673037592646637,0.314558781113068
102,0.16592057068278304,0.31478153005831927
103,0.1647044005507801,0.31469980187366614
104,0.1634536075306859,0.31427292143411
105,0.16217389023265033,0.3138619408869345
106,0.16075342221122232,0.3136014440531236
107,0.15946795051180734,0.3134758514953762
108,0.1581587000046829,0.3127871029435786
109,0.156873988359245,0.3129890528235297
110,0.15544882907071736,0.3131739328574584
111,0.1541906082170118,0.3128409843205935
112,0.15300098518450087,0.3126158982968059
113,0.15178349965361426,0.31240160486530816
114,0.15059140494742584,0.3125398402956226
115,0.14942774211972332,0.31244584911444223
116,0.14837871005297426,0.3120748939716629
117,0.14719365425049438,0.31230719106369703
118,0.14611704562067293,0.31232613532263
119,0.144905194917762,0.31226207054172506
120,0.14383810549846385,0.3120335775578801
121,0.14277980888990632,0.3118850423016924
122,0.14169026979591107,0.3121132655548291
123,0.14060555564618218,0.3114569448249215
124,0.13947575312358035,0.3114862579586478
125,0.13856746242869938,0.3115333063420282
126,0.13744381944428172,0.31109582484742593
127,0.13638720525033837,0.31126007745809875
128,0.13535454622709522,0.31080950458122614
129,0.13434940569241832,0.3103669245127482
130,0.13332484396016347,0.3099629898681403
131,0.13241860084602614,0.31001886723658323
132,0.13142910455886558,0.31055359521476245
133,0.13052034503086327,0.31069506604541214
134,0.12955160525946086,0.3105811049716411
135,0.128652809587366,0.3107312147820888
136,0.12773484888263306,0.3107873242756779
137,0.1267333467752833,0.310450439924148
138,0.1258237056948056,0.3106166381353143
139,0.12498556237495229,0.31030419488137184
140,0.12402647123830184,0.3105620938183858
141,0.12314888633196604,0.31060236989838347
142,0.12226137647855781,0.310327297021724
143,0.12132632362522189,0.3099245951945687
144,0.12041520669345057,0.3099775458335004
145,0.11955990258014607,0.3102328156438084
146,0.1187229383978428,0.3109744997972079
147,0.11788992777462001,0.31085143280003885
148,0.11707122355144381,0.31078720301623824
149,0.11617486716725967,0.3108754504464223
150,0.11530453428502795,0.3114529528494675
151,0.11448674563458036,0.31148996217972535
152,0.11368196028268081,0.31190272612493886
153,0.11279084908696302,0.31182919295158296
154,0.11197224994376333,0.31194130029285194
155,0.11119744496455589,0.31133485813290995
156,0.11040472061827605,0.31099826317488477
157,0.10959048997810752,0.31078878056464304
158,0.10887330377884025,0.31143641511094633
159,0.10813925301179085,0.31173626141393695
160,0.10741485121405336,0.3114853947103095
161,0.106670245632625,0.31164214278145896
162,0.1059347474611735,0.31231929385276885
163,0.10524044268335626,0.3124237723239688
164,0.10448010092414287,0.31272576213598025
165,0.103734713852236,0.3126787343745039
166,0.10299083559858566,0.3130623786077325
167,0.10227070498308743,0.3131803996386835
168,0.1016424742365158,0.31300770684052426
169,0.10094611983141258,0.3129750726105826
170,0.10020627892246152,0.31292310498627773
171,0.09954111983542581,0.31295127439201137
172,0.09890625503468697,0.3128653871997652
173,0.09827225763900273,0.31312453258178324
174,0.09762157570328533,0.3129851815109664
175,0.09699850468388573,0.312568822434586
176,0.096261148135596,0.31257519673360196
177,0.09563876580142366,0.31302954968613556
178,0.09494916179037,0.31289775892346733
179,0.09433007725291685,0.3129522931358585
180,0.09369659941500208,0.31275668445305305
181,0.09310679389022802,0.3127416453772405
182,0.092488376991427,0.3129225225488477
183,0.0918638305025974,0.3125983170168245
184,0.09125443811530623,0.31314420237437374
185,0.09066708426832962,0.3132390655388496
186,0.09010512101370177,0.31307749291644993
187,0.08954261425165129,0.3134859261780741
188,0.08897902423518943,0.3138732358529905
189,0.08841216478449801,0.31364667074485403
190,0.08784906391765056,0.31406987239236084
191,0.08728042312879569,0.3142366263161934
192,0.08674111308219506,0.31426239181915705
193,0.08620065755386641,0.3144674759736771
