0,0.6722809547601745,0.674120419439268
1,0.6557805091967747,0.6590241123258622
2,0.6382321244722453,0.6425495327096183
3,0.6211395094693037,0.6264097431009751
4,0.6043092172143203,0.6108580162822008
5,0.5911884835920197,0.5985120275416924
6,0.5791354258591155,0.587475064283375
7,0.5657439205469615,0.575346216241691
8,0.5544891526400713,0.5645882771340538
9,0.5436331071990933,0.5550374830958104
10,0.5321220997824093,0.544902294964275
11,0.5218450772273844,0.5352877620307009
12,0.5126541492550872,0.5276569563871023
13,0.5033891747560216,0.5196142013859799
14,0.49466168814455286,0.5120528220714647
15,0.486269827300924,0.5050430068701753
16,0.47939208443642717,0.49904586835781867
17,0.47337762065900124,0.49352182625359564
18,0.46646469640045335,0.48760928664737324
19,0.46068778307334923,0.48279496685561685
20,0.4559840543457572,0.4788234995494017
21,0.45002295408534054,0.47394872717620795
22,0.4453196309069594,0.46984839701073666
23,0.44076000733232973,0.4661707178021555
24,0.4353564020539175,0.46181806802108316
25,0.4305318534572259,0.4577454600309332
26,0.42659163871080774,0.45462567772929335
27,0.42223478974165973,0.4506907314032814
28,0.41875044610413203,0.44794614408746836
29,0.4146688636619255,0.4446561026516243
30,0.411904369873858,0.4424231006664917
31,0.4091496768583887,0.44011252164729175
32,0.40659823158914726,0.43850657673669985
33,0.4032836102964078,0.4358083243977897
34,0.40051495962892786,0.4335296681595657
35,0.39791224618026716,0.43155228310690685
36,0.39565752775038066,0.42978908868562354
37,0.39307492278343026,0.42786262232041594
38,0.3911366679211656,0.42651362354821726
39,0.3891670505865864,0.42536159034333854
40,0.3873725967153758,0.42398703464490833
41,0.3851076381679125,0.4221776282620134
42,0.3830068932551218,0.4209367965918008
43,0.3816537107212071,0.4201784074816404
44,0.3801174903100775,0.419221541566343
45,0.378680629455634,0.418193631801471
46,0.3770335251310735,0.41733781423571104
47,0.3754679361979167,0.4162688479291854
48,0.37418092577692413,0.41543262470534537
49,0.3731166970558209,0.41497011656685145
50,0.37193411555665146,0.4144317410760576
51,0.37064413110811184,0.41371369717389656
52,0.36964289769777825,0.41336646035636776
53,0.36810204726649015,0.41212777128883743
54,0.36699881822959923,0.41154608605471227
55,0.36596787833956257,0.41107642541387523
56,0.364753664001938,0.4101534830233552
57,0.36353762469286405,0.4093814496178645
58,0.362744978760036,0.4090730843168068
59,0.3619252962131437,0.4088360975332367
60,0.36095211328990173,0.4086735712454491
61,0.3600024522208956,0.4082255626455725
62,0.359136334289348,0.4078774984551041
63,0.3584329091829319,0.4074237284824887
64,0.35781769102990035,0.40713010381723913
65,0.35685721531526854,0.406714124927603
66,0.3560022499870224,0.40637258230040285
67,0.3549595491698678,0.40590268504271776
68,0.3539976202372301,0.405543362063133
69,0.35331893363268274,0.40518390976484225
70,0.35267117015547134,0.4049518184572621
71,0.3518707174003322,0.4047417552019813
72,0.35133823128633723,0.40474387540771095
73,0.35071273921996127,0.4044282918551394
74,0.35002093985759275,0.4042719362338076
75,0.3492786496184593,0.40414396759023663
76,0.3488639755502492,0.4040980362032632
77,0.3480477401716501,0.4035438802536231
78,0.3475687865535022,0.4034264858311546
79,0.3470485345073713,0.40326091236878775
80,0.34652557879983387,0.40304329723574106
81,0.34588825821480484,0.40314094107437565
82,0.3452243065649225,0.402925754203607
83,0.34459374513340946,0.4026851206965349
84,0.3439929239773671,0.4026086950527003
85,0.3431393104798242,0.4022956312048373
86,0.34261240066747994,0.40221267556629064
87,0.3419726129914175,0.4019790228647739
88,0.3415519232765781,0.40194990845351075
89,0.34100672995397285,0.40189811394060765
90,0.3403702204673657,0.4020153425199957
91,0.33990985452138706,0.4019822183555112
92,0.33942022144068384,0.4019239654000005
93,0.33886515975394516,0.40192951204019706
94,0.3382897868108908,0.4021439813164545
95,0.33786108749913485,0.4019926326577802
96,0.3374499957822882,0.40179531303007715
97,0.3370876037665248,0.4019624729340297
98,0.3367761419725048,0.40198147940845996
99,0.3363949257141992,0.4017993181700297
100,0.3360707905073367,0.4015993072449974
101,0.3357071142524052,0.40154152609538835
102,0.3353564831637597,0.40153675471405526
103,0.33484826241088733,0.40146495204513305
104,0.3344630920477748,0.40137030573528326
105,0.3341964096457987,0.40140068377399035
106,0.3336308712711102,0.4013390007329149
107,0.33316138046788485,0.4012515048347114
108,0.3326522134335202,0.4010201265032157
109,0.3323006698591501,0.40104559314597765
110,0.33170954808840325,0.4008141984783234
111,0.3313474940303156,0.40108156284546576
112,0.33104742140997023,0.4010681057460571
113,0.33074663907850566,0.4010376323901784
114,0.3304254778991902,0.4008768085246339
115,0.3299843417449647,0.400818191618333
116,0.32961755627941586,0.4006852391974093
117,0.3292997408810908,0.40071477008210077
118,0.32893792339337624,0.40067887501855515
119,0.3284906702052187,0.4008370464286621
120,0.32818796151500207,0.4008743007038653
121,0.32775939738631643,0.40059161200329585
122,0.32736912386229927,0.40058079070524977
123,0.32699486953211515,0.400637578002229
124,0.32656255407322815,0.40073576583973614
125,0.3261923214393861,0.40077627884482897
126,0.3257233375726744,0.40086480411089626
127,0.3252603355568245,0.40092975136195774
128,0.324888446930371,0.4010188504371646
129,0.3245661028991902,0.400959135767304
130,0.32419418047696913,0.4010829735482019
131,0.32375003649942896,0.40104184966451795
132,0.32321329211871885,0.4012055631631647
133,0.32282075427827384,0.40126418717428564
134,0.32234403118078625,0.4011536255648236
135,0.32210387845636074,0.4011973498411519
136,0.3216699408006298,0.4013434111706733
137,0.32125533432395487,0.4014489967823716
138,0.3209274477868909,0.40155231486483806
139,0.3206695860802533,0.4016769265446902
140,0.32047793028230553,0.4017061353377444
141,0.32006345898870087,0.40171174987380515
142,0.3198626107419712,0.4021162628961307
143,0.319554393341639,0.40209526008757146
144,0.319130932373858,0.4020663762858256
145,0.31877486016663203,0.40236521825667204
146,0.31843541547705567,0.40225348323095944
147,0.3181582225913621,0.4023169296398207
148,0.3178568319360811,0.40246677601809155
149,0.31756294394120294,0.40254079691998523
150,0.31735097688693936,0.4026464737740711
151,0.31720183616460756,0.40269728103160163
152,0.316926738616504,0.4028235405371821
153,0.31675049368857283,0.4029543375173864
154,0.31633761079604444,0.40307570679713306
155,0.31597893631471485,0.40317314867891335
156,0.31574334601891263,0.4032431768131031
157,0.31550021926694005,0.40338448295467355
158,0.3152136311578592,0.40343228011695087
159,0.31488800893722313,0.40361176599443604
160,0.3145432921079042,0.4035929687301175
161,0.314336935151059,0.4037580376027997
162,0.31402131647762666,0.4039218837786821
163,0.313695660461223,0.40385393186293966
164,0.3134172509278966,0.40397958504314113
165,0.3131997075719823,0.4040871300856012
166,0.3129034538733735,0.4040980965697221
167,0.3127068976891265,0.40407163937199797
168,0.31244106018134,0.40412998755601925
169,0.31214619210920197,0.40419380910986286
170,0.31196812220982145,0.40429391974436574
171,0.3117029606173865,0.40443022618166385
172,0.3114770697068798,0.4046281164518708
