0,0.5653039198345661,0.5683490024304318
1,0.5292973995934002,0.5369669153709279
2,0.4996016890158392,0.5120975413057276
3,0.47302468927720065,0.4865540708336598
4,0.44968107441148364,0.46570385260046887
5,0.42934712912283257,0.44809194678642306
6,0.4119535053312142,0.43292797767476743
7,0.3952230077865019,0.4202066339559801
8,0.38217644136642326,0.41027218520700515
9,0.3684256749788703,0.3987083368617468
10,0.35590410680651874,0.3894066940530646
11,0.34587199612989417,0.3814835472045376
12,0.3336363176935241,0.37366984455357005
13,0.32434434217808117,0.3665514982341536
14,0.31583106096326075,0.3617128245865458
15,0.3065633488972104,0.3545585871334701
16,0.29768046857162417,0.34968803155623457
17,0.29122843473468846,0.3439831155784199
18,0.2846837309204173,0.3386910006093174
19,0.27841069898539184,0.3340361171883883
20,0.27182091346835274,0.3310499437811832
21,0.2656308609316034,0.3272584371838456
22,0.2603021504087797,0.32490489371453873
23,0.25707613165680665,0.32279726761544
24,0.2525680984460837,0.3202743467679682
25,0.24925874970688663,0.31927950859306586
26,0.2445029586263099,0.3162887967945388
27,0.2414915509520111,0.3144347971710335
28,0.23688414546068798,0.3112179252625163
29,0.23321078571684978,0.3092923435903235
30,0.22968005572001884,0.30708694342956644
31,0.2265378204480772,0.30541892338991755
32,0.22276711702875945,0.30298775696041214
33,0.22074179936580587,0.3015363929902371
34,0.21691094211325593,0.2998644192800177
35,0.21494558255639373,0.2994235237189148
36,0.21311569140092193,0.2983964622139102
37,0.21125873089343614,0.29722251327081317
38,0.20912144850057912,0.2964578005536103
39,0.20717565235243576,0.2949724846390976
40,0.20581565096027093,0.29395534747022145
41,0.20379225200267384,0.29174416709983536
42,0.20175216662083936,0.29190305560316737
43,0.1987374505911116,0.2899610991437125
44,0.19637768434789396,0.28846409335887835
45,0.19472619664661267,0.2877513955475794
46,0.19251047585831146,0.2868672225026871
47,0.19110173010064957,0.2860505010020783
48,0.18869292271826052,0.28524700951759724
49,0.1863380961327346,0.28397597536045127
50,0.18437121311229934,0.2836401957274963
51,0.18302414682722687,0.28286654919722554
52,0.18215129029436852,0.28235775648496947
53,0.18003269534225955,0.28178022959100335
54,0.17891075411038568,0.2815897485006382
55,0.17745951764255036,0.2810636128963904
56,0.17574981347407276,0.2807852748814737
57,0.17478500645832504,0.28070108946264827
58,0.1730224114685681,0.28025498567935164
59,0.17202559037183543,0.2798519762641683
60,0.17116647412219235,0.2792246409191527
61,0.1684575424520824,0.27875429373179017
62,0.1666951742183268,0.2780651144457698
63,0.16553483976257966,0.2779229133812546
64,0.16395700467807786,0.2773874809673239
65,0.16284377304171052,0.2768859779480715
66,0.1618903992547965,0.27674350159866096
67,0.16071396739540567,0.2761415812217417
68,0.15926518995948052,0.2751103141419072
69,0.1581262512010415,0.27464022653504777
70,0.157057509271681,0.27413959778445773
71,0.15595536428217613,0.2735560858629592
72,0.15478670894176874,0.2730117870051721
73,0.15381307019763063,0.2730058827372721
74,0.15288816187459062,0.27289897357617704
75,0.15187727376450474,0.27256819849987374
76,0.15081354596834562,0.2717344198461951
77,0.14964558795392366,0.27119197897925645
78,0.14859038060887175,0.27075223860681397
79,0.14777287103856449,0.2703158522603706
80,0.14696743855181632,0.2705470781450557
81,0.14619324646653342,0.2703097163743035
82,0.14490978455164977,0.26964048930520584
83,0.14432986038798284,0.2692059201180062
84,0.14351796525002528,0.26883398003778175
85,0.1426615978265979,0.2685325989243505
86,0.14209029730964431,0.2685303044206691
87,0.14082218097553614,0.2679760796762448
88,0.1402014386285696,0.267970370946317
89,0.1394933547231646,0.267765881873338
90,0.13873830858177683,0.26728046608694794
91,0.1380017057408909,0.2665186460692225
92,0.13690187573253226,0.266391377046597
93,0.13581688538656705,0.2664223343486294
94,0.13504768798390493,0.2658436919845522
95,0.1339342482566097,0.265199106891363
96,0.1332127731706256,0.26543477273896676
97,0.1323838456604849,0.2650860477754034
98,0.13196165814451358,0.265206721424964
99,0.1313297398241414,0.2652403436607636
100,0.1300177167972602,0.26458403793031343
101,0.12925199992039596,0.2637498931850139
102,0.12863762478257648,0.26380945627032865
103,0.12806249126955693,0.26359678970815387
104,0.1271713162286807,0.26331963915934614
105,0.12659943483303654,0.263383990189277
106,0.1261115169774964,0.26343088881288357
107,0.12555626729684358,0.26341066096517207
108,0.12500970325193816,0.263017239120984
109,0.12404232560150484,0.26291614761016524
110,0.12332345922018473,0.26277821145876834
111,0.122630719193469,0.26303281721889293
112,0.12213456748978048,0.2627141579299843
113,0.12157871794112365,0.26289185449779734
114,0.12098874020201034,0.2627441746380657
115,0.12028291082989793,0.26259961591449926
116,0.11981456282902217,0.2624461051544162
117,0.1194488270224891,0.26215218032674187
118,0.11878030600645706,0.26210400325249855
119,0.11799890623610168,0.26167697268408696
120,0.1174924726497825,0.26165458867802677
121,0.11700883556850235,0.2613092728193605
122,0.11666759212565755,0.26100799471256436
123,0.11595409629849829,0.26075526435240776
124,0.11546756324854011,0.2606071922467983
125,0.11497640894260604,0.26007105815298337
126,0.11452020740176745,0.2604344715380462
127,0.11368606717319733,0.25999738753619744
128,0.11331335969956377,0.2596737420592871
129,0.11253528222533603,0.2596394261368388
130,0.11186323209399987,0.2601302366249648
131,0.11136296225166717,0.2597342166312542
132,0.11085725095037946,0.2601283503147887
133,0.11038396534351999,0.26048852459982114
134,0.1097095415081659,0.26026248844972116
135,0.10916403940223622,0.25978497759986563
136,0.10885285385295763,0.2601721989285236
137,0.1083977310058816,0.2598249814386388
138,0.10808716890424572,0.260060349505329
139,0.10764595426114654,0.2600681923063705
140,0.10711595461363177,0.26030568982443986
141,0.10643187273057954,0.2604429172588949
142,0.10583979664136835,0.2603737420087788
143,0.1052044200954826,0.2604086510326099
144,0.10464045100854995,0.26037689237767514
145,0.10425209191520028,0.26023637601847244
146,0.10378713321361296,0.26038040870108364
147,0.1033179090191774,0.2604321451510174
148,0.10291179982718217,0.2603785720529671
149,0.10229964968591705,0.2603048396961765
150,0.10209948690971526,0.2601527796156266
151,0.10159139746000104,0.2603753114423447
152,0.10119260110370727,0.2605599411941284
153,0.10088924492481191,0.260575787714209
154,0.10033423290955103,0.2606482576994344
155,0.09985698284334424,0.26104777846580174
156,0.09940159557568953,0.2608512800417853
157,0.09911172031235299,0.26078791674626517
158,0.09883813178326034,0.2609346630277164
159,0.0985451030877907,0.261037644452384
160,0.09819006615228221,0.26097850693073477
161,0.09790592732601253,0.26127492610107117
162,0.09755116787662838,0.26153521922041495
163,0.09713180826745105,0.2612847824529638
164,0.09686461076087097,0.26135949910742756
165,0.09654640785548194,0.2617637651928311
166,0.09603623762235741,0.261536573039279
167,0.09542482285709464,0.26157252036604767
168,0.09514800171903907,0.2612240583414597
169,0.09473967008648078,0.2613133180697144
170,0.09425989876041382,0.2610038476763756
171,0.09393111409804523,0.2608901410225581
172,0.09361897801984655,0.26045345445649093
173,0.0931852724460122,0.26032669465899166
174,0.09286721317956827,0.26045421934180246
175,0.09257636211031325,0.2606282200040125
176,0.09239284257565065,0.2606589206960399
177,0.09170253058355281,0.26072121594907427
178,0.09127794815004388,0.2610347907651029
179,0.09091292119910836,0.2612019875938283
