0,0.5607081932541392,0.5678129044639793
1,0.5229911466286619,0.5382814069371948
2,0.49148347578630097,0.5135799788434313
3,0.4643586263863538,0.4921389562193426
4,0.4414098813911511,0.4730444084834437
5,0.4195636552736544,0.4568712598576683
6,0.40151678377992317,0.4418972041069455
7,0.38357486941617863,0.42943578015905626
8,0.3705361678526601,0.42124812643838144
9,0.3568035688631464,0.41196391502878044
10,0.346620762961687,0.4037276605567724
11,0.3349600860819883,0.3966443928286004
12,0.3241645457125462,0.3898447375474525
13,0.31527171674713417,0.3854475354307813
14,0.3051102194118239,0.379428285961118
15,0.2969222101053352,0.37377163647954254
16,0.28859111993047004,0.3672771285386995
17,0.2819942255604569,0.3626967827200357
18,0.27614530102380574,0.35934508682155564
19,0.26980450898612407,0.35621705021646316
20,0.26398825121204905,0.35311639909341175
21,0.2599876638837686,0.3505569341913413
22,0.25598009706546304,0.3489251895747568
23,0.25225449327091765,0.3467836550029056
24,0.2458477893556085,0.343334778089006
25,0.24197780838787097,0.3426430799185401
26,0.2386784888156404,0.3406198365611968
27,0.2353223858816077,0.3400884836009503
28,0.2328810443917138,0.33828210778896955
29,0.230371773822512,0.33729596927303307
30,0.2272573487940914,0.3361945045074261
31,0.22374886866249116,0.3349447248424029
32,0.22160481738385904,0.3341818270074664
33,0.21850447583252572,0.33246443230314726
34,0.21466870428423063,0.32973505293371486
35,0.21259777112659284,0.3292817762519243
36,0.2094577086817909,0.3270617497209996
37,0.2053283849457727,0.3238449462605298
38,0.20304907874236827,0.3233063989952429
39,0.2014073299991972,0.3227863432349343
40,0.1994056824450424,0.3214935777318602
41,0.1966648204964434,0.32032191006294725
42,0.19446934239399072,0.31949458601251024
43,0.19264593722933807,0.3188775261584762
44,0.19106715229976584,0.31837470479154184
45,0.18896201884950808,0.3174677104249878
46,0.18649409834766376,0.31597174187546895
47,0.18466184197328125,0.3150396758067128
48,0.1825326261734338,0.3146063619188765
49,0.18057893911436262,0.3142424181100007
50,0.1793564805427489,0.3144874115138802
51,0.17801132216251256,0.31420828796582817
52,0.17538508692044447,0.3136093532120903
53,0.17349232156185823,0.3121847832925033
54,0.17180244745776846,0.3121900260984868
55,0.17096944094936428,0.3118392317347754
56,0.16926201153396248,0.3113008430810292
57,0.16795996060758656,0.3111707304614525
58,0.165937294945563,0.3103413436554424
59,0.16391529033523908,0.3090446470101857
60,0.16309782368960546,0.30864360559890797
61,0.1613998021218146,0.30875339802787405
62,0.15992329904008476,0.3089146124099149
63,0.15877163061374433,0.3077153430885405
64,0.1575305434812285,0.3067093254321337
65,0.15667196990078422,0.30676060839618124
66,0.15582005756250128,0.30738859821403214
67,0.15467976763042446,0.30703042737692005
68,0.1534219986517681,0.3075865390224987
69,0.15259238892818355,0.3079924184760558
70,0.15173792017349497,0.30807762485748486
71,0.15068503108066614,0.30834911642420404
72,0.1495959235774781,0.3083125617033261
73,0.148593861899825,0.3078227202040851
74,0.14761690909148414,0.30746136873020846
75,0.1466523218005646,0.306746360374191
76,0.14566308690449176,0.30622327754915857
77,0.1447673547386925,0.3053664467265125
78,0.14391539000212472,0.3048607311142163
79,0.14316179082299454,0.30488624528712616
80,0.14231975409041545,0.30467338337495464
81,0.1411080860667188,0.3047808249334896
82,0.14041675077180044,0.3047333781731379
83,0.13956726134603467,0.3050309072194072
84,0.1387114622823289,0.30396340438049163
85,0.13802121210575513,0.3039113040019267
86,0.13732830220165052,0.3032244217541354
87,0.13657451187902683,0.3030664820164856
88,0.13529191190411105,0.3035041221705115
89,0.13410576737727734,0.30276373897742964
90,0.13352243357777654,0.3030567349248234
91,0.1328058883485109,0.3026595887438558
92,0.13214890160405907,0.30325598951453175
93,0.13150553039925209,0.30291132561449985
94,0.13069587553907275,0.30254542445135046
95,0.13018050379254412,0.3021750093794723
96,0.12944762086360928,0.30270803854047007
97,0.12855597558427395,0.3026170815293083
98,0.1276123579735478,0.30245945187074674
99,0.12685074310696345,0.30227408666661254
100,0.1263137841781637,0.3022960903860126
101,0.125766656981554,0.30238387257539573
102,0.12474971039725784,0.3021478007123052
103,0.12415362655974717,0.30215872525234727
104,0.1234989076634133,0.30218056774565943
105,0.12307546214751672,0.30189110753528753
106,0.12218040296108758,0.3018775203948713
107,0.12133421757260093,0.30187460066068106
108,0.12048963295411007,0.3014607530710581
109,0.1196147876795472,0.3012773300629283
110,0.11875285372461339,0.3020995130090555
111,0.11786638108775462,0.3019500058812534
112,0.11706448357000365,0.3019054227059128
113,0.11586671991155582,0.30141744235819046
114,0.11504227553360369,0.3016887277634324
115,0.1146972876994727,0.3015237460403066
116,0.11415197945321093,0.3013500344896524
117,0.11347604385507877,0.301265385518657
118,0.1128730021905351,0.3012009928612891
119,0.11241709567607143,0.30136926929455327
120,0.11199295040869196,0.30150352893794896
121,0.11128875481209695,0.3005493019639062
122,0.11066947964260362,0.30021769792172603
123,0.11011216309599658,0.29996418868757546
124,0.1097737152399072,0.30007965960299415
125,0.10930625697722632,0.30090652790074096
126,0.10864260014293307,0.3005172029692983
127,0.10820798000329118,0.3003372340735932
128,0.10782365673326876,0.2998884325602407
129,0.10721251748278848,0.3000744702530305
130,0.10679624918219802,0.29976709725801365
131,0.10641077543924643,0.2994937324795184
132,0.10586989087339764,0.29948576346114686
133,0.10524947684510191,0.29977759518480257
134,0.10478835702784843,0.299280186841318
135,0.10417948732560657,0.2992036298334473
136,0.10374051712782115,0.2990623919303458
137,0.10339499857410352,0.29928685080000156
138,0.10287375411851069,0.29974567877265595
139,0.10241744997645773,0.30007190308952103
140,0.10214451187484402,0.3001582845712549
141,0.10131336389003281,0.3007206781696789
142,0.10061296556125988,0.3006461072861575
143,0.1001554252944636,0.3015362847141613
144,0.09988527106624945,0.3015213730381321
145,0.09946719915620247,0.3012540256483166
146,0.0989492419220323,0.30179608463138147
147,0.09827498375107264,0.3009004732244764
148,0.09787362502292152,0.30105829925013683
149,0.09708852503061753,0.30119513127850617
150,0.09647531582802064,0.30100833229112967
151,0.09610417127041024,0.301313682421376
152,0.09561942096567821,0.30150836703352274
153,0.09515947434948692,0.3023697880794763
154,0.09474314267147885,0.3019847166940686
155,0.09428694066578841,0.30265547213437777
156,0.09381116804123218,0.302549120274931
157,0.09322456227450292,0.3028381311304843
158,0.09275990763736328,0.30234776045216105
159,0.09217051181620818,0.3019526300656118
160,0.0918574300591737,0.30159606919008886
161,0.0912085093799598,0.3016351410831707
162,0.09089129227778148,0.3015497726015562
163,0.09049276334336728,0.30063786171550116
164,0.09010853981061799,0.300859286861176
165,0.08987077133135865,0.3008950261290249
166,0.08953703250542021,0.30081342583369136
167,0.08914724833983952,0.3011404927378352
168,0.08876925782433627,0.3012811464313954
169,0.08839009249495466,0.301252835295177
170,0.08804201118843533,0.30132044898346066
171,0.08782454971589186,0.3011144990416599
172,0.08750605002451337,0.3013247125499994
173,0.08705399568298872,0.3018112034242565
174,0.08660361233543973,0.3020085874420536
175,0.08629535355665084,0.3019241612191176
176,0.08601369324092782,0.3019694235193651
177,0.08568870249970822,0.302384661466194
178,0.08520512692954357,0.30177668320020157
179,0.08464337935003738,0.3013858985497552
180,0.08430973582400998,0.30199382848003664
181,0.08413023438698197,0.3024531085701482
182,0.08389471823062734,0.3022255798951605
183,0.08365615665404298,0.30255167361114416
184,0.08342209434504351,0.30259858848792504
185,0.08286239402054717,0.3033992960057642
186,0.08253483685728229,0.3037977038751807
