0,0.6835198795199867,0.685215250359411
1,0.6724444944613389,0.6752552538345606
2,0.6636258832147252,0.6669531142686229
3,0.6545359774017788,0.6591036475070239
4,0.646135788650195,0.6520084292144804
5,0.637566477060318,0.644782574361254
6,0.6320103248637913,0.6391359267470657
7,0.6247122839916455,0.6331002415680332
8,0.618247669697312,0.6274843164209623
9,0.6121472220256345,0.6214272609714367
10,0.606820805651657,0.6165456252533787
11,0.6017532030520791,0.6120982344264212
12,0.5965451373251663,0.6076119717283254
13,0.5924009535399625,0.6039121873901504
14,0.5873032311047003,0.599520174337402
15,0.5833406293089668,0.5962219686751262
16,0.5787838974501323,0.5921516489876375
17,0.5746507666081371,0.5884881406428162
18,0.5705530085624793,0.5849449392960371
19,0.5668377375637386,0.5816193402230924
20,0.5627589876173414,0.5777867648745167
21,0.5584549708890121,0.5745281608815551
22,0.5551264641179693,0.5718071308426678
23,0.5517970674998415,0.5691307735988343
24,0.5491441361588396,0.5667958527028439
25,0.5461262739464117,0.5640593212985058
26,0.5424522401643372,0.5612719391509607
27,0.5387305757481365,0.5577088814721233
28,0.5360642718419555,0.5555418013653517
29,0.5328698405238204,0.5529361452175481
30,0.5301424048894176,0.5504942719147754
31,0.5270060484974339,0.5476522130574979
32,0.5248331287858539,0.546107433367078
33,0.5225163720412258,0.5440956459072688
34,0.5201125091506538,0.5421232303660674
35,0.5178507658821107,0.5404265803767334
36,0.5154002110951167,0.5387104050017111
37,0.5132191799957223,0.5371170687470581
38,0.5107981846260388,0.5350569386521696
39,0.509306811849938,0.5338836255110289
40,0.5054836039808797,0.5312415553451605
41,0.5034733215258798,0.5296420349909644
42,0.5019380886766478,0.528659191720816
43,0.499638657306919,0.5264291235442446
44,0.4981819913716912,0.5252178321170197
45,0.4962765157553622,0.5234424686152025
46,0.4938515619904851,0.5211937637588423
47,0.49195292467970775,0.5195199584445149
48,0.4904059105541162,0.5183069842773719
49,0.4888132866486777,0.5171895417735595
50,0.48677006707347764,0.5157618282977543
51,0.4850406380847368,0.5146440612650515
52,0.48314369477955965,0.5131669476698085
53,0.4812871627657306,0.5117237301379687
54,0.47984754896230114,0.5106843935527228
55,0.47835261399724516,0.5094477350651728
56,0.4766776563608076,0.5080360294422314
57,0.47528734380547216,0.5068475444918389
58,0.4737209646893405,0.5059621371591628
59,0.4720418213864435,0.5046108164060092
60,0.4702779055685553,0.5034807355247105
61,0.468856451010266,0.502153650677682
62,0.4675886027540538,0.5010892605589566
63,0.4663005632747427,0.5004194432820811
64,0.46475880355737903,0.499219214344505
65,0.4632763822471658,0.49778055566471685
66,0.46188494733857505,0.49684873202562135
67,0.4606401425306992,0.4960577211153314
68,0.4591930977096168,0.4947480256503526
69,0.45788339446090753,0.4938872851577983
70,0.4567277350246575,0.4931873951821924
71,0.4553396958417594,0.49219651615705023
72,0.4534866896955513,0.4907549518984215
73,0.45199584979844604,0.48960143218003727
74,0.4506723516156142,0.4885120536099145
75,0.44953069945404905,0.4877133844216312
76,0.44820620765958297,0.4866612262858435
77,0.4472644887539624,0.48593566989968684
78,0.44628739658129646,0.48524044067656863
79,0.44486796004515994,0.48423501420975384
80,0.4435291178396477,0.4833936148148853
81,0.44281310905997096,0.48282885371361695
82,0.4420312663002081,0.4821826738893116
83,0.44086373186744837,0.48120131998819016
84,0.43991236457024624,0.4805279513273339
85,0.43870148079643606,0.4799127215797545
86,0.4377997800443905,0.4792533397964457
87,0.43685492348125804,0.47857743071830977
88,0.43580865468844643,0.4778765532310479
89,0.43489539160824253,0.4772833532194906
90,0.43352259843241686,0.47624782390116294
91,0.4325982998823193,0.4755689436745335
92,0.4318093880676196,0.47496488640606677
93,0.43054489642893734,0.4737339264235659
94,0.42979937201765145,0.473177043475431
95,0.4290735908098836,0.472722808086924
96,0.4279437750546415,0.47191694495014463
97,0.4268305548719083,0.471213565582982
98,0.42572239110654475,0.47045256025456966
99,0.42454012625161663,0.4698249806018382
100,0.42361989197255506,0.4694430331215966
101,0.42260592728616886,0.4687749922318856
102,0.421753530015619,0.46844493393075803
103,0.42092308562968794,0.46795442431918355
104,0.4202598639515982,0.4674590822820436
105,0.4194577632571871,0.46706829979040515
106,0.41870147449008976,0.46672464237823263
107,0.4178835045868305,0.4663711717215291
108,0.4170378816852943,0.46583717637625605
109,0.41631336488910936,0.4653629044539191
110,0.4151100181702927,0.4641874693239957
111,0.4144394326410516,0.46359505701356746
112,0.41374277834764017,0.4634941511475283
113,0.4127310362651633,0.46277677566392805
114,0.41136874408396407,0.4615463504552766
115,0.4106820729176361,0.46108372260741126
116,0.4097332005270127,0.4605208177622457
117,0.40902569320248827,0.4600684291210789
118,0.40842545420884646,0.45974132307049376
119,0.40729530015431037,0.4590788928770799
120,0.40640341984553685,0.4585230860589312
121,0.40573368688487454,0.45832620190160545
122,0.404776229395844,0.45776259328476315
123,0.40410326180589157,0.45730267592952817
124,0.40351530272506736,0.45677801803916374
125,0.4028208034603945,0.45627731773790625
126,0.401959070734465,0.45593011440764464
127,0.4011760682237864,0.45520648151206067
128,0.4003219876134093,0.4549528167448614
129,0.3996946100463651,0.45461618048733915
130,0.39920198951461094,0.45438642114469624
131,0.39837025869426007,0.4539231175555532
132,0.39746515750254774,0.4533983319240951
133,0.39668449331119265,0.4528936212171835
134,0.3961134438094972,0.4524989843311391
135,0.395283714522729,0.45203126727450993
136,0.3945131924918191,0.4514291130642001
137,0.3937575773562731,0.45090330512974525
138,0.39337634920242787,0.450853144842355
139,0.3925149141806649,0.4505375749549874
140,0.3915816014758138,0.4499678517406565
141,0.3906492693347257,0.44955208275417097
142,0.38970628574179367,0.44889684904692245
143,0.38904636902742024,0.4487571485218461
144,0.38825344837101056,0.44830533776923964
145,0.3875199968111978,0.4478603580087363
146,0.38690041855840246,0.44734747005067166
147,0.3864460918100114,0.44679589220516497
148,0.3859281848161869,0.4464473906150723
149,0.3851409763060343,0.44582358507486175
150,0.38420187447937965,0.44525395055325867
151,0.38341185424753577,0.44465148994721726
152,0.38289048259291514,0.44450485040644866
153,0.38241099760216,0.4441903268528346
154,0.38176674999152893,0.4436900493752079
155,0.38111297670823696,0.44310098585866275
156,0.38049132516152195,0.4428031435966305
157,0.3800424399376782,0.4424320066928653
158,0.3792779856917091,0.44184275010155233
159,0.37860014739055153,0.4413817426621326
160,0.3777740281572535,0.44111966993460777
161,0.3773198653058797,0.44078142205750076
162,0.37662483805836333,0.4402712536846962
163,0.37597549064939156,0.43994765271806463
164,0.3752878653104662,0.43950725322199574
165,0.3745427461896912,0.43894637699085204
166,0.3740808397261689,0.43884251376166133
167,0.37364902491689894,0.4385144793850909
168,0.37294736847541426,0.4382323406258951
169,0.3722465584389895,0.4378227594388442
170,0.37145109665601017,0.43733128038598335
171,0.3708766225657465,0.43693497857788766
172,0.37041538912323363,0.43661468986167473
173,0.3698753911274122,0.436282985413393
174,0.3694120313467061,0.4361034138628476
175,0.3688731025633612,0.4357370371575533
176,0.36845778556407177,0.43538273087751317
177,0.3681411000863289,0.4351674973954388
178,0.36771075978398543,0.4348940180853699
179,0.36705296110443547,0.4344193100068389
180,0.36668419855381645,0.43448794847040173
181,0.3663086237658151,0.4343388496564946
182,0.36560675576959467,0.4338876316034531
183,0.3650606142855765,0.43351102309150347
184,0.3644876364030647,0.43303402246494854
185,0.3637752357221393,0.43244089669279706
186,0.36307958521573214,0.4318594734172609
187,0.36252418079689447,0.4316098503624598
188,0.3619100834938968,0.4313081935497211
189,0.36119201983306226,0.43062076383201836
190,0.36065450164373986,0.43030261701068445
191,0.3599280387206491,0.42995592556262385
192,0.35920220140900494,0.42943928125352515
193,0.3585612622313467,0.4291031170497639
194,0.3580032031005285,0.42859361707255905
195,0.35754642687676885,0.4283007360502469
196,0.3571111217737907,0.42802902188475195
197,0.356585787783027,0.42782073225810135
198,0.3561794122672651,0.42761574305149364
199,0.3555534230084795,0.42735166790379003
200,0.3550495221352186,0.4269430960135096
201,0.3545380981647398,0.4269137238974074
202,0.3541823125767103,0.42678703428936193
203,0.35374869198245157,0.4265231622814714
204,0.3533162537326053,0.42626380599346786
205,0.35259994133733785,0.4259015768736461
206,0.35210964868710276,0.42570689962488467
207,0.3516423748872589,0.42544571755927674
208,0.3508355545041038,0.42487029647363306
209,0.3504044222929807,0.42433332792552453
210,0.34986432758092234,0.42404792181556894
211,0.34942786505644263,0.4238387595272409
212,0.34884013140836534,0.4235172538449414
213,0.34837179792985346,0.4232628306453474
214,0.34802817560421184,0.4229329572820495
215,0.347399418004706,0.4225703620223511
216,0.3466729318234157,0.42199756707397507
217,0.345931404086823,0.42138063616540794
218,0.3454134411181237,0.42108624856942645
219,0.3450936938993221,0.4210162124500691
220,0.344590655920676,0.4207189848053591
221,0.34406556264590155,0.4207106821049393
222,0.34366081910419094,0.42035467430583956
223,0.3432781563044193,0.42003877334286815
224,0.3427511088874072,0.419717943912062
225,0.34226551040871145,0.4195265868121848
226,0.3420057461367826,0.4194678813601992
227,0.3416421657795948,0.41914699293639457
228,0.34123061674255845,0.41891961719654974
229,0.3407618154545381,0.4186458440363307
230,0.34048373954572,0.4185075500038507
231,0.34002085687149985,0.4181885585089918
232,0.339614464036043,0.41797926475415587
233,0.33894662134508874,0.41779435102307405
234,0.3386150061165431,0.4175901296566529
235,0.33816426318210724,0.41724302038661754
236,0.33755358195849633,0.41705167680749455
237,0.33718197903453817,0.4168668328102578
238,0.3368107213173677,0.41650531470047536
239,0.33637901050553903,0.4161842605115696
240,0.33594870743492655,0.4158760229884822
241,0.33550533650040687,0.41571228698458845
242,0.3350547278201946,0.4155729653300027
243,0.33463568804909194,0.4151536815097007
244,0.3341819841612624,0.4149257201855192
245,0.33368459301566183,0.41456686972682494
246,0.333225796342353,0.4144067449652906
247,0.3327395718469881,0.4141322489988462
248,0.3323747153691071,0.413850018013511
249,0.33179520467060397,0.4136508094825605
250,0.3314651453598227,0.41326510418159607
251,0.3308484538219733,0.4129827864407494
252,0.330505869519965,0.41266407884612255
253,0.3300368723715822,0.41247889957755024
254,0.32942804727903235,0.41233168190682756
255,0.32904609901219517,0.4121786946118872
256,0.3285595868373678,0.4118736437627378
257,0.328074892481113,0.41150275161914623
258,0.32761592395306266,0.4112447483120676
259,0.3272072040135429,0.4110596124579576
260,0.3267075377879573,0.410679577009304
261,0.32641347682193617,0.4106811061431179
262,0.3260039212209245,0.41044637449095744
263,0.3256008336416532,0.410272784404126
264,0.3251782833610125,0.4101409863894762
265,0.3247703185579251,0.4098776614127481
266,0.32423340224769504,0.4096737598073555
267,0.3237361380864381,0.4093882556060509
268,0.3233175980512613,0.4091358715587633
269,0.32295582172966275,0.40900304480541877
270,0.3224041390501331,0.4086541325274653
271,0.3218623605866242,0.4083844711443031
272,0.3213942016290509,0.40795248690528174
273,0.32104969343666345,0.40791519553503125
274,0.3206092787632276,0.40776311824517464
275,0.3201449959170336,0.4075482350713477
276,0.3196208884128614,0.40738322860954934
277,0.31933219605889895,0.4072330571013965
278,0.31889797099763806,0.4069542577560346
279,0.31858793503998484,0.4068174339081857
280,0.31816501351934545,0.4067062142139854
281,0.3176023558460662,0.40640305803784865
282,0.31723147012862524,0.40611874909408563
283,0.3166884262367843,0.4057766128647906
284,0.31630232597831975,0.4054719263284551
285,0.31588405572191103,0.4054162075736327
286,0.31542629003426303,0.4052230037035563
287,0.3150298030352249,0.4049037627774743
288,0.3144505748851705,0.4046866470036245
289,0.31405520454805397,0.40453467391155323
290,0.31340552134645655,0.40438654864486284
291,0.3129754073808559,0.4039466944718312
292,0.3121552370329115,0.40352696462505394
293,0.3117436691660738,0.40321355255525865
294,0.311332702782461,0.4031757626280887
295,0.31080790032011524,0.4028893607706832
296,0.3103191551631511,0.4026278431141789
297,0.3098015491339838,0.4022599047634007
298,0.3092932018145875,0.4021583645588099
299,0.30887792953552234,0.4019420740667646
300,0.3084955825326369,0.4018885667915433
301,0.30791819650515373,0.40184471463921123
302,0.30747902114412046,0.4016020130674596
303,0.3070219195714482,0.4011898398902383
304,0.3064596430067896,0.40100743966052504
305,0.3062548387668655,0.40083233048485123
306,0.30569319178759186,0.4007107425620865
307,0.30533260239193183,0.40056091413259154
308,0.3049122847039612,0.4005579256535817
309,0.3046052572687932,0.40054771356813285
310,0.30409607807031047,0.40031658371974826
311,0.3036473562097521,0.4002620080172153
312,0.3033139654219804,0.40003035363225886
313,0.3028135468142943,0.3996285743931869
314,0.30238918146055005,0.39933310297857333
315,0.3020338632945319,0.39909346284661645
316,0.30161363668119406,0.39895087501207677
317,0.30084545698539783,0.3983172392230438
318,0.3002524204377874,0.3979473277247205
319,0.299914054888193,0.39768737133996407
320,0.2994936482619938,0.39766462880004466
321,0.29909775317544396,0.3974229085588516
322,0.2986075634532171,0.3970612534708462
323,0.2981368476308798,0.39686075502807333
324,0.29766868488745435,0.39658789538773587
325,0.2972973756499031,0.39650105556921084
326,0.2967738341180666,0.39619391751503463
327,0.2963657219587236,0.39601208475316296
328,0.29589833045231106,0.3956852592062479
329,0.29550091522673655,0.3953237779542296
330,0.29516523413482226,0.3952243723479773
331,0.2947728408487258,0.3949800409300098
332,0.2944194747052817,0.3949206052308272
333,0.2939000952606782,0.3946353343817061
334,0.2935575302148658,0.3944447660274043
335,0.29303325433456373,0.39418232918247315
336,0.2926512072973117,0.3939171747190557
337,0.2923130740313351,0.3937582216375271
338,0.291951717989051,0.3936803843688672
339,0.29152606188622676,0.3933590458552272
340,0.291047622128423,0.3929978991438141
341,0.29066627867521827,0.3926901916627863
342,0.2900377759868006,0.3924365713068405
343,0.28965415832264824,0.39235466364663085
344,0.28930281602169217,0.3923082006757223
345,0.28875559219066865,0.3919522882212997
346,0.288403426408039,0.3920364607320982
347,0.2879665529790172,0.39208784745586606
348,0.287417110528855,0.39173585024502916
349,0.28700917102288165,0.39163313698189167
350,0.28665163431453494,0.39159042065718946
351,0.2860935987427559,0.3913477015422697
352,0.28577659700086533,0.3911316481533118
353,0.2853612696878492,0.39092516897173657
354,0.28491185484648524,0.39081523222621656
355,0.28453370394540184,0.3906213904038752
356,0.28405363360794567,0.3904324886600396
357,0.2835583120762727,0.39024209220285677
358,0.28317117588577323,0.38994078793638454
359,0.2826456620904218,0.38967179712375993
360,0.2821994233145786,0.38941431413800676
361,0.2816246903496281,0.389167166112346
362,0.28119564075697484,0.3891232126656685
363,0.2807826182144976,0.38889943022143536
364,0.280304987658088,0.3886617833007318
365,0.2798960260138952,0.38860931665223397
366,0.27918241905531505,0.3881245064934852
367,0.2786626087468656,0.3878426596075151
368,0.2782209728675334,0.38768766605856164
369,0.277575973188443,0.38755419866271973
370,0.2771441043698493,0.387256433199686
371,0.2766570072757002,0.38706557938457203
372,0.27603617756318044,0.3867622281827235
373,0.2756411087500562,0.38662597933664006
374,0.2750185077565351,0.38646995309446924
375,0.2744581124255645,0.3862307621725235
376,0.2739414942507198,0.38599203066489646
377,0.27359460350278664,0.38592705744972106
378,0.27319175809495766,0.38566562937377213
379,0.2727597977024654,0.3855931463689037
380,0.27217884260315195,0.38524912738702993
381,0.2718033633019333,0.38499086839417995
382,0.27138604638945907,0.38490473083629284
383,0.27098385404825936,0.384769400926875
384,0.27046981196532466,0.38455658628815437
385,0.26999654338657936,0.3844260624447588
386,0.26950509834344305,0.38428690307768637
387,0.26904223733508975,0.38412816155078183
388,0.2686968789350496,0.3838755788460016
389,0.2684031805147136,0.38375671113990356
390,0.2679432648737028,0.3835400638533708
391,0.267465960369806,0.383397130825893
392,0.2670410823199072,0.3832776067996646
393,0.2665533955880307,0.38314104281352307
394,0.26608732023170284,0.3829783345446882
395,0.2657168164830571,0.38277549719409004
396,0.2652741941477401,0.38245324381574664
397,0.26485074165506384,0.38225110800507234
398,0.2643967919190004,0.38224944623289403
399,0.26403112343098634,0.38231114151410767
400,0.2634962965795111,0.3823263674896418
401,0.26299702261699875,0.382088967266723
402,0.2626132050643845,0.3817177940815304
403,0.2622517476105994,0.3815999532563057
404,0.2617180148474902,0.3814058623634949
405,0.2612280882225366,0.3813746993945534
406,0.26082423599271937,0.38129900162533936
407,0.260218772789778,0.38090691557242556
408,0.2598650106335979,0.3807751611274871
409,0.25948624144018506,0.3807341422664104
410,0.2591707836080785,0.38045955601840137
411,0.2587869653129665,0.38047401497381117
412,0.2583620658227073,0.3805486867244981
413,0.2580105344416042,0.3802365760114983
414,0.2575665789929854,0.38023270994489594
415,0.257219234118083,0.3801836512322913
416,0.25680942804915247,0.3798832133319495
417,0.2563083846320945,0.37977285753829015
418,0.2558661246090781,0.3794394677277071
419,0.25550033039670167,0.37930423484589654
420,0.2550758924089055,0.37920260983012655
421,0.2546961589421198,0.3789856210294657
422,0.25415683851929144,0.378776941365646
423,0.2536892680534485,0.37856029486669746
424,0.25337436655006995,0.3784203646459664
425,0.25303182479766173,0.37838258092062105
426,0.2525864532658057,0.378250394441293
427,0.25228333779313544,0.37804117945772436
428,0.25197805678942137,0.37812043101094295
429,0.2515142135668724,0.37786563487853114
430,0.25115986264643375,0.37774956137359605
431,0.25078641840665666,0.3775848294666131
432,0.25047713674569444,0.37756024882814615
433,0.25015741545252035,0.3775974048540388
434,0.2498519127526742,0.3775889030575866
435,0.2495246584441768,0.37750966397730074
436,0.24916356737018144,0.3772039215479142
437,0.24880989934749825,0.3772643231481239
438,0.24849504172411027,0.3773308051803866
439,0.24818460973254902,0.3772563034556902
440,0.24778925068282573,0.37712863065198826
441,0.24742865736861921,0.37712305415243313
442,0.24698969740775087,0.37678352890774064
443,0.24654127044729768,0.3767268146353297
444,0.24621334007394408,0.37658273167542183
445,0.24586053124200352,0.37638335605171763
446,0.24549419811882223,0.3762200282163825
447,0.24517320783352398,0.3760900161233456
448,0.2446484374032094,0.37577286448013664
449,0.2442681476687498,0.3758007293810569
450,0.24395634841022237,0.3756702015886428
451,0.24359678745022603,0.37558662283172045
452,0.24318089409348018,0.37537353748781177
453,0.242797483744244,0.3753308855597845
454,0.242466564822234,0.37536898032643856
455,0.24206574773403614,0.37523098289586104
456,0.24170925816609184,0.3750137691489139
457,0.2412448718726828,0.37483473793815697
458,0.2408429938965501,0.37458626992167726
459,0.24056906184315005,0.37460803998331915
460,0.24013843409694433,0.37472311698402416
461,0.2397351970018717,0.3745564348335353
462,0.23930163542731922,0.37460536382398907
463,0.23893017962943253,0.37444273381071425
464,0.23852627339275337,0.3744001336973171
465,0.23806717165603253,0.3743212397965547
466,0.23767343890675233,0.374329299615689
467,0.23722891755202186,0.37405417331502355
468,0.23685390573903867,0.37386382016745723
469,0.23635950432058808,0.37372879430563827
470,0.23598889488270916,0.37368613525543376
471,0.23567905842528208,0.3736354626707485
472,0.2352588389698094,0.37351270800348374
473,0.23461646513711584,0.3734013501469939
474,0.2342772814458738,0.37335001388752836
475,0.23376944992827173,0.37304027071693946
476,0.2334710451821813,0.3728706170486272
477,0.23308695436849453,0.3726052057201028
478,0.23280210955673594,0.3723949211278992
479,0.23244429186174606,0.3723000601840816
480,0.23216644407255158,0.3722578010615356
481,0.23174932326514894,0.3720276333976976
482,0.23142236012949685,0.37199603670792747
483,0.23115250233441648,0.3720403832377914
484,0.2309190278895989,0.3721295136472479
485,0.2306259234076178,0.37216526902506664
486,0.23016465986834383,0.37198591748799753
487,0.2297629807634314,0.37175751839029747
488,0.22941252503528337,0.371639280261176
489,0.22904129183900174,0.3715258327025503
490,0.2285484768750115,0.37134744324957764
491,0.2281342031468152,0.3712850558139348
492,0.22777098303593296,0.371165905991453
493,0.22748931021482036,0.37094404756639443
494,0.22720529117623697,0.3707659305419145
495,0.22678613420201654,0.37061388353020647
496,0.2264155838281574,0.37037332279035845
497,0.2260468936754977,0.37021517070185667
498,0.22567132926941658,0.370125528132752
499,0.22535528573314648,0.3699384837523512
500,0.22499598505306806,0.36997974687881735
501,0.22476108854564172,0.36994157392287685
502,0.22446297978213736,0.369793697419172
503,0.22403723375535486,0.36981223496103105
504,0.22367242321065778,0.36953256351846875
505,0.22334100957836797,0.36951224692794427
506,0.22304034359411426,0.3694267187872394
507,0.22277168916233578,0.36938906187665455
508,0.22242098845277566,0.36935036003934124
509,0.22203058100219578,0.36931446565496123
510,0.22178366451745518,0.3692698999794259
511,0.22143603096234318,0.3691606499427566
512,0.22117383190768714,0.3691722515526797
513,0.2209018672334669,0.3689285638727042
514,0.22064357218112252,0.3689496392220618
515,0.22018661980642518,0.368709234831172
516,0.21983754980896567,0.36856734550458514
517,0.21953519375292185,0.3682639194358644
518,0.2191113508622793,0.36812618275410613
519,0.21880473842154552,0.3680451671757661
520,0.21853572258909418,0.3679884428862946
521,0.21810452557288793,0.36781364070099776
522,0.21772470920165238,0.3677516498052019
523,0.21748125187864567,0.36764267612689633
524,0.2171226395461477,0.3677833203633469
525,0.2168337496360919,0.36764737297184247
526,0.21649287623815394,0.36758439710704854
527,0.21609072326902845,0.36757370116677845
528,0.21581018768633023,0.36737404465840895
529,0.21548710118889605,0.36735511887315403
530,0.21514305748373364,0.36720209692163513
531,0.2148808334798247,0.3671121290700871
532,0.21455076530929276,0.36697308835310044
533,0.21413385412184816,0.3667319001267308
534,0.2138628813573766,0.36657313231132266
535,0.2135423428610168,0.36654832691256145
536,0.21320647697751993,0.36657303094122967
537,0.2128190327999006,0.36651350139630323
538,0.21256676552156953,0.3664633115295816
539,0.21219387080864066,0.36627134075879697
540,0.21187676642850306,0.3662722713993107
541,0.21156116329678074,0.36619681744414906
542,0.2113341904052553,0.3660199757703246
543,0.21101248018224972,0.3658601631073757
544,0.21058854226297702,0.3656446951263189
545,0.2102934946679022,0.365505278557441
546,0.21007313577400655,0.36533143636602405
547,0.20986390869105356,0.3654186245118799
548,0.20953917817884485,0.3653405714831017
549,0.2093079778356682,0.36530351674144934
550,0.20907003353412643,0.3652900745535858
551,0.20881752782047558,0.36511247157529253
552,0.20859090752009438,0.3650450585391869
553,0.20829501059354374,0.3650299323992081
554,0.2079995054130753,0.3648700212784503
555,0.2078038127233695,0.36487470612141293
556,0.20754447015715818,0.36480377462677427
557,0.2073491417822319,0.36476765407467754
558,0.20701816740110734,0.36475729999615064
559,0.20674249388699986,0.36452591549517915
560,0.20651152980285656,0.3644853498407045
561,0.2061402796079069,0.3643649106613792
562,0.20589280866028384,0.3643653256782352
563,0.20564207992118375,0.3644314183132606
564,0.20534466297057746,0.3644564268405608
565,0.20509263352440985,0.36421946393256555
566,0.20471411563151773,0.3640768138145315
567,0.2044131400547636,0.36395716249680937
568,0.20413021391620523,0.3639764626887232
569,0.2038245322569287,0.36380602171519544
570,0.20358892400265763,0.36370274832930566
571,0.20332933943955012,0.3635788662727204
572,0.20314063739323038,0.36345796203939457
573,0.20285400164348327,0.36333383090174964
574,0.2024092783419277,0.3632542291950601
575,0.20210419003852942,0.36313938831369885
576,0.20179716063731803,0.36320462564242556
577,0.2014292131264,0.363261644935951
578,0.20119172848609432,0.3632407018358062
579,0.20096948886786997,0.3631550871962564
580,0.20069255592942065,0.36291944185326547
581,0.2004534271874367,0.3629684914740295
582,0.2002007913892188,0.36297243462860895
583,0.19999496798180466,0.3628328153045115
584,0.19972754680772417,0.36272693534981637
585,0.19955626585893282,0.3627069165331936
586,0.1992789880989773,0.3625578815062808
587,0.19904639069562097,0.362443616444576
588,0.1987461787073654,0.3623672654323887
589,0.1985384749242223,0.3623185958537273
590,0.19822886985503363,0.3622741789549638
591,0.1978828399482757,0.3621003490498399
592,0.19771498100703597,0.3620848113709214
593,0.1974227552713559,0.3618850968666915
594,0.19716613235662586,0.3617488935945934
595,0.1968942350076973,0.36173669024284305
596,0.19660444569705285,0.3617743663638419
597,0.19635892692734735,0.36160354995759614
598,0.19603544017071056,0.36143220631353107
599,0.19582687621528025,0.36140357869970036
600,0.19560463982874277,0.3613353247690506
601,0.19532855633427637,0.36112861540307234
602,0.1949721488859401,0.36112598197833484
603,0.19479118583971566,0.3611449784464684
604,0.19457766679840613,0.3610557612545367
605,0.1943040378765946,0.3608307587676253
606,0.19395777106210255,0.36054529903623106
607,0.19365752489137888,0.3605130906910566
608,0.19347063096906342,0.3603963599127508
609,0.1932157192777073,0.36039600252213977
610,0.19296222335717805,0.360419991094359
611,0.19266971269070496,0.3604409250232656
612,0.1923072172031929,0.3604782298975395
613,0.1921423481097344,0.3604246910014788
614,0.19188573283367125,0.36044576568536946
615,0.1916886301555612,0.3605091258783894
616,0.19136800499056386,0.3604131926390753
617,0.1911634456828146,0.36029347590265387
618,0.19093612728587753,0.360340698728294
619,0.19063158223083962,0.36013048430036954
620,0.190381602721179,0.3600447764681038
621,0.19016632422959437,0.3599727681127191
622,0.18989053245549153,0.35986944379132985
623,0.18965635718391263,0.3597752608657902
624,0.18931688618248743,0.3596737824121901
625,0.18907544845648694,0.3594796642093047
626,0.1886924793830517,0.35924810001498236
627,0.18848289962254314,0.35916166169917546
628,0.18825599140611443,0.35923827308913714
629,0.18799038510227997,0.35917354962717246
630,0.18772486059874996,0.3591676730804442
631,0.1874156340315619,0.35919962798593325
632,0.18719753630886687,0.3591065535333798
633,0.18699087996524247,0.3590400438209627
634,0.1867213231254642,0.3589269093896455
635,0.18648410183551126,0.3588893850801292
636,0.18620928947006565,0.35900216292677534
637,0.18599697425735004,0.3590117587066317
638,0.18570856438610459,0.35883344363645375
639,0.18547381983467773,0.3590686157446999
640,0.1852558658399454,0.3590882165880453
641,0.1850223042161462,0.35894968229367835
642,0.18480043675791855,0.3587130739515823
643,0.18444688710552215,0.35885963650207214
644,0.18416830835464634,0.3587587431302979
645,0.18388589812694262,0.358724196598541
646,0.18363570679198757,0.3587745280971222
647,0.18338768228424696,0.3586574557400172
648,0.18323340512218336,0.35869849873386456
649,0.1830139703033854,0.3587010544281414
650,0.1827414538827017,0.3586207420025212
651,0.18250471836129786,0.35839951952672033
652,0.18232414254659216,0.35825789500585226
653,0.18217485597908117,0.3582174516022475
654,0.1820027748944581,0.3582458266069865
655,0.18182300932940756,0.35807877242338837
656,0.18154264087639818,0.3579045145484118
657,0.18134691196063224,0.3579135642952354
658,0.18110573008689,0.35784693618875996
659,0.18090800323284534,0.35795484719714477
660,0.18070883608659266,0.35801091586332934
661,0.18053051286718966,0.35793076939197477
662,0.18030370632543502,0.357948670330006
663,0.18008439971231063,0.3578461721499762
664,0.17983821376704198,0.35785051086417347
665,0.1796208988016453,0.3578956347677383
666,0.17938483240806155,0.357933308307469
667,0.17912788597530602,0.3579061641910969
668,0.17893889569486618,0.3577919865048973
669,0.17879205811207466,0.3577483081189172
670,0.1786057179165448,0.35760169899082356
671,0.17842136570549133,0.3575647010248499
672,0.17816991704173174,0.3574722709140011
673,0.1778880105236461,0.3573742779060694
674,0.17769966085108813,0.3574385500807113
675,0.17754540743959657,0.3574265373349038
676,0.17731678093030967,0.3573419628785616
677,0.1770457205210721,0.35711645975630407
678,0.17681489468380088,0.3571772114970799
679,0.17654865032848252,0.3570535409483552
680,0.17636387098650516,0.3570549910496909
681,0.17615567016391417,0.35710605167522175
682,0.17587169900289365,0.35713184415570676
683,0.1755915363034873,0.3571434843541839
684,0.17542719202420912,0.35716737226819123
685,0.17515392497550186,0.3572447902417534
686,0.17492799864288694,0.3571357721217941
687,0.17470220918761,0.35706002918640134
688,0.17455375002228865,0.35698325219912813
689,0.17427144072749984,0.3569370858152495
690,0.17410977565068697,0.35684063501520014
691,0.1738634449573829,0.35676174717554077
692,0.173684188721767,0.3567740268803212
693,0.17350839656213174,0.3566809317481208
694,0.17326459092275884,0.35656942072264064
695,0.1731133892956925,0.35655070080017104
696,0.17293201141825532,0.3563879443607734
697,0.17271857823046063,0.35643404110427496
698,0.17248194853516954,0.3563822385469758
699,0.17223115857976642,0.3563091845254061
700,0.1720366791144758,0.3562896979259142
701,0.1718425583331928,0.35633848683667785
702,0.17164353910191543,0.35635285571159026
703,0.171457179168157,0.35634058060820456
704,0.171191391430228,0.35619126618395136
705,0.17096582660623863,0.35606461711784465
706,0.17073224592762387,0.3559894361460477
707,0.17060243752702556,0.3560052018187974
708,0.17040951390638198,0.3559999506003379
709,0.1701833896774443,0.3559734047673727
710,0.16999382730694046,0.35590002520520786
711,0.1697771074528531,0.3558494361118224
712,0.16957999934227422,0.35587839089411516
713,0.16925771889135738,0.3556881413283145
714,0.16908254115055718,0.35559325651784157
715,0.1688837856344806,0.3556923793115121
716,0.16872426233247725,0.3557555070368422
717,0.16856220757680818,0.3557902088599105
718,0.16829787815856753,0.35590607391965595
719,0.16811230633961258,0.3560145156023136
720,0.16789350034868453,0.356090078091892
721,0.16770713419749242,0.3562311905077843
722,0.16745661255063307,0.3561894208362783
723,0.16717518486406044,0.35627930704801253
724,0.16700555065951053,0.35628431101948965
725,0.16689737265517957,0.3561994941077356
726,0.1667677347100001,0.35626936866365927
727,0.1665979818231223,0.35627321764661607
728,0.16640074023639154,0.35622074143531185
729,0.16627252460049946,0.35614167526906615
730,0.16599811265292347,0.35621360720304773
731,0.16577155782811356,0.3561264626915977
732,0.1655571085438792,0.35610178977379736
733,0.1653771840770535,0.35610650337144456
734,0.16520211309356556,0.3560780663693958
735,0.16502332498614625,0.3560990106505089
736,0.16479671042301244,0.3559689682401238
737,0.16462347662655383,0.35599094360967265
738,0.164445681142331,0.3559960832793319
739,0.1642756547768751,0.3559370681440691
740,0.16405197089028864,0.3559249845596903
741,0.16388645545096228,0.35585695232587194
742,0.1637484092428343,0.3557790739113014
743,0.16352833695404434,0.3557197670431681
744,0.16337134294862288,0.35570051850086765
745,0.16317849106517476,0.35579536481650603
746,0.1629528642759838,0.3557227947012415
747,0.16284660128135547,0.3556718824012736
748,0.162698232447923,0.355631746272449
749,0.16245759699132736,0.3555787088090471
750,0.16226568960548018,0.3556002094597934
751,0.16209482811324882,0.35561475116483765
752,0.1618675988534588,0.355435184448209
753,0.16164405098452794,0.35535540828740847
754,0.161474593112355,0.3553164112244007
755,0.1613175908515701,0.35518850679094127
756,0.16111136894161535,0.3553034002674192
757,0.16090494167195554,0.35529086373653773
758,0.16071041828186844,0.3552506125792735
759,0.16050487755559742,0.3551730532418413
760,0.16036842213923905,0.3551977931697484
761,0.16005049446403702,0.3549773533002247
762,0.15990873999948318,0.3550037314585915
763,0.15970850209371948,0.3549640149633624
764,0.1594543295919584,0.3549725402645477
765,0.15929930788993407,0.35502475113416054
766,0.15916177245290733,0.3550057048747569
767,0.15898706137081803,0.35501549480732847
768,0.15877784443726237,0.35498470876978677
769,0.15861195696755642,0.3551219458589483
770,0.1584360934652392,0.355058271368608
771,0.1582136412713447,0.3548787783726649
772,0.1580571313471118,0.3549448984264864
773,0.15782857536599965,0.35481124237736295
774,0.1576705688625198,0.3548443387401785
775,0.15752519527080924,0.3547483166281271
776,0.15739266794534834,0.35480045891944606
777,0.15724674872207148,0.35477853926604724
778,0.1570657984900874,0.3548061732884823
779,0.15683980826229377,0.35491420999645445
780,0.15661905885238556,0.3547192348707788
781,0.15641866256183784,0.3546399058575204
782,0.15617672136809727,0.35457006140380726
783,0.1559731679121163,0.3544458822408497
784,0.15578177755850212,0.35442953571772234
785,0.15566194826451962,0.35440574932730323
786,0.1555139385448129,0.35430277640834623
787,0.15538986149287584,0.35424628255478074
788,0.15515735201149128,0.35430368297373316
789,0.1549959467688761,0.3542567640567741
790,0.15486150071396143,0.35427596686456175
791,0.1547460869541074,0.3542331708156287
792,0.15456034244497793,0.35408324855728435
793,0.15446881347471525,0.35404949689220033
794,0.15433080075739505,0.35392529613048807
795,0.15414152034055398,0.35378337947631616
796,0.15394387375713556,0.3538493305170416
797,0.1538475839861334,0.3537198440432146
798,0.15370725425530915,0.3536895839396921
799,0.15345915730418788,0.3537362324081881
800,0.1532893503657654,0.3537686838939421
801,0.15314089059544136,0.3537402342636704
802,0.15288788629826253,0.35365452643187356
803,0.15271283077933298,0.35372135073381644
804,0.15251318217451384,0.353673193185931
805,0.1523375548430953,0.35367618640955323
806,0.15217486021441032,0.35368083987006876
807,0.1520466565997927,0.3536402407003652
808,0.1518993564289799,0.35358452970833715
809,0.15175754644118,0.3535775124041018
810,0.15154586829151048,0.3536149582485078
811,0.15142972201937102,0.3535533363862172
812,0.1512926309827411,0.35354633735767677
813,0.15118512234540016,0.3535335700872328
814,0.1509858551621043,0.35351084743012817
815,0.15072309695127115,0.3533187771069333
816,0.1505030328886716,0.35323854092179235
817,0.15038331892112913,0.3533035581755571
818,0.15023111603440661,0.3532297103875124
819,0.15001160671891156,0.35318733648608763
820,0.14978791744503145,0.35305781019507915
821,0.14965903517974039,0.35297655083573476
822,0.149521239020276,0.3529436219201047
823,0.14937873665101092,0.3529487227583751
824,0.14919235011399729,0.35276371396132755
825,0.1490224495310038,0.35273376869402506
826,0.14885528468973236,0.3527137128995683
827,0.14872222102328173,0.3527335038442811
828,0.14850194911191109,0.35268830988083605
829,0.1483426594553048,0.352676266889024
830,0.14817519504205182,0.3527657034575616
831,0.14797588247075152,0.35277496633329963
832,0.1478086069045072,0.35287257174967573
833,0.14762158576569448,0.352945431189613
834,0.14747559088187506,0.35296773031489787
835,0.14738217287246624,0.35297319904312446
836,0.14724265373189582,0.3529765968201229
837,0.1470881476645052,0.3529077701506791
838,0.1468366380685415,0.35297052889038927
839,0.14667359741745375,0.3529512287318373
840,0.14654238705646158,0.35289475213301297
841,0.14639966112583436,0.3529067574326219
842,0.14625545505566231,0.3528761418968379
843,0.14605773334863353,0.35275281154801225
844,0.14588714614985676,0.3528586214004338
845,0.14566687168984296,0.35283450720857584
846,0.14549649819414626,0.35290749896060747
847,0.1453829331675797,0.3528139401515971
848,0.14522203207057843,0.352755714152075
849,0.1451141708860375,0.3527281741050507
850,0.1449707072151137,0.3527502539759771
851,0.14483991012242092,0.3527615738054952
852,0.144651601738374,0.3527357634344489
853,0.14451835322913403,0.3528217866813933
854,0.14432125299011422,0.35288083748499127
855,0.14415777146229344,0.35274408553910747
856,0.143998320770462,0.3527192377038128
857,0.14387922677005405,0.3526604995181514
858,0.1437621524690658,0.35264015658027736
859,0.14363094586561434,0.35266122596807564
860,0.14339092075174806,0.3526696520268805
861,0.14324269132891007,0.3527883171510781
862,0.14309851251697173,0.3528784460074904
863,0.14299506828028383,0.35290483822404256
864,0.14282631850032076,0.35285170983217906
865,0.142692604433561,0.3528251804848178
866,0.14259402470332316,0.3528537307022208
867,0.14245594542635054,0.3528297902230706
868,0.14229951806547636,0.3528542938777927
869,0.14219072224161663,0.35288837642162624
870,0.14204722446798904,0.3527594336889024
871,0.14193004287768007,0.35277613741568264
872,0.14180579033163024,0.35275948918863304
873,0.1416252447324705,0.35267109628546756
874,0.14144789363375018,0.3526791271504578
875,0.1413432677797609,0.35268699804588405
876,0.14120236709514525,0.35272764448645655
877,0.14105823409329768,0.3526999781878222
878,0.14084598229594378,0.35275078703865037
879,0.14065462358403255,0.35274186346510933
880,0.14049890977762564,0.3526189354153238
881,0.14038009365268214,0.3526987797485316
882,0.14024788525178064,0.35265322591737636
883,0.14008776090501018,0.3526412505549346
884,0.13997478663545676,0.352638822927762
885,0.1398292214158177,0.3525935435898136
886,0.13960138577480433,0.35251599935209693
887,0.13942322791488795,0.35247555891228616
888,0.13929463334001468,0.35245645479675974
889,0.13915564071181732,0.3524809036379032
890,0.13903344158876413,0.3524922027578775
891,0.1388608455539051,0.3524318358336235
892,0.13869965417488342,0.3523172815422572
893,0.13859081998129677,0.35231828027943796
894,0.13845936988167487,0.35225912403749243
895,0.13837651400318496,0.3522619637495262
896,0.13821145446866184,0.3521820588451165
897,0.1380435354470224,0.35215328530138557
898,0.1379317417735898,0.35213970261193667
899,0.13779735191093234,0.35212379067632527
900,0.13766100126479394,0.35212674488451917
901,0.13747920660080967,0.35195302497566916
902,0.13737929017538317,0.35195560894966454
903,0.13720799339780085,0.35192470131597087
904,0.137053156232064,0.35180009523583333
905,0.1369411533121379,0.35183336448403735
906,0.13680706335652149,0.351941150343377
907,0.13665845156532788,0.3518552303871424
908,0.13652794450871547,0.35180680166307127
909,0.1364141312539095,0.3517433037617484
910,0.13628553450976613,0.35165503503303697
911,0.13610239083155648,0.3516818051792826
912,0.13599171090495416,0.3516393450860774
913,0.13587634891031314,0.3516319193024882
914,0.1357461922436937,0.3517431438449623
915,0.1356101678319998,0.35178034928266533
916,0.13550323678833953,0.35172052324998315
917,0.13535226691952956,0.3516291703861391
918,0.13519105744077187,0.35159064187441885
919,0.13502416347084306,0.35160310829819413
920,0.13487252781015976,0.3516505939706671
921,0.13478624814702284,0.35167011163472733
922,0.13467983684462906,0.3517928568037882
923,0.1345145088841313,0.35177354611273887
924,0.13440606786438394,0.3517487647506556
925,0.13424586485618364,0.3518332742909912
926,0.13417283087949625,0.3518468355123363
927,0.13401540821642688,0.3518968295716231
928,0.13381030248279135,0.35180267369799667
929,0.13364479248996647,0.3518808306057615
930,0.13342495405743207,0.3518936280604551
931,0.1332662636329236,0.3517887941240071
932,0.13318997118737771,0.3518132712579725
933,0.13299931162791517,0.35168265375440877
934,0.13287272080820928,0.3517585541689534
935,0.13276621291931878,0.3516683428099081
936,0.13265542034502897,0.351710044295231
937,0.13254868373988252,0.3516946225211239
938,0.1324078655605257,0.35156821712166464
939,0.1322204583691802,0.35170524766817135
940,0.13210936714019877,0.351696091604419
941,0.1319819517931432,0.35164793126591604
942,0.13188403750593278,0.3516586655986721
943,0.13174049858141226,0.351528582708204
944,0.13161821870089951,0.35148106014843405
945,0.13148522559905923,0.35140587332499573
946,0.13132033748118915,0.3514166806163638
947,0.1312384641062869,0.35146792796010984
948,0.1311236339683531,0.35147591732316874
949,0.13102156766662001,0.35148400369922084
950,0.13090529249628508,0.35144358829193906
951,0.13078682577326606,0.3513722585342165
952,0.13067231412303415,0.3513551199323344
953,0.13052691426275861,0.3513456002942303
954,0.13038729792478032,0.35132973045047383
955,0.13029781627701903,0.3513134031215707
956,0.1301463882041494,0.3513378784120433
957,0.13000787179272089,0.351361380483402
958,0.1298622264117623,0.3514242318900742
959,0.12977495674645081,0.35147020754889385
960,0.12965292681292676,0.3514168226408747
961,0.12954268926183934,0.3514016316599105
962,0.12944476508766614,0.3514084902864279
963,0.12931731875413233,0.3514079012093011
964,0.12916441265251877,0.3513435248130186
965,0.12904411890713127,0.35131826223806956
966,0.12894118772713778,0.35146185875408925
967,0.12884750541340448,0.3514787666387525
968,0.1287262192335223,0.35147995334607435
969,0.12857794797600908,0.35146059504839483
970,0.12849668089505714,0.3514520698274703
971,0.1283822216369515,0.35140891732924534
972,0.1281919851020262,0.3513560327788667
973,0.12805100435875072,0.3514278216437603
974,0.12789050244819544,0.3512464940594457
975,0.12773356271453226,0.35134178593260645
976,0.12757368081579432,0.3513378705914016
977,0.12746197295353257,0.3513278714286966
978,0.1272832939110523,0.3513783551542238
979,0.12715812610608052,0.35138405220924507
980,0.12703904318676174,0.3513163501714959
981,0.1269384998922462,0.351236508772104
982,0.12683387156322345,0.3511620646610474
983,0.12672388538614332,0.35123846185784735
984,0.1266241100322068,0.35123534090462116
985,0.12652006826715304,0.35122567576241104
986,0.12638916266257863,0.3513333874717702
987,0.12627442727594615,0.351407380758701
988,0.12616025687284235,0.3514970678342788
989,0.1260380126676711,0.3514727030033952
990,0.12591987675089836,0.3515037001456692
991,0.1257252867276722,0.3513724201671899
992,0.12562099256952317,0.3513958227366797
993,0.12548907262972547,0.3513472816156945
994,0.12536565906917438,0.3512478871215103
995,0.12521460585105607,0.3512778304701125
996,0.1250732336232713,0.35128651616731643
997,0.12493516835417307,0.3514234099057461
998,0.12481385031409764,0.35149102188892556
999,0.12467647945023866,0.35141794163535495
1000,0.12460348711940163,0.351378828716251
1001,0.12445582831554172,0.35141410740309714
1002,0.12436306308016984,0.35143008235635514
1003,0.12427401944008705,0.3514646981187577
1004,0.12415494642250226,0.35140159403113175
1005,0.12403425526591778,0.35148344217875666
1006,0.12388813527024733,0.3513542192630454
1007,0.12379593394097002,0.3513562991410925
1008,0.12369140863362942,0.35120631882606823
1009,0.123563709615762,0.35119127357330676
1010,0.12344463190943704,0.35113493373768045
1011,0.12332020226709432,0.35107580134384897
1012,0.12320970226103352,0.3511370009070095
1013,0.12307362196210722,0.3512013027974053
1014,0.1230015189701038,0.3512179787072677
1015,0.12286740070737716,0.3512319328571606
1016,0.12275359320385121,0.3512525150779959
1017,0.12265281161151091,0.35131470598755177
1018,0.12254428855167368,0.3512902921722727
1019,0.12244243443700574,0.3512327611015604
1020,0.12230296656767563,0.3511608152618836
1021,0.122207274791193,0.3511787403010167
1022,0.12209908004828977,0.35107997880881364
1023,0.12195683435329878,0.3510525191146301
1024,0.12186265511631753,0.3509712746766136
1025,0.12175054225699886,0.3509620425772697
1026,0.12158868916294809,0.3510312003360838
1027,0.12144384819924627,0.3509987232205851
1028,0.12134080450352111,0.35090764971023863
1029,0.12122291656769368,0.3508412548706732
1030,0.12110248833297482,0.35087759418270176
1031,0.12100435705129732,0.3508847960596875
1032,0.12087703898941501,0.35085235578784013
1033,0.12079508615285453,0.3508246518943546
1034,0.12065490574912989,0.3509270565153608
1035,0.1205247567557665,0.35087596532697507
1036,0.12039617850464167,0.3508133721904408
1037,0.12022714149942974,0.35073987417924235
1038,0.12012098215339681,0.3506857562029966
1039,0.1200472915583511,0.35071666897909537
1040,0.1199561967663398,0.35066194978260107
1041,0.11984143202372059,0.3506752821388898
1042,0.1196664368045427,0.3506038535088066
1043,0.11953748174665578,0.3506298843418058
1044,0.11945264618472053,0.3505989507867314
1045,0.11936282832790959,0.35051988785552574
1046,0.11925995227763345,0.35047968217028824
1047,0.1191507695707316,0.3505260346972011
1048,0.11907430679975321,0.3505345131907852
1049,0.11892812341777104,0.35054635730676376
1050,0.11886086582841104,0.35049432526695845
1051,0.1187452716668445,0.3504445919761701
1052,0.11864531302786212,0.35038443468885755
1053,0.11853903151165764,0.35038555931506316
1054,0.11847930599534315,0.35043337642625766
1055,0.11837748607151366,0.3503953723618068
1056,0.11827179148215668,0.35042075497588276
1057,0.11816504108713373,0.3504171571280995
1058,0.1180383804012479,0.3504370747921077
1059,0.1179251760760622,0.3504019917636846
1060,0.117818370202476,0.35048367586021817
1061,0.11770248380761683,0.35055957664886983
1062,0.11756163327249386,0.35059974612666434
1063,0.11744574303306717,0.35066799795408043
1064,0.11733431740105842,0.35069504057575696
1065,0.1172308759015923,0.3506821763304031
1066,0.11715503590894917,0.3507302198784704
1067,0.11708060971358085,0.3506688135088274
1068,0.11694604633664041,0.35064616362713785
1069,0.11683277364553377,0.3507553284969049
1070,0.11673046881111426,0.35074650061399
1071,0.11656706307579187,0.35065820682556725
1072,0.11649132176592135,0.35071880911653397
1073,0.11635965173027596,0.3507556322011673
1074,0.11628414034494353,0.35075613538734224
1075,0.11621080906734269,0.3508086695620822
1076,0.11613191322783196,0.3507698797526934
1077,0.116029871518751,0.3508723308878724
1078,0.11589809222872625,0.35104875894326926
1079,0.11577576483402154,0.3510355583464865
1080,0.11565693336145812,0.351003567485968
1081,0.11548584926872953,0.3509498561902944
1082,0.11536868793413263,0.3508982212667793
1083,0.11523618929453948,0.3511047775470822
1084,0.11511103158074197,0.35112824640813506
1085,0.1149988674949889,0.35110399040163276
1086,0.11490793817903341,0.35108821782680255
1087,0.11481526431630279,0.3510790525796882
1088,0.11475028021718017,0.3510788888897378
1089,0.11467354734665304,0.35112903670911966
1090,0.114606683877103,0.3511980516243729
1091,0.11452114891456334,0.3512576978707292
1092,0.11441963512985666,0.35125298907923647
1093,0.11431018970591617,0.3512843739821431
1094,0.11417477110737087,0.3512595362582548
1095,0.1140275131504832,0.35116661313721115
1096,0.11390263226388912,0.3513173649213568
1097,0.11381595201621449,0.3513011708256399
1098,0.11369585170477782,0.35136311335559584
1099,0.1135905933029213,0.35133984035293314
1100,0.1134665566444852,0.35140061064071365
1101,0.11340323224257035,0.3513638220113675
1102,0.11328950565726356,0.3515398566591828
