0,0.6839339976700453,0.6850470474085829
1,0.6746848007868912,0.6771138215756023
2,0.6650451523644006,0.669487475625752
3,0.6581656561572101,0.6636771484978324
4,0.6512235872646409,0.6577119371824051
5,0.6427986727411505,0.6500574663288768
6,0.6356050318041523,0.6436925311939327
7,0.628718773678079,0.6378402378580154
8,0.6217189067322293,0.631422528897985
9,0.616110383560268,0.6264244662976093
10,0.6118496031626692,0.6225400428738763
11,0.6069184394640453,0.6179314198006709
12,0.6013802430407099,0.613237552494069
13,0.5946600148803893,0.6070028070273752
14,0.590405525142357,0.6032442457526523
15,0.5867315712905563,0.6000857313967357
16,0.5823472054360596,0.5960572322863497
17,0.5776423790011808,0.5922451523344542
18,0.5734983537008357,0.5884444281026703
19,0.5694759697442864,0.585190613805626
20,0.5654640032513697,0.581540732802892
21,0.5626868283227894,0.5789876537686133
22,0.559534683022003,0.5762983415984079
23,0.5563341880479629,0.5736826444216679
24,0.5533828241108052,0.5713566018095636
25,0.5507747040100902,0.5689005105672914
26,0.5472608792176803,0.5657922128385999
27,0.5434994426785623,0.5623269701529695
28,0.540588172704588,0.5595511883593324
29,0.5372393004598203,0.5566730341349055
30,0.5344899306785263,0.5538563501807503
31,0.5317472933446671,0.5514141154529537
32,0.5291045890963963,0.5494040924959565
33,0.5262286381733471,0.5467796508084997
34,0.5234267131171623,0.5447819658154034
35,0.5209903536251683,0.5428539277482781
36,0.5176054478910764,0.5397326887146562
37,0.5154695106104524,0.5379407267830297
38,0.5135472989566043,0.5361493392175305
39,0.5112298480996986,0.5341374904633055
40,0.5091346121906934,0.5321698090716487
41,0.5069875134794746,0.5303676961886529
42,0.5043688478510105,0.5283442389712134
43,0.5024794910950948,0.5267099051370279
44,0.4999879139933185,0.5246589945366645
45,0.4977678443134587,0.5227616474824385
46,0.4958119519811174,0.5213460328714151
47,0.49372508413863186,0.5197911407478326
48,0.4917650320642277,0.5177934300953261
49,0.48914050148859595,0.5154379741969195
50,0.48758432104742433,0.5138001696383442
51,0.4856688992506592,0.5123973785757557
52,0.4843244939164103,0.5111725835716787
53,0.4821924206796081,0.5094487534107094
54,0.4811439253616327,0.5085057602586146
55,0.47969988443325695,0.5079460922999764
56,0.4783307816966198,0.5067488910006067
57,0.4764129105623503,0.5055139086332185
58,0.4749245698091816,0.5045335003881848
59,0.4732366913002444,0.5030048838778665
60,0.4717886302873252,0.5016414605311097
61,0.4702286215298648,0.5005478407999673
62,0.46853456669443977,0.4990243380037827
63,0.4671734666209072,0.49829294048733014
64,0.46596023819684795,0.49753429322017645
65,0.464011545825534,0.49606306727493277
66,0.4627992283693704,0.4951981138848817
67,0.46157773277083936,0.49434410940671997
68,0.46018851375315134,0.4931784759328584
69,0.45870652155147607,0.49202846566893377
70,0.45767928860606955,0.49116358954586276
71,0.4561232789964894,0.4896448942132692
72,0.4547330011868962,0.48870650710159996
73,0.45325148293313733,0.487544816555781
74,0.45218795324455896,0.48686846124545813
75,0.4510989915554939,0.48602637332982673
76,0.44993491805824,0.4852675529533687
77,0.4485758655846607,0.4841700382157046
78,0.44757826377948123,0.4832200993113401
79,0.44654013325014413,0.4824947974304904
80,0.4452472211659632,0.48156352916483663
81,0.44404012327971926,0.48096521583272334
82,0.4430700207718491,0.48027364856936827
83,0.44154906653787546,0.4790883833441981
84,0.4404848350904746,0.4781893825612144
85,0.4394049340144623,0.4775261035742158
86,0.43834426790917014,0.47674167348891505
87,0.4369999815173449,0.47527698991237355
88,0.4361028924816788,0.4745995571452495
89,0.43536197743126237,0.4742995577262449
90,0.43444233141916316,0.47350297901019833
91,0.4335810252611296,0.47282800564197747
92,0.4322419207422011,0.47206671478916035
93,0.4311883485861991,0.47156570521728497
94,0.4304551939910094,0.470891185155313
95,0.42976913308001463,0.4702653716575841
96,0.42869179396777596,0.46954681167019746
97,0.42765860446339055,0.4689813508464851
98,0.42662237726985036,0.4680636660791597
99,0.42584439253317846,0.4676082833519652
100,0.4249476431104562,0.4670685955027642
101,0.42409409640320955,0.46634938583830826
102,0.4233881373065759,0.46604724285421006
103,0.4225509332558433,0.4656269687568532
104,0.4218884131100847,0.4650215221559336
105,0.42099119424366965,0.46443719113803744
106,0.42020398556118665,0.46400801198776
107,0.4190483922367763,0.463393093534159
108,0.4181623863080428,0.4627425499942251
109,0.4170846969072399,0.4621490867592028
110,0.416262847640481,0.4615195648712871
111,0.4154218080887601,0.4609722975760361
112,0.41415943796006643,0.45998604717910224
113,0.4132023321559686,0.4594335738652566
114,0.412234861638073,0.4585691257942325
115,0.41120200208234403,0.45779856529975355
116,0.4103316397623051,0.4572592586179441
117,0.409268420591395,0.45675296178325375
118,0.40843503158554306,0.4563447595353297
119,0.40760068743613515,0.4558221587459563
120,0.40648316258247996,0.4550135988977191
121,0.405660793204929,0.45452461514337344
122,0.40478736864702747,0.45395692514835734
123,0.40384936407247835,0.4531957136352997
124,0.40306196478373973,0.45283209084715986
125,0.4020296700915236,0.45192734652230265
126,0.40146529323369967,0.4515521942396061
127,0.400637123918891,0.45105792938778816
128,0.39972977218900824,0.4502100988901256
129,0.39906415534522083,0.4496430394116783
130,0.39833874539320757,0.4491448643296934
131,0.39744348650315187,0.4485604266259009
132,0.3967859491483342,0.44812322805368143
133,0.3960716887656624,0.44768170846640715
134,0.39542882205800756,0.4471621182872203
135,0.39480434448814977,0.44664485731312004
136,0.39402444722997965,0.4460732350499291
137,0.3931745700971446,0.44539747728970835
138,0.3922549246089297,0.4449837961454002
139,0.3916049834932642,0.4442119065612403
140,0.39079930850344297,0.44382169031904584
141,0.3902775113149087,0.4435397882919865
142,0.3894017407487947,0.4429960724617389
143,0.3887943574538818,0.44268846635327636
144,0.38822183150925116,0.4422839952499488
145,0.38734141872526634,0.4414067079694066
146,0.3864328482917242,0.4406097830663546
147,0.3859970192512349,0.4404624201084759
148,0.38503488769768063,0.4398078664582027
149,0.38430145448760605,0.43933630128981
150,0.3834477696570728,0.4386533755227157
151,0.3827399112680051,0.43821417638559884
152,0.3822377196540443,0.4379672267550033
153,0.38168751242975063,0.43771370232470624
154,0.3810892196142213,0.4373544543894859
155,0.38036756821522283,0.43700605211352783
156,0.3795178595683167,0.43648873106514635
157,0.3786743241390585,0.4360094496291689
158,0.3781390955094115,0.43582703231940084
159,0.37755159723311227,0.4355782251818367
160,0.3768447492052064,0.43524699599902833
161,0.3763421785894869,0.4350654202731289
162,0.3757467098817714,0.43472391445307357
163,0.3751730306126707,0.434271868239102
164,0.37436383140270685,0.43381239846434394
165,0.3736812669400765,0.4333401694672803
166,0.3731488887522938,0.4327780173278062
167,0.37260529670412346,0.43249020580351555
168,0.37207362642489566,0.43244012114784247
169,0.37134212019729956,0.43207792304313436
170,0.3705400930259189,0.43150458825375027
171,0.3698409705942518,0.4309169217727631
172,0.36930655870028284,0.43047222875908564
173,0.36887385173174647,0.4301498674783746
174,0.36838781991798725,0.429955382251676
175,0.36788217942770784,0.42964744010081574
176,0.3674308290533247,0.42912287654907666
177,0.36700483753060087,0.42883948091836555
178,0.36645157943831025,0.4286022061447927
179,0.36604799235305113,0.42827293166541425
180,0.36563970890568737,0.428055807273722
181,0.3651830805344948,0.4275866146769039
182,0.3646107966884352,0.4268753206039035
183,0.36410878562352944,0.4268643948751195
184,0.36344886498199297,0.42655814367483863
185,0.36282090918746157,0.42604321615599855
186,0.3623068114580646,0.4256410744937619
187,0.3618051426954412,0.42536366713792106
188,0.36132263003432685,0.4249976898844572
189,0.36070110278901774,0.4244433203431751
190,0.3602988467540197,0.4244641815854997
191,0.3596924631938854,0.42401405032688677
192,0.35927423330808234,0.42368048898207217
193,0.3586348725269624,0.42338489948623115
194,0.35792056768108477,0.42314353991392584
195,0.3575351234021253,0.4230624551953871
196,0.35687224678114204,0.42273560610318
197,0.35654895225189726,0.4226309922705767
198,0.35587874292970856,0.4222138480413604
199,0.3552525130184498,0.42204290979897513
200,0.3545077851678789,0.42148696754296894
201,0.35407182511888563,0.4212269724590336
202,0.3536543608959464,0.42120186462915105
203,0.35326262897886423,0.4207683157941132
204,0.35280306479137097,0.420469635096093
205,0.35226872135884324,0.4201256772361564
206,0.35150105111298974,0.4196072906000822
207,0.3509538932997628,0.4194597007700135
208,0.3503540302994837,0.41908020654502465
209,0.34992894407646336,0.4190194901372462
210,0.34952170207078276,0.41883571713103135
211,0.3490702866864896,0.41854421648342066
212,0.3484834386890066,0.4179752956257665
213,0.3479988782487154,0.41783914930751714
214,0.34758212824999307,0.41756025247421763
215,0.34724707132047317,0.41730220740533897
216,0.3467627421795471,0.417003035599417
217,0.34619862616294567,0.4168388586841158
218,0.34550445260070883,0.4163371594656715
219,0.34505849878741673,0.4161352426432492
220,0.3447131847855892,0.41595722084550923
221,0.34431888165896274,0.4157830532096811
222,0.3436827772832913,0.4155053388512053
223,0.34308465755835843,0.414998984967542
224,0.3427352218049451,0.41469044195413374
225,0.3423285778358819,0.41443533610665373
226,0.3417509676129839,0.4138589877948922
227,0.3413972124169814,0.41363595750922316
228,0.34100094897770516,0.41339283210638206
229,0.3404111024120317,0.4129084421007656
230,0.3399927024494442,0.41265130935347816
231,0.3394025508727964,0.41246838367342037
232,0.3389195198896793,0.41235472741927853
233,0.33836728531917487,0.41209283722637735
234,0.3379122535696885,0.4118660032087213
235,0.3373848920362575,0.41152594660016706
236,0.3370281560511429,0.4113928976463751
237,0.33658670796760404,0.41112224851293905
238,0.33611704093708644,0.4108679760765534
239,0.3356596480921096,0.4107155303944313
240,0.3350367442963971,0.41032875535188645
241,0.3345531742402384,0.4101819893201039
242,0.3340112484076722,0.4100292101636855
243,0.33341399733712757,0.40968791486234163
244,0.3329042449372961,0.4094701769574747
245,0.33252112595096106,0.40938386242061425
246,0.33214553873227753,0.409107152728582
247,0.3315608785935155,0.40894166121930725
248,0.33123835060841983,0.4088081721328687
249,0.3308596095538489,0.40861900090583597
250,0.33039946938408704,0.4083588694430697
251,0.32994369068398416,0.4080096593573066
252,0.32938778039315153,0.4075770395811999
253,0.32905876698839487,0.40732385117158343
254,0.3286209550722862,0.4071691901974499
255,0.3282622910904059,0.406981530575162
256,0.32795187266222975,0.4067281401974177
257,0.3275713615615276,0.4064713221647444
258,0.32694897335391965,0.40619233424516354
259,0.32639882749942617,0.40586064963412555
260,0.3259166487392423,0.4055878402539438
261,0.32546887908622274,0.4052409751901276
262,0.3250693093326525,0.4051273120183879
263,0.32469186823920476,0.40492148724056753
264,0.32433805881969646,0.4047681951902033
265,0.32398734579540783,0.4045195343020192
266,0.3235955860710967,0.40431421997206923
267,0.32317504554715165,0.4042270045474074
268,0.322923995271333,0.40417286305833433
269,0.3224097687367989,0.4040526684376756
270,0.32201055749342883,0.4038405517029677
271,0.32157416397840094,0.4035914988792448
272,0.32108265189924173,0.4035293320901282
273,0.3206883573418662,0.40312742986809524
274,0.3202368720254152,0.40299974341137634
275,0.3195024157248727,0.40254851764025434
276,0.3191477366913422,0.40255157600650543
277,0.31888572952631067,0.40253554396845564
278,0.31832228317027633,0.4020949358920409
279,0.3178454937406934,0.4017762471395016
280,0.3175430577499445,0.40158121484252435
281,0.3171757352485477,0.4014641017512265
282,0.31682136111126874,0.40124340919825097
283,0.31653391014653603,0.40127700859787063
284,0.31615086948829463,0.40102001490073447
285,0.3158063297545251,0.4008118077937255
286,0.31532732474127995,0.4006559389761385
287,0.31493500967692467,0.4002809610746523
288,0.31451121108774355,0.4000702905915283
289,0.3140767685465363,0.39986924260285406
290,0.3137627313016443,0.3997009897355867
291,0.313346235347927,0.39938182367168
292,0.3128145955209533,0.3992175883604955
293,0.31226609646830883,0.3988167504430749
294,0.31179574826210854,0.3986418071329002
295,0.3113943413953648,0.3983976944166309
296,0.31105879484915855,0.39843857570515806
297,0.31066836357636646,0.39824780549014227
298,0.31018366681487197,0.3981157817797146
299,0.30974247824413464,0.3979477269884996
300,0.3092721271728188,0.39777062387554896
301,0.3088097951153134,0.3974448012036193
302,0.308339784967637,0.3972007111834825
303,0.307871209172433,0.39703377694263264
304,0.30747321929891935,0.3967461244940784
305,0.3070773141177486,0.39671889152426987
306,0.3064218414398395,0.3964641736204658
307,0.30593860638063247,0.3962106476178344
308,0.3055422794514001,0.39604432859175986
309,0.3052357137931928,0.3960296984027264
310,0.30487104585508,0.39565221229975855
311,0.30433260491095676,0.39543490580041163
312,0.3039563809071714,0.39523398951964894
313,0.303623315685941,0.39494330025771823
314,0.3032123693640455,0.3948337736630355
315,0.3029819162468446,0.3948100468124557
316,0.3025813890060254,0.3946262946744468
317,0.30213285060099687,0.3943433744554716
318,0.30169113409616094,0.39404996010540794
319,0.30125716033000466,0.39373219445653745
320,0.30071388974051183,0.3935441044608178
321,0.3001493825374096,0.3931263930361026
322,0.2997942287504413,0.3928295445737536
323,0.2991315069323553,0.3922486061255325
324,0.2988838693415074,0.39217164093585055
325,0.2984453056090342,0.3920649664356436
326,0.2978533910178268,0.3918585467777457
327,0.2974026519711642,0.39148460628096093
328,0.29688289513092114,0.39111869106312513
329,0.2963229140890612,0.39096410903738077
330,0.29593368222434274,0.3907797056330372
331,0.2956127963360461,0.3905291708632043
332,0.29525496793835526,0.3903957131961062
333,0.29461289198092766,0.3897430512522446
334,0.2941735979019926,0.3896574934751132
335,0.2935384060171249,0.3894928768337642
336,0.2930514385745012,0.38935107422014587
337,0.29253044816094936,0.38906602259787837
338,0.29198241562435084,0.38909158908897346
339,0.29163528671781125,0.38895499078504664
340,0.2911397945687289,0.38859215678747355
341,0.290652888172909,0.3883221168606162
342,0.29024126245525744,0.38812807090864043
343,0.28978527343171934,0.38793621811050344
344,0.2893266194962121,0.38765257792399327
345,0.28879085246315006,0.38716982721269366
346,0.28832727465596414,0.38670800544749095
347,0.28776600924518697,0.3864593608690084
348,0.2871921519548717,0.38613370166110933
349,0.28662719814135873,0.38558373845226535
350,0.28631766467790204,0.38549029763518877
351,0.2860034270999358,0.3852954908134199
352,0.28557099225976906,0.385171392649539
353,0.28527436845798265,0.3850094016263216
354,0.2849986968119364,0.38492421944001665
355,0.28457733085061426,0.3845866969705384
356,0.2842531805922517,0.38457474267183706
357,0.283665768848449,0.38441761301310795
358,0.28317955009020845,0.3842692985187136
359,0.2826902656007224,0.3841122030907425
360,0.28227819203828225,0.38398910036556916
361,0.2817205690451118,0.38356966792394415
362,0.28128319234492966,0.38342274883640654
363,0.2808571081655802,0.3832795338177561
364,0.2804488187319516,0.3831140839697683
365,0.27997009707858506,0.38288394238467827
366,0.2794987609599622,0.3826029921557145
367,0.278885647980484,0.382425131802409
368,0.27846046325588414,0.3823509782099133
369,0.27812491754080265,0.3821899681217373
370,0.27774938117016523,0.3819202772689401
371,0.2772682094097161,0.3815757232801658
372,0.276824803747672,0.38124140077131863
373,0.2763606308827222,0.3810447744521157
374,0.27574914505746106,0.3807461800912457
375,0.27539837420451524,0.3805251288106863
376,0.2749404386862691,0.38026778336939104
377,0.2745565513585638,0.3800071311790133
378,0.274206592885769,0.3799260749826479
379,0.2738097067060702,0.3797909704998536
380,0.27331827766503997,0.37966408950680114
381,0.27277386867931885,0.3795196024502073
382,0.272400562845204,0.3793571273871966
383,0.27203809838971466,0.3791311330047633
384,0.27167903419417616,0.3789942641008963
385,0.27111790152259235,0.3787989636958103
386,0.2707559649696898,0.3785788818953584
387,0.2703601549050377,0.37847559438584405
388,0.2699464088581067,0.37836997093864394
389,0.26949940914716036,0.3781418381170719
390,0.26901676144353415,0.3778368713000031
391,0.26842508853484315,0.37764120326681544
392,0.2680997787555027,0.37752734102482455
393,0.26762513621524864,0.37740455371195686
394,0.2672475289446067,0.3773423773727932
395,0.2667895886646261,0.37709458475683294
396,0.26627682188110724,0.3768144031142592
397,0.2658606310742591,0.3766702702743751
398,0.2654625022768612,0.37669133509939023
399,0.26509565610350944,0.3766109020831238
400,0.26472624178021603,0.37641708584911315
401,0.2642600074249925,0.37622575159982574
402,0.2639284514849885,0.376174512078366
403,0.2634125711785803,0.37592203460482476
404,0.26300556251610313,0.37568616015972234
405,0.2626189523753928,0.3755458387978923
406,0.26221425775088963,0.37529342327109244
407,0.26182863737933854,0.37504994160782357
408,0.26138283509811316,0.37479084751946234
409,0.2610002009037064,0.3746248240833705
410,0.260669608128991,0.3745317948819603
411,0.2601943966286848,0.3741730650836832
412,0.259649820927114,0.3737349335812409
413,0.2591961564684738,0.3737520343040131
414,0.2587210553561116,0.37382508639984546
415,0.258350493820168,0.3737915525719479
416,0.2578859623032148,0.37360919614932003
417,0.25743476211278254,0.3733940449258811
418,0.2567924159925363,0.373161646834103
419,0.2562192586294178,0.3727674250817901
420,0.2558318400790483,0.37264356785680086
421,0.2554038632963913,0.37264036182456484
422,0.25499007722991635,0.3726457354533218
423,0.2545493584140513,0.3722344454339443
424,0.2541105064851245,0.37219671431502893
425,0.2536136319219747,0.37179617999761116
426,0.2532951102692741,0.37179039549603726
427,0.252946580805233,0.37160727171418256
428,0.2526102184768281,0.371578752606884
429,0.2522309775236022,0.3717151890245051
430,0.25181934728646344,0.37162492580595496
431,0.2514673801099115,0.37147315853067586
432,0.2511873309358466,0.37138045305808615
433,0.2507604624051428,0.37135633040943955
434,0.2502517423930029,0.37133269152616255
435,0.24983169698406787,0.3711079912297652
436,0.24945052906559662,0.3708306816141277
437,0.24909172503894603,0.3706856244621826
438,0.24870334967735494,0.3706628322918255
439,0.24824728148105818,0.3704389889400504
440,0.247776576274518,0.3700733986349498
441,0.24742296445369327,0.3700011722545535
442,0.24705259495065454,0.3697702904771199
443,0.24658667217957816,0.3696399989221355
444,0.24624921352078905,0.36960123431497055
445,0.2458033158032491,0.3693385629242975
446,0.2454788950945224,0.36925975593720006
447,0.24517653737869088,0.3690381558290199
448,0.2447926867672026,0.3688444582465983
449,0.24443879378814287,0.36873702642188627
450,0.2441196881282406,0.3684716412868374
451,0.24383941682130925,0.3683350802453479
452,0.24343062868647566,0.36816728010118477
453,0.24311159670248553,0.3681053482896723
454,0.24273080041077152,0.36775658761853236
455,0.2423914616879252,0.3676239240467036
456,0.24201556885732667,0.3673761381186185
457,0.24171912034359513,0.3673366486307737
458,0.24130902080022404,0.36722274244175723
459,0.24090490639485476,0.367134212754621
460,0.2405422244636042,0.3670641945178798
461,0.24010823434526496,0.36660631571201485
462,0.23980035507269135,0.3664552133410417
463,0.23940356244918273,0.36617987485165426
464,0.2391098372312275,0.3662161562092158
465,0.23870510207757475,0.3661764196454367
466,0.23836921860702473,0.36605547191700244
467,0.23796393782439063,0.3659298300384029
468,0.237538262058917,0.3657378900474577
469,0.2371729781928475,0.36551080946861597
470,0.23676077707023405,0.36526527273322956
471,0.23642549173329877,0.3650971459854714
472,0.2360836309084175,0.36501499308223534
473,0.23574796895231404,0.3649605845700475
474,0.23537702218363785,0.36482919491146343
475,0.23494268310343205,0.364600664581072
476,0.23450867533550837,0.3645434597208702
477,0.23415542030158007,0.3644724446000592
478,0.23379874766461833,0.36428800678836876
479,0.2334749336942081,0.3641129457086563
480,0.23318066221925038,0.36426437917669374
481,0.2328831325943685,0.3642255098695729
482,0.2325470875562155,0.36413455788668025
483,0.23226406806727865,0.36403649629980916
484,0.2319657824440664,0.3638258645195818
485,0.23156577589503874,0.36377126277449223
486,0.23117390576530442,0.36366993578707174
487,0.23086602862396513,0.3634525954986039
488,0.2304808952336766,0.36343929646636125
489,0.2301882933564297,0.363330064224983
490,0.22982324010902042,0.3633270036653275
491,0.22937476103561613,0.3633093485546662
492,0.22910426763368133,0.3630504969564659
493,0.2287632472111006,0.36307325366615883
494,0.22837133020775094,0.3629631061278561
495,0.22810885358179353,0.3630444454622986
496,0.22770976441061286,0.36272326710585656
497,0.22730861477403178,0.3626082173791104
498,0.2269856498820179,0.3626715137058627
499,0.22663669928390373,0.3624552868868618
500,0.22629194821770462,0.3622003651553712
501,0.22582219192842398,0.3619862059668211
502,0.225454512760762,0.3618236409113148
503,0.22517491202848733,0.36181300332342375
504,0.22478724058994204,0.3615255252341823
505,0.2244268703189987,0.3613827100483091
506,0.22408447208381774,0.361403211961436
507,0.2238226958023428,0.3612627535164543
508,0.22350358513648938,0.3611486799322267
509,0.22321564958047022,0.360941575492683
510,0.22268750540003232,0.360729309222515
511,0.22238298087938932,0.36051722215368415
512,0.22207197519238353,0.36044180110689183
513,0.22172346414922842,0.3603002907913516
514,0.22133185197541377,0.3600126234494646
515,0.22089496337910344,0.3597370474615991
516,0.2206025340606907,0.3595619690872794
517,0.22024437197698996,0.3593601177410882
518,0.2198735883766197,0.35926914775895635
519,0.219500769594669,0.3591852176505887
520,0.21922764244843634,0.35906078083877957
521,0.21897378751967214,0.3590553430442234
522,0.2186578220534925,0.3591409792961029
523,0.21839338913559914,0.3590154249197884
524,0.21801050750899617,0.35880353143960025
525,0.2176133182289745,0.35855520503459726
526,0.2172737764883929,0.3583749274812214
527,0.21690274868431292,0.3578128803933988
528,0.21661309766903925,0.35781267840311887
529,0.2162842339024385,0.3576139275620529
530,0.2160257184245293,0.35762280415061953
531,0.21576857093343485,0.3577412306136648
532,0.2154607553544134,0.3576067742605335
533,0.2151374499493988,0.3575523991364692
534,0.21481112956615697,0.3572906674186633
535,0.21459633888671348,0.3571928119797628
536,0.21430185493579104,0.3571697721670699
537,0.2139664712122452,0.35724124621204895
538,0.2137284413540892,0.35702369189025696
539,0.21346557659630994,0.35680533383926205
540,0.21325492260334095,0.3568183368910175
541,0.21293149574184872,0.35671612277477943
542,0.21263790791280648,0.35663476553399653
543,0.21235296337050663,0.35674458822429383
544,0.21206831089790862,0.3568026107834439
545,0.21174618423117034,0.35672290048652755
546,0.21152889758580865,0.35672995116429773
547,0.21121625612535916,0.35664315688582937
548,0.21095457952124927,0.35652452561015074
549,0.21072995304389744,0.3565447722573283
550,0.21049191352145408,0.35651088245366197
551,0.2102612799096054,0.35648776617017414
552,0.20989633439157473,0.35629818317071354
553,0.20959851027328738,0.3560947427147828
554,0.2092925115379409,0.35594459238380843
555,0.20905875486102396,0.35580202543800643
556,0.2088362699073717,0.35585214595238773
557,0.20857687343646578,0.35579807738634495
558,0.20823300453634086,0.35576409139418336
559,0.20793078509544669,0.35579264393195836
560,0.2076158963883369,0.35568757523153016
561,0.20732029043571315,0.3555976903181629
562,0.20702109612699793,0.3554256421133664
563,0.20672233093962242,0.3552411040701496
564,0.206510774560318,0.3552067446429857
565,0.20631893817630792,0.35514365985407
566,0.20600161678840914,0.3549983749216184
567,0.20577114777200806,0.3548558009545459
568,0.20539979674680314,0.35451423206392696
569,0.2050973456032907,0.35436459572640966
570,0.2048187298159096,0.3542381892545222
571,0.2045889815690792,0.35410853444349005
572,0.2043728405563444,0.35407771597667564
573,0.2040714732642814,0.353982647375747
574,0.20377870917811639,0.35406195706820703
575,0.2033752672070947,0.3539371241816084
576,0.20309012024381506,0.353993832760637
577,0.20277397002298075,0.35384644377076196
578,0.20253240474493114,0.3538144483067263
579,0.20212670336367905,0.3538898308327727
580,0.20188297717402434,0.353798618542104
581,0.20155831386795317,0.3538658132000086
582,0.20133080957971952,0.353759702172399
583,0.20105278376955663,0.35342673588559725
584,0.2007628248902562,0.35323997050647293
585,0.20047161847100886,0.35306504115916365
586,0.2002914550571653,0.35302665778317854
587,0.20003233591703679,0.3529569387708958
588,0.1997915697868735,0.35281794922367843
589,0.19954621474554765,0.352712811187626
590,0.19922527260123155,0.3525811022837051
591,0.1989357191478445,0.3526062195039724
592,0.19866924587082774,0.3524721447179068
593,0.19841963340738306,0.3525014797510444
594,0.19805594422381068,0.3522598906787681
595,0.19770084066893054,0.35213823415535356
596,0.197437521301657,0.3520078206490954
597,0.19721234407169563,0.3519412543356437
598,0.19703638009227736,0.3518938119272608
599,0.1967842363327261,0.35187604704947145
600,0.19654165350881528,0.35194401931692937
601,0.19630777580600045,0.3518150824188311
602,0.1961200719658889,0.3517171867404369
603,0.1957010116690079,0.35161601285618055
604,0.1954670919584489,0.35151498975584994
605,0.19516722911891524,0.3514926751262611
606,0.19486294686966613,0.3513405268643344
607,0.19461958392018794,0.35125188460779005
608,0.19434026306228697,0.35108660646074674
609,0.19408639414792822,0.3509534276917829
610,0.19378613838677308,0.3511124650343662
611,0.1935674010126298,0.35094855883200804
612,0.193355760424827,0.35079206983924865
613,0.19319827778857204,0.3507760244472231
614,0.1929089925472238,0.3506115790796464
615,0.19270459741763643,0.3504599780113509
616,0.19245602569301318,0.3503416735404292
617,0.1923137063514062,0.35029214276439075
618,0.1920146780827595,0.35012945604456863
619,0.19169938129190964,0.3500335373916511
620,0.19139596327061995,0.3499971628271714
621,0.19119888904203886,0.35012116909351393
622,0.190935462286847,0.3500732613868671
623,0.19071320898312916,0.3499763636699054
624,0.19045522867694809,0.3497562855817312
625,0.19022451515205868,0.3497448131785339
626,0.18988305896209434,0.3497027513766148
627,0.1896073350342133,0.34970661718243784
628,0.1893683450632319,0.349622023757859
629,0.18904608150807725,0.34951651363779146
630,0.1888657533663379,0.3494360055479878
631,0.18868984208604014,0.3494849821151005
632,0.18848706029346662,0.34948726434654626
633,0.1881823357388657,0.34938139740913093
634,0.18788963530144692,0.34920660668013176
635,0.18765203833201874,0.34907746745921475
636,0.18745169064146744,0.34901783698051625
637,0.1872199715932222,0.3489679622370438
638,0.18702383990887728,0.34900687144305625
639,0.18681930782292613,0.3489141587788814
640,0.186597094100787,0.3489394337474504
641,0.186418370887324,0.34894474935954906
642,0.1861824730872525,0.3488955520359602
643,0.18587553180742367,0.3487887379831003
644,0.1856250225005269,0.34867898999863006
645,0.18541389935879624,0.3486383080058673
646,0.1852186240766423,0.34854226350932704
647,0.1850112424326355,0.3484195186929597
648,0.18481967705192387,0.3484388310122405
649,0.18456389368399723,0.3482265338319985
650,0.18436532342984205,0.34828026049246824
651,0.18414797078071646,0.3482108416569235
652,0.18393087774385167,0.348252296394268
653,0.18370307501830888,0.3481266692930388
654,0.18349403470233694,0.34809775556182426
655,0.18326493516857822,0.34791065390252024
656,0.1829774315672563,0.34775545518303563
657,0.18271514452145018,0.3477701417297606
658,0.1825057445709455,0.3476245750390728
659,0.18227371066772266,0.34758439355313975
660,0.1821160927545865,0.3475407470543649
661,0.18194555117842967,0.34760898392978523
662,0.18170307810385564,0.34744898328473545
663,0.18139741416457286,0.3472757724113089
664,0.18124135369383254,0.34732101869358173
665,0.18101005193693925,0.3472340969104657
666,0.18082701329003006,0.3472532092667629
667,0.18058135327342686,0.3471149723243956
668,0.18035158396954815,0.3469282440600851
669,0.18007130506137023,0.3470268185062423
670,0.17979157398110923,0.3467768071842094
671,0.17951004780132737,0.3466498922074613
672,0.17923445091465895,0.346624532529169
673,0.17906673202557505,0.34667887275244563
674,0.1788821384074876,0.3466320673321226
675,0.17863012270712914,0.34659953649958114
676,0.17846724474120676,0.34659738825379327
677,0.1782448162914835,0.34653712899321015
678,0.17810723372739268,0.3465259550968219
679,0.17789489370353467,0.34642315369490445
680,0.177614827766402,0.3464003487153705
681,0.17732109776603272,0.34643094194803187
682,0.17701911902020187,0.3462037749773001
683,0.176753731377023,0.34621820573195045
684,0.17652280374813925,0.3460906833473833
685,0.17621465027947772,0.3460270160018697
686,0.17601628268214878,0.3460424305745971
687,0.17585207044855725,0.3459720522523746
688,0.17565960645948434,0.3458246121289931
689,0.17548452479163631,0.34571676320992467
690,0.1753259393931353,0.3456867037371397
691,0.1751163050910483,0.3456956125018208
692,0.1749627047380619,0.345648655072919
693,0.17474397430341654,0.34549492419518657
694,0.17454040511071825,0.34540874508870834
695,0.17432562488852796,0.345287787284225
696,0.17409106668138036,0.34525370939012784
697,0.17390692909303565,0.34536550242363445
698,0.1736934132708575,0.3453065307832986
699,0.17352964968240603,0.3453796446037393
700,0.1733236566418351,0.3453570999936117
701,0.1731275360146993,0.3454355278524499
702,0.1729280062006531,0.3454768962119773
703,0.17276763858555755,0.3455015795441154
704,0.1725286167748164,0.3455308690786823
705,0.17232974029008025,0.34554819316187374
706,0.17215548285206583,0.3453622010714421
707,0.17196995401058268,0.34543272868059816
708,0.1717840928814275,0.34554821278951825
709,0.1716002897452243,0.34551749904098256
710,0.1713819679211576,0.3455233017610891
711,0.17114064793348382,0.3455148485757758
712,0.17097061492346116,0.34550564894800456
713,0.17077143735860648,0.34536542595823955
714,0.17054895154527183,0.34535349126258086
715,0.17039939546856675,0.345351671791633
716,0.1702158692214828,0.3452618890804394
717,0.16996849848175613,0.34521639880864396
718,0.16971331557021146,0.34525405565008377
719,0.16946786657633556,0.34520100599561027
720,0.16932972393385395,0.3452467370316815
721,0.16912754312179296,0.3452832683145248
722,0.1689397727409853,0.34521844055796685
723,0.16871224653183578,0.34522098236298243
724,0.16856106556114966,0.34527933719820253
725,0.16834181307108706,0.34513159964382006
726,0.16813665757927193,0.3451053722655237
727,0.1678999444883895,0.34517159691698196
728,0.16772579125485904,0.34514443877541473
729,0.1675106836081599,0.3452315493077486
730,0.16730887383742526,0.34527112589825576
731,0.16708606650386654,0.3451674213913619
732,0.16685181507063296,0.3450368537039293
733,0.1666914920930431,0.34505809371765533
734,0.1665640259981392,0.34509971346581664
735,0.16638253477113749,0.34510512434939694
736,0.1661778057576065,0.3449241735101419
737,0.1659134182541826,0.344785762807718
738,0.1657621239767684,0.34475605236012735
739,0.16562452386624515,0.34467428588352683
740,0.1654785940915488,0.3448269414835012
741,0.16532091351736564,0.344745341080442
742,0.16507597701580215,0.3444627274617845
743,0.1649159871508544,0.3443371597325668
744,0.16470190613847419,0.3442430130561858
745,0.16449979979159843,0.3440999750303227
746,0.16432529389159076,0.3439086045973627
747,0.1641365581970271,0.34377542132791755
748,0.1639133249780007,0.34375284377377663
749,0.16357636036675796,0.3435949915558073
750,0.16334872573890835,0.34339804797874207
751,0.16321045884130383,0.3433945904325776
752,0.16289719105891423,0.3435148718797239
753,0.16278122718579635,0.3435048482435413
754,0.16257448442735245,0.34355941016323094
755,0.16243237871903174,0.3435295175492449
756,0.16227361462131917,0.34346143861245504
757,0.16209895342801128,0.34324403088203786
758,0.1619167164216242,0.3433893031573086
759,0.16175909128735305,0.343372025999611
760,0.1615669218579097,0.3433855002451335
761,0.16137479690324288,0.34337887278815715
762,0.16120856103494452,0.34336737332109896
763,0.16102866913572825,0.34323201807871123
764,0.16085022368953084,0.34330011277542155
765,0.16063719083577938,0.3432252146403399
766,0.1605177227847875,0.34330334341961977
767,0.16038948796717084,0.3432885988238491
768,0.16022924518376636,0.34323163642201443
769,0.16003745988217172,0.34314770419648427
770,0.1598231943561532,0.3431181055100962
771,0.15964736128282545,0.34307355209912627
772,0.1594954611272695,0.34312796146667623
773,0.15927363845844442,0.34323542984952754
774,0.159151063991714,0.34320780430976217
775,0.15896406439099753,0.34308591218262957
776,0.15877729149261047,0.34307619050774524
777,0.1586407648887906,0.3431548875307106
778,0.15844405998266345,0.34323257519023254
779,0.15822696432686933,0.34324019354893487
780,0.15805377487064654,0.343265874292716
781,0.15786962427357432,0.3432675875426418
782,0.15771267771870567,0.3431398796493384
783,0.15755905875748558,0.34318517761811335
784,0.15738114619077614,0.3431217859989363
785,0.15715843432430526,0.3431589965385657
786,0.15694246198164663,0.34317897464086317
787,0.1567488196033895,0.34306761847308187
788,0.15662004488357595,0.34296498432415107
789,0.15644711600589495,0.3430003809156174
790,0.15629518213808663,0.34299986951543865
791,0.15608664474541387,0.3429722574616067
792,0.1559630706665056,0.3430082701286086
793,0.15575759516457283,0.34279708270596804
794,0.15560665605094914,0.34278369931916264
795,0.15538846022229588,0.3425770716601637
796,0.15519056285424007,0.34242742513044044
797,0.15501046269179816,0.34230560567402296
798,0.15483834634788832,0.3422025770817497
799,0.15468297327912708,0.34209874974240856
800,0.15450588357690234,0.3420460278065893
801,0.15434488206496202,0.3420405373250982
802,0.15418877921769056,0.3420384176877832
803,0.15402480952162026,0.3419756243983631
804,0.15389965859394666,0.3419965249154891
805,0.15370190312050455,0.3420284375983263
806,0.15356687049571244,0.3421207227976226
807,0.15346103743926978,0.34210261550865234
808,0.1533109579642015,0.3421054951398967
809,0.15312984139426358,0.3419470524658716
810,0.15298654196354058,0.34192080777739975
811,0.1528342796529971,0.34184922612868957
812,0.15262749090474645,0.34173706356831757
813,0.15244149000950388,0.3416423878997285
814,0.15229080417549212,0.3415874846144666
815,0.1521182483236448,0.34145894135764954
816,0.151914247918747,0.3414710052964028
817,0.15176527725915223,0.34154614879572737
818,0.1516108374802399,0.3415151969474836
819,0.15143541116075418,0.34144842637406325
820,0.15129599906898053,0.3413395759089218
821,0.15109508590462062,0.3412619806536974
822,0.1508821788224993,0.3411527060002134
823,0.1506910739491659,0.3410478662584148
824,0.15050737585275656,0.34117854542818316
825,0.1503541945742491,0.3411073746839694
826,0.15020099652061072,0.3410413009429563
827,0.15004862716705583,0.34107036226891446
828,0.1498474500378623,0.3408976166682955
829,0.14968597193224198,0.34085308658509367
830,0.14953647801140976,0.3407830484805893
831,0.14935895881314987,0.3406972289821776
832,0.14917119339742643,0.3405778822417989
833,0.1490056576146226,0.34049585961392886
834,0.14884746150551115,0.34039973490195763
835,0.14869121273921937,0.34033638178085773
836,0.14854430685771575,0.34034351035837423
837,0.14831862848056587,0.3404097318196869
838,0.1481367272165824,0.3402943250760394
839,0.1479857422036254,0.34035631669182087
840,0.14784136374473392,0.34032073510727506
841,0.14769713076455862,0.3402447411456971
842,0.14757685700801731,0.3401978788123715
843,0.14740992043863568,0.34015754475018434
844,0.14720668160929457,0.3400649427255895
845,0.14702171146349713,0.34008850620547554
846,0.14686833790946824,0.34001988563373653
847,0.14672950402819487,0.34015857690947376
848,0.14657822495339695,0.3401009169575836
849,0.14638506547217248,0.3400649096571375
850,0.1462014624735716,0.3399770164134282
851,0.14605447623860007,0.3399735004010017
852,0.14592549563544335,0.339879820441436
853,0.1456261983001223,0.33985522566299
854,0.14549389882729605,0.3398668238883326
855,0.14534054755139925,0.3398199777907141
856,0.14518242637978135,0.3398400627311594
857,0.14500887995300715,0.33991202599241604
858,0.14487029706415241,0.3399382908259442
859,0.14474385198251993,0.3399232642226714
860,0.14462618581249526,0.3399980309174137
861,0.1444676657776739,0.3401688291927617
862,0.14429187352547262,0.34017242635143796
863,0.14416592710073164,0.3401797441590885
864,0.14403978130956677,0.3401520815330034
865,0.14391958362777638,0.3400958936286133
866,0.1437557696958375,0.3401011003081406
867,0.14361913829570191,0.34000959708705897
868,0.14345437623011434,0.340077286440797
869,0.1433307669891629,0.34007203450731716
870,0.14317155619425895,0.33993330214524314
871,0.14303326958796822,0.3398620236388809
872,0.14288141021476441,0.33984378315086533
873,0.1427415187145403,0.3397969281823866
874,0.14263932988640415,0.3398423280930624
875,0.14237433216469808,0.33967305649588897
876,0.14223278366497508,0.33981394300099643
877,0.14204278596197562,0.3397183274464379
878,0.14176053892042634,0.33953329408446065
879,0.14161692122233815,0.3395578340393416
880,0.14148354098893073,0.3395481834466911
881,0.14129648219457744,0.3394721100677167
882,0.1411426858193611,0.3394597894706792
883,0.14100694007400502,0.3393564284673564
884,0.1408664492491171,0.33933587827091305
885,0.14072315537481772,0.3393610390945519
886,0.14054248761459534,0.3393616332513765
887,0.14042021771521165,0.33932454734420003
888,0.1403370935952637,0.3392601661518806
889,0.1401697086532702,0.33908770409392797
890,0.14008392669736133,0.3390904491756536
891,0.13992665105794996,0.3389601847280003
892,0.13981202074065371,0.33889154550071937
893,0.13968470952213363,0.33882898567981296
894,0.13956200944096295,0.338787442760274
895,0.13945641918078325,0.33889280283971873
896,0.13931983474202841,0.3389139658493454
897,0.13916651101228014,0.3389235290018565
898,0.13907008606828739,0.33899422319111283
899,0.13893307614571776,0.33894876566840015
900,0.138788483314612,0.3389728274527648
901,0.1386163822539444,0.33903851210140024
902,0.13848686433514665,0.339050186478862
903,0.1383466947044091,0.33906655140696956
904,0.13820895740266043,0.33905053067161756
905,0.13810187119187034,0.3389975415641609
906,0.13798776368984517,0.33896833659841696
907,0.13780203580493444,0.33899479229217166
908,0.13766951854332116,0.3389444249881427
909,0.1375246481702102,0.33903119381902863
910,0.1374047464097055,0.33902803646267593
911,0.13727182288416087,0.3389932915389968
912,0.1371413402313757,0.3388700907340752
913,0.13701374617304546,0.3388544216657555
914,0.13687004500723332,0.33883321127194793
915,0.13672440045850734,0.3387201218795734
916,0.1365813687395727,0.33876070797290425
917,0.1364497388389327,0.33874628226983866
918,0.13629846079528585,0.33875305431469915
919,0.13618221907009118,0.3386338292853342
920,0.13606765530026116,0.3386115023692613
921,0.13598280414058073,0.33863399549210405
922,0.1358675252996531,0.33860851317705987
923,0.1357419336754548,0.33851995159943676
924,0.13558989055080528,0.33847101348341646
925,0.13547757643484468,0.3385210667543141
926,0.13531864535306246,0.3384406503126906
927,0.1351417856236283,0.33841453324119886
928,0.13498620287287008,0.3384423547685013
929,0.13482950965595952,0.33830287143850646
930,0.13470095799614987,0.33828824531916785
931,0.13457723452281006,0.33828701868105554
932,0.13444311555623692,0.3382094916315193
933,0.13430560653561005,0.33816430868501896
934,0.13416075904538768,0.33812292365595625
935,0.1340155869232702,0.33807267077037756
936,0.13386972833972818,0.3380073498046678
937,0.13372442815534055,0.3378167174399733
938,0.13358497820135296,0.33781812147135587
939,0.13342686006410365,0.337747972987385
940,0.1332919215064613,0.3379003869119216
941,0.13313354678861178,0.33793606500707346
942,0.13300414035020938,0.3379141881267009
943,0.13289574031936444,0.33786381733512677
944,0.13276003931835884,0.33794062343322
945,0.13259739423834896,0.33788379472778096
946,0.1323931506559688,0.33783714951008054
947,0.13226599751031476,0.3378546070176185
948,0.13215254974828952,0.3378665762004299
949,0.13200726387520084,0.33783658566997676
950,0.13183789047260677,0.33773171280086706
951,0.131669217868955,0.3377376951001829
952,0.13155952525383466,0.3377599000620804
953,0.13145918168135906,0.3377506884266333
954,0.13132527881732026,0.33776075072236594
955,0.1312126138812793,0.33768968686009176
956,0.13108542298210257,0.3376500763640391
957,0.1309818166875318,0.3376420949010832
958,0.13082558632206182,0.3375302428248011
959,0.13068593752331895,0.3375714027512582
960,0.1305048806315124,0.3374980279633013
961,0.13035383548399473,0.33734812002468423
962,0.13016916458016622,0.3372533026628367
963,0.13003564469785606,0.3371817385544394
964,0.1299652757792493,0.33715747049724254
965,0.12986213265148372,0.3370934319574331
966,0.1297355496458524,0.3371596137756048
967,0.12960969374416395,0.3370966795535374
968,0.1294908576121565,0.3370008863067533
969,0.12941572287651934,0.336962021024033
970,0.12933778473302357,0.33693440124058094
971,0.12914072323781065,0.33688059691777134
972,0.1290756979714237,0.336910015511196
973,0.12893455477279767,0.3369671327980384
974,0.128763233510639,0.33694131677172356
975,0.12862581849832333,0.3368632852634633
976,0.12846678793846383,0.33672195306645997
977,0.12831130541628166,0.3366957098874838
978,0.12821401856069586,0.3367552540809792
979,0.1281001421431153,0.33674512726701444
980,0.1279443535136914,0.336664847537716
981,0.12783745866433327,0.3366344555308573
982,0.12772242717251395,0.33661294596421804
983,0.1275963618768664,0.3366090401593996
984,0.1274380930631707,0.33653869208926035
985,0.12732535553751442,0.3366048105897816
986,0.12721755255546452,0.3366066086363088
987,0.12708742093608008,0.3366222673901325
988,0.12694253240550243,0.33661154166229434
989,0.12683448403201725,0.33661311151245604
990,0.12670510310909613,0.33672942027913244
991,0.12658296062143537,0.3367086527421676
992,0.1264815432223374,0.3367918886501478
993,0.12630972559725068,0.33671731112252534
994,0.1261724122070483,0.3366690567511694
995,0.126062095975944,0.33662246887853725
996,0.12590748954863695,0.3365308728109764
997,0.12581612914492912,0.33652357069419075
998,0.12565254641732754,0.33638257753955597
999,0.1255180754056513,0.33644150825731894
1000,0.1253851255698131,0.33630254271922344
1001,0.12523585492365916,0.3363270873259266
1002,0.12512835475992576,0.33636128956922906
1003,0.1250171102926838,0.33644589998089125
1004,0.12489835872109797,0.33650475384223233
1005,0.12475052319736396,0.336530300860529
1006,0.12460978701304494,0.33656431813199783
1007,0.12447783891495663,0.33664083866464567
1008,0.12435456147139728,0.33670686106606945
1009,0.12422978550359653,0.3367165278746046
1010,0.12413416955838665,0.33667564887847146
1011,0.1240671953887285,0.3366614331389011
1012,0.12393749692961534,0.3365195381487209
1013,0.12386536593417244,0.33649374049006486
1014,0.12373891810633236,0.33643200757601466
1015,0.12360860365685425,0.3364148836752349
1016,0.1234915385087014,0.336439409516517
1017,0.1233589172890366,0.33637785738682086
1018,0.12328417657978169,0.33636381260625736
1019,0.12314502583292763,0.33643450443031936
1020,0.12298841982700291,0.336274203242931
1021,0.12285171582137301,0.33628247893569374
1022,0.12272155758630097,0.3361984478099746
1023,0.12264152788075817,0.3361898947923228
1024,0.12253913965247061,0.3361582107309705
1025,0.12242943066670336,0.33616703843875745
1026,0.12231032638001853,0.33608140073962806
1027,0.12219811839913443,0.33607215142346153
1028,0.12209046604687866,0.3360677469236089
1029,0.12196061262029277,0.3360781501047715
1030,0.12180625818418193,0.3359901245581529
1031,0.12165939600763047,0.33595564738738104
1032,0.12149081082213024,0.3360045569156398
1033,0.12137073469923097,0.33599729656783706
1034,0.12127571418795743,0.3359594688162897
1035,0.12117018962479358,0.335914491179482
1036,0.12105438830857806,0.33581426755596505
1037,0.12094934730444172,0.3357217036475324
1038,0.1208196113306065,0.3356820769338427
1039,0.1207275048764622,0.33562303167675706
1040,0.12059879863852334,0.33560088554032075
1041,0.12048165048695382,0.33562381451616435
1042,0.12037638725123033,0.33574085190509295
1043,0.12027068853136048,0.3357680725012601
1044,0.12011022608286051,0.33565632565347203
1045,0.12000264358632177,0.3357333476379548
1046,0.11985494164533829,0.3356571851174145
1047,0.11973807261628966,0.3356498738330033
1048,0.11964759998813275,0.3356887467298595
1049,0.11951712193619927,0.3356396047829992
1050,0.11940164711673976,0.3356311504029455
1051,0.11927118150078148,0.3356851160091961
1052,0.11913922934899042,0.3357490398428344
1053,0.11899241716289528,0.3357700776710521
1054,0.11884751074516345,0.33583588812807774
1055,0.11874226683875319,0.33587246014359406
1056,0.11863405613534934,0.33585004535820817
1057,0.11852760484566192,0.3358811610279551
1058,0.1184202277739445,0.33584114176567686
1059,0.11831864432037613,0.33589441330243713
1060,0.11817455286787394,0.3357736823680588
1061,0.11804983540857371,0.3357145374796756
1062,0.1179820517018465,0.3357583773583255
1063,0.11788730295901828,0.3357629477946672
1064,0.1177394421901155,0.3356658479945942
1065,0.11762775647255291,0.335692690815766
1066,0.11746707412495741,0.33556573056327216
1067,0.1173685530818282,0.3355729595242409
1068,0.11723387309606353,0.3355395506649456
1069,0.11713594863459098,0.33551668652972527
1070,0.11704935594884068,0.33554698214733436
1071,0.1169197151555325,0.3354596114472098
1072,0.11677550406796164,0.3354188056121575
1073,0.11668217698559696,0.33544231428711274
1074,0.1165901146432276,0.3354532453497322
1075,0.11648733971001368,0.3354591399243262
1076,0.11635608767338261,0.33549383633208896
1077,0.11624642320104316,0.3356047464403301
1078,0.11615811984177592,0.33558313088603203
1079,0.11608061744486103,0.3355737056008321
1080,0.11601020485096757,0.33554205066318105
1081,0.11589649372000248,0.33536846102288304
1082,0.11578919934495366,0.3353895447040527
1083,0.11571555352244677,0.33542072402001943
1084,0.11561194881171524,0.33537222647815673
1085,0.11547906124991929,0.33535576640639464
1086,0.11533603122979284,0.33534344063385335
1087,0.11527472544469367,0.3353670815956698
1088,0.11511919963435265,0.33535251773766295
1089,0.11501030814633298,0.33529924476092654
1090,0.11483218513555704,0.33522590034117367
1091,0.11477411039663021,0.3352158597818193
1092,0.11463268480699154,0.33534829299283275
1093,0.11453616861209663,0.33537002740018196
1094,0.11443179339183257,0.3354373289632638
1095,0.11433474941325883,0.335470835316823
1096,0.11424616913176028,0.33549552890546336
1097,0.11414867722186349,0.33548834982576076
1098,0.11402615054948499,0.33546851476336625
1099,0.11397149994491275,0.3355434886936214
1100,0.11385572195521347,0.33544989135289327
1101,0.11374617659885898,0.3353258112875959
1102,0.11369536767836573,0.33527734173207774
1103,0.11357400217001208,0.3351694146181189
1104,0.11348270250500596,0.3351358149974483
1105,0.11339307761882332,0.33510380377554244
1106,0.11329576386098915,0.33511682385373703
1107,0.11318349975284102,0.33509421855469324
1108,0.1130618943268802,0.3351870438255639
1109,0.11297080509080014,0.3351304485532061
1110,0.11288314366180419,0.33511432141392206
1111,0.11279102906701924,0.33510530312529535
1112,0.11269586327102428,0.33513506156242723
1113,0.11256625585897106,0.3350677201342665
1114,0.11243684129851511,0.3348664060700222
1115,0.11234165013265805,0.33486497457496983
1116,0.11220376271121313,0.33486478524769536
1117,0.1120982961295881,0.33500704862779396
1118,0.11197853018068114,0.33495774721956145
1119,0.11189722600881677,0.3349605417250208
1120,0.11176652545104468,0.33491548753385125
1121,0.11165530081287404,0.33487873051705064
1122,0.11156705865083041,0.3349180187463174
1123,0.11146232809530714,0.33485961761396793
1124,0.11137423564133633,0.33484761949741493
1125,0.111219845313117,0.33466205262915266
1126,0.11112542979014502,0.3345964814506542
1127,0.1110135967987992,0.33463945139096907
1128,0.11090286469289862,0.3347595846326665
1129,0.11079347092351041,0.334721646023291
1130,0.11071924431256393,0.33480268778667016
1131,0.11061834557779072,0.3347135035811385
1132,0.11053634862810129,0.33480064774288204
1133,0.11047341529993394,0.33482149888640983
1134,0.11038951578377956,0.33491234432015354
1135,0.11028783951885753,0.33485050142037037
1136,0.11018854101475781,0.33484639359749047
1137,0.11008953076545784,0.3348986967040812
1138,0.11002218162841818,0.33495316304385336
1139,0.10992537975333928,0.3349931403999899
1140,0.10981358352252396,0.3349031850740726
1141,0.10972776600094958,0.3349045657412205
1142,0.10963994358596571,0.33482112137166514
1143,0.10954879587302006,0.33484375471675015
1144,0.10942406619241904,0.334900336007122
1145,0.10931500529551826,0.3348059084136176
1146,0.10921935558660306,0.33469768151256485
1147,0.10911952604707345,0.3346557207222023
1148,0.10900134098266298,0.3345902012197764
1149,0.10890725654745122,0.33464265095445506
1150,0.10881537851056972,0.3346806448179867
1151,0.10869127674054865,0.3346696866597839
1152,0.10854663667331829,0.33445973825797304
1153,0.1084368999304209,0.33437830733126955
1154,0.10832343618093764,0.33425435621464233
1155,0.10822530608230814,0.33426550405317673
1156,0.1081326493175817,0.3343248446020862
1157,0.10804644480439707,0.3343669354554888
1158,0.10791654968555468,0.3342302717969184
1159,0.10784451617900417,0.33423030902959944
1160,0.10775426990076103,0.3343046216048878
1161,0.10765152696252732,0.3343245993824514
1162,0.10754610087386249,0.3343083205465903
1163,0.10747201105888944,0.3343026211064695
1164,0.10737460894370317,0.3342223733612876
1165,0.10723483955333496,0.33421015373974133
1166,0.10715345786973055,0.3342993078796636
1167,0.10704225808701584,0.3342985916617424
1168,0.1069725717021782,0.33422803621548747
1169,0.10687377237848507,0.3341512257724099
1170,0.10678795664065313,0.33417074513012873
1171,0.10669953136663257,0.3341550996896888
1172,0.10661608484043623,0.33423057118842175
1173,0.10650428080724017,0.33424408375987313
1174,0.10641684246508239,0.33424123620730894
1175,0.10634694195212414,0.33425451584246413
1176,0.1062746496810552,0.33425750363187917
1177,0.10618481773254344,0.33424673508760033
1178,0.10609276621584504,0.3342384484842887
1179,0.1059605196926338,0.33421204174370595
1180,0.10585380256758964,0.3342543612380774
1181,0.10576629227528532,0.334152711479088
1182,0.10569434282164346,0.3342186600294185
1183,0.10561540156200099,0.33415125917838945
1184,0.10552393843363474,0.3341437038254322
1185,0.10544076759147598,0.3341688328081206
1186,0.10535269577345192,0.33411515661678626
1187,0.10526525748176233,0.3340748945428499
1188,0.10517588726429752,0.3341224686379882
1189,0.10508597940265613,0.33417853778997575
1190,0.10502933432032216,0.33412330634140275
1191,0.10493197724724865,0.3340928444778799
1192,0.1048110074813185,0.3340307748010501
1193,0.10469304380936933,0.33409311995707697
1194,0.10462331971532252,0.3340761223436469
1195,0.10457206822827383,0.334071032540012
1196,0.10447753373308966,0.33392953522015706
1197,0.10440526635132724,0.33390845963243204
1198,0.10432522129496408,0.33388446063694144
1199,0.10423836144518984,0.33390406353691215
1200,0.10414477653676871,0.3338383854676
1201,0.10405398863351734,0.3337973953161134
1202,0.10397442346480618,0.3337848651775879
1203,0.10388561448662342,0.33381891804916214
1204,0.10383073888209969,0.33388325719575307
1205,0.10374855959825878,0.33379352817249835
1206,0.10366139783231754,0.3338992403397987
1207,0.10355333029372535,0.33391331274528596
1208,0.10349056073332744,0.3339088034452942
1209,0.10340792630256766,0.3339808645693573
1210,0.10332789029822663,0.3339763904734364
1211,0.10326085756529155,0.333954912102155
1212,0.10317885833899479,0.3340144675289185
1213,0.1030815135164567,0.3339673292400935
1214,0.10301927161430573,0.33397341872798286
1215,0.10292108948599767,0.3339446921713952
1216,0.10283375038243948,0.3339491152888042
1217,0.10275270202012002,0.3339825814889678
1218,0.10265662384318189,0.3340238943389961
1219,0.10250527707233575,0.3340944796169012
1220,0.10243763134499927,0.3341383090568926
1221,0.10235211189920952,0.33412184584393045
1222,0.10227574154236331,0.3341389866534283
1223,0.10218314023570513,0.33418636326045537
1224,0.10211765964459131,0.33419633963972945
1225,0.10203690976235585,0.334158756019658
1226,0.10196387435809594,0.33427780868864154
1227,0.10189893814201383,0.33427684894531307
1228,0.10180624362284146,0.33430799146293205
1229,0.10172304565828227,0.3342981457988155
1230,0.1016432824834493,0.3342629244839922
1231,0.10154084508044352,0.3342301603756881
1232,0.10144009488158887,0.3340867532404381
1233,0.10133916500997918,0.3341087891859984
1234,0.10125796782825769,0.334187966374797
1235,0.10111309530495605,0.33417443337951286
1236,0.10101196149025854,0.3341984366483926
1237,0.10091560658465301,0.33412629217205486
1238,0.10082457034902545,0.33409164770315275
1239,0.10076580064872463,0.3341367663229357
1240,0.10068626479377925,0.33414460516503786
1241,0.10059837105636223,0.3341206863206006
1242,0.10050697957988786,0.3340753566908715
1243,0.10043721758516048,0.3340443180957926
1244,0.1002929028164361,0.334014636451415
1245,0.10019461448928929,0.3338881655459711
1246,0.10012768378682896,0.3338762688123715
1247,0.10000709725878423,0.3339183464512906
1248,0.0998970558562203,0.3338737027457727
1249,0.09980287718952949,0.33387900267305354
1250,0.09971941442741167,0.33392400581622694
1251,0.0996493550454826,0.3339354690208096
1252,0.09954930416112871,0.3339299868642529
