0,0.5017396211624146,0.6660719513893127
1,0.4482277035713196,0.5012425780296326
2,0.44035103917121887,0.47665834426879883
3,0.4385647475719452,0.4729779064655304
4,0.4328228533267975,0.46637052297592163
5,0.4296756386756897,0.4667314291000366
6,0.42631611227989197,0.4639652371406555
7,0.4221174120903015,0.4605019688606262
8,0.42017704248428345,0.4612800180912018
9,0.42028987407684326,0.46063122153282166
10,0.4217844009399414,0.460925430059433
11,0.4196145832538605,0.4602397680282593
12,0.4192662835121155,0.4602305293083191
13,0.4181109368801117,0.4565979540348053
14,0.4186202585697174,0.45833197236061096
15,0.4174279272556305,0.4574262797832489
16,0.417950302362442,0.45822083950042725
17,0.4168572723865509,0.4573144316673279
18,0.41786864399909973,0.45751088857650757
19,0.4182296395301819,0.45721930265426636
20,0.4177428185939789,0.4577637016773224
21,0.41734781861305237,0.4567927420139313
22,0.4166794717311859,0.4561128616333008
23,0.4166710078716278,0.45531558990478516
24,0.4166273772716522,0.4562445878982544
25,0.4164741635322571,0.4577174782752991
26,0.416387677192688,0.45667555928230286
27,0.4168686866760254,0.4564514458179474
28,0.417428582906723,0.45690038800239563
29,0.41760778427124023,0.45692530274391174
30,0.4175310730934143,0.45740199089050293
31,0.4175085425376892,0.45638853311538696
32,0.41783249378204346,0.4569697678089142
33,0.4178144335746765,0.4572144150733948
34,0.4172140657901764,0.457474023103714
35,0.417525053024292,0.4567297697067261
36,0.4174906015396118,0.4566875100135803
37,0.4177870452404022,0.45622578263282776
38,0.417523056268692,0.4561670124530792
39,0.41777661442756653,0.4564647674560547
40,0.416953980922699,0.45684030652046204
41,0.4166305661201477,0.4570237696170807
42,0.41690605878829956,0.4567130208015442
43,0.41670799255371094,0.45689573884010315
44,0.4171644151210785,0.45653167366981506
45,0.41714373230934143,0.4568260610103607
46,0.4172559976577759,0.45704376697540283
47,0.4174269735813141,0.45725393295288086
48,0.41741466522216797,0.4571678638458252
49,0.4175557494163513,0.4575585424900055
50,0.4177376329898834,0.4578711986541748
51,0.41775763034820557,0.4581197500228882
52,0.4176264703273773,0.4579834043979645
53,0.41762596368789673,0.45816513895988464
54,0.4177316725254059,0.4581120014190674
55,0.41766881942749023,0.4581282138824463
56,0.4178088307380676,0.4582972228527069
57,0.4180297553539276,0.45861998200416565
58,0.4180176556110382,0.4585252106189728
59,0.41833463311195374,0.4583908021450043
60,0.41826295852661133,0.4583740830421448
61,0.41802945733070374,0.4579598903656006
62,0.41758468747138977,0.4573354423046112
63,0.4173513352870941,0.45776569843292236
64,0.4172074794769287,0.4576020836830139
65,0.4171580970287323,0.4576118290424347
66,0.4168461859226227,0.45744574069976807
67,0.41699156165122986,0.4574702978134155
68,0.41691476106643677,0.4574865400791168
69,0.41662028431892395,0.45727643370628357
70,0.4168384373188019,0.4572138488292694
71,0.4167550206184387,0.4576152563095093
72,0.416766881942749,0.4574299454689026
