0,0.62728893035823,0.6331106961703984
1,0.6043215392395689,0.6158164682020211
2,0.5837441720810036,0.6008076379742284
3,0.5647560684789155,0.5877013175165207
4,0.5457692662119489,0.5742349145532718
5,0.529159289467167,0.5626571599012512
6,0.5135631188458699,0.5529788359412363
7,0.49857696164807236,0.5433456571060802
8,0.4850123987342401,0.5346446968312238
9,0.4715585348775365,0.5254926410711408
10,0.4586512790656139,0.5167030232803421
11,0.4469720988709457,0.5091353915765542
12,0.43582268462265716,0.5020415356770603
13,0.42524809793553847,0.4952449518560836
14,0.41529578124729705,0.4883114726875848
15,0.4053117142390224,0.48142573111035836
16,0.3958593982154082,0.47544324885407224
17,0.38657267946183765,0.47019074102136565
18,0.37809857482616804,0.4657269129138453
19,0.36973552480449434,0.4613489298346427
20,0.36157674115176325,0.4565602655783303
21,0.3537192164506313,0.45249492278436426
22,0.3465323086367542,0.44786625603187785
23,0.3391773952766672,0.44415775578768585
24,0.3324130970154854,0.440501604584952
25,0.32558759337204396,0.4373431070847303
26,0.3188890102101986,0.43425768467736914
27,0.31237342807952473,0.430954900562977
28,0.3061661342191788,0.42744635789616897
29,0.3004795310505139,0.42478084733090904
30,0.29476075843110905,0.4214449322106167
31,0.28922079364027004,0.4189774768838625
32,0.28381545906057376,0.4165970457039676
33,0.2785053332426096,0.41342894262352126
34,0.2734887587437176,0.4111394850316313
35,0.2685118058230664,0.4089627556959011
36,0.263981883125629,0.4070516177486354
37,0.2593190960911781,0.40487165816589393
38,0.2547939240164889,0.40283940856083145
39,0.2504796590070955,0.4017405462981521
40,0.24590008076613604,0.4004294271684116
41,0.24173666386775824,0.3998171766867235
42,0.23766231882359257,0.3986645626642627
43,0.23372608818613239,0.39690854909032985
44,0.22998826413691836,0.39574787841028647
45,0.22605077301617912,0.3941428595089778
46,0.22242069489938412,0.39299308354432105
47,0.21902809381447846,0.3920342260447133
48,0.21541296937586532,0.39122737729123963
49,0.21183125853519866,0.39000769053970846
50,0.20841838136492158,0.3889952194762401
51,0.20509626369403447,0.388033363378618
52,0.20183112457546482,0.38753417418223524
53,0.198508531825228,0.38653607336109885
54,0.19537415676642542,0.38608697256687485
55,0.1922294177000629,0.3839828069947625
56,0.18930841234196502,0.3833597359616255
57,0.18634277850459693,0.3826367887222886
58,0.18358505041139783,0.38237265888914124
59,0.1806901369550693,0.38088315088461755
60,0.17795553427126476,0.38016158230225683
61,0.1753917779658361,0.37967746301988975
62,0.1728203944906456,0.37904375757016673
63,0.17040074799345534,0.37852605166838305
64,0.16786754910743112,0.3773220400607811
65,0.16547131139300725,0.3776186699223449
66,0.16300854085574304,0.37710905871616013
67,0.16058247174389087,0.3768847568921972
68,0.15840826053108556,0.37664861219315937
69,0.15612491452609645,0.3758752482180021
70,0.1538610328153981,0.3759929341379913
71,0.15170431988600316,0.37620111714760107
72,0.14950402016145392,0.37578570742356776
73,0.14734035366839743,0.3757736122899385
74,0.14514165125980075,0.3756907077986507
75,0.14294911666621468,0.375629347182905
76,0.14077824140419737,0.376022354266559
77,0.13870278375881964,0.3761829239148918
78,0.13673736558370947,0.37682510600556784
79,0.1348131620671642,0.3771439675786545
80,0.13292761894734706,0.37715354602722423
81,0.13100918007291998,0.3775639283164179
82,0.12915828969827986,0.37722541406739385
83,0.12730318662923185,0.37717211291257613
84,0.12555795752272117,0.37738842906171816
85,0.12387339219716484,0.37787345929404004
86,0.12225430045387942,0.37738243749518513
87,0.1205961915709971,0.37827946575883564
88,0.11900939459183553,0.3785988639554382
89,0.11739473346252138,0.3780624849374532
90,0.11591507276045329,0.3782288650431116
91,0.11440934638279945,0.37886667186318634
92,0.11293053403300614,0.37922166134600943
93,0.11146814385944878,0.3788219449893649
94,0.11020533416006421,0.37890140400218825
95,0.10874953843870892,0.3794060980133271
96,0.10740554370726876,0.3793799548928651
97,0.10599566782801328,0.37988712351785675
98,0.10470323948421432,0.37999094925789717
99,0.10344961426820755,0.38015283954578
100,0.10211699531238644,0.380688473654659
101,0.1008035617861216,0.3809201799036328
102,0.09946429105721034,0.38147934378555864
103,0.09819127488051564,0.38168882365468304
104,0.09701229323052367,0.38204184940069247
105,0.09572408944124096,0.38245789104044325
106,0.09460124440353773,0.38252411511195217
107,0.09344618274726792,0.3826042626536983
108,0.09228081315203114,0.38272921512984104
109,0.09112439135026429,0.38318609992278635
110,0.09012279225455744,0.38334087660956195
111,0.08907184142499705,0.38344202475293426
112,0.08803484955271221,0.3832037730215436
113,0.08699579361005053,0.3831623669523194
114,0.08596984738794114,0.3832326135618781
115,0.08499155292148126,0.384007418066712
116,0.08402695835058287,0.3841243206319468
117,0.08298989421954316,0.3846411661684023
118,0.0820620533880605,0.38488316517185345
119,0.08105293323904039,0.3856197279602583
120,0.08010336906014724,0.38582223554124934
121,0.07914786172657842,0.38592418571049214
122,0.07828054730605767,0.3866808209668426
123,0.07745173337174711,0.38660437815976023
124,0.07656967701151947,0.3872724807289254
125,0.07578077151681552,0.3873176128451096
