0,0.6383137659093066,0.6427624641218196
1,0.615124530631674,0.6245893362528251
2,0.5940672363756735,0.6091233351737497
3,0.574489903908393,0.5945838291736105
4,0.5563856705881075,0.5825596686801219
5,0.5390909178544802,0.5701981977436936
6,0.5226515145526393,0.5581800152523666
7,0.507410595368815,0.5477914172515338
8,0.4930901241825768,0.5380202439647882
9,0.4798699316081017,0.5296775778703107
10,0.4674290919230004,0.5209128633838802
11,0.4554963317012486,0.5118984780739554
12,0.4444367849695729,0.5050556693855048
13,0.4333877613506508,0.4977796035667973
14,0.4225447880859221,0.49046578821847553
15,0.41267599517046083,0.4845891935231276
16,0.40283395711007897,0.47830366568832056
17,0.3934203478440428,0.47264716026166304
18,0.38521875759884583,0.46757776852363603
19,0.37666473357541896,0.46160584506166885
20,0.36867083773984566,0.45625128133540227
21,0.3613122349731408,0.45228934057974907
22,0.35350808871703676,0.44762798548203536
23,0.3459398676606386,0.44313349105533845
24,0.339266740513091,0.4393164426280404
25,0.3330809030314949,0.43553636785696825
26,0.32662254519241457,0.43201595597399584
27,0.32015357171772313,0.4284742128647159
28,0.3138144648611254,0.4247967304410603
29,0.30819596166660007,0.4228464781640915
30,0.3025888909790432,0.4197674557721561
31,0.2969511056726299,0.4171188313006723
32,0.29171816635753783,0.4147431418407815
33,0.2863617281922008,0.4122206427470103
34,0.2814274286558284,0.41062985153436055
35,0.27640265840776185,0.40858211120819443
36,0.2714316283357863,0.4068770549735465
37,0.26689113891308375,0.4048575892961531
38,0.26226041297482316,0.4032010577114816
39,0.2579475494026971,0.4021452425790081
40,0.2535566050885337,0.4007594168175435
41,0.24927062932938074,0.39877697876899876
42,0.2451786022552273,0.3968831782571197
43,0.2410998522115382,0.39557137987278745
44,0.23704972329406063,0.39400504722878527
45,0.23285940009741646,0.39244623235732856
46,0.22899413531630441,0.39103376642449367
47,0.22538706972732409,0.39023635363617787
48,0.22174834146160982,0.3886997142308213
49,0.2183484448844063,0.38864882031560916
50,0.21461686109868405,0.3874328993890223
51,0.21118332309491036,0.38664090279677577
52,0.20746542003555046,0.38596203126555484
53,0.20429375422667742,0.3865760509552559
54,0.20100571308737805,0.385907024374985
55,0.19780884860895967,0.384946995949225
56,0.19465323828590278,0.3839174253409672
57,0.1916723190323828,0.3829965530243885
58,0.18861204107984048,0.38260355160396936
59,0.1858770966699232,0.3820355345563131
60,0.18312962254833592,0.3820758526002504
61,0.18031483593224779,0.38137467607532477
62,0.1775649745107115,0.3807655167242161
63,0.17498328418084522,0.3803740990371041
64,0.1723409370128918,0.3795407456782356
65,0.1696124802500618,0.379621519134319
66,0.16700405788939268,0.3785505572469682
67,0.16457817349240272,0.3783811893030437
68,0.16218483831419933,0.37787472954518625
69,0.15977141353071816,0.37752294392497127
70,0.15762903707753687,0.37786545304439423
71,0.15528543782889137,0.37768124615852916
72,0.15310278324406426,0.37711277945748345
73,0.1509096011257513,0.37688477010589083
74,0.14874476108422552,0.3773174102527906
75,0.14662490250907373,0.37834816386578685
76,0.14459205425016058,0.378307084102297
77,0.14266765179913116,0.3791029698359044
78,0.14064030899608687,0.37993558059897636
79,0.13862132671670005,0.3802068106465419
80,0.1368173595074631,0.3802430736516293
81,0.13496982258672532,0.38034267392825294
82,0.13294925494343496,0.38025853300254064
83,0.1309906870436368,0.3793363986854204
84,0.1291615925307968,0.3797200265042508
85,0.12750088432079343,0.3792718677374929
86,0.12582188369721423,0.3798130750387678
87,0.1241563782140632,0.38042322781237303
88,0.12246420780737487,0.38092238448041693
89,0.12089849714462671,0.381981790591039
90,0.1192236218410833,0.3815568212767307
91,0.11768827525255215,0.38182014168599665
92,0.1161157242354552,0.3821584558483095
93,0.11453950904614257,0.3820738317918643
94,0.11300171149437714,0.38233727192828454
95,0.1115036866128328,0.38314175833305314
96,0.11007581959427355,0.38323610250393736
97,0.108577532131753,0.3831393576080541
98,0.10718039877286319,0.38395462427869914
99,0.10575570929360399,0.3847149128730494
100,0.10447042610550705,0.38458486795821073
101,0.10321180493201795,0.38533391250489707
102,0.10194001108451244,0.38588161120942727
103,0.10067835471175905,0.3859686913279351
104,0.09941775007134103,0.38663810301231727
105,0.09817301005988524,0.3874575424073708
106,0.09703565696525274,0.3879868784028055
107,0.09584990288025749,0.38844342839649
108,0.09468236394381165,0.3888192444988658
109,0.09356800491897742,0.38903609843589243
110,0.09234637768629597,0.38923993967295456
111,0.09131925555785873,0.3887063129221191
112,0.09023816278522477,0.3891218593025417
113,0.08912097808032036,0.38904614136594157
114,0.08808728300495061,0.3897652084604621
115,0.0869966898875725,0.38980152939332324
116,0.0860602468662524,0.3904034373751484
117,0.08506428826015376,0.3910814527393333
118,0.08395610147395319,0.3918445524860367
119,0.08296122166964692,0.3922108125420037
120,0.08199902300820287,0.3927825530484933
121,0.08106715319661405,0.39290573543153806
122,0.08018312525954721,0.3932604536851122
123,0.0792237424273673,0.394081432540094
