0,0.6203350756976912,0.6242543602883731
1,0.5922121718312879,0.6015519336920147
2,0.5676003878848705,0.5822879140919944
3,0.5464937389845698,0.5661091732195583
4,0.5264079085446957,0.5506938801689277
5,0.5099052569111155,0.5377623883566924
6,0.4943394784549293,0.526157128822409
7,0.479903056828378,0.514685715342594
8,0.46794807408758765,0.5069950565366226
9,0.4542731800395038,0.4979703211479311
10,0.44253196561229075,0.48991495352337716
11,0.43298627903503634,0.48377980983274593
12,0.4235899315043806,0.4779523436743378
13,0.41503092160939226,0.4713538124416028
14,0.40613220902741254,0.46670565989971213
15,0.39769715559229896,0.4611427043838163
16,0.3897748454188309,0.4561684542492408
17,0.38218497365612325,0.45100962408223044
18,0.37481952908889526,0.4459531758003258
19,0.3674718103002699,0.44275679331193674
20,0.36049763574003657,0.43844488645710655
21,0.35338728104806005,0.43421003879878906
22,0.3474820383418953,0.4313295483954905
23,0.3420518646669717,0.4288269968552286
24,0.33616312310394975,0.42580131943013955
25,0.3302624031587601,0.42349057294054243
26,0.3249144454749683,0.42109646766306086
27,0.31884725921087453,0.41822608877602985
28,0.31350112273476755,0.4156214575845379
29,0.30853695439066153,0.4131811861669883
30,0.30352426971752683,0.41079472924833965
31,0.29827147153237366,0.40798691192400216
32,0.2934291962876095,0.4065159035283677
33,0.2888993077806446,0.4042961443781469
34,0.28429145389293775,0.40104387238881994
35,0.2802300620015437,0.4001800656078615
36,0.2763475401739559,0.3996486524052838
37,0.27194778518221013,0.3975025396089736
38,0.26784515389426694,0.3956007119851109
39,0.2637834284734871,0.3939036212745089
40,0.2603111657914929,0.39303065826226397
41,0.2570244590806701,0.39158963406997876
42,0.25384457939095295,0.3910501220877098
43,0.2501308615244616,0.38969912114363053
44,0.2466569927967805,0.3887014318825666
45,0.24341723456393521,0.38829851608224847
46,0.24022613538932938,0.3869723235276747
47,0.23702827809171742,0.38553568765752827
48,0.2338118643509049,0.3848067745017334
49,0.23063377182541783,0.3846239899778029
50,0.2275941056055794,0.3845928571626052
51,0.22516138982956113,0.38395532385550757
52,0.22236470358305482,0.382142233236494
53,0.21955859246773637,0.3809381750739341
54,0.2166037785274826,0.37998450139293527
55,0.21408271021953323,0.38013365976253133
56,0.21158481783975094,0.3794736145828677
57,0.20912528987076232,0.37851194308952335
58,0.20639658081182352,0.37900824001981437
59,0.204088412989461,0.37885233383094746
60,0.20155530839161173,0.37826307314891355
61,0.19897166281070824,0.3778255375113927
62,0.1966985803924541,0.37810729576796787
63,0.19436084351027377,0.37845608110983875
64,0.19225493035490085,0.3786686415751292
65,0.1899832980507333,0.37720296218488614
66,0.18770504925380252,0.3770189729028582
67,0.18565984377705133,0.37643030063827204
68,0.18362715857825843,0.37604068192224
69,0.18130749619516923,0.3760121422379063
70,0.17924794563682947,0.37569405349573376
71,0.1771906986471781,0.37584399986288003
72,0.17532674452367894,0.3750368812256446
73,0.173093720524034,0.37420721931713746
74,0.17100922448868297,0.37479789740544966
75,0.16928878643796963,0.37415940994849173
76,0.16731490335762353,0.37420642289088524
77,0.16557945069121655,0.3743182037396526
78,0.16395400536401128,0.3739461680856305
79,0.16228809464393293,0.3747316116679462
80,0.16034578654495374,0.37469622015803117
81,0.1586883364086094,0.37489197036205457
82,0.15691962400305703,0.3741193874744773
83,0.15526633231599682,0.3744549062206677
84,0.153463947742443,0.37454412695762296
85,0.15186867268435636,0.3747042926485387
86,0.15040791519178448,0.3748120234345529
87,0.14881300291001057,0.3747219327757815
88,0.14718529696197166,0.373988326576238
89,0.14569191079957863,0.3745740684856677
90,0.14409479710154047,0.37422321622359117
91,0.14236530390788085,0.3746644791653049
92,0.14093800713944693,0.37416358426633145
93,0.13944299550294068,0.37409936378476466
94,0.1378960139689023,0.37377308872807663
95,0.13631021727334044,0.37366407497179865
96,0.13501751525231154,0.3741853408947325
97,0.1337803498968676,0.374437408976175
98,0.1325410741422475,0.37457635726596406
99,0.13113155781263017,0.3745961562088006
100,0.1297704308270303,0.3748036261047211
101,0.12853521077673727,0.3754291226496096
102,0.12716646689193595,0.37666049632440646
103,0.12599720623842023,0.3774748024379098
104,0.12469371965458911,0.3775804430023597
105,0.12345574379449674,0.37804458196726815
106,0.12218420609125398,0.37757047654246445
107,0.12105856572076763,0.37722687410460626
108,0.11976147620583265,0.377961077517876
109,0.11853511755138012,0.37764123247920567
110,0.11734726689098081,0.3782430349192177
111,0.11615885126839978,0.3789426804250887
112,0.11502898191237874,0.37871059374443394
113,0.11382363594654869,0.37845942368684443
114,0.11265305349547364,0.37953166164456836
115,0.11162169301889253,0.380311223541603
116,0.11061468697141262,0.38038907298067787
117,0.10958914276798976,0.38036027115647414
118,0.10858632442377836,0.381474284337743
119,0.10745799854824988,0.38160666533849524
120,0.10639615502495518,0.3818395901430569
121,0.10548836848330971,0.3819056531878488
122,0.1045437818685187,0.38329604638018483
123,0.10373893561506284,0.38345333483081484
124,0.10279397339041788,0.3831698312669752
125,0.10184819657931657,0.38362641776840795
126,0.1009472853202868,0.3834555729055549
127,0.09991413274134094,0.3833167494978324
128,0.09903850562090274,0.3838535022115344
129,0.09814344328781052,0.38373674744153685
130,0.09721531001614794,0.38396628324111987
131,0.09641483068505204,0.384618757290563
132,0.0956182919514957,0.38494001590658017
133,0.09468688965398571,0.38538016716660256
134,0.0938369168798513,0.38465990285330814
135,0.09300422217487037,0.3849610238469324
136,0.09226860435277491,0.38523037980664426
137,0.0913983622082666,0.38659794278967224
138,0.09056310702664448,0.38753475008989013
139,0.08975008164097677,0.3880272166908772
140,0.08894138414931892,0.38838229637010174
141,0.08808553018997206,0.38784242873505964
142,0.08730410298508881,0.38770379048046677
143,0.08654680108716656,0.38767063524692785
144,0.0857458842975978,0.3875596493355893
145,0.08493031718904712,0.3875246551439404
