0,0.6604232365638842,0.66081612652143
1,0.6317161652996954,0.633361097353225
2,0.6047212552126592,0.6094034724898463
3,0.5847237588031216,0.5942987417309101
4,0.5692413769423104,0.5805727122595673
5,0.5554196515088593,0.5695343752738206
6,0.5431321187404831,0.5598246068151367
7,0.5297018834786822,0.5514647286557298
8,0.5187736502781527,0.5421433684380266
9,0.5083345770175803,0.5319481743179055
10,0.5012323964605828,0.5261062717823292
11,0.4923169377898325,0.5200366474663681
12,0.4851813670144657,0.5134369622676542
13,0.47961317634793743,0.5100134928079139
14,0.47261518814238995,0.5044934706059088
15,0.4687690608129153,0.50184895889014
16,0.464181623321567,0.4997338431284403
17,0.45829919960807725,0.4961575817225374
18,0.45312074173328487,0.492622418274345
19,0.4475891856788137,0.4895339551672307
20,0.44160986949967124,0.48585746589710527
21,0.4364155276141161,0.480516460644365
22,0.4324325274259413,0.4779437996649264
23,0.42878126649233456,0.47617936491456453
24,0.4256466752534953,0.4747282326653136
25,0.4213903686928987,0.4723944842738578
26,0.4176364024216154,0.47087063235273435
27,0.4144926863255295,0.468949434323555
28,0.4118987935722072,0.4667910203634489
29,0.40705085830435006,0.4639833873177766
30,0.4034302501319387,0.46116070124606534
31,0.3999295155471346,0.4586576738881679
32,0.39625561144924903,0.45622062632836796
33,0.39307107006592606,0.45386579819139605
34,0.389261374573903,0.4513496305091011
35,0.3853757737878945,0.4498976402669538
36,0.3824058355287064,0.44853929383564756
37,0.3806003642372647,0.4478186765016226
38,0.377146538177862,0.44594669225505146
39,0.3746366954985119,0.4439845657831391
40,0.3718624685293812,0.44299244309212094
41,0.36999180520227715,0.4416113198733565
42,0.36729148957684454,0.43950732818179167
43,0.3645607577605897,0.4382845943938208
44,0.36219245175586584,0.43752121076549644
45,0.35938993772927047,0.4359044804831052
46,0.3570234229002284,0.4346965382849709
47,0.35524765808848974,0.43383707628118445
48,0.35312362789183627,0.4326249454085027
49,0.35070963000934385,0.43141102005346077
50,0.34942988567838107,0.4310851743668511
51,0.34704975115500414,0.4296752838452444
52,0.3456466860681409,0.42791794346605505
53,0.3436130595497647,0.42836890439967473
54,0.34176642501341015,0.4268099882013478
55,0.34022739955357145,0.4256680496959204
56,0.33853051406336515,0.42520262477567733
57,0.3369250799202312,0.42429851387462003
58,0.3346368698846726,0.42322356889230156
59,0.3330937213411891,0.42224087521498
60,0.3304643430319075,0.4201169261561075
61,0.3287083825399709,0.4193458858717754
62,0.32737554505813954,0.41873173406742203
63,0.32560755327294433,0.41835923353315985
64,0.3236306360525678,0.4178319367777433
65,0.32178788802948505,0.41645608889621993
66,0.32015379507544295,0.4162220892609577
67,0.3183098304047273,0.4160182415133316
68,0.3168658048475568,0.41510638875290895
69,0.31518426263583194,0.414447847710027
70,0.31304505813953487,0.41243985636137326
71,0.3116120500025955,0.41147271240583894
72,0.30972827391767027,0.4095307369972037
73,0.30879098209959854,0.4098152383644039
74,0.306633054748062,0.40930755985244277
75,0.30553523303398394,0.40904567449338064
76,0.3039708269526924,0.4086676541438686
77,0.30230496597712486,0.40780332928290647
78,0.3006753002686358,0.4078667134738128
79,0.299022585846657,0.40694307717293854
80,0.29767721013505327,0.40655736334845605
81,0.29495540040143964,0.4044281672231358
82,0.29358207559004706,0.40407139009040977
83,0.29230378447709027,0.4026452489143192
84,0.29071092235949614,0.4015184168750675
85,0.2895809946662168,0.4008831918700466
86,0.2873701769384171,0.3997979345521675
87,0.28512890922402756,0.3996378999517794
88,0.28395666922973767,0.39903578446896526
89,0.28239207727172444,0.3982616323620992
90,0.2809450269933555,0.3979338668365209
91,0.27922189908962314,0.39727927993338435
92,0.2776894131108112,0.3967414210761733
93,0.27624498200442965,0.3959837114326098
94,0.2743237264132579,0.3955845865320371
95,0.2720946927667324,0.39511100497431584
96,0.26975940522693453,0.3941533188680218
97,0.2684965587797619,0.39448139087085704
98,0.26659774357826344,0.3941379072603043
99,0.26494840873304265,0.3937339040641679
100,0.26341938682040766,0.3928887783828655
101,0.26178041037795025,0.3921059228250931
102,0.2593213627372733,0.392014771973461
103,0.2574440585418397,0.39122819028124245
104,0.2559313261891784,0.3900390109704853
105,0.2543943791690459,0.38912624374426175
106,0.2526085094228007,0.3892817799997108
107,0.2511396270785749,0.3894732954966024
108,0.24991589923237645,0.38928272256856117
109,0.24802668202887077,0.38912757166238904
110,0.24687010637285436,0.3893534690273004
111,0.24519474878659675,0.38847603238723066
112,0.24354867523294746,0.38890398899446244
113,0.24152158819559802,0.3886518553857434
114,0.24017344123105275,0.3885531832683556
115,0.23871843204941862,0.38844794189873294
116,0.23734671253698608,0.3892765616388023
117,0.2359824618891888,0.3884897995309304
118,0.23442662303497888,0.3885282050159763
119,0.2323987586949751,0.38820045536323833
120,0.23100581544050214,0.38899394679237165
121,0.22980601499775055,0.3887632836607752
122,0.22901019226276995,0.3884040444121931
123,0.22827733104279138,0.3889106967100724
124,0.226958907455833,0.38858148392071873
125,0.2254425758539244,0.38747944505403437
126,0.22358750927355864,0.3871270303773926
127,0.22206137689905178,0.3866219214828776
128,0.2210139446744359,0.38635636431748704
129,0.22025401304462555,0.38642360955800825
130,0.21909441266741073,0.3863944056323796
131,0.2180261622499654,0.38662172537308814
132,0.21681546267216917,0.3859093592694985
133,0.21599936247664037,0.38554954106198636
134,0.21468027987221414,0.3850929146808597
135,0.21288261540308348,0.3846969144571122
136,0.21177445218412583,0.3841505006933113
137,0.21050760093849494,0.38383142354805494
138,0.20927452856256057,0.38308781109239165
139,0.20838826835353508,0.383296998551937
140,0.20724850609188988,0.38267812694855624
141,0.20630453960972106,0.3833072627061961
142,0.2043986610927983,0.38281767003791783
143,0.20343715460725534,0.3823566556505477
144,0.20249426958964908,0.38237157904823293
145,0.20135727858094546,0.3810770557163165
146,0.2005058280125277,0.38060855860173615
147,0.19916717765867248,0.38016264885713774
148,0.19768570639102298,0.3804358293528485
149,0.19669271914797895,0.3804738158326992
150,0.19582575632224183,0.38033401488547997
151,0.19460586429566376,0.3807716825239596
152,0.19367389531098594,0.38098478632049326
153,0.19292361237281977,0.3812267625510603
154,0.19213654274164244,0.3812034176887375
155,0.19134707361096692,0.38111934252164337
156,0.19055267029822467,0.3807943193936863
157,0.1894371902955859,0.3806355603253427
158,0.18851867202640504,0.38014967331528765
159,0.1875826306517338,0.3798646151653851
160,0.18686996240288448,0.3795613186916786
161,0.1857841381862974,0.3802757301028346
162,0.1849654864103163,0.3807536866473721
163,0.18393762193512944,0.38127027924551876
164,0.1832292119529952,0.3810846832227039
165,0.18233830482592747,0.38011049145150194
166,0.18112610133647392,0.37949092580162574
167,0.1800814572626834,0.37957756556528977
168,0.1791042526430994,0.3799028486764165
169,0.17804218685112128,0.37987163644489064
170,0.17720111158335064,0.3796453287795056
171,0.17628798373909885,0.37935283580234935
172,0.1754429881622889,0.37863943406925643
173,0.17479228445329803,0.3788244887907627
174,0.17386538483375727,0.37828584300684276
175,0.17308495607090946,0.37808980589552277
176,0.17227662890192413,0.3776920568099874
177,0.1712349757535645,0.37846892239044716
178,0.17036777635745431,0.378390709051787
179,0.1696050396789348,0.3781673968913488
180,0.16859512075633307,0.377940118243146
181,0.1676839868623685,0.3777229738998366
182,0.166842337066549,0.3775814286795294
183,0.16590318648126037,0.3778285575626358
184,0.16512331534857766,0.3779419096498412
185,0.1644115764833368,0.3776530710983079
186,0.16354569512216224,0.37737786563829084
187,0.16270776286077657,0.3770622483619487
188,0.1620725038175699,0.3769905612623608
189,0.16164230059415663,0.37724093720182067
190,0.16126887426027825,0.3773459986588428
191,0.16044980003720238,0.37702498483176117
192,0.15959138754066307,0.37674212489318776
193,0.15901626806586552,0.37643570899355394
194,0.15815554055924697,0.3755665763565125
195,0.1573836114319456,0.37524623061211815
196,0.15657604466773084,0.37537665789798963
197,0.1559314410947882,0.3754873410848592
198,0.15531740579362197,0.3755552372200906
199,0.15442585654697016,0.3749362846858812
200,0.15371835905056064,0.37514342332389156
201,0.15306202834626764,0.3751942734712351
202,0.15244706366149294,0.37511611109867954
203,0.1517769442840272,0.3756000929295072
204,0.1512209363157963,0.3761602593095308
205,0.15058517033607594,0.37629890576947994
206,0.14979558292021386,0.37662239307647133
207,0.14909675403818867,0.3766252402950256
208,0.1485852888916286,0.37674875699591753
209,0.1478744625121124,0.3775350486160575
210,0.14739011846903552,0.3773499220388627
211,0.1467592359777305,0.3772841485878517
212,0.14617198382237162,0.377453494309343
213,0.14563677714908638,0.377678771660199
214,0.1447709295836794,0.37720974363374726
215,0.14437812137709372,0.37726799592810817
216,0.1436301196532392,0.37750040160889403
217,0.14296978415048794,0.37706756566865446
218,0.1423082657958714,0.3768872241943275
219,0.14158880459773845,0.37673768007171304
220,0.14097888393127508,0.3764972976349574
221,0.14040712713535178,0.3766678907478514
222,0.13979637847258272,0.3768743265297462
223,0.1392470451684489,0.37667418061243074
224,0.1387870847716812,0.37681018097247654
225,0.13839657467729097,0.37717232842983534
226,0.13769659673916806,0.3769489879294636
227,0.13701050886152064,0.37694402401452043
228,0.13643238156340842,0.37701340235150793
229,0.13593291391433934,0.37698213504633876
230,0.1353595011258046,0.377411997115601
231,0.13475974453644102,0.37745615013908845
232,0.13449946643242144,0.3779670884808973
233,0.1339181454342729,0.3782434893313346
234,0.1334473534939957,0.3784456141072022
235,0.13301331445096207,0.3786971409779144
236,0.1323528437651405,0.37879722100109414
237,0.13184844193400472,0.37862147272187113
238,0.1311864926833515,0.37866421998856636
239,0.13075614582792602,0.3786851274848449
240,0.13019815235834978,0.37938878245980273
241,0.12965971818926061,0.38006261398791646
242,0.1292690391160325,0.37996709527692507
243,0.128809061821381,0.3795905729239187
244,0.12828006512038864,0.37987461334855793
245,0.12779739396780695,0.3803335898436172
246,0.12721610676542602,0.3801285184557323
247,0.1269457406247837,0.37994094605646866
248,0.12625051099200582,0.3795725002162374
249,0.12571055601337555,0.37938000384426285
