0,0.655825254793051,0.6596776048889286
1,0.6335385006791597,0.6375597253488615
2,0.6031333948686669,0.6108381276971566
3,0.5786228116564577,0.5896228053336362
4,0.5608359639958818,0.5742168380028725
5,0.5470107238026024,0.5612974843289015
6,0.5347080843261178,0.5483979628944881
7,0.5263797595255398,0.5411466052358421
8,0.5175369617550872,0.5343441563249393
9,0.5104974047554159,0.5271554555011374
10,0.504042886288327,0.5210292026532458
11,0.49704192405523256,0.5140238131908387
12,0.4899597505926426,0.507547482989931
13,0.48273776403957297,0.5016317524240771
14,0.4756061811647806,0.49672446723480856
15,0.4704760850333956,0.49323322318957175
16,0.46625925192933276,0.4904166150822896
17,0.46065794141057587,0.4854554112793935
18,0.4547334081706811,0.48148868156880353
19,0.45081414680016263,0.4798733758966187
20,0.44674246651785715,0.47774441659114847
21,0.44384103227955424,0.4759463177834503
22,0.4385689939243321,0.47252724502332466
23,0.43589929726432725,0.47172017912957603
24,0.4309918814455288,0.46735311075750624
25,0.4269057703704665,0.4639158667545847
26,0.42442073378452033,0.46208245805871734
27,0.4212789102514189,0.46030064104215557
28,0.4181950802554852,0.45908964197285135
29,0.4142132291234081,0.45617493562027533
30,0.41039876842815615,0.4546349293227263
31,0.40569885862230065,0.4520311197000448
32,0.40248782135719474,0.45147228374023585
33,0.3998159617680648,0.45037593142649035
34,0.3965880604149363,0.4471792943219877
35,0.39489854240206257,0.4468745399774503
36,0.39273034113718164,0.44554285889560646
37,0.3894269400392788,0.44340527963109483
38,0.3867779939805682,0.44261534380396966
39,0.3840715951169712,0.44011063188547084
40,0.3817412755550076,0.4384102632160146
41,0.3799159323522287,0.4376334262092684
42,0.3777942340635382,0.4361664756404169
43,0.374777759032392,0.4332282980341079
44,0.3726108420066791,0.43256134779186833
45,0.37061719588135034,0.4325731409352607
46,0.36846825820399015,0.43098791206897563
47,0.36616504284762597,0.4300152104363788
48,0.364357577605897,0.4293729852662663
49,0.3623297639595446,0.42870408772423557
50,0.360325235597055,0.42689888566698053
51,0.3572982500821913,0.42525134352493205
52,0.3554613149311323,0.4243536716689938
53,0.35368284645798725,0.4226653860537207
54,0.3519773768428156,0.42128449492881853
55,0.3494308995514085,0.41946740940210403
56,0.3473691211586379,0.41872560769194406
57,0.34457779353111156,0.41735423287663825
58,0.3425878311444491,0.41608791881641205
59,0.34101551685354375,0.41527506256724106
60,0.33875451241088733,0.4150624039331573
61,0.3371009192989514,0.41400784048351863
62,0.3357414169564992,0.4129668155972901
63,0.33440540267251523,0.41238857802807005
64,0.332460185882129,0.41149997106413155
65,0.3305190921753876,0.4102263208742022
66,0.32855680852237334,0.40956335425482676
67,0.3265368692898671,0.40852218656254935
68,0.32486144411207435,0.40753431677741314
69,0.3231705404727298,0.4069760789042877
70,0.32173577495587624,0.4064011688973219
71,0.31969748462157394,0.4054184526082415
72,0.31786054947051495,0.40447860569050975
73,0.31607910696982283,0.4035296070427788
74,0.3146923314429333,0.4029883693670427
75,0.3135757868736157,0.40272588091059563
76,0.31218221839744253,0.40240349378907014
77,0.3104984118692899,0.4012411533192275
78,0.3087398491032496,0.4005197733342651
79,0.3069383657123823,0.39920834048191295
80,0.3047192680215255,0.3979751352341096
81,0.30222094969892027,0.39673658583320426
82,0.2999277716855274,0.39614030025979
83,0.29856431523826826,0.39557584319419636
84,0.29692924220696637,0.3952440131919414
85,0.2950080880030973,0.39479434083162995
86,0.2931438120760659,0.3935842888408619
87,0.2912617595752872,0.39232850441219486
88,0.28961391174384,0.3923806529158717
89,0.28749545784883723,0.39141047712620547
90,0.28583919487126247,0.39071560468141603
91,0.2837013422056686,0.39028283452478585
92,0.28201067513669714,0.38999382080580763
93,0.2806286648130364,0.3896642389018793
94,0.2785846460961292,0.38847852336234184
95,0.2765528445492023,0.38809892207958485
96,0.27444055838178294,0.38732951257281484
97,0.27307585149112334,0.3875401063674048
98,0.2714842060211621,0.3863962288438441
99,0.2692906917263635,0.38652905011041044
100,0.2673098035032963,0.38582653171076453
101,0.2655078131759154,0.3847850037589521
102,0.2634594348049903,0.3845159445222752
103,0.2622396103699474,0.38440425537790535
104,0.26058439506116765,0.3838536883547083
105,0.25878240473378666,0.3829231582098675
106,0.25733864954275676,0.38287414047594237
107,0.2558497770020072,0.3826734166299268
108,0.25402041210288623,0.3822320132255839
109,0.25237705910852715,0.38192473007547995
110,0.2509899118281942,0.38207032365453797
111,0.24950306703349945,0.38191587131727434
112,0.24797426479335374,0.3814467805320409
113,0.24662468150868633,0.38104594139443404
114,0.24508418593295786,0.38079227514353564
115,0.2440574536159849,0.3808802196835861
116,0.24241369507241486,0.3800970226852608
117,0.2411053257263116,0.38015594435128197
118,0.23973587053030695,0.37910833625205315
119,0.238107725631359,0.3790124878857256
120,0.23668186529926288,0.3788795278884237
121,0.23518587874943764,0.378783071276579
122,0.23374626353993633,0.37824796368449065
123,0.23211468837057897,0.378283910046696
124,0.23085422452502077,0.37775223120684215
125,0.22949036252855065,0.37738943365237276
126,0.22816666680184974,0.37646165392070946
127,0.22640661702203593,0.37600472162171283
128,0.22483540109357697,0.3756330426493308
129,0.22347529042730827,0.3756279578738544
130,0.222554068496721,0.3752157496506366
131,0.22150871471181133,0.375353432288438
132,0.22027799114172378,0.3752565027340091
133,0.2191078295871401,0.3750173409274629
134,0.21764558811124377,0.37519239241766145
135,0.21656846630480864,0.37477327148303063
136,0.2152910876775765,0.3747979968532141
137,0.21385644044590946,0.37441186488571176
138,0.21227523786813055,0.37302539648197025
139,0.21142907633733907,0.3726710795750687
140,0.2101735635717314,0.3717812829889534
141,0.20918219852553122,0.3716074365669003
142,0.20785508942630468,0.3710294524281501
143,0.20662875930600255,0.37019185932611204
144,0.2056828326693141,0.3699979825503065
145,0.20483971275760485,0.36957359779791393
146,0.20369511770119567,0.3688563011969384
147,0.2022696291225429,0.36842265664580504
148,0.20113184391330116,0.3687584552139652
149,0.19988560808589423,0.3685652289661707
150,0.19886122457476813,0.36834774069505793
151,0.1978569495453523,0.3682839062863138
152,0.19689365188412755,0.36807021814689955
153,0.19602329258374862,0.3679062603755439
154,0.19528414535100014,0.36759294772119533
155,0.19388207723928053,0.36715793784165635
156,0.19278129839553917,0.36713534950680393
157,0.19157739176702657,0.3663640572588732
158,0.19081620969381574,0.3662923792312965
159,0.189989396239964,0.3657264093110689
160,0.1892509925141023,0.3660679337509526
161,0.18849494739756367,0.3660457849731736
162,0.18725836026180095,0.3654809052016631
163,0.18610278158092816,0.3646480681496328
164,0.18497913990041875,0.3643017873214601
165,0.1841711844848768,0.36433380581371777
166,0.1831738375878149,0.36444151142940784
167,0.18235423953034158,0.36376895218407374
168,0.1809560241361261,0.36367638528390306
169,0.18013911284217538,0.3636414717725248
170,0.17915815689238995,0.3626827251687491
171,0.17839501466465946,0.36320453287647364
172,0.1776193342071567,0.3627562392709909
173,0.17671987675089113,0.36306827594846297
174,0.17583640469269102,0.36316928613272975
175,0.17463344434567069,0.3625435392039693
176,0.17408350271772044,0.3625995986869877
177,0.17342183228214977,0.3624869516397784
178,0.1725206681396214,0.362480101731267
179,0.1716774975342608,0.3619397134771659
180,0.17085740943815753,0.3622589320721494
181,0.16980255904255778,0.3622019375562646
182,0.16917167655125276,0.3621004352481007
183,0.16850650825373753,0.3617047117409917
184,0.1674974680210929,0.3613756469476936
185,0.16667714335461656,0.36086569000591384
186,0.16602241794928363,0.36113248427084216
187,0.16518245794184316,0.36146578700379856
188,0.16435780741711656,0.36099999195514026
189,0.1636765692321169,0.36075886277923574
190,0.1629069551148948,0.3610703953019044
191,0.16246811707286477,0.36070043153485404
192,0.1618119046537583,0.3604831131975269
193,0.16093797989989964,0.360619716246793
194,0.1601363780886628,0.36021378616170685
195,0.1592073155399969,0.36007129554644257
196,0.15843090847349114,0.36026183431109166
197,0.15791430637025886,0.36026541934158346
198,0.15747690464835098,0.3601244644454202
199,0.15688443104690095,0.36016840044582604
200,0.1563674064965739,0.359940542708442
201,0.15594022799435908,0.3600552079123611
202,0.15512605415758238,0.3603047989995306
203,0.15441872564001072,0.36087245927748474
204,0.15375465570494187,0.36111139936746867
205,0.15278184453514326,0.36048714007475025
206,0.1521494750300647,0.36055508874508363
207,0.15145458335496262,0.3604296333499998
208,0.15077684303190753,0.3599844753878631
209,0.150206150802663,0.3602497612879483
210,0.1493259569339182,0.3604827877890966
211,0.14896873567059454,0.3602699314270798
212,0.14849571320965704,0.36071056453052847
213,0.14797573152966673,0.36038280457013266
214,0.14731375693218784,0.36000775665282575
215,0.1466367601160195,0.35991701072646276
216,0.14584935252716638,0.359917389235787
217,0.14527093796502977,0.36025215699565905
218,0.14504957568737886,0.36007954971958617
219,0.14426152597894173,0.3596475529399425
220,0.1434725637847799,0.3597572765065019
221,0.14280112637237852,0.3594064299402613
222,0.14213810410610464,0.3590979485140573
223,0.14159476955071637,0.3591851108806023
224,0.14105015075616,0.35895551120002
225,0.14043630978065735,0.3587824095864431
226,0.13983760930903066,0.35852811719989347
227,0.13901589056714164,0.3591002013318003
228,0.138630728652971,0.3596068841541816
229,0.13834369274996972,0.35972856235442946
230,0.1377920275378729,0.36014185076535615
231,0.13735024081512148,0.36098440579121754
232,0.13665415783921217,0.36153216326374776
233,0.1358860391847055,0.3613399328734518
234,0.13538587872240102,0.3610856730549762
235,0.13489211410911112,0.36096921025599077
236,0.13408440371288413,0.3607323680615068
237,0.13353213017697085,0.36067108516528734
238,0.13285373083644794,0.36037472938950016
239,0.1321805360441324,0.3600814349070761
240,0.1316300367860171,0.3607363983250874
241,0.1309740440393999,0.3608069940997937
242,0.13019035398498063,0.3612457584478275
243,0.12962777273995535,0.36142730322356875
244,0.12926750985754948,0.36148864826944876
245,0.12889315414006264,0.36172904421324864
246,0.12842109485850117,0.3617595899888731
247,0.1280160779308771,0.3616691274026407
248,0.12751414319077467,0.3617213940912706
249,0.1270887136195321,0.3620935114104579
250,0.12665553636857177,0.36221072232667795
251,0.12602980773182273,0.3621330867443876
252,0.12554475397762666,0.3620827992446446
253,0.12512247586171096,0.36248998365316104
254,0.1246310347074422,0.36270791599154323
255,0.1240848106139258,0.36221559190272506
256,0.12343643036395609,0.3624704646862543
257,0.12300817884612057,0.36230671264071285
258,0.12257510298246298,0.3624641584581575
259,0.12220601940471865,0.3625669004687353
260,0.12184073785082711,0.3627012887121691
261,0.12148370246422516,0.36251816266572284
262,0.12115204769907599,0.3621959634324396
263,0.12046272387668276,0.3619243198959664
264,0.12001710133431098,0.36210764102392723
265,0.11945634506073505,0.3623624077626819
266,0.1191152443785472,0.362537902179992
267,0.11857425862900574,0.363201045215583
268,0.11826012696934697,0.36313456501195396
269,0.11773317491229322,0.36319020009021746
270,0.11725502394362541,0.36367292301856774
271,0.1167631603422619,0.3638118858395137
272,0.11642881036464822,0.36362128432691937
273,0.11587744931445962,0.36377947580463776
274,0.11519384542572934,0.363586504747439
275,0.11478233971072986,0.36380052632699034
276,0.11427917142511074,0.3639418201484232
