0,0.6565182032115172,0.6595636404348738
1,0.630999965393134,0.6337574719968855
2,0.6081525394950859,0.6129930864932878
3,0.5886400123503253,0.5968267383025487
4,0.5659468979270488,0.5747261085954034
5,0.5524896936427187,0.5621196006703038
6,0.5385950369428295,0.5512367457167549
7,0.5251020767363995,0.5426508874552194
8,0.5165094352375761,0.5352864875668112
9,0.5059392343987922,0.5297653654030511
10,0.4984860847954734,0.5225301424949479
11,0.4889528056975879,0.5148918997657357
12,0.4814603854123408,0.5095549514497958
13,0.4748437824439369,0.5037655326736551
14,0.46963734167358806,0.5007653875174463
15,0.46485314522338733,0.49791132907480046
16,0.4580715513176564,0.4926575930515607
17,0.45348979151526164,0.489794839986568
18,0.4471133750670508,0.4855341777155856
19,0.44362893004222037,0.4832899201491258
20,0.44002231331758723,0.4795391820275618
21,0.43476825431071775,0.47577448787889637
22,0.43036050891559385,0.47367716675465926
23,0.42554880271058276,0.47016076684015806
24,0.4227529802459683,0.4679774749079837
25,0.420063107512718,0.46536329310796726
26,0.41651958748615725,0.4621755270025162
27,0.4125596022157046,0.45910101878207143
28,0.40884331822527337,0.45606414715874677
29,0.4058082893177256,0.4543061421831031
30,0.40301304138116,0.45271012784323184
31,0.40049008594398877,0.4522831917716818
32,0.39809146513574545,0.4505513585467634
33,0.39526083303052323,0.4500386508148698
34,0.39275994622958194,0.44820587580961135
35,0.3897381314671581,0.4476419751920488
36,0.38677079548207366,0.4448711479474846
37,0.3846175319464632,0.4431414905554585
38,0.38065170000821913,0.4396885959586352
39,0.3788886086093231,0.43831981966094224
40,0.37659093575884206,0.4365845844934754
41,0.37348175893722313,0.43533074765567986
42,0.36936938855075097,0.4323622905304645
43,0.36792847220419783,0.4318570987291061
44,0.3662654838688746,0.4311990018828235
45,0.36418968023255816,0.42941319891126256
46,0.36211259235707366,0.42798263404541464
47,0.360320402802291,0.4279942336519118
48,0.35863788051330636,0.42711867168778206
49,0.35692264392130396,0.42666011720874925
50,0.35560106043007683,0.4258539394135584
51,0.3539622698643411,0.4249924408934241
52,0.3517030228015988,0.42369789164793054
53,0.3498120144224114,0.42261359118698516
54,0.34761532332546025,0.4206097923608053
55,0.3457807538781319,0.4191472928672253
56,0.3442292577800561,0.4183633140482456
57,0.341738982850135,0.41722162407762514
58,0.3396100860629499,0.41573484299470304
59,0.33812675602808345,0.41498767956996047
60,0.33637380335946154,0.4137109177612812
61,0.3344749543621955,0.41327092670035365
62,0.33317489877491696,0.4121250793427245
63,0.33058566983752075,0.4114323156805464
64,0.32907445829440063,0.41039178920845987
65,0.3272470197540317,0.40998813740427464
66,0.32550380026647285,0.4082784000184594
67,0.3243573802386143,0.40800330411909147
68,0.32125945740759965,0.40699475565449306
69,0.31951877260260936,0.4060832035555525
70,0.31819553311877075,0.40584322539308587
71,0.31623314807845376,0.40499007718464153
72,0.31467590669988926,0.40442013821744893
73,0.31305354087719756,0.40395856850696193
74,0.3113291794279485,0.40267519905946186
75,0.309734255768532,0.4018689848638975
76,0.3075748414032219,0.401773362268726
77,0.3059821482644657,0.401733839267438
78,0.3049139316427879,0.4013211577766881
79,0.30337804918933414,0.40038974261191673
80,0.3018696088991556,0.39883499409740464
81,0.300406421141767,0.3984617015083779
82,0.29820668842573367,0.39714843026725216
83,0.29602094715747856,0.3961738049822256
84,0.29468983325979375,0.3964376900131145
85,0.29212142251522705,0.39585919901600247
86,0.28979914634594756,0.3946009184086735
87,0.2882630273221207,0.3944254908376161
88,0.2863935130511143,0.393749482140538
89,0.28447675229703073,0.39332201333120864
90,0.2830306989938054,0.3927213827278037
91,0.2814478573212988,0.3915686028970985
92,0.27976917085193453,0.39109167831664554
93,0.2782593280374014,0.3902994131134249
94,0.2767513946837365,0.3896386845607542
95,0.27539224719684385,0.38855762061699506
96,0.2735568835489774,0.3881651546976984
97,0.27207184682784813,0.38716267921713365
98,0.27031107043903135,0.3862744359640212
99,0.26841928475718957,0.38548152763759425
100,0.267022928130191,0.3850401532834572
101,0.2654201469548121,0.38439896218494357
102,0.26395559046883654,0.38361097761162455
103,0.26195888582654175,0.38273967189720587
104,0.26068192964640435,0.3831855459428346
105,0.2591449995241556,0.3824390824797586
106,0.257463845963758,0.3815216153208056
107,0.2559886438109946,0.38039471194314317
108,0.25400290589527963,0.3798037054058421
109,0.25249617229136384,0.3799807274610481
110,0.25119027003629396,0.37902280406026273
111,0.24951861308658638,0.3779404984263384
112,0.24778718832191307,0.3776228726948818
113,0.24612707262683417,0.3770054576387175
114,0.2445697467588507,0.37703459744747125
115,0.2432736452763791,0.37740499502925534
116,0.24089055362333886,0.37607670074291194
117,0.23940046443495638,0.37531767120908677
118,0.23759484106256057,0.37444008508255283
119,0.2363015953224495,0.3742669519706102
120,0.23495354974520694,0.37413814093353587
121,0.23360773468862472,0.3740661477101732
122,0.2324227367920733,0.37373180225517694
123,0.2308550356234427,0.37303003256958644
124,0.22959565324244705,0.37305038318099365
125,0.2285531720977817,0.37259628900118535
126,0.22712824114929403,0.37271045032153177
127,0.22568191747992802,0.37306164966360383
128,0.22420879376687083,0.37298898675109
129,0.22289307384131887,0.3730026167293275
130,0.22155989840181167,0.37289763341038185
131,0.2203600303675249,0.37244652783893245
132,0.2190546519468525,0.3717976281708603
133,0.21755085857471623,0.37059480417709406
134,0.2164536451844546,0.3709224568037056
135,0.2154606579414106,0.3706627179104339
136,0.2142426415799332,0.37028787448017675
137,0.21303574402598977,0.3699553004575037
138,0.21202504780073367,0.36983016819347553
139,0.21077298220341917,0.36894345539268936
140,0.2097711235713853,0.3684971935045678
141,0.20862722132821152,0.3685209012306054
142,0.2076774250761351,0.3681202891446952
143,0.20657735594351295,0.3674264645992187
144,0.2058623388888168,0.36723787870134195
145,0.20495686578592193,0.36737939109000267
146,0.20361708327385278,0.36681896316288204
147,0.2021853086824301,0.3668185923262244
148,0.20106050104793916,0.36669376985454843
149,0.1999635073301668,0.3660628538355749
150,0.19890338479482456,0.3658766583186172
151,0.1980520525115933,0.36632266752696435
152,0.19658884785632094,0.3661676681579964
153,0.1955739947516525,0.3656339956435768
154,0.19461600302593784,0.3654967795684189
155,0.19382230942431478,0.36552578887880793
156,0.1928781232696567,0.36559029281341193
157,0.1916116437774692,0.36554436693695086
158,0.19045870116646768,0.365075212439329
159,0.1895005742576827,0.36543552815264946
160,0.18847213525444698,0.36544939007333044
161,0.18733737476640366,0.365245687762928
162,0.18649251437266404,0.3650004147710922
163,0.18546887436842469,0.36468772578840963
164,0.18439846102185423,0.36422889844680106
165,0.18330256566652825,0.36379952528740617
166,0.18243894862178156,0.3643515327493038
167,0.18156206673825961,0.36426868941966983
168,0.18084650895128218,0.36367919258029935
169,0.18004756010780038,0.3636118357605734
170,0.1791105893495207,0.3640085504682718
171,0.17809122450988027,0.3638377451978841
172,0.17727583402547065,0.36347421477787223
173,0.176484523025462,0.36319853942267
174,0.17573312482696568,0.36353759181078904
175,0.17466506028624204,0.3637154099173111
176,0.17388268826675837,0.3636447647546629
177,0.1730514475673536,0.3630692460112764
178,0.17216635331230967,0.3630807653374381
179,0.17133808664045197,0.3627229627227538
180,0.17069968459086032,0.3626339944981205
181,0.1700448240024571,0.36219959096241594
182,0.1694622187651405,0.36231101628647605
183,0.16891557222452935,0.36236661600223885
184,0.16826615275470652,0.36274013275253075
185,0.16755287618204076,0.362617004779774
186,0.1668475247168726,0.36323685310911275
187,0.1664490557192172,0.36311581065627824
188,0.16583566253763496,0.36323299341845994
189,0.16536732079050734,0.362992348999331
190,0.16457447208307377,0.36308996483039613
191,0.16391095977817,0.36335276342705747
192,0.16321513871945945,0.3626066581551201
193,0.16239589551754569,0.3627494216025045
194,0.16133259618005089,0.36273699970474266
195,0.16078997133578177,0.3625374443926242
196,0.15992628669949993,0.36245351122669517
197,0.15887481588065822,0.36240109351696653
198,0.15822852251933658,0.36241990757036785
199,0.1576795609686462,0.36236752072590916
200,0.1566967969452952,0.3621751622578479
201,0.15591195783477818,0.36178210833954677
202,0.15561832330815684,0.3620533432732429
203,0.15472675716362128,0.36180325478207265
204,0.15404009475792496,0.3622516486424791
205,0.1532057786436704,0.3628601574587738
206,0.1524702813538206,0.36322922832146015
207,0.1517686812188538,0.3636135843581627
208,0.15119962808433693,0.3630907431332032
209,0.15047161655700617,0.3632016532732451
210,0.14969221856506956,0.3626936397139511
211,0.14892900874580392,0.36284903544647806
212,0.14826220135356105,0.36291004247001396
213,0.14764188003962486,0.36289543526277174
214,0.1470689741876038,0.36319249902559
215,0.1462162224821342,0.363419180906157
216,0.14520510380978335,0.36325147474563274
217,0.1447769114345411,0.36311319929651087
218,0.1441132301507994,0.3628595650576707
219,0.14357249786951481,0.3625970950284279
220,0.14310670770283948,0.36285410638787774
221,0.14227910004844962,0.3625155247363616
222,0.1417185043047697,0.36267603708190044
223,0.1409522697643056,0.3629741054213483
224,0.1403258229674955,0.36344941013230264
225,0.13965916765620673,0.3635709886361969
226,0.13898075141780003,0.363677261273601
227,0.13827608431692534,0.3635290515580909
228,0.13741762957567658,0.36332726575476465
229,0.13698350604322398,0.3631526034343277
230,0.13645171274246434,0.36385413405507033
231,0.13589688762609878,0.36369480164135387
232,0.13543865926241955,0.36363911153934303
233,0.13466254790888013,0.3630399357735882
234,0.1341004229067172,0.3635099836780427
235,0.13364841296427274,0.3635199412293146
236,0.13298467253793778,0.3630296891357215
237,0.1326138146823955,0.3630981498039915
238,0.1322314916127016,0.363135883674857
239,0.1317841285882994,0.36327898822187116
240,0.13138941092084544,0.3632777130779743
241,0.13095378347673553,0.36329135845355554
242,0.13041093051103528,0.3635392637781984
243,0.12980542019224114,0.36338592373865813
244,0.12950198489302153,0.3635287650259377
245,0.1290566242678485,0.3636530881440594
246,0.12858552816566307,0.3640630041839521
247,0.12797921519738892,0.3643855064172803
248,0.12771185688006126,0.36436548627498194
249,0.12714124914023567,0.36417812371899355
250,0.12665586587730568,0.3642847114428815
251,0.1261159531433849,0.36397513232929607
