0,0.6551312249100222,0.6581760621013716
1,0.6288070256263842,0.6326666134332122
2,0.6112770933909538,0.6179660431020662
3,0.5899944791234081,0.6003210501531291
4,0.5724493387925664,0.5833822894336396
5,0.5582259506614238,0.5725817225217185
6,0.54632568359375,0.5626891139931343
7,0.5331698361689334,0.553616288786561
8,0.5240138192245466,0.5468087638599073
9,0.51301208022953,0.5398083019942401
10,0.5035479810678813,0.5348297031046747
11,0.49841970990794576,0.5317883733003831
12,0.49076716527590325,0.5253898615873074
13,0.4832785639123927,0.5200174695719788
14,0.4784801732398083,0.5166693141454842
15,0.47284131562326964,0.5118894666584296
16,0.46694027044184316,0.5078350940388467
17,0.4604855829959164,0.5042369532939511
18,0.45586326827242524,0.5008455649222106
19,0.44987479344026854,0.4963762415320626
20,0.4443180933347176,0.49302690874686894
21,0.43927299355879706,0.49045949482017354
22,0.43433597264759827,0.4877145608679555
23,0.431661476988597,0.48620810311319657
24,0.4278674289369636,0.4835919072092509
25,0.4240010917384759,0.48197754614045835
26,0.42009342231623753,0.47917455567260697
27,0.41718718907893826,0.4778248024295683
28,0.4135802343966293,0.47539954884762875
29,0.4101714580954111,0.4742270105689893
30,0.40704866157945735,0.47256336575390784
31,0.4037147429034295,0.4706366151695022
32,0.4015816554410645,0.46932843730424045
33,0.39838437305336377,0.46826013287388435
34,0.395635357726848,0.46549173141802613
35,0.3917688515495224,0.4627415316879095
36,0.38928783665991834,0.46131974918454544
37,0.38774593855983525,0.4604268685049092
38,0.38586996929722106,0.46030120531194135
39,0.38355925128045404,0.45985001572078427
40,0.38123170297143205,0.4576504718145248
41,0.37883946956326137,0.45641356855312065
42,0.37641026358535784,0.45523526252679447
43,0.3739769683195771,0.4540089636050286
44,0.37173938434385384,0.45309773054797
45,0.3692234584263393,0.4516121123117355
46,0.3667716768756921,0.45062599998315706
47,0.36405713323210825,0.4485584154520814
48,0.36145614336759413,0.4483415699463642
49,0.3577182300859115,0.44700518680743107
50,0.3548750259551495,0.44632282271170326
51,0.35219421048761074,0.44524161039865734
52,0.350425373808226,0.4446330344761113
53,0.3477195832684455,0.44279630682465243
54,0.3452621240288448,0.4409293949932164
55,0.34327814349304403,0.4398221777462669
56,0.3414262030211794,0.4394526867791754
57,0.3395640562275055,0.4384105480726013
58,0.33801844059298863,0.43683143177549644
59,0.33645173639950166,0.4364766391731308
60,0.33466944900462003,0.4357836134986444
61,0.33312224496902687,0.435210444989024
62,0.3315874101843681,0.4339016788292571
63,0.3298216151240656,0.4327307803575542
64,0.32786801698331947,0.4322105587777723
65,0.3254665235348318,0.4314119340288061
66,0.3238951217296512,0.4304307145269945
67,0.32249428716344825,0.43042438699607494
68,0.32061172772615587,0.4294121592419514
69,0.31828380766369047,0.42826896277345755
70,0.3171355964601502,0.4271883557657771
71,0.3143938134278966,0.42538128663122715
72,0.31282241162271596,0.4243511704775312
73,0.3107797954301633,0.42270733927208426
74,0.30985926631281147,0.4227224350780495
75,0.3080155044167013,0.42128893007939433
76,0.30632798035411474,0.42036987871731407
77,0.30459043855550944,0.4196272210879719
78,0.30291754806028515,0.42013924406201575
79,0.301126203399692,0.4188068185957804
80,0.29991688944836653,0.41852207813295783
81,0.2980746145660299,0.41784010907608143
82,0.29670041106468026,0.4169993506424786
83,0.29466867710928846,0.4158885255203456
84,0.29264958277097175,0.41549498436555304
85,0.29132147669660163,0.41521774807027184
86,0.2895843742429748,0.4146865654728252
87,0.2878807295992525,0.41388260931886445
88,0.2860578196917393,0.4128345288366875
89,0.28391114633080705,0.41204380710343885
90,0.2826924540539781,0.41155427937997563
91,0.2808179718051374,0.4107503004969105
92,0.2791761396203194,0.40997888096884183
93,0.2776347653546339,0.40938160976063176
94,0.27576518349209234,0.40872379368034384
95,0.274490153670707,0.40901136220167533
96,0.27280562053355134,0.4089800668318801
97,0.2708197136389985,0.4078135347584111
98,0.26910043845277026,0.40688802387594036
99,0.26735410975459406,0.4068618104909948
100,0.2656364905609773,0.4063337370547682
101,0.2639405175564957,0.4065426880523847
102,0.2625675644985465,0.40609726680362945
103,0.2611690956360742,0.4043810167597229
104,0.25908849300076137,0.4033500907055989
105,0.25774485777118805,0.4035125459278838
106,0.2560253629124706,0.40266073739503555
107,0.25447722949326895,0.40187913378819107
108,0.25256993155410784,0.4011772058873112
109,0.25077851930197953,0.4006302925201906
110,0.2494090303102073,0.40019546598050243
111,0.2472049210422723,0.39937040741493324
112,0.24594122970091017,0.39890875308236623
113,0.24423968039477784,0.3979890047060035
114,0.2426735507293397,0.39737708452130655
115,0.24110735347236642,0.39755310146325695
116,0.23946117853141438,0.3966351964323826
117,0.23772615451749377,0.39611200375645833
118,0.23605248671961518,0.39524494913318015
119,0.2341625936007579,0.3942463689957302
120,0.2328355351951827,0.3940104624436315
121,0.2314749851839355,0.3937480259198768
122,0.230028458739964,0.3933397590516128
123,0.22877389225584857,0.39273844705388467
124,0.2274199324192795,0.3916021869801776
125,0.22606647951922412,0.39071900147951677
126,0.22491049528914037,0.39060503019871023
127,0.22332052270967434,0.39033715868661306
128,0.22260949355555268,0.3907762737211169
129,0.2213258458134344,0.39009174758370435
130,0.22023314415814474,0.39025389030075286
131,0.2186759534732316,0.38971556460901163
132,0.21733777626012252,0.38944763757205353
133,0.21574288639647357,0.38951578731594644
134,0.21489528854555995,0.38925593416744636
135,0.21388526823565546,0.38915546837318654
136,0.212619751922844,0.38891228873164463
137,0.21155974767268826,0.3890439291941842
138,0.21033319787989688,0.3892678658262687
139,0.20898481434497854,0.38872580249523825
140,0.20778283407521803,0.3884745633363609
141,0.20652527666567172,0.3882941811475668
142,0.20562767797662307,0.38819750300073513
143,0.20449869656483596,0.38766174227727274
144,0.20342137198379534,0.38708187984872716
145,0.20206790218585619,0.387370214422198
146,0.2012221124085081,0.3875459628457291
147,0.20017229758227784,0.3876693730092625
148,0.19906950789036545,0.3875680197674315
149,0.1979620712804108,0.3863307374959537
150,0.19672820470393826,0.3861152212677982
151,0.1952993027527599,0.3859137362441968
152,0.19448845779908983,0.3855792026400921
153,0.19336106478837903,0.3856789410457187
154,0.1921252887510382,0.38536392716148077
155,0.19123132310700444,0.3852361955980345
156,0.19022657493684247,0.38522378639419474
157,0.18955860159061808,0.3852661112671633
158,0.18829203760901161,0.38529357241670503
159,0.1872087142792255,0.38560048841337574
160,0.18644640004780072,0.3859584378096504
161,0.18568153423592365,0.38666391057145943
162,0.184748585173986,0.386648091166308
163,0.1837077431240483,0.38719019984469744
164,0.18258739653087797,0.3870883684483565
165,0.18158942441211587,0.38674716769435297
166,0.18050932857813365,0.3867702468402439
167,0.17967607703055785,0.3861965902289109
168,0.17893902513539936,0.386639812402416
169,0.17820058761377008,0.3863514914235949
170,0.17726216363748443,0.3859617191452556
171,0.17664983502258097,0.3857849981348008
172,0.1757546696287981,0.386500745901188
173,0.17475924909048832,0.38635826648310395
174,0.17398309549223942,0.3867786237941006
175,0.17305389776050317,0.3874784838045008
176,0.17219480934861225,0.387350978881839
177,0.17139008142887424,0.3877180710358359
178,0.17076308545084096,0.38770930805851256
179,0.16974079727730482,0.3874423268109035
180,0.1688441448697484,0.3871783275830848
181,0.16813830336595031,0.38697572727001445
182,0.167292530486486,0.3867627063404376
183,0.16649420686470445,0.3863296927227573
184,0.165385705688071,0.3863998681660472
185,0.164487329696368,0.38590465603757634
186,0.16377322512739653,0.3852721721513341
187,0.1630110122832745,0.38541457478141194
188,0.16241424661934178,0.38511865026444314
189,0.16146982389431064,0.38520141634704286
190,0.1606795098694456,0.3848319221936552
191,0.1599512110780904,0.38490305955794435
192,0.15932007511852853,0.3848110464795517
193,0.15857031601475982,0.3849945468769703
194,0.15775377647425248,0.3848307225390315
195,0.1571104740383617,0.38476876154317047
196,0.15641164515633652,0.38462102865460407
197,0.15560091848785298,0.3848560110752001
198,0.1548261505160749,0.38495281589048314
199,0.15421993893510347,0.3849936194021136
200,0.1532200235597055,0.3849880171848404
201,0.15250188039650817,0.38505642072380314
202,0.15149855164858458,0.3846664335804039
203,0.15100161868208403,0.3845960079064836
204,0.1503918416476329,0.3844780372618314
205,0.14967216077701065,0.38463457101874365
206,0.1488285846224391,0.38500438797661746
207,0.14836588676849738,0.3853263867684456
208,0.14751330404186566,0.385363935569009
209,0.1469875601835029,0.3854453476962655
210,0.14622992666588802,0.38523153093178286
211,0.14583005514387803,0.3853300717779253
212,0.1452242322142338,0.3855050172728361
213,0.14483600333415525,0.38562903425119655
214,0.14397938201329769,0.38563815846183547
215,0.14314575871227853,0.3854801681332722
216,0.14253898950114202,0.3853252544948088
217,0.14209629874160784,0.3852974227887752
218,0.14152956906611208,0.38549367614177094
219,0.14101098146153446,0.38530568431590284
220,0.1404527091768757,0.3852023894917808
221,0.1396659437076066,0.384789545956233
222,0.1390334559173415,0.384559525254072
223,0.13822342206209337,0.3846975845296983
224,0.13776968008656043,0.3848106687376874
225,0.1373561804212737,0.384563814307353
226,0.13686805970116972,0.38436231910013624
227,0.13647834380731763,0.38428831985504047
228,0.1357918757272849,0.3845089465387794
229,0.13529174061180613,0.38418073613733095
230,0.13480905256134068,0.3843927034385524
231,0.1342617385543198,0.38396331269065176
232,0.1335169896730949,0.38423547513950185
233,0.13311092507667585,0.38467693812584036
234,0.1327628033237732,0.3847199802525191
235,0.13222395515653118,0.38437821214864243
236,0.13181263531825338,0.3850359019868693
237,0.1312202546551642,0.384586515964298
238,0.13079448712624583,0.3843395065142277
239,0.13028113786564316,0.38408102486836154
240,0.12981871882678397,0.3846067587402241
241,0.1292783160542333,0.3839907473171735
242,0.12884494447760936,0.3840430824983257
243,0.12822323753720238,0.3842231827076444
244,0.12755800164815198,0.3840244622290488
245,0.12707409695005364,0.3836689743423166
246,0.12652133337551044,0.3839486417153145
247,0.12594574920890866,0.3840097630027575
248,0.12518836071060874,0.38401834075348834
249,0.12473224458240327,0.384081979261719
250,0.12442900360884725,0.38425204251795864
251,0.12398953189617508,0.3840768977046888
252,0.12319109843814888,0.3844298267006615
253,0.1227687865264656,0.3843652586224137
254,0.12236315282608319,0.3845586102986565
255,0.12170129651379083,0.3849663968465543
256,0.1213985878235742,0.38504637032878186
257,0.12091619548607506,0.3852768166422597
258,0.12044290265899692,0.3853081680452354
259,0.11996917893588213,0.38518977565589807
260,0.11936071993636663,0.38484813399672063
261,0.11909196754362628,0.38471328716607256
262,0.11878301508534918,0.38482925834256376
263,0.1183703180695425,0.3853052228345436
264,0.11779874715034087,0.3855788700246489
265,0.11730573449287963,0.3855665905351271
266,0.11669899907751073,0.3854151270763416
267,0.11606302187424297,0.38503377339028516
268,0.11547969847686532,0.3845959488970372
269,0.11508802242849356,0.3849871968095378
270,0.11473132499956741,0.38490995167315
271,0.11434326509832676,0.3848650058019958
272,0.11376471535311981,0.3852034653492685
273,0.1132949710816376,0.38497991012005883
274,0.11283184233165923,0.38529139800366713
275,0.11225973912911821,0.38573526333574487
276,0.11188246007773567,0.3855657843377123
277,0.11140086194077467,0.38558096002933023
278,0.11112222428601709,0.3853472005227549
279,0.11069483456025488,0.3855208791878796
280,0.11032141667531839,0.3856388276718947
281,0.10990447829068037,0.38578619808250947
282,0.10953694931824474,0.3856756354467734
283,0.10915563167263635,0.3856344972840189
284,0.10871102300329198,0.38605962986551734
285,0.10834155922316238,0.3857176025894901
286,0.10794276916571498,0.38571386175482336
287,0.10762334846842989,0.38625189386794734
288,0.10730052284756109,0.3860633712348075
289,0.10683760532113008,0.3857424563835521
290,0.10624905202871937,0.3854210667088723
291,0.10592163018345965,0.38554931914245166
292,0.10553750748914209,0.38584378417740256
293,0.10517187107969096,0.3861315308122241
294,0.10490488451580669,0.38607322938496735
295,0.10452120961540957,0.38604388711570486
