0,0.6024090410947542,0.6144074560220631
1,0.5619080514349694,0.5865015894528028
2,0.5275226062748128,0.5641481103064581
3,0.4977519100772406,0.5433292164505805
4,0.4715658102342386,0.5239264520438964
5,0.4480562166477912,0.5096525702587844
6,0.4264821762812918,0.4959812364660753
7,0.4074089131659447,0.4826973117467853
8,0.3901354030479596,0.4725086749111622
9,0.372586360297838,0.4624507122574467
10,0.35634410554040136,0.4533770156917775
11,0.34239598066755045,0.44390935909627666
12,0.32895934080329875,0.43763255348096325
13,0.31610022716946073,0.4311427242914747
14,0.3050710718947841,0.4254668500666808
15,0.29432868483072994,0.4220821073504353
16,0.2832380354252402,0.41579733646672684
17,0.2722794662866314,0.41106687031876
18,0.26345043531833173,0.40676015421213335
19,0.25447965852238025,0.4034040330974697
20,0.2456455482486997,0.40013821416173045
21,0.2370851956516765,0.3967289243190854
22,0.22894771030884536,0.3941568151938834
23,0.22146390506568328,0.3939629622354474
24,0.21422366608261215,0.39267129525173905
25,0.2066183405352982,0.3904886403081295
26,0.20017000159060427,0.388311396154419
27,0.19364475578557688,0.3869068316562855
28,0.18748790357630365,0.38450004710623703
29,0.18138959658390286,0.3840369009569942
30,0.17601491833150978,0.38309374636156396
31,0.1708178413316377,0.37999377271199747
32,0.16599213094223803,0.3784748532203743
33,0.16103292709431277,0.3776937728545877
34,0.1561020771258081,0.3768826635911478
35,0.15151716223873318,0.37709497230235645
36,0.1473084316800822,0.3762507097311926
37,0.14330451147178574,0.37652217561912604
38,0.1390624089308624,0.37605012018781425
39,0.13494411355328728,0.37489893397340035
40,0.13126316929722778,0.37326094788179753
41,0.12768070706434453,0.37334103669959
42,0.12426914672723283,0.3740172091034168
43,0.12085163726387407,0.3739843917446881
44,0.11773426573732587,0.37268640211959686
45,0.11466676788975522,0.3725483083535427
46,0.11163571222460973,0.37303903302192115
47,0.10884895061028595,0.3733069747277064
48,0.10578924297090124,0.37513129332641815
49,0.10310848554105592,0.376738826868996
50,0.10033946579562843,0.37729706411048136
51,0.09788157386416771,0.3757096605277959
52,0.09516979378157314,0.3747070007899788
53,0.09276712942104606,0.37428806404730874
54,0.09055513141852582,0.3743713153522768
55,0.08820992013304048,0.37527733508183236
56,0.08627529007916085,0.37684280821877075
57,0.08408998685400565,0.37778950232680847
58,0.08201177233965334,0.37787325848162384
59,0.08007362000205218,0.3787981795708516
60,0.0780335903654536,0.37937769774961655
61,0.07629333970265277,0.3802211944490428
62,0.07459506346235883,0.38000428790935775
63,0.07277426253942357,0.3815677781424314
64,0.0712442646452616,0.38243655157429596
65,0.06950807160145349,0.3842190381111274
66,0.06804496999317025,0.3848455732737934
67,0.066449974069314,0.3853643143519369
68,0.06503914674057783,0.38536615306853905
69,0.06375895089955289,0.38702009396383763
70,0.06238251714278163,0.3880624053656599
71,0.06101546545497481,0.3879494830018031
72,0.05980387173150227,0.38873348126767243
73,0.05840387584668644,0.39028492035002893
74,0.05712062068470258,0.39195294567399075
75,0.05605665122948066,0.3925273619632979
76,0.05501724456708302,0.392702346161475
77,0.05389989945926026,0.3939779727721772
78,0.052627695319385125,0.3952003694290727
79,0.051571448515513575,0.3953531871361288
80,0.05053409331129052,0.39625875304672226
81,0.04958429922862808,0.3977617232941082
82,0.04851990866398932,0.39980590841896774
83,0.04750772540442889,0.4015026085672269
84,0.04652798407404867,0.4024522980556604
85,0.04561602546195004,0.4030800187623416
86,0.044638578085846335,0.40450491112471604
87,0.043771705484982576,0.40508181537625537
88,0.042882045786146114,0.4060804246823576
89,0.042003894597509146,0.40728768600885346
90,0.041186811699953085,0.40859299902414525
91,0.040450388577072484,0.40959064604842504
92,0.03965829811303906,0.4103038793051567
93,0.03898455388073106,0.41196404920504015
94,0.038233689173669524,0.4130109429809178
95,0.03749478043725071,0.41442390130941525
