0,0.5891978522575837,0.5914872899562653
1,0.5730189048160744,0.5773723169302134
2,0.5575782524749208,0.5633874827362672
3,0.544539747972415,0.5515884767410533
4,0.532024503050163,0.5411480598847861
5,0.5205192642569424,0.5306054359638904
6,0.5094358154536477,0.5205930435426429
7,0.4990773569633435,0.5113680003207199
8,0.48958034366147285,0.5030183248947676
9,0.4805680733273969,0.4954221059473798
10,0.47228304677399646,0.4892858096489138
11,0.46476017756992444,0.4829839716848749
12,0.45714402779596447,0.4760799106232689
13,0.4504844345514919,0.47125241307034405
14,0.44391684686208316,0.46613952261256886
15,0.43722344859842627,0.4604799585272493
16,0.43088123293329017,0.4555212302544482
17,0.42476647471881435,0.45087480879801645
18,0.41994958107527103,0.4470466602275196
19,0.4151427552155788,0.4432933147011647
20,0.4100838186110202,0.4392405896490184
21,0.40514068655085184,0.4362054499047651
22,0.4002041856405929,0.432616393835419
23,0.3957455389501292,0.42888724852064497
24,0.39129711928025496,0.4264799394972519
25,0.3864728243801421,0.4226980477601112
26,0.38323015536717114,0.42013944416616117
27,0.37974672321352254,0.4180457322723112
28,0.37642458662420303,0.4156458957368882
29,0.37284737155988235,0.4134226462713056
30,0.36971302878374257,0.4117042732093609
31,0.3664621506977638,0.40937563215584216
32,0.36311302010373186,0.4069604448544576
33,0.3601770044656798,0.40516134398891246
34,0.35759614869145734,0.4036375741968691
35,0.35490289558920096,0.40196979918311654
36,0.35197654076090756,0.4002205973516994
37,0.34904247456874843,0.39834955624984225
38,0.34644463278589976,0.39631042899063995
39,0.34394549499261223,0.3951056063634382
40,0.3418915625865078,0.3934298423868761
41,0.3394189981111097,0.391524338320816
42,0.33702724479978613,0.3898265276689297
43,0.33448865634963554,0.3885025423405244
44,0.332524565927122,0.3871344678977849
45,0.3305038939051648,0.3854524922440528
46,0.3285503465175451,0.38386223407436315
47,0.32692140312504686,0.3825657227396906
48,0.3249059705629708,0.38156065922489696
49,0.3235942959580145,0.38064161706234423
50,0.32155578457514544,0.37948560277388893
51,0.3198801782694317,0.3784746715269435
52,0.31781568026767587,0.37685184858769
53,0.31631956860985394,0.3756977949165563
54,0.3143760672573448,0.37444228684496333
55,0.31288422352348594,0.37339240912473937
56,0.3112639817709793,0.37263189803134966
57,0.3095084240996716,0.3712888852791272
58,0.30810250530376393,0.37044510086461396
59,0.3071139264970189,0.3694791176669285
60,0.3061306475594181,0.3690264574427965
61,0.30459418425534396,0.36803629394124443
62,0.30358188622469284,0.36734118907310614
63,0.3025071401072272,0.3662955027081028
64,0.30102870252229413,0.3649177161928555
65,0.2994655825446481,0.3638734593024666
66,0.29838096123057406,0.3634814571766979
67,0.29709556826058303,0.36228374788393203
68,0.2960387738296705,0.3617048798884389
69,0.2949915652865287,0.36105939777193974
70,0.29380543144186727,0.3603334926887162
71,0.2923805302174534,0.3599070762108204
72,0.29133635184467727,0.3594089340562997
73,0.2905445595266336,0.35892740972377135
74,0.28983397062409155,0.3583964893898036
75,0.28871535719765395,0.3577213720964716
76,0.2878189326315756,0.3571602324760754
77,0.28682846168394627,0.3563461217170148
78,0.28580821248357735,0.35590308827809086
79,0.28457724606311235,0.35500234633380506
80,0.28339970721692115,0.3544030280313482
81,0.2826878461804585,0.3541716615582407
82,0.28159469836220413,0.35351268684021225
83,0.28071371321968713,0.35335611349812324
84,0.27989990032826434,0.35275292464311625
85,0.2791237149506903,0.35230429185217405
86,0.2779829182898831,0.35171994711892685
87,0.2771082679165829,0.3520142827886592
88,0.2760578207958345,0.35143424566301923
89,0.27550181214509917,0.35122933959547675
90,0.27437569525290756,0.35052209670949824
91,0.2732219176899638,0.3499558563446015
92,0.27252463180693876,0.34982117355077214
93,0.2718448966673123,0.34895869563879894
94,0.2711674739711186,0.34836333864377755
95,0.27047539663074727,0.347454824447854
96,0.26979125450506747,0.34754280328091464
97,0.2691871979354318,0.3471719557660119
98,0.2684505847617965,0.3464464190699323
99,0.26780051054352527,0.34640889385785484
100,0.26711166315654694,0.34603103602982715
101,0.2664180530941293,0.3455531930043612
102,0.2657695777176453,0.3451267534267031
103,0.2650093098965038,0.3448722853638217
104,0.26422477668556343,0.34461417977529657
105,0.26355948012119645,0.34443164845673035
106,0.26270671655533073,0.3441421394893681
107,0.2618766723618248,0.34403233927957877
108,0.2611548932587826,0.3435579041744884
109,0.26067444092669,0.3431806861354449
110,0.25983054173695036,0.34263816801460817
111,0.25930797345538614,0.3422003697083659
112,0.25867557096435634,0.34213298242761353
113,0.2581403546267427,0.3418953360741584
114,0.25719512253652893,0.34142872337974
115,0.2566710438601517,0.3411189166784553
116,0.2562435665604859,0.3409782500398784
117,0.2557045706169071,0.34080616162004873
118,0.25512962653870436,0.3403973453900375
119,0.2545812921385838,0.3400293379970206
120,0.25403343833559366,0.3396171591065039
121,0.2532943557839667,0.3392006162846568
122,0.25250647761123746,0.3386534144028014
123,0.25215003543437203,0.3384837280425649
124,0.2514754957450108,0.3382623109968368
125,0.25082061672375133,0.3377116085567084
126,0.25029666084299546,0.337757421988868
127,0.24990606296838971,0.337529943310739
128,0.24939492290983828,0.33730837275786973
129,0.2487358864072651,0.337031272196472
130,0.24826630778160305,0.3366175459449737
131,0.24789888176270747,0.33648630398349694
132,0.24739727734420688,0.336039071003712
133,0.2466200689057789,0.3356638921639525
134,0.24605707461897622,0.3355318726184843
135,0.24564420071461948,0.3353638404417435
136,0.2452135015137553,0.3355104346170829
137,0.2446957908576778,0.3354214918568256
138,0.24405406578143368,0.3352976515213357
139,0.24367699622687103,0.3353519456249997
140,0.2430450503081786,0.3347125147639683
141,0.2422373665320061,0.33501273536569554
142,0.2417356167481093,0.33499211901391507
143,0.24113658515578312,0.33461153597217314
144,0.2406303748613743,0.3344935129015201
145,0.2402267491929566,0.3342220358759772
146,0.23976885325084843,0.33432310742787114
147,0.23886329712218568,0.3342712965208822
148,0.23843848522657263,0.33396210296683115
149,0.23796248721636742,0.33351792329292795
150,0.23730840707057207,0.3334047776770965
151,0.23684278771243322,0.33310791612908275
152,0.2364430722848502,0.33301906046600155
153,0.2361127791515632,0.33325734461155937
154,0.2358162251365618,0.3332427198069159
155,0.23546677445849476,0.33298786031637734
156,0.2349739909070787,0.33281244819976435
157,0.2346106529053876,0.33249558109945615
158,0.23420755558912185,0.33253478246813206
159,0.23391232233415446,0.33238165961878435
160,0.23361015528481632,0.3323780112125898
161,0.23319138875952528,0.3323098667758419
162,0.23285938254414199,0.33251202803393953
163,0.2324441153117499,0.332217136137817
164,0.23204594732991898,0.3321095406592529
165,0.23172534840949557,0.3320380837488068
166,0.23125239064368533,0.33188935222241206
167,0.230921324075208,0.33164122737814516
168,0.23044073655856856,0.3316118843162851
169,0.22983339908366326,0.3313393351597856
170,0.22938973499638193,0.33137103693122805
171,0.22894755640178605,0.3312437786928065
172,0.22845157949867093,0.33120002758746625
173,0.22813469624017801,0.3312925924991385
174,0.22767107639646264,0.33143417295216626
175,0.22713469020451688,0.3307912130636454
176,0.22676620453694613,0.3309224733895813
177,0.22633460497859562,0.33061796749218053
178,0.22580340305665117,0.33042505450239384
179,0.2255144695192529,0.33010894089666887
180,0.22514225829259957,0.3297806082637777
181,0.22473381114825366,0.32980757156872076
182,0.22436186554968865,0.32937499501411
183,0.22406742355001066,0.3294428659438213
184,0.22361849090976912,0.3292257775474806
185,0.22322550892151055,0.32922502939041265
186,0.2226827460056302,0.3292625546464641
187,0.22224532270086364,0.3290141061222399
188,0.22198997814193933,0.32881980962129254
189,0.22134581693647432,0.32854859849575085
190,0.22104579389863854,0.3286656635645851
191,0.22076126373367885,0.3285664920727528
192,0.2204567229613623,0.3283123962815377
193,0.22008090022322005,0.32816979247256445
194,0.21958204822384964,0.3283921749637486
195,0.21932579783268194,0.32829965372564307
196,0.21909699835000668,0.3282111942120985
197,0.21871935175359528,0.3278644108259773
198,0.21826554663329503,0.32763705016845174
199,0.21782912008980865,0.3277110367718062
200,0.21743405881326724,0.3276294831429084
201,0.21705000441049271,0.32760649029013683
202,0.21666367677671144,0.3278638786278946
203,0.2161417266281364,0.32766772102783054
204,0.2157992048699098,0.32788119294956536
205,0.21557052223249537,0.32761220567235744
206,0.21514349808750438,0.3272722075359107
207,0.2148957882338234,0.3273090777986277
208,0.21460726170184677,0.32687378545786083
209,0.21429732053084236,0.32670630107098675
210,0.21409410420368688,0.3267435001405641
211,0.21385163668720672,0.3266345301307886
212,0.21350584884961216,0.3266655038246074
213,0.21316632928704526,0.3267418361550371
214,0.21286601514246614,0.3266977949931692
215,0.2124576342920796,0.32654257854224583
216,0.21217449885527598,0.3267469956385894
217,0.2119316502546849,0.3268020279204684
218,0.2117430650971991,0.3267975939612717
219,0.21154197167291638,0.32660268355997846
220,0.21127405977110142,0.32636058040400207
221,0.2110362335020591,0.32639953332710603
222,0.2107308326667552,0.3265057294291609
223,0.21038149825349087,0.326161235880577
224,0.21015115887252198,0.32593688920369857
225,0.20988877109749485,0.3255794702230158
226,0.20946554455301764,0.32547269193187106
227,0.20923674845794732,0.32556629689895433
228,0.20894464766426343,0.3251504987403269
229,0.20871407614767462,0.3253109444124406
230,0.2084332589582492,0.3252825053185632
231,0.20805310662850865,0.3250871918837227
232,0.20784950072857689,0.32528174604441057
233,0.2074873752022313,0.3250938717523038
234,0.20716429130127284,0.3249459745617913
235,0.20677546216470913,0.32483094454618916
236,0.2063668250588815,0.324569600286651
237,0.206126657616157,0.3244441869487212
238,0.2057615265529626,0.32468418391175186
239,0.20555069233263568,0.3243780217196415
240,0.20528375972049634,0.32439204626188983
241,0.20503924476526597,0.3243750382328654
242,0.20473562824991165,0.3242681310757454
243,0.2044793006467731,0.32423159352153774
244,0.20426651250833208,0.32428768232361105
245,0.20388017125378474,0.3242895343205771
246,0.20350521474817948,0.3240995115126533
247,0.20324674196088827,0.32415212005113897
248,0.20290588134520085,0.3238765789727286
249,0.2025536178470642,0.323556121860429
250,0.20229808556063003,0.3236134764844844
251,0.2020104773152553,0.3237454568264565
252,0.20180365353877736,0.32347051934228016
253,0.20158920647541076,0.3234185233219688
254,0.20119752521531162,0.3233219625282048
255,0.20083853043985758,0.3232491728743246
256,0.20038872690220033,0.32280121281998564
257,0.2002070324353008,0.3227520097999706
258,0.2000263819940709,0.3227539423267148
259,0.19981598407351492,0.3226967029903958
260,0.1996048473723671,0.3226155770311195
261,0.19941837093843723,0.32266075995604454
262,0.19915349726184145,0.32271345631565684
263,0.19896146518031696,0.32289482823898924
264,0.19863928468780484,0.3228473014834246
265,0.19831839429994708,0.32275067890946113
266,0.19785604462935752,0.32264071824464197
267,0.1976760995683312,0.3226374230504028
268,0.19742300639670277,0.32235106701590494
269,0.19717823986235503,0.3223760923769725
270,0.1969164480337764,0.3222353676135909
271,0.19675323698919844,0.3219135767325692
272,0.19635718798737922,0.3219812571646916
273,0.19612525808144002,0.3217051581754562
274,0.19593331825004082,0.3217206923411437
275,0.19574391803992755,0.3217961597955317
276,0.19556775337595875,0.32190165319387426
277,0.19526192116367982,0.3218707449629599
278,0.19502846757713022,0.3220125905605622
279,0.19473141693477053,0.3221205385447208
280,0.1945621480174777,0.3221768150374545
281,0.19439942033856444,0.3221361242266183
282,0.19411167420756467,0.3217033288019448
283,0.19385337552187276,0.32175939962375266
284,0.1936634608236666,0.3215502752273512
285,0.19341275229106278,0.3215101834717086
286,0.1932482628036515,0.3213816383199963
287,0.1929947970262308,0.32130063575401785
288,0.19276049294038014,0.32124368451946744
289,0.19254737005251354,0.32116585576797557
290,0.19215951231782266,0.3209277217268988
291,0.19185348414901973,0.32070328325619196
292,0.19146169283967873,0.32033393053299974
293,0.19114396315168122,0.3203630406119274
294,0.19082237592031956,0.32032061903899495
295,0.19060183882910078,0.32056996059880793
296,0.19039436556477943,0.32046741000483103
297,0.1902459645619553,0.3204622019640546
298,0.18994987075504466,0.32035413259875484
299,0.18975764133816247,0.3201595864417939
300,0.18955377843637897,0.3198944888483626
301,0.18930769063500677,0.319898770028766
302,0.1891483354047306,0.31978624014097784
303,0.18888361772778745,0.31991707199048547
304,0.18866657888554472,0.3201680221177349
305,0.1884785826348486,0.3199504233769902
306,0.18819512611915393,0.31998913883760194
307,0.18798805718975375,0.31999314750454927
308,0.18780703059310472,0.32003361503218686
309,0.18767962182989684,0.3200934736109496
310,0.18750636027058837,0.32013697475477293
311,0.1873006902579838,0.3201100651517781
312,0.18714788537659768,0.320108689071294
313,0.18690036635173304,0.3200499988290635
314,0.1867350254537558,0.3201417030292613
315,0.1864171440222591,0.31983173498721834
316,0.18625804989524936,0.31994868969895635
317,0.18588461612812276,0.31956980371649635
318,0.18573800938835372,0.31969224846996847
319,0.1855848499890759,0.3198747140224412
320,0.18538046591861318,0.31975442941011734
321,0.1852453130676204,0.3197389730253714
322,0.18508251947214385,0.319620209609512
323,0.18489470035741762,0.31965882955748537
324,0.18464487311550506,0.31957394657536203
325,0.18441210192776875,0.31938734312313116
326,0.18412294178054775,0.3191164482494161
327,0.18387532036823415,0.3190906426807306
328,0.18370823277338097,0.3190151689591249
329,0.1833490086608412,0.3189772796253794
330,0.18315724127157385,0.31895070566280115
331,0.18296838732174567,0.3189956146013732
332,0.18271544258421898,0.31947532085198205
333,0.18252095768721002,0.3195552401592729
334,0.18221135768856042,0.3196479411727228
335,0.1820063528916306,0.31924030561278766
336,0.18180265986150668,0.3190154320989489
337,0.18161396209543382,0.3189163830987165
338,0.18126593783228218,0.318888362270741
339,0.18109619574826635,0.31886822584934094
340,0.180925817141022,0.3187030757808406
341,0.1807600849240386,0.31868338384355416
342,0.1806264331060207,0.3184923006204988
343,0.1804375283837944,0.3183315417562217
344,0.1802688419366338,0.31855984509294893
345,0.18009048860501975,0.31858130181546157
346,0.1799117515374647,0.3187254767059062
347,0.17975772904068446,0.31873719328894073
348,0.17956738481424678,0.31879493492543437
349,0.17942476639427107,0.3187215216237974
350,0.1792891898382406,0.31885234176488614
351,0.17909660835344854,0.3187515565527929
352,0.17897742143980122,0.31873394105496405
353,0.17879933122889524,0.31858739525447255
354,0.1786217163766035,0.3184400235777665
355,0.1783817220318442,0.3183640957188332
356,0.17819678001228906,0.3181379358647539
357,0.17804411621878752,0.318199955773351
358,0.17790935108428424,0.31838734194411383
359,0.1776860216053299,0.3179775654980783
360,0.17755138625587588,0.31794108491794576
361,0.17730671555073094,0.3178437683505893
362,0.17711526486694779,0.3176866390971026
363,0.17695182682503552,0.3174665759266197
364,0.17681832196257544,0.3173361250253072
365,0.17668726622354625,0.3172167277583393
366,0.17638025312782626,0.3171790557854233
367,0.17624033743208908,0.3170612636536071
368,0.17602621405603353,0.31716559541959755
369,0.17585776273088688,0.31734081343877285
370,0.17572549570274615,0.31728535550428927
371,0.17555436737617605,0.3172534193124281
372,0.1753403259682411,0.31709064162247413
373,0.1751077362857486,0.31695011538227974
374,0.17495920897452572,0.31704882503948667
375,0.1748349051111294,0.31721960096370067
376,0.174677808349744,0.31727633545548745
377,0.1745020281006996,0.3171590621080703
378,0.17433161565200092,0.317269062070351
379,0.1741897497074288,0.31736620381313874
380,0.17391648420724368,0.3169598931413807
381,0.17380222888021105,0.3168824207811629
382,0.17364333860810602,0.31681935850909965
383,0.1734056615530152,0.31675446623122544
384,0.17320313278027064,0.3166365560251112
385,0.1727976696980773,0.31620726473599386
386,0.17263775795597358,0.31604387559469743
387,0.1725066128794854,0.3160072379047977
388,0.17233665178278706,0.3161170625005882
389,0.17215236186949526,0.31628449441909984
390,0.17196544308303588,0.31608776608528294
391,0.1718463203963112,0.3159342965227552
392,0.17159254288637515,0.3159687672146905
393,0.17142168754994866,0.31614441567639384
394,0.17116276378392023,0.3159272300681677
395,0.17097625194496383,0.3158143346161335
396,0.17083156933101534,0.3158753078148995
397,0.17069611193164475,0.31595517323265837
398,0.17045303639793855,0.3158130427506784
399,0.1701892543569195,0.31564006057848404
400,0.1700723735891505,0.3157631775806797
401,0.16988614338301927,0.31595980026527765
402,0.1697481199996102,0.31611116533688405
403,0.16962546918124086,0.3161076610486919
404,0.16938106378632534,0.31604636405031317
405,0.16922232449717603,0.31630321286866814
406,0.16902402504053046,0.3165908497744323
407,0.16888112249731455,0.3163714846884267
408,0.1686527642151542,0.3161327126007768
409,0.16852615112893707,0.31592448574914844
410,0.1683384516172836,0.31617809016401943
411,0.16808757983372258,0.3157349752823944
412,0.16796618046957162,0.31549672446425203
413,0.1677525712492126,0.31541208351698885
414,0.16765659728542165,0.31544030852933835
415,0.1675685986020078,0.31540070610768006
416,0.16746123188314913,0.3155398203779121
417,0.1673356712518455,0.31547191017885945
418,0.16707609309598687,0.3150384475868871
419,0.16687986051023068,0.3151356767891734
420,0.16670528652874544,0.3151068278049326
421,0.16656201161719214,0.31513506600322666
422,0.16637424273316284,0.3149426335841047
423,0.16628595252283535,0.31486842978968343
424,0.16610231474569104,0.31503056908775284
425,0.1659437573941234,0.3148954513456828
426,0.16572335121054674,0.31492236649298627
427,0.16559320298080052,0.31503854259405617
428,0.16547265505715752,0.31507549890054104
429,0.16533493969189822,0.3150566291839586
430,0.1652213563815882,0.31503265502582123
431,0.16503221272648028,0.3150622273295855
432,0.16484814940668183,0.3150081503586649
433,0.16471021956188558,0.31499063829029494
434,0.16458576230951094,0.3148495876671196
435,0.1644956300166852,0.3147231457969285
436,0.16440126762418247,0.3147035253467501
437,0.16420927855856737,0.3145904242353621
438,0.1640910807904908,0.31458647214764984
439,0.16397515310903676,0.3147790436693106
440,0.1637630890244181,0.3148023879496199
441,0.16355686424321,0.3149048165236757
442,0.16334160431084138,0.314963000465951
443,0.16313389947703752,0.3150124958313392
444,0.16292437480098965,0.3148744845369166
445,0.1628208825772625,0.3146854292780252
446,0.1626354516772136,0.31452822671320463
447,0.16249710943634207,0.31449334950382574
448,0.16239227139977533,0.31457434345264024
449,0.16224986513928152,0.3145844998242237
450,0.1620581318991107,0.3143830525870046
451,0.1618919982697567,0.31461623855938237
452,0.16178211813301607,0.3146701320803541
453,0.16167850236524828,0.31458120317027993
454,0.16156792158386143,0.3144185546654597
455,0.1613681540483753,0.3143052643208503
456,0.16119877359355686,0.3143735330810615
457,0.1610248343046924,0.31417798466096813
458,0.1608971230661838,0.31417809182717366
459,0.16075611124292344,0.31421038889438174
460,0.16054424074090126,0.3142790730374219
461,0.16035983085044989,0.31427292930398315
462,0.1601911226047515,0.3143160736953671
463,0.16008336422534297,0.314314170985989
464,0.15985349329850196,0.3142287483114599
465,0.15970532666209045,0.3140982144187523
466,0.15953203006307068,0.31406915566011906
467,0.159421198786648,0.31397824158031534
468,0.1592795974123975,0.3138294018520122
469,0.15911606207129333,0.3136800825982364
470,0.15901114418302098,0.3137288906992919
471,0.1589045900912586,0.31367266662492904
472,0.1587855563766199,0.3134191961195014
473,0.15869726911596707,0.3134475883127007
474,0.15854885177687678,0.3132021181440679
475,0.1584538989435639,0.3132101995158787
476,0.15829366864216024,0.3133753401119212
477,0.15810087610734339,0.3132186363533113
478,0.15789905544533128,0.3132014712935571
479,0.157695154861226,0.31341976305795277
480,0.15737647927899892,0.3134265446707479
481,0.15717308530681665,0.31357161197732675
482,0.15706143674054326,0.313602730203082
483,0.15690311505019078,0.31344258197014835
484,0.15672697708216568,0.31335221101295213
485,0.1565622481561106,0.31344955826199483
486,0.15640094090929585,0.313495125167468
487,0.15629433709265647,0.3135047087150304
488,0.15619402491746115,0.31343336806217836
489,0.15602884251404578,0.3133855486703179
490,0.15585407503372067,0.313673065659853
491,0.15567996022024722,0.31337811610724864
492,0.15554544482133448,0.3135068467774227
493,0.15544484559617208,0.313478266781545
494,0.15522622870219027,0.3135776337531023
495,0.15507787772015133,0.313513713827029
496,0.15494227509468989,0.31357646025321495
497,0.15482315528324733,0.3135420501136793
498,0.15469737836483347,0.3136531360869557
499,0.154588907799925,0.3136999709566381
500,0.15445629555983512,0.31380325192113445
501,0.15431441585324074,0.3138265231114842
502,0.15414919821484094,0.3138358836045126
503,0.15403083437183965,0.3137826108540108
504,0.15392941606916635,0.31386035186167766
505,0.15384683561347004,0.31388539148744093
506,0.15370435098907748,0.31363624468583257
507,0.1535723942539974,0.31369341590321875
508,0.15342840845381311,0.31375576089165
509,0.15333370418526135,0.3135924399190464
510,0.1531390735800697,0.31364449341288464
511,0.15293833607822033,0.3137881048842427
512,0.15282503277225046,0.313783714307343
513,0.15265347580114172,0.3136689917270162
514,0.15246565628134623,0.313616952591434
515,0.15231527368253517,0.3133873253446614
516,0.15213564776055885,0.3133946666502691
517,0.15202966149736097,0.3132708576289385
518,0.1519004053733703,0.3131630376617102
519,0.15166766571336265,0.3129538805725652
520,0.15156151826474135,0.3128890296360168
521,0.15136766227477466,0.3128218555322012
522,0.15123670329030267,0.312775058997876
523,0.15109665967610642,0.3126082326813576
524,0.1509695351821059,0.31258473494245204
525,0.1508456385227569,0.3125197160335801
526,0.15069312052538536,0.31255177588541816
527,0.15060921177913283,0.3125286718233809
528,0.15051792700511213,0.3125516897611085
529,0.1504211648152289,0.3124612123263045
530,0.15031878248825814,0.312380432757231
531,0.1502320364859033,0.3123876774021902
532,0.1500983029223643,0.31238378490795565
533,0.14990526394725037,0.3124856696915202
534,0.1497825485219901,0.3122997905194128
535,0.1496582904104222,0.3121991762180306
536,0.14957808012813523,0.3120804466238888
537,0.14941048430783055,0.31213479870643324
538,0.14930824219250807,0.3121597319075312
539,0.14918045116973558,0.3119716480540743
540,0.1489685342395461,0.3119106943693978
541,0.148780803363472,0.3121084529235561
542,0.14858760262129156,0.3122546096847561
543,0.14848445320574524,0.31218618718746616
544,0.14834149895304277,0.31237645547786796
545,0.14815013646421266,0.3122632093738582
546,0.1480405605109248,0.31224772133959355
547,0.1479167322795222,0.3124272400527409
548,0.1478130361319024,0.31244740914507113
549,0.14765327715369492,0.312421951250455
550,0.14757642176007407,0.31231495537346127
551,0.14739077394147454,0.31228393142212973
552,0.14723670422750104,0.3124929938512108
553,0.1471254707698551,0.31234802372428905
554,0.14696476577931197,0.31232276680851756
555,0.14678413064156687,0.31237597946961926
556,0.14662946329826718,0.3122107398048322
557,0.14650532252558363,0.3123584908940001
558,0.14636376627883088,0.3123094183116828
559,0.14621927344388716,0.3120928480304689
560,0.146123713759763,0.31200289391030955
561,0.1460051180482135,0.3120360293879362
562,0.14576386947021738,0.3119780591033606
563,0.14566218815705195,0.3119187644857216
564,0.14557383656342235,0.31189752499338946
565,0.14549215693963796,0.31187996008073743
566,0.14535921355534145,0.31186280509200787
567,0.14520543924457513,0.31199137734534604
568,0.14508969010475253,0.3119894962134784
569,0.14496647546518784,0.3115822092202843
570,0.14486404234071798,0.311594869707543
571,0.14474786960806785,0.31179234870749056
572,0.14468656387029802,0.31173013111323705
573,0.14452936660220117,0.31168509928394333
574,0.1443604452364283,0.3118464946085481
575,0.14416966216972554,0.31196825069983564
576,0.14406935315805447,0.3117563796685486
577,0.143880203665656,0.31178549638430675
578,0.14380077676719225,0.31179180960994857
579,0.1437353029979485,0.3117993560752847
580,0.14365469168469708,0.3119454117120724
581,0.14347107562419087,0.31193049500341563
582,0.14332737671075235,0.31199276113834523
583,0.14314132180113934,0.3120024072449672
584,0.14300941236313633,0.31195869701534923
585,0.14285789465248847,0.312201527465576
586,0.14268325304486448,0.3120826504991837
587,0.14259636220094626,0.3121386204366424
588,0.1425063753794119,0.31200991183718174
589,0.14235644166688247,0.311921283329208
590,0.1422993661027631,0.31180374969408436
591,0.14218722829905495,0.3116708099961843
592,0.14208052458775886,0.31156334551448184
593,0.14200300273876143,0.31154179443277985
594,0.14189186437062,0.3117172820695512
595,0.14167150889048244,0.3117269905346305
596,0.14155655282214968,0.31161875136173006
597,0.1414550790011669,0.31169760220161746
598,0.14133024180984627,0.3117003311548557
599,0.1412255526906436,0.31173246845846697
600,0.14110715896181622,0.3116798770430435
601,0.1410033248298871,0.3115911526794344
602,0.14093866388289716,0.31164096799578656
603,0.14083168248608766,0.3116874617057395
604,0.14075209747098555,0.31163311018409473
605,0.14063435413748762,0.31175535452986325
606,0.14044222390080216,0.3117115518999231
607,0.1403165213981299,0.3117774348409993
608,0.14022352694442264,0.3117867529575776
609,0.14010897874729986,0.3118195469857672
610,0.14001609761803416,0.3116969290139338
611,0.13991158158845857,0.3116198833497768
612,0.13980287238653333,0.3117585859736372
613,0.1397302666782102,0.3116376917757405
614,0.13963774643956353,0.3116462205356833
615,0.13947892139210497,0.3114513214902071
616,0.13938400408001717,0.3115621017790668
617,0.13927836660092402,0.31159302309657927
618,0.13916155196864732,0.3113953761399305
619,0.13908552270164695,0.3115018561799389
620,0.13900243967014658,0.31163160236711823
621,0.1389231369119185,0.3115512631731372
622,0.13881712158480314,0.31137807110151383
623,0.13869538813444424,0.311352999391468
624,0.13861308979502326,0.31140164728432657
625,0.1385311489898228,0.3114499833261991
626,0.13842981810478172,0.3115885284025487
627,0.1383528638833026,0.3116639996110126
628,0.13819697006037535,0.31164050439201857
629,0.13808159163465386,0.311789256777441
630,0.1379370422490095,0.3117323172011734
631,0.13784763334105152,0.3117018811831195
632,0.13772995667730495,0.31162463711242205
633,0.1376384219265972,0.31155817593962476
634,0.1374653919467278,0.3114220380719608
635,0.13737296139585545,0.31135361796980615
636,0.13724338223290877,0.3113725462611744
637,0.13717279872004035,0.31128952938454735
638,0.13705352219241873,0.31134398251032586
639,0.13696343101863062,0.31146036421850154
640,0.13686957841556344,0.3115617325201387
641,0.13678790278985636,0.3112668160784068
642,0.1367185595266868,0.31111484175777315
643,0.13658768334338559,0.31106953301609225
644,0.13645687504022413,0.31099459978944627
645,0.13637136633543687,0.3109299588055296
646,0.13630131475666643,0.31090768890752885
647,0.13624423583112688,0.31083079838024075
648,0.13612786383642814,0.3110586925033988
649,0.13604712972316954,0.3110357860747121
650,0.13592959904487958,0.31101030791419626
651,0.13587884283936147,0.3109719708671138
652,0.13579297120190384,0.31105756438760807
653,0.13571374012409082,0.31115110554998193
654,0.13563358569807324,0.31110022334081294
655,0.13550861192842276,0.31104541658442936
656,0.135442642632564,0.3109122127551499
657,0.13538004747018537,0.3108288762498129
658,0.13529294973528663,0.31081188338718224
659,0.13522024155265827,0.31080150331901574
660,0.13514225306600797,0.3108208367137748
661,0.13506001692585126,0.3108249255031045
662,0.13494578341594007,0.31086015711338527
663,0.13479986418574846,0.3108802292196596
664,0.1346726323341841,0.3108643338785027
665,0.13461387179195083,0.31088524868100936
666,0.13450310542753965,0.31106461912903205
667,0.1343906541029841,0.31107878419122786
668,0.13426737399986577,0.31108245407740903
669,0.13421074087028395,0.3110810925429673
670,0.13409111604602508,0.31107396503456103
671,0.13402712303221145,0.3112747540579304
672,0.13393355424984338,0.3111759078703732
673,0.13385174304627592,0.31118310266151233
674,0.1337076830797268,0.3112870541874043
675,0.13364153045645563,0.31116783078799254
676,0.13348782509455673,0.3111323407297666
677,0.13339443297449155,0.31121541555622817
678,0.1333153551517272,0.31114915920328673
679,0.13321538927272156,0.3112150386587018
680,0.13310277814745775,0.3112011853744432
681,0.13302312392139481,0.3110965340829949
682,0.13288062480807067,0.31105431483179136
683,0.13272954759981428,0.31123408071329806
684,0.13264114403797894,0.31138256041498097
685,0.13253451574279276,0.31141259850992936
686,0.13242220552505227,0.31126512735705403
687,0.13232115031243255,0.31118558886126296
688,0.1322098897065558,0.31112938472652457
689,0.1320383911180778,0.3109731575170144
690,0.13198597902945042,0.3109883159214689
691,0.1319058214611404,0.3109923647139483
692,0.13180545126598148,0.3110880441934164
693,0.13173316052526887,0.3110960365605062
694,0.13167901395700876,0.31104817431756604
695,0.13156509959225302,0.31105156837100795
696,0.1314893285603431,0.310911798945461
697,0.1314115541750425,0.31086455067062135
698,0.13132372218433058,0.3107880483205612
699,0.13124084094051036,0.3108415035921194
700,0.1311283560160775,0.3108703553603759
701,0.13102176754014447,0.3107144007526459
702,0.13091837089616387,0.31075953596840805
703,0.13083542999753306,0.31056396298167305
704,0.1307619589593541,0.3105609148716351
705,0.13064854179445243,0.3104626550143883
706,0.1305764017304767,0.31039054551066125
707,0.13044113593215298,0.3105531096061281
708,0.13036912054858232,0.3106481134948503
709,0.13028934053143976,0.3105199674762511
710,0.13019924593245305,0.3105554458964454
711,0.13012027104694573,0.31054866549093857
712,0.12998689509306743,0.3107332851779455
713,0.12991734670277713,0.31071362143526965
714,0.12983119635357818,0.31083209685909297
715,0.12967524911767267,0.3110393042544576
716,0.12961674306290946,0.31112220821811665
717,0.12954349991794692,0.31118739505892545
718,0.12945063441673008,0.31117448413106485
719,0.12931420708737965,0.3109839672938063
720,0.12921049981706412,0.31097687698003745
721,0.12911232743173343,0.3108711920877193
722,0.12901790110673142,0.3109039081871048
723,0.1289238679582254,0.31114263793634794
724,0.12885440779940882,0.3110197849279972
725,0.12872035399013007,0.3107615253369004
726,0.12858702076027026,0.3105128217118162
727,0.12853743745965046,0.31057917597713125
728,0.12847951985121073,0.31046995913490555
729,0.12837675362707188,0.3105029098928925
730,0.12824759162602498,0.31053183856006517
731,0.12816788169492346,0.31063090442290076
732,0.1280408122294492,0.3108143778157371
733,0.12796903995483833,0.3108762974554761
734,0.1278699146261323,0.3108715379423074
735,0.1277781660086432,0.31086339590072687
736,0.12771153333169505,0.31101662643175926
737,0.1275915245272882,0.31093552188506207
738,0.1275142343447776,0.3110235880947939
739,0.12744172757116168,0.31098101550619334
740,0.127349119922455,0.3109436090150628
741,0.12723888127854227,0.3110163016117765
742,0.1271499606460934,0.3110213933784397
743,0.12707634518055322,0.31117635849157627
744,0.12700097018906312,0.31112385879184057
745,0.12694324709823102,0.3110556770590836
746,0.12682962029403105,0.31119332163471186
747,0.12671538077843825,0.3112212810037293
748,0.12661931863098028,0.3111887455236414
749,0.12649595239900632,0.31113908494558606
750,0.12638778398895656,0.31104533090923286
751,0.1262922871716134,0.3110406811421825
752,0.12623387535130323,0.3109461101667183
753,0.12616100494743182,0.31095611516942423
754,0.1260784902083039,0.3108632625197523
755,0.1259516702973847,0.31072086170600416
756,0.12589095228827024,0.31082657460668
