0,0.6685549212202915,0.6706873246002153
1,0.645629220634055,0.6495632680284765
2,0.6268301561737523,0.6320571984037558
3,0.6096472462353826,0.6160205871378196
4,0.5930751026165169,0.6006250832461262
5,0.5789754685039463,0.5880814824093635
6,0.5664661173300084,0.5772878773409514
7,0.5544250579294153,0.5663802494323971
8,0.5425089491429032,0.5562856891381756
9,0.5318513243450608,0.5456284148751089
10,0.5233767373940179,0.5383880927227975
11,0.5145310748369427,0.5295745389286207
12,0.5064736813758247,0.5226229358672172
13,0.49804436755677683,0.5154625061925094
14,0.49099164452243743,0.5094649064120065
15,0.4848701446797021,0.5046268496864261
16,0.47963680917138585,0.49990978299030997
17,0.47421671845701574,0.49493741287825355
18,0.4686371670383243,0.4900946670005986
19,0.46326678298619123,0.48498810530356723
20,0.45888649226567096,0.48091071113402306
21,0.45501339657596185,0.4778997343730769
22,0.4511758036891136,0.47522401771634787
23,0.4468091401415603,0.47107317637356133
24,0.4433638202898373,0.46781833350124385
25,0.44038719852064806,0.46499723792959274
26,0.4371678140860857,0.4629262677998364
27,0.4341379812175534,0.461252116465229
28,0.43150592549639954,0.4588278580541125
29,0.42914071395301273,0.4566011531253719
30,0.4264390460641739,0.4545488944710989
31,0.42291860121087455,0.4524006194494987
32,0.4196292145031097,0.45000276502596964
33,0.4172410552528913,0.4481028917226994
34,0.41577302387549914,0.4472608922291132
35,0.41381227435058004,0.4456740738887717
36,0.41099276407158103,0.4438356578292084
37,0.4078248752341662,0.44146370399645596
38,0.4054377592909505,0.4396477195138304
39,0.40383961267245744,0.4384387270189094
40,0.40154720143109063,0.43711530373227203
41,0.40015123127736496,0.4359480896159381
42,0.3986210556784545,0.43517889364731605
43,0.39665921297001133,0.4336359619646636
44,0.3944827183056091,0.4318450390465922
45,0.3932371147556047,0.4306801827819326
46,0.3910940964619516,0.4292808133657382
47,0.3894586854324999,0.4280274866577716
48,0.3878905803579416,0.4271630934448431
49,0.3864326813853287,0.42631516707337114
50,0.3850288190889335,0.42514409675749354
51,0.3836170663557131,0.42477312898555397
52,0.3824645003943577,0.4244730317345178
53,0.3805400565847558,0.42291259758090477
54,0.3784103793965577,0.42133047862399875
55,0.37717638132750975,0.42114191577131777
56,0.37551627944029087,0.41959394633571884
57,0.37401229858043206,0.41920312797255954
58,0.37247410858790514,0.41813505152252134
59,0.3714125304267103,0.41749628016781226
60,0.3700140914055263,0.4165034591453881
61,0.36797416921374754,0.4154602849257612
62,0.36700074257005794,0.41440926777791154
63,0.36592188213683846,0.41361490189085853
64,0.3646088080716127,0.41245684612502986
65,0.3629623008242073,0.4107377654489953
66,0.36184721477264975,0.40991856081192457
67,0.3603520926882737,0.4091145365781297
68,0.35946344179967393,0.40845918552761407
69,0.35836034693861823,0.40806562559658993
70,0.3572605090858269,0.4073573149755104
71,0.3561479072802292,0.4066506143010526
72,0.3550009532878557,0.40600504934325743
73,0.3534079971171681,0.4044037148840012
74,0.35197049673153624,0.40325520961430406
75,0.35096197037860244,0.4027915110505325
76,0.3501067399971237,0.402266772476392
77,0.3492322511284589,0.40141990829489144
78,0.34794392633044396,0.40032721366575746
79,0.34700772283182035,0.3997084103019267
80,0.3460589195817879,0.3995031637803607
81,0.3445310781293333,0.39895583018534414
82,0.3437754345726132,0.39860272113409995
83,0.3425930338852276,0.39780864117255976
84,0.34164920620581396,0.39698685970495895
85,0.34065192792428645,0.3963463478069123
86,0.3397680119046331,0.39601727673090403
87,0.33884151105271515,0.3955136453359488
88,0.3380280998161954,0.3951265424586573
89,0.33689319204168106,0.3946968180009418
90,0.3356901608094821,0.393809901581191
91,0.3346445181654262,0.39287551402261656
92,0.3340791900969925,0.3924100118598261
93,0.3328688944876564,0.39193552586967895
94,0.3317729581155758,0.3907214113445003
95,0.33059153982803785,0.3900174526164889
96,0.3298527783507711,0.38940269378941966
97,0.3287193571215739,0.3892527183809819
98,0.32797556920548304,0.38902044844693434
99,0.3271976596395283,0.3882401673799489
100,0.3265322929602981,0.38830639355773644
101,0.32579070480268885,0.387506275670885
102,0.3249766569975916,0.38741303299606494
103,0.3240286706583003,0.38699831944074464
104,0.3231339285250541,0.38642897074210236
105,0.3220353728011787,0.38593162953152355
106,0.32103161155615073,0.3853256482008543
107,0.32020644312583396,0.38488606517432244
108,0.3192383644448814,0.38433642585770406
109,0.31791782624111126,0.38375772380588613
110,0.3169801925159371,0.3833323062166255
111,0.3162493757775915,0.3827645694975617
112,0.31544667359895734,0.3818302676388516
113,0.31473749161491865,0.3811131359669196
114,0.31405517207664446,0.38093113371487597
115,0.31335150916152477,0.3801911580844893
116,0.3128300839621108,0.38002466247281863
117,0.31194702924955625,0.37945605155317214
118,0.31112448869655585,0.379069225830367
119,0.3104013047200265,0.3789603821063921
120,0.30988707840220636,0.3787974342301015
121,0.3092131619199441,0.3784960666836402
122,0.3086499789637669,0.3782076022036056
123,0.3077884341347505,0.3777987523459001
124,0.3070939911086772,0.37716726408966234
125,0.3061623206269158,0.3769198778274602
126,0.3049099784772746,0.3762744582934808
127,0.30359521105622783,0.3756775897628076
128,0.3027138126704602,0.37523445154768587
129,0.3018617286171782,0.37486675269313463
130,0.30090765776411016,0.3745395076380115
131,0.30043730517904366,0.3744843954778669
132,0.2996592595414722,0.3741471007643189
133,0.2990208912760145,0.3736839372129938
134,0.29825023500475895,0.3732217843427155
135,0.2971154288223431,0.3725512311626793
136,0.2965260749497306,0.3722817899140581
137,0.29577208608795935,0.3718550876884817
138,0.2951808055769814,0.37116964524188917
139,0.2945732845246481,0.37068360182044324
140,0.2941011704350927,0.37040035689543027
141,0.2933176789726014,0.3702009954631818
142,0.29264757332817803,0.3698700436790293
143,0.2919621492456437,0.3693773918888134
144,0.2911773160902951,0.3690462156492921
145,0.2905484412521353,0.3688035932538303
146,0.289648731259723,0.3680821140687706
147,0.28894688487644965,0.3677116340532077
148,0.28840103124547956,0.36750725461966877
149,0.2875455010664768,0.367150977460226
150,0.2869399535077246,0.36707062641126353
151,0.2860586167742626,0.3660989397967614
152,0.28554053253073064,0.3656501987764444
153,0.2848088607013499,0.3653034533207283
154,0.284009332989019,0.36443456430905424
155,0.28338435530000644,0.3642696660230411
156,0.28241068756275817,0.36417600811971507
157,0.28132790274065156,0.3637976325078386
158,0.28072602165849503,0.3635197835059082
159,0.2801556382036872,0.3630996980544522
160,0.2790365999660274,0.3629039379089057
161,0.2784441629573166,0.36238075664347225
162,0.2778048530121077,0.36232596360469804
163,0.2770710313474833,0.3618482763430758
164,0.2764364845268123,0.36184023020505074
165,0.2756740124842977,0.3613239900303839
166,0.27493863277320446,0.36125920472712203
167,0.2739983785546889,0.36065226729771527
168,0.2734352368570037,0.36059281229157364
169,0.27279440636985025,0.3602955530716432
170,0.2720957135100326,0.3601534321849721
171,0.2715836410575597,0.3598332804771034
172,0.2708140597513363,0.35924285181104565
173,0.2700569465504795,0.35879592411744027
174,0.26941341331757296,0.35838019845858615
175,0.2687423176118035,0.35804742915513604
176,0.26820745928569617,0.3576347258618523
177,0.2673588292213004,0.35733957083693985
178,0.26658142082206304,0.35672072060795884
179,0.26593598698989496,0.35659596343970995
180,0.2654000968740097,0.35618924813513037
181,0.26484650904268786,0.35587738818510684
182,0.264242439322416,0.3558223498730255
183,0.26336520240876404,0.355261274766649
184,0.26276233151965794,0.3549732081698215
185,0.2620115542966111,0.3548307893249354
186,0.2615098167578073,0.35458634600470273
187,0.2607705421377596,0.354168496654031
188,0.25995229205904336,0.3538872301861614
189,0.259343051232503,0.35339340379284145
190,0.25863163158027414,0.35290793253353714
191,0.25804527137388744,0.35271847866147854
192,0.2574461560269902,0.3526712185508926
193,0.2569531538119706,0.35242723874008386
194,0.25633967521470685,0.3522344061346191
195,0.2557791961569303,0.35169825650303915
196,0.25519837006678614,0.3511746664724709
197,0.2546661255716064,0.35107495818199397
198,0.2538353161544518,0.35050653864893055
199,0.2531523344210812,0.35006797215529506
200,0.25232044434411255,0.3501792151776925
201,0.2517270990805795,0.34981959739546975
202,0.2512744362145729,0.3495571242120485
203,0.2504462825084905,0.34927931623080377
204,0.24959188651803235,0.3489716372462039
205,0.2489738563449856,0.34885314939737466
206,0.248353916991651,0.34863739147111733
207,0.24747797853454692,0.3477560398418189
208,0.24675288599013157,0.3475750516198688
209,0.24602636159472824,0.3470316951808761
210,0.24534533754905105,0.3462857056690848
211,0.2445082903603984,0.34613163151281684
212,0.24391103105544157,0.34570963572861874
213,0.24337220290753928,0.3454465838180925
214,0.24282054213086812,0.34501253741167376
215,0.24232107471755163,0.3449093469531694
216,0.2417909042664133,0.3448229721690844
217,0.2411024609891925,0.3445012930058053
218,0.24058981223699322,0.3442299605594556
219,0.23978180575006677,0.34382826129409094
220,0.23932382234619426,0.34324948867242994
221,0.23876378244528676,0.3429742764607431
222,0.23823690155961835,0.34260117995950146
223,0.23775312367957135,0.34236319442700447
224,0.2371238717794981,0.3421970147514634
225,0.2365050054133782,0.34273556143323797
226,0.2358423884960804,0.3423380752339785
227,0.23538527401270096,0.3421781233684495
228,0.23478127624316875,0.341723749760362
229,0.23431380310121055,0.3415921876353236
230,0.23378548335246066,0.34143829577037443
231,0.2333393153649629,0.34128393748867863
232,0.23285256783557287,0.34134012817010084
233,0.2323106793991561,0.3411629128879716
234,0.23172392231752892,0.34087149376202913
235,0.2312277473522263,0.3407566890974791
236,0.23052848459422395,0.34051328164080424
237,0.22990886453721374,0.3402307557678842
238,0.22941905026226267,0.3399367749243547
239,0.228784356524357,0.33951488536046887
240,0.22820697503910486,0.3392559444018035
241,0.22769628087743685,0.33893360532490674
242,0.22717741445199058,0.3385357796956538
243,0.22665312879022487,0.33853009805157275
244,0.22621361327387424,0.3383090385440226
245,0.22587061844727288,0.33822691390561954
246,0.22524260601705495,0.3378357988577404
247,0.22474723396050833,0.3376053110826023
248,0.2240957925644263,0.3373692219668745
249,0.2236055322907271,0.3370477849947913
250,0.22315865519741257,0.3368036510278773
251,0.22249361494130995,0.3366149154602033
252,0.22189237714102406,0.33639821574977935
253,0.22142725361098065,0.33642946688566455
254,0.22100819321314571,0.33620717473846196
255,0.22038431173856068,0.335815859900007
256,0.22000170366800184,0.3357158694233837
257,0.21954060235618805,0.33546818055627814
258,0.2190789842253321,0.33551433179052076
259,0.2187365715060987,0.3350337619327722
260,0.21823141229694407,0.33463795231436355
261,0.21776561038663436,0.33445903655802045
262,0.21713485039802055,0.3345204086084871
263,0.2165822228497745,0.3344532309985299
264,0.21606274177085563,0.333898872748143
265,0.2154514606600812,0.3336201264951274
266,0.21483199887841695,0.3331632319851016
267,0.21427222131861332,0.3328564950259896
268,0.21375546321135938,0.3326043581557104
269,0.21334855579837014,0.3327034613582489
270,0.21288883057752495,0.33263851641684794
271,0.21245215582860916,0.3326381041076624
272,0.21197233393488613,0.33221843273557355
273,0.2114557222249729,0.3321944063347504
274,0.21105478107485193,0.3324396998185079
275,0.21044412650295602,0.33179775030809233
276,0.2098991095220477,0.33168135795168113
277,0.20950924347774366,0.33149921940816024
278,0.20903078525858834,0.3312842924021217
279,0.20854974983975583,0.3308241280367016
280,0.20802242042802538,0.33067239427563466
281,0.20751291592074647,0.3302538030701732
282,0.207088251862983,0.3301504616337476
283,0.20669736076532122,0.32991045052532825
284,0.20626963156793263,0.32991292691402313
285,0.20575727435970886,0.3296209093387426
286,0.20544534820257537,0.32968574763349234
287,0.20510436373947571,0.3297922705918588
288,0.20472949761217393,0.329543405765193
289,0.20420731931947023,0.32948056525979075
290,0.2036348262754125,0.3291332432656216
291,0.20327356235691474,0.32886248300745224
292,0.20279725660993883,0.3285720259004737
293,0.20240284789280527,0.3283446320890355
294,0.2017134425508079,0.3282146247147316
295,0.20117890533047808,0.3280884149541436
296,0.20080230163601334,0.32807594751104546
297,0.20019367063403692,0.3279346916297408
298,0.19972455231248518,0.3280660231821421
299,0.19933090344171298,0.32799560281138235
300,0.19897250752495513,0.3279079347060723
301,0.19862814037615412,0.3278762237172943
302,0.19833342110271457,0.3278244415525401
303,0.1978351968725177,0.3277237275349251
304,0.19738807137162862,0.3276302215042552
305,0.19706481545312488,0.3272293405805017
306,0.19659038393327843,0.32687027931202617
307,0.1960682726199437,0.32647667212893344
308,0.1956511099628784,0.3263924523345646
309,0.19531060069954836,0.32645037904668983
310,0.19481455683264154,0.3261032646145509
311,0.19440344469457577,0.3259798442128502
312,0.19392187875074104,0.32572442084081327
313,0.19347937024902226,0.3252858365325085
314,0.19309546158313456,0.3249926750442467
315,0.19274273282552967,0.32489656218304186
316,0.19217945152427884,0.3247775720445307
317,0.19168772760465064,0.3246088379713447
318,0.19124193613512036,0.3247254247404822
319,0.19091948473500886,0.32451646285364255
320,0.1905105046008401,0.3243893179474891
321,0.19010662668975967,0.32403979437370817
322,0.18970540719468038,0.3236613698332984
323,0.1894387958387687,0.323118304649901
324,0.18917642319345995,0.3231244242371439
325,0.1888230288383207,0.3230821353051209
326,0.18840841960827057,0.32278929670555434
327,0.18801712451966607,0.3225673571204676
328,0.18768136462680987,0.3224837828666922
329,0.187276573448833,0.3223614388756181
330,0.18680386377351882,0.3224321034656795
331,0.18654496651785765,0.32222688911562203
332,0.18609868893633416,0.32233846045835846
333,0.18573627171347387,0.3223958937956919
334,0.18529120693919912,0.3226974908705688
335,0.18495939208714046,0.3226345194486495
336,0.18462281723175802,0.322598651297402
337,0.1842603060486952,0.3227814055475412
338,0.18379188405762897,0.3225365546378817
339,0.18339980590319793,0.32237751263774794
340,0.18302857393303135,0.3220517256929435
341,0.1827121981085901,0.32197498239789163
342,0.18232950448864058,0.3214373908742253
343,0.18195553916002996,0.3209886962417143
344,0.18150418955737438,0.3207772848284463
345,0.18102414992612262,0.3205544009485812
346,0.18074285088193484,0.32045769541176683
347,0.18032828982626203,0.3202498106664694
348,0.1799875819023679,0.3197857339010785
349,0.1797121433716481,0.31975709790330586
350,0.17936750202038934,0.3202383208598966
351,0.17911716909333972,0.3202572659482267
352,0.17873886203555692,0.32019449395447064
353,0.1783939674450397,0.32015698280936405
354,0.1781548217442215,0.32008435488996906
355,0.17784925507761304,0.3199138201631299
356,0.17746452298103238,0.31956421117556083
357,0.1770396381968122,0.31921286325216897
358,0.17670043985916037,0.3192912807891407
359,0.1764307407944884,0.31931396871423817
360,0.17598208394257742,0.31913865475528946
361,0.17551716160249342,0.3188216795328795
362,0.1753207855833163,0.3186421536328504
363,0.17502342405291202,0.31829877567040893
364,0.1747716201840721,0.3183537059108111
365,0.17442102258576778,0.31840875116956147
366,0.1740595224700352,0.3183027549199345
367,0.17376830668457136,0.3180944458112289
368,0.17332411772609202,0.3177094466385963
369,0.17286522116818262,0.3176337982479117
370,0.17245083379873513,0.31735319020254554
371,0.17224030304114563,0.3174273272750978
372,0.17185431028255346,0.31736057126219464
373,0.17152080630690697,0.3173259066675789
374,0.1711308790094686,0.3170720631374478
375,0.1707034096795245,0.31710940955881056
376,0.17035298673970278,0.31692215245833627
377,0.17007295261612446,0.31683084373056636
378,0.1697434140774018,0.3171003308606631
379,0.16940271391861486,0.31693471059958367
380,0.16920402119695208,0.3170442805165089
381,0.16881974307051922,0.31672552954400024
382,0.16843618146348063,0.31653017794274496
383,0.1681581718349001,0.31642375649661053
384,0.16796374721820312,0.3164322751505752
385,0.16761987402698436,0.3165159193931368
386,0.16718638020696874,0.31624767886195143
387,0.1669712090249138,0.31620875429651485
388,0.1667755953079496,0.316170135416789
389,0.1663595933493977,0.31611346252450717
390,0.16609183304531716,0.3161355082200273
391,0.16585981812922926,0.31612395714367003
392,0.16556823642719523,0.3160823464811104
393,0.16522084335653842,0.316368607886053
394,0.16480888009463585,0.31603908588872465
395,0.16460658316987306,0.31597308735953156
396,0.16444619713933467,0.31592856488155546
397,0.16420784611407568,0.31601748562546644
398,0.1638480301290521,0.3158878821995402
399,0.1635100267039344,0.31558214295034576
400,0.16318159481602565,0.31561274054892735
401,0.1628955270792537,0.3154408011887588
402,0.16251214479771772,0.3153879321278052
403,0.16227888718232614,0.31534388451061035
404,0.16203779178094058,0.3154092274566136
405,0.161702154725531,0.31538299410386245
406,0.16146744848470668,0.3154413135707136
407,0.16107972775525126,0.31521291867185813
408,0.16073127358278566,0.315123196687957
409,0.16053257458724188,0.31495970873736095
410,0.16016538702885832,0.31477006803099267
411,0.1597299496276683,0.31481719775482336
412,0.159436041819959,0.3147497938654386
413,0.1590661127541167,0.3144920600702748
414,0.1588011388487694,0.3144261900784809
415,0.15846171472818288,0.3143725217101859
416,0.1582009314728458,0.3141146122702149
417,0.15793644060268128,0.3140156686431082
418,0.15764521365059733,0.31411634216171225
419,0.1574151531409501,0.3142822626752788
420,0.15718867111815127,0.3141921544225747
421,0.15688657700952566,0.31407251907436173
422,0.15658044038367738,0.3140760951859437
423,0.15635306457335582,0.3139965351543351
424,0.1560509351998205,0.3140129880019537
425,0.15576689302651173,0.313973291654985
426,0.15547062319881247,0.3137671456977131
427,0.15521729974340262,0.3137204449832707
428,0.15494310624873428,0.31365435975926614
429,0.15461364942032735,0.3135090059141019
430,0.1543478636431404,0.31344518022034884
431,0.15410197935378636,0.3132097117903547
432,0.15390542394319479,0.3132456148235036
433,0.15362203783726378,0.31333706855964744
434,0.15340741374558806,0.3135416346260253
435,0.1532171982961936,0.31359741677238384
436,0.1529566771247886,0.31348121681834956
437,0.15272072420497376,0.3132540537246455
438,0.15247917507396078,0.31303243439101636
439,0.1521846509994423,0.31298719837717587
440,0.15190402371658562,0.3128951234515042
441,0.1516303468725952,0.31319079870072986
442,0.15132195851089109,0.3130562482699373
443,0.15112166110031178,0.3130433188446036
444,0.15082269330211362,0.3129222609519663
445,0.15054246962166673,0.3127710055712908
446,0.15043244117915794,0.31276182373655664
447,0.15029459674607917,0.3127480617935266
448,0.15007474241343005,0.312668167966048
449,0.14981588803792315,0.31270726419221356
450,0.149539092264705,0.3127503654150459
451,0.14938643141593003,0.31279628321731134
452,0.14916743132925697,0.3128343099518622
453,0.1489920660627667,0.31274813733733375
454,0.1487703881713765,0.3127695103146727
455,0.14857630778926462,0.3128562260571967
456,0.1483890902993843,0.31289221406408224
457,0.14822343886749662,0.3129124157536772
458,0.1478452332741515,0.3130197780285685
459,0.1475369395220549,0.3129405535733208
460,0.14729805945006885,0.3126480209722113
461,0.1470594327135494,0.3121315386448424
462,0.14672700500452018,0.312142567009022
463,0.14650936073479978,0.31228776710708633
464,0.14626042170092549,0.3121468017108539
465,0.14599572166778296,0.31214824696586474
466,0.14576366638497854,0.3122294482013233
467,0.14549332826049327,0.3121817771416466
468,0.14530184302365243,0.31210351411284804
469,0.1450295697130783,0.31232569708116226
470,0.14479366689180362,0.3126143751049499
471,0.14459111662694885,0.3125697674413451
472,0.14433159569830167,0.31265106756030137
473,0.14413401890043767,0.3125525887493958
474,0.14394666087451277,0.31229656533470157
475,0.14378414195662756,0.31226575292601605
476,0.143612595181149,0.3122645150739148
477,0.1433247152428222,0.3120647458784166
478,0.14308903495005676,0.3119377557227987
479,0.1428437920924168,0.3120207188766386
480,0.1425623263824229,0.3119730150696981
481,0.14235153517782734,0.3119792594517534
482,0.14205458674691793,0.31201988250745016
483,0.14177248125184935,0.3118590231117093
484,0.14154589729744832,0.31172106852791875
485,0.14137937251209237,0.31161774721828234
486,0.14119587698222866,0.31158937040521745
487,0.14100672191955743,0.31153181257831464
488,0.140840083301467,0.3114570985392441
489,0.1406050949811432,0.3113406909133122
490,0.14037856378118216,0.3113019479868305
491,0.14012773448672133,0.3110362905091765
492,0.1398850859686092,0.31091398307709367
493,0.13964617681956215,0.3110034046121356
494,0.13936738837403964,0.31093316826357537
495,0.13913390993875843,0.3110535509637851
496,0.13895519942541054,0.3111599885076897
497,0.13877106716045529,0.311175324845343
498,0.1384762922028528,0.31142645015987985
499,0.1382867424398002,0.3114482822828537
500,0.13806602328660503,0.31165183834568894
501,0.13785958363088774,0.31140022242528226
502,0.13767790983643577,0.3114096909664096
503,0.13745210227619664,0.3111723327148265
504,0.1373082999244558,0.31108172195358536
505,0.13701249554527584,0.31102817878952915
506,0.1367776961749693,0.31107726816744596
507,0.13653312479928673,0.31099617592090845
508,0.13635914570249308,0.31090223724007343
509,0.13621511165471714,0.3111041627288376
510,0.1360665958107391,0.3111372445830441
511,0.13586467387756462,0.31087096579468404
512,0.13558032289554411,0.31097621427194905
513,0.13537672980935278,0.3108706486109108
514,0.13517708496658004,0.31074485219120107
515,0.134941947831686,0.3107543232546503
516,0.13473570197154608,0.3104895259638075
517,0.13457869417430718,0.3105671956533516
518,0.13440423664367018,0.3104858486601889
519,0.1341620619312347,0.310550205352497
520,0.13400173459321385,0.310550791991987
521,0.1338123770272033,0.3105831941089575
522,0.13359310471774005,0.31034307309531955
523,0.1333996500567375,0.3103431306146877
524,0.1332575372559707,0.3102642358077743
525,0.13304070659631206,0.3100272399962004
526,0.13279068442063857,0.3098824535293835
527,0.13238807978547476,0.31006753895517075
528,0.13223000219254125,0.3102338294756242
529,0.1320695779830965,0.3103018593462284
530,0.13192756295385477,0.31032452858238085
531,0.1317188211186873,0.3102580653583755
532,0.13148566980034238,0.31026416235490756
533,0.13135427108803693,0.3102415853220609
534,0.13110334471770987,0.3100058414959515
535,0.1309275818146397,0.3098970649614227
536,0.1307477275298611,0.3099625592375992
537,0.13048494698885418,0.309879206479556
538,0.13029032181518263,0.3096222135586563
539,0.1299928350479099,0.30947056217668373
540,0.12980671689887482,0.3095483725845719
541,0.12964336785180475,0.3094712598795609
542,0.12936760718662033,0.3094713742515017
543,0.12914792981774895,0.30937796950370605
544,0.12896966046313954,0.30954854310332497
545,0.12879646198719052,0.3094879808188345
546,0.1286223781308303,0.30922357418898383
547,0.12836927975067022,0.30927025969453187
548,0.12819851510391392,0.3094887143630426
549,0.12806811495257395,0.30955571135583626
550,0.12788564752512604,0.30940279566906165
551,0.12766835087947762,0.30935066813264306
552,0.12741454607807792,0.30939656678904287
553,0.1271730475127697,0.30932032494378076
554,0.12697473337199897,0.3094297859730603
555,0.12672105549041646,0.3094724144864399
556,0.1264506112816525,0.3094536988221749
557,0.1261740165880782,0.3095748799890458
558,0.12599892541303628,0.30971817860753514
559,0.1258598527350022,0.30971261606471284
560,0.12571608265276757,0.3098622336788694
561,0.12551651281164278,0.3095809931875533
562,0.12543209248458537,0.3095585954599059
563,0.12523397176010986,0.30948991986484875
564,0.12504057303674174,0.30944015633420124
565,0.12488375224315532,0.3093758598625294
566,0.12466858299913938,0.3091346787931558
567,0.12439462773525925,0.309288623988261
568,0.12421708152823008,0.30921884820880785
569,0.1240586865483338,0.3092916511668522
570,0.12391700855101756,0.30923041458431755
571,0.12374858781214325,0.3092067476172204
572,0.12363196170475099,0.30924585649012876
573,0.12345854860878713,0.3092574934019102
574,0.12322063493371928,0.30951919319957766
575,0.12308852135143418,0.30947798714363045
576,0.12287960977920061,0.3094300263151993
577,0.12275531369871764,0.3094395537471811
578,0.12264896382820319,0.30946370288390634
579,0.12250920021751545,0.3095293375469193
580,0.12237790979487534,0.3095189643747312
581,0.1222351577992338,0.3096159989705256
582,0.12201886179967734,0.3096648030570878
583,0.12178009327918268,0.3094575829490913
584,0.12162287669639775,0.30942957638289215
585,0.12145946566723168,0.3092603758004365
586,0.12122620388158711,0.30934558312996024
587,0.12108003943307483,0.30943124200244515
588,0.1208598959820055,0.3093189912293261
589,0.12070595558713322,0.3092548934647415
590,0.12050400660189411,0.30906299309974483
591,0.12030376208266638,0.308823898305735
592,0.12016447555983306,0.3089431107346933
593,0.11998836079398219,0.3088798409333391
594,0.11988735874004242,0.3088606089714064
595,0.11970854089911061,0.30878660500133615
596,0.1195203498845838,0.30844074537631144
597,0.11939111035127542,0.3083426858375854
598,0.11925103405302265,0.30833989158762565
599,0.11912507577890612,0.30828280139542574
600,0.11889493353674126,0.30808970192635593
601,0.11871330072603303,0.3078912044743952
602,0.11852385373640392,0.30782252996767184
603,0.11841124166677393,0.3079591588322557
604,0.11827742452782941,0.3077797221984216
605,0.118150568376419,0.3078277498136684
606,0.11805170440599082,0.3078662538063772
607,0.11777978853456933,0.3077954112036203
608,0.11762497746525552,0.30768963862451515
609,0.11744373329474075,0.3076088614717887
610,0.11730878483684447,0.307379444219849
611,0.11717883197658702,0.30744601579441566
612,0.11702553546211102,0.30739204549717364
613,0.11689822720551064,0.30740178487129005
614,0.1167201085868591,0.3074760830065487
615,0.1165549630571646,0.30748530298736326
616,0.11632759119877752,0.3076082698853705
617,0.11616052889390237,0.30760476083636146
618,0.11603078890711195,0.30747312423856443
619,0.11583786026875553,0.3074760846428613
620,0.11570608825497986,0.3075270693342017
621,0.11558789672916985,0.30761770164164476
622,0.11543241234809375,0.3076555971780578
623,0.115261734171181,0.30787045278357517
624,0.1150405435906855,0.30783088220381705
625,0.11484098202623622,0.3077963699716064
626,0.11458574089461945,0.3079128277415207
627,0.11441541122337828,0.3076813005691627
628,0.11423729068056389,0.30760778886405504
629,0.11408344264365852,0.30797875599763497
630,0.11394117571004632,0.30800565761431814
631,0.11369405331995282,0.3080995396711396
632,0.11360223808536052,0.30809256595661166
633,0.11348436594745762,0.308063772537192
634,0.11339184295396251,0.30807630336042097
635,0.11329161850511214,0.30808511665505134
636,0.11310645698601861,0.3080350477467052
637,0.11300483148851227,0.30803305516453294
638,0.11287282228466149,0.3079322504375261
639,0.1126943901606757,0.30791256452779037
640,0.11262293089748258,0.3079255517505079
641,0.11247735229180443,0.30827564596187595
642,0.11227292669157636,0.3082955624021974
643,0.11214935109167291,0.30825553404947253
644,0.1119462670048369,0.30831197546287914
645,0.1118120391144775,0.30831387208296673
646,0.11168283368140526,0.3082685040877649
647,0.11161017036405425,0.30822379057978544
648,0.1114897968218393,0.30823483294055704
649,0.11139134035210085,0.3083280135815677
650,0.11129200775273419,0.308358459743159
651,0.11119380010500539,0.30833769367056596
652,0.11097947685989251,0.30844337115108483
653,0.11087646591517568,0.30848632897497075
654,0.11070772650903024,0.30876401337464965
655,0.1106039099015993,0.3089441604418555
656,0.11046934015688127,0.3088877111737993
657,0.11033186515752039,0.308894037721144
658,0.11016775685983939,0.3089671079111282
659,0.11001638015665101,0.3089449101420208
660,0.10986014473410881,0.3087395883129055
