0,0.6686837727489352,0.6695059429349731
1,0.6482315781744354,0.6504273878415971
2,0.6294611513592453,0.6323417612328083
3,0.6120712451538733,0.6153632614771082
4,0.5961331100655691,0.5998818130479766
5,0.5827701049878812,0.5875970950171542
6,0.5705401846218086,0.5756667375935837
7,0.5583798792985641,0.5644544918562068
8,0.547139091477786,0.553009340697454
9,0.536394114792717,0.5426382400380468
10,0.525153749458897,0.5316895623746968
11,0.5171179245164799,0.5241662239202614
12,0.5103167469666677,0.5177957656717128
13,0.5037246050744664,0.5116937124172997
14,0.4972335825657353,0.5053171419787755
15,0.4904774995930058,0.4990784911768587
16,0.48449508557551724,0.493079802329509
17,0.4797336202950166,0.4881754119743946
18,0.47451912727727763,0.4839648567351627
19,0.4693647213141439,0.4789956325293517
20,0.4655803081479829,0.4756602199877546
21,0.4605283947138387,0.471936564569371
22,0.45756648347310874,0.4694354797542818
23,0.4543348625690848,0.4670088935419607
24,0.4502222121709151,0.46381927523084954
25,0.44634247914804015,0.45976810563562226
26,0.44394627116899915,0.4575621570137031
27,0.44023757031812305,0.454377603950631
28,0.4374500594261653,0.4521538180763984
29,0.4344694115608183,0.4500447417500085
30,0.4319411129950885,0.44773002494446834
31,0.42842305253479773,0.4441826144239907
32,0.42646132439175105,0.44247838308500353
33,0.4238876628578227,0.44019211853852935
34,0.4214334432817376,0.43807399438087996
35,0.4184405899111497,0.4361610158729144
36,0.4166383340840071,0.4346099389636773
37,0.4147949263745808,0.4328995650428535
38,0.41249739050287926,0.4308463840241263
39,0.4105834114527862,0.42865907172631335
40,0.4086796249338614,0.4272479760741396
41,0.406695147624287,0.4257815644124309
42,0.4039110835259565,0.4237094756542995
43,0.40220829791560314,0.4223700843208804
44,0.39972273294582894,0.4200195643458712
45,0.3979684995056708,0.41816132165977715
46,0.3952212831741354,0.41603683368693517
47,0.39353548333711175,0.4149648285559543
48,0.3920532948889536,0.4138413758977542
49,0.39026318594484016,0.41258510511312774
50,0.38899899216570927,0.4116941563431113
51,0.3874175452252816,0.41086196356698496
52,0.38588372589097536,0.40933340455414774
53,0.3849115256938888,0.40838075620461645
54,0.38404570692173745,0.4078733712847563
55,0.3825657485727788,0.40647420523279976
56,0.38115126831280793,0.40578815303690324
57,0.3801926539302879,0.4050375346485958
58,0.37896480250882547,0.40404931792182996
59,0.377649779766169,0.4026782114268011
60,0.37674542950516693,0.40168360938242836
61,0.3752043825063807,0.4006269713317959
62,0.37400932076819815,0.39944120557192503
63,0.37235150246450555,0.39823958215011906
64,0.37146650274523085,0.3974639021976481
65,0.37024104966140725,0.39625933990097867
66,0.3691814431047836,0.3951577099728208
67,0.36832657118744433,0.3946439354566071
68,0.36650666710325114,0.3932235067673204
69,0.36558667395512756,0.392258241311043
70,0.3644178911233203,0.3917423228332137
71,0.3630646613944782,0.39058130659430357
72,0.3620168064497291,0.38977616540241916
73,0.36069779978708444,0.38829613188132056
74,0.3597999118344346,0.3877968378698778
75,0.3585055509800943,0.3868230746431836
76,0.3575177442792156,0.3858166336189989
77,0.356500271362719,0.38454021499554725
78,0.3552852566126176,0.38346993560273596
79,0.35396823783407205,0.382280929896601
80,0.35287681759062434,0.38168875552362563
81,0.3515127626473654,0.38065364555563075
82,0.35079292545054847,0.38026829467753487
83,0.3495433852021026,0.37961959791759675
84,0.34844389675138365,0.37880041498447636
85,0.347270247241774,0.3777868543215817
86,0.34633598969900076,0.3766849435720442
87,0.345199483285582,0.3754343305908756
88,0.34395938577199353,0.3746178453298803
89,0.3428333286933281,0.3740061652702973
90,0.34185658488168236,0.3735311762515204
91,0.34084540873077684,0.3734366229824773
92,0.33964856833530355,0.3724561780704284
93,0.3383806799858742,0.3710285025769147
94,0.3375471808628702,0.3701901917456542
95,0.33663684887169076,0.3694351820030208
96,0.33591798409127643,0.3687978794533651
97,0.33500648065494903,0.36837867405179375
98,0.33438106453652594,0.3678044426723284
99,0.33360672087357957,0.36734187677302604
100,0.3328841962891594,0.3666024362958406
101,0.3319035196125966,0.3659962127650744
102,0.33083871989028757,0.36521347497566015
103,0.33019768766205926,0.36484740464670107
104,0.3292054369479514,0.36397203646228055
105,0.328517407972596,0.3634708691242707
106,0.3277961489711413,0.3630742572045871
107,0.3271009859399787,0.36262501215795306
108,0.32631469935156554,0.3623168049276549
109,0.3257897534725208,0.361915491437042
110,0.3251495512300903,0.361580112413815
111,0.32403764054308704,0.3608711242610741
112,0.32342782882667814,0.3603893929617594
113,0.3227321043562469,0.3600106064550622
114,0.3221174592907564,0.35952020187595213
115,0.3212481124457485,0.359025730744565
116,0.32042881536711704,0.35830325716418415
117,0.31963116130189145,0.3576484931007249
118,0.3189300244111176,0.35712357000581746
119,0.3180601447247115,0.3565773485061109
120,0.3171686173310521,0.35615280598976823
121,0.3164524425691637,0.35565189244335027
122,0.3158613361357192,0.3552063294916333
123,0.315101145787721,0.3546195072659323
124,0.3144596765358542,0.3540505621279029
125,0.31382222859008985,0.35362591022662815
126,0.31304075413316246,0.3530525014786751
127,0.3125658693952569,0.35287864559609594
128,0.3115703368206562,0.35182256078357094
129,0.31096625906977965,0.35169766273847086
130,0.31003948266201437,0.35122415055884976
131,0.30945477191093307,0.35072618782067616
132,0.30895478496531975,0.3505272754195159
133,0.30821032814638977,0.35015995594925825
134,0.3074771823171412,0.3499754093900792
135,0.30656807730633506,0.34954344370091794
136,0.3058362526424564,0.34908196413627207
137,0.30513849975562046,0.3484098458891309
138,0.3046203207188529,0.34828716055866626
139,0.30397390358581095,0.34814470759851157
140,0.3032785688471655,0.34767352824065817
141,0.302533016535716,0.3472975591465103
142,0.3018374662871304,0.3469124791718691
143,0.30131456525850625,0.3468381876468844
144,0.3006424636929036,0.3468555953479429
145,0.3002365824109883,0.3466843641606358
146,0.29957690196880077,0.34638668699880915
147,0.29916005091973413,0.3458657495495095
148,0.29819288812827494,0.34508180771874575
149,0.29746200279907403,0.3446550321408062
150,0.29651625777278134,0.344288493752743
151,0.29582875031494077,0.3439176866090335
152,0.295283340936171,0.34346306540789234
153,0.2943700929455642,0.34310543614141886
154,0.29360255843242583,0.34311839452169623
155,0.2927332723206582,0.34214802091223756
156,0.29172189163771667,0.3414405969934151
157,0.29106793629141076,0.3409953302111096
158,0.2905416379145943,0.340633753535403
159,0.28979018335384443,0.3401428869970479
160,0.28899165208867506,0.33985089576006894
161,0.28787857546629014,0.33896706644890057
162,0.28744977312904896,0.3388375704653267
163,0.2864786652246361,0.3382235373572424
164,0.28562265526580105,0.3375670270497907
165,0.2849915764489525,0.33724644264360804
166,0.28441389426237484,0.3366479070707398
167,0.283814940609913,0.3363853584213594
168,0.2829235179203155,0.3360086223636089
169,0.28230911950845117,0.33535941651603485
170,0.28159124692908905,0.33473193575253063
171,0.2806776387194694,0.3342812820140837
172,0.2801080331500497,0.33396023867929014
173,0.2788451149789577,0.3331043999766385
174,0.278050425798922,0.33245528434455146
175,0.27742828451872226,0.3320753805240498
176,0.2767162859043916,0.33162072942667475
177,0.27613210505110947,0.3316871893193523
178,0.2753835131247952,0.33107431885148897
179,0.27464246440624257,0.33049850567306843
180,0.273565577995749,0.3297624478453155
181,0.2730312064874696,0.3294409031294326
182,0.27242055203398374,0.3291000397298997
183,0.27162714216507544,0.32854561281155376
184,0.2710461209731434,0.3282633687808826
185,0.27036929306689106,0.3280264001705053
186,0.26943178151588243,0.3275753924698378
187,0.2686463919028118,0.326647019205713
188,0.267877607155607,0.3258628424295663
189,0.26695360231109433,0.3245189384719215
190,0.26617719360419323,0.32431400522020676
191,0.2657073556115055,0.3242508578065147
192,0.2650715654180738,0.3240176001863973
193,0.26448159533600696,0.3235799379076323
194,0.26375833762703715,0.3231981040046198
195,0.2631644027389499,0.3230886815790706
196,0.2624906766174492,0.32248126775328156
197,0.26193575927932655,0.3222481798604472
198,0.2613629622721172,0.3221079040906951
199,0.2606711755140132,0.3216242129372558
200,0.2600623756186421,0.3213079855290564
201,0.25945269228459916,0.3207842039650013
202,0.25887283532405453,0.3205617038308528
203,0.2576759168177451,0.32003649918940846
204,0.2571043495994467,0.31997070909477116
205,0.25630161505417315,0.3196441710948333
206,0.2556926436122828,0.31958981910840906
207,0.2548796726797291,0.319175494500295
208,0.25427875083068446,0.318602200736212
209,0.25335620926391966,0.3177592408251205
210,0.25265268191347384,0.3178010544282201
211,0.25197694773099133,0.3173204302050185
212,0.2512850551115525,0.31705477995937503
213,0.2506065074449693,0.3167830831248088
214,0.24985395464051707,0.3161826443043296
215,0.24945094534095358,0.3159327925292293
216,0.2486339716001631,0.3151177890023616
217,0.24814881690296103,0.3150505602640564
218,0.24746515185218132,0.3150734441159722
219,0.2467111550624891,0.31435624757135205
220,0.24622392983006755,0.3141438633908656
221,0.24543993149405086,0.3137366346333077
222,0.24482662458021795,0.3132618081603132
223,0.24440996902979778,0.3131995168297475
224,0.24402128925039598,0.31312031185901984
225,0.24358049572635324,0.3125690700313892
226,0.2429003381469364,0.3122582966409144
227,0.24232254759113664,0.3120458862174043
228,0.2415270384531519,0.3117386227990614
229,0.24089699165827588,0.31121667179364704
230,0.2401091837554778,0.31079834922190236
231,0.2395102970657335,0.3104569068711079
232,0.2389272782865561,0.31020581479757614
233,0.23834755168619481,0.30978140844892826
234,0.2377833151287437,0.30981827542040186
235,0.2372768224738048,0.30964914559963896
236,0.2367139113583605,0.30930438709821034
237,0.23609146976351797,0.30918917371763566
238,0.23535645023535967,0.308728068649976
239,0.23490087798146034,0.30866812109103753
240,0.23446295461181468,0.3087032019239431
241,0.233805526567839,0.30865832573568064
242,0.23330931197403235,0.30864538053705054
243,0.23265377040429774,0.3084116529401139
244,0.2321001299776494,0.30816467684631105
245,0.23167135626603097,0.30803263442025663
246,0.23120756710222468,0.3077481473833139
247,0.2308456487907409,0.3076148261252091
248,0.23046202929045237,0.3073828133377989
249,0.22987746632525427,0.30684084128763317
250,0.2293781676323428,0.3065729928586672
251,0.22877210918522545,0.3063735077225644
252,0.22829632968568966,0.3061723563692813
253,0.22783891501440315,0.3059142193151969
254,0.2271767113221796,0.3056052350099763
255,0.22668640845880073,0.3053514182708528
256,0.22626465749571867,0.3052829855380142
257,0.22585975829264884,0.3051489966883856
258,0.2254889789364653,0.30490310030212464
259,0.22487657786670057,0.3045350906453972
260,0.22452228867129945,0.3041625762694413
261,0.22412758732969895,0.30385834202491885
262,0.22347537052836375,0.30352762415178314
263,0.2229128510420409,0.30379006911666434
264,0.22237173026797197,0.30357532921253993
265,0.22181194711236968,0.30330562389264953
266,0.22132487943835846,0.3032693276770262
267,0.2207563593687625,0.3031219076159088
268,0.2202372538873582,0.302768254530342
269,0.21973080290257116,0.3025411081755985
270,0.21919794801760467,0.3022131445067745
271,0.21873287486825033,0.3022559439628804
272,0.21805919503489232,0.30178895269015166
273,0.21768910555492302,0.30166218933982686
274,0.2172011489972291,0.30135818598713615
275,0.21670475114171162,0.3012438307037901
276,0.2162736273362126,0.3009857473880323
277,0.21579147190658543,0.3007512441464197
278,0.21523254520789636,0.3002760142045843
279,0.21474804857901642,0.30020494052135654
280,0.2142564179091306,0.3001531836593077
281,0.21396227284659072,0.30007518995718796
282,0.213635147321874,0.29979140781542807
283,0.21317571905208693,0.2995227926008558
284,0.2127890107967746,0.2993918400917945
285,0.2124228639033701,0.2992107908254144
286,0.21205140882282006,0.2990123009519204
287,0.2116543144711067,0.29886618949472127
288,0.21131571099672744,0.2988210557467907
289,0.21076218952034673,0.2989841513101024
290,0.21035502549711368,0.2988018114368158
291,0.20997770287250064,0.29866554746765817
292,0.209587191621238,0.2984980627737086
293,0.20903991145662998,0.2980371705017012
294,0.20851261425427564,0.2978774163881884
295,0.20790572987875394,0.2976214657858814
296,0.20726863983283128,0.29718285812408685
297,0.2066598593937069,0.29673464180287
298,0.20613541552875128,0.2967749670606248
299,0.2056428801054646,0.29626923527737475
300,0.20519903191553324,0.29594940637092526
301,0.20463859547426366,0.29572552393078516
302,0.2042956527244824,0.2953780727227109
303,0.20390132838050248,0.29528243436355184
304,0.20346097555913462,0.2952380670044591
305,0.20306572706933748,0.29498777194449777
306,0.20253933158982754,0.29452385260774294
307,0.20215199877484163,0.2944123066666262
308,0.2017019309541976,0.29408534770233935
309,0.20132326373845702,0.29407666790356896
310,0.20105472408875227,0.2938822792331858
311,0.20072368200778637,0.2938139143880002
312,0.2004024652342828,0.29368630786909117
313,0.20004647355670072,0.2935937241865764
314,0.1996827941898535,0.29341719155495005
315,0.19930212757417662,0.29327308591249784
316,0.19884985754775636,0.29313777431858173
317,0.19850349174324458,0.2930796008786366
318,0.1982330172474172,0.292953058447753
319,0.19789673015845305,0.2929115497033365
320,0.19750939625279984,0.29288668177659777
321,0.19715743250765605,0.29271864506606293
322,0.19674881646071515,0.29244288466256946
323,0.196336272726983,0.29235800702250214
324,0.19594168000021286,0.29210873098304535
325,0.1954943793991163,0.29182865087609183
326,0.1950436684261126,0.29157765723384726
327,0.1947491593540514,0.2914212320721659
328,0.1943135871851425,0.29113193962865913
329,0.1940512687656108,0.290825727425157
330,0.1936935631751178,0.2904370196551664
331,0.19336339305676492,0.29026400201988184
332,0.19288661997966045,0.290273546954795
333,0.19252013046269473,0.2901427412457643
334,0.19220087598978747,0.28997759813997753
335,0.19184482588426022,0.28997291741585013
336,0.19144168497889547,0.28976506603826013
337,0.19105324364906287,0.28962152797524093
338,0.1906819317470436,0.2897389653858065
339,0.19023542698109183,0.2895008306909489
340,0.18983127960904245,0.2893249035802922
341,0.18949429260445183,0.28928821684133815
342,0.18910193366701858,0.2891763996408882
343,0.18869227146892179,0.28939373364112664
344,0.18840655511388982,0.2892346161836386
345,0.18809385334891096,0.2890871564257182
346,0.1878696561390675,0.289022663280386
347,0.18756948270297744,0.2886681114685232
348,0.1872074528501781,0.288464600849335
349,0.18673892910836248,0.28815689271250833
350,0.1862189612828467,0.28824079148088144
351,0.18596191868752146,0.2881751357282127
352,0.18564612749174908,0.2881451720846997
353,0.18527145885108703,0.28786717053860367
354,0.1849628162653786,0.28767750734034525
355,0.1846278191273299,0.2875402363359869
356,0.18424529565055583,0.2874612248881007
357,0.1839118860393711,0.28705847467625834
358,0.1835173753915604,0.2868691173100262
359,0.18314851520512265,0.28679749500906415
360,0.18290712131982426,0.28686805061852044
361,0.18244537360770088,0.28674340388200364
362,0.18221883874998027,0.2868079797220781
363,0.18195919913887562,0.286594496885663
364,0.18161011457273024,0.28651582882016724
365,0.18123257672078844,0.2864964724742341
366,0.1809969802280906,0.2863016554150063
367,0.18063773691648655,0.28607076060937453
368,0.18021555685814955,0.2856543788718072
369,0.17978579022484292,0.2855092460608687
370,0.1795589866938575,0.2854885024682853
371,0.17923635266340116,0.28534104397895843
372,0.17897011598871398,0.2852309173180174
373,0.17857301712261853,0.28508811846950827
374,0.17825634063154214,0.2850636460294918
375,0.17793735528056265,0.2848299812058975
376,0.1776267791262647,0.2846485296734568
377,0.17732521990253533,0.28454861512873025
378,0.17703371989046532,0.2845101175632035
379,0.17679950733663782,0.2843942899239518
380,0.17642594815625248,0.28415074586948247
381,0.17610558399549928,0.2841020232075968
382,0.175781576705739,0.2840059082847469
383,0.17552228723676944,0.28393899219784346
384,0.17520852234868575,0.28382995828533314
385,0.17490860272586523,0.28372777777269925
386,0.1747020787201213,0.28384218318968324
387,0.1743758431521781,0.283869765748986
388,0.17406698404310625,0.2837764250468492
389,0.17387302092808202,0.2838790475291874
390,0.17363737953994687,0.28400048167044367
391,0.17325885544769487,0.28393315740200487
392,0.17299434149590176,0.2841857631811828
393,0.1726624860162545,0.28421896217495946
394,0.17234160060857184,0.284124900128163
395,0.17195482934478912,0.28401363337242863
396,0.17165342646345463,0.28387388519912793
397,0.17140697478195308,0.2837319452791344
398,0.17110783479893166,0.2839973963857456
399,0.1707463463810454,0.2838774357162526
400,0.17047816966083304,0.2837670258111897
401,0.17021159925721244,0.2835198187444114
402,0.1699710537339296,0.28335357295157115
403,0.1697436554557689,0.28322779884018984
404,0.16944497692816632,0.2832122179056543
405,0.16922812477755123,0.2832368519430028
406,0.1689973365203719,0.28327936523085506
407,0.16869938226478226,0.283499828924969
408,0.16843015058204322,0.2832751200888341
409,0.16810270383082623,0.2831176993778984
410,0.16786016570138212,0.2828899128862737
411,0.16754346254584895,0.28290493600211875
412,0.1672648950252124,0.28297243468629896
413,0.1669693616805596,0.2828413934478427
414,0.16679292007807114,0.282836899001532
415,0.16655481698443392,0.2827930976246324
416,0.166400532502064,0.2827790754839074
417,0.16612646984815715,0.2826538073087191
418,0.16574710232270676,0.2824801429113803
419,0.16548527761468645,0.2824267068075379
420,0.16517911058706505,0.2823766882530592
421,0.16487169201962923,0.2824806472446948
422,0.16457389657130556,0.2823571534870686
423,0.16438130171877488,0.28231479332799064
424,0.16408629496014085,0.28239266756244336
425,0.16375287221931986,0.2824996633046048
426,0.16356469985390898,0.282484788500716
427,0.163283334229061,0.28232060595876535
428,0.16304015026360505,0.28228299816435803
429,0.16259127504973753,0.2820507235240828
430,0.16240200118388615,0.2820366894053774
431,0.1619994570668819,0.28175542673774456
432,0.16167038963653882,0.28168373645984524
433,0.16148604069997632,0.2817319463191549
434,0.16120740065366393,0.2814259093715454
435,0.16085877942870946,0.28154653411895464
436,0.16054298752155188,0.28147352043418095
437,0.1602894928563513,0.281617983826306
438,0.16002210435418907,0.2815380774797412
439,0.1597967655399108,0.28155488633431347
440,0.15959073036912805,0.28159867272118155
441,0.15935371495248635,0.28148145330371643
442,0.15911270634402797,0.2814508013578484
443,0.15884934272096746,0.2814497036746189
444,0.15853612345990478,0.28123418517691523
445,0.15833161056096298,0.28116529010994695
446,0.1580377758332827,0.28096625828007654
447,0.15779252135261213,0.2809545235222081
448,0.1576373359307079,0.28079748604819416
449,0.1574578748806397,0.2808136891187157
450,0.15713600750130502,0.2806323464518691
451,0.15690716572981472,0.2806836483953083
452,0.15670329794173896,0.280792730848798
453,0.15641458541161105,0.2806707309961585
454,0.1561153530253517,0.28049297121890954
455,0.15584735340559738,0.28035935685227675
456,0.1556481724495805,0.2803416110203707
457,0.15537952582590303,0.2804791733144314
458,0.15514349107944383,0.2805632228670958
459,0.15492122721871504,0.2806369274550641
460,0.15467427290910368,0.280485586608297
461,0.15452900090328156,0.28047267288580924
462,0.1543500551200898,0.28045173135364954
463,0.1541225492580985,0.28043736957598736
464,0.15392921984945948,0.2801888603727436
465,0.1536684800517568,0.28014431629867925
466,0.1533752420097534,0.280073851226167
467,0.15317621125268646,0.28008984709592266
468,0.1529338367210263,0.27985073578819053
469,0.15267490728651661,0.27979638099450416
470,0.15242946996215498,0.2797016505583698
471,0.15223114889208528,0.27957155399013134
472,0.15180982400757786,0.2793105152157235
473,0.15158567775798504,0.2793360865178222
474,0.1512738701852507,0.2790891632371127
475,0.15102523126666484,0.279087987588057
476,0.15076730508650538,0.2790263220406316
477,0.15058609076502943,0.27906040081820344
478,0.15021649513625834,0.27884097046044554
479,0.15003367500513357,0.27864928865852295
480,0.14977394972160285,0.2785890780481074
481,0.1495662990135104,0.27849920342933177
482,0.14932896121957107,0.2786471839921232
483,0.14918809708116262,0.27857938249155795
484,0.14893436455751785,0.27835062276912537
485,0.14875402082213848,0.27844556704895124
486,0.14854677547734238,0.2784100771032776
487,0.14838642496194737,0.2784949176177461
488,0.1481821757389974,0.27842084216107216
489,0.14787260972163221,0.27833596531395327
490,0.1477274280203345,0.2783810359505997
491,0.14750164493627943,0.27832370553556374
492,0.14730721600733,0.2780501320199621
493,0.14707866226659908,0.27799812876927515
494,0.14685739756050478,0.27792560571349045
495,0.1466165844689632,0.2781017567142023
496,0.1464089742200951,0.2779948045148726
497,0.14614519281467775,0.2781402221072335
498,0.14586413707209486,0.2781442699806082
499,0.14563137418302555,0.2782133772797667
500,0.14537428288741594,0.27808139160748085
501,0.14503131579558695,0.2778549509952954
502,0.14485384636866874,0.2780240116994432
503,0.1445514106332538,0.27788701202718763
504,0.14432253800554565,0.278039528647167
505,0.14407688254402148,0.2780693183559851
506,0.1438177053467168,0.2781222288320859
507,0.14357933954240698,0.2781847313131383
508,0.1433995973766553,0.27812497026294936
509,0.1432076974609797,0.2783218047066228
510,0.14304872861940082,0.2781749286657713
511,0.1428707904474468,0.27802763532278146
512,0.1426539804989036,0.2780730425933585
513,0.1424519031826404,0.2779439783519265
514,0.1422762649014929,0.27800061284579874
515,0.14203602959165318,0.2779663385982035
516,0.14176560658568377,0.2780948425443747
517,0.1415731058825341,0.2783940855825123
518,0.14136595756735035,0.27832899795473365
519,0.14118087877847138,0.2781850382546496
520,0.14100908798028938,0.2781223289712578
521,0.14079108907347848,0.2781598722108084
522,0.14058459544036772,0.27804688403291095
523,0.14034983633363146,0.2780417623617282
524,0.140203802788786,0.27803464336133393
525,0.14005772062968846,0.27802765871937
526,0.13979919134288368,0.27782352047903774
527,0.1396289057997274,0.27782130427291063
528,0.13944139073066078,0.27781038073167164
529,0.1392413520973212,0.27783261832556183
530,0.13897092708485695,0.277667361295295
531,0.13879673014970106,0.27766260103409796
532,0.13865410866965602,0.27765475461700373
533,0.13843863365211023,0.27777081316111174
534,0.1383269891968015,0.27778388919616387
535,0.13812266375850085,0.27784312542912193
536,0.1379394524728198,0.2778002033549108
537,0.13775405118453288,0.27809039400853236
538,0.13758717508866794,0.2780334182890445
539,0.13733262203861354,0.2780226477014207
540,0.13712008451653943,0.2782085675180406
541,0.13668907891847018,0.2780852934150896
542,0.1364804390324814,0.2778924793259365
543,0.1362885761907061,0.27781683160460424
544,0.13610391534156294,0.27788287249961613
545,0.13593237390656135,0.2778096022541534
546,0.135743102073107,0.27775376394717166
547,0.13560593859756262,0.2777172113424183
548,0.13541340086306625,0.2777586675214583
549,0.13528773876479225,0.2777899751607282
550,0.13501730132667633,0.2777315804248955
551,0.13481394338289932,0.2778771178652444
552,0.1347085969855161,0.2777944771259938
553,0.13454945112141703,0.27775523963818793
554,0.13430116745001083,0.2778971610975325
555,0.1341124494771212,0.27779642328661547
556,0.1339044024867635,0.277705397227635
557,0.13377901155021488,0.27771848802025445
558,0.13359880078373962,0.2776297893537901
559,0.13345207090100802,0.2776644533875024
560,0.1332808541023453,0.27764342823016946
561,0.13309241940276867,0.27773574898396075
562,0.13296224193211328,0.2777256739280299
563,0.13281925778021017,0.2777201595047929
564,0.13260616519311935,0.27773418461403115
565,0.1323735653592756,0.2779481501742692
566,0.1321352208780205,0.27775279230194155
567,0.13201248603737661,0.2776295817685688
568,0.13174101046252065,0.2775783778132273
569,0.13154760675945604,0.2776392562334224
570,0.13132565749033467,0.2777134534096179
571,0.13119751304019864,0.2775274770513645
572,0.13102442469990871,0.2775529975275049
573,0.13088582764116727,0.2776086399702126
574,0.13072226347130228,0.27765064168301684
575,0.13054743284317483,0.27774472956398083
576,0.13039501577935814,0.27768879379859357
577,0.13013971097228957,0.2776004975938234
578,0.12985569774884353,0.2780718299500815
579,0.12970002084879817,0.2781643919019738
580,0.12950304407151825,0.2782224818760721
581,0.1293761720448392,0.27803188992698336
582,0.12919348108887244,0.27809873385420836
583,0.1289304282196164,0.2781676663317943
584,0.12874946191718212,0.2783115143482624
585,0.12855742174113524,0.27833287804201423
586,0.1283254414003112,0.2781455276630304
587,0.12821921509481746,0.27822185107769076
588,0.12805988835385945,0.27829118171900363
589,0.12788140230382203,0.2782391481905898
590,0.1275587310144497,0.2780632302904384
591,0.12738690761280824,0.27797657516302093
592,0.12720411270718096,0.27788965237902624
593,0.12704380963673906,0.27786932768109274
594,0.12681172758170622,0.277814050107892
595,0.1266391622640335,0.27783731897118746
596,0.12651596407849838,0.27776067741899246
597,0.12631021499927964,0.2775354290764679
598,0.1260797100001495,0.27741451132408906
599,0.12593383086104754,0.277423138955519
600,0.12579167120876533,0.277353924343203
601,0.12560994904335687,0.27747015640758405
602,0.12545750662360663,0.2775953837377111
603,0.12529289552783268,0.2775940067373124
604,0.12514642803523404,0.27761762250922395
605,0.12494911166679956,0.27754343775001433
606,0.12483720251189988,0.2774128378343532
607,0.12464747685029721,0.2772502775674783
608,0.12451143696097514,0.27712901177513094
609,0.12432673164979383,0.2769884480077272
610,0.12410296445935853,0.27675498933554576
611,0.12389348526602055,0.2769100057710002
612,0.12377728064372666,0.2769218716837181
613,0.1236304185113393,0.27682799870026126
614,0.12351009471012177,0.27679797365060854
615,0.12334988997365261,0.27692731407333115
616,0.12311369598352172,0.2771004902672142
617,0.12297913895169219,0.2769979489838592
618,0.1228029977813315,0.2770866872230975
619,0.12263157378363201,0.2770542833852711
620,0.1224045776721596,0.276874042709734
621,0.12223118584975878,0.2767833811671758
622,0.12206680945467425,0.2768197793256442
623,0.12191364515238833,0.2766822623764425
624,0.12168349322141593,0.2764815576578528
625,0.1214963897437353,0.2765480495215502
626,0.12139686150279758,0.2764061096452424
627,0.12127200156489125,0.2764425610106721
628,0.12110120767502237,0.2763070575134756
629,0.12098868662893388,0.2763786027063196
630,0.12087959712054391,0.2763251785076047
631,0.12071380251428833,0.2762834802169426
632,0.1206035120780426,0.27628297695261855
633,0.1204843006617368,0.276366928850131
634,0.12033910711897434,0.2763635494587774
635,0.12017107210583432,0.27639399604886994
636,0.11996224605200129,0.2763627532899354
637,0.1197879140262742,0.27626368077199304
638,0.11966995421037548,0.27613475871786236
639,0.11955791599780269,0.2762109189456176
640,0.11932273428477319,0.27622470292601553
641,0.11915953874149525,0.27635198766910746
642,0.11906852313903164,0.2764295016887875
643,0.11894163886061564,0.2763478840735817
644,0.11874591843540745,0.2762935621110493
645,0.11850620728556871,0.27619775124726453
646,0.11833054178445487,0.2760419207888739
647,0.11817685580646574,0.2759871246758998
648,0.11805880686019826,0.275934494031842
649,0.11789059837822631,0.27624729081049987
650,0.11778909843835933,0.2762302507049463
651,0.1176562078495105,0.27629885681011984
652,0.1175385388703649,0.2761945199379764
653,0.11737819557844378,0.276220323629244
654,0.11723360775567282,0.27615277903849694
655,0.1171744021355573,0.2761092695951614
656,0.11706313100068289,0.27611972808336765
657,0.11684560383986177,0.2759323437768287
658,0.11664238487753525,0.2760705135536353
659,0.11648418747632401,0.2761447033808247
660,0.11631059606458047,0.27611384988127174
661,0.11619637858817321,0.2759779583743936
662,0.11603403265992938,0.2760072655866528
663,0.11577650467278439,0.27568102967912267
664,0.11561148611471142,0.2756648245675804
665,0.11546786435999333,0.2758613625309191
666,0.1152956476261613,0.2757383077457666
667,0.11510230767162971,0.2758985428488806
668,0.1150002545969219,0.27589324856655684
669,0.1148290894402925,0.2757950223375141
670,0.11467307859577049,0.2758113768394924
671,0.11452757933128256,0.2757895926930645
672,0.11434657516585617,0.27592345799751894
673,0.11418236183941083,0.275910182637259
674,0.11393309719185246,0.27588247121426906
675,0.11383048088507422,0.2757835426462159
676,0.11360618489074491,0.27583438618518186
677,0.11350966846606914,0.2758288492695748
678,0.11334217342113054,0.27605317792994444
679,0.11318149546132154,0.2759111144596718
680,0.11301620276138345,0.2759015113233235
681,0.1128862295827063,0.27584768048913344
682,0.11276189793666318,0.2757167082120728
683,0.11262722147491291,0.27570196683729503
684,0.11250425676711372,0.27574297046137164
685,0.11235959067994367,0.2755441959441429
686,0.11213483317700351,0.2753853821192449
687,0.11197106902232486,0.27542128809006206
688,0.11178635181741188,0.2755104870577043
689,0.1117072479180975,0.27544902749866806
690,0.11158335908252014,0.2755179611322344
691,0.11142941429352594,0.2754045203637644
692,0.11122073442010273,0.2755450538035627
693,0.11100284906896536,0.2756289807960504
694,0.11089121317433118,0.2755409493369311
695,0.11075295754024948,0.27580459654827905
696,0.1106244500639504,0.27563549130919557
697,0.11054219041035404,0.27566831940079195
698,0.11040493170771241,0.27563334896613206
699,0.11028541549013408,0.2756420213099188
700,0.11016249053988736,0.27564848252351243
701,0.11005908267136348,0.2755778325352774
702,0.10989542199039255,0.27567747111670143
703,0.10975360087976359,0.27555517579245836
704,0.10960027783774237,0.2755833319225305
705,0.10948091087645918,0.27551270750142354
706,0.10930925332192958,0.275494747317065
707,0.1091784877544868,0.2753481380648859
708,0.10900078677630821,0.2753196135199019
709,0.10886053065856101,0.2752283151891692
710,0.10869773024166299,0.2753696166220639
711,0.10851990426181711,0.27530167186936505
712,0.10829629113484633,0.27523170370350236
713,0.10816088185798509,0.2751455656563875
714,0.10802673641569137,0.27514251551238506
715,0.10791114874707726,0.27517984369358967
716,0.10781043123010743,0.2752129143331228
717,0.10758240613045676,0.27521722864067494
718,0.10747046461678081,0.27518059708504367
719,0.10736430840123179,0.27511748581718726
720,0.10723092266653766,0.2751715035472939
721,0.10705139459766909,0.2751380006477805
722,0.10694687071561385,0.27516670281695865
723,0.10681799528803487,0.27514397742838553
724,0.10661880287237933,0.27515235282888967
725,0.1065332135636575,0.2751050282217692
726,0.1064490070134061,0.27510799383128
727,0.10634814632576868,0.2750903603027416
728,0.10616509695052878,0.2750526817613769
729,0.10596102036939074,0.27517065720021217
730,0.10580359983736909,0.2752479456117703
731,0.10567296313148279,0.2751252321192926
732,0.1055951826061627,0.2751888455491742
733,0.10548561746830425,0.2751973837050018
734,0.10537878375362604,0.27510786929463127
735,0.10527506789878503,0.27524459260316797
736,0.10515905383568204,0.27534834235836975
737,0.1050427612032892,0.27533896673372027
738,0.10490046332673307,0.2754917374202588
739,0.10478321525867476,0.2753290777585323
740,0.10469440796611651,0.275236435682435
741,0.10456776104105193,0.2751834660027187
742,0.10436399450082992,0.27505671002081394
743,0.10420859296514064,0.275037696815932
744,0.1040692746075879,0.2749284947935497
745,0.10394518254942284,0.2748273290448746
746,0.10380852225032847,0.27485740537520065
747,0.103710834602061,0.27487082945636065
748,0.10358413906274436,0.2748090637064006
749,0.10347162764440822,0.2746710946802302
750,0.10336307310139627,0.2747602765505045
751,0.10326014239195783,0.2747171221984815
752,0.10313207368445745,0.2745218013511502
753,0.103018902505831,0.27439799197533765
754,0.10294795129147526,0.2743880788741125
755,0.1028483054402458,0.2743657157529597
756,0.10272165888197478,0.27429005940987194
757,0.10257289514569082,0.27442426894733984
758,0.1024952234715586,0.2744988777430794
759,0.10240742684137756,0.27450141997951927
760,0.1023288016155018,0.27449006670406195
761,0.10221081567122914,0.27441896066882837
762,0.10208984857426481,0.2745686643157347
763,0.10183310323666114,0.2743030583633067
764,0.10174311589803949,0.27440390221329936
765,0.1016325872860477,0.27449737178540223
766,0.10149598071457569,0.27450202042242
767,0.10142610905132772,0.27444763324230487
768,0.10131855830337426,0.2743910181817276
769,0.10110786714877167,0.2744920628217643
770,0.10092262725103189,0.27441407563536035
771,0.10084509090706613,0.2744231520337637
772,0.10076847712055814,0.27432554479091537
773,0.10066317808995894,0.27430839594003764
774,0.10055455531872233,0.2742012606462216
775,0.10043268127684665,0.2742545762699709
776,0.10032158132909855,0.27431232825888235
777,0.10018576679347481,0.27420775487870824
778,0.10011365691161508,0.2742497015996314
779,0.1000425438367724,0.27433615827849445
780,0.09996269847101481,0.27441545045345483
781,0.09987346280800044,0.2744246441959966
782,0.09973808394632595,0.2743498662281704
783,0.09955038293004628,0.2742834635508507
784,0.09943389898313611,0.2743063365738355
785,0.09932882047270113,0.27432569224421
786,0.09920527640316633,0.2742921338340836
787,0.09908298576476854,0.27426912272905285
788,0.09899901763448385,0.27427032312765776
789,0.09882433857858507,0.2742234875554807
790,0.09873147448374507,0.2742387716838922
791,0.09862526448553154,0.27414789288037145
792,0.09850186076563805,0.27399765955941247
793,0.09838756184672522,0.2740549757058451
794,0.09832295605152853,0.2740810064054391
795,0.0982112761402814,0.27403076550978595
796,0.09809271043232662,0.27401396242834253
797,0.09801920278213858,0.2741095312625056
798,0.09785338417888946,0.27406051807875925
799,0.09773697480716613,0.2740525669320694
800,0.09764943771001376,0.2740032265932556
801,0.09751878935507903,0.2740654254727761
802,0.09745452988051898,0.27414892171489125
803,0.09738700490223805,0.27401509539019936
804,0.09731871923947485,0.273970923653285
805,0.09715608080887442,0.27383401858927686
806,0.09699801765040011,0.27381625242202445
807,0.0967986226731253,0.2737209756177656
808,0.09669040721571265,0.2737025870511773
809,0.09656667367164125,0.27372804876153933
810,0.09646721435227434,0.27373251136694304
811,0.09631596543431385,0.27362406717490223
812,0.09619813440272759,0.2737343772083737
813,0.09610439937396162,0.27364078981509943
814,0.09601753932126246,0.27362597079307316
815,0.09594706080063922,0.2735843365563662
816,0.09583417792543898,0.27353542464836794
817,0.09572866015868904,0.27344244936675843
818,0.09562619433809753,0.2734597009955063
819,0.0954701622829178,0.2734714645119873
820,0.0953567440154159,0.273403614594438
821,0.09529472370258492,0.27337020458387334
822,0.0951368566385075,0.273541104088019
823,0.09496860116163303,0.27348639651950873
824,0.09484426081014058,0.2735183127444853
825,0.09474290491375255,0.2736464722498312
826,0.09461319837733079,0.27351953006212604
827,0.09449719952205245,0.2735566053455496
828,0.09432746696572447,0.27360697233420844
829,0.09424652655749795,0.27356104695691214
830,0.09412917428492004,0.27344369299360083
831,0.09400339516747937,0.27325065886460953
832,0.09387290346761598,0.27327969634984545
833,0.09378691271977993,0.2732276542714884
834,0.09369777528944222,0.27319650139435797
835,0.09361124747398772,0.2731700240661636
836,0.09353665286790268,0.2734086188187259
837,0.09344154154835119,0.27338391906471493
838,0.09334102836452556,0.27338769290039683
839,0.09325043436464525,0.2734251123382523
840,0.0931411921341543,0.2734125433789366
841,0.09298072062406863,0.27352290428723885
842,0.09288681972460132,0.2734781151683582
843,0.0927869145873391,0.27335983734403735
844,0.09267555309544212,0.2732832997082679
845,0.09259596741581366,0.2733073680020649
846,0.09251175887294359,0.2733326470562655
847,0.09241108094192421,0.27325419607882817
848,0.09225735594644524,0.27368668603958723
849,0.09215679635791706,0.2736324106972763
850,0.09205436507142342,0.2736904716855616
851,0.09199287653245034,0.2737591816091355
852,0.0919223352522028,0.27373971268411407
853,0.09182835997459031,0.273701895578598
854,0.0917691241941471,0.27369516538658434
855,0.09172161211874147,0.2737116735955748
856,0.09159681145661458,0.2738034575486559
857,0.09145473516730049,0.2734944468187654
858,0.09137395066529445,0.27355130654802495
859,0.09124335319105363,0.27355643667465046
860,0.09107233969592296,0.273370214789751
861,0.09097629643630709,0.2734110849707821
862,0.09090087422418822,0.2734438380869214
863,0.0908159937178575,0.27339311350543405
864,0.09067766716357331,0.27343530772811786
865,0.0905909589263984,0.27347392325475295
866,0.09051743164373623,0.27353311496614646
867,0.09040940002713335,0.27365208880907166
868,0.09030838847818995,0.2736784530637755
869,0.09021019784588878,0.2737597423050722
870,0.0900569038281991,0.27395096552053755
871,0.08996385900127495,0.27390432804711073
872,0.08985400683659832,0.2738844127034798
873,0.08978178226630668,0.27387586982188844
874,0.08967565162362208,0.27382542095947005
875,0.08952099517605754,0.273503044058053
876,0.08941449413109809,0.27361058921261444
877,0.08933577830212892,0.2735384208978854
878,0.08923385836700219,0.2735098892843104
879,0.08916333787973951,0.2734379330620573
880,0.0890729215971132,0.2735486913645345
881,0.08897345495528905,0.27359626584523056
882,0.08885882832785236,0.2735533189427842
883,0.08878887107636042,0.2736852423926136
884,0.08864732736155949,0.2736103764595434
885,0.08856738840424307,0.2735958988150063
