0,0.6712230693737586,0.6718340781684781
1,0.6493110240038481,0.651182562264474
2,0.6302370224832423,0.6327021034720781
3,0.6133900465297605,0.6157954332046857
4,0.5971249350251365,0.5997319005036819
5,0.5818297794345829,0.5849437088958914
6,0.571006252133503,0.5753101889631742
7,0.5581727468268992,0.5631478301150095
8,0.5472435747618235,0.5532429731515516
9,0.5348030704017193,0.5419260677176934
10,0.5254664492109918,0.5332412776030598
11,0.5169817139399205,0.5253166170461407
12,0.5082314424031777,0.5170617782684392
13,0.5003116005345395,0.5095121554075684
14,0.49302696068923785,0.5022449409919018
15,0.4856783460600019,0.4957007966862305
16,0.4810752224661743,0.4917909979842673
17,0.47577537680571935,0.4877233280905254
18,0.4705064123886699,0.4835528464158856
19,0.4647885637936786,0.4776415886861964
20,0.46053998354293385,0.4739912501244623
21,0.4568507204936538,0.4708067520857852
22,0.45263302148631457,0.4676506877948661
23,0.44872046795478526,0.4640869328090328
24,0.44517906514748323,0.46091443100228574
25,0.44174909544322555,0.4583091127555454
26,0.4391306448124845,0.45669460325346156
27,0.4369963841973374,0.4546606313533294
28,0.4341653712101229,0.45218972528013257
29,0.43101681782212015,0.44894631753560754
30,0.42842491475685823,0.44653272727915877
31,0.4259345955266261,0.4447300274278923
32,0.42313758524314177,0.4422793131643439
33,0.4201664702066007,0.4400110074082501
34,0.4174738015531902,0.4379683376551049
35,0.41488192879336827,0.43578625240172725
36,0.41327804368444326,0.4353790986744201
37,0.41100601453885305,0.43348302711915676
38,0.4094227371291584,0.4324423557028071
39,0.40663118182488206,0.42958361299023096
40,0.40371719254282523,0.42819291428851425
41,0.40167475741101355,0.4266456710555928
42,0.40027861609359483,0.42568180703401454
43,0.39835125071763283,0.42410954541360824
44,0.39608494930021104,0.4226974284710293
45,0.3941778582636389,0.4210631324978976
46,0.39273601634263283,0.41995281698912595
47,0.3907766181165436,0.41814826229627927
48,0.38932816960960775,0.4168754705792299
49,0.387886570132122,0.41519991664069394
50,0.3868988552301856,0.41457326276219536
51,0.38547028709191905,0.41398663508345646
52,0.3843658356349305,0.4130927970296267
53,0.38286562543639835,0.4121119871657662
54,0.381885456589033,0.4113882033320232
55,0.38046082815797233,0.41042604610876926
56,0.37916187638677695,0.4100830059179289
57,0.378178586079087,0.40945181923494073
58,0.3765624272669439,0.4086636196389898
59,0.37532808669392376,0.40746572707056816
60,0.3742584864929866,0.40670757805078567
61,0.37255859375,0.4061314831259059
62,0.3711843026548535,0.4057028713873169
63,0.3699606599021692,0.40475875583618304
64,0.3690568001528364,0.40430955395655593
65,0.3678150650524454,0.40363461287439056
66,0.3667445253828668,0.40302027425948095
67,0.36542642057356317,0.4022186536378794
68,0.3642061114192838,0.4010101668111524
69,0.36312111605480385,0.39983338788132367
70,0.3619705700235073,0.3988360095563671
71,0.36045732848575596,0.39787897629147573
72,0.3594183670847039,0.39715454110479026
73,0.35769516945832297,0.3961105477499565
74,0.35662181138282023,0.395415385441506
75,0.3555642424415808,0.39504175337035363
76,0.35482118335712515,0.3945616256490892
77,0.35356393187143126,0.39332147596577355
78,0.3528259944063431,0.39281955442670957
79,0.35182912726151316,0.39236361682377885
80,0.3509954852167639,0.3917411014997814
81,0.349932855267037,0.3910816481936508
82,0.3488962273848684,0.39068365806331395
83,0.3476047610573641,0.38991098254966416
84,0.34683866983847444,0.3892865813644781
85,0.3457818585332361,0.3887234761574057
86,0.34470516685932845,0.38849705068666
87,0.34375212138080313,0.3872490977635336
88,0.34265030649709843,0.3866544933624267
89,0.34143096711690046,0.3859859766997709
90,0.3404122800552383,0.385049367170535
91,0.3394798422759434,0.38446296988288753
92,0.3388222445324137,0.3841848524517746
93,0.3378843820793508,0.3840578217459713
94,0.33649478673698174,0.38325685437856627
95,0.3353072680688307,0.3827702797110989
96,0.3339793442969526,0.3814896907789073
97,0.33238503570708167,0.3808737416922372
98,0.33138368335712515,0.38026768967788604
99,0.33036760256330683,0.3800628755948043
100,0.32982161975546176,0.3797865023940597
101,0.32887848415583104,0.3789538874428439
102,0.327893769492459,0.3782766563778824
103,0.32691666149453824,0.3782245458777865
104,0.32609750545013033,0.3776703817387837
105,0.3252649544012227,0.37712961584166105
106,0.3245564132129779,0.37651148486495195
107,0.32370676989588504,0.37553487278127157
108,0.3228940992156467,0.37520298832330423
109,0.3222421079785253,0.3750301268123646
110,0.32157399424730015,0.3747010741124073
111,0.32071741098443707,0.37431012567486194
112,0.3197676991043167,0.37403860167621206
113,0.3186932803384124,0.3737467560596934
114,0.31730898844805117,0.37255505566403313
115,0.3167580961589188,0.37254022792735264
116,0.3159807919272126,0.37197516706243594
117,0.31535653016773213,0.37175469300480285
118,0.31440609095705063,0.3715142778095142
119,0.31316429524577954,0.37052952916513665
120,0.3122615567977284,0.369957025770243
121,0.31172405951309584,0.3697297066550897
122,0.31096454457469586,0.369456473248846
123,0.3097469326045804,0.3691602506413492
124,0.3091243679497424,0.3687277648974563
125,0.30835445824540714,0.36835411299630677
126,0.3075381509123635,0.3676075666933023
127,0.30682579123867304,0.3668336186427104
128,0.3062031356675149,0.3661473273064734
129,0.30538931338055486,0.36572741514445745
130,0.3047185933814858,0.3654768215243551
131,0.30391428700269985,0.365290017496234
132,0.3031850775043446,0.36498315838664885
133,0.3026148503444637,0.3644552919412746
134,0.30184418300412735,0.3637765150482605
135,0.30120873853727037,0.3631850512792933
136,0.3007018497470829,0.3626485046214618
137,0.300158018625481,0.36281436829852387
138,0.2993992613230822,0.3626142195411574
139,0.29845718641385305,0.36208457017802714
140,0.29750495918220893,0.3616334906324464
141,0.2967992667053283,0.36098246439917625
142,0.29600014255678997,0.3602265049941376
143,0.295177531692217,0.35963954562263806
144,0.2944027428120345,0.3591068440894884
145,0.2937779355546332,0.35881579305123207
146,0.2929071693458292,0.3585092666281099
147,0.2923141828004748,0.35818121205471504
148,0.29151517987369663,0.3576779307647931
149,0.2906626272343595,0.3572800027970868
150,0.28985789657941285,0.35693521953135104
151,0.2888446644969588,0.35645794636926087
152,0.2883162285388996,0.3563501246988345
153,0.2875687751656374,0.35619382487247603
154,0.2868761746388561,0.35580739791748084
155,0.2860368654768185,0.3557331616144691
156,0.2851802216030753,0.355487199046387
157,0.28431378907219773,0.35538653390956626
158,0.2835770032138313,0.3549532739142085
159,0.2828006687562066,0.35463885631900255
160,0.28217231576232,0.3540562585862659
161,0.2813528566635117,0.3536355756069785
162,0.28053076099141944,0.3530344442177975
163,0.27989855920664725,0.3526544565678634
164,0.27917928989262664,0.3525405380031648
165,0.27848887135752853,0.3523244592696287
166,0.27789773344401686,0.3520159913207068
167,0.27715737154372516,0.3515438881276603
168,0.27628360509635674,0.3509250395819245
169,0.27578902031482744,0.3506339916885267
170,0.2751020565998945,0.3505550940324817
171,0.27425086770535934,0.3504293086449115
172,0.27358566329637846,0.3500353835759864
173,0.2727608401346822,0.34962741106249906
174,0.27192113700192405,0.3493193722851964
175,0.27112283110026686,0.34891729965787033
176,0.2703554367474553,0.34883490627029135
177,0.2696750796184521,0.34868088642957396
178,0.26898744918383816,0.34863636677416926
179,0.26846061941410126,0.34852517741406835
180,0.26772540943861717,0.3481895603338913
181,0.26684994588660627,0.34722302528715454
182,0.2660960374546146,0.3468182498957715
183,0.2652650925940293,0.3464744156725941
184,0.2646193442775571,0.3461743237091313
185,0.2640519355236004,0.3460123133652373
186,0.26323841629104083,0.34581057955730243
187,0.2625646960534074,0.3456030899693336
188,0.2618672163507789,0.3449716990490137
189,0.2611020949059707,0.3448301029954288
190,0.26042973841313927,0.34466223877028695
191,0.2597292584719464,0.3443750681857069
192,0.25914696974692775,0.3437197213034626
193,0.25818492355270917,0.34332301053743597
194,0.2574872923228805,0.34334186857682086
195,0.2566724093455189,0.34323384098935494
196,0.2559594435630276,0.34309180962189423
197,0.2553312117909012,0.3427055620789687
198,0.25467988727346075,0.34254134639697537
199,0.25378469487998073,0.34193298984160536
200,0.2532519555494352,0.34160045334456146
201,0.2525741592301157,0.34141862468163925
202,0.2519527461819994,0.34149574232604707
203,0.2515097867175863,0.3412593439287057
204,0.25083403601546983,0.3411048444636443
205,0.2503351478614542,0.34099311672601
206,0.24961096906614635,0.34129647611017067
207,0.2489557502996602,0.341214927020464
208,0.24838279565017535,0.34069008104847676
209,0.24779582473466982,0.3406220486825942
210,0.24712910505368668,0.34007121893913606
211,0.2462161082141804,0.3395428780918599
212,0.24566959506113456,0.33912297449760564
213,0.24514149246291583,0.33912243966042604
214,0.2443724919217819,0.3391862107339446
215,0.24359773334703946,0.33930231721637655
216,0.2429620464366621,0.33891260667106715
217,0.24235580126128817,0.33918209798565757
218,0.24157436033701588,0.3386554625379505
219,0.24083843818369072,0.33860417939762977
220,0.24016918799846387,0.3382971642209614
221,0.23962941780582794,0.3375246971423098
222,0.23894337840681634,0.3371725903836233
223,0.23821959358222908,0.33731825313343583
224,0.2376852632160812,0.33724044710995754
225,0.23718331421262104,0.3375394788753733
226,0.23641213167980388,0.33747118070445087
227,0.23593801822302476,0.3376998607694414
228,0.23527328354836458,0.3377354893230494
229,0.23462964145997547,0.3375753667163444
230,0.23397193764740565,0.337359456834169
231,0.23324980446930083,0.3371386509637256
232,0.2324635146746214,0.3366466590109008
233,0.2317867638929835,0.3364711791886387
234,0.23128378450456183,0.3362884472550232
235,0.2306927375073703,0.33604494282265607
236,0.23012460142285254,0.3359459712646794
237,0.22961725805106442,0.33570639932754587
238,0.22897326745011481,0.3353235710644179
239,0.22836403718889647,0.33522011140134184
240,0.22771228839529542,0.33498238508780925
241,0.22723664451379408,0.33495336185683444
242,0.22662647478393433,0.3349621026917866
243,0.2260116986271878,0.33494075238375026
244,0.2256101515465957,0.33489306832208826
245,0.22496685797076713,0.3348210555958029
246,0.2245165191317031,0.3347687744662067
247,0.22410242559893248,0.33465971454343296
248,0.22365882972027837,0.33447787096056364
249,0.22315844144698052,0.3339958962614246
250,0.22256221221954134,0.3338328727246487
251,0.2221253744540172,0.3336698511775522
252,0.2215385702184319,0.33322134439761936
253,0.22094635646179867,0.3330262288346086
254,0.22040601046580188,0.33301654938657
255,0.21983814713024455,0.33271799382473244
256,0.2192792238995004,0.33286533542788516
257,0.2188953448904543,0.33250744310374086
258,0.21850860201732406,0.3323985781597433
259,0.2177424350348343,0.33209665423423945
260,0.2172961419720162,0.3318661476463005
261,0.21673803698815325,0.3316613880404256
262,0.2163295499617909,0.3313593409534727
263,0.21577624839017503,0.3312642113104118
264,0.21535680594723652,0.3310586659159003
265,0.21486885805707703,0.3307916751571167
266,0.21436016609320693,0.33057498298262616
267,0.21392623764992708,0.33025697302045787
268,0.21345965509499906,0.3303166692884439
269,0.21303748516245655,0.330285365676474
270,0.21267145605759682,0.33019162840190297
271,0.21225927176754902,0.3300779874295767
272,0.21189087883836583,0.3299634832395312
273,0.21150062053419036,0.3296737959368444
274,0.21107357142580063,0.32957766244023934
275,0.21062294468505616,0.32943124240706395
276,0.21019397118122363,0.3290339479585661
277,0.2098230022896366,0.3290056453000405
278,0.20934269137036837,0.32868513837233676
279,0.2090635934202768,0.3285089972709768
280,0.20863357437876273,0.3284122332054897
281,0.20838300900047324,0.3284852348140544
282,0.20794326191270482,0.32834684495487093
283,0.2076148721643806,0.3282843302355844
284,0.20735633645535936,0.32837354596130547
285,0.20683484044307038,0.32846386183432874
286,0.2064182618642161,0.328475103633137
287,0.20594743654768186,0.3283047667069087
288,0.20543815362773088,0.3282282413894404
289,0.20508400425536866,0.328142501005914
290,0.20461898243060297,0.3278633960077188
291,0.20405563460561227,0.3276242704752173
292,0.203724502214964,0.327781562097616
293,0.2032685720222117,0.32773413356541836
294,0.20296218402335992,0.3277290253085184
295,0.2025906544811321,0.3274069847928369
296,0.20224226314237836,0.3274327118529207
297,0.20171444844584005,0.32722898946106493
298,0.20124374435106598,0.3273405714385668
299,0.2008294689856551,0.32717469925004755
300,0.20027362175707547,0.3267735996492012
301,0.1998290409516199,0.32666581942736067
302,0.19947919495174404,0.32664495904293267
303,0.1991447744208509,0.32633515907091737
304,0.19882296095301638,0.3261054881490699
305,0.19847266037153985,0.32591506070928994
306,0.19817927340646724,0.32579200446188
307,0.19780930459440169,0.32588185655622537
308,0.19755120831426112,0.32575606537879864
309,0.19713362965588538,0.32572423080045826
310,0.19672109685327707,0.32544737035517357
311,0.1963608106293058,0.32540284357457444
312,0.19596830972256704,0.3248258598617025
313,0.19557458144550646,0.3248393834620021
314,0.19518335336724957,0.32475149333567066
315,0.19468738968819824,0.32471348010298506
316,0.19435624214482994,0.32468179637509476
317,0.1938763403490023,0.32469888866100816
318,0.19340328758262476,0.32456944425699313
319,0.19297673851399577,0.3243248848962835
320,0.1925160049089964,0.32420568529399935
321,0.19217520508297387,0.3240295568008174
322,0.19177973424311073,0.32432419134223456
323,0.1914632848381641,0.32434570791068784
324,0.1912049006563431,0.324164464348723
325,0.19090695272254377,0.32427283225302755
326,0.19062727896909137,0.32431517853790587
327,0.1903731981597567,0.3239897467187078
328,0.19010663150912363,0.32375959453516506
329,0.1896010458528581,0.3236111889001495
330,0.1892388958443241,0.32335321333200767
331,0.18883839430141355,0.3231443187213392
332,0.18836117453702986,0.3228766316381569
333,0.18810856354153738,0.3227633810273936
334,0.18773380646994475,0.32274353523107696
335,0.1873797631666227,0.3224377390830975
336,0.18700877912231567,0.32208687675085046
337,0.18653537784337762,0.3218585702209663
338,0.18615283227369353,0.32146073351508303
339,0.18577668115185886,0.32142054388841507
340,0.18520951484142253,0.32142294006297595
341,0.1848157562589219,0.32111038448697343
342,0.1843811610959611,0.3211057193169328
343,0.184053544136358,0.32111070717250967
344,0.18366369495562312,0.3209560673086088
345,0.18326975454048225,0.3210118137562946
346,0.1829176962434831,0.32099007298543963
347,0.18237510764492304,0.32053728458051356
348,0.18206844689711085,0.3201533603768339
349,0.1816898713400726,0.31997796784656024
350,0.18135188991997425,0.3199112019873985
351,0.1810188937447632,0.3197049175638166
352,0.18077579865744475,0.3196067927316435
353,0.18059187494181356,0.31958235794435075
354,0.1801762661370407,0.3197588164966299
355,0.17977265828652558,0.3196439164733854
356,0.17939271898468534,0.3196406964837429
357,0.1791495784392068,0.319650996079165
358,0.17887276854983863,0.31945294317587225
359,0.17833105880903985,0.31933201095612335
360,0.17806818942209224,0.3193512848249852
361,0.1777141612714902,0.31938335409995716
362,0.17719657466096697,0.31949937490802616
363,0.17684257681580498,0.3196426619653747
364,0.17632823288736657,0.3194502841215598
365,0.17611194296176763,0.31927338993819815
366,0.17567272621919997,0.3189003667242606
367,0.17539400708710898,0.319046344300081
368,0.17497101890768527,0.31900226682624744
369,0.17460364121074354,0.3188704817906946
370,0.17425755308543323,0.3187256757618252
371,0.17391591985980945,0.31875280897625674
372,0.17362489671906034,0.3188016215831359
373,0.17337860440781716,0.318859908267956
374,0.17318240698896786,0.31864549187135277
375,0.17277646561956927,0.3186778912074332
376,0.17249412498739294,0.31857028550797434
377,0.17217858474564765,0.3184723143712707
378,0.1718429974553128,0.3185199517380677
379,0.17158876511877794,0.3183177578906308
380,0.17134486693729828,0.318281004898252
381,0.17095550264360415,0.3180687424004245
382,0.1706882692732901,0.31806386411888393
383,0.1703351654386094,0.3179100525783658
384,0.16994004311130678,0.31765983056173536
385,0.16969749352190913,0.3177242377827462
386,0.169488522360081,0.31764493929329174
387,0.16913681257564236,0.3179825430548546
388,0.16885706305858988,0.31788574356836435
389,0.16858170783034385,0.31765931342633574
390,0.16823510451255275,0.31744312659032037
391,0.16786675704152962,0.31746051750899296
392,0.16766258929194855,0.317565592174226
393,0.16737024786455748,0.3174482208867834
394,0.1670720120290777,0.317595357968015
395,0.16686017700316536,0.3174995197574228
396,0.16657041153817806,0.31740644588310263
397,0.16627432738894146,0.3172294932745671
398,0.16607643286544965,0.31711237533678555
399,0.16569526619328762,0.31691441546879423
400,0.1654992657597986,0.31689512066087244
401,0.1651225994454832,0.31670218690281854
402,0.16485857845181387,0.3166634107561005
403,0.16466271439280505,0.31671506918262543
404,0.1644295897952613,0.31656163232850243
405,0.16420357182340803,0.31655485278234186
406,0.16388357668197617,0.31656400303559484
407,0.1634190548969712,0.3162920773222227
408,0.16324261662503103,0.31637513925577226
409,0.16298653565665341,0.31637647705219185
410,0.1627456983246183,0.31668931858359173
411,0.16248999617424126,0.31658787897784874
412,0.1621088901129593,0.31640786702785906
413,0.16185338494794252,0.31648594435818567
414,0.16150232673046488,0.3163837451930612
415,0.16105633672204722,0.31617112121028274
416,0.1607092939753755,0.31619381931380086
417,0.1602858512143511,0.3161407412128665
418,0.1600849716050149,0.31613770392128654
419,0.15984010364945384,0.3162818387094843
420,0.1595620512370438,0.3162509660348808
421,0.15933950323807566,0.31619311371155145
422,0.1590457526077225,0.3160322857753538
423,0.15884285768662332,0.31584982766798547
424,0.1586427811714483,0.31574958901832956
425,0.15840405006749628,0.31566904839335447
426,0.1581134815083478,0.3157358932965459
427,0.15791461721077457,0.31562084603591745
428,0.15769920614293695,0.3154712327689165
429,0.15739593960440976,0.3154983873812782
430,0.15725977726228899,0.3154928478956162
431,0.15688879321798194,0.3149779339793208
432,0.15640931569831493,0.3149786720051457
433,0.1561623263619507,0.3150774696571873
434,0.15590794249821563,0.3150431358057374
435,0.15573530755900106,0.3147029722186007
436,0.15544599667561446,0.314703312821225
437,0.15510312092694886,0.3148330238201561
438,0.1548436154438462,0.31492191726560737
439,0.15465547927204878,0.3151629707619434
440,0.1542843891587016,0.3148542591631861
441,0.1540281869685638,0.3147410280762411
442,0.1536967666762351,0.3146249922434202
443,0.1533980308009946,0.3142404157351994
444,0.15319921196158143,0.31407982649463034
445,0.15295341969009899,0.3140829877448954
446,0.15261549888088072,0.3138686316859389
447,0.1523815105782957,0.3138355676810155
448,0.15216731172805983,0.3138431706527525
449,0.15190136633894769,0.3138412862296539
450,0.1516523010799404,0.313924324951509
451,0.15148759101329753,0.3138842738847903
452,0.15124108656397406,0.3138379639452315
453,0.150956897299955,0.31378051117852845
454,0.15077320087512414,0.3136323645916418
455,0.15049811839583851,0.31337264367694306
456,0.150284828708804,0.3133166176376035
457,0.15009945033205063,0.3133802753437162
458,0.1496813261757541,0.3131716662778685
459,0.14946699095103805,0.3132785641199253
460,0.14921268285090306,0.3133419440057652
461,0.14898448288736657,0.3133387793567179
462,0.1486634573609732,0.31319634978922073
463,0.14843928802096262,0.3134050114440374
464,0.1481700847970457,0.3134232879276181
465,0.14796275012897994,0.3133790584243934
466,0.14761064637382076,0.3132352880931197
467,0.14733380617901254,0.3131842263911619
468,0.14712027404845768,0.3133528360138936
469,0.14696280698198547,0.3134324396469147
470,0.14667026856923412,0.31336107447959555
471,0.14639100393922233,0.31321012268066534
472,0.14617528981698424,0.3131306014275954
473,0.14600121536936755,0.3131405191443293
474,0.14566694636567465,0.31303654226834876
475,0.14540647110849056,0.31291923224919016
476,0.14514199553322057,0.31293500934354945
477,0.14488983911932876,0.3129090383976978
478,0.14450621770652308,0.3128674676680886
479,0.14428944289388343,0.3127264467423488
480,0.1440682737924373,0.312595916668584
481,0.14380001003716175,0.31247296357036075
482,0.14355483902720023,0.312253632051487
483,0.14331548666172728,0.312288994003119
484,0.14314504886691595,0.3119444997075705
485,0.14294180543325627,0.31186929712173844
486,0.14278926300079134,0.311895486474604
487,0.1424981640964421,0.3119950878521562
488,0.14236868410385117,0.3120928164041491
489,0.1420978595388918,0.3120733339836412
490,0.14181909494864076,0.3117251855132846
491,0.14163686833765207,0.31184252157503084
492,0.14150082721729146,0.31196529472629936
493,0.14131146367517222,0.3119171994765815
494,0.1410340022188431,0.31185292650698493
495,0.14085865494274455,0.3117712514644789
496,0.14069021730697617,0.31169320035296183
497,0.14051899157072367,0.31168068087998596
498,0.14030383809912642,0.3118271555580206
499,0.1400977914122626,0.3118918509468021
500,0.1398153295583261,0.31188498315693214
501,0.13956282463187375,0.31178916195942974
502,0.1393663847695041,0.31184323529422675
503,0.1390629818564967,0.31187371960478794
504,0.13888084616182814,0.31180340591998373
505,0.13858047379282523,0.3120074700933531
506,0.13836104725418166,0.31181287486600917
507,0.13812421024023244,0.31173024271819383
508,0.13799244218691814,0.31157335519798124
509,0.13781429165761544,0.3116779992595382
510,0.13762914057166242,0.3115501303305304
511,0.13737871156785314,0.3113231371385633
512,0.13721645624185388,0.3113694326965481
513,0.13703747231294997,0.3111058261259531
514,0.13688626331984702,0.31109771264501557
515,0.13666965518712762,0.31114251670571125
516,0.13643571234270263,0.3112987736424179
517,0.13615617496373045,0.31127204971436156
518,0.13597402411634185,0.3113976248275951
519,0.13578182701557845,0.3114520131048066
520,0.13565533210883193,0.3114419696908634
521,0.1354785301716112,0.31125411762552396
522,0.1352446782435064,0.3114673373033088
523,0.13508765060591485,0.3115996368106944
524,0.13483075139065603,0.31165072021221707
525,0.13455035030664256,0.3117094752533646
526,0.13433834860080995,0.3115630022573498
527,0.13407363058201963,0.3116942038180018
528,0.13384203640919812,0.31173342286821765
529,0.13362303414671517,0.3115518484837301
530,0.13330514523336642,0.31171933363293874
531,0.13312157003029573,0.3116279842532315
532,0.13295842069381517,0.3117704324841445
533,0.13276076861384373,0.31161408326759327
534,0.1325743901575689,0.3115914515516569
535,0.1322429092543601,0.31166542976763095
536,0.13211223219688742,0.31145565955932913
537,0.1319780094029295,0.31158211134366787
538,0.1317639923853339,0.3114081741968554
539,0.13154300511652806,0.31148012482319437
540,0.13139375082430796,0.3115195744035588
541,0.1312234948621369,0.3114979313917262
542,0.1309303806460247,0.31160514161707625
543,0.1307230005197989,0.311384105541004
544,0.13048952740969463,0.31124010987554496
545,0.1303320300377824,0.3112227271359589
546,0.13012469536971666,0.3112430557164925
547,0.12999244242936164,0.31121588553602164
548,0.12987876672375404,0.3111137928538734
549,0.12975702977109452,0.3112976598286343
550,0.12958106123347504,0.31122748243305276
551,0.12942162431339996,0.3111638190420304
552,0.12927867355270917,0.3112061043356066
553,0.12914623877971387,0.3110592247838622
554,0.12887014106818676,0.31091454149882486
555,0.1287303269205406,0.3108242478047964
556,0.12852788658104208,0.3109691272304991
557,0.1283523877777433,0.31091937445334344
558,0.1281978906443955,0.3107442928305789
559,0.12793777905249193,0.3108189160509066
560,0.12780995070638343,0.3109041599285126
561,0.12756920429066845,0.3108234233750061
562,0.12739808462345611,0.3107610789917778
563,0.12728171173368452,0.31079382445342923
564,0.12712509321953358,0.31082786557155284
565,0.1269752176657926,0.3108818684893849
566,0.12680593905406295,0.3108625320272457
567,0.12664683549382835,0.31101584091702755
568,0.1264385234753212,0.3109407082328213
569,0.12630828584672915,0.31101191305565684
570,0.12616863837900322,0.31087491425110314
571,0.1258951166298799,0.31088397719289756
572,0.12566496196546054,0.31099713791115763
573,0.12535844516848854,0.31091897721013534
574,0.12512819201138903,0.31094885119198584
575,0.12495128400512817,0.3109742441923704
576,0.12483510810071685,0.31084786787508717
577,0.12467159509895574,0.3105583217509574
578,0.12441666573729984,0.31024009302806405
579,0.12426797209572057,0.31024681514403685
580,0.12413902244833044,0.31023995907151963
581,0.12390548115098607,0.3103537586321203
582,0.12370439697992956,0.31012814356564516
583,0.12350941177868204,0.31007271928969865
584,0.12332119226692449,0.3099469222533913
585,0.12312475240455484,0.30966556558710634
586,0.12294417744004857,0.3095283464985243
587,0.1227678755425886,0.3094121719014439
588,0.12251648434105791,0.30941938383275086
589,0.12235297891565682,0.3092921272002732
590,0.1222210669115023,0.30927585210539027
591,0.12199413977644769,0.30899513613826374
592,0.12178936591806573,0.3087352593862537
593,0.12166875026668787,0.30866548551972045
594,0.12146216565826325,0.30864852304677687
595,0.1212316170231233,0.30839801849715315
596,0.12108268093802368,0.30835153183541225
597,0.12092703977431418,0.3083012212988924
598,0.12078590734002606,0.30832754858246625
599,0.12068492203743716,0.3083167482245526
600,0.12042540897797449,0.3082566044119946
601,0.12021074039341795,0.30842532708153586
602,0.12004553028701434,0.3083432972232892
603,0.11986225813834409,0.3083035476588074
604,0.11973491467927631,0.30843433313372676
605,0.11962949720608088,0.3084988380886493
606,0.1194012442080243,0.30820661046474296
607,0.11927799955972257,0.30822899770772333
608,0.11912142650373168,0.30836406593159676
609,0.11892078933791583,0.3082132859418433
610,0.11866625394698051,0.3081120524675582
611,0.1185448503541615,0.30809229122633414
612,0.11842668186706724,0.3080775132530226
613,0.1181894963405575,0.3079497531978135
614,0.1180162931743421,0.30800465436111335
615,0.11782889190946577,0.30793185545817314
616,0.11766551528218486,0.3080818761011643
617,0.11740136549039536,0.30821658816186287
618,0.11726602139515578,0.30815370232873357
619,0.11714332982113487,0.308321153917603
620,0.11698042292817465,0.3082580778055922
621,0.11686956562849118,0.30826935021330737
622,0.116758897737808,0.30829622161718295
623,0.11660986316002823,0.30817144023283843
624,0.11640299822628321,0.3080303663669309
625,0.1161859809701232,0.30810958252237824
626,0.11604072699598901,0.30809521406932744
627,0.11591120912159804,0.30817749457967913
628,0.11571495866822865,0.30806432388318067
629,0.11560623790206834,0.30811242372075276
630,0.1154183593265113,0.3079219191495314
631,0.11522249526750249,0.30816462689139457
632,0.11504424624551965,0.30812398373814187
633,0.1149144859276083,0.3081522672647896
634,0.11472434959676794,0.3080798658696958
635,0.1146398883353634,0.3080715387653981
636,0.11453761505157259,0.30809602413766135
637,0.11438698943819048,0.3081604402677971
638,0.11428684511156281,0.30812636305502883
639,0.11415022818784136,0.30809452936929166
640,0.1140290670385427,0.30795388954988184
641,0.11389974614951201,0.30801695443421884
642,0.11371514813783981,0.30808414153572766
643,0.11357456120147251,0.3081760571352221
644,0.11348487225166025,0.3082424421797636
645,0.11331276765764647,0.3082800535613932
646,0.11313339733438198,0.30835080063946824
647,0.11295604232288046,0.30831893390000153
648,0.1127612919887933,0.308404633436009
649,0.11264130517529636,0.30841826042235443
650,0.11251323438566752,0.3085270587125438
651,0.1123862773209603,0.3085270772683607
652,0.11222424170940137,0.3085416288743602
653,0.11201245971800909,0.3086269164440356
654,0.11186715270935482,0.3087319776563866
655,0.11172983876051235,0.30869603709100346
656,0.11161102628281716,0.30862120440390917
657,0.11150272221645745,0.3085785058817934
658,0.11138831160392874,0.3086648960812463
659,0.11127766644232559,0.308630688111947
660,0.1111607556309932,0.3085264778524826
661,0.11086469421083664,0.3086163727166737
662,0.11071986451286309,0.30859619231835006
663,0.11058933898259062,0.30871702871373397
664,0.11049625582349336,0.3086449080884578
665,0.11040347571879655,0.308558995386185
666,0.11026357065483025,0.30854703242422
667,0.11012900692467183,0.30849750802542203
668,0.10993807507603029,0.3085671448574093
669,0.10982077787033732,0.3086016291345756
670,0.10973827130981567,0.30874735866366015
671,0.10961146577230868,0.3087859000081982
672,0.10945290013363487,0.3087976321628788
673,0.10928234869342338,0.3086364591619156
674,0.10914587572054214,0.30877988019600106
675,0.10897564248745112,0.3088806664758653
676,0.10885105682342741,0.30894277949274424
677,0.10868436932682163,0.3089869759880351
678,0.10855952606655754,0.3091554672986386
679,0.10837405677348405,0.30911750433146223
680,0.10820733897143821,0.30899640910746434
