0,0.6011737276757655,0.6100586613363838
1,0.5421680827160937,0.5564715444064425
2,0.49953139720793127,0.5203747620686004
3,0.467492698868244,0.4949594145725854
4,0.44779253831521315,0.47724974533991216
5,0.4299940130559333,0.4622183911877274
6,0.4108051860379853,0.4454485490054443
7,0.399663821617634,0.4367716449946162
8,0.3880973773445774,0.42739639762218296
9,0.37948537339103233,0.41920986170606844
10,0.37210763287819554,0.41474309797862674
11,0.361076717860932,0.4068102368580574
12,0.3482722532691451,0.3993955752621563
13,0.3416624209159712,0.39583104221698373
14,0.335154991122372,0.3946908592575019
15,0.3310911042413642,0.39334181381408406
16,0.3257738280368852,0.38900854726989487
17,0.32020763677101083,0.3856722071697452
18,0.3137006341138133,0.38292503052303134
19,0.308912641308445,0.3798615450735079
20,0.3047305615047589,0.3783049731756304
21,0.2988237913745137,0.375258900971834
22,0.29474181045417547,0.37257329107435105
23,0.2905221898501879,0.36933860258252815
24,0.28756057285836234,0.3679943239965956
25,0.2848826710679153,0.3658405357203874
26,0.2815954284407134,0.36424903456618746
27,0.27751884500043583,0.3623122355633206
28,0.2743905125794549,0.36195141192470237
29,0.2703392189287476,0.3589484674560692
30,0.26521600957410396,0.3547373542168903
31,0.26225284929196474,0.35316318752399417
32,0.2574735383186531,0.3498316703335659
33,0.2544143279643902,0.34949246585466676
34,0.251113323819957,0.35090560513087565
35,0.24733267648750096,0.34848251598244734
36,0.24289667012546,0.3475842136307795
37,0.24030565097187984,0.34924670764487714
38,0.2371051895929635,0.34675154567979766
39,0.23428137140102945,0.34564695083352476
40,0.23147353681735464,0.3445772751621945
41,0.22922367456331869,0.34458411761090146
42,0.22633274362926925,0.34268943216692016
43,0.2228367317931392,0.3422288666798991
44,0.21954589661072937,0.3418099724411884
45,0.21712032739680814,0.3426093388565953
46,0.2148222306473604,0.3417538888858309
47,0.21210763190678933,0.3412747867911588
48,0.20877676545326634,0.3401967203351372
49,0.20514346378144716,0.33814651598978457
50,0.20239194249676465,0.33664373158033367
51,0.1996349562903085,0.3357944921779371
52,0.19719917251124167,0.33310929137792505
53,0.19522813691771265,0.3324580341997491
54,0.19276600246932168,0.330148950742776
55,0.18885232883070505,0.32827856745801287
56,0.1855703127046162,0.327300212458084
57,0.183781905760718,0.32724865945519294
58,0.18144584260510915,0.32652700264081863
59,0.17927389449747763,0.32496687518423484
60,0.17689200635025334,0.3252796235722776
61,0.17503614145924754,0.3238702755442554
62,0.17149750335844613,0.3226012944683805
63,0.16947531263636084,0.3221035301618598
64,0.1677927879548625,0.3219264123930358
65,0.1654770654781835,0.3209420560891505
66,0.16309124551369336,0.3205820929688873
67,0.16179597878660743,0.3207990391552901
68,0.16012171160745167,0.32022225735018334
69,0.15901779694293505,0.320570881592444
70,0.15714382401893948,0.3185514012988428
71,0.1555678285320706,0.3184127125390092
72,0.1542558026009061,0.31789962090387386
73,0.15245365121047771,0.31734009240641436
74,0.15081921159371878,0.3171146509699455
75,0.1492404363344525,0.3169815947943668
76,0.14776271286919834,0.3161543569459741
77,0.14590224928400905,0.3161717605335642
78,0.14425758098679736,0.3173266817534189
79,0.1432692514242651,0.31664939617498805
80,0.1417396037296101,0.3168066337930173
81,0.14076345112301486,0.3173061236314969
82,0.13912637552016568,0.31640464657148576
83,0.13721451485635464,0.3156754756482875
84,0.1360383897336158,0.31554429490736324
85,0.13477276114000852,0.315210414215897
86,0.13315115448042125,0.3138056468119234
87,0.1311482435690393,0.3142907986184863
88,0.12957432528766696,0.31396947853111123
89,0.12840890711085995,0.313797691871105
90,0.12642204769877086,0.31344568186078664
91,0.12538378677942158,0.31339538913795345
92,0.12449541581627643,0.31400993411907036
93,0.12373121363729024,0.3134350510781612
94,0.1219174219626098,0.3120265772840856
95,0.12076112758650402,0.3118625804732642
96,0.11976822303954501,0.31059208083916745
97,0.11796397105070269,0.30992456707952387
98,0.11705014573075738,0.3109569879931919
99,0.11582360766839161,0.3106369419000389
100,0.11483799398171123,0.3101779755056185
101,0.11314646814269184,0.31011554854683354
102,0.11207339458023241,0.310052646187523
103,0.11122084653542937,0.3100871258953108
104,0.11048570527945584,0.31036741888852426
105,0.10959761729591133,0.311323971648366
106,0.10874328614881636,0.311250932972215
107,0.10767446759683946,0.31060078453485546
108,0.10676965520696158,0.31003686958131166
109,0.1055793137242636,0.3099243846124541
110,0.1047080973776574,0.31038412418389844
111,0.1038929699583158,0.31026973917959444
112,0.10305355376024414,0.30968770692865644
113,0.10198233409701246,0.30911775678199954
114,0.10130550643775602,0.309051393118987
115,0.10056165480065322,0.3090959024282529
116,0.09978377697691007,0.30884970020968955
117,0.0988253907707335,0.30913047432582713
118,0.09788702363677938,0.3088911264926951
119,0.09685181578247073,0.3086581207687667
120,0.09609189116251929,0.3081929192005332
121,0.09534153408251346,0.3084402753253972
122,0.09401653735450466,0.3081934762019714
123,0.09327038484508728,0.3082806990650352
124,0.09271271093021168,0.30838507828221784
125,0.0920921859819639,0.3083473940718004
126,0.0914901422400528,0.3086461744708361
127,0.09059155263609839,0.3097422599069223
128,0.08991555071953682,0.3086497474809681
129,0.08939177995519437,0.3087112459739421
130,0.08897096469146362,0.3085877736812194
131,0.08808422393575108,0.30909251289961825
132,0.08733230378494491,0.30910391311055474
133,0.0864368447467781,0.3094749844226431
134,0.08582066434896005,0.31013556599749004
135,0.08536956636205052,0.31067360021589807
136,0.0844101062819717,0.31077710322340146
137,0.08373059561119493,0.31000854093712615
138,0.08328208965528039,0.3101668674632511
139,0.08276503554008566,0.3097256450811113
140,0.08184923715926457,0.3106298009054252
141,0.08110214381608007,0.31060728637549356
142,0.0803521767793802,0.3098854930026309
143,0.07982603134783986,0.30975568894132216
144,0.07949405296784064,0.30987748896530387
145,0.07886689244106926,0.31055780165485797
146,0.07819509014477091,0.31126684212028355
147,0.07750470021997237,0.31120740872152425
148,0.07674890061827001,0.3107482466817003
149,0.0763069206813125,0.31076022639971046
150,0.0756034414217557,0.3110593302278875
151,0.07507953639548093,0.3115656828749231
152,0.074608870588848,0.3115093357325215
153,0.07408445307428514,0.3119466883851275
154,0.07358073793478385,0.31258786054348714
155,0.07291249201307178,0.3118841806969567
156,0.07256203835718159,0.312100244286131
157,0.07224532445339495,0.31243696236531066
158,0.07163223885355907,0.3122435885123306
159,0.07128099738179654,0.3121056962582758
160,0.07085522646461397,0.31186918079003356
161,0.07044459252287769,0.3118777741697135
162,0.06977900045525874,0.31246854045768263
163,0.06958004823271374,0.3126536672787443
164,0.06926959878847147,0.31268493932244384
165,0.06871171790212836,0.31359281620155444
166,0.06842728029947653,0.3132679158340658
167,0.0680963886952153,0.31323122935264947
168,0.0676206578936512,0.31320023931236207
169,0.0673213240014991,0.3136699924294202
170,0.06705424831294379,0.3140498089630762
