0,0.5705517914438437,0.5736689570824621
1,0.5416358287974289,0.5463195694073532
2,0.5149343391397622,0.5229692071913251
3,0.49202847300243474,0.5049370213543207
4,0.4730068468400892,0.4894287146435343
5,0.45623122956585266,0.47650144526190596
6,0.44019622394543184,0.4647790040250564
7,0.42700295911615394,0.4535362285156373
8,0.41507816776751644,0.44591881324413046
9,0.40534336029255047,0.4385697601981476
10,0.39655359290621606,0.4319798784037945
11,0.3861207756294306,0.42561017646348737
12,0.37777527404140754,0.42002433542880574
13,0.37031519926840284,0.41511980154612665
14,0.3630007849183107,0.4104938327777338
15,0.3561969764785917,0.4066278965510502
16,0.3496091507907953,0.4034608951575358
17,0.34358354440179045,0.3998876315343451
18,0.3382249934101235,0.3964584616066566
19,0.3332374798949686,0.3930544530598828
20,0.32825037820196257,0.39003326249851383
21,0.3240230330825592,0.3857139748508188
22,0.3207828850219953,0.3837715590272699
23,0.317430404561471,0.3816336666383812
24,0.31229399115516776,0.37809524978057407
25,0.3100900746569363,0.3762969639574439
26,0.30712057073168686,0.37474370996280765
27,0.30525456662747597,0.3732814886283211
28,0.30243550178566214,0.37219492370118323
29,0.29975306176670197,0.3703282786899841
30,0.29786186414292637,0.3692973390199377
31,0.29542049943435245,0.3682386522101716
32,0.29224111030919636,0.3653503474640562
33,0.29003663815450675,0.36343432620360294
34,0.28759685978977806,0.36143520413333213
35,0.28558138732788224,0.3597721872503164
36,0.28312500859698597,0.35791892996779967
37,0.28054402082651675,0.35624745674616476
38,0.27897909289233336,0.3553311594060176
39,0.27764752693104355,0.35428130052146867
40,0.27610144018109556,0.35376882924889
41,0.274946015920072,0.3526206849676151
42,0.2733051168511306,0.3521487689364116
43,0.2713630749236389,0.35147304088247583
44,0.27032607525139457,0.350835065070399
45,0.26911957844372286,0.35017635185034507
46,0.2680930898204823,0.34971455442228505
47,0.26631566869648027,0.3492257074077075
48,0.26467209003029657,0.34773456165659616
49,0.26241006060709665,0.3466949614586964
50,0.2610046001009702,0.3460455177366645
51,0.26002662473745725,0.3455478587978432
52,0.2587291198110258,0.34508559010759976
53,0.25764191522176977,0.344115407202415
54,0.2555202128964013,0.34326282875319836
55,0.25449338653069375,0.34293464478753344
56,0.25361579322360656,0.34305953253319793
57,0.2523671290321625,0.34177904669380565
58,0.2505339568100736,0.3412527826070326
59,0.2496894298740057,0.34041418804403833
60,0.2487713074775888,0.34031467428745676
61,0.24781334247600098,0.33920065023534546
62,0.24619941811318682,0.33854570139429085
63,0.24549478031912228,0.3390210870084969
64,0.24473061563693127,0.33850168704775496
65,0.2438421070780568,0.33838368465690677
66,0.24250996632380328,0.33747185271503644
67,0.2415141560624667,0.33727570187122696
68,0.24004920674007027,0.3364783721507544
69,0.23874706162815837,0.3359550708927081
70,0.23773363106463255,0.3357919163263179
71,0.23728318468809995,0.3357045832988075
72,0.23543679502296938,0.33425169803339166
73,0.23474457806999155,0.3343715472831937
74,0.23352025202803808,0.33404415595728465
75,0.23273389242231557,0.33306254832181437
76,0.23171144000521854,0.3328832710961669
77,0.23064799242201628,0.3320982499412866
78,0.22970459174990002,0.33212868128968015
79,0.22791353182528676,0.33136742600012076
80,0.2265853074750592,0.33086383182214757
81,0.22549177916714036,0.33049517773669473
82,0.22462374495842716,0.33024193798460316
83,0.22367027219590224,0.32998495877333445
84,0.22275052526008518,0.3292596151461643
85,0.2222232053291271,0.3290592351267355
86,0.22158948742519127,0.3290406417668192
87,0.22091154526452542,0.32837270504783905
88,0.2204901057442552,0.32819068898070997
89,0.21915227047939043,0.32808123271779027
90,0.21832331032617075,0.32823707405468505
91,0.21773646475852199,0.328248741563454
92,0.21705726280985557,0.3273589024783129
93,0.21640127419948194,0.3273563182317498
94,0.21587568906271348,0.32690781271585057
95,0.2153489231094977,0.326791106583458
96,0.2141448201816492,0.32589466386348764
97,0.21313488911125206,0.3258676512317758
98,0.2124363955890884,0.32528519739533884
99,0.21170129041860755,0.3251098448014402
100,0.21120132988630014,0.32461234449944043
101,0.2104179820155886,0.3246404764554454
102,0.2098902539319341,0.3242698197181764
103,0.20884774765751188,0.32411293245094713
104,0.20823876064778477,0.324331634616383
105,0.20693376566833227,0.32362125521325774
106,0.20634761276618369,0.3232959827633156
107,0.20588008789974518,0.32326811180537046
108,0.2053768056171531,0.3229249758649595
109,0.20446893385548584,0.3220992036618359
110,0.20412111473457042,0.3221058225162905
111,0.2035895607178955,0.3218113988287058
112,0.2026341358752775,0.32142725034578007
113,0.20143557990630193,0.3207128556509119
114,0.20087035810376047,0.3211397774101866
115,0.20028407463090367,0.321182131647386
116,0.1997429088478059,0.3211398533000157
117,0.19872704331285404,0.3212417871969017
118,0.19819481755873186,0.3209684372654603
119,0.19753515836782753,0.3206169772708037
120,0.19704345610192048,0.3204833168215183
121,0.19628635056334426,0.3203469361757182
122,0.19591773802492224,0.320143299795702
123,0.19536296310180257,0.3196060064343169
124,0.1949085585049066,0.31929565859990006
125,0.19460137794337623,0.31902292469297916
126,0.19374496152933388,0.3183052746790126
127,0.19299628639784702,0.3178766667773432
128,0.192491578534264,0.3177656587815027
129,0.1920543748002394,0.3179247753810837
130,0.19158886929374194,0.3182443370510293
131,0.19105917615159354,0.31834971813959945
132,0.19021321391691884,0.31881419939491673
133,0.18970741322525345,0.31871221158130436
134,0.1892033760879113,0.3188199661757749
135,0.18883156029751677,0.3187522858267402
136,0.1881915870445846,0.3184172980409582
137,0.18777245926000677,0.31843848435821986
138,0.18727051393085464,0.31812981974447396
139,0.1868781136689188,0.31849752705674766
140,0.18649475281048186,0.31832647410283427
141,0.1858906596657416,0.31857464962340815
142,0.185465275855525,0.3184509210443128
143,0.18483897542098654,0.31843812099244134
144,0.1844593182374014,0.31849715346285323
145,0.1840139495610822,0.3186668916767422
146,0.18334217341319642,0.31845739297661374
147,0.18305327330375842,0.3184107143830445
148,0.1826183868224951,0.31871168859206717
149,0.18230383360811372,0.31886724355282486
150,0.18199000026556258,0.31851128737556067
151,0.18168724079136833,0.3183360304741307
152,0.1809862331677295,0.3182268405678473
153,0.18036938897591148,0.31751803470248724
154,0.1795934451040613,0.3171062004318735
155,0.179245523566911,0.31741431978587653
156,0.17890934550795054,0.3174914415822981
157,0.17827448430023726,0.31712728325591405
158,0.1776655232888723,0.3175758288969114
159,0.1770827194732219,0.3175255181022529
160,0.17649113533949265,0.3176121105676958
161,0.1756232656582301,0.3172906410255956
162,0.17531267217287141,0.3172498258248723
163,0.17463531100575913,0.316722111015027
164,0.17426553976743103,0.31634962145576095
165,0.17386440445066456,0.3161349682138296
166,0.1731381036621304,0.31580449437984554
167,0.17288159309046403,0.31582079619510844
168,0.1726428381740296,0.3154737460623712
169,0.17229477639341045,0.31538843040592474
170,0.17189085367453621,0.31547983492276527
171,0.17145022338077281,0.3155285812836607
172,0.17097339646619317,0.31558057520733906
173,0.17056272695427843,0.31539187032732163
174,0.17027983587520065,0.3153646670681819
175,0.16976175680734604,0.3152240320471269
176,0.1694311299146261,0.315598977897705
177,0.16912143909037824,0.3156240182409385
178,0.16883685469015594,0.3155266805623693
179,0.1685946311985139,0.3152955309690391
180,0.16830734522577862,0.3154597798168889
181,0.16799822660798186,0.31520545292957214
182,0.16755366708716615,0.314453729175732
183,0.16705496780932239,0.31428803504554825
184,0.16669792602493733,0.3145380234364309
185,0.16618544516493977,0.31495325029161103
186,0.16589404946990088,0.315169261133152
187,0.16569356608132638,0.3147093737305829
188,0.16547431056904482,0.3150666349785723
189,0.1651994672863672,0.3149227785527712
190,0.16479135710056345,0.31463123362955303
191,0.1645884635819394,0.3144100560363712
192,0.16418220146428314,0.31374918971760163
193,0.163666336184639,0.3138721664357471
194,0.16325923334818718,0.31355637994492574
195,0.16285067730701863,0.3139022543236463
196,0.16261188916013694,0.3143833194002759
197,0.1623150705632822,0.31474877000454476
198,0.16207310344673354,0.31486854908078776
199,0.16177006574205882,0.31497897520391954
200,0.1613931743850767,0.31482348149544215
201,0.16101495730682566,0.31457109200568206
202,0.1607829022676524,0.3146110312111961
203,0.16022354120986543,0.3143348392706909
204,0.15991199971153564,0.3145100440401593
205,0.1596355862969157,0.3142926367466101
206,0.15920663072688082,0.31413283712109347
207,0.15874816864486618,0.313866414082057
208,0.15839919824448095,0.3138324419798183
209,0.15802644967279433,0.3140805855389475
210,0.15754252597302926,0.3142466149221139
211,0.15712996964163586,0.313969294679565
212,0.15676411237509744,0.31450539134548344
213,0.15661474725343896,0.31494620218146296
214,0.1560321617533086,0.31488238642708294
215,0.15563987428848441,0.31529503645422585
216,0.155087934961884,0.3154128630147741
217,0.154785844495215,0.3152809929384787
218,0.1542382336820706,0.31469699286390096
219,0.15396491510386864,0.314526722680594
220,0.1534272586581618,0.3144409178786728
221,0.1530512397962425,0.3145486759440788
222,0.1528609827503723,0.31473218604864894
223,0.1525976558552272,0.3148410785659753
224,0.15237146478705615,0.3150261019992551
225,0.15198561361439544,0.31460525249256005
226,0.15167796484067184,0.31500277709469077
227,0.1514019511967584,0.3149115288672713
228,0.151223520795051,0.31492616040317367
229,0.15098660333860572,0.31517416419957583
230,0.15066799809949868,0.3150929247207799
231,0.1504736611785313,0.3151967396560888
232,0.15021541345598757,0.31507561696303554
233,0.1500021463312135,0.3152212449531145
234,0.14974142277881836,0.3154139595939898
235,0.14951458028796275,0.31526171690569155
236,0.1490935710286354,0.3151312767265079
237,0.14881259372207342,0.3149745299305654
238,0.14853780303143363,0.31503298566257765
239,0.14834150388501488,0.3145584268305658
240,0.1480908866738149,0.31460729053926284
241,0.14783358136396588,0.31455689008571264
242,0.14756587977773028,0.31408573713287374
243,0.14732917230016165,0.3138989667481304
244,0.14700044686441302,0.31409710978986843
