0,0.5696610199892997,0.5734862332429289
1,0.5403292579407546,0.5464585560791069
2,0.5152488981105566,0.526008958494533
3,0.4943686708426813,0.5072284998018904
4,0.4766171854262261,0.49170071775946383
5,0.46136410735308875,0.47784927039006736
6,0.44622365674843467,0.46428968623472894
7,0.43235145329777824,0.4526613668687531
8,0.41876394487593643,0.4411594661280084
9,0.40711043749179443,0.4322530756137577
10,0.39780835534240344,0.4244102798661267
11,0.38921465770220504,0.41752268687674876
12,0.3806084994312726,0.41165801375926786
13,0.3732392802457079,0.4056533343623861
14,0.36693733871567774,0.4014346207665
15,0.3600727023692352,0.39695484575176426
16,0.35334779803928146,0.3905462229248902
17,0.3475854903411445,0.38676753013497434
18,0.3415428617599586,0.3830125337501742
19,0.33650826637246695,0.37877017363920706
20,0.3322937846422447,0.3761078996404399
21,0.32804571847640196,0.3731155969579857
22,0.3239034924601573,0.3702236152260519
23,0.3197520718585329,0.3681356751738262
24,0.31573856567123526,0.366124421587471
25,0.3127800373761536,0.3639281351626097
26,0.310042561477997,0.3625651499942729
27,0.307886024875516,0.3616560443703089
28,0.3052817327892008,0.3600978472278395
29,0.30281920512240385,0.35877326067607357
30,0.3008031760540617,0.3577387598051866
31,0.29742500145956857,0.35467910156571403
32,0.2958826164441863,0.35326591165146265
33,0.29300159856636354,0.3511496279407163
34,0.29034162835970334,0.3490123091304403
35,0.28787082460574087,0.3477026056146847
36,0.28523281495301234,0.346477445348165
37,0.28336879767723583,0.345489526998026
38,0.2817601055667259,0.34409514099707256
39,0.2799317783587974,0.34301427224060926
40,0.27824463250463805,0.34232292226640565
41,0.2765751156862524,0.3420621969930406
42,0.2747221936242572,0.34109721192026504
43,0.2723915957812676,0.3398478478803683
44,0.2712188096698961,0.33900402183528866
45,0.2692232853791977,0.3378472739188768
46,0.2673940437006146,0.3364916915553062
47,0.26579143978060515,0.3357032892898154
48,0.2643017633023679,0.3347220154776947
49,0.2631090153126647,0.33429781883370496
50,0.2618364949250672,0.3336667335613482
51,0.26078858907950375,0.33305364565844275
52,0.25899866822600986,0.3316407317800638
53,0.2573968050809476,0.33087230639674636
54,0.2562124540382704,0.3306674450791285
55,0.25542788464540855,0.3303967552202224
56,0.2543245485727311,0.32995620681215243
57,0.25306555764739935,0.32969406582119154
58,0.2519822564401123,0.32904584905042017
59,0.24999641712804918,0.3276419951890289
60,0.24838212550288657,0.3266827140147719
61,0.2476077764356328,0.3261950594588537
62,0.24665843389605951,0.3257911003674746
63,0.24485904750024967,0.32465809189678424
64,0.24381731307621549,0.324063454526213
65,0.2429340140499047,0.32401584270442607
66,0.2421896458502377,0.3237354639120393
67,0.2405148513031407,0.3221498221434586
68,0.23898671677374025,0.3214255916999788
69,0.23828968201871006,0.3214572627289737
70,0.23639513115366903,0.32135570324890783
71,0.23569770136650126,0.3211184921022412
72,0.23506360592622136,0.3205892508359332
73,0.23427224362341662,0.31984486573957494
74,0.23324741861351186,0.3195896551074033
75,0.23254374727994845,0.3192321445613493
76,0.2317769010588277,0.31918772943354884
77,0.2308512628172125,0.31845655166400666
78,0.23000385163459203,0.3180166687242975
79,0.22871994748059407,0.3178278342908565
80,0.22774168201899125,0.31770251439320146
81,0.22681027372893356,0.3176976592837654
82,0.22611648975072468,0.3176461714851673
83,0.22496540997332776,0.3173794103268434
84,0.2240992644190028,0.31694920096165374
85,0.22276231806616797,0.31658071999242965
86,0.2221209486390954,0.3161643111797155
87,0.22163892265422877,0.3160902628926662
88,0.22101552674532038,0.316055722299745
89,0.21994925464839038,0.31635539008113955
90,0.21939625739763338,0.31625488392228135
91,0.2183585817887935,0.3161462269854744
92,0.21780724930870693,0.31630630072579896
93,0.21698040868483368,0.31601983476929596
94,0.21642403731616142,0.3157619407692741
95,0.21589543369406963,0.315585098673276
96,0.2149460486034965,0.31474535542335863
97,0.21430404663598432,0.3145942556345327
98,0.21355061630278072,0.3139742036010652
99,0.21215370101610215,0.3126255662384875
100,0.21139638056556054,0.31245509487906953
101,0.21044260647344704,0.3119843748829105
102,0.20991854924138062,0.31171829790633465
103,0.20943541407809707,0.3116538583739386
104,0.20879241050663214,0.3114655730457904
105,0.20820724359747722,0.3116856708872024
106,0.20749955361879907,0.3112114827956009
107,0.2068145031657908,0.3109106379223556
108,0.2063959222966294,0.3109596657165342
109,0.20549140789268316,0.31053198731939985
110,0.20428249632189457,0.30977499236185346
111,0.20374245739341668,0.31045222617621054
112,0.20284903658644615,0.3100545631477456
113,0.20175879011020853,0.30948870779036397
114,0.20077730107082084,0.3090523475015308
115,0.20009787342113797,0.308526778357823
116,0.19950321226142326,0.3081991751072512
117,0.1986041767908913,0.30773878243521535
118,0.19824916580494198,0.30747417122904347
119,0.19779132481716225,0.3072781801975657
120,0.1972950799218956,0.30676901214658964
121,0.196959133426524,0.306952433800741
122,0.19578526025743906,0.3065722357798941
123,0.19511940984141202,0.306404103325678
124,0.1945834975456183,0.3063653960579853
125,0.1942299685787515,0.30647109140056555
126,0.1936908286680156,0.306207386085943
127,0.19312185002219137,0.3059440385517891
128,0.19240866333680093,0.3060904440595819
129,0.19173804918209958,0.30561171683770455
130,0.19119672188840608,0.3054304668779717
131,0.19049717911134278,0.30560117904624007
132,0.19001713426843117,0.30537653655921737
133,0.18969763223994648,0.30552857568998043
134,0.18911331579539448,0.30559956111095277
135,0.1884740158751434,0.30541654743111757
136,0.187962658310458,0.30540485422301744
137,0.18704132812562752,0.3052011786408856
138,0.18675419989771408,0.30551871832954036
139,0.1862316934974887,0.3058077008851879
140,0.18583053762952584,0.30596561505817166
141,0.18549437493451035,0.3061582326284187
142,0.18489507309205994,0.30622365193528445
143,0.18447572999405584,0.3061833915891646
144,0.18402743935352597,0.30628367068381035
145,0.18349093077446446,0.30550157384023946
146,0.18279184325629863,0.30605807788152145
147,0.18196116440634258,0.3055764491648562
148,0.1814936715667211,0.30607044984990694
149,0.18076051305427335,0.30582032263438036
150,0.18046016783125932,0.3055382489740974
151,0.17967866469210586,0.30509229869763954
152,0.17922771017339223,0.3050129206951933
153,0.17867792856978168,0.3051850604894085
154,0.17823138256537166,0.3050418059543227
155,0.177808056105086,0.3046012795571878
156,0.17745139237225813,0.3045121915680065
157,0.1768529071673038,0.30449681597495454
158,0.1762886261795563,0.3047023127685544
159,0.1759270399949727,0.3046487891395015
160,0.17559554122028392,0.30451477409845407
161,0.17518883217437767,0.3044651346350534
162,0.17485165289052867,0.30480939765204607
163,0.1743835973201136,0.30459617718715726
164,0.17401789647763743,0.3043995183708041
165,0.17333932848500266,0.3042965599996072
166,0.17274250958172332,0.30399059292780795
167,0.1723007384550577,0.30410520973048416
168,0.17202865263359976,0.3041461969734111
169,0.1716450338341737,0.30388913532444334
170,0.17135439382862902,0.30365410312300856
171,0.17090568762780928,0.3037686198707041
172,0.1705678202173871,0.3037777511017303
173,0.1699801988336046,0.3037457418218329
174,0.16974389690981898,0.3040423960567849
175,0.1690591043365221,0.3045085137804772
176,0.1687652917952259,0.3048497874489981
177,0.16835454845887607,0.3048266522878135
178,0.16793655036496027,0.304596758000192
179,0.16756255010793714,0.30481600601091063
180,0.16733549967699465,0.3048631031990566
181,0.16681676272565127,0.30495445100061574
182,0.16615006885532246,0.30428411772792796
183,0.16579539552306688,0.30406356983829214
184,0.1655424926143791,0.3041212384322198
185,0.16440206923513268,0.30430903001998244
186,0.16396094548589057,0.30407108542118166
187,0.1637118416465715,0.30395427237397993
188,0.16345982827435368,0.3040084687254439
189,0.1631389276084007,0.3042220967376
190,0.1627005363385759,0.304359732919429
191,0.1624217956996543,0.3045871167045083
192,0.16218434717577979,0.3048588671185568
193,0.1616930971545095,0.30462059586113754
194,0.16100464606858714,0.3047429938715547
195,0.16063012932167628,0.30493930592955404
196,0.16016485816989323,0.30520335042871377
197,0.15979384325949098,0.304772906387345
198,0.15913946922618835,0.30473440987970807
199,0.15880992064825583,0.3049567190520077
200,0.15810102874442966,0.30455046905622685
201,0.15775453932436476,0.3041167101060256
202,0.15743896235550678,0.30418553149980576
203,0.1572279077056108,0.3044476987268728
204,0.1568037089005391,0.30421887428819755
205,0.15649114315915966,0.3044829177980005
206,0.1562214901217294,0.30415499892294806
207,0.1558364106148855,0.3042138044538796
208,0.15558573527172345,0.3037508232999952
209,0.15509934014747018,0.30362041652283067
210,0.15483373254900676,0.3036695741706129
211,0.15438693291038763,0.3035320445632538
212,0.15408570417862705,0.3037635137330715
213,0.1537565612928562,0.30331721065691725
214,0.15323180235958878,0.30311221639161456
215,0.1526837241881857,0.3027836807733892
216,0.15237550160236243,0.30279088647418323
217,0.1520537440930159,0.3022648572705338
218,0.1517708608830049,0.30234576801121116
219,0.15144274454673246,0.3022162144758129
220,0.15114587418638936,0.30224192025678187
221,0.1508855452858881,0.3024430593453503
222,0.15051856045615827,0.30228601159114493
223,0.15021780759664144,0.3021801867031667
224,0.1498871456998728,0.30180709072954715
225,0.1496309349803959,0.30173649382661905
226,0.1494044578094882,0.3017241448356355
227,0.14892206475317782,0.30116495867921067
228,0.1483993053778327,0.30111096000281284
229,0.14812568337152968,0.30098455428361315
230,0.14781233707570887,0.3012435735939043
231,0.14745634314524317,0.3013355058912454
232,0.1472285200026442,0.30124033049586885
233,0.1470190298312575,0.3015157079017539
234,0.14657645769335936,0.3015031769468015
235,0.1462513590462952,0.30197440957707883
236,0.1460458361419552,0.3016679177230433
237,0.14582169491728653,0.30200627217644527
238,0.14542969218391077,0.3021821800685028
239,0.1452543241105595,0.30199742124576856
240,0.14492301282836928,0.3017915664169042
241,0.14465697079874146,0.3018637752318117
242,0.14432249037141404,0.30157999878299774
243,0.1440107480723777,0.3011054615307481
244,0.14373481188965986,0.30066601184586134
245,0.14341006806805529,0.30032344137678196
246,0.1431294140336543,0.3005826626680033
247,0.14295174634696217,0.3008284177268137
248,0.14258790005434735,0.3006928224799102
249,0.1423180947790946,0.3006818270800467
250,0.14210880908989093,0.30053545285109706
251,0.14170611539239497,0.30059639970719254
252,0.1414314449609346,0.3006696103521287
253,0.14130197846737044,0.3009449943894097
254,0.14095048946318633,0.3005608432956758
255,0.14072145034546582,0.3004816508266516
256,0.14035234775009484,0.30042117449735656
257,0.14016939512619214,0.300560961305321
258,0.13984261344518603,0.3005093854993985
259,0.13970328458092646,0.30074964082638467
260,0.13951981565770216,0.3008051911039951
261,0.1393606201225936,0.30117712180405787
262,0.13912499909163023,0.3015840922706819
263,0.13856993667300138,0.30145097750110983
264,0.1384051173426667,0.30145553312432705
265,0.13816614740377609,0.301656109366664
266,0.1380111361441656,0.3015694512159988
267,0.13756945885962493,0.30124150820309065
268,0.13724028777860953,0.3012234001223214
269,0.13700897836222423,0.30141513522269525
270,0.13673544150148628,0.3016734276180292
271,0.1362407911424163,0.302009412545647
272,0.1360671561909666,0.3022084701797058
273,0.13590595283103135,0.30237751839233445
274,0.13556742346418296,0.30247830160879163
275,0.13519908299390135,0.302382461264588
276,0.13484122167944274,0.30259893371183944
277,0.13473924586650812,0.30261784529023505
278,0.13435110950054507,0.3024462766972183
279,0.13409776522091452,0.3022857671237089
280,0.13388659672750108,0.30238843898500695
281,0.133700532500615,0.3024242815794886
282,0.13347268937019618,0.3024646211849052
283,0.13329696738857152,0.3025987145489557
284,0.13309331878152245,0.3025710092792278
285,0.13291916650086436,0.3026366588996461
286,0.13257127740978744,0.30252767489971494
287,0.13241374642028064,0.3025559334330864
288,0.1322265861086948,0.30223211208279793
289,0.13206733422896075,0.3023818114445505
290,0.1318128515821057,0.3024247684136825
291,0.13167534070732678,0.3020840066532737
292,0.13154024666897732,0.30207615640650703
293,0.13117771505756948,0.30214839556072715
294,0.1308967074567694,0.30231507564143417
295,0.13072248547971513,0.3024814608519575
