0,0.6756425510728576,0.6766158185680607
1,0.6586142526538228,0.6613957463112736
2,0.6444509654721191,0.6481923619218126
3,0.632980974264563,0.6387579485984144
4,0.6175641717072631,0.6252286735970732
5,0.607067791438811,0.6156315832193615
6,0.5982489696497794,0.6073737230773258
7,0.5861789168651627,0.5963877080479169
8,0.5784274921719277,0.5905147691995065
9,0.5687407607593267,0.5819767597393052
10,0.562045911396429,0.5767599733425356
11,0.5519858903694478,0.5695690357682308
12,0.544012548233068,0.563766799780795
13,0.5380644728499778,0.5597878632942839
14,0.5323436602540442,0.5562914160737538
15,0.5265218494624931,0.5515431721105497
16,0.5209804274163453,0.5467912815952816
17,0.5160640870584576,0.5437467947000452
18,0.5105831350706775,0.5405275730104558
19,0.506532840986502,0.5371116074570607
20,0.500688433827364,0.5313658874470084
21,0.49656427086769406,0.5290657586470221
22,0.4929877543812576,0.5270203001557847
23,0.4895448213814409,0.5252827666634041
24,0.48584664819804946,0.5220252471869182
25,0.4819720392352984,0.520531634782713
26,0.47861271522330634,0.5179699589116761
27,0.47509776505841295,0.5151196784905034
28,0.47100134682429234,0.511832081171458
29,0.46729346840762287,0.5096848137269105
30,0.4639764643384293,0.50731329461123
31,0.45979709344237313,0.5048739650433002
32,0.4560072666843809,0.5026113628064415
33,0.4527149501180573,0.5010041241268954
34,0.4503443835334207,0.5002699480045328
35,0.4482748756121658,0.49909001786472684
36,0.4454278769124198,0.49665534445297077
37,0.44348581982793756,0.4954698260029864
38,0.4405267226376563,0.4935063002424452
39,0.43863328273215846,0.4923935002891652
40,0.43638979513990855,0.49080547561361254
41,0.4343996254080759,0.48958614007329687
42,0.4325325565184672,0.488392351216125
43,0.4305224340924062,0.4869231558152802
44,0.4282163905165449,0.4860059722655387
45,0.42555742189110884,0.4848288662969467
46,0.42381334435583706,0.4843131594735862
47,0.42188127540562037,0.483036140187328
48,0.41978573436747146,0.4817927528795906
49,0.4178735815252525,0.48100976498886083
50,0.4165821506275234,0.48022891598992673
51,0.41444675959134636,0.4793376778196003
52,0.4124552037560992,0.47800582441786155
53,0.41065961774414,0.47696132208738884
54,0.40943899420623014,0.47676467933916206
55,0.4075171568076698,0.4757417039407648
56,0.40552561119407565,0.4745766014498516
57,0.4036708308761472,0.4736552539809055
58,0.40250422802002633,0.4731574705184557
59,0.4001023739107601,0.47216485331601465
60,0.3989973679153402,0.4716995697520598
61,0.39803639879317754,0.471284060554126
62,0.3961183908374543,0.4699807293205136
63,0.39488302881034504,0.46986664031809655
64,0.39343267483250227,0.4691730794058456
65,0.3915418086919619,0.4685366271357511
66,0.38987026296057714,0.46773110081714636
67,0.38894809005442765,0.4673295378151658
68,0.3877511947013747,0.46678021850922813
69,0.3858901989547043,0.46637991551811137
70,0.3839643262651683,0.46556253090454114
71,0.3826626678788407,0.46470901271685405
72,0.3815797759008776,0.4645039969200632
73,0.3800204714330343,0.464039676830079
74,0.3784777613225246,0.46297766376685723
75,0.37722908881643824,0.4624204136720566
76,0.3761418454089068,0.46167771294580034
77,0.37486213486431896,0.46115195172632845
78,0.37314331778794124,0.46071881051257013
79,0.3720403556080996,0.45997808339535284
80,0.37059102976606567,0.45883031677912495
81,0.36935785597625026,0.45814721936668873
82,0.3681373277045402,0.4578962248442911
83,0.36679563762537865,0.45750775422720846
84,0.3654300229776057,0.4571465895093869
85,0.3642406426941296,0.45655615458468213
86,0.36311504407287304,0.4561874017366797
87,0.362050238093733,0.45565632484748114
88,0.36076394374010395,0.4556586194192631
89,0.3596302466302078,0.45488531534626553
90,0.3580885817556037,0.4541708605156562
91,0.3563616553337729,0.4537443670201343
92,0.35437536404962705,0.45303102713308646
93,0.35335334156721854,0.45281093044657633
94,0.3522979699177636,0.45249386369453437
95,0.3514772388850716,0.45216229246560347
96,0.35027027364200836,0.4513095690089252
97,0.3490914324608203,0.45069633529035463
98,0.3484189671006604,0.4500993581340895
99,0.3472217252119064,0.44927981446804016
100,0.3466047754207443,0.4494355937650093
101,0.34540096484961696,0.44884259166506385
102,0.3447024418873712,0.44837839302695465
103,0.3435353358610263,0.4477183280952362
104,0.34286906207317625,0.4475439299865945
105,0.34201113572243247,0.44721519872598586
106,0.34072832622770405,0.44634553297219787
107,0.33986145176708366,0.4462792835432539
108,0.3390466364717518,0.4459468248012047
109,0.33756329375928495,0.44514672612143535
110,0.3366775201092455,0.445160594496462
111,0.3357909896669251,0.4448567518569267
112,0.33449801763737763,0.4440706509370631
113,0.33374789596182974,0.44373922607113175
114,0.33307430134141314,0.4429538600278799
115,0.3319098239234286,0.4422294622369193
116,0.3307763867586371,0.4416648221834002
117,0.3299243567250974,0.44131141573904015
118,0.3288356344137531,0.44121642354857044
119,0.3282671551201163,0.440996018816847
120,0.3273600755067862,0.44104272340214057
121,0.3266036770883342,0.440592452433748
122,0.3257353843595737,0.4401947990265532
123,0.32490410123383784,0.44007062116924933
124,0.32339498728805205,0.43881412611338894
125,0.3224593372446833,0.4385236540527974
126,0.3214236768683901,0.4378781092176957
127,0.32044972680920714,0.4375808084279976
128,0.31943039872498696,0.4370710659141211
129,0.31825503753018136,0.43625340302637505
130,0.31738181961215334,0.43606041550792557
131,0.31670087073495584,0.43574667160464753
132,0.3156608950849913,0.43536136391842795
133,0.3148558229363582,0.4348844897261125
134,0.3138116303109521,0.43432863881954625
135,0.3128836644129513,0.4338895909098808
136,0.3116442458755813,0.4334834926252703
137,0.3104916718738469,0.43342539451367085
138,0.309638062219731,0.4327768336224347
139,0.3088456026711478,0.4322097780129124
140,0.30803863444330354,0.4317815857680773
141,0.3071362054378716,0.4312893326005541
142,0.30608299760304997,0.4307299378817042
143,0.3051960013271119,0.4303285867776201
144,0.3044834443233354,0.42984956115505335
145,0.3039523175475169,0.4298489092198312
146,0.3031173724047948,0.4290808357227754
147,0.30192485170405897,0.4281796762771035
148,0.301211283005776,0.42796544499091504
149,0.30039647122106,0.4279600398008516
150,0.2995357974308085,0.42723854936415834
151,0.2989147645900158,0.42677518419647803
152,0.29812344705561405,0.4264259894685841
153,0.2973501784404473,0.42612651323755973
154,0.29656836704579714,0.4260507481059056
155,0.29576721916158866,0.4257609654999258
156,0.29497251716697703,0.4257639323052433
157,0.2942291171938189,0.42510872615299045
158,0.2937239116269966,0.42492105494331744
159,0.2929943629626422,0.4249653117139971
160,0.2923427213016851,0.4244876792294595
161,0.2914943294395318,0.4239928802335053
162,0.290782678676875,0.42381295336460173
163,0.2898602393218726,0.42358580642125937
164,0.2891164709649687,0.42335398774846045
165,0.28823493324621957,0.42312583047408525
166,0.28728397567038844,0.4228195810872762
167,0.2861955422093684,0.42190973954628624
168,0.28564982629225283,0.42179598005356655
169,0.2846477426620047,0.42107740764863244
170,0.28334762392151525,0.42079403645364133
171,0.2824359109407099,0.4201714880444356
172,0.28165168436591254,0.4200879438774009
173,0.28080701023958643,0.4192662412797316
174,0.2797600699358718,0.4184553257371696
175,0.27905938925456425,0.4180694271330104
176,0.2780185142557102,0.4176927573417749
177,0.27729361923423795,0.41744400989346414
178,0.27633879437920533,0.41696137720823184
179,0.2754651675423735,0.41673613096958934
180,0.27420935140464264,0.41531887121263655
181,0.2729797434045025,0.41498415148567674
182,0.27201038388672755,0.4148074658257932
183,0.27117995848766463,0.41484824941578086
184,0.27028161553582786,0.4146337399231655
185,0.2693234750375195,0.4144665298335588
186,0.2687972281138016,0.41426355906335594
187,0.2675847904192899,0.41435195256877233
188,0.26686582420274374,0.4139813767893584
189,0.2660665402684716,0.4138063940474995
190,0.265470843288497,0.41342028766397926
191,0.2645839758497002,0.41289162165062204
192,0.2637435917752644,0.41216601153205085
193,0.26281811837811037,0.41185594177916457
194,0.261816684090186,0.41121092378960356
195,0.2607472196695014,0.41114220067744484
196,0.25990328905863197,0.4109325438459877
197,0.2588583665353153,0.4105276747162841
198,0.2578759075383952,0.4100777913216028
199,0.25706777304062334,0.40972184650608034
200,0.2562422417606464,0.409490554560808
201,0.2556274088043961,0.409460056966754
202,0.2547866749962998,0.40894748060445607
203,0.2537054976671461,0.40795837490725617
204,0.2528209686702737,0.40733973233475734
205,0.25204575306851884,0.4070638097946176
206,0.25124285463169865,0.40638085312434696
207,0.25043377309728404,0.40650168164899586
208,0.24964568065343995,0.40597550897325824
209,0.24896072600841396,0.4059272926739584
210,0.24805713457257508,0.40608067812016707
211,0.24705772454959435,0.40544893670598947
212,0.2463976296672793,0.4049729226419566
213,0.2458492688762781,0.40436378991696276
214,0.24514514119065206,0.40423730259980434
215,0.2445028763714446,0.4040345248403307
216,0.24394476377488192,0.4041389281991694
217,0.24317375152757598,0.40375184604379255
218,0.24216151205286632,0.40341278064442826
219,0.2414767774638796,0.40304165969365313
220,0.24069787358888284,0.4027524928499183
221,0.2398607225538663,0.402728022017238
222,0.23895238646944458,0.4024326001915095
223,0.2382371688599888,0.4021431225755669
224,0.23730715223719268,0.40204680315211
225,0.23657223848567424,0.40158263268088706
226,0.23594997087141492,0.4012058094334275
227,0.23515334560361303,0.4009671163562084
228,0.23450620170163708,0.4003511421695802
229,0.23373533068818098,0.39978174109978304
230,0.23283343528577835,0.3993795721469587
231,0.23205528448958923,0.3990292003935333
232,0.23126020034400444,0.39866685719034123
233,0.23032710341450605,0.39798936528346535
234,0.2296505151899985,0.397720676577773
235,0.22867464988108133,0.3970440227076801
236,0.22800888530117294,0.39670796931103536
237,0.2273916860460396,0.39647843371129765
238,0.22670755707103676,0.39644277174666015
239,0.22620835781324888,0.39670999339088586
240,0.22567995580195388,0.3962397877846702
241,0.22486979992527978,0.3962330742874286
242,0.22424877811707764,0.3958298134516471
243,0.22357725808650508,0.3958433807425076
244,0.22302627894892488,0.3957569169252902
245,0.22225378456291875,0.39532219097885063
246,0.22162927006512384,0.39526294007450824
247,0.2211090039837039,0.3948828103809837
248,0.22040571808074474,0.394715240431701
249,0.21958052051952048,0.39444649337976107
250,0.21891551692198302,0.3942229075203896
251,0.21834534178890472,0.3939675699577815
252,0.21784173091885836,0.39378687970169696
253,0.21718753113463313,0.3936150292592987
254,0.21660760769750032,0.39351624584866707
255,0.21591650875604818,0.3930226020942054
256,0.2152928636489845,0.39283957960822036
257,0.21460597350318975,0.39284900379803384
258,0.21395368792486907,0.3927025948896515
259,0.21342080484552814,0.39259378262667316
260,0.21288002013570295,0.3925239842779174
261,0.21230630238695322,0.3924278205439236
262,0.2116903401389344,0.392285962645558
263,0.21103073323567473,0.39243590176831394
264,0.21041166900450076,0.39221812911112197
265,0.20981136887592045,0.392347257013568
266,0.20914174538098834,0.3925385654566808
267,0.20838789898457072,0.3921606911041429
268,0.20771934840130982,0.39185484711389296
269,0.20718179166931466,0.3917079057008977
270,0.20649214817701927,0.39138660169248896
271,0.2056737451910374,0.39070059606950786
272,0.20506839010718753,0.39067333285643885
273,0.20460301965323432,0.39037015893776816
274,0.20403578381777646,0.3903539017136057
275,0.20345475413190792,0.3902539134070358
276,0.202760281849494,0.3901770437223438
277,0.2022892532935659,0.3898314886898147
278,0.201689641495333,0.38935873474864446
279,0.20119268361734094,0.38922058390048175
280,0.20054099206674078,0.3889717114332619
281,0.19994037586603802,0.38871414215787425
282,0.19930424757460352,0.38881646050361734
283,0.1987392429002427,0.38894165594319874
284,0.19821056848263383,0.3890932291845085
285,0.19755077774668697,0.3887564628378179
286,0.19711566685757764,0.3884361455983743
287,0.19665858535991676,0.3883470590571222
288,0.1961687192165234,0.38836445248337537
289,0.19567463707307833,0.3880441520221891
290,0.195143903966549,0.3879806924878384
291,0.1946836944648313,0.387696416036266
292,0.19414494338659793,0.3876608751126707
293,0.19361844626970504,0.3874227891511771
294,0.1931380795013576,0.3871330043660146
295,0.19261328243344486,0.38713616781877686
296,0.192113775237282,0.3871812733944322
297,0.1916963193413464,0.38711195998844977
298,0.1911981119521941,0.38719637529657497
299,0.19081163962506803,0.38693550877433314
300,0.1901542717406781,0.38660704126695516
301,0.18965467313334577,0.38671246392034386
302,0.1892146333378028,0.38663998375972475
303,0.18870822724202088,0.3870428112500323
304,0.18830516977034295,0.38691383402922275
305,0.18776544718381522,0.38679999232972867
306,0.18733804187551042,0.3867508096852953
307,0.18690294414456365,0.3868783089722694
308,0.18649663894919533,0.3870030466369276
309,0.18579693631119604,0.38654772105859353
310,0.18509916923625064,0.386365443245491
311,0.1847295028627994,0.38618141347853757
312,0.18434510586899983,0.38605172226491374
313,0.18384679857599115,0.3859154791689377
314,0.18343238325697497,0.38578680995504616
315,0.18294510865195535,0.3855472662678865
316,0.18254267883777792,0.3854799329644165
317,0.1821146094130203,0.385284157729894
318,0.1816233199120785,0.3851403624931212
319,0.1812251586094794,0.3850339645616428
320,0.18074693803104566,0.3849331466807008
321,0.180277712580369,0.3851535352478263
322,0.17984582191249965,0.3850643057888468
323,0.17942733379603298,0.3848554444001337
324,0.17893893935452007,0.38469042024474015
325,0.1784781261221433,0.3845565828030572
326,0.17805681924084302,0.38455931990881276
327,0.17767119840079953,0.3845856042219168
328,0.17729048756057825,0.384377802244634
329,0.17691407373907184,0.3842019164054766
330,0.17645219718914812,0.3843073856829792
331,0.17609832243107115,0.3840435700412498
332,0.17570528734973656,0.38408499014987013
333,0.17527421893531758,0.3841795857275195
334,0.1749098159979902,0.38429641853335217
335,0.17438696141761192,0.3841333594801218
336,0.17394251837324967,0.3841826520375832
337,0.1735159242929442,0.38450726543209873
338,0.173150727239285,0.3841823679600843
339,0.17273005319942905,0.3842526952001882
340,0.1723638169163163,0.38389030467669283
341,0.17193929627099516,0.3836026354424592
342,0.17156742508453002,0.3837175650069146
343,0.1710478334150718,0.3835283828807162
344,0.17055120516815594,0.3832177597533293
345,0.17015545911562094,0.38295494742272573
346,0.1697841655566871,0.38312221960659315
347,0.16940146852939525,0.383008451868855
348,0.16895943820799528,0.38295489145222944
349,0.16849165325164558,0.3828157708599427
350,0.16817946514735618,0.3826476859567004
351,0.1676027733458887,0.3823752697668781
352,0.16723248846174082,0.38229080517013425
353,0.16685275085114815,0.3819816203974751
354,0.16648606037681155,0.3820057530437984
355,0.16611827507481164,0.3817773384551712
356,0.1657326549624947,0.3820202282084571
357,0.16526816118416995,0.38231345739361894
358,0.16485839431916843,0.38246037872714006
359,0.16447229419979917,0.38214037413432306
360,0.16397092363297616,0.38193643832184937
361,0.16360520591411346,0.3819216187023571
362,0.16316225098708445,0.3816531880272314
363,0.16278873450321446,0.3817247293086418
364,0.16248204673662833,0.3820401076040017
365,0.16217531165378396,0.38222161179997505
366,0.1618516967269244,0.3820917546052667
367,0.16155211853974716,0.3820336564981927
368,0.16126310013745698,0.3821608704486554
369,0.16068802134705273,0.38176839523162054
370,0.16037355973172324,0.38166013835478485
371,0.1600633533550867,0.38142960682364724
372,0.15963966329268148,0.3813362286345856
373,0.15930459181158482,0.38111216489854466
374,0.1590267027820087,0.38094917192038485
375,0.15862710111014527,0.380564398302319
376,0.1582637213863789,0.3805049012429719
377,0.15791220408195925,0.38028493860577683
378,0.15763836503920065,0.3803615459997857
379,0.157236295675171,0.38038364391112106
380,0.15694481676959926,0.38033183167859724
381,0.1566579998683794,0.3803968304454235
382,0.15632510208580155,0.3801960737524979
383,0.15601197088114127,0.3798374479006653
384,0.155678147687413,0.37949252253692906
385,0.15534930045443443,0.3794486582308874
386,0.15498607064479877,0.3791794148678866
387,0.15466045178428683,0.37905545995287937
388,0.15432555172316673,0.3789494584678825
389,0.15401943840855545,0.3788737194826407
390,0.1536231002699709,0.3786705035676594
391,0.15326100592423914,0.3786984213490442
392,0.1528605009036982,0.37837483060865623
393,0.15249444900916118,0.3785459601308061
394,0.152156126650359,0.3783334197557867
395,0.15184692968891358,0.37811619129633406
396,0.15151244712052578,0.37837781828119876
397,0.15125393922453756,0.378092323723414
398,0.15107174746681348,0.3780444449224323
399,0.15068738012503957,0.37776128260789416
400,0.15033466631422046,0.37740781715543203
401,0.15005902498970342,0.37750691612468845
402,0.1496782343551032,0.3773288419552827
403,0.14937550936139452,0.37716950768683216
404,0.14907331685795336,0.3770885130366512
405,0.14869551823511148,0.376925691427438
406,0.14842964309170947,0.3768571585606441
407,0.14807250720657805,0.37681626177106126
408,0.14781758544546586,0.3768520331630103
409,0.14746259234253806,0.376633526129564
410,0.14723401996160596,0.37675564669381756
411,0.14688731273247246,0.37656792583343973
412,0.14663358483728914,0.3766133348246147
413,0.14622747643902198,0.3765030175734422
414,0.1458861710451506,0.3764720527087213
415,0.14547716670401517,0.376351871006514
416,0.14515678685659728,0.376376012918217
417,0.14492792142614203,0.37631336294046197
418,0.14467852323976063,0.37626093101612795
419,0.14429117598615934,0.37618022796873596
420,0.14398199357075148,0.3761998829944249
421,0.14355899958506704,0.3760579579916799
422,0.14321419003523223,0.3759339008848674
423,0.14290616841555456,0.3758822123029897
424,0.1424722547811278,0.3758638167206302
425,0.14209655424352993,0.37578756172082384
426,0.14179610130442352,0.37563145901370626
427,0.1414988992207428,0.3754724284063781
428,0.14107699521740702,0.3754559301425486
429,0.14065139136847551,0.37519960822285886
430,0.14050540250046323,0.3751696307234845
431,0.14011524083644758,0.3751475518401566
432,0.13983371341391757,0.3752832741411273
433,0.13943737765472305,0.37548830112783776
434,0.13915910151659824,0.37564736669403426
435,0.1388913712982741,0.37552767954016475
436,0.13852883299072638,0.3754873207375361
437,0.13823935002833998,0.3756928843774182
438,0.13783784986045503,0.3755517455988069
439,0.1375255120158424,0.3754515999408904
440,0.13722656686139617,0.3753761917544651
441,0.13695738494419352,0.37525494659423614
442,0.1365716308361486,0.3752533799925559
443,0.13622514948215875,0.3751174569609236
444,0.13603280330896123,0.37513155600360815
445,0.13575442142547273,0.3750777221456017
446,0.1354464810553809,0.3750680376370077
447,0.1352438831321763,0.3750835429021131
448,0.13497818916178836,0.37504602327607406
449,0.13469331641219892,0.37510788319886085
450,0.1343865587210867,0.37501954543859706
451,0.1340815021465413,0.3748726175875285
452,0.1337553453709248,0.37514307728322654
453,0.13352829455566662,0.37509612304637635
454,0.1332116246777615,0.3747691427423756
455,0.13295139113914772,0.3747080964493415
456,0.13261085586841956,0.3745191096486649
457,0.13231450356624305,0.3745296771817409
458,0.13202877321824363,0.37437788888326207
459,0.13175088645468885,0.3742439202385854
460,0.13143509178957355,0.37415521645172534
461,0.13115166746877072,0.3742051800167784
462,0.13082054132477983,0.37403249031383834
463,0.13059095214910071,0.3739042237773687
464,0.1303557861855334,0.3738472340996563
465,0.13004787884895846,0.3738232208011119
466,0.12978638206900817,0.37354136797876797
467,0.12954298845715595,0.3736287310532063
468,0.12931859039398957,0.3738315602920477
469,0.12904427228793364,0.37393944435322457
470,0.12874857338732285,0.3739442809057126
471,0.12841373046061472,0.37388098467517067
472,0.12821240242011303,0.37386540960271153
473,0.12795957289030516,0.374014279913756
474,0.12770609039529673,0.3737182675609896
475,0.12737672888872514,0.37385257275049766
476,0.12701758455623954,0.3739122494604954
477,0.12679724015569757,0.37386615162718023
478,0.12654051691477863,0.37393920315591195
479,0.1263388515289547,0.3737533441681422
480,0.1260874346759049,0.373825550834479
481,0.12579873509945344,0.37380930903362125
482,0.12564538231985103,0.3737411536116929
483,0.1254319965087533,0.3738384759845584
484,0.12515798472547512,0.37398582336006064
485,0.12487361731254866,0.3738674897765774
486,0.1245668929527156,0.37380772831320974
487,0.12435605168623735,0.37361927483438373
488,0.12415726826174917,0.373691717438825
489,0.12382453028321909,0.373757829406898
490,0.12362814169921653,0.37382887014504035
491,0.12335934808875104,0.37407970707688176
492,0.12307575627501159,0.3739399711495088
493,0.12288834651126598,0.3741692249235122
494,0.12265752598140098,0.3741447784549864
495,0.12246886218676184,0.37417059024591737
496,0.12220497499817075,0.3740547567048873
497,0.1220772257318438,0.37396891997612147
498,0.12185287889732753,0.37415202977028267
499,0.1216155315894351,0.37433856457272785
500,0.1214163904895643,0.3742360225817008
501,0.12124315659992423,0.37424371703179604
502,0.12092520229574051,0.3744403203036425
503,0.1206719626959619,0.37448232119549074
504,0.12045459155221756,0.37452725499258055
505,0.12031827815208893,0.37464709470227
506,0.12011885570848183,0.37496866785834343
507,0.11983935317251572,0.374571388909814
508,0.11959276661353628,0.37458485897798927
509,0.1193800252238685,0.3747035701627731
510,0.11920845790003248,0.37467210854929944
511,0.11902221748021909,0.3745492345685094
512,0.11880360070360958,0.3742783047109881
513,0.11854965983602697,0.37435825575549464
514,0.11837108039077812,0.3744347279428298
515,0.11828009941251547,0.37429188977080846
516,0.11804584052205429,0.37428070334915403
