0,0.6745687366078947,0.6754231456701486
1,0.659148080371337,0.6604099222920204
2,0.6441049067625549,0.6449752940724991
3,0.6315696011379878,0.633610393804219
4,0.6190995027838231,0.622487689959822
5,0.6066944052618142,0.6110271061256399
6,0.5966547411186274,0.6035115165451977
7,0.5813583200716197,0.591757342065606
8,0.5738027468225233,0.5861104135286435
9,0.5672545845002653,0.5805835657571
10,0.5592723132901144,0.572736682045415
11,0.5522737346093254,0.5670722207953585
12,0.5443528084310391,0.5595310847193086
13,0.53771750902018,0.5541801676733905
14,0.5329054283579364,0.5499495417397455
15,0.5274536620255362,0.5461816174851689
16,0.5214017286311767,0.5415593907127113
17,0.5144384522808353,0.5375709099531878
18,0.5092111123233892,0.533288031774439
19,0.5047235645027843,0.5306640099593248
20,0.4999891370884558,0.5281796120641133
21,0.4948074475980501,0.5243932337725942
22,0.49128838038594397,0.5217779299584959
23,0.48767104306515036,0.5189718332787553
24,0.48239386896953623,0.5149451049023659
25,0.47846572816604194,0.5118441026839197
26,0.4753583222657182,0.5093763052530147
27,0.4729950630566154,0.5071649422112093
28,0.4701176954125835,0.504729568694057
29,0.4674345387181328,0.5037925385656334
30,0.46494343578017816,0.5020548753533027
31,0.46193582731161975,0.5004892827315788
32,0.45882201726747046,0.49845123204968184
33,0.4563255175025437,0.49718395735309795
34,0.4533600942966581,0.4945838917359016
35,0.4506753446455989,0.49196609620546966
36,0.44817376446974455,0.4902471812764022
37,0.4462432980679218,0.488315589707363
38,0.44391226468737277,0.48638785496479664
39,0.44135903827048406,0.48406649177462446
40,0.4390606450287715,0.48246055940547544
41,0.4372495225853007,0.4811922065371849
42,0.4345374852674933,0.4796562707952596
43,0.43130517121135575,0.4773357921075756
44,0.42979944053620783,0.4762164173227257
45,0.42781039662590237,0.4743147643125313
46,0.42643392199274727,0.4734789484054686
47,0.4245278748205784,0.4725297101916512
48,0.42251762694785305,0.47084440633085406
49,0.4206841580053738,0.46998861755788335
50,0.4189400896745134,0.4689304319775917
51,0.41732644441875083,0.4677632126081951
52,0.4158840498205313,0.46644797731840854
53,0.41456491864100986,0.4655884261922063
54,0.4129407052526769,0.4644040800574929
55,0.4111379781846738,0.4632637799954023
56,0.4094757186773275,0.46236706086869295
57,0.40778524401427074,0.4613658787746891
58,0.40621741683653917,0.4603672822828192
59,0.4039711738677369,0.4586545608561476
60,0.4018362648932826,0.4577421687190836
61,0.4001827835879123,0.4570824718542814
62,0.39906906371799816,0.4565980284907519
63,0.39711953733464006,0.4550291249754288
64,0.395493965961301,0.45364067741892883
65,0.392780661933516,0.45241114140525335
66,0.39115600744639,0.4506678198760851
67,0.3901305380059461,0.4499893791982694
68,0.38868941339493557,0.4494327620370354
69,0.3876785128902986,0.44908189405245486
70,0.38630815158358583,0.44772502499723676
71,0.38534233130429935,0.44739347073471136
72,0.38379027123508586,0.4461522601176482
73,0.3819902895652142,0.44498579040103126
74,0.3804937562526864,0.4437020177206803
75,0.3795286631721244,0.4427277917337262
76,0.37821331218046517,0.4421807095761222
77,0.37709079614682645,0.44138385546962605
78,0.37555704687894603,0.4402474283671075
79,0.37422133960517157,0.44001061852358425
80,0.37267503002523084,0.4391772259374175
81,0.3712869524766678,0.4382008042347287
82,0.3695297517687941,0.4372753862961686
83,0.3681668397329675,0.436656342194161
84,0.366835389176973,0.43594483457847993
85,0.36542874720009616,0.4349592342398707
86,0.3644112647308454,0.43438995635301797
87,0.363040173198302,0.43314952314896266
88,0.36210280890986934,0.4325564173809637
89,0.3611379328966456,0.4321266936031298
90,0.3596183512790191,0.4319033425954408
91,0.3578171162907169,0.43108424130402767
92,0.3566348462186098,0.43123286172688563
93,0.35571578776839546,0.43069259904779406
94,0.35470502987846697,0.4300250099740402
95,0.35372181266089325,0.4293997367741834
96,0.35260490256974913,0.428714516145501
97,0.3516698468564176,0.4281457399937351
98,0.35061891832121334,0.4273235091955583
99,0.34950898532754937,0.42632068481229846
100,0.34743071650973456,0.42499247601926265
101,0.34668181437586404,0.4245606071189888
102,0.34585393511670753,0.4240503447679819
103,0.3446250014950477,0.4234828955456947
104,0.3433766595717936,0.4229014326971526
105,0.34260724816188715,0.42240372198536236
106,0.3416975504277309,0.421962856712469
107,0.3406185705609622,0.42134832876363154
108,0.33969359137679167,0.42120295248285805
109,0.33846243283214816,0.42052800794722045
110,0.3370974217020832,0.4196180132710662
111,0.33613271161445135,0.41930069476307863
112,0.3347628053131004,0.4186613495407251
113,0.33366720350629087,0.4182653911901235
114,0.3326675977942933,0.41753064727452815
115,0.33168844494819955,0.417017938557424
116,0.33095944652734155,0.4165780632615121
117,0.32998643060611915,0.4163683339303153
118,0.3290429926685892,0.4159997102474731
119,0.32825509184627283,0.41583222560878236
120,0.3272499625223703,0.4152992691826257
121,0.32625227038653287,0.4147258024383188
122,0.325258045130122,0.41433704108549657
123,0.3240827769907637,0.4141748939475008
124,0.32323125192657715,0.41381175429381295
125,0.32239483083969317,0.413082438309389
126,0.32121620097985637,0.4126965501994817
127,0.32017569200185253,0.41201177798679917
128,0.31907161171399123,0.4114725675506357
129,0.3177535535007944,0.4106838019610624
130,0.31650162423425904,0.41021643083051834
131,0.31576558675379657,0.4101140588396852
132,0.31494672424518144,0.41008616201982595
133,0.3142000990307996,0.40984293416815964
134,0.31321121687859793,0.409018994000206
135,0.31210004187925383,0.4077747114868142
136,0.31137998232939496,0.40749982185162953
137,0.3106574103917642,0.40720432575600063
138,0.31014834993530954,0.4069375988427727
139,0.3091924277395443,0.4068043001996649
140,0.3080312449415147,0.40603053526459987
141,0.3070942295245982,0.405567677183675
142,0.30600325348450963,0.40493761444627113
143,0.3046867290746589,0.40417334290647267
144,0.3036478118345185,0.4036922340740265
145,0.3025832817661535,0.40333581425793874
146,0.30152861091933364,0.4030554810723105
147,0.30079748130548956,0.4026009956658336
148,0.30018854280970664,0.4022965191761198
149,0.2992490558817829,0.402350938253117
150,0.2984007497756547,0.4019678044716738
151,0.2973824518627113,0.40141144343231405
152,0.29685328906722525,0.4011620530878077
153,0.295855623035008,0.4003346042827258
154,0.29511231850481145,0.4000396881351483
155,0.29404799053664565,0.399912202706097
156,0.2932892035276383,0.39959681412887754
157,0.2922239094685065,0.39916366452640994
158,0.2914293763266412,0.3987237050700046
159,0.29069838201380455,0.39830474777370994
160,0.29018871543203717,0.39811302180115676
161,0.28959888883059126,0.3973132017608713
162,0.28871643312222234,0.39684798163342233
163,0.2878160253492118,0.396212822679851
164,0.28648090483573985,0.395567101294513
165,0.2857088526430708,0.3951212726272542
166,0.2849929069520666,0.3949238425888059
167,0.2842191226766628,0.39451244020805554
168,0.28317264375502615,0.3938598318135722
169,0.2823485720675205,0.39364691439112026
170,0.2817577935721772,0.39350037307071944
171,0.280447955197745,0.393258882716583
172,0.27957507076065374,0.39277589793106116
173,0.27859733808424275,0.39266050649606077
174,0.27778516105860435,0.3927617212215194
175,0.2767669011036413,0.3924108741955891
176,0.2759183639664909,0.39190649287476687
177,0.275098579063984,0.3918649035697105
178,0.27409039240231,0.3913104622315315
179,0.27321291818501864,0.39122544465658443
180,0.27224198579217057,0.39093216320607593
181,0.2715355127827298,0.39099167418866076
182,0.2705417598080468,0.3907989242366336
183,0.2699015502358299,0.3905498449313862
184,0.26875244992007946,0.3904111016018709
185,0.2678355957004024,0.3902048969645009
186,0.26694810534343655,0.38993885493860325
187,0.2661728333684776,0.39000662361331806
188,0.2653198951322062,0.3896671581391131
189,0.26452774365616954,0.38931547936231226
190,0.2633056509929645,0.3888045304626482
191,0.2623473738957548,0.3886290007310435
192,0.2615960722101324,0.3884823967274377
193,0.26068397651458747,0.3877201026367482
194,0.25985460075717925,0.3869575859032691
195,0.25907474704443256,0.38632691544297193
196,0.25805650427228494,0.3864323255174018
197,0.25732485685392154,0.3861373238630415
198,0.25645123961983046,0.385896477553531
199,0.255394816412407,0.38544166663573703
200,0.2546396716560616,0.385441826677869
201,0.25366219100445125,0.38523658044287507
202,0.2530184722885375,0.3847852832727965
203,0.2521000132782022,0.3844273903671527
204,0.251233231815914,0.38412053692044545
205,0.2504808874754026,0.3841484105235444
206,0.24948217117326335,0.3843599817063036
207,0.24844942392573102,0.3840652224828011
208,0.2478195878000304,0.38367856691539604
209,0.24691073259990146,0.3832162256315939
210,0.24618730667467442,0.38290598937317544
211,0.24537997950925072,0.38316736717036837
212,0.24424275942196016,0.3829258923660857
213,0.2434563538630252,0.38314787658498883
214,0.2426031759270215,0.3829299304486356
215,0.24189995257801836,0.38253457098104793
216,0.24103187879844376,0.38215997131150087
217,0.24038258728162812,0.38190423127960693
218,0.23947356455274244,0.38149665522556125
219,0.23873244034347477,0.381023629952546
220,0.2381035213132455,0.3806919810246089
221,0.2373468267770512,0.38049806951769927
222,0.23641022488656038,0.380060813850731
223,0.23536266999709646,0.37951182170588094
224,0.23455512328277717,0.3789165411841757
225,0.23388737640504859,0.3787213986582518
226,0.23322292281688442,0.3783100349082698
227,0.23256341994060842,0.37810590139973127
228,0.2318236914222325,0.37809738439038937
229,0.23097245053969423,0.37819025848532456
230,0.23027841540601499,0.3778683846334759
231,0.22944432918938526,0.3776792770878759
232,0.22853621226734674,0.37734060910992023
233,0.22781893010899926,0.37708606189758065
234,0.22723631439974248,0.37730463110956697
235,0.22648464717087122,0.37690133854687385
236,0.2256426837634046,0.37678574803056164
237,0.2249005172616341,0.37698792040016915
238,0.22425079641225096,0.3765296867112652
239,0.22363233212957678,0.37640700292317025
240,0.22288809143382973,0.375927592211821
241,0.22237776137027765,0.3760416223356653
242,0.22160197094776093,0.37581002703769134
243,0.22100350117158737,0.37583119107764257
244,0.22046237199525653,0.3755918916552391
245,0.21976563874548416,0.37526217933686284
246,0.21910898960110547,0.37506641560672455
247,0.218454301860474,0.37504066642677497
248,0.21773593504835603,0.37499140545890747
249,0.21722917036482528,0.374781990007725
250,0.21636627914697648,0.3748797202535423
251,0.21571555547465449,0.3747610922678248
252,0.2150713654199062,0.37465456701427435
253,0.21448900615400088,0.37461167271996404
254,0.21397410190713223,0.3742602026422458
255,0.2133118255010223,0.3737996339932455
256,0.21265953379414115,0.3734762950087724
257,0.21205789903378222,0.373434144429306
258,0.2111839637354296,0.3731645172877961
259,0.21044411889011272,0.37308973387291494
260,0.20957664962283856,0.3727033850740652
261,0.20879735348009099,0.37260085020016065
262,0.2082957174617156,0.3724468064770961
263,0.2076019608498628,0.3727615806843551
264,0.2069920732445489,0.37293151707632255
265,0.20631035812053372,0.37272529083987394
266,0.20569746940983388,0.3722316882496388
267,0.20506342331662936,0.3721174451282631
268,0.2044337091013738,0.3718983425779633
269,0.20383705617182948,0.3718480325658609
270,0.20318210156038186,0.37190980281994757
271,0.20270879547319226,0.3717803464207887
272,0.20218580846110729,0.3716023126521794
273,0.2013191132629726,0.3708642664411597
274,0.20086901942615137,0.37057459285791244
275,0.20024806047323723,0.3704493462176636
276,0.19975672736261735,0.37016456683071697
277,0.1990539458071448,0.3698766002346421
278,0.1985360876448549,0.3696011659477646
279,0.19805360763099122,0.36985618710644186
280,0.19753044655193516,0.36956494411239676
281,0.19679022586096728,0.3694604202421044
282,0.19620852394877855,0.3691375944313826
283,0.1955960473710902,0.3686999908029419
284,0.1949184016506019,0.36849722176978594
285,0.19454007216207556,0.3683548214061316
286,0.1940216842773901,0.36849475097137324
287,0.19347286511812298,0.3683924467532954
288,0.1930401484852993,0.3684241869652417
289,0.19258790696987613,0.3683169772845563
290,0.19219081208824781,0.36806236877375437
291,0.1916940521814191,0.36776658006272844
292,0.19117364778567206,0.3677448533583248
293,0.190695840836816,0.36755653649793457
294,0.19016479110449136,0.36737505041560825
295,0.1896078784157604,0.3672734772011318
296,0.18888399690663393,0.3671441271945212
297,0.18839398854833855,0.3670189093171758
298,0.18787141763631027,0.3669597761028069
299,0.1873662831611831,0.36679649109070894
300,0.18695911243922286,0.36675669369941205
301,0.18661286838366467,0.36660316938219
302,0.18627543750920925,0.3666346511642459
303,0.18583483579084809,0.36654824665419666
304,0.18537116876872026,0.3662317027118377
305,0.18493780763753342,0.36639006977886535
306,0.1843635308724404,0.3661051951928677
307,0.18386215115167415,0.36567928694428087
308,0.1832179846894464,0.36565449736920574
309,0.18271618588238428,0.3654383664795157
310,0.18226630493905963,0.36537917920215285
311,0.18171537301433943,0.3652215388294461
312,0.18117636075662363,0.36492822785475243
313,0.18063263209084182,0.3647809825522922
314,0.1801130209372192,0.36479792031196856
315,0.1794134772483859,0.36446560918295745
316,0.17892942577452767,0.36423020125140915
317,0.17848302431782734,0.3642558738883082
318,0.1780515849642493,0.36401033793783777
319,0.17764605780432707,0.36382597568542097
320,0.17713235392713558,0.36361257161298416
321,0.17662107604209895,0.363411882692958
322,0.17610784310245842,0.3632044006664668
323,0.17565186492047027,0.36285825604823835
324,0.17515404820501285,0.36311045196494596
325,0.17463150457091317,0.3629032432630965
326,0.17426329350456923,0.3629696212030739
327,0.1739674602314424,0.3629843679696465
328,0.17342893523244104,0.3626924200990019
329,0.1729806384922035,0.3624318880880187
330,0.1723538067697998,0.36230142106878976
331,0.17197581975490148,0.36219513922887914
332,0.17160515328699355,0.3623611895189714
333,0.17114570219697,0.36241527337419555
334,0.17069387463904462,0.362268769404268
335,0.17025405369569016,0.36245682038539745
336,0.16988656000228525,0.36239975688234777
337,0.16946952035830326,0.3624262147229293
338,0.1690561663915292,0.3624681796229726
339,0.1686603476190233,0.3623688605599446
340,0.1682213474010412,0.36219278655930753
341,0.16784870646354338,0.36201839444210965
342,0.16734016166117113,0.3620031952720553
343,0.16690681064208443,0.3619120795885562
344,0.16642970355173922,0.3619643813139847
345,0.16607062768106412,0.36201001053885223
346,0.16569950487321877,0.36182573973421495
347,0.16533165607387715,0.3616588227685759
348,0.16494054613921014,0.3615740628520283
349,0.16453627536889187,0.36126527075086406
350,0.16427653716390148,0.3613473950480483
351,0.16386801455127573,0.3612321964702847
352,0.16341105129613098,0.3610722182592964
353,0.1628375049484015,0.3608838773734441
354,0.16245936212862788,0.3607757067762284
355,0.16201458881335137,0.36089072680135337
356,0.16169963272629656,0.3608981527610742
357,0.1612978918879669,0.36082242082475524
358,0.16083671801317087,0.3606800510097387
359,0.16039260103658506,0.36055763470406604
360,0.16005426545992016,0.36109215811305495
361,0.15948853876314686,0.36131032382436823
362,0.1591511074024736,0.36140073090891317
363,0.15879087847887194,0.36147984773767017
364,0.15847467273959218,0.3614352038534049
365,0.15809129668508506,0.36160642396719916
366,0.15769368862945457,0.36145543636279387
367,0.15733546989411312,0.36130179427795384
368,0.15700720813265207,0.36145013580230806
369,0.15659147770196483,0.36162553336846565
370,0.15622337550164145,0.3613988439898025
371,0.15585231170316255,0.36140611866765254
372,0.15550813495501298,0.3613202125897843
373,0.15524140289242885,0.3612188138254255
374,0.15483998933975898,0.361181940954227
375,0.1545876494652887,0.361281481765952
376,0.15434062933392217,0.3610895258198186
377,0.15401781094660566,0.36097964060187476
378,0.1537861108652875,0.3610596350797349
379,0.15350643653760362,0.36082573284839314
380,0.153161133189486,0.36054688376296934
381,0.15277329585095215,0.36057400065846146
382,0.15239836495372627,0.3604298722260545
383,0.15212374843387197,0.3602872531447217
384,0.1516576961826158,0.3602810789766751
385,0.15132216926360811,0.360289067303893
386,0.1509751137122,0.3601520775846283
387,0.1506039022364386,0.3601174923669341
388,0.15031347683222954,0.3600207068955509
389,0.15000393356834452,0.3601097966110245
390,0.1494379179784105,0.360146177805619
391,0.14901902368836284,0.3601062755123406
392,0.14862367381153915,0.3598648392567895
393,0.14829772302229474,0.36003032678559943
394,0.14796612028105413,0.36002941431156255
395,0.14750232662884466,0.3600851153518076
396,0.14723722150186414,0.36008326026856063
397,0.14691506572951055,0.35996659666055525
398,0.14657788913935313,0.36007470291134236
399,0.1462415268139024,0.359917721888121
400,0.1459087270759824,0.359742483334126
401,0.14561686440544047,0.3595938337446814
402,0.14527319399617808,0.35971981447513335
403,0.14500006633763185,0.35961487366218586
404,0.1447171749667263,0.35948224003502816
405,0.14440144037228633,0.3596557325917934
406,0.14408578218273305,0.3595963567038499
407,0.1437576822109349,0.3594962709118069
408,0.14338153918322247,0.35933383376322364
409,0.1430947753055966,0.35944401798648845
410,0.14278020583434872,0.3594985624179379
411,0.14233983370558928,0.3596067368751937
412,0.14194475273775764,0.3594908260479619
413,0.14150702351290154,0.35943452152975164
414,0.1410836212806248,0.35962504032574455
415,0.140801229313786,0.35969340277462303
416,0.14054284690077457,0.3595140738378457
417,0.14027832332651885,0.3595116991293253
418,0.1400694678161621,0.3594769206685534
419,0.13973710908496148,0.35958855866262646
420,0.1395583538025393,0.3595830032453429
421,0.13935237077165502,0.3595647781907336
422,0.1389375218155048,0.3596628985956929
423,0.138633133835417,0.35954083511069085
424,0.13839132544721697,0.35944734935654904
425,0.13808187837469973,0.35933340518087886
426,0.1377467063449849,0.35941968343597097
427,0.13737290666322685,0.3592382523672612
428,0.13705279534628964,0.3595120304665826
429,0.13675757695827462,0.35941627585828306
430,0.13648099505753428,0.35937261011454835
431,0.13613114579148175,0.3591698134017985
432,0.13582392263012275,0.35915885919543716
433,0.13553361116140145,0.35923371544651495
434,0.13521499571174053,0.35934358782250264
435,0.13487714794130826,0.35943850651962955
436,0.13449257653710775,0.35959710760168023
437,0.13427016311951676,0.3596541501405605
438,0.1340668553583956,0.3597290677428311
439,0.13385532992076352,0.35963849776613394
440,0.13341380097759784,0.3595720461460518
441,0.1332286007056358,0.35953343931305515
442,0.132983543633619,0.35960299570841175
443,0.1327117696040594,0.3595432002841303
444,0.13249920258269465,0.3595928269476523
445,0.13216790815181645,0.35933454779627616
446,0.1318892333915045,0.3594263584995903
447,0.13158755171271014,0.3598794421346889
448,0.13138823483105797,0.36002273076602187
449,0.13111328086223697,0.36029041151235974
450,0.13080186068547872,0.3601007174751049
451,0.13051384939961558,0.35992509892387864
452,0.1302591810350538,0.3600386275360401
453,0.13006792664813469,0.3600741240374875
454,0.12981379147670216,0.3599521216400689
455,0.12951679728795243,0.3598222327955269
456,0.12916131994184554,0.3598140322671432
457,0.1288407644866999,0.3596524537650525
458,0.1286089751320937,0.35955452009724137
459,0.12835668300446137,0.3595095108456896
460,0.1280950189937628,0.35950123686760665
461,0.12779176701574202,0.3596028484601455
462,0.12751302035624407,0.359576775769652
463,0.12722320950701105,0.3596132152464284
464,0.12702142324903254,0.359563275681343
465,0.1268097949958993,0.3595725815644555
466,0.12654758007552436,0.3595892833892279
467,0.126280715579264,0.3594686700396877
468,0.12606974362296983,0.3592954276927119
469,0.12579631276759573,0.35922075401417836
470,0.1255800456777136,0.3591640816334029
471,0.12533350238867524,0.35922757447908865
472,0.12507475320788453,0.35931188045991597
473,0.12477582751692302,0.3591950636486987
474,0.12458524218150628,0.3592109916056439
475,0.12437761525844822,0.3591170023374323
476,0.12398892566005318,0.35920432298050825
477,0.12373706406982383,0.35905431114694364
478,0.1235780433150702,0.3589362209452249
479,0.1234023044508186,0.35896152100699397
480,0.12324348571551498,0.3589178158362675
481,0.12302107412807256,0.3588595054780221
482,0.12275517301940703,0.3587341582001857
483,0.1224193568842423,0.35872580742452786
484,0.1221963920385067,0.35861209128887406
485,0.12196188059837579,0.3585275483850091
486,0.12167871168841926,0.35853393298052033
487,0.12146529143869664,0.35838669340164575
488,0.12115896982910171,0.3586282247747759
489,0.12077734850424837,0.35870892942481236
490,0.12053681601221966,0.3587583437003129
491,0.1203008464200532,0.3588584325306094
492,0.12009917897598912,0.3588105868675538
493,0.1199045424464575,0.3588775282163842
494,0.11968371312363167,0.3589199312653428
495,0.11942977510627036,0.3589646462904874
496,0.11914972088427955,0.35909087651315064
497,0.11884072019051177,0.35911274031408424
498,0.11852915249193767,0.3591960493760294
499,0.11832907848639161,0.3592637702849691
500,0.11807308962963524,0.3592824885094909
501,0.11781649000892486,0.3595050306882048
502,0.1175406762270024,0.35957349439301184
503,0.11724601065734573,0.3594256568957781
504,0.1170201172525107,0.3594288081887283
505,0.1167259514485684,0.35919271361645283
506,0.11650786903816561,0.35925874081231424
507,0.1163719120831038,0.35934295680829237
508,0.11615473776944957,0.35960178251794406
509,0.11593490837588946,0.3594152132640072
510,0.11573420155314842,0.3593864049765069
511,0.11559978706128018,0.3593395614448293
512,0.11546124471523835,0.35929361892918227
513,0.11521347223808376,0.3591799111642045
514,0.11489358817124033,0.35933083926799997
515,0.11467678210605256,0.35930338399721645
516,0.11447694552301604,0.3592650549169575
517,0.11438324503741416,0.3591966065028404
518,0.11418266050621449,0.35918552112858027
519,0.11401055767620635,0.3593877735542271
520,0.11383001646654745,0.35945269641297367
521,0.11362374879586226,0.35936749247396277
522,0.11335802422132331,0.3593051846051555
523,0.11309122256188699,0.35928262967696495
524,0.1129025713724761,0.3592190013667723
525,0.1126619706043844,0.3593277387282885
526,0.11243026825729112,0.35955649967612435
527,0.11223073187364183,0.35960008608618227
528,0.11206069079104898,0.3594488370267455
529,0.11189305624426565,0.3597315290381179
530,0.11173671459202575,0.3598424754744418
531,0.11160112644094967,0.35990133341016345
532,0.1113900072625714,0.3599957531416939
533,0.11118768970697464,0.3599130781521912
534,0.11104396066697082,0.3600245983061009
535,0.11086703984875812,0.3602445605217445
536,0.11064332251838538,0.36023442089975544
537,0.11043822588711709,0.36020211289379467
